
> audit-management-system-mvp@0.1.0 build
> vite build

plugin-legacy overrode 'build.target'. You should pass 'targets' as an option to this plugin with the list of legacy browsers to support instead.
[36mvite v7.3.1 [32mbuilding client environment for production...[36m[39m
transforming...
[32m笨・[39m 15492 modules transformed.
Circular chunk: vendor-pdfkit -> vendor-pdf -> vendor-pdfkit. Please adjust the manual chunk logic for these chunks.
rendering chunks...
[plugin vite:reporter] 
(!) C:/Users/螳画ｭｦ/.vscode/workspace/audit-management-system/src/features/audit/useAuditSyncBatch.core.ts is dynamically imported by C:/Users/螳画ｭｦ/.vscode/workspace/audit-management-system/src/features/audit/useAuditSyncBatch.ts but also statically imported by C:/Users/螳画ｭｦ/.vscode/workspace/audit-management-system/src/features/audit/useAuditSyncBatch.ts, dynamic import will not move module into another chunk.

[plugin vite:reporter] 
(!) C:/Users/螳画ｭｦ/.vscode/workspace/audit-management-system/src/sharepoint/fields.ts is dynamically imported by C:/Users/螳画ｭｦ/.vscode/workspace/audit-management-system/src/features/assessment/hooks/useTokuseiSurveyResponses.ts but also statically imported by C:/Users/螳画ｭｦ/.vscode/workspace/audit-management-system/src/features/assessment/hooks/useTokuseiSurveyResponses.ts, C:/Users/螳画ｭｦ/.vscode/workspace/audit-management-system/src/features/attendance/infra/Legacy/attendanceUsersRepository.ts, C:/Users/螳画ｭｦ/.vscode/workspace/audit-management-system/src/features/compliance-checklist/api.ts, C:/Users/螳画ｭｦ/.vscode/workspace/audit-management-system/src/features/daily/infra/Legacy/SharePointBehaviorRepository.ts, C:/Users/螳画ｭｦ/.vscode/workspace/audit-management-system/src/features/daily/repositories/sharepoint/SharePointBehaviorRepository.ts, C:/Users/螳画ｭｦ/.vscode/workspace/audit-management-system/src/features/handoff/handoffApi.ts, C:/Users/螳画ｭｦ/.vscode/workspace/audit-management-system/src/features/handoff/useCreateHandoffFromExternalSource.ts, C:/Users/螳画ｭｦ/.vscode/workspace/audit-management-system/src/features/ibd/analysis/iceberg/SharePointIcebergRepository.ts, C:/Users/螳画ｭｦ/.vscode/workspace/audit-management-system/src/features/ibd/analysis/pdca/infra/Legacy/SharePointPdcaRepository.ts, C:/Users/螳画ｭｦ/.vscode/workspace/audit-management-system/src/features/ibd/plans/isp-editor/data/ispRepo.ts, C:/Users/螳画ｭｦ/.vscode/workspace/audit-management-system/src/features/ibd/procedures/templates/infra/Legacy/SharePointProcedureTemplateRepository.ts, C:/Users/螳画ｭｦ/.vscode/workspace/audit-management-system/src/features/meeting-minutes/sp/sharepoint.ts, C:/Users/螳画ｭｦ/.vscode/workspace/audit-management-system/src/features/org/data/orgRowSchema.ts, C:/Users/螳画ｭｦ/.vscode/workspace/audit-management-system/src/features/schedules/data/spSchema.ts, C:/Users/螳画ｭｦ/.vscode/workspace/audit-management-system/src/features/staff/attendance/adapters/sharepoint.ts, C:/Users/螳画ｭｦ/.vscode/workspace/audit-management-system/src/features/staff/attendance/preflight.ts, C:/Users/螳画ｭｦ/.vscode/workspace/audit-management-system/src/features/users/infra/DataProviderUserRepository.ts, C:/Users/螳画ｭｦ/.vscode/workspace/audit-management-system/src/features/users/utils/migrateUserSplitData.ts, C:/Users/螳画ｭｦ/.vscode/workspace/audit-management-system/src/sharepoint/diagnosticsReports.ts, C:/Users/螳画ｭｦ/.vscode/workspace/audit-management-system/src/sharepoint/spListRegistry.ts, dynamic import will not move module into another chunk.

[plugin vite:reporter] 
(!) C:/Users/螳画ｭｦ/.vscode/workspace/audit-management-system/src/features/staff/index.ts is dynamically imported by C:/Users/螳画ｭｦ/.vscode/workspace/audit-management-system/src/app/routes/lazyPages.tsx but also statically imported by C:/Users/螳画ｭｦ/.vscode/workspace/audit-management-system/src/features/today/domain/useTodaySummary.ts, C:/Users/螳画ｭｦ/.vscode/workspace/audit-management-system/src/features/today/hooks/useApprovalFlow.ts, C:/Users/螳画ｭｦ/.vscode/workspace/audit-management-system/src/prefetch/routes.ts, dynamic import will not move module into another chunk.

[plugin vite:reporter] 
(!) C:/Users/螳画ｭｦ/.vscode/workspace/audit-management-system/src/features/users/index.ts is dynamically imported by C:/Users/螳画ｭｦ/.vscode/workspace/audit-management-system/src/app/routes/lazyPages.tsx but also statically imported by C:/Users/螳画ｭｦ/.vscode/workspace/audit-management-system/src/features/attendance/store.ts, C:/Users/螳画ｭｦ/.vscode/workspace/audit-management-system/src/prefetch/routes.ts, dynamic import will not move module into another chunk.

computing gzip size...
[2mdist/[22m[36massets/abcRecord-legacy-CTTN5bHr.js                                 [39m[1m[2m  0.16 kB[22m[1m[22m[2m 笏・gzip:   0.16 kB[22m
[2mdist/[22m[36massets/fontRegistry-legacy-DQpm9j-9.js                              [39m[1m[2m  0.17 kB[22m[1m[22m[2m 笏・gzip:   0.17 kB[22m
[2mdist/[22m[36massets/IBDPageHeader-legacy-B8sEqxsj.js                             [39m[1m[2m  0.21 kB[22m[1m[22m[2m 笏・gzip:   0.18 kB[22m
[2mdist/[22m[36massets/buildDailySupportUrl-legacy-C-f9Sfhr.js                      [39m[1m[2m  0.21 kB[22m[1m[22m[2m 笏・gzip:   0.18 kB[22m
[2mdist/[22m[36massets/runOnIdle-legacy-DYWCXoV7.js                                 [39m[1m[2m  0.21 kB[22m[1m[22m[2m 笏・gzip:   0.19 kB[22m
[2mdist/[22m[36massets/getNow-legacy-DpdYgFxQ.js                                    [39m[1m[2m  0.23 kB[22m[1m[22m[2m 笏・gzip:   0.18 kB[22m
[2mdist/[22m[36massets/categoryLabels-legacy-BI8053RV.js                            [39m[1m[2m  0.29 kB[22m[1m[22m[2m 笏・gzip:   0.27 kB[22m
[2mdist/[22m[36massets/dateKey-legacy-D5AFOF2t.js                                   [39m[1m[2m  0.30 kB[22m[1m[22m[2m 笏・gzip:   0.25 kB[22m
[2mdist/[22m[36massets/usePlanningSheetRepositories-legacy-BE0gEHA0.js              [39m[1m[2m  0.32 kB[22m[1m[22m[2m 笏・gzip:   0.25 kB[22m
[2mdist/[22m[36massets/useProcedureRecordRepository-legacy-BjXwkaJc.js              [39m[1m[2m  0.32 kB[22m[1m[22m[2m 笏・gzip:   0.25 kB[22m
[2mdist/[22m[36massets/BillingPage-legacy-DouJ5VXx.js                               [39m[1m[2m  0.41 kB[22m[1m[22m[2m 笏・gzip:   0.32 kB[22m
[2mdist/[22m[36massets/forms.entry-legacy-DdhL669J.js                               [39m[1m[2m  0.41 kB[22m[1m[22m[2m 笏・gzip:   0.25 kB[22m
[2mdist/[22m[36massets/overlay.entry-legacy-BZ5dF5zI.js                             [39m[1m[2m  0.41 kB[22m[1m[22m[2m 笏・gzip:   0.25 kB[22m
[2mdist/[22m[36massets/feedback.entry-legacy-BfS8ese3.js                            [39m[1m[2m  0.41 kB[22m[1m[22m[2m 笏・gzip:   0.25 kB[22m
[2mdist/[22m[36massets/WeeklySummaryChart-legacy-B5cUcM3Y.js                        [39m[1m[2m  0.43 kB[22m[1m[22m[2m 笏・gzip:   0.31 kB[22m
[2mdist/[22m[36massets/useUsers-legacy-L7rznXjZ.js                                  [39m[1m[2m  0.46 kB[22m[1m[22m[2m 笏・gzip:   0.33 kB[22m
[2mdist/[22m[36massets/assessmentSchema-legacy-DjdJJML3.js                          [39m[1m[2m  0.56 kB[22m[1m[22m[2m 笏・gzip:   0.38 kB[22m
[2mdist/[22m[36massets/useIcebergEvidence-legacy-BzJrxuYA.js                        [39m[1m[2m  0.59 kB[22m[1m[22m[2m 笏・gzip:   0.40 kB[22m
[2mdist/[22m[36massets/debugLogger-legacy-YCks34zk.js                               [39m[1m[2m  0.61 kB[22m[1m[22m[2m 笏・gzip:   0.39 kB[22m
[2mdist/[22m[36massets/callLogFilterPresets-legacy-CA5bs47X.js                      [39m[1m[2m  0.64 kB[22m[1m[22m[2m 笏・gzip:   0.35 kB[22m
[2mdist/[22m[36massets/serviceTypes-legacy-CEjElMUF.js                              [39m[1m[2m  0.65 kB[22m[1m[22m[2m 笏・gzip:   0.45 kB[22m
[2mdist/[22m[36massets/notificationAuditRepository-legacy-B8rMUKFc.js               [39m[1m[2m  0.65 kB[22m[1m[22m[2m 笏・gzip:   0.37 kB[22m
[2mdist/[22m[36massets/localIncidentRepository-legacy-jSa8Y78z.js                   [39m[1m[2m  0.67 kB[22m[1m[22m[2m 笏・gzip:   0.43 kB[22m
[2mdist/[22m[36massets/data.entry-legacy-BPx95_Ks.js                                [39m[1m[2m  0.67 kB[22m[1m[22m[2m 笏・gzip:   0.26 kB[22m
[2mdist/[22m[36massets/DebugZodErrorPage-legacy-BHZF2N60.js                         [39m[1m[2m  0.68 kB[22m[1m[22m[2m 笏・gzip:   0.51 kB[22m
[2mdist/[22m[36massets/useCurrentPlanningSheet-legacy-DVkeVLMa.js                   [39m[1m[2m  0.69 kB[22m[1m[22m[2m 笏・gzip:   0.44 kB[22m
[2mdist/[22m[36massets/dailyTableRepository-legacy-BsRpW7Jy.js                      [39m[1m[2m  0.71 kB[22m[1m[22m[2m 笏・gzip:   0.45 kB[22m
[2mdist/[22m[36massets/localAbcRecordRepository-legacy-BsxHR07y.js                  [39m[1m[2m  0.77 kB[22m[1m[22m[2m 笏・gzip:   0.47 kB[22m
[2mdist/[22m[36massets/absentSupportLog-legacy-DLyFBcRS.js                          [39m[1m[2m  0.77 kB[22m[1m[22m[2m 笏・gzip:   0.48 kB[22m
[2mdist/[22m[36massets/babel-helpers-legacy-DxOcPvy8.js                             [39m[1m[2m  0.79 kB[22m[1m[22m[2m 笏・gzip:   0.42 kB[22m
[2mdist/[22m[36massets/reverseTrace-legacy-C_V6BDlJ.js                              [39m[1m[2m  0.81 kB[22m[1m[22m[2m 笏・gzip:   0.46 kB[22m
[2mdist/[22m[36massets/localEvidenceLinkRepository-legacy-4WKO1fWE.js               [39m[1m[2m  0.84 kB[22m[1m[22m[2m 笏・gzip:   0.43 kB[22m
[2mdist/[22m[36massets/goalTypes-legacy-D0wkr0jV.js                                 [39m[1m[2m  0.91 kB[22m[1m[22m[2m 笏・gzip:   0.61 kB[22m
[2mdist/[22m[36massets/hashUtil-legacy-BKvXp0pC.js                                  [39m[1m[2m  0.93 kB[22m[1m[22m[2m 笏・gzip:   0.56 kB[22m
[2mdist/[22m[36massets/useDailyUserOptions-legacy-BxPNfWtN.js                       [39m[1m[2m  0.93 kB[22m[1m[22m[2m 笏・gzip:   0.56 kB[22m
[2mdist/[22m[36massets/store-legacy-smgwmPxI.js                                     [39m[1m[2m  0.94 kB[22m[1m[22m[2m 笏・gzip:   0.64 kB[22m
[2mdist/[22m[36massets/PageHeader-legacy-eM_k5Fk_.js                                [39m[1m[2m  0.96 kB[22m[1m[22m[2m 笏・gzip:   0.53 kB[22m
[2mdist/[22m[36massets/azureMsal-legacy-BhuDyLT_.js                                 [39m[1m[2m  1.07 kB[22m[1m[22m[2m 笏・gzip:   0.57 kB[22m
[2mdist/[22m[36massets/abc.schema-legacy-Gr_eTQ5R.js                                [39m[1m[2m  1.10 kB[22m[1m[22m[2m 笏・gzip:   0.66 kB[22m
[2mdist/[22m[36massets/MonthlySummaryExcel-legacy-DjcBdRlB.js                       [39m[1m[2m  1.18 kB[22m[1m[22m[2m 笏・gzip:   0.83 kB[22m
[2mdist/[22m[36massets/SupportPlanGuidePage.Markdown-legacy-Br3gD6eL.js             [39m[1m[2m  1.21 kB[22m[1m[22m[2m 笏・gzip:   0.68 kB[22m
[2mdist/[22m[36massets/orgRowSchema-legacy-DFqJG48f.js                              [39m[1m[2m  1.33 kB[22m[1m[22m[2m 笏・gzip:   0.70 kB[22m
[2mdist/[22m[36massets/spListHealthCheck-legacy-BG7XNMPf.js                         [39m[1m[2m  1.40 kB[22m[1m[22m[2m 笏・gzip:   0.68 kB[22m
[2mdist/[22m[36massets/StructuredGoalEditor-legacy-BlTXJJtJ.js                      [39m[1m[2m  1.48 kB[22m[1m[22m[2m 笏・gzip:   0.94 kB[22m
[2mdist/[22m[36massets/EmptyStateAction-legacy-C0eRIwaY.js                          [39m[1m[2m  1.49 kB[22m[1m[22m[2m 笏・gzip:   0.84 kB[22m
[2mdist/[22m[36massets/userRelation-legacy-CYvPkwNG.js                              [39m[1m[2m  1.49 kB[22m[1m[22m[2m 笏・gzip:   0.59 kB[22m
[2mdist/[22m[36massets/msalEvents-legacy-BFQw5bCv.js                                [39m[1m[2m  1.50 kB[22m[1m[22m[2m 笏・gzip:   0.78 kB[22m
[2mdist/[22m[36massets/assessmentStore-legacy-CwfIrzgo.js                           [39m[1m[2m  1.57 kB[22m[1m[22m[2m 笏・gzip:   0.91 kB[22m
[2mdist/[22m[36massets/buildUserAlerts-legacy-CnW8Q94O.js                           [39m[1m[2m  1.61 kB[22m[1m[22m[2m 笏・gzip:   0.80 kB[22m
[2mdist/[22m[36massets/interventionStore-legacy-CDEVmomw.js                         [39m[1m[2m  1.66 kB[22m[1m[22m[2m 笏・gzip:   0.82 kB[22m
[2mdist/[22m[36massets/UserSelectionGrid-legacy-fXzPYTgL.js                         [39m[1m[2m  1.67 kB[22m[1m[22m[2m 笏・gzip:   0.92 kB[22m
[2mdist/[22m[36massets/BentoGrid-legacy-CdICxl_Z.js                                 [39m[1m[2m  1.70 kB[22m[1m[22m[2m 笏・gzip:   0.91 kB[22m
[2mdist/[22m[36massets/icebergToIntervention-legacy-BnhWQUJT.js                     [39m[1m[2m  1.72 kB[22m[1m[22m[2m 笏・gzip:   0.80 kB[22m
[2mdist/[22m[36massets/useSuggestionStateStore-legacy-Bsz_KQ5f.js                   [39m[1m[2m  1.72 kB[22m[1m[22m[2m 笏・gzip:   0.75 kB[22m
[2mdist/[22m[36massets/userStatus-legacy-B7JLCjaX.js                                [39m[1m[2m  1.74 kB[22m[1m[22m[2m 笏・gzip:   0.92 kB[22m
[2mdist/[22m[36massets/featureFlags-legacy-D1Txkiv_.js                              [39m[1m[2m  1.75 kB[22m[1m[22m[2m 笏・gzip:   0.87 kB[22m
[2mdist/[22m[36massets/FullScreenDailyDialogPage-legacy-6rWqsEox.js                 [39m[1m[2m  1.75 kB[22m[1m[22m[2m 笏・gzip:   0.93 kB[22m
[2mdist/[22m[36massets/RiskTab-legacy-W2VBEM3m.js                                   [39m[1m[2m  1.78 kB[22m[1m[22m[2m 笏・gzip:   0.85 kB[22m
[2mdist/[22m[36massets/DecisionTab-legacy-D82J8HJi.js                               [39m[1m[2m  1.78 kB[22m[1m[22m[2m 笏・gzip:   0.85 kB[22m
[2mdist/[22m[36massets/AssessmentTab-legacy-DuASUNyN.js                             [39m[1m[2m  1.78 kB[22m[1m[22m[2m 笏・gzip:   0.86 kB[22m
[2mdist/[22m[36massets/client-legacy-BWOkaBQy.js                                    [39m[1m[2m  1.80 kB[22m[1m[22m[2m 笏・gzip:   0.93 kB[22m
[2mdist/[22m[36massets/SuggestionMetricsBadge-legacy-8H6U2rxY.js                    [39m[1m[2m  1.80 kB[22m[1m[22m[2m 笏・gzip:   0.90 kB[22m
[2mdist/[22m[36massets/executionStore-legacy-BFDLzdym.js                            [39m[1m[2m  1.82 kB[22m[1m[22m[2m 笏・gzip:   0.93 kB[22m
[2mdist/[22m[36massets/recordCtaClick-legacy-8EzqqxVg.js                            [39m[1m[2m  1.95 kB[22m[1m[22m[2m 笏・gzip:   0.79 kB[22m
[2mdist/[22m[36massets/procedureStore-legacy-CRGL9KjN.js                            [39m[1m[2m  1.97 kB[22m[1m[22m[2m 笏・gzip:   1.14 kB[22m
[2mdist/[22m[36massets/FieldCard-legacy-Dymk99-A.js                                 [39m[1m[2m  2.00 kB[22m[1m[22m[2m 笏・gzip:   1.04 kB[22m
[2mdist/[22m[36massets/DevScheduleCreateDialogPage-legacy-B7UmTPml.js               [39m[1m[2m  2.13 kB[22m[1m[22m[2m 笏・gzip:   1.18 kB[22m
[2mdist/[22m[36massets/types-legacy-CDNB41iC.js                                     [39m[1m[2m  2.30 kB[22m[1m[22m[2m 笏・gzip:   1.13 kB[22m
[2mdist/[22m[36massets/DataProviderProcedureRecordRepository-legacy-C3HEGe8F.js     [39m[1m[2m  2.30 kB[22m[1m[22m[2m 笏・gzip:   0.93 kB[22m
[2mdist/[22m[36massets/useIspRepositories-legacy-CMJQtUlE.js                        [39m[1m[2m  2.63 kB[22m[1m[22m[2m 笏・gzip:   1.07 kB[22m
[2mdist/[22m[36massets/AchievementRecordPDF-legacy-DmQZem0x.js                      [39m[1m[2m  3.03 kB[22m[1m[22m[2m 笏・gzip:   1.15 kB[22m
[2mdist/[22m[36massets/runtimeEnv-legacy-DE7JFqcB.js                                [39m[1m[2m  3.15 kB[22m[1m[22m[2m 笏・gzip:   1.37 kB[22m
[2mdist/[22m[36massets/useExecutionData-legacy-DTFo7qUq.js                          [39m[1m[2m  3.32 kB[22m[1m[22m[2m 笏・gzip:   1.74 kB[22m
[2mdist/[22m[36massets/msal-legacy-FLf1eCbs.js                                      [39m[1m[2m  3.33 kB[22m[1m[22m[2m 笏・gzip:   1.55 kB[22m
[2mdist/[22m[36massets/dailyMetricsAdapter-legacy-DMzsgXj6.js                       [39m[1m[2m  3.36 kB[22m[1m[22m[2m 笏・gzip:   1.31 kB[22m
[2mdist/[22m[36massets/SupportsTab-legacy-qYPBP3b8.js                               [39m[1m[2m  3.41 kB[22m[1m[22m[2m 笏・gzip:   1.59 kB[22m
[2mdist/[22m[36massets/RecordList-legacy-RC_DwdS6.js                                [39m[1m[2m  3.58 kB[22m[1m[22m[2m 笏・gzip:   1.60 kB[22m
[2mdist/[22m[36massets/CommandBar-legacy-okQmj901.js                                [39m[1m[2m  3.59 kB[22m[1m[22m[2m 笏・gzip:   1.61 kB[22m
[2mdist/[22m[36massets/exceptionDetector-legacy-CMk7hRBQ.js                         [39m[1m[2m  3.59 kB[22m[1m[22m[2m 笏・gzip:   1.62 kB[22m
[2mdist/[22m[36massets/AdminHubPage-legacy-C1qRHDfw.js                              [39m[1m[2m  3.73 kB[22m[1m[22m[2m 笏・gzip:   1.83 kB[22m
[2mdist/[22m[36massets/auth-legacy-Bl-m_kfr.js                                      [39m[1m[2m  3.95 kB[22m[1m[22m[2m 笏・gzip:   1.68 kB[22m
[2mdist/[22m[36massets/DataProviderBehaviorMonitoringRepository-legacy-Du8FAHqS.js  [39m[1m[2m  4.10 kB[22m[1m[22m[2m 笏・gzip:   1.51 kB[22m
[2mdist/[22m[36massets/TableDailyRecordPage-legacy-BB6fc1pC.js                      [39m[1m[2m  4.22 kB[22m[1m[22m[2m 笏・gzip:   1.97 kB[22m
[2mdist/[22m[36massets/ChecklistPage-legacy-BPPjZY5G.js                             [39m[1m[2m  4.40 kB[22m[1m[22m[2m 笏・gzip:   2.06 kB[22m
[2mdist/[22m[36massets/OverviewTab-legacy-cMbKGVZQ.js                               [39m[1m[2m  4.57 kB[22m[1m[22m[2m 笏・gzip:   2.13 kB[22m
[2mdist/[22m[36massets/step-templates-legacy-RJW3W0I5.js                            [39m[1m[2m  4.59 kB[22m[1m[22m[2m 笏・gzip:   2.00 kB[22m
[2mdist/[22m[36massets/regulatoryHud-legacy-CZlC3r0r.js                             [39m[1m[2m  4.76 kB[22m[1m[22m[2m 笏・gzip:   1.38 kB[22m
[2mdist/[22m[36massets/errors-legacy-DX2TWGHV.js                                    [39m[1m[2m  4.77 kB[22m[1m[22m[2m 笏・gzip:   1.95 kB[22m
[2mdist/[22m[36massets/msalConfig-legacy-Bz1KFC28.js                                [39m[1m[2m  4.78 kB[22m[1m[22m[2m 笏・gzip:   2.12 kB[22m
[2mdist/[22m[36massets/icebergStore-legacy-CeOhwxd2.js                              [39m[1m[2m  4.82 kB[22m[1m[22m[2m 笏・gzip:   1.85 kB[22m
[2mdist/[22m[36massets/useSupportStepTemplates-legacy-B_L4WM1U.js                   [39m[1m[2m  5.02 kB[22m[1m[22m[2m 笏・gzip:   2.13 kB[22m
[2mdist/[22m[36massets/BehaviorTagChips-legacy-Dji577qf.js                          [39m[1m[2m  5.30 kB[22m[1m[22m[2m 笏・gzip:   2.40 kB[22m
[2mdist/[22m[36massets/AttendanceSummaryCard-legacy-CR780K32.js                     [39m[1m[2m  5.42 kB[22m[1m[22m[2m 笏・gzip:   2.43 kB[22m
[2mdist/[22m[36massets/useStaffAttendanceBulk-legacy-D0YPUcYd.js                    [39m[1m[2m  5.54 kB[22m[1m[22m[2m 笏・gzip:   2.32 kB[22m
[2mdist/[22m[36massets/transportVehicleNames-legacy-O9HgDc_f.js                     [39m[1m[2m  5.55 kB[22m[1m[22m[2m 笏・gzip:   2.21 kB[22m
[2mdist/[22m[36massets/PlanningSheetListPage-legacy-CFONFP6v.js                     [39m[1m[2m  5.96 kB[22m[1m[22m[2m 笏・gzip:   2.36 kB[22m
[2mdist/[22m[36massets/workflowPhase-legacy-C_jXCmO7.js                             [39m[1m[2m  6.03 kB[22m[1m[22m[2m 笏・gzip:   2.04 kB[22m
[2mdist/[22m[36massets/RegulatorySection-legacy-B53nQgzR.js                         [39m[1m[2m  6.15 kB[22m[1m[22m[2m 笏・gzip:   2.61 kB[22m
[2mdist/[22m[36massets/ModeSwitchPage-legacy-Cr88qkAe.js                            [39m[1m[2m  6.25 kB[22m[1m[22m[2m 笏・gzip:   2.65 kB[22m
[2mdist/[22m[36massets/repositoryFactory-legacy-BhF73Yp7.js                         [39m[1m[2m  6.35 kB[22m[1m[22m[2m 笏・gzip:   2.34 kB[22m
[2mdist/[22m[36massets/useIcebergPdcaList-legacy-Zvm4pPYp.js                        [39m[1m[2m  6.44 kB[22m[1m[22m[2m 笏・gzip:   2.65 kB[22m
[2mdist/[22m[36massets/ISPSummarySection-legacy-D_7qzLId.js                         [39m[1m[2m  6.45 kB[22m[1m[22m[2m 笏・gzip:   2.64 kB[22m
[2mdist/[22m[36massets/ConfigErrorBoundary-legacy-BBD6Xd3I.js                       [39m[1m[2m  6.62 kB[22m[1m[22m[2m 笏・gzip:   3.06 kB[22m
[2mdist/[22m[36massets/ibdStore-legacy-DNVfAip9.js                                  [39m[1m[2m  6.64 kB[22m[1m[22m[2m 笏・gzip:   3.27 kB[22m
[2mdist/[22m[36massets/UserStatusQuickDialog-legacy-DS0w8e9t.js                     [39m[1m[2m  6.68 kB[22m[1m[22m[2m 笏・gzip:   3.18 kB[22m
[2mdist/[22m[36massets/scheduleOpsLoadScore-legacy-C6ClqJCU.js                      [39m[1m[2m  6.76 kB[22m[1m[22m[2m 笏・gzip:   2.69 kB[22m
[2mdist/[22m[36massets/OperationFlowSettingsPage-legacy-BA_viIsj.js                 [39m[1m[2m  6.96 kB[22m[1m[22m[2m 笏・gzip:   2.83 kB[22m
[2mdist/[22m[36massets/schedule-core-legacy-hBjlu7ja.js                             [39m[1m[2m  7.15 kB[22m[1m[22m[2m 笏・gzip:   3.06 kB[22m
[2mdist/[22m[36massets/suggestedGoalsAdapter-legacy-QK4Y0g9b.js                     [39m[1m[2m  7.52 kB[22m[1m[22m[2m 笏・gzip:   3.17 kB[22m
[2mdist/[22m[36massets/metrics-legacy-DcfuWVVd.js                                   [39m[1m[2m  7.56 kB[22m[1m[22m[2m 笏・gzip:   2.84 kB[22m
[2mdist/[22m[36massets/useISPComparisonEditor-legacy-DSyyJwkQ.js                    [39m[1m[2m  7.63 kB[22m[1m[22m[2m 笏・gzip:   3.49 kB[22m
[2mdist/[22m[36massets/theme-legacy-yw1sZLAC.js                                     [39m[1m[2m  7.66 kB[22m[1m[22m[2m 笏・gzip:   2.95 kB[22m
[2mdist/[22m[36massets/spRowSchema-legacy-BfXfI2vC.js                               [39m[1m[2m  7.68 kB[22m[1m[22m[2m 笏・gzip:   2.90 kB[22m
[2mdist/[22m[36massets/NotificationAuditLogPage-legacy-BJVAPRTL.js                  [39m[1m[2m  7.83 kB[22m[1m[22m[2m 笏・gzip:   2.99 kB[22m
[2mdist/[22m[36massets/behaviorRepositoryFactory-legacy-C0O2xr32.js                 [39m[1m[2m  8.04 kB[22m[1m[22m[2m 笏・gzip:   3.20 kB[22m
[2mdist/[22m[36massets/localComplianceRepository-legacy-CAhjIQVo.js                 [39m[1m[2m  8.29 kB[22m[1m[22m[2m 笏・gzip:   2.96 kB[22m
[2mdist/[22m[36massets/SmokeTestPage-legacy-D9MQ1OiY.js                             [39m[1m[2m  8.39 kB[22m[1m[22m[2m 笏・gzip:   3.47 kB[22m
[2mdist/[22m[36massets/DashboardPageTabs-legacy-BJVqDuGd.js                         [39m[1m[2m  8.65 kB[22m[1m[22m[2m 笏・gzip:   3.47 kB[22m
[2mdist/[22m[36massets/usePdcaCycleState-legacy-DqMctSW1.js                         [39m[1m[2m  8.68 kB[22m[1m[22m[2m 笏・gzip:   3.47 kB[22m
[2mdist/[22m[36massets/storage-legacy-DGZsmNl0.js                                   [39m[1m[2m  8.69 kB[22m[1m[22m[2m 笏・gzip:   2.83 kB[22m
[2mdist/[22m[36massets/ComplianceTab-legacy-nTQGSERp.js                             [39m[1m[2m  8.94 kB[22m[1m[22m[2m 笏・gzip:   3.23 kB[22m
[2mdist/[22m[36massets/ContextPanel-legacy-C48Vp2ye.js                              [39m[1m[2m  8.96 kB[22m[1m[22m[2m 笏・gzip:   3.18 kB[22m
[2mdist/[22m[36massets/PreviewTab-legacy-D5qQyjtG.js                                [39m[1m[2m  9.03 kB[22m[1m[22m[2m 笏・gzip:   4.30 kB[22m
[2mdist/[22m[36massets/AuditEvidenceReportPDF-legacy-nESS5ZgL.js                    [39m[1m[2m  9.03 kB[22m[1m[22m[2m 笏・gzip:   2.64 kB[22m
[2mdist/[22m[36massets/IncidentListPage-legacy-BbqaX5BR.js                          [39m[1m[2m  9.32 kB[22m[1m[22m[2m 笏・gzip:   3.36 kB[22m
[2mdist/[22m[36massets/DailyRecordMenuPage-legacy-B4VkGTki.js                       [39m[1m[2m  9.61 kB[22m[1m[22m[2m 笏・gzip:   3.38 kB[22m
[2mdist/[22m[36massets/DataIntegrityPage-legacy-De1-scLi.js                         [39m[1m[2m 10.79 kB[22m[1m[22m[2m 笏・gzip:   4.46 kB[22m
[2mdist/[22m[36massets/MonthPage-legacy-C6-XAjK-.js                                 [39m[1m[2m 11.11 kB[22m[1m[22m[2m 笏・gzip:   4.68 kB[22m
[2mdist/[22m[36massets/InterventionDashboardPage-legacy-B3QxK2M9.js                 [39m[1m[2m 11.34 kB[22m[1m[22m[2m 笏・gzip:   4.66 kB[22m
[2mdist/[22m[36massets/AbcEvidencePanel-legacy-W3B2K9RG.js                          [39m[1m[2m 11.46 kB[22m[1m[22m[2m 笏・gzip:   3.54 kB[22m
[2mdist/[22m[36massets/SmartTab-legacy-BkxvIzRM.js                                  [39m[1m[2m 11.65 kB[22m[1m[22m[2m 笏・gzip:   4.09 kB[22m
[2mdist/[22m[36massets/StaffAttendanceInputPage-legacy-Ci3mEffA.js                  [39m[1m[2m 11.73 kB[22m[1m[22m[2m 笏・gzip:   4.17 kB[22m
[2mdist/[22m[36massets/IBDHubPage-legacy-DOUZVbv3.js                                [39m[1m[2m 11.74 kB[22m[1m[22m[2m 笏・gzip:   4.99 kB[22m
[2mdist/[22m[36massets/repositoryFactory-legacy-BDS3sMiK.js                         [39m[1m[2m 11.89 kB[22m[1m[22m[2m 笏・gzip:   4.47 kB[22m
[2mdist/[22m[36massets/useTokuseiSurveyResponses-legacy-BR0_s7Rh.js                 [39m[1m[2m 11.98 kB[22m[1m[22m[2m 笏・gzip:   5.43 kB[22m
[2mdist/[22m[36massets/BusinessJournalPreviewPage-legacy-BGQlMYz2.js                [39m[1m[2m 12.17 kB[22m[1m[22m[2m 笏・gzip:   4.61 kB[22m
[2mdist/[22m[36massets/AnalysisDashboardPage-legacy-DNulSPPN.js                     [39m[1m[2m 12.22 kB[22m[1m[22m[2m 笏・gzip:   4.51 kB[22m
[2mdist/[22m[36massets/useDashboardSummary-legacy-BZKUs8mB.js                       [39m[1m[2m 12.41 kB[22m[1m[22m[2m 笏・gzip:   4.69 kB[22m
[2mdist/[22m[36massets/AssessmentDashboardPage-legacy-DI-m9x0H.js                   [39m[1m[2m 12.50 kB[22m[1m[22m[2m 笏・gzip:   5.42 kB[22m
[2mdist/[22m[36massets/OpsSchedulePage-legacy-DN70M6sa.js                           [39m[1m[2m 12.57 kB[22m[1m[22m[2m 笏・gzip:   4.56 kB[22m
[2mdist/[22m[36massets/TokuseiSurveyResultsPage-legacy-YEkljQFs.js                  [39m[1m[2m 12.57 kB[22m[1m[22m[2m 笏・gzip:   4.66 kB[22m
[2mdist/[22m[36massets/ISPComparisonEditorPage-legacy-DWHg1fKI.js                   [39m[1m[2m 12.68 kB[22m[1m[22m[2m 笏・gzip:   4.73 kB[22m
[2mdist/[22m[36massets/HealthObservationPage-legacy-DvdoDj3G.js                     [39m[1m[2m 12.80 kB[22m[1m[22m[2m 笏・gzip:   5.56 kB[22m
[2mdist/[22m[36massets/ispProcedureRecordSchema-legacy-CtXfZYnU.js                  [39m[1m[2m 13.00 kB[22m[1m[22m[2m 笏・gzip:   3.35 kB[22m
[2mdist/[22m[36massets/IcebergAnalysisPage-legacy-BYNUdBuD.js                       [39m[1m[2m 13.60 kB[22m[1m[22m[2m 笏・gzip:   6.14 kB[22m
[2mdist/[22m[36massets/NextActionPanelContainer-legacy-DDLhIwlA.js                  [39m[1m[2m 14.03 kB[22m[1m[22m[2m 笏・gzip:   5.34 kB[22m
[2mdist/[22m[36massets/TagAnalyticsSection-legacy-BJsQ8r5F.js                       [39m[1m[2m 15.21 kB[22m[1m[22m[2m 笏・gzip:   5.78 kB[22m
[2mdist/[22m[36massets/IntegratedResourceCalendarPage-legacy-CazCf6eN.js            [39m[1m[2m 15.55 kB[22m[1m[22m[2m 笏・gzip:   5.81 kB[22m
[2mdist/[22m[36massets/DataProviderPlanningSheetRepository-legacy-CPVdOL0e.js       [39m[1m[2m 15.90 kB[22m[1m[22m[2m 笏・gzip:   4.20 kB[22m
[2mdist/[22m[36massets/TimelineSectionWrapper-legacy-5CDTOqyl.js                    [39m[1m[2m 16.40 kB[22m[1m[22m[2m 笏・gzip:   6.19 kB[22m
[2mdist/[22m[36massets/SupportActivityMasterPage-legacy-D3mkQ2i-.js                 [39m[1m[2m 16.70 kB[22m[1m[22m[2m 笏・gzip:   5.37 kB[22m
[2mdist/[22m[36massets/MeetingGuidePage-legacy-tM5FDmW0.js                          [39m[1m[2m 16.77 kB[22m[1m[22m[2m 笏・gzip:   6.46 kB[22m
[2mdist/[22m[36massets/PersonalJournalPage-legacy-EnF0FESN.js                       [39m[1m[2m 17.29 kB[22m[1m[22m[2m 笏・gzip:   6.21 kB[22m
[2mdist/[22m[36massets/computeExceptionPriorityScore-legacy-BNPa0HnC.js             [39m[1m[2m 17.30 kB[22m[1m[22m[2m 笏・gzip:   6.81 kB[22m
[2mdist/[22m[36massets/AuditPanel-legacy-n7XNgtcO.js                                [39m[1m[2m 17.53 kB[22m[1m[22m[2m 笏・gzip:   6.99 kB[22m
[2mdist/[22m[36massets/NavigationDiagnosticsPage-legacy-0wMUQoEn.js                 [39m[1m[2m 18.44 kB[22m[1m[22m[2m 笏・gzip:   5.52 kB[22m
[2mdist/[22m[36massets/CallLogPage-legacy-D1UY6ABj.js                               [39m[1m[2m 18.51 kB[22m[1m[22m[2m 笏・gzip:   5.89 kB[22m
[2mdist/[22m[36massets/RoomManagementPage-legacy-CvTHht0n.js                        [39m[1m[2m 18.76 kB[22m[1m[22m[2m 笏・gzip:   5.83 kB[22m
[2mdist/[22m[36massets/SupportStepMasterPage-legacy-C5CQ6yEp.js                     [39m[1m[2m 19.45 kB[22m[1m[22m[2m 笏・gzip:   5.87 kB[22m
[2mdist/[22m[36massets/useSchedules-legacy-CGepDDFL.js                              [39m[1m[2m 20.17 kB[22m[1m[22m[2m 笏・gzip:   7.08 kB[22m
[2mdist/[22m[36massets/StaffAttendanceAdminPage-legacy-DFLfivvJ.js                  [39m[1m[2m 20.32 kB[22m[1m[22m[2m 笏・gzip:   6.44 kB[22m
[2mdist/[22m[36massets/parseSupportTemplateCsv-legacy-CzmanM88.js                   [39m[1m[2m 20.45 kB[22m[1m[22m[2m 笏・gzip:   7.61 kB[22m
[2mdist/[22m[36massets/UserDetailPage-legacy-DMVsPSbI.js                            [39m[1m[2m 20.47 kB[22m[1m[22m[2m 笏・gzip:   6.63 kB[22m
[2mdist/[22m[36massets/SpDevPanel-legacy-Bc_7kH37.js                                [39m[1m[2m 21.31 kB[22m[1m[22m[2m 笏・gzip:   7.16 kB[22m
[2mdist/[22m[36massets/TodayHandoffTimelineList-legacy-D7WZOmAq.js                  [39m[1m[2m 21.55 kB[22m[1m[22m[2m 笏・gzip:   7.52 kB[22m
[2mdist/[22m[36massets/OpeningVerificationPage-legacy-DcnJBWSg.js                   [39m[1m[2m 22.82 kB[22m[1m[22m[2m 笏・gzip:   7.20 kB[22m
[2mdist/[22m[36massets/OpsMetricsPage-legacy-BxoKdG7i.js                            [39m[1m[2m 23.01 kB[22m[1m[22m[2m 笏・gzip:   7.36 kB[22m
[2mdist/[22m[36massets/useScheduleOps-legacy-CTo9UZ3b.js                            [39m[1m[2m 24.76 kB[22m[1m[22m[2m 笏・gzip:   7.31 kB[22m
[2mdist/[22m[36massets/ExcellenceTab-legacy-dB4WbQnz.js                             [39m[1m[2m 26.13 kB[22m[1m[22m[2m 笏・gzip:   8.68 kB[22m
[2mdist/[22m[36massets/IndividualSupportManagementPage-legacy-Dc26tS7b.js           [39m[1m[2m 26.21 kB[22m[1m[22m[2m 笏・gzip:   9.31 kB[22m
[2mdist/[22m[36massets/ComplianceDashboardPage-legacy-CDfKwxBX.js                   [39m[1m[2m 26.35 kB[22m[1m[22m[2m 笏・gzip:   7.03 kB[22m
[2mdist/[22m[36massets/AbcRecordPage-legacy-BPx4sMjO.js                             [39m[1m[2m 26.79 kB[22m[1m[22m[2m 笏・gzip:   8.19 kB[22m
[2mdist/[22m[36massets/HealthPage-legacy-CkYCJ1ZN.js                                [39m[1m[2m 26.88 kB[22m[1m[22m[2m 笏・gzip:   8.71 kB[22m
[2mdist/[22m[36massets/TransportAssignmentPage-legacy-xZM-DwdQ.js                   [39m[1m[2m 27.15 kB[22m[1m[22m[2m 笏・gzip:   8.56 kB[22m
[2mdist/[22m[36massets/ScheduleCreateDialog-legacy-CCU63PCL.js                      [39m[1m[2m 27.63 kB[22m[1m[22m[2m 笏・gzip:   9.22 kB[22m
[2mdist/[22m[36massets/ServiceProvisionFormPage-legacy-DP8Cz3Ix.js                  [39m[1m[2m 27.87 kB[22m[1m[22m[2m 笏・gzip:   9.16 kB[22m
[2mdist/[22m[36massets/CsvImportPage-legacy-5d6cL2Fi.js                             [39m[1m[2m 28.38 kB[22m[1m[22m[2m 笏・gzip:   9.59 kB[22m
[2mdist/[22m[36massets/MonthlyRecordPage-legacy-CeF1WCKa.js                         [39m[1m[2m 29.20 kB[22m[1m[22m[2m 笏・gzip:   7.86 kB[22m
[2mdist/[22m[36massets/IcebergPdcaPage-legacy-ekc8TlR-.js                           [39m[1m[2m 37.01 kB[22m[1m[22m[2m 笏・gzip:  12.59 kB[22m
[2mdist/[22m[36massets/AttendanceRecordPage-legacy-ls46Qi8Z.js                      [39m[1m[2m 37.18 kB[22m[1m[22m[2m 笏・gzip:  11.91 kB[22m
[2mdist/[22m[36massets/date-fns-legacy-DrtlOJX5.js                                  [39m[1m[2m 39.19 kB[22m[1m[22m[2m 笏・gzip:  11.18 kB[22m
[2mdist/[22m[36massets/IBDDemoPage-legacy-xAvYp0br.js                               [39m[1m[2m 39.63 kB[22m[1m[22m[2m 笏・gzip:  12.41 kB[22m
[2mdist/[22m[36massets/ExceptionCenterPage-legacy-BOjRxrSm.js                       [39m[1m[2m 40.83 kB[22m[1m[22m[2m 笏・gzip:  13.31 kB[22m
[2mdist/[22m[36massets/TableDailyRecordForm-legacy-C4_SPtsb.js                      [39m[1m[2m 41.05 kB[22m[1m[22m[2m 笏・gzip:  12.64 kB[22m
[2mdist/[22m[36massets/spClient-legacy-D5fQzpEP.js                                  [39m[1m[2m 41.99 kB[22m[1m[22m[2m 笏・gzip:  15.20 kB[22m
[2mdist/[22m[36massets/tanstack-legacy-BFx-VWQl.js                                  [39m[1m[2m 42.26 kB[22m[1m[22m[2m 笏・gzip:  12.19 kB[22m
[2mdist/[22m[36massets/HandoffTimelinePage-legacy-0FhNY4ro.js                       [39m[1m[2m 42.32 kB[22m[1m[22m[2m 笏・gzip:  12.74 kB[22m
[2mdist/[22m[36massets/TimeFlowSupportRecordPage-legacy-DjGa7wnp.js                 [39m[1m[2m 43.02 kB[22m[1m[22m[2m 笏・gzip:  13.74 kB[22m
[2mdist/[22m[36massets/HandoffAnalysisPage-legacy-DyL8NMpt.js                       [39m[1m[2m 46.19 kB[22m[1m[22m[2m 笏・gzip:  14.59 kB[22m
[2mdist/[22m[36massets/index-legacy-Cq5DC4I6.js                                     [39m[1m[2m 50.66 kB[22m[1m[22m[2m 笏・gzip:  16.38 kB[22m
[2mdist/[22m[36massets/RegulatoryDashboardPage-legacy-MmshxbuF.js                   [39m[1m[2m 50.72 kB[22m[1m[22m[2m 笏・gzip:  15.03 kB[22m
[2mdist/[22m[36massets/SupportPlanGuidePage-legacy-IavX3LWh.js                      [39m[1m[2m 54.33 kB[22m[1m[22m[2m 笏・gzip:  18.52 kB[22m
[2mdist/[22m[36massets/DailyRecordPage-legacy-DFOlV3U7.js                           [39m[1m[2m 64.67 kB[22m[1m[22m[2m 笏・gzip:  19.93 kB[22m
[2mdist/[22m[36massets/WeekPage-legacy-DOwC5lJF.js                                  [39m[1m[2m 72.17 kB[22m[1m[22m[2m 笏・gzip:  23.25 kB[22m
[2mdist/[22m[36massets/zod-legacy-D2cz2es0.js                                       [39m[1m[2m 73.00 kB[22m[1m[22m[2m 笏・gzip:  19.00 kB[22m
[2mdist/[22m[36massets/TimeBasedSupportRecordPage-legacy-D4FR9-YZ.js                [39m[1m[2m 79.06 kB[22m[1m[22m[2m 笏・gzip:  24.58 kB[22m
[2mdist/[22m[36massets/TelemetryDashboardPage-legacy-BVE3s6ai.js                    [39m[1m[2m 87.62 kB[22m[1m[22m[2m 笏・gzip:  24.77 kB[22m
[2mdist/[22m[36massets/MonitoringTab-legacy-DrcT2HhZ.js                             [39m[1m[2m 89.96 kB[22m[1m[22m[2m 笏・gzip:  25.86 kB[22m
[2mdist/[22m[36massets/DashboardPage-legacy-BHNIqhu9.js                             [39m[1m[2m 91.84 kB[22m[1m[22m[2m 笏・gzip:  25.01 kB[22m
[2mdist/[22m[36massets/TodayOpsPage-legacy-CzAvlX_G.js                              [39m[1m[2m133.15 kB[22m[1m[22m[2m 笏・gzip:  40.23 kB[22m
[2mdist/[22m[36massets/polyfills-legacy-CDzgvsfh.js                                 [39m[1m[2m140.84 kB[22m[1m[22m[2m 笏・gzip:  52.40 kB[22m
[2mdist/[22m[36massets/SupportPlanningSheetPage-legacy-DFHHwnjE.js                  [39m[1m[2m197.58 kB[22m[1m[22m[2m 笏・gzip:  54.85 kB[22m
[2mdist/[22m[36massets/vendor-xlsx-legacy-BCdpevo0.js                               [39m[1m[2m278.07 kB[22m[1m[22m[2m 笏・gzip:  91.92 kB[22m
[2mdist/[22m[36massets/fullcalendar-legacy-B2w5nwei.js                              [39m[1m[2m282.76 kB[22m[1m[22m[2m 笏・gzip:  81.97 kB[22m
[2mdist/[22m[36massets/recharts-legacy-CmvC7sNs.js                                  [39m[1m[2m319.26 kB[22m[1m[22m[2m 笏・gzip:  92.84 kB[22m
[2mdist/[22m[36massets/azure-legacy-CL5HtomL.js                                     [39m[1m[2m322.41 kB[22m[1m[22m[2m 笏・gzip:  77.47 kB[22m
[2mdist/[22m[36massets/react-legacy-qLG1ajsS.js                                     [39m[1m[2m378.64 kB[22m[1m[22m[2m 笏・gzip: 118.22 kB[22m
[2mdist/[22m[36massets/App-legacy-BWxdejVh.js                                       [39m[1m[2m520.87 kB[22m[1m[22m[2m 笏・gzip: 151.32 kB[22m
[2mdist/[22m[36massets/mui-legacy-BVwxhop_.js                                       [39m[1m[2m529.02 kB[22m[1m[22m[2m 笏・gzip: 152.79 kB[22m
[2mdist/[22m[36massets/firebase-legacy-BgyrDyqC.js                                  [39m[1m[2m557.56 kB[22m[1m[22m[2m 笏・gzip: 117.64 kB[22m
[2mdist/[22m[36massets/vendor-pdf-legacy-DbV5vYOg.js                                [39m[1m[2m733.91 kB[22m[1m[22m[2m 笏・gzip: 243.13 kB[22m
[2mdist/[22m[36massets/vendor-pdfkit-legacy-cnF5llnZ.js                             [39m[1m[2m817.76 kB[22m[1m[22m[2m 笏・gzip: 268.05 kB[22m
Circular chunk: vendor-pdfkit -> vendor-pdf -> vendor-pdfkit. Please adjust the manual chunk logic for these chunks.
[plugin vite:reporter] 
(!) C:/Users/螳画ｭｦ/.vscode/workspace/audit-management-system/src/sharepoint/fields.ts is dynamically imported by C:/Users/螳画ｭｦ/.vscode/workspace/audit-management-system/src/features/assessment/hooks/useTokuseiSurveyResponses.ts but also statically imported by C:/Users/螳画ｭｦ/.vscode/workspace/audit-management-system/src/features/assessment/hooks/useTokuseiSurveyResponses.ts, C:/Users/螳画ｭｦ/.vscode/workspace/audit-management-system/src/features/attendance/infra/Legacy/attendanceUsersRepository.ts, C:/Users/螳画ｭｦ/.vscode/workspace/audit-management-system/src/features/compliance-checklist/api.ts, C:/Users/螳画ｭｦ/.vscode/workspace/audit-management-system/src/features/daily/infra/Legacy/SharePointBehaviorRepository.ts, C:/Users/螳画ｭｦ/.vscode/workspace/audit-management-system/src/features/daily/repositories/sharepoint/SharePointBehaviorRepository.ts, C:/Users/螳画ｭｦ/.vscode/workspace/audit-management-system/src/features/handoff/handoffApi.ts, C:/Users/螳画ｭｦ/.vscode/workspace/audit-management-system/src/features/handoff/useCreateHandoffFromExternalSource.ts, C:/Users/螳画ｭｦ/.vscode/workspace/audit-management-system/src/features/ibd/analysis/iceberg/SharePointIcebergRepository.ts, C:/Users/螳画ｭｦ/.vscode/workspace/audit-management-system/src/features/ibd/analysis/pdca/infra/Legacy/SharePointPdcaRepository.ts, C:/Users/螳画ｭｦ/.vscode/workspace/audit-management-system/src/features/ibd/plans/isp-editor/data/ispRepo.ts, C:/Users/螳画ｭｦ/.vscode/workspace/audit-management-system/src/features/ibd/procedures/templates/infra/Legacy/SharePointProcedureTemplateRepository.ts, C:/Users/螳画ｭｦ/.vscode/workspace/audit-management-system/src/features/meeting-minutes/sp/sharepoint.ts, C:/Users/螳画ｭｦ/.vscode/workspace/audit-management-system/src/features/org/data/orgRowSchema.ts, C:/Users/螳画ｭｦ/.vscode/workspace/audit-management-system/src/features/schedules/data/spSchema.ts, C:/Users/螳画ｭｦ/.vscode/workspace/audit-management-system/src/features/staff/attendance/adapters/sharepoint.ts, C:/Users/螳画ｭｦ/.vscode/workspace/audit-management-system/src/features/staff/attendance/preflight.ts, C:/Users/螳画ｭｦ/.vscode/workspace/audit-management-system/src/features/users/infra/DataProviderUserRepository.ts, C:/Users/螳画ｭｦ/.vscode/workspace/audit-management-system/src/features/users/utils/migrateUserSplitData.ts, C:/Users/螳画ｭｦ/.vscode/workspace/audit-management-system/src/sharepoint/diagnosticsReports.ts, C:/Users/螳画ｭｦ/.vscode/workspace/audit-management-system/src/sharepoint/spListRegistry.ts, dynamic import will not move module into another chunk.

[plugin vite:reporter] 
(!) C:/Users/螳画ｭｦ/.vscode/workspace/audit-management-system/src/features/audit/useAuditSyncBatch.core.ts is dynamically imported by C:/Users/螳画ｭｦ/.vscode/workspace/audit-management-system/src/features/audit/useAuditSyncBatch.ts but also statically imported by C:/Users/螳画ｭｦ/.vscode/workspace/audit-management-system/src/features/audit/useAuditSyncBatch.ts, dynamic import will not move module into another chunk.

[plugin vite:reporter] 
(!) C:/Users/螳画ｭｦ/.vscode/workspace/audit-management-system/src/features/staff/index.ts is dynamically imported by C:/Users/螳画ｭｦ/.vscode/workspace/audit-management-system/src/app/routes/lazyPages.tsx but also statically imported by C:/Users/螳画ｭｦ/.vscode/workspace/audit-management-system/src/features/today/domain/useTodaySummary.ts, C:/Users/螳画ｭｦ/.vscode/workspace/audit-management-system/src/features/today/hooks/useApprovalFlow.ts, C:/Users/螳画ｭｦ/.vscode/workspace/audit-management-system/src/prefetch/routes.ts, dynamic import will not move module into another chunk.

[plugin vite:reporter] 
(!) C:/Users/螳画ｭｦ/.vscode/workspace/audit-management-system/src/features/users/index.ts is dynamically imported by C:/Users/螳画ｭｦ/.vscode/workspace/audit-management-system/src/app/routes/lazyPages.tsx but also statically imported by C:/Users/螳画ｭｦ/.vscode/workspace/audit-management-system/src/features/attendance/store.ts, C:/Users/螳画ｭｦ/.vscode/workspace/audit-management-system/src/prefetch/routes.ts, dynamic import will not move module into another chunk.

[2mdist/[22m[32mindex.html                                                   [39m[1m[2m  4.31 kB[22m[1m[22m[2m 笏・gzip:   1.79 kB[22m
[2mdist/[22m[35massets/index-DB-xL_ZY.css                                    [39m[1m[2m  2.52 kB[22m[1m[22m[2m 笏・gzip:   0.84 kB[22m
[2mdist/[22m[36massets/fontRegistry-C8Nvg_hB.js                              [39m[1m[2m  0.10 kB[22m[1m[22m[2m 笏・gzip:   0.12 kB[22m
[2mdist/[22m[36massets/abcRecord-C-KJLqv8.js                                 [39m[1m[2m  0.10 kB[22m[1m[22m[2m 笏・gzip:   0.11 kB[22m
[2mdist/[22m[36massets/IBDPageHeader-DY1Ym_h7.js                             [39m[1m[2m  0.13 kB[22m[1m[22m[2m 笏・gzip:   0.13 kB[22m
[2mdist/[22m[36massets/runOnIdle-BFDD2pFX.js                                 [39m[1m[2m  0.14 kB[22m[1m[22m[2m 笏・gzip:   0.14 kB[22m
[2mdist/[22m[36massets/buildDailySupportUrl-CvhKJIYR.js                      [39m[1m[2m  0.15 kB[22m[1m[22m[2m 笏・gzip:   0.15 kB[22m
[2mdist/[22m[36massets/getNow-B3xhz26N.js                                    [39m[1m[2m  0.19 kB[22m[1m[22m[2m 笏・gzip:   0.15 kB[22m
[2mdist/[22m[36massets/categoryLabels-DmnlDAlM.js                            [39m[1m[2m  0.23 kB[22m[1m[22m[2m 笏・gzip:   0.23 kB[22m
[2mdist/[22m[36massets/dateKey-CGYkbb21.js                                   [39m[1m[2m  0.23 kB[22m[1m[22m[2m 笏・gzip:   0.21 kB[22m
[2mdist/[22m[36massets/usePlanningSheetRepositories-BiHd0hIe.js              [39m[1m[2m  0.23 kB[22m[1m[22m[2m 笏・gzip:   0.20 kB[22m
[2mdist/[22m[36massets/useProcedureRecordRepository-DspGSCkH.js              [39m[1m[2m  0.24 kB[22m[1m[22m[2m 笏・gzip:   0.20 kB[22m
[2mdist/[22m[36massets/BillingPage-GuVB5wcZ.js                               [39m[1m[2m  0.31 kB[22m[1m[22m[2m 笏・gzip:   0.26 kB[22m
[2mdist/[22m[36massets/WeeklySummaryChart-5v6IIJrL.js                        [39m[1m[2m  0.34 kB[22m[1m[22m[2m 笏・gzip:   0.26 kB[22m
[2mdist/[22m[36massets/useUsers-dY_JBJz-.js                                  [39m[1m[2m  0.37 kB[22m[1m[22m[2m 笏・gzip:   0.28 kB[22m
[2mdist/[22m[36massets/assessmentSchema-D8ztJ2O4.js                          [39m[1m[2m  0.47 kB[22m[1m[22m[2m 笏・gzip:   0.32 kB[22m
[2mdist/[22m[36massets/useIcebergEvidence-C8XWKga_.js                        [39m[1m[2m  0.48 kB[22m[1m[22m[2m 笏・gzip:   0.34 kB[22m
[2mdist/[22m[36massets/debugLogger-DLnnWFdT.js                               [39m[1m[2m  0.51 kB[22m[1m[22m[2m 笏・gzip:   0.33 kB[22m
[2mdist/[22m[36massets/forms.entry-BiJUSHNl.js                               [39m[1m[2m  0.51 kB[22m[1m[22m[2m 笏・gzip:   0.28 kB[22m
[2mdist/[22m[36massets/overlay.entry-D2XE5Tuk.js                             [39m[1m[2m  0.51 kB[22m[1m[22m[2m 笏・gzip:   0.28 kB[22m
[2mdist/[22m[36massets/feedback.entry-CrtQoG04.js                            [39m[1m[2m  0.51 kB[22m[1m[22m[2m 笏・gzip:   0.28 kB[22m
[2mdist/[22m[36massets/notificationAuditRepository-DrKkMulx.js               [39m[1m[2m  0.58 kB[22m[1m[22m[2m 笏・gzip:   0.33 kB[22m
[2mdist/[22m[36massets/serviceTypes-BdjarBNP.js                              [39m[1m[2m  0.59 kB[22m[1m[22m[2m 笏・gzip:   0.42 kB[22m
[2mdist/[22m[36massets/callLogFilterPresets-BzoSG71y.js                      [39m[1m[2m  0.59 kB[22m[1m[22m[2m 笏・gzip:   0.33 kB[22m
[2mdist/[22m[36massets/useCurrentPlanningSheet-fhM9NjU_.js                   [39m[1m[2m  0.59 kB[22m[1m[22m[2m 笏・gzip:   0.40 kB[22m
[2mdist/[22m[36massets/DebugZodErrorPage-L4zcYpwG.js                         [39m[1m[2m  0.61 kB[22m[1m[22m[2m 笏・gzip:   0.46 kB[22m
[2mdist/[22m[36massets/dailyTableRepository-DTiX3Y0x.js                      [39m[1m[2m  0.65 kB[22m[1m[22m[2m 笏・gzip:   0.42 kB[22m
[2mdist/[22m[36massets/localIncidentRepository-CSanFDEp.js                   [39m[1m[2m  0.66 kB[22m[1m[22m[2m 笏・gzip:   0.41 kB[22m
[2mdist/[22m[36massets/localEvidenceLinkRepository-DEkjhTZV.js               [39m[1m[2m  0.70 kB[22m[1m[22m[2m 笏・gzip:   0.39 kB[22m
[2mdist/[22m[36massets/babel-helpers-B4YMtfbM.js                             [39m[1m[2m  0.72 kB[22m[1m[22m[2m 笏・gzip:   0.40 kB[22m
[2mdist/[22m[36massets/reverseTrace-BG11RY07.js                              [39m[1m[2m  0.74 kB[22m[1m[22m[2m 笏・gzip:   0.44 kB[22m
[2mdist/[22m[36massets/localAbcRecordRepository-DxHoOplJ.js                  [39m[1m[2m  0.76 kB[22m[1m[22m[2m 笏・gzip:   0.44 kB[22m
[2mdist/[22m[36massets/useDailyUserOptions-DenjXpae.js                       [39m[1m[2m  0.79 kB[22m[1m[22m[2m 笏・gzip:   0.49 kB[22m
[2mdist/[22m[36massets/absentSupportLog-jYPCnD70.js                          [39m[1m[2m  0.79 kB[22m[1m[22m[2m 笏・gzip:   0.46 kB[22m
[2mdist/[22m[36massets/data.entry-BKMv4iRX.js                                [39m[1m[2m  0.81 kB[22m[1m[22m[2m 笏・gzip:   0.29 kB[22m
[2mdist/[22m[36massets/store-C2isiAdZ.js                                     [39m[1m[2m  0.83 kB[22m[1m[22m[2m 笏・gzip:   0.58 kB[22m
[2mdist/[22m[36massets/goalTypes-CvpiWAOf.js                                 [39m[1m[2m  0.85 kB[22m[1m[22m[2m 笏・gzip:   0.57 kB[22m
[2mdist/[22m[36massets/PageHeader-CaCKhBGX.js                                [39m[1m[2m  0.88 kB[22m[1m[22m[2m 笏・gzip:   0.49 kB[22m
[2mdist/[22m[36massets/abc.schema-323KYsO8.js                                [39m[1m[2m  1.01 kB[22m[1m[22m[2m 笏・gzip:   0.60 kB[22m
[2mdist/[22m[36massets/SupportPlanGuidePage.Markdown-2iSWsBYu.js             [39m[1m[2m  1.03 kB[22m[1m[22m[2m 笏・gzip:   0.62 kB[22m
[2mdist/[22m[36massets/hashUtil-QBbuCpT-.js                                  [39m[1m[2m  1.08 kB[22m[1m[22m[2m 笏・gzip:   0.61 kB[22m
[2mdist/[22m[36massets/MonthlySummaryExcel-CtUr7qwK.js                       [39m[1m[2m  1.09 kB[22m[1m[22m[2m 笏・gzip:   0.79 kB[22m
[2mdist/[22m[36massets/azureMsal-C0myhPYI.js                                 [39m[1m[2m  1.11 kB[22m[1m[22m[2m 笏・gzip:   0.58 kB[22m
[2mdist/[22m[36massets/orgRowSchema-VTBVcFfE.js                              [39m[1m[2m  1.20 kB[22m[1m[22m[2m 笏・gzip:   0.63 kB[22m
[2mdist/[22m[36massets/userRelation-DvebAqhU.js                              [39m[1m[2m  1.31 kB[22m[1m[22m[2m 笏・gzip:   0.52 kB[22m
[2mdist/[22m[36massets/msalEvents-B7I_84yI.js                                [39m[1m[2m  1.34 kB[22m[1m[22m[2m 笏・gzip:   0.72 kB[22m
[2mdist/[22m[36massets/spListHealthCheck-DqLxgOpb.js                         [39m[1m[2m  1.38 kB[22m[1m[22m[2m 笏・gzip:   0.66 kB[22m
[2mdist/[22m[36massets/StructuredGoalEditor-BwR2eVzA.js                      [39m[1m[2m  1.40 kB[22m[1m[22m[2m 笏・gzip:   0.89 kB[22m
[2mdist/[22m[36massets/assessmentStore-CtD1zlhz.js                           [39m[1m[2m  1.47 kB[22m[1m[22m[2m 笏・gzip:   0.85 kB[22m
[2mdist/[22m[36massets/EmptyStateAction-BetqFgFu.js                          [39m[1m[2m  1.49 kB[22m[1m[22m[2m 笏・gzip:   0.85 kB[22m
[2mdist/[22m[36massets/buildUserAlerts-GkQw8BTn.js                           [39m[1m[2m  1.53 kB[22m[1m[22m[2m 笏・gzip:   0.77 kB[22m
[2mdist/[22m[36massets/RiskTab-C98QYaDr.js                                   [39m[1m[2m  1.53 kB[22m[1m[22m[2m 笏・gzip:   0.79 kB[22m
[2mdist/[22m[36massets/interventionStore-DY9ycw6T.js                         [39m[1m[2m  1.53 kB[22m[1m[22m[2m 笏・gzip:   0.78 kB[22m
[2mdist/[22m[36massets/DecisionTab-m7G1wbLo.js                               [39m[1m[2m  1.53 kB[22m[1m[22m[2m 笏・gzip:   0.79 kB[22m
[2mdist/[22m[36massets/AssessmentTab-Cq48nkrp.js                             [39m[1m[2m  1.53 kB[22m[1m[22m[2m 笏・gzip:   0.79 kB[22m
[2mdist/[22m[36massets/icebergToIntervention-0ris4Utk.js                     [39m[1m[2m  1.57 kB[22m[1m[22m[2m 笏・gzip:   0.74 kB[22m
[2mdist/[22m[36massets/BentoGrid-lzq62tmO.js                                 [39m[1m[2m  1.58 kB[22m[1m[22m[2m 笏・gzip:   0.84 kB[22m
[2mdist/[22m[36massets/UserSelectionGrid-CSIhW52E.js                         [39m[1m[2m  1.58 kB[22m[1m[22m[2m 笏・gzip:   0.86 kB[22m
[2mdist/[22m[36massets/featureFlags-Dn2JvL2y.js                              [39m[1m[2m  1.63 kB[22m[1m[22m[2m 笏・gzip:   0.83 kB[22m
[2mdist/[22m[36massets/useSuggestionStateStore-CkhVdu0L.js                   [39m[1m[2m  1.65 kB[22m[1m[22m[2m 笏・gzip:   0.74 kB[22m
[2mdist/[22m[36massets/FullScreenDailyDialogPage-CzbBBhux.js                 [39m[1m[2m  1.66 kB[22m[1m[22m[2m 笏・gzip:   0.87 kB[22m
[2mdist/[22m[36massets/client-Cg0OgDHs.js                                    [39m[1m[2m  1.72 kB[22m[1m[22m[2m 笏・gzip:   0.87 kB[22m
[2mdist/[22m[36massets/executionStore-B5h2S9GT.js                            [39m[1m[2m  1.74 kB[22m[1m[22m[2m 笏・gzip:   0.88 kB[22m
[2mdist/[22m[36massets/SuggestionMetricsBadge-gXqg228w.js                    [39m[1m[2m  1.80 kB[22m[1m[22m[2m 笏・gzip:   0.85 kB[22m
[2mdist/[22m[36massets/userStatus-D6WZLgep.js                                [39m[1m[2m  1.82 kB[22m[1m[22m[2m 笏・gzip:   0.91 kB[22m
[2mdist/[22m[36massets/recordCtaClick-CFF3Rllv.js                            [39m[1m[2m  1.87 kB[22m[1m[22m[2m 笏・gzip:   0.73 kB[22m
[2mdist/[22m[36massets/procedureStore-Bg2EPvah.js                            [39m[1m[2m  1.89 kB[22m[1m[22m[2m 笏・gzip:   1.09 kB[22m
[2mdist/[22m[36massets/FieldCard-D3kyGNq6.js                                 [39m[1m[2m  1.91 kB[22m[1m[22m[2m 笏・gzip:   0.98 kB[22m
[2mdist/[22m[36massets/DevScheduleCreateDialogPage-WRUJNmCA.js               [39m[1m[2m  1.93 kB[22m[1m[22m[2m 笏・gzip:   1.12 kB[22m
[2mdist/[22m[36massets/types-PQ_6mWzh.js                                     [39m[1m[2m  2.21 kB[22m[1m[22m[2m 笏・gzip:   1.05 kB[22m
[2mdist/[22m[36massets/DataProviderProcedureRecordRepository-13egJoTF.js     [39m[1m[2m  2.29 kB[22m[1m[22m[2m 笏・gzip:   0.87 kB[22m
[2mdist/[22m[36massets/useIspRepositories-TYhExnE2.js                        [39m[1m[2m  2.60 kB[22m[1m[22m[2m 笏・gzip:   1.01 kB[22m
[2mdist/[22m[36massets/AchievementRecordPDF-BURMusIG.js                      [39m[1m[2m  2.93 kB[22m[1m[22m[2m 笏・gzip:   1.08 kB[22m
[2mdist/[22m[36massets/runtimeEnv-BPLxTYOv.js                                [39m[1m[2m  3.04 kB[22m[1m[22m[2m 笏・gzip:   1.32 kB[22m
[2mdist/[22m[36massets/SupportsTab-iwM8TRdp.js                               [39m[1m[2m  3.14 kB[22m[1m[22m[2m 笏・gzip:   1.51 kB[22m
[2mdist/[22m[36massets/msal-CJ7OPX8u.js                                      [39m[1m[2m  3.21 kB[22m[1m[22m[2m 笏・gzip:   1.50 kB[22m
[2mdist/[22m[36massets/useExecutionData-DFrCEz9W.js                          [39m[1m[2m  3.28 kB[22m[1m[22m[2m 笏・gzip:   1.72 kB[22m
[2mdist/[22m[36massets/dailyMetricsAdapter-huLuO9hj.js                       [39m[1m[2m  3.34 kB[22m[1m[22m[2m 笏・gzip:   1.35 kB[22m
[2mdist/[22m[36massets/RecordList-DJKhyPca.js                                [39m[1m[2m  3.43 kB[22m[1m[22m[2m 笏・gzip:   1.57 kB[22m
[2mdist/[22m[36massets/CommandBar-BnQRqC6k.js                                [39m[1m[2m  3.61 kB[22m[1m[22m[2m 笏・gzip:   1.56 kB[22m
[2mdist/[22m[36massets/exceptionDetector-Bw8zFmCG.js                         [39m[1m[2m  3.61 kB[22m[1m[22m[2m 笏・gzip:   1.61 kB[22m
[2mdist/[22m[36massets/AdminHubPage-BYLRxSv-.js                              [39m[1m[2m  3.64 kB[22m[1m[22m[2m 笏・gzip:   1.75 kB[22m
[2mdist/[22m[36massets/DataProviderBehaviorMonitoringRepository-BdyJwHGM.js  [39m[1m[2m  3.86 kB[22m[1m[22m[2m 笏・gzip:   1.45 kB[22m
[2mdist/[22m[36massets/auth-o4AJoFl3.js                                      [39m[1m[2m  4.00 kB[22m[1m[22m[2m 笏・gzip:   1.71 kB[22m
[2mdist/[22m[36massets/TableDailyRecordPage-Dr5B5iHd.js                      [39m[1m[2m  4.04 kB[22m[1m[22m[2m 笏・gzip:   1.89 kB[22m
[2mdist/[22m[36massets/ChecklistPage-CMYkJCIP.js                             [39m[1m[2m  4.12 kB[22m[1m[22m[2m 笏・gzip:   2.01 kB[22m
[2mdist/[22m[36massets/OverviewTab-DAwjzCIg.js                               [39m[1m[2m  4.33 kB[22m[1m[22m[2m 笏・gzip:   2.06 kB[22m
[2mdist/[22m[36massets/step-templates-CWn63-WK.js                            [39m[1m[2m  4.51 kB[22m[1m[22m[2m 笏・gzip:   1.93 kB[22m
[2mdist/[22m[36massets/msalConfig-CRjlWwst.js                                [39m[1m[2m  4.68 kB[22m[1m[22m[2m 笏・gzip:   2.06 kB[22m
[2mdist/[22m[36massets/icebergStore-PGrKvb5v.js                              [39m[1m[2m  4.75 kB[22m[1m[22m[2m 笏・gzip:   1.84 kB[22m
[2mdist/[22m[36massets/errors-DgWsliKY.js                                    [39m[1m[2m  4.78 kB[22m[1m[22m[2m 笏・gzip:   1.91 kB[22m
[2mdist/[22m[36massets/regulatoryHud-DLMss8gv.js                             [39m[1m[2m  4.85 kB[22m[1m[22m[2m 笏・gzip:   1.32 kB[22m
[2mdist/[22m[36massets/useSupportStepTemplates-CkSpH4JL.js                   [39m[1m[2m  4.94 kB[22m[1m[22m[2m 笏・gzip:   2.10 kB[22m
[2mdist/[22m[36massets/transportVehicleNames-BHeVVJ1k.js                     [39m[1m[2m  5.28 kB[22m[1m[22m[2m 笏・gzip:   2.19 kB[22m
[2mdist/[22m[36massets/BehaviorTagChips-BMJxOZak.js                          [39m[1m[2m  5.36 kB[22m[1m[22m[2m 笏・gzip:   2.41 kB[22m
[2mdist/[22m[36massets/AttendanceSummaryCard-ke1hL9Pb.js                     [39m[1m[2m  5.42 kB[22m[1m[22m[2m 笏・gzip:   2.42 kB[22m
[2mdist/[22m[36massets/useStaffAttendanceBulk-4V_0nNJY.js                    [39m[1m[2m  5.49 kB[22m[1m[22m[2m 笏・gzip:   2.28 kB[22m
[2mdist/[22m[36massets/PlanningSheetListPage-CbUkD63X.js                     [39m[1m[2m  5.83 kB[22m[1m[22m[2m 笏・gzip:   2.31 kB[22m
[2mdist/[22m[36massets/workflowPhase-XQ9qV7xx.js                             [39m[1m[2m  5.98 kB[22m[1m[22m[2m 笏・gzip:   2.01 kB[22m
[2mdist/[22m[36massets/useIcebergPdcaList-DzaHgtDG.js                        [39m[1m[2m  6.08 kB[22m[1m[22m[2m 笏・gzip:   2.55 kB[22m
[2mdist/[22m[36massets/RegulatorySection-BHReW5kW.js                         [39m[1m[2m  6.10 kB[22m[1m[22m[2m 笏・gzip:   2.53 kB[22m
[2mdist/[22m[36massets/ModeSwitchPage-BzLZAeJy.js                            [39m[1m[2m  6.14 kB[22m[1m[22m[2m 笏・gzip:   2.59 kB[22m
[2mdist/[22m[36massets/repositoryFactory-C_pUGmWD.js                         [39m[1m[2m  6.18 kB[22m[1m[22m[2m 笏・gzip:   2.28 kB[22m
[2mdist/[22m[36massets/ISPSummarySection-DyqwkPlj.js                         [39m[1m[2m  6.26 kB[22m[1m[22m[2m 笏・gzip:   2.60 kB[22m
[2mdist/[22m[36massets/ConfigErrorBoundary-C7BgqA7V.js                       [39m[1m[2m  6.53 kB[22m[1m[22m[2m 笏・gzip:   2.97 kB[22m
[2mdist/[22m[36massets/scheduleOpsLoadScore-DbDs_zkh.js                      [39m[1m[2m  6.64 kB[22m[1m[22m[2m 笏・gzip:   2.69 kB[22m
[2mdist/[22m[36massets/ibdStore-CefRVMFu.js                                  [39m[1m[2m  6.71 kB[22m[1m[22m[2m 笏・gzip:   3.36 kB[22m
[2mdist/[22m[36massets/UserStatusQuickDialog-CDgl0_RF.js                     [39m[1m[2m  6.81 kB[22m[1m[22m[2m 笏・gzip:   3.11 kB[22m
[2mdist/[22m[36massets/OperationFlowSettingsPage-nfCxo-yT.js                 [39m[1m[2m  6.95 kB[22m[1m[22m[2m 笏・gzip:   2.80 kB[22m
[2mdist/[22m[36massets/schedule-core-DGbgJZdJ.js                             [39m[1m[2m  7.15 kB[22m[1m[22m[2m 笏・gzip:   3.11 kB[22m
[2mdist/[22m[36massets/useISPComparisonEditor-CvCvohYj.js                    [39m[1m[2m  7.52 kB[22m[1m[22m[2m 笏・gzip:   3.46 kB[22m
[2mdist/[22m[36massets/spRowSchema-Dgonktk-.js                               [39m[1m[2m  7.53 kB[22m[1m[22m[2m 笏・gzip:   2.86 kB[22m
[2mdist/[22m[36massets/theme-CdJggoZf.js                                     [39m[1m[2m  7.59 kB[22m[1m[22m[2m 笏・gzip:   2.89 kB[22m
[2mdist/[22m[36massets/suggestedGoalsAdapter-B1wmpeIH.js                     [39m[1m[2m  7.62 kB[22m[1m[22m[2m 笏・gzip:   3.15 kB[22m
[2mdist/[22m[36massets/NotificationAuditLogPage-4cYqr1-J.js                  [39m[1m[2m  7.66 kB[22m[1m[22m[2m 笏・gzip:   2.92 kB[22m
[2mdist/[22m[36massets/behaviorRepositoryFactory-D9tREakh.js                 [39m[1m[2m  7.70 kB[22m[1m[22m[2m 笏・gzip:   3.09 kB[22m
[2mdist/[22m[36massets/metrics-CF1u_9zI.js                                   [39m[1m[2m  7.82 kB[22m[1m[22m[2m 笏・gzip:   2.97 kB[22m
[2mdist/[22m[36massets/localComplianceRepository-Bk4ggq5Z.js                 [39m[1m[2m  8.22 kB[22m[1m[22m[2m 笏・gzip:   2.99 kB[22m
[2mdist/[22m[36massets/SmokeTestPage-BKeipf8K.js                             [39m[1m[2m  8.32 kB[22m[1m[22m[2m 笏・gzip:   3.40 kB[22m
[2mdist/[22m[36massets/usePdcaCycleState-p6QibSu9.js                         [39m[1m[2m  8.51 kB[22m[1m[22m[2m 笏・gzip:   3.46 kB[22m
[2mdist/[22m[36massets/storage-CeqDDkDy.js                                   [39m[1m[2m  8.55 kB[22m[1m[22m[2m 笏・gzip:   2.80 kB[22m
[2mdist/[22m[36massets/DashboardPageTabs-CqN9rG6K.js                         [39m[1m[2m  8.63 kB[22m[1m[22m[2m 笏・gzip:   3.46 kB[22m
[2mdist/[22m[36massets/AuditEvidenceReportPDF-Dl2yV4va.js                    [39m[1m[2m  8.80 kB[22m[1m[22m[2m 笏・gzip:   2.57 kB[22m
[2mdist/[22m[36massets/ComplianceTab-DKsRD-zP.js                             [39m[1m[2m  8.85 kB[22m[1m[22m[2m 笏・gzip:   3.17 kB[22m
[2mdist/[22m[36massets/ContextPanel-CGJb6t1u.js                              [39m[1m[2m  8.91 kB[22m[1m[22m[2m 笏・gzip:   3.14 kB[22m
[2mdist/[22m[36massets/IncidentListPage-DpWEDdWt.js                          [39m[1m[2m  9.07 kB[22m[1m[22m[2m 笏・gzip:   3.26 kB[22m
[2mdist/[22m[36massets/DailyRecordMenuPage-BssM0WIg.js                       [39m[1m[2m  9.47 kB[22m[1m[22m[2m 笏・gzip:   3.27 kB[22m
[2mdist/[22m[36massets/PreviewTab-DTBdxT75.js                                [39m[1m[2m  9.76 kB[22m[1m[22m[2m 笏・gzip:   4.48 kB[22m
[2mdist/[22m[36massets/DataIntegrityPage-DCW3vwqg.js                         [39m[1m[2m 10.77 kB[22m[1m[22m[2m 笏・gzip:   4.39 kB[22m
[2mdist/[22m[36massets/InterventionDashboardPage-CastBMmp.js                 [39m[1m[2m 11.11 kB[22m[1m[22m[2m 笏・gzip:   4.55 kB[22m
[2mdist/[22m[36massets/MonthPage-B9QEm0GR.js                                 [39m[1m[2m 11.18 kB[22m[1m[22m[2m 笏・gzip:   4.65 kB[22m
[2mdist/[22m[36massets/SmartTab-DJhMdwQV.js                                  [39m[1m[2m 11.41 kB[22m[1m[22m[2m 笏・gzip:   4.03 kB[22m
[2mdist/[22m[36massets/StaffAttendanceInputPage-DVosMm7X.js                  [39m[1m[2m 11.55 kB[22m[1m[22m[2m 笏・gzip:   4.15 kB[22m
[2mdist/[22m[36massets/AbcEvidencePanel-yNKHi5nq.js                          [39m[1m[2m 11.57 kB[22m[1m[22m[2m 笏・gzip:   3.59 kB[22m
[2mdist/[22m[36massets/useTokuseiSurveyResponses-B12m9CSS.js                 [39m[1m[2m 11.62 kB[22m[1m[22m[2m 笏・gzip:   5.21 kB[22m
[2mdist/[22m[36massets/repositoryFactory-CoxbG-9_.js                         [39m[1m[2m 11.64 kB[22m[1m[22m[2m 笏・gzip:   4.47 kB[22m
[2mdist/[22m[36massets/IBDHubPage-C9qsa0uy.js                                [39m[1m[2m 11.73 kB[22m[1m[22m[2m 笏・gzip:   4.93 kB[22m
[2mdist/[22m[36massets/AnalysisDashboardPage-BUzVD6Cq.js                     [39m[1m[2m 12.12 kB[22m[1m[22m[2m 笏・gzip:   4.45 kB[22m
[2mdist/[22m[36massets/useDashboardSummary--qGsWfWW.js                       [39m[1m[2m 12.15 kB[22m[1m[22m[2m 笏・gzip:   4.78 kB[22m
[2mdist/[22m[36massets/BusinessJournalPreviewPage-BQojw4sg.js                [39m[1m[2m 12.18 kB[22m[1m[22m[2m 笏・gzip:   4.58 kB[22m
[2mdist/[22m[36massets/OpsSchedulePage-BDqHPPuD.js                           [39m[1m[2m 12.36 kB[22m[1m[22m[2m 笏・gzip:   4.47 kB[22m
[2mdist/[22m[36massets/AssessmentDashboardPage-ChHRN4D0.js                   [39m[1m[2m 12.37 kB[22m[1m[22m[2m 笏・gzip:   5.33 kB[22m
[2mdist/[22m[36massets/TokuseiSurveyResultsPage-CHZsMncp.js                  [39m[1m[2m 12.39 kB[22m[1m[22m[2m 笏・gzip:   4.60 kB[22m
[2mdist/[22m[36massets/ISPComparisonEditorPage-ub1036pg.js                   [39m[1m[2m 12.59 kB[22m[1m[22m[2m 笏・gzip:   4.65 kB[22m
[2mdist/[22m[36massets/HealthObservationPage-Cwg__NGB.js                     [39m[1m[2m 12.84 kB[22m[1m[22m[2m 笏・gzip:   5.54 kB[22m
[2mdist/[22m[36massets/ispProcedureRecordSchema-CEEajUl4.js                  [39m[1m[2m 12.97 kB[22m[1m[22m[2m 笏・gzip:   3.34 kB[22m
[2mdist/[22m[36massets/IcebergAnalysisPage-B_-2pGQ4.js                       [39m[1m[2m 13.79 kB[22m[1m[22m[2m 笏・gzip:   6.17 kB[22m
[2mdist/[22m[36massets/NextActionPanelContainer-Dsyp2iXt.js                  [39m[1m[2m 14.17 kB[22m[1m[22m[2m 笏・gzip:   5.42 kB[22m
[2mdist/[22m[36massets/DataProviderPlanningSheetRepository-BfxQFbFQ.js       [39m[1m[2m 15.16 kB[22m[1m[22m[2m 笏・gzip:   4.06 kB[22m
[2mdist/[22m[36massets/TagAnalyticsSection-Bn7xNAx2.js                       [39m[1m[2m 15.17 kB[22m[1m[22m[2m 笏・gzip:   5.80 kB[22m
[2mdist/[22m[36massets/IntegratedResourceCalendarPage-CORz8jf1.js            [39m[1m[2m 15.28 kB[22m[1m[22m[2m 笏・gzip:   5.88 kB[22m
[2mdist/[22m[36massets/TimelineSectionWrapper-CNhHPPls.js                    [39m[1m[2m 16.36 kB[22m[1m[22m[2m 笏・gzip:   6.18 kB[22m
[2mdist/[22m[36massets/SupportActivityMasterPage-DBrg0jUc.js                 [39m[1m[2m 16.50 kB[22m[1m[22m[2m 笏・gzip:   5.34 kB[22m
[2mdist/[22m[36massets/PersonalJournalPage-82WBkyDR.js                       [39m[1m[2m 17.23 kB[22m[1m[22m[2m 笏・gzip:   6.16 kB[22m
[2mdist/[22m[36massets/computeExceptionPriorityScore-Po2JZl8_.js             [39m[1m[2m 17.29 kB[22m[1m[22m[2m 笏・gzip:   6.94 kB[22m
[2mdist/[22m[36massets/MeetingGuidePage-D6mp4UfI.js                          [39m[1m[2m 17.32 kB[22m[1m[22m[2m 笏・gzip:   6.55 kB[22m
[2mdist/[22m[36massets/AuditPanel-BsHK2Elr.js                                [39m[1m[2m 17.72 kB[22m[1m[22m[2m 笏・gzip:   7.12 kB[22m
[2mdist/[22m[36massets/NavigationDiagnosticsPage-Dp9FngyI.js                 [39m[1m[2m 18.29 kB[22m[1m[22m[2m 笏・gzip:   5.45 kB[22m
[2mdist/[22m[36massets/CallLogPage-ClUOkGLN.js                               [39m[1m[2m 18.60 kB[22m[1m[22m[2m 笏・gzip:   5.83 kB[22m
[2mdist/[22m[36massets/RoomManagementPage-BT1lDEG8.js                        [39m[1m[2m 18.83 kB[22m[1m[22m[2m 笏・gzip:   5.82 kB[22m
[2mdist/[22m[36massets/SupportStepMasterPage-Bha8Gdqb.js                     [39m[1m[2m 19.22 kB[22m[1m[22m[2m 笏・gzip:   5.74 kB[22m
[2mdist/[22m[36massets/useSchedules-DUeWQAbe.js                              [39m[1m[2m 20.15 kB[22m[1m[22m[2m 笏・gzip:   7.12 kB[22m
[2mdist/[22m[36massets/StaffAttendanceAdminPage-DyFgo7bo.js                  [39m[1m[2m 20.24 kB[22m[1m[22m[2m 笏・gzip:   6.55 kB[22m
[2mdist/[22m[36massets/UserDetailPage-CloIfY7x.js                            [39m[1m[2m 20.25 kB[22m[1m[22m[2m 笏・gzip:   6.60 kB[22m
[2mdist/[22m[36massets/parseSupportTemplateCsv-Cf4O89NH.js                   [39m[1m[2m 20.36 kB[22m[1m[22m[2m 笏・gzip:   7.73 kB[22m
[2mdist/[22m[36massets/SpDevPanel-B8SYy3tY.js                                [39m[1m[2m 21.35 kB[22m[1m[22m[2m 笏・gzip:   7.10 kB[22m
[2mdist/[22m[36massets/TodayHandoffTimelineList-GP43S_Fu.js                  [39m[1m[2m 21.66 kB[22m[1m[22m[2m 笏・gzip:   7.59 kB[22m
[2mdist/[22m[36massets/OpsMetricsPage-Cu7BDepR.js                            [39m[1m[2m 23.43 kB[22m[1m[22m[2m 笏・gzip:   7.66 kB[22m
[2mdist/[22m[36massets/OpeningVerificationPage-D3U5hXMS.js                   [39m[1m[2m 23.55 kB[22m[1m[22m[2m 笏・gzip:   7.32 kB[22m
[2mdist/[22m[36massets/useScheduleOps-DPUrVwBW.js                            [39m[1m[2m 24.73 kB[22m[1m[22m[2m 笏・gzip:   7.28 kB[22m
[2mdist/[22m[36massets/IndividualSupportManagementPage-BzIyeLUO.js           [39m[1m[2m 25.89 kB[22m[1m[22m[2m 笏・gzip:   9.33 kB[22m
[2mdist/[22m[36massets/ComplianceDashboardPage-Db9pGCpc.js                   [39m[1m[2m 26.19 kB[22m[1m[22m[2m 笏・gzip:   6.88 kB[22m
[2mdist/[22m[36massets/ExcellenceTab-D_QKNZvX.js                             [39m[1m[2m 26.24 kB[22m[1m[22m[2m 笏・gzip:   8.83 kB[22m
[2mdist/[22m[36massets/AbcRecordPage-CrlWsM4A.js                             [39m[1m[2m 26.35 kB[22m[1m[22m[2m 笏・gzip:   8.14 kB[22m
[2mdist/[22m[36massets/TransportAssignmentPage-B1xwzwvx.js                   [39m[1m[2m 26.71 kB[22m[1m[22m[2m 笏・gzip:   8.65 kB[22m
[2mdist/[22m[36massets/HealthPage-CBsPI7P8.js                                [39m[1m[2m 26.98 kB[22m[1m[22m[2m 笏・gzip:   8.71 kB[22m
[2mdist/[22m[36massets/ScheduleCreateDialog-BY6yInEG.js                      [39m[1m[2m 27.54 kB[22m[1m[22m[2m 笏・gzip:   9.34 kB[22m
[2mdist/[22m[36massets/ServiceProvisionFormPage-hOv96cyq.js                  [39m[1m[2m 27.68 kB[22m[1m[22m[2m 笏・gzip:   9.18 kB[22m
[2mdist/[22m[36massets/CsvImportPage-CDvjbA4p.js                             [39m[1m[2m 28.28 kB[22m[1m[22m[2m 笏・gzip:   9.57 kB[22m
[2mdist/[22m[36massets/MonthlyRecordPage-ZlccPsa6.js                         [39m[1m[2m 29.24 kB[22m[1m[22m[2m 笏・gzip:   7.81 kB[22m
[2mdist/[22m[36massets/AttendanceRecordPage-CTIlt21O.js                      [39m[1m[2m 36.72 kB[22m[1m[22m[2m 笏・gzip:  12.07 kB[22m
[2mdist/[22m[36massets/IcebergPdcaPage-OIRm7Jeg.js                           [39m[1m[2m 37.00 kB[22m[1m[22m[2m 笏・gzip:  12.56 kB[22m
[2mdist/[22m[36massets/date-fns-BEjEqODL.js                                  [39m[1m[2m 39.72 kB[22m[1m[22m[2m 笏・gzip:  11.53 kB[22m
[2mdist/[22m[36massets/IBDDemoPage-CEpCHq0T.js                               [39m[1m[2m 40.33 kB[22m[1m[22m[2m 笏・gzip:  12.70 kB[22m
[2mdist/[22m[36massets/ExceptionCenterPage-CVRsvtLd.js                       [39m[1m[2m 40.75 kB[22m[1m[22m[2m 笏・gzip:  13.46 kB[22m
[2mdist/[22m[36massets/tanstack-DQrpyq5l.js                                  [39m[1m[2m 41.11 kB[22m[1m[22m[2m 笏・gzip:  12.26 kB[22m
[2mdist/[22m[36massets/TableDailyRecordForm-C1MOwjzG.js                      [39m[1m[2m 41.28 kB[22m[1m[22m[2m 笏・gzip:  13.00 kB[22m
[2mdist/[22m[36massets/HandoffTimelinePage-CkNkRVEB.js                       [39m[1m[2m 42.46 kB[22m[1m[22m[2m 笏・gzip:  12.79 kB[22m
[2mdist/[22m[36massets/TimeFlowSupportRecordPage-BmY2oUfp.js                 [39m[1m[2m 42.67 kB[22m[1m[22m[2m 笏・gzip:  13.83 kB[22m
[2mdist/[22m[36massets/spClient-DpaJT519.js                                  [39m[1m[2m 42.95 kB[22m[1m[22m[2m 笏・gzip:  15.78 kB[22m
[2mdist/[22m[36massets/HandoffAnalysisPage-CgzHFUnQ.js                       [39m[1m[2m 46.72 kB[22m[1m[22m[2m 笏・gzip:  14.90 kB[22m
[2mdist/[22m[36massets/index-wycgwR6A.js                                     [39m[1m[2m 49.73 kB[22m[1m[22m[2m 笏・gzip:  16.52 kB[22m
[2mdist/[22m[36massets/RegulatoryDashboardPage-D6Mahep4.js                   [39m[1m[2m 51.43 kB[22m[1m[22m[2m 笏・gzip:  15.36 kB[22m
[2mdist/[22m[36massets/SupportPlanGuidePage--1_E83Ev.js                      [39m[1m[2m 57.50 kB[22m[1m[22m[2m 笏・gzip:  20.25 kB[22m
[2mdist/[22m[36massets/DailyRecordPage-DWP65xj0.js                           [39m[1m[2m 64.39 kB[22m[1m[22m[2m 笏・gzip:  20.06 kB[22m
[2mdist/[22m[36massets/WeekPage-BPkd1Dil.js                                  [39m[1m[2m 72.46 kB[22m[1m[22m[2m 笏・gzip:  23.73 kB[22m
[2mdist/[22m[36massets/zod-4Jc65vbz.js                                       [39m[1m[2m 72.93 kB[22m[1m[22m[2m 笏・gzip:  19.51 kB[22m
[2mdist/[22m[36massets/TimeBasedSupportRecordPage-Du4EamVC.js                [39m[1m[2m 79.00 kB[22m[1m[22m[2m 笏・gzip:  25.04 kB[22m
[2mdist/[22m[36massets/TelemetryDashboardPage-rZHBa-mT.js                    [39m[1m[2m 88.45 kB[22m[1m[22m[2m 笏・gzip:  24.98 kB[22m
[2mdist/[22m[36massets/MonitoringTab-CP2wqNb6.js                             [39m[1m[2m 91.89 kB[22m[1m[22m[2m 笏・gzip:  26.52 kB[22m
[2mdist/[22m[36massets/DashboardPage-kc3V-6Yx.js                             [39m[1m[2m 92.56 kB[22m[1m[22m[2m 笏・gzip:  25.22 kB[22m
[2mdist/[22m[36massets/TodayOpsPage-BfsvvXGR.js                              [39m[1m[2m133.80 kB[22m[1m[22m[2m 笏・gzip:  41.21 kB[22m
[2mdist/[22m[36massets/polyfills-CFpTcmaT.js                                 [39m[1m[2m138.57 kB[22m[1m[22m[2m 笏・gzip:  52.08 kB[22m
[2mdist/[22m[36massets/SupportPlanningSheetPage-DPJiO1k5.js                  [39m[1m[2m198.52 kB[22m[1m[22m[2m 笏・gzip:  55.63 kB[22m
[2mdist/[22m[36massets/vendor-xlsx-gBfOCk3d.js                               [39m[1m[2m282.92 kB[22m[1m[22m[2m 笏・gzip:  94.89 kB[22m
[2mdist/[22m[36massets/fullcalendar-DXQEs4fp.js                              [39m[1m[2m283.93 kB[22m[1m[22m[2m 笏・gzip:  83.53 kB[22m
[2mdist/[22m[36massets/azure-rpV_W3zP.js                                     [39m[1m[2m323.08 kB[22m[1m[22m[2m 笏・gzip:  79.92 kB[22m
[2mdist/[22m[36massets/recharts-Bb9lt0_B.js                                  [39m[1m[2m323.44 kB[22m[1m[22m[2m 笏・gzip:  96.92 kB[22m
[2mdist/[22m[36massets/firebase-CJymiKJS.js                                  [39m[1m[2m377.81 kB[22m[1m[22m[2m 笏・gzip: 113.43 kB[22m
[2mdist/[22m[36massets/react-DUN-D3Jp.js                                     [39m[1m[2m384.38 kB[22m[1m[22m[2m 笏・gzip: 122.30 kB[22m
[2mdist/[22m[36massets/App-DoC21YUt.js                                       [39m[1m[2m532.83 kB[22m[1m[22m[2m 笏・gzip: 159.28 kB[22m
[2mdist/[22m[36massets/mui-BE2h6V7B.js                                       [39m[1m[2m539.38 kB[22m[1m[22m[2m 笏・gzip: 158.78 kB[22m
[2mdist/[22m[36massets/vendor-pdf--6QszqZP.js                                [39m[1m[2m742.85 kB[22m[1m[22m[2m 笏・gzip: 251.83 kB[22m
[2mdist/[22m[36massets/vendor-pdfkit-CjfyolPZ.js                             [39m[1m[2m829.27 kB[22m[1m[22m[2m 笏・gzip: 273.81 kB[22m
[32m笨・built in 1m 21s[39m
