[WebServer] [33mplugin-legacy overrode 'build.target'. You should pass 'targets' as an option to this plugin with the list of legacy browsers to support instead.[39m
[WebServer] [33m[plugin vite:reporter] 
[WebServer] (!) /Users/yasutakesougo/audit-management-system-mvp/src/features/audit/useAuditSyncBatch.core.ts is dynamically imported by /Users/yasutakesougo/audit-management-system-mvp/src/features/audit/useAuditSyncBatch.ts but also statically imported by /Users/yasutakesougo/audit-management-system-mvp/src/features/audit/useAuditSyncBatch.ts, dynamic import will not move module into another chunk.
[WebServer] [39m
[WebServer] [33m[plugin vite:reporter] 
[WebServer] (!) /Users/yasutakesougo/audit-management-system-mvp/node_modules/firebase/auth/dist/esm/index.esm.js is dynamically imported by /Users/yasutakesougo/audit-management-system-mvp/src/infra/firestore/auth.ts but also statically imported by /Users/yasutakesougo/audit-management-system-mvp/src/infra/firestore/auth.ts, dynamic import will not move module into another chunk.
[WebServer] [39m
[WebServer] [33m[plugin vite:reporter] 
[WebServer] (!) /Users/yasutakesougo/audit-management-system-mvp/node_modules/@mui/material/esm/Paper/index.js is dynamically imported by /Users/yasutakesougo/audit-management-system-mvp/src/mui/data.entry.ts, /Users/yasutakesougo/audit-management-system-mvp/src/mui/warm.ts but also statically imported by /Users/yasutakesougo/audit-management-system-mvp/node_modules/@mui/material/esm/Accordion/Accordion.js, /Users/yasutakesougo/audit-management-system-mvp/node_modules/@mui/material/esm/Alert/Alert.js, /Users/yasutakesougo/audit-management-system-mvp/node_modules/@mui/material/esm/AppBar/AppBar.js, /Users/yasutakesougo/audit-management-system-mvp/node_modules/@mui/material/esm/Autocomplete/Autocomplete.js, /Users/yasutakesougo/audit-management-system-mvp/node_modules/@mui/material/esm/Card/Card.js, /Users/yasutakesougo/audit-management-system-mvp/node_modules/@mui/material/esm/Dialog/Dialog.js, /Users/yasutakesougo/audit-management-system-mvp/node_modules/@mui/material/esm/Drawer/Drawer.js, /Users/yasutakesougo/audit-management-system-mvp/node_modules/@mui/material/esm/MobileStepper/MobileStepper.js, /Users/yasutakesougo/audit-management-system-mvp/node_modules/@mui/material/esm/Popover/Popover.js, /Users/yasutakesougo/audit-management-system-mvp/node_modules/@mui/material/esm/SnackbarContent/SnackbarContent.js, /Users/yasutakesougo/audit-management-system-mvp/node_modules/@mui/material/esm/index.js, /Users/yasutakesougo/audit-management-system-mvp/src/app/AppShell.tsx, /Users/yasutakesougo/audit-management-system-mvp/src/app/ProtectedRoute.tsx, /Users/yasutakesougo/audit-management-system-mvp/src/components/RequireAudience.tsx, /Users/yasutakesougo/audit-management-system-mvp/src/features/auth/diagnostics/AuthDiagnosticsPanel.tsx, /Users/yasutakesougo/audit-management-system-mvp/src/features/compliance-checklist/ChecklistPage.tsx, /Users/yasutakesougo/audit-management-system-mvp/src/features/daily/DailyRecordForm.tsx, /Users/yasutakesougo/audit-management-system-mvp/src/features/daily/components/split-stream/RecordPanel.tsx, /Users/yasutakesougo/audit-management-system-mvp/src/features/dashboard/DashboardSafetyHUD.tsx, /Users/yasutakesougo/audit-management-system-mvp/src/features/dashboard/sections/impl/AttendanceSection.tsx, /Users/yasutakesougo/audit-management-system-mvp/src/features/dashboard/sections/impl/DailySection.tsx, /Users/yasutakesougo/audit-management-system-mvp/src/features/dashboard/sections/impl/HandoverSection.tsx, /Users/yasutakesougo/audit-management-system-mvp/src/features/dashboard/sections/impl/ScheduleSection.tsx, /Users/yasutakesougo/audit-management-system-mvp/src/features/dashboard/sections/impl/StatsSection.tsx, /Users/yasutakesougo/audit-management-system-mvp/src/features/nurse/observation/HealthObservationForm.tsx, /Users/yasutakesougo/audit-management-system-mvp/src/features/nurse/routes/NurseRoutes.tsx, /Users/yasutakesougo/audit-management-system-mvp/src/features/records/monthly/MonthlySummaryTable.tsx, /Users/yasutakesougo/audit-management-system-mvp/src/features/schedules/routes/DevScheduleCreateDialogPage.tsx, /Users/yasutakesougo/audit-management-system-mvp/src/features/staff/attendance/StaffAttendanceInput.tsx, /Users/yasutakesougo/audit-management-system-mvp/src/features/users/UserDetailSections.tsx, /Users/yasutakesougo/audit-management-system-mvp/src/features/users/UserDetailSections/index.tsx, /Users/yasutakesougo/audit-management-system-mvp/src/features/users/UsersPanel/UsersList.tsx, /Users/yasutakesougo/audit-management-system-mvp/src/features/users/UsersPanel/index.tsx, /Users/yasutakesougo/audit-management-system-mvp/src/pages/AnalysisDashboardPage.tsx, /Users/yasutakesougo/audit-management-system-mvp/src/pages/AssessmentDashboardPage.tsx, /Users/yasutakesougo/audit-management-system-mvp/src/pages/DailyRecordMenuPage.tsx, /Users/yasutakesougo/audit-management-system-mvp/src/pages/DailyRecordPage.tsx, /Users/yasutakesougo/audit-management-system-mvp/src/pages/DashboardPage.tsx, /Users/yasutakesougo/audit-management-system-mvp/src/pages/DashboardPageTabs.tsx, /Users/yasutakesougo/audit-management-system-mvp/src/pages/IcebergAnalysisPage.tsx, /Users/yasutakesougo/audit-management-system-mvp/src/pages/IndividualSupportManagementPage.tsx, /Users/yasutakesougo/audit-management-system-mvp/src/pages/SupportStepMasterPage.tsx, /Users/yasutakesougo/audit-management-system-mvp/src/pages/TimeBasedSupportRecordPage.tsx, /Users/yasutakesougo/audit-management-system-mvp/src/pages/TimeFlowSupportRecordPage.tsx, /Users/yasutakesougo/audit-management-system-mvp/src/pages/TokuseiSurveyResultsPage.tsx, dynamic import will not move module into another chunk.
[WebServer] [39m
[WebServer] [33m[plugin vite:reporter] 
[WebServer] (!) /Users/yasutakesougo/audit-management-system-mvp/node_modules/@mui/material/esm/Chip/index.js is dynamically imported by /Users/yasutakesougo/audit-management-system-mvp/src/mui/warm.ts but also statically imported by /Users/yasutakesougo/audit-management-system-mvp/node_modules/@mui/material/esm/Autocomplete/Autocomplete.js, /Users/yasutakesougo/audit-management-system-mvp/node_modules/@mui/material/esm/index.js, /Users/yasutakesougo/audit-management-system-mvp/src/features/assessment/components/AssessmentItemList.tsx, /Users/yasutakesougo/audit-management-system-mvp/src/features/assessment/components/ImportSurveyDialog.tsx, /Users/yasutakesougo/audit-management-system-mvp/src/features/auth/diagnostics/AuthDiagnosticsPanel.tsx, /Users/yasutakesougo/audit-management-system-mvp/src/features/daily/DailyRecordForm.tsx, /Users/yasutakesougo/audit-management-system-mvp/src/features/daily/DailyRecordList.tsx, /Users/yasutakesougo/audit-management-system-mvp/src/features/daily/components/split-stream/ProcedurePanel.tsx, /Users/yasutakesougo/audit-management-system-mvp/src/features/daily/components/split-stream/RecordPanel.tsx, /Users/yasutakesougo/audit-management-system-mvp/src/features/dashboard/DashboardSafetyHUD.tsx, /Users/yasutakesougo/audit-management-system-mvp/src/features/dashboard/dialogs/StaffDetailDialog.tsx, /Users/yasutakesougo/audit-management-system-mvp/src/features/dashboard/dialogs/TodoDetailDialog.tsx, /Users/yasutakesougo/audit-management-system-mvp/src/features/dashboard/dialogs/UserDetailDialog.tsx, /Users/yasutakesougo/audit-management-system-mvp/src/features/dashboard/sections/impl/HandoverSection.tsx, /Users/yasutakesougo/audit-management-system-mvp/src/features/dashboard/tabs/StaffStatusTab.tsx, /Users/yasutakesougo/audit-management-system-mvp/src/features/dashboard/tabs/TodoTab.tsx, /Users/yasutakesougo/audit-management-system-mvp/src/features/dashboard/tabs/UserStatusTab.tsx, /Users/yasutakesougo/audit-management-system-mvp/src/features/nurse/components/TagPills.tsx, /Users/yasutakesougo/audit-management-system-mvp/src/features/records/monthly/MonthlySummaryTable.tsx, /Users/yasutakesougo/audit-management-system-mvp/src/features/records/monthly/UserKpiCards.tsx, /Users/yasutakesougo/audit-management-system-mvp/src/features/schedules/components/WeekServiceSummaryChips.tsx, /Users/yasutakesougo/audit-management-system-mvp/src/features/support/SupportActivityTemplateForm.tsx, /Users/yasutakesougo/audit-management-system-mvp/src/features/support/SupportActivityTemplateList.tsx, /Users/yasutakesougo/audit-management-system-mvp/src/features/support/SupportStepTemplateForm.tsx, /Users/yasutakesougo/audit-management-system-mvp/src/features/support/SupportStepTemplateList.tsx, /Users/yasutakesougo/audit-management-system-mvp/src/features/users/UserDetailSections.tsx, /Users/yasutakesougo/audit-management-system-mvp/src/features/users/UserDetailSections/index.tsx, /Users/yasutakesougo/audit-management-system-mvp/src/pages/DailyRecordMenuPage.tsx, /Users/yasutakesougo/audit-management-system-mvp/src/pages/DailyRecordPage.tsx, /Users/yasutakesougo/audit-management-system-mvp/src/pages/DashboardPageTabs.tsx, /Users/yasutakesougo/audit-management-system-mvp/src/pages/IndividualSupportManagementPage.tsx, /Users/yasutakesougo/audit-management-system-mvp/src/pages/TimeBasedSupportRecordPage.tsx, /Users/yasutakesougo/audit-management-system-mvp/src/pages/TimeFlowSupportRecordPage.tsx, /Users/yasutakesougo/audit-management-system-mvp/src/pages/TokuseiSurveyResultsPage.tsx, dynamic import will not move module into another chunk.
[WebServer] [39m
[WebServer] [33m[plugin vite:reporter] 
[WebServer] (!) /Users/yasutakesougo/audit-management-system-mvp/node_modules/@mui/material/esm/Alert/index.js is dynamically imported by /Users/yasutakesougo/audit-management-system-mvp/src/mui/feedback.entry.ts, /Users/yasutakesougo/audit-management-system-mvp/src/mui/warm.ts but also statically imported by /Users/yasutakesougo/audit-management-system-mvp/node_modules/@mui/material/esm/index.js, /Users/yasutakesougo/audit-management-system-mvp/src/features/compliance-checklist/ChecklistPage.tsx, /Users/yasutakesougo/audit-management-system-mvp/src/features/daily/DailyRecordForm.tsx, /Users/yasutakesougo/audit-management-system-mvp/src/features/daily/components/split-stream/RecordPanel.tsx, /Users/yasutakesougo/audit-management-system-mvp/src/features/dashboard/DashboardSafetyHUD.tsx, /Users/yasutakesougo/audit-management-system-mvp/src/features/dashboard/dialogs/UserDetailDialog.tsx, /Users/yasutakesougo/audit-management-system-mvp/src/features/dashboard/layouts/DashboardLayout.tsx, /Users/yasutakesougo/audit-management-system-mvp/src/features/dashboard/sections/impl/HandoverSection.tsx, /Users/yasutakesougo/audit-management-system-mvp/src/features/nurse/components/SnackbarHost.tsx, /Users/yasutakesougo/audit-management-system-mvp/src/features/support/SupportActivityTemplateForm.tsx, /Users/yasutakesougo/audit-management-system-mvp/src/features/support/SupportStepTemplateForm.tsx, /Users/yasutakesougo/audit-management-system-mvp/src/features/users/UserDetailSections.tsx, /Users/yasutakesougo/audit-management-system-mvp/src/features/users/UserDetailSections/index.tsx, /Users/yasutakesougo/audit-management-system-mvp/src/pages/AssessmentDashboardPage.tsx, /Users/yasutakesougo/audit-management-system-mvp/src/pages/DashboardPageTabs.tsx, /Users/yasutakesougo/audit-management-system-mvp/src/pages/HealthObservationPage.tsx, /Users/yasutakesougo/audit-management-system-mvp/src/pages/IcebergAnalysisPage.tsx, /Users/yasutakesougo/audit-management-system-mvp/src/pages/IndividualSupportManagementPage.tsx, /Users/yasutakesougo/audit-management-system-mvp/src/pages/SupportActivityMasterPage.tsx, /Users/yasutakesougo/audit-management-system-mvp/src/pages/SupportStepMasterPage.tsx, /Users/yasutakesougo/audit-management-system-mvp/src/pages/TimeBasedSupportRecordPage.tsx, /Users/yasutakesougo/audit-management-system-mvp/src/pages/TimeFlowSupportRecordPage.tsx, /Users/yasutakesougo/audit-management-system-mvp/src/pages/TokuseiSurveyResultsPage.tsx, dynamic import will not move module into another chunk.
[WebServer] [39m
[WebServer] [33m[plugin vite:reporter] 
[WebServer] (!) /Users/yasutakesougo/audit-management-system-mvp/node_modules/@mui/material/esm/Card/index.js is dynamically imported by /Users/yasutakesougo/audit-management-system-mvp/src/mui/warm.ts but also statically imported by /Users/yasutakesougo/audit-management-system-mvp/node_modules/@mui/material/esm/index.js, /Users/yasutakesougo/audit-management-system-mvp/src/features/analysis/components/BehaviorHeatmap.tsx, /Users/yasutakesougo/audit-management-system-mvp/src/features/analysis/components/BehaviorTrendChart.tsx, /Users/yasutakesougo/audit-management-system-mvp/src/features/analysis/components/iceberg/IcebergCard.tsx, /Users/yasutakesougo/audit-management-system-mvp/src/features/assessment/components/AssessmentItemList.tsx, /Users/yasutakesougo/audit-management-system-mvp/src/features/assessment/components/SensoryProfilePanel.tsx, /Users/yasutakesougo/audit-management-system-mvp/src/features/daily/DailyRecordList.tsx, /Users/yasutakesougo/audit-management-system-mvp/src/features/daily/components/split-stream/ProcedurePanel.tsx, /Users/yasutakesougo/audit-management-system-mvp/src/features/daily/components/split-stream/RecordPanel.tsx, /Users/yasutakesougo/audit-management-system-mvp/src/features/dashboard/tabs/StaffStatusTab.tsx, /Users/yasutakesougo/audit-management-system-mvp/src/features/nurse/components/VitalCard.tsx, /Users/yasutakesougo/audit-management-system-mvp/src/features/nurse/observation/HealthObservationForm.tsx, /Users/yasutakesougo/audit-management-system-mvp/src/features/records/monthly/MonthlySummaryTable.tsx, /Users/yasutakesougo/audit-management-system-mvp/src/features/records/monthly/UserKpiCards.tsx, /Users/yasutakesougo/audit-management-system-mvp/src/features/records/monthly/UserProgressChart.tsx, /Users/yasutakesougo/audit-management-system-mvp/src/features/support/SupportActivityTemplateForm.tsx, /Users/yasutakesougo/audit-management-system-mvp/src/features/support/SupportActivityTemplateList.tsx, /Users/yasutakesougo/audit-management-system-mvp/src/features/support/SupportStepTemplateForm.tsx, /Users/yasutakesougo/audit-management-system-mvp/src/features/support/SupportStepTemplateList.tsx, /Users/yasutakesougo/audit-management-system-mvp/src/pages/DailyRecordMenuPage.tsx, /Users/yasutakesougo/audit-management-system-mvp/src/pages/DailyRecordPage.tsx, /Users/yasutakesougo/audit-management-system-mvp/src/pages/DashboardPage.tsx, /Users/yasutakesougo/audit-management-system-mvp/src/pages/HealthObservationPage.tsx, /Users/yasutakesougo/audit-management-system-mvp/src/pages/MonthlyRecordPage.tsx, /Users/yasutakesougo/audit-management-system-mvp/src/pages/TimeFlowSupportRecordPage.tsx, dynamic import will not move module into another chunk.
[WebServer] [39m
[WebServer] [33m[plugin vite:reporter] 
[WebServer] (!) /Users/yasutakesougo/audit-management-system-mvp/node_modules/@mui/material/esm/CardContent/index.js is dynamically imported by /Users/yasutakesougo/audit-management-system-mvp/src/mui/warm.ts but also statically imported by /Users/yasutakesougo/audit-management-system-mvp/node_modules/@mui/material/esm/index.js, /Users/yasutakesougo/audit-management-system-mvp/src/features/analysis/components/BehaviorHeatmap.tsx, /Users/yasutakesougo/audit-management-system-mvp/src/features/analysis/components/BehaviorTrendChart.tsx, /Users/yasutakesougo/audit-management-system-mvp/src/features/analysis/components/iceberg/IcebergCard.tsx, /Users/yasutakesougo/audit-management-system-mvp/src/features/assessment/components/AssessmentItemList.tsx, /Users/yasutakesougo/audit-management-system-mvp/src/features/assessment/components/SensoryProfilePanel.tsx, /Users/yasutakesougo/audit-management-system-mvp/src/features/daily/DailyRecordList.tsx, /Users/yasutakesougo/audit-management-system-mvp/src/features/daily/components/split-stream/ProcedurePanel.tsx, /Users/yasutakesougo/audit-management-system-mvp/src/features/daily/components/split-stream/RecordPanel.tsx, /Users/yasutakesougo/audit-management-system-mvp/src/features/dashboard/tabs/StaffStatusTab.tsx, /Users/yasutakesougo/audit-management-system-mvp/src/features/nurse/components/VitalCard.tsx, /Users/yasutakesougo/audit-management-system-mvp/src/features/nurse/observation/HealthObservationForm.tsx, /Users/yasutakesougo/audit-management-system-mvp/src/features/records/monthly/MonthlySummaryTable.tsx, /Users/yasutakesougo/audit-management-system-mvp/src/features/records/monthly/UserKpiCards.tsx, /Users/yasutakesougo/audit-management-system-mvp/src/features/records/monthly/UserProgressChart.tsx, /Users/yasutakesougo/audit-management-system-mvp/src/features/support/SupportActivityTemplateForm.tsx, /Users/yasutakesougo/audit-management-system-mvp/src/features/support/SupportActivityTemplateList.tsx, /Users/yasutakesougo/audit-management-system-mvp/src/features/support/SupportStepTemplateForm.tsx, /Users/yasutakesougo/audit-management-system-mvp/src/features/support/SupportStepTemplateList.tsx, /Users/yasutakesougo/audit-management-system-mvp/src/pages/DailyRecordMenuPage.tsx, /Users/yasutakesougo/audit-management-system-mvp/src/pages/DailyRecordPage.tsx, /Users/yasutakesougo/audit-management-system-mvp/src/pages/DashboardPage.tsx, /Users/yasutakesougo/audit-management-system-mvp/src/pages/HealthObservationPage.tsx, /Users/yasutakesougo/audit-management-system-mvp/src/pages/MonthlyRecordPage.tsx, /Users/yasutakesougo/audit-management-system-mvp/src/pages/TimeFlowSupportRecordPage.tsx, dynamic import will not move module into another chunk.
[WebServer] [39m
[WebServer] [33m[plugin vite:reporter] 
[WebServer] (!) /Users/yasutakesougo/audit-management-system-mvp/node_modules/@mui/material/esm/Dialog/index.js is dynamically imported by /Users/yasutakesougo/audit-management-system-mvp/src/mui/overlay.entry.ts, /Users/yasutakesougo/audit-management-system-mvp/src/mui/warm.ts but also statically imported by /Users/yasutakesougo/audit-management-system-mvp/node_modules/@mui/material/esm/index.js, /Users/yasutakesougo/audit-management-system-mvp/src/app/AppShell.tsx, /Users/yasutakesougo/audit-management-system-mvp/src/features/assessment/components/AssessmentItemList.tsx, /Users/yasutakesougo/audit-management-system-mvp/src/features/assessment/components/ImportSurveyDialog.tsx, /Users/yasutakesougo/audit-management-system-mvp/src/features/daily/DailyRecordForm.tsx, /Users/yasutakesougo/audit-management-system-mvp/src/features/daily/components/procedure/ProcedureEditor.tsx, /Users/yasutakesougo/audit-management-system-mvp/src/features/dashboard/dialogs/StaffDetailDialog.tsx, /Users/yasutakesougo/audit-management-system-mvp/src/features/dashboard/dialogs/TodoDetailDialog.tsx, /Users/yasutakesougo/audit-management-system-mvp/src/features/dashboard/dialogs/UserDetailDialog.tsx, /Users/yasutakesougo/audit-management-system-mvp/src/features/nurse/components/VitalCard.tsx, /Users/yasutakesougo/audit-management-system-mvp/src/features/nurse/observation/HealthObservationForm.tsx, /Users/yasutakesougo/audit-management-system-mvp/src/features/schedules/components/SchedulesFilterResponsive.tsx, /Users/yasutakesougo/audit-management-system-mvp/src/features/settings/SettingsDialog.tsx, /Users/yasutakesougo/audit-management-system-mvp/src/features/support/SupportActivityTemplateForm.tsx, /Users/yasutakesougo/audit-management-system-mvp/src/features/users/UsersPanel/index.tsx, dynamic import will not move module into another chunk.
[WebServer] [39m
[WebServer] [33m[plugin vite:reporter] 
[WebServer] (!) /Users/yasutakesougo/audit-management-system-mvp/node_modules/@mui/material/esm/DialogActions/index.js is dynamically imported by /Users/yasutakesougo/audit-management-system-mvp/src/mui/warm.ts but also statically imported by /Users/yasutakesougo/audit-management-system-mvp/node_modules/@mui/material/esm/index.js, /Users/yasutakesougo/audit-management-system-mvp/src/features/assessment/components/AssessmentItemList.tsx, /Users/yasutakesougo/audit-management-system-mvp/src/features/assessment/components/ImportSurveyDialog.tsx, /Users/yasutakesougo/audit-management-system-mvp/src/features/daily/DailyRecordForm.tsx, /Users/yasutakesougo/audit-management-system-mvp/src/features/daily/components/procedure/ProcedureEditor.tsx, /Users/yasutakesougo/audit-management-system-mvp/src/features/dashboard/dialogs/StaffDetailDialog.tsx, /Users/yasutakesougo/audit-management-system-mvp/src/features/dashboard/dialogs/TodoDetailDialog.tsx, /Users/yasutakesougo/audit-management-system-mvp/src/features/dashboard/dialogs/UserDetailDialog.tsx, /Users/yasutakesougo/audit-management-system-mvp/src/features/nurse/components/VitalCard.tsx, /Users/yasutakesougo/audit-management-system-mvp/src/features/nurse/observation/HealthObservationForm.tsx, /Users/yasutakesougo/audit-management-system-mvp/src/features/schedules/components/SchedulesFilterResponsive.tsx, /Users/yasutakesougo/audit-management-system-mvp/src/features/support/SupportActivityTemplateForm.tsx, dynamic import will not move module into another chunk.
[WebServer] [39m
[WebServer] [33m[plugin vite:reporter] 
[WebServer] (!) /Users/yasutakesougo/audit-management-system-mvp/node_modules/@mui/material/esm/DialogContent/index.js is dynamically imported by /Users/yasutakesougo/audit-management-system-mvp/src/mui/warm.ts but also statically imported by /Users/yasutakesougo/audit-management-system-mvp/node_modules/@mui/material/esm/index.js, /Users/yasutakesougo/audit-management-system-mvp/src/app/AppShell.tsx, /Users/yasutakesougo/audit-management-system-mvp/src/features/assessment/components/AssessmentItemList.tsx, /Users/yasutakesougo/audit-management-system-mvp/src/features/assessment/components/ImportSurveyDialog.tsx, /Users/yasutakesougo/audit-management-system-mvp/src/features/daily/DailyRecordForm.tsx, /Users/yasutakesougo/audit-management-system-mvp/src/features/daily/components/procedure/ProcedureEditor.tsx, /Users/yasutakesougo/audit-management-system-mvp/src/features/dashboard/dialogs/StaffDetailDialog.tsx, /Users/yasutakesougo/audit-management-system-mvp/src/features/dashboard/dialogs/TodoDetailDialog.tsx, /Users/yasutakesougo/audit-management-system-mvp/src/features/dashboard/dialogs/UserDetailDialog.tsx, /Users/yasutakesougo/audit-management-system-mvp/src/features/nurse/components/VitalCard.tsx, /Users/yasutakesougo/audit-management-system-mvp/src/features/nurse/observation/HealthObservationForm.tsx, /Users/yasutakesougo/audit-management-system-mvp/src/features/schedules/components/SchedulesFilterResponsive.tsx, /Users/yasutakesougo/audit-management-system-mvp/src/features/settings/SettingsDialog.tsx, /Users/yasutakesougo/audit-management-system-mvp/src/features/support/SupportActivityTemplateForm.tsx, /Users/yasutakesougo/audit-management-system-mvp/src/features/users/UsersPanel/index.tsx, dynamic import will not move module into another chunk.
[WebServer] [39m
[WebServer] [33m[plugin vite:reporter] 
[WebServer] (!) /Users/yasutakesougo/audit-management-system-mvp/node_modules/@mui/material/esm/DialogTitle/index.js is dynamically imported by /Users/yasutakesougo/audit-management-system-mvp/src/mui/warm.ts but also statically imported by /Users/yasutakesougo/audit-management-system-mvp/node_modules/@mui/material/esm/index.js, /Users/yasutakesougo/audit-management-system-mvp/src/app/AppShell.tsx, /Users/yasutakesougo/audit-management-system-mvp/src/features/assessment/components/AssessmentItemList.tsx, /Users/yasutakesougo/audit-management-system-mvp/src/features/assessment/components/ImportSurveyDialog.tsx, /Users/yasutakesougo/audit-management-system-mvp/src/features/daily/DailyRecordForm.tsx, /Users/yasutakesougo/audit-management-system-mvp/src/features/daily/components/procedure/ProcedureEditor.tsx, /Users/yasutakesougo/audit-management-system-mvp/src/features/dashboard/dialogs/StaffDetailDialog.tsx, /Users/yasutakesougo/audit-management-system-mvp/src/features/dashboard/dialogs/TodoDetailDialog.tsx, /Users/yasutakesougo/audit-management-system-mvp/src/features/dashboard/dialogs/UserDetailDialog.tsx, /Users/yasutakesougo/audit-management-system-mvp/src/features/nurse/components/VitalCard.tsx, /Users/yasutakesougo/audit-management-system-mvp/src/features/nurse/observation/HealthObservationForm.tsx, /Users/yasutakesougo/audit-management-system-mvp/src/features/schedules/components/SchedulesFilterResponsive.tsx, /Users/yasutakesougo/audit-management-system-mvp/src/features/settings/SettingsDialog.tsx, /Users/yasutakesougo/audit-management-system-mvp/src/features/support/SupportActivityTemplateForm.tsx, dynamic import will not move module into another chunk.
[WebServer] [39m
[WebServer] [33m[plugin vite:reporter] 
[WebServer] (!) /Users/yasutakesougo/audit-management-system-mvp/node_modules/@mui/material/esm/MenuItem/index.js is dynamically imported by /Users/yasutakesougo/audit-management-system-mvp/src/mui/warm.ts but also statically imported by /Users/yasutakesougo/audit-management-system-mvp/node_modules/@mui/material/esm/TablePagination/TablePagination.js, /Users/yasutakesougo/audit-management-system-mvp/node_modules/@mui/material/esm/index.js, /Users/yasutakesougo/audit-management-system-mvp/src/features/assessment/components/AssessmentItemList.tsx, /Users/yasutakesougo/audit-management-system-mvp/src/features/daily/DailyRecordForm.tsx, /Users/yasutakesougo/audit-management-system-mvp/src/features/daily/DailyRecordList.tsx, /Users/yasutakesougo/audit-management-system-mvp/src/features/nurse/observation/HealthObservationForm.tsx, /Users/yasutakesougo/audit-management-system-mvp/src/features/records/monthly/MonthlySummaryTable.tsx, /Users/yasutakesougo/audit-management-system-mvp/src/features/schedules/routes/WeekView.tsx, /Users/yasutakesougo/audit-management-system-mvp/src/features/support/SupportActivityTemplateForm.tsx, /Users/yasutakesougo/audit-management-system-mvp/src/features/support/SupportActivityTemplateList.tsx, /Users/yasutakesougo/audit-management-system-mvp/src/features/support/SupportStepTemplateForm.tsx, /Users/yasutakesougo/audit-management-system-mvp/src/features/support/SupportStepTemplateList.tsx, /Users/yasutakesougo/audit-management-system-mvp/src/pages/AnalysisDashboardPage.tsx, /Users/yasutakesougo/audit-management-system-mvp/src/pages/AssessmentDashboardPage.tsx, /Users/yasutakesougo/audit-management-system-mvp/src/pages/DailyRecordPage.tsx, /Users/yasutakesougo/audit-management-system-mvp/src/pages/IcebergAnalysisPage.tsx, /Users/yasutakesougo/audit-management-system-mvp/src/pages/MonthlyRecordPage.tsx, /Users/yasutakesougo/audit-management-system-mvp/src/pages/TimeBasedSupportRecordPage.tsx, /Users/yasutakesougo/audit-management-system-mvp/src/pages/TokuseiSurveyResultsPage.tsx, dynamic import will not move module into another chunk.
[WebServer] [39m
[WebServer] [33m[plugin vite:reporter] 
[WebServer] (!) /Users/yasutakesougo/audit-management-system-mvp/node_modules/@mui/material/esm/Select/index.js is dynamically imported by /Users/yasutakesougo/audit-management-system-mvp/src/mui/forms.entry.ts, /Users/yasutakesougo/audit-management-system-mvp/src/mui/warm.ts but also statically imported by /Users/yasutakesougo/audit-management-system-mvp/node_modules/@mui/material/esm/TablePagination/TablePagination.js, /Users/yasutakesougo/audit-management-system-mvp/node_modules/@mui/material/esm/TextField/TextField.js, /Users/yasutakesougo/audit-management-system-mvp/node_modules/@mui/material/esm/index.js, /Users/yasutakesougo/audit-management-system-mvp/src/features/assessment/components/AssessmentItemList.tsx, /Users/yasutakesougo/audit-management-system-mvp/src/features/daily/DailyRecordForm.tsx, /Users/yasutakesougo/audit-management-system-mvp/src/features/records/monthly/MonthlySummaryTable.tsx, /Users/yasutakesougo/audit-management-system-mvp/src/features/support/SupportActivityTemplateForm.tsx, /Users/yasutakesougo/audit-management-system-mvp/src/features/support/SupportActivityTemplateList.tsx, /Users/yasutakesougo/audit-management-system-mvp/src/features/support/SupportStepTemplateForm.tsx, /Users/yasutakesougo/audit-management-system-mvp/src/features/support/SupportStepTemplateList.tsx, /Users/yasutakesougo/audit-management-system-mvp/src/pages/AnalysisDashboardPage.tsx, /Users/yasutakesougo/audit-management-system-mvp/src/pages/AssessmentDashboardPage.tsx, /Users/yasutakesougo/audit-management-system-mvp/src/pages/DailyRecordPage.tsx, /Users/yasutakesougo/audit-management-system-mvp/src/pages/IcebergAnalysisPage.tsx, /Users/yasutakesougo/audit-management-system-mvp/src/pages/TimeBasedSupportRecordPage.tsx, /Users/yasutakesougo/audit-management-system-mvp/src/pages/TokuseiSurveyResultsPage.tsx, dynamic import will not move module into another chunk.
[WebServer] [39m
[WebServer] [33m[plugin vite:reporter] 
[WebServer] (!) /Users/yasutakesougo/audit-management-system-mvp/node_modules/@mui/material/esm/Snackbar/index.js is dynamically imported by /Users/yasutakesougo/audit-management-system-mvp/src/mui/feedback.entry.ts, /Users/yasutakesougo/audit-management-system-mvp/src/mui/warm.ts but also statically imported by /Users/yasutakesougo/audit-management-system-mvp/node_modules/@mui/material/esm/index.js, /Users/yasutakesougo/audit-management-system-mvp/src/features/nurse/components/SnackbarHost.tsx, /Users/yasutakesougo/audit-management-system-mvp/src/pages/AssessmentDashboardPage.tsx, /Users/yasutakesougo/audit-management-system-mvp/src/pages/IndividualSupportManagementPage.tsx, /Users/yasutakesougo/audit-management-system-mvp/src/pages/SupportActivityMasterPage.tsx, /Users/yasutakesougo/audit-management-system-mvp/src/pages/SupportStepMasterPage.tsx, /Users/yasutakesougo/audit-management-system-mvp/src/pages/TimeBasedSupportRecordPage.tsx, dynamic import will not move module into another chunk.
[WebServer] [39m
[WebServer] [33m[plugin vite:reporter] 
[WebServer] (!) /Users/yasutakesougo/audit-management-system-mvp/node_modules/@mui/material/esm/Switch/index.js is dynamically imported by /Users/yasutakesougo/audit-management-system-mvp/src/mui/warm.ts but also statically imported by /Users/yasutakesougo/audit-management-system-mvp/node_modules/@mui/material/esm/index.js, /Users/yasutakesougo/audit-management-system-mvp/src/features/settings/SettingsDialog.tsx, /Users/yasutakesougo/audit-management-system-mvp/src/features/support/SupportStepTemplateForm.tsx, /Users/yasutakesougo/audit-management-system-mvp/src/pages/IndividualSupportManagementPage.tsx, dynamic import will not move module into another chunk.
[WebServer] [39m
[WebServer] [33m[plugin vite:reporter] 
[WebServer] (!) /Users/yasutakesougo/audit-management-system-mvp/node_modules/@mui/material/esm/Table/index.js is dynamically imported by /Users/yasutakesougo/audit-management-system-mvp/src/mui/data.entry.ts, /Users/yasutakesougo/audit-management-system-mvp/src/mui/warm.ts but also statically imported by /Users/yasutakesougo/audit-management-system-mvp/node_modules/@mui/material/esm/index.js, /Users/yasutakesougo/audit-management-system-mvp/src/features/records/monthly/MonthlySummaryTable.tsx, /Users/yasutakesougo/audit-management-system-mvp/src/features/users/UsersPanel/UsersList.tsx, /Users/yasutakesougo/audit-management-system-mvp/src/pages/MonthlyRecordPage.tsx, dynamic import will not move module into another chunk.
[WebServer] [39m
[WebServer] [33m[plugin vite:reporter] 
[WebServer] (!) /Users/yasutakesougo/audit-management-system-mvp/node_modules/@mui/material/esm/TableBody/index.js is dynamically imported by /Users/yasutakesougo/audit-management-system-mvp/src/mui/data.entry.ts, /Users/yasutakesougo/audit-management-system-mvp/src/mui/warm.ts but also statically imported by /Users/yasutakesougo/audit-management-system-mvp/node_modules/@mui/material/esm/index.js, /Users/yasutakesougo/audit-management-system-mvp/src/features/records/monthly/MonthlySummaryTable.tsx, /Users/yasutakesougo/audit-management-system-mvp/src/features/users/UsersPanel/UsersList.tsx, /Users/yasutakesougo/audit-management-system-mvp/src/pages/MonthlyRecordPage.tsx, dynamic import will not move module into another chunk.
[WebServer] [39m
[WebServer] [33m[plugin vite:reporter] 
[WebServer] (!) /Users/yasutakesougo/audit-management-system-mvp/node_modules/@mui/material/esm/TableCell/index.js is dynamically imported by /Users/yasutakesougo/audit-management-system-mvp/src/mui/data.entry.ts, /Users/yasutakesougo/audit-management-system-mvp/src/mui/warm.ts but also statically imported by /Users/yasutakesougo/audit-management-system-mvp/node_modules/@mui/material/esm/TablePagination/TablePagination.js, /Users/yasutakesougo/audit-management-system-mvp/node_modules/@mui/material/esm/index.js, /Users/yasutakesougo/audit-management-system-mvp/src/features/records/monthly/MonthlySummaryTable.tsx, /Users/yasutakesougo/audit-management-system-mvp/src/features/users/UsersPanel/UsersList.tsx, /Users/yasutakesougo/audit-management-system-mvp/src/pages/MonthlyRecordPage.tsx, dynamic import will not move module into another chunk.
[WebServer] [39m
[WebServer] [33m[plugin vite:reporter] 
[WebServer] (!) /Users/yasutakesougo/audit-management-system-mvp/node_modules/@mui/material/esm/TableContainer/index.js is dynamically imported by /Users/yasutakesougo/audit-management-system-mvp/src/mui/data.entry.ts, /Users/yasutakesougo/audit-management-system-mvp/src/mui/warm.ts but also statically imported by /Users/yasutakesougo/audit-management-system-mvp/node_modules/@mui/material/esm/index.js, /Users/yasutakesougo/audit-management-system-mvp/src/features/records/monthly/MonthlySummaryTable.tsx, /Users/yasutakesougo/audit-management-system-mvp/src/features/users/UsersPanel/UsersList.tsx, dynamic import will not move module into another chunk.
[WebServer] [39m
[WebServer] [33m[plugin vite:reporter] 
[WebServer] (!) /Users/yasutakesougo/audit-management-system-mvp/node_modules/@mui/material/esm/TableHead/index.js is dynamically imported by /Users/yasutakesougo/audit-management-system-mvp/src/mui/data.entry.ts, /Users/yasutakesougo/audit-management-system-mvp/src/mui/warm.ts but also statically imported by /Users/yasutakesougo/audit-management-system-mvp/node_modules/@mui/material/esm/index.js, /Users/yasutakesougo/audit-management-system-mvp/src/features/records/monthly/MonthlySummaryTable.tsx, /Users/yasutakesougo/audit-management-system-mvp/src/features/users/UsersPanel/UsersList.tsx, /Users/yasutakesougo/audit-management-system-mvp/src/pages/MonthlyRecordPage.tsx, dynamic import will not move module into another chunk.
[WebServer] [39m
[WebServer] [33m[plugin vite:reporter] 
[WebServer] (!) /Users/yasutakesougo/audit-management-system-mvp/node_modules/@mui/material/esm/TableRow/index.js is dynamically imported by /Users/yasutakesougo/audit-management-system-mvp/src/mui/data.entry.ts, /Users/yasutakesougo/audit-management-system-mvp/src/mui/warm.ts but also statically imported by /Users/yasutakesougo/audit-management-system-mvp/node_modules/@mui/material/esm/index.js, /Users/yasutakesougo/audit-management-system-mvp/src/features/records/monthly/MonthlySummaryTable.tsx, /Users/yasutakesougo/audit-management-system-mvp/src/features/users/UsersPanel/UsersList.tsx, /Users/yasutakesougo/audit-management-system-mvp/src/pages/MonthlyRecordPage.tsx, dynamic import will not move module into another chunk.
[WebServer] [39m
[WebServer] [33m[plugin vite:reporter] 
[WebServer] (!) /Users/yasutakesougo/audit-management-system-mvp/node_modules/@mui/material/esm/TextField/index.js is dynamically imported by /Users/yasutakesougo/audit-management-system-mvp/src/mui/forms.entry.ts, /Users/yasutakesougo/audit-management-system-mvp/src/mui/warm.ts but also statically imported by /Users/yasutakesougo/audit-management-system-mvp/node_modules/@mui/material/esm/index.js, /Users/yasutakesougo/audit-management-system-mvp/src/app/AppShell.tsx, /Users/yasutakesougo/audit-management-system-mvp/src/features/assessment/components/AssessmentItemList.tsx, /Users/yasutakesougo/audit-management-system-mvp/src/features/compliance-checklist/ChecklistPage.tsx, /Users/yasutakesougo/audit-management-system-mvp/src/features/daily/DailyRecordForm.tsx, /Users/yasutakesougo/audit-management-system-mvp/src/features/daily/components/procedure/ProcedureEditor.tsx, /Users/yasutakesougo/audit-management-system-mvp/src/features/daily/components/split-stream/RecordPanel.tsx, /Users/yasutakesougo/audit-management-system-mvp/src/features/nurse/components/VitalCard.tsx, /Users/yasutakesougo/audit-management-system-mvp/src/features/nurse/observation/HealthObservationForm.tsx, /Users/yasutakesougo/audit-management-system-mvp/src/features/records/monthly/MonthlySummaryTable.tsx, /Users/yasutakesougo/audit-management-system-mvp/src/features/support/SupportActivityTemplateForm.tsx, /Users/yasutakesougo/audit-management-system-mvp/src/features/support/SupportActivityTemplateList.tsx, /Users/yasutakesougo/audit-management-system-mvp/src/features/support/SupportStepTemplateForm.tsx, /Users/yasutakesougo/audit-management-system-mvp/src/features/support/SupportStepTemplateList.tsx, /Users/yasutakesougo/audit-management-system-mvp/src/features/users/UsersPanel/UsersCreateForm.tsx, /Users/yasutakesougo/audit-management-system-mvp/src/features/users/UsersPanel/UsersList.tsx, /Users/yasutakesougo/audit-management-system-mvp/src/pages/DailyRecordPage.tsx, /Users/yasutakesougo/audit-management-system-mvp/src/pages/IndividualSupportManagementPage.tsx, /Users/yasutakesougo/audit-management-system-mvp/src/pages/MonthlyRecordPage.tsx, /Users/yasutakesougo/audit-management-system-mvp/src/pages/TimeFlowSupportRecordPage.tsx, dynamic import will not move module into another chunk.
[WebServer] [39m
[WebServer] [33m[plugin vite:reporter] 
[WebServer] (!) /Users/yasutakesougo/audit-management-system-mvp/src/features/audit/useAuditSyncBatch.core.ts is dynamically imported by /Users/yasutakesougo/audit-management-system-mvp/src/features/audit/useAuditSyncBatch.ts but also statically imported by /Users/yasutakesougo/audit-management-system-mvp/src/features/audit/useAuditSyncBatch.ts, dynamic import will not move module into another chunk.
[WebServer] [39m
[WebServer] [33m[plugin vite:reporter] 
[WebServer] (!) /Users/yasutakesougo/audit-management-system-mvp/node_modules/firebase/auth/dist/esm/index.esm.js is dynamically imported by /Users/yasutakesougo/audit-management-system-mvp/src/infra/firestore/auth.ts but also statically imported by /Users/yasutakesougo/audit-management-system-mvp/src/infra/firestore/auth.ts, dynamic import will not move module into another chunk.
[WebServer] [39m
[WebServer] [33m[plugin vite:reporter] 
[WebServer] (!) /Users/yasutakesougo/audit-management-system-mvp/node_modules/@mui/material/esm/Paper/index.js is dynamically imported by /Users/yasutakesougo/audit-management-system-mvp/src/mui/data.entry.ts, /Users/yasutakesougo/audit-management-system-mvp/src/mui/warm.ts but also statically imported by /Users/yasutakesougo/audit-management-system-mvp/node_modules/@mui/material/esm/Accordion/Accordion.js, /Users/yasutakesougo/audit-management-system-mvp/node_modules/@mui/material/esm/Alert/Alert.js, /Users/yasutakesougo/audit-management-system-mvp/node_modules/@mui/material/esm/AppBar/AppBar.js, /Users/yasutakesougo/audit-management-system-mvp/node_modules/@mui/material/esm/Autocomplete/Autocomplete.js, /Users/yasutakesougo/audit-management-system-mvp/node_modules/@mui/material/esm/Card/Card.js, /Users/yasutakesougo/audit-management-system-mvp/node_modules/@mui/material/esm/Dialog/Dialog.js, /Users/yasutakesougo/audit-management-system-mvp/node_modules/@mui/material/esm/Drawer/Drawer.js, /Users/yasutakesougo/audit-management-system-mvp/node_modules/@mui/material/esm/MobileStepper/MobileStepper.js, /Users/yasutakesougo/audit-management-system-mvp/node_modules/@mui/material/esm/Popover/Popover.js, /Users/yasutakesougo/audit-management-system-mvp/node_modules/@mui/material/esm/SnackbarContent/SnackbarContent.js, /Users/yasutakesougo/audit-management-system-mvp/node_modules/@mui/material/esm/index.js, /Users/yasutakesougo/audit-management-system-mvp/src/app/AppShell.tsx, /Users/yasutakesougo/audit-management-system-mvp/src/app/ProtectedRoute.tsx, /Users/yasutakesougo/audit-management-system-mvp/src/components/RequireAudience.tsx, /Users/yasutakesougo/audit-management-system-mvp/src/features/auth/diagnostics/AuthDiagnosticsPanel.tsx, /Users/yasutakesougo/audit-management-system-mvp/src/features/compliance-checklist/ChecklistPage.tsx, /Users/yasutakesougo/audit-management-system-mvp/src/features/daily/DailyRecordForm.tsx, /Users/yasutakesougo/audit-management-system-mvp/src/features/daily/components/split-stream/RecordPanel.tsx, /Users/yasutakesougo/audit-management-system-mvp/src/features/dashboard/DashboardSafetyHUD.tsx, /Users/yasutakesougo/audit-management-system-mvp/src/features/dashboard/sections/impl/AttendanceSection.tsx, /Users/yasutakesougo/audit-management-system-mvp/src/features/dashboard/sections/impl/DailySection.tsx, /Users/yasutakesougo/audit-management-system-mvp/src/features/dashboard/sections/impl/HandoverSection.tsx, /Users/yasutakesougo/audit-management-system-mvp/src/features/dashboard/sections/impl/ScheduleSection.tsx, /Users/yasutakesougo/audit-management-system-mvp/src/features/dashboard/sections/impl/StatsSection.tsx, /Users/yasutakesougo/audit-management-system-mvp/src/features/nurse/observation/HealthObservationForm.tsx, /Users/yasutakesougo/audit-management-system-mvp/src/features/nurse/routes/NurseRoutes.tsx, /Users/yasutakesougo/audit-management-system-mvp/src/features/records/monthly/MonthlySummaryTable.tsx, /Users/yasutakesougo/audit-management-system-mvp/src/features/schedules/routes/DevScheduleCreateDialogPage.tsx, /Users/yasutakesougo/audit-management-system-mvp/src/features/staff/attendance/StaffAttendanceInput.tsx, /Users/yasutakesougo/audit-management-system-mvp/src/features/users/UserDetailSections.tsx, /Users/yasutakesougo/audit-management-system-mvp/src/features/users/UserDetailSections/index.tsx, /Users/yasutakesougo/audit-management-system-mvp/src/features/users/UsersPanel/UsersList.tsx, /Users/yasutakesougo/audit-management-system-mvp/src/features/users/UsersPanel/index.tsx, /Users/yasutakesougo/audit-management-system-mvp/src/pages/AnalysisDashboardPage.tsx, /Users/yasutakesougo/audit-management-system-mvp/src/pages/AssessmentDashboardPage.tsx, /Users/yasutakesougo/audit-management-system-mvp/src/pages/DailyRecordMenuPage.tsx, /Users/yasutakesougo/audit-management-system-mvp/src/pages/DailyRecordPage.tsx, /Users/yasutakesougo/audit-management-system-mvp/src/pages/DashboardPage.tsx, /Users/yasutakesougo/audit-management-system-mvp/src/pages/DashboardPageTabs.tsx, /Users/yasutakesougo/audit-management-system-mvp/src/pages/IcebergAnalysisPage.tsx, /Users/yasutakesougo/audit-management-system-mvp/src/pages/IndividualSupportManagementPage.tsx, /Users/yasutakesougo/audit-management-system-mvp/src/pages/SupportStepMasterPage.tsx, /Users/yasutakesougo/audit-management-system-mvp/src/pages/TimeBasedSupportRecordPage.tsx, /Users/yasutakesougo/audit-management-system-mvp/src/pages/TimeFlowSupportRecordPage.tsx, /Users/yasutakesougo/audit-management-system-mvp/src/pages/TokuseiSurveyResultsPage.tsx, dynamic import will not move module into another chunk.
[WebServer] [39m
[WebServer] [33m[plugin vite:reporter] 
[WebServer] (!) /Users/yasutakesougo/audit-management-system-mvp/node_modules/@mui/material/esm/Chip/index.js is dynamically imported by /Users/yasutakesougo/audit-management-system-mvp/src/mui/warm.ts but also statically imported by /Users/yasutakesougo/audit-management-system-mvp/node_modules/@mui/material/esm/Autocomplete/Autocomplete.js, /Users/yasutakesougo/audit-management-system-mvp/node_modules/@mui/material/esm/index.js, /Users/yasutakesougo/audit-management-system-mvp/src/features/assessment/components/AssessmentItemList.tsx, /Users/yasutakesougo/audit-management-system-mvp/src/features/assessment/components/ImportSurveyDialog.tsx, /Users/yasutakesougo/audit-management-system-mvp/src/features/auth/diagnostics/AuthDiagnosticsPanel.tsx, /Users/yasutakesougo/audit-management-system-mvp/src/features/daily/DailyRecordForm.tsx, /Users/yasutakesougo/audit-management-system-mvp/src/features/daily/DailyRecordList.tsx, /Users/yasutakesougo/audit-management-system-mvp/src/features/daily/components/split-stream/ProcedurePanel.tsx, /Users/yasutakesougo/audit-management-system-mvp/src/features/daily/components/split-stream/RecordPanel.tsx, /Users/yasutakesougo/audit-management-system-mvp/src/features/dashboard/DashboardSafetyHUD.tsx, /Users/yasutakesougo/audit-management-system-mvp/src/features/dashboard/dialogs/StaffDetailDialog.tsx, /Users/yasutakesougo/audit-management-system-mvp/src/features/dashboard/dialogs/TodoDetailDialog.tsx, /Users/yasutakesougo/audit-management-system-mvp/src/features/dashboard/dialogs/UserDetailDialog.tsx, /Users/yasutakesougo/audit-management-system-mvp/src/features/dashboard/sections/impl/HandoverSection.tsx, /Users/yasutakesougo/audit-management-system-mvp/src/features/dashboard/tabs/StaffStatusTab.tsx, /Users/yasutakesougo/audit-management-system-mvp/src/features/dashboard/tabs/TodoTab.tsx, /Users/yasutakesougo/audit-management-system-mvp/src/features/dashboard/tabs/UserStatusTab.tsx, /Users/yasutakesougo/audit-management-system-mvp/src/features/nurse/components/TagPills.tsx, /Users/yasutakesougo/audit-management-system-mvp/src/features/records/monthly/MonthlySummaryTable.tsx, /Users/yasutakesougo/audit-management-system-mvp/src/features/records/monthly/UserKpiCards.tsx, /Users/yasutakesougo/audit-management-system-mvp/src/features/schedules/components/WeekServiceSummaryChips.tsx, /Users/yasutakesougo/audit-management-system-mvp/src/features/support/SupportActivityTemplateForm.tsx, /Users/yasutakesougo/audit-management-system-mvp/src/features/support/SupportActivityTemplateList.tsx, /Users/yasutakesougo/audit-management-system-mvp/src/features/support/SupportStepTemplateForm.tsx, /Users/yasutakesougo/audit-management-system-mvp/src/features/support/SupportStepTemplateList.tsx, /Users/yasutakesougo/audit-management-system-mvp/src/features/users/UserDetailSections.tsx, /Users/yasutakesougo/audit-management-system-mvp/src/features/users/UserDetailSections/index.tsx, /Users/yasutakesougo/audit-management-system-mvp/src/pages/DailyRecordMenuPage.tsx, /Users/yasutakesougo/audit-management-system-mvp/src/pages/DailyRecordPage.tsx, /Users/yasutakesougo/audit-management-system-mvp/src/pages/DashboardPageTabs.tsx, /Users/yasutakesougo/audit-management-system-mvp/src/pages/IndividualSupportManagementPage.tsx, /Users/yasutakesougo/audit-management-system-mvp/src/pages/TimeBasedSupportRecordPage.tsx, /Users/yasutakesougo/audit-management-system-mvp/src/pages/TimeFlowSupportRecordPage.tsx, /Users/yasutakesougo/audit-management-system-mvp/src/pages/TokuseiSurveyResultsPage.tsx, dynamic import will not move module into another chunk.
[WebServer] [39m
[WebServer] [33m[plugin vite:reporter] 
[WebServer] (!) /Users/yasutakesougo/audit-management-system-mvp/node_modules/@mui/material/esm/Alert/index.js is dynamically imported by /Users/yasutakesougo/audit-management-system-mvp/src/mui/feedback.entry.ts, /Users/yasutakesougo/audit-management-system-mvp/src/mui/warm.ts but also statically imported by /Users/yasutakesougo/audit-management-system-mvp/node_modules/@mui/material/esm/index.js, /Users/yasutakesougo/audit-management-system-mvp/src/features/compliance-checklist/ChecklistPage.tsx, /Users/yasutakesougo/audit-management-system-mvp/src/features/daily/DailyRecordForm.tsx, /Users/yasutakesougo/audit-management-system-mvp/src/features/daily/components/split-stream/RecordPanel.tsx, /Users/yasutakesougo/audit-management-system-mvp/src/features/dashboard/DashboardSafetyHUD.tsx, /Users/yasutakesougo/audit-management-system-mvp/src/features/dashboard/dialogs/UserDetailDialog.tsx, /Users/yasutakesougo/audit-management-system-mvp/src/features/dashboard/layouts/DashboardLayout.tsx, /Users/yasutakesougo/audit-management-system-mvp/src/features/dashboard/sections/impl/HandoverSection.tsx, /Users/yasutakesougo/audit-management-system-mvp/src/features/nurse/components/SnackbarHost.tsx, /Users/yasutakesougo/audit-management-system-mvp/src/features/support/SupportActivityTemplateForm.tsx, /Users/yasutakesougo/audit-management-system-mvp/src/features/support/SupportStepTemplateForm.tsx, /Users/yasutakesougo/audit-management-system-mvp/src/features/users/UserDetailSections.tsx, /Users/yasutakesougo/audit-management-system-mvp/src/features/users/UserDetailSections/index.tsx, /Users/yasutakesougo/audit-management-system-mvp/src/pages/AssessmentDashboardPage.tsx, /Users/yasutakesougo/audit-management-system-mvp/src/pages/DashboardPageTabs.tsx, /Users/yasutakesougo/audit-management-system-mvp/src/pages/HealthObservationPage.tsx, /Users/yasutakesougo/audit-management-system-mvp/src/pages/IcebergAnalysisPage.tsx, /Users/yasutakesougo/audit-management-system-mvp/src/pages/IndividualSupportManagementPage.tsx, /Users/yasutakesougo/audit-management-system-mvp/src/pages/SupportActivityMasterPage.tsx, /Users/yasutakesougo/audit-management-system-mvp/src/pages/SupportStepMasterPage.tsx, /Users/yasutakesougo/audit-management-system-mvp/src/pages/TimeBasedSupportRecordPage.tsx, /Users/yasutakesougo/audit-management-system-mvp/src/pages/TimeFlowSupportRecordPage.tsx, /Users/yasutakesougo/audit-management-system-mvp/src/pages/TokuseiSurveyResultsPage.tsx, dynamic import will not move module into another chunk.
[WebServer] [39m
[WebServer] [33m[plugin vite:reporter] 
[WebServer] (!) /Users/yasutakesougo/audit-management-system-mvp/node_modules/@mui/material/esm/Card/index.js is dynamically imported by /Users/yasutakesougo/audit-management-system-mvp/src/mui/warm.ts but also statically imported by /Users/yasutakesougo/audit-management-system-mvp/node_modules/@mui/material/esm/index.js, /Users/yasutakesougo/audit-management-system-mvp/src/features/analysis/components/BehaviorHeatmap.tsx, /Users/yasutakesougo/audit-management-system-mvp/src/features/analysis/components/BehaviorTrendChart.tsx, /Users/yasutakesougo/audit-management-system-mvp/src/features/analysis/components/iceberg/IcebergCard.tsx, /Users/yasutakesougo/audit-management-system-mvp/src/features/assessment/components/AssessmentItemList.tsx, /Users/yasutakesougo/audit-management-system-mvp/src/features/assessment/components/SensoryProfilePanel.tsx, /Users/yasutakesougo/audit-management-system-mvp/src/features/daily/DailyRecordList.tsx, /Users/yasutakesougo/audit-management-system-mvp/src/features/daily/components/split-stream/ProcedurePanel.tsx, /Users/yasutakesougo/audit-management-system-mvp/src/features/daily/components/split-stream/RecordPanel.tsx, /Users/yasutakesougo/audit-management-system-mvp/src/features/dashboard/tabs/StaffStatusTab.tsx, /Users/yasutakesougo/audit-management-system-mvp/src/features/nurse/components/VitalCard.tsx, /Users/yasutakesougo/audit-management-system-mvp/src/features/nurse/observation/HealthObservationForm.tsx, /Users/yasutakesougo/audit-management-system-mvp/src/features/records/monthly/MonthlySummaryTable.tsx, /Users/yasutakesougo/audit-management-system-mvp/src/features/records/monthly/UserKpiCards.tsx, /Users/yasutakesougo/audit-management-system-mvp/src/features/records/monthly/UserProgressChart.tsx, /Users/yasutakesougo/audit-management-system-mvp/src/features/support/SupportActivityTemplateForm.tsx, /Users/yasutakesougo/audit-management-system-mvp/src/features/support/SupportActivityTemplateList.tsx, /Users/yasutakesougo/audit-management-system-mvp/src/features/support/SupportStepTemplateForm.tsx, /Users/yasutakesougo/audit-management-system-mvp/src/features/support/SupportStepTemplateList.tsx, /Users/yasutakesougo/audit-management-system-mvp/src/pages/DailyRecordMenuPage.tsx, /Users/yasutakesougo/audit-management-system-mvp/src/pages/DailyRecordPage.tsx, /Users/yasutakesougo/audit-management-system-mvp/src/pages/DashboardPage.tsx, /Users/yasutakesougo/audit-management-system-mvp/src/pages/HealthObservationPage.tsx, /Users/yasutakesougo/audit-management-system-mvp/src/pages/MonthlyRecordPage.tsx, /Users/yasutakesougo/audit-management-system-mvp/src/pages/TimeFlowSupportRecordPage.tsx, dynamic import will not move module into another chunk.
[WebServer] [39m
[WebServer] [33m[plugin vite:reporter] 
[WebServer] (!) /Users/yasutakesougo/audit-management-system-mvp/node_modules/@mui/material/esm/CardContent/index.js is dynamically imported by /Users/yasutakesougo/audit-management-system-mvp/src/mui/warm.ts but also statically imported by /Users/yasutakesougo/audit-management-system-mvp/node_modules/@mui/material/esm/index.js, /Users/yasutakesougo/audit-management-system-mvp/src/features/analysis/components/BehaviorHeatmap.tsx, /Users/yasutakesougo/audit-management-system-mvp/src/features/analysis/components/BehaviorTrendChart.tsx, /Users/yasutakesougo/audit-management-system-mvp/src/features/analysis/components/iceberg/IcebergCard.tsx, /Users/yasutakesougo/audit-management-system-mvp/src/features/assessment/components/AssessmentItemList.tsx, /Users/yasutakesougo/audit-management-system-mvp/src/features/assessment/components/SensoryProfilePanel.tsx, /Users/yasutakesougo/audit-management-system-mvp/src/features/daily/DailyRecordList.tsx, /Users/yasutakesougo/audit-management-system-mvp/src/features/daily/components/split-stream/ProcedurePanel.tsx, /Users/yasutakesougo/audit-management-system-mvp/src/features/daily/components/split-stream/RecordPanel.tsx, /Users/yasutakesougo/audit-management-system-mvp/src/features/dashboard/tabs/StaffStatusTab.tsx, /Users/yasutakesougo/audit-management-system-mvp/src/features/nurse/components/VitalCard.tsx, /Users/yasutakesougo/audit-management-system-mvp/src/features/nurse/observation/HealthObservationForm.tsx, /Users/yasutakesougo/audit-management-system-mvp/src/features/records/monthly/MonthlySummaryTable.tsx, /Users/yasutakesougo/audit-management-system-mvp/src/features/records/monthly/UserKpiCards.tsx, /Users/yasutakesougo/audit-management-system-mvp/src/features/records/monthly/UserProgressChart.tsx, /Users/yasutakesougo/audit-management-system-mvp/src/features/support/SupportActivityTemplateForm.tsx, /Users/yasutakesougo/audit-management-system-mvp/src/features/support/SupportActivityTemplateList.tsx, /Users/yasutakesougo/audit-management-system-mvp/src/features/support/SupportStepTemplateForm.tsx, /Users/yasutakesougo/audit-management-system-mvp/src/features/support/SupportStepTemplateList.tsx, /Users/yasutakesougo/audit-management-system-mvp/src/pages/DailyRecordMenuPage.tsx, /Users/yasutakesougo/audit-management-system-mvp/src/pages/DailyRecordPage.tsx, /Users/yasutakesougo/audit-management-system-mvp/src/pages/DashboardPage.tsx, /Users/yasutakesougo/audit-management-system-mvp/src/pages/HealthObservationPage.tsx, /Users/yasutakesougo/audit-management-system-mvp/src/pages/MonthlyRecordPage.tsx, /Users/yasutakesougo/audit-management-system-mvp/src/pages/TimeFlowSupportRecordPage.tsx, dynamic import will not move module into another chunk.
[WebServer] [39m
[WebServer] [33m[plugin vite:reporter] 
[WebServer] (!) /Users/yasutakesougo/audit-management-system-mvp/node_modules/@mui/material/esm/Dialog/index.js is dynamically imported by /Users/yasutakesougo/audit-management-system-mvp/src/mui/overlay.entry.ts, /Users/yasutakesougo/audit-management-system-mvp/src/mui/warm.ts but also statically imported by /Users/yasutakesougo/audit-management-system-mvp/node_modules/@mui/material/esm/index.js, /Users/yasutakesougo/audit-management-system-mvp/src/app/AppShell.tsx, /Users/yasutakesougo/audit-management-system-mvp/src/features/assessment/components/AssessmentItemList.tsx, /Users/yasutakesougo/audit-management-system-mvp/src/features/assessment/components/ImportSurveyDialog.tsx, /Users/yasutakesougo/audit-management-system-mvp/src/features/daily/DailyRecordForm.tsx, /Users/yasutakesougo/audit-management-system-mvp/src/features/daily/components/procedure/ProcedureEditor.tsx, /Users/yasutakesougo/audit-management-system-mvp/src/features/dashboard/dialogs/StaffDetailDialog.tsx, /Users/yasutakesougo/audit-management-system-mvp/src/features/dashboard/dialogs/TodoDetailDialog.tsx, /Users/yasutakesougo/audit-management-system-mvp/src/features/dashboard/dialogs/UserDetailDialog.tsx, /Users/yasutakesougo/audit-management-system-mvp/src/features/nurse/components/VitalCard.tsx, /Users/yasutakesougo/audit-management-system-mvp/src/features/nurse/observation/HealthObservationForm.tsx, /Users/yasutakesougo/audit-management-system-mvp/src/features/schedules/components/SchedulesFilterResponsive.tsx, /Users/yasutakesougo/audit-management-system-mvp/src/features/settings/SettingsDialog.tsx, /Users/yasutakesougo/audit-management-system-mvp/src/features/support/SupportActivityTemplateForm.tsx, /Users/yasutakesougo/audit-management-system-mvp/src/features/users/UsersPanel/index.tsx, dynamic import will not move module into another chunk.
[WebServer] [39m
[WebServer] [33m[plugin vite:reporter] 
[WebServer] (!) /Users/yasutakesougo/audit-management-system-mvp/node_modules/@mui/material/esm/DialogActions/index.js is dynamically imported by /Users/yasutakesougo/audit-management-system-mvp/src/mui/warm.ts but also statically imported by /Users/yasutakesougo/audit-management-system-mvp/node_modules/@mui/material/esm/index.js, /Users/yasutakesougo/audit-management-system-mvp/src/features/assessment/components/AssessmentItemList.tsx, /Users/yasutakesougo/audit-management-system-mvp/src/features/assessment/components/ImportSurveyDialog.tsx, /Users/yasutakesougo/audit-management-system-mvp/src/features/daily/DailyRecordForm.tsx, /Users/yasutakesougo/audit-management-system-mvp/src/features/daily/components/procedure/ProcedureEditor.tsx, /Users/yasutakesougo/audit-management-system-mvp/src/features/dashboard/dialogs/StaffDetailDialog.tsx, /Users/yasutakesougo/audit-management-system-mvp/src/features/dashboard/dialogs/TodoDetailDialog.tsx, /Users/yasutakesougo/audit-management-system-mvp/src/features/dashboard/dialogs/UserDetailDialog.tsx, /Users/yasutakesougo/audit-management-system-mvp/src/features/nurse/components/VitalCard.tsx, /Users/yasutakesougo/audit-management-system-mvp/src/features/nurse/observation/HealthObservationForm.tsx, /Users/yasutakesougo/audit-management-system-mvp/src/features/schedules/components/SchedulesFilterResponsive.tsx, /Users/yasutakesougo/audit-management-system-mvp/src/features/support/SupportActivityTemplateForm.tsx, dynamic import will not move module into another chunk.
[WebServer] [39m
[WebServer] [33m[plugin vite:reporter] 
[WebServer] (!) /Users/yasutakesougo/audit-management-system-mvp/node_modules/@mui/material/esm/DialogContent/index.js is dynamically imported by /Users/yasutakesougo/audit-management-system-mvp/src/mui/warm.ts but also statically imported by /Users/yasutakesougo/audit-management-system-mvp/node_modules/@mui/material/esm/index.js, /Users/yasutakesougo/audit-management-system-mvp/src/app/AppShell.tsx, /Users/yasutakesougo/audit-management-system-mvp/src/features/assessment/components/AssessmentItemList.tsx, /Users/yasutakesougo/audit-management-system-mvp/src/features/assessment/components/ImportSurveyDialog.tsx, /Users/yasutakesougo/audit-management-system-mvp/src/features/daily/DailyRecordForm.tsx, /Users/yasutakesougo/audit-management-system-mvp/src/features/daily/components/procedure/ProcedureEditor.tsx, /Users/yasutakesougo/audit-management-system-mvp/src/features/dashboard/dialogs/StaffDetailDialog.tsx, /Users/yasutakesougo/audit-management-system-mvp/src/features/dashboard/dialogs/TodoDetailDialog.tsx, /Users/yasutakesougo/audit-management-system-mvp/src/features/dashboard/dialogs/UserDetailDialog.tsx, /Users/yasutakesougo/audit-management-system-mvp/src/features/nurse/components/VitalCard.tsx, /Users/yasutakesougo/audit-management-system-mvp/src/features/nurse/observation/HealthObservationForm.tsx, /Users/yasutakesougo/audit-management-system-mvp/src/features/schedules/components/SchedulesFilterResponsive.tsx, /Users/yasutakesougo/audit-management-system-mvp/src/features/settings/SettingsDialog.tsx, /Users/yasutakesougo/audit-management-system-mvp/src/features/support/SupportActivityTemplateForm.tsx, /Users/yasutakesougo/audit-management-system-mvp/src/features/users/UsersPanel/index.tsx, dynamic import will not move module into another chunk.
[WebServer] [39m
[WebServer] [33m[plugin vite:reporter] 
[WebServer] (!) /Users/yasutakesougo/audit-management-system-mvp/node_modules/@mui/material/esm/DialogTitle/index.js is dynamically imported by /Users/yasutakesougo/audit-management-system-mvp/src/mui/warm.ts but also statically imported by /Users/yasutakesougo/audit-management-system-mvp/node_modules/@mui/material/esm/index.js, /Users/yasutakesougo/audit-management-system-mvp/src/app/AppShell.tsx, /Users/yasutakesougo/audit-management-system-mvp/src/features/assessment/components/AssessmentItemList.tsx, /Users/yasutakesougo/audit-management-system-mvp/src/features/assessment/components/ImportSurveyDialog.tsx, /Users/yasutakesougo/audit-management-system-mvp/src/features/daily/DailyRecordForm.tsx, /Users/yasutakesougo/audit-management-system-mvp/src/features/daily/components/procedure/ProcedureEditor.tsx, /Users/yasutakesougo/audit-management-system-mvp/src/features/dashboard/dialogs/StaffDetailDialog.tsx, /Users/yasutakesougo/audit-management-system-mvp/src/features/dashboard/dialogs/TodoDetailDialog.tsx, /Users/yasutakesougo/audit-management-system-mvp/src/features/dashboard/dialogs/UserDetailDialog.tsx, /Users/yasutakesougo/audit-management-system-mvp/src/features/nurse/components/VitalCard.tsx, /Users/yasutakesougo/audit-management-system-mvp/src/features/nurse/observation/HealthObservationForm.tsx, /Users/yasutakesougo/audit-management-system-mvp/src/features/schedules/components/SchedulesFilterResponsive.tsx, /Users/yasutakesougo/audit-management-system-mvp/src/features/settings/SettingsDialog.tsx, /Users/yasutakesougo/audit-management-system-mvp/src/features/support/SupportActivityTemplateForm.tsx, dynamic import will not move module into another chunk.
[WebServer] [39m
[WebServer] [33m[plugin vite:reporter] 
[WebServer] (!) /Users/yasutakesougo/audit-management-system-mvp/node_modules/@mui/material/esm/MenuItem/index.js is dynamically imported by /Users/yasutakesougo/audit-management-system-mvp/src/mui/warm.ts but also statically imported by /Users/yasutakesougo/audit-management-system-mvp/node_modules/@mui/material/esm/TablePagination/TablePagination.js, /Users/yasutakesougo/audit-management-system-mvp/node_modules/@mui/material/esm/index.js, /Users/yasutakesougo/audit-management-system-mvp/src/features/assessment/components/AssessmentItemList.tsx, /Users/yasutakesougo/audit-management-system-mvp/src/features/daily/DailyRecordForm.tsx, /Users/yasutakesougo/audit-management-system-mvp/src/features/daily/DailyRecordList.tsx, /Users/yasutakesougo/audit-management-system-mvp/src/features/nurse/observation/HealthObservationForm.tsx, /Users/yasutakesougo/audit-management-system-mvp/src/features/records/monthly/MonthlySummaryTable.tsx, /Users/yasutakesougo/audit-management-system-mvp/src/features/schedules/routes/WeekView.tsx, /Users/yasutakesougo/audit-management-system-mvp/src/features/support/SupportActivityTemplateForm.tsx, /Users/yasutakesougo/audit-management-system-mvp/src/features/support/SupportActivityTemplateList.tsx, /Users/yasutakesougo/audit-management-system-mvp/src/features/support/SupportStepTemplateForm.tsx, /Users/yasutakesougo/audit-management-system-mvp/src/features/support/SupportStepTemplateList.tsx, /Users/yasutakesougo/audit-management-system-mvp/src/pages/AnalysisDashboardPage.tsx, /Users/yasutakesougo/audit-management-system-mvp/src/pages/AssessmentDashboardPage.tsx, /Users/yasutakesougo/audit-management-system-mvp/src/pages/DailyRecordPage.tsx, /Users/yasutakesougo/audit-management-system-mvp/src/pages/IcebergAnalysisPage.tsx, /Users/yasutakesougo/audit-management-system-mvp/src/pages/MonthlyRecordPage.tsx, /Users/yasutakesougo/audit-management-system-mvp/src/pages/TimeBasedSupportRecordPage.tsx, /Users/yasutakesougo/audit-management-system-mvp/src/pages/TokuseiSurveyResultsPage.tsx, dynamic import will not move module into another chunk.
[WebServer] [39m
[WebServer] [33m[plugin vite:reporter] 
[WebServer] (!) /Users/yasutakesougo/audit-management-system-mvp/node_modules/@mui/material/esm/Select/index.js is dynamically imported by /Users/yasutakesougo/audit-management-system-mvp/src/mui/forms.entry.ts, /Users/yasutakesougo/audit-management-system-mvp/src/mui/warm.ts but also statically imported by /Users/yasutakesougo/audit-management-system-mvp/node_modules/@mui/material/esm/TablePagination/TablePagination.js, /Users/yasutakesougo/audit-management-system-mvp/node_modules/@mui/material/esm/TextField/TextField.js, /Users/yasutakesougo/audit-management-system-mvp/node_modules/@mui/material/esm/index.js, /Users/yasutakesougo/audit-management-system-mvp/src/features/assessment/components/AssessmentItemList.tsx, /Users/yasutakesougo/audit-management-system-mvp/src/features/daily/DailyRecordForm.tsx, /Users/yasutakesougo/audit-management-system-mvp/src/features/records/monthly/MonthlySummaryTable.tsx, /Users/yasutakesougo/audit-management-system-mvp/src/features/support/SupportActivityTemplateForm.tsx, /Users/yasutakesougo/audit-management-system-mvp/src/features/support/SupportActivityTemplateList.tsx, /Users/yasutakesougo/audit-management-system-mvp/src/features/support/SupportStepTemplateForm.tsx, /Users/yasutakesougo/audit-management-system-mvp/src/features/support/SupportStepTemplateList.tsx, /Users/yasutakesougo/audit-management-system-mvp/src/pages/AnalysisDashboardPage.tsx, /Users/yasutakesougo/audit-management-system-mvp/src/pages/AssessmentDashboardPage.tsx, /Users/yasutakesougo/audit-management-system-mvp/src/pages/DailyRecordPage.tsx, /Users/yasutakesougo/audit-management-system-mvp/src/pages/IcebergAnalysisPage.tsx, /Users/yasutakesougo/audit-management-system-mvp/src/pages/TimeBasedSupportRecordPage.tsx, /Users/yasutakesougo/audit-management-system-mvp/src/pages/TokuseiSurveyResultsPage.tsx, dynamic import will not move module into another chunk.
[WebServer] [39m
[WebServer] [33m[plugin vite:reporter] 
[WebServer] (!) /Users/yasutakesougo/audit-management-system-mvp/node_modules/@mui/material/esm/Snackbar/index.js is dynamically imported by /Users/yasutakesougo/audit-management-system-mvp/src/mui/feedback.entry.ts, /Users/yasutakesougo/audit-management-system-mvp/src/mui/warm.ts but also statically imported by /Users/yasutakesougo/audit-management-system-mvp/node_modules/@mui/material/esm/index.js, /Users/yasutakesougo/audit-management-system-mvp/src/features/nurse/components/SnackbarHost.tsx, /Users/yasutakesougo/audit-management-system-mvp/src/pages/AssessmentDashboardPage.tsx, /Users/yasutakesougo/audit-management-system-mvp/src/pages/IndividualSupportManagementPage.tsx, /Users/yasutakesougo/audit-management-system-mvp/src/pages/SupportActivityMasterPage.tsx, /Users/yasutakesougo/audit-management-system-mvp/src/pages/SupportStepMasterPage.tsx, /Users/yasutakesougo/audit-management-system-mvp/src/pages/TimeBasedSupportRecordPage.tsx, dynamic import will not move module into another chunk.
[WebServer] [39m
[WebServer] [33m[plugin vite:reporter] 
[WebServer] (!) /Users/yasutakesougo/audit-management-system-mvp/node_modules/@mui/material/esm/Switch/index.js is dynamically imported by /Users/yasutakesougo/audit-management-system-mvp/src/mui/warm.ts but also statically imported by /Users/yasutakesougo/audit-management-system-mvp/node_modules/@mui/material/esm/index.js, /Users/yasutakesougo/audit-management-system-mvp/src/features/settings/SettingsDialog.tsx, /Users/yasutakesougo/audit-management-system-mvp/src/features/support/SupportStepTemplateForm.tsx, /Users/yasutakesougo/audit-management-system-mvp/src/pages/IndividualSupportManagementPage.tsx, dynamic import will not move module into another chunk.
[WebServer] [39m
[WebServer] [33m[plugin vite:reporter] 
[WebServer] (!) /Users/yasutakesougo/audit-management-system-mvp/node_modules/@mui/material/esm/Table/index.js is dynamically imported by /Users/yasutakesougo/audit-management-system-mvp/src/mui/data.entry.ts, /Users/yasutakesougo/audit-management-system-mvp/src/mui/warm.ts but also statically imported by /Users/yasutakesougo/audit-management-system-mvp/node_modules/@mui/material/esm/index.js, /Users/yasutakesougo/audit-management-system-mvp/src/features/records/monthly/MonthlySummaryTable.tsx, /Users/yasutakesougo/audit-management-system-mvp/src/features/users/UsersPanel/UsersList.tsx, /Users/yasutakesougo/audit-management-system-mvp/src/pages/MonthlyRecordPage.tsx, dynamic import will not move module into another chunk.
[WebServer] [39m
[WebServer] [33m[plugin vite:reporter] 
[WebServer] (!) /Users/yasutakesougo/audit-management-system-mvp/node_modules/@mui/material/esm/TableBody/index.js is dynamically imported by /Users/yasutakesougo/audit-management-system-mvp/src/mui/data.entry.ts, /Users/yasutakesougo/audit-management-system-mvp/src/mui/warm.ts but also statically imported by /Users/yasutakesougo/audit-management-system-mvp/node_modules/@mui/material/esm/index.js, /Users/yasutakesougo/audit-management-system-mvp/src/features/records/monthly/MonthlySummaryTable.tsx, /Users/yasutakesougo/audit-management-system-mvp/src/features/users/UsersPanel/UsersList.tsx, /Users/yasutakesougo/audit-management-system-mvp/src/pages/MonthlyRecordPage.tsx, dynamic import will not move module into another chunk.
[WebServer] [39m
[WebServer] [33m[plugin vite:reporter] 
[WebServer] (!) /Users/yasutakesougo/audit-management-system-mvp/node_modules/@mui/material/esm/TableCell/index.js is dynamically imported by /Users/yasutakesougo/audit-management-system-mvp/src/mui/data.entry.ts, /Users/yasutakesougo/audit-management-system-mvp/src/mui/warm.ts but also statically imported by /Users/yasutakesougo/audit-management-system-mvp/node_modules/@mui/material/esm/TablePagination/TablePagination.js, /Users/yasutakesougo/audit-management-system-mvp/node_modules/@mui/material/esm/index.js, /Users/yasutakesougo/audit-management-system-mvp/src/features/records/monthly/MonthlySummaryTable.tsx, /Users/yasutakesougo/audit-management-system-mvp/src/features/users/UsersPanel/UsersList.tsx, /Users/yasutakesougo/audit-management-system-mvp/src/pages/MonthlyRecordPage.tsx, dynamic import will not move module into another chunk.
[WebServer] [39m
[WebServer] [33m[plugin vite:reporter] 
[WebServer] (!) /Users/yasutakesougo/audit-management-system-mvp/node_modules/@mui/material/esm/TableContainer/index.js is dynamically imported by /Users/yasutakesougo/audit-management-system-mvp/src/mui/data.entry.ts, /Users/yasutakesougo/audit-management-system-mvp/src/mui/warm.ts but also statically imported by /Users/yasutakesougo/audit-management-system-mvp/node_modules/@mui/material/esm/index.js, /Users/yasutakesougo/audit-management-system-mvp/src/features/records/monthly/MonthlySummaryTable.tsx, /Users/yasutakesougo/audit-management-system-mvp/src/features/users/UsersPanel/UsersList.tsx, dynamic import will not move module into another chunk.
[WebServer] [39m
[WebServer] [33m[plugin vite:reporter] 
[WebServer] (!) /Users/yasutakesougo/audit-management-system-mvp/node_modules/@mui/material/esm/TableHead/index.js is dynamically imported by /Users/yasutakesougo/audit-management-system-mvp/src/mui/data.entry.ts, /Users/yasutakesougo/audit-management-system-mvp/src/mui/warm.ts but also statically imported by /Users/yasutakesougo/audit-management-system-mvp/node_modules/@mui/material/esm/index.js, /Users/yasutakesougo/audit-management-system-mvp/src/features/records/monthly/MonthlySummaryTable.tsx, /Users/yasutakesougo/audit-management-system-mvp/src/features/users/UsersPanel/UsersList.tsx, /Users/yasutakesougo/audit-management-system-mvp/src/pages/MonthlyRecordPage.tsx, dynamic import will not move module into another chunk.
[WebServer] [39m
[WebServer] [33m[plugin vite:reporter] 
[WebServer] (!) /Users/yasutakesougo/audit-management-system-mvp/node_modules/@mui/material/esm/TableRow/index.js is dynamically imported by /Users/yasutakesougo/audit-management-system-mvp/src/mui/data.entry.ts, /Users/yasutakesougo/audit-management-system-mvp/src/mui/warm.ts but also statically imported by /Users/yasutakesougo/audit-management-system-mvp/node_modules/@mui/material/esm/index.js, /Users/yasutakesougo/audit-management-system-mvp/src/features/records/monthly/MonthlySummaryTable.tsx, /Users/yasutakesougo/audit-management-system-mvp/src/features/users/UsersPanel/UsersList.tsx, /Users/yasutakesougo/audit-management-system-mvp/src/pages/MonthlyRecordPage.tsx, dynamic import will not move module into another chunk.
[WebServer] [39m
[WebServer] [33m[plugin vite:reporter] 
[WebServer] (!) /Users/yasutakesougo/audit-management-system-mvp/node_modules/@mui/material/esm/TextField/index.js is dynamically imported by /Users/yasutakesougo/audit-management-system-mvp/src/mui/forms.entry.ts, /Users/yasutakesougo/audit-management-system-mvp/src/mui/warm.ts but also statically imported by /Users/yasutakesougo/audit-management-system-mvp/node_modules/@mui/material/esm/index.js, /Users/yasutakesougo/audit-management-system-mvp/src/app/AppShell.tsx, /Users/yasutakesougo/audit-management-system-mvp/src/features/assessment/components/AssessmentItemList.tsx, /Users/yasutakesougo/audit-management-system-mvp/src/features/compliance-checklist/ChecklistPage.tsx, /Users/yasutakesougo/audit-management-system-mvp/src/features/daily/DailyRecordForm.tsx, /Users/yasutakesougo/audit-management-system-mvp/src/features/daily/components/procedure/ProcedureEditor.tsx, /Users/yasutakesougo/audit-management-system-mvp/src/features/daily/components/split-stream/RecordPanel.tsx, /Users/yasutakesougo/audit-management-system-mvp/src/features/nurse/components/VitalCard.tsx, /Users/yasutakesougo/audit-management-system-mvp/src/features/nurse/observation/HealthObservationForm.tsx, /Users/yasutakesougo/audit-management-system-mvp/src/features/records/monthly/MonthlySummaryTable.tsx, /Users/yasutakesougo/audit-management-system-mvp/src/features/support/SupportActivityTemplateForm.tsx, /Users/yasutakesougo/audit-management-system-mvp/src/features/support/SupportActivityTemplateList.tsx, /Users/yasutakesougo/audit-management-system-mvp/src/features/support/SupportStepTemplateForm.tsx, /Users/yasutakesougo/audit-management-system-mvp/src/features/support/SupportStepTemplateList.tsx, /Users/yasutakesougo/audit-management-system-mvp/src/features/users/UsersPanel/UsersCreateForm.tsx, /Users/yasutakesougo/audit-management-system-mvp/src/features/users/UsersPanel/UsersList.tsx, /Users/yasutakesougo/audit-management-system-mvp/src/pages/DailyRecordPage.tsx, /Users/yasutakesougo/audit-management-system-mvp/src/pages/IndividualSupportManagementPage.tsx, /Users/yasutakesougo/audit-management-system-mvp/src/pages/MonthlyRecordPage.tsx, /Users/yasutakesougo/audit-management-system-mvp/src/pages/TimeFlowSupportRecordPage.tsx, dynamic import will not move module into another chunk.
[WebServer] [39m

Running 1 test using 1 worker

[CONSOLE ERROR] [bootstrap error] Error: [env] Validation failed:
  - VITE_SP_RESOURCE: Invalid input
  - VITE_SP_SITE_RELATIVE: Invalid input

Please check your .env file or build settings.
    at cM (http://localhost:5173/assets/App-B8H0Wm3T.js:2:338721)
    at dM (http://localhost:5173/assets/App-B8H0Wm3T.js:2:338832)
    at Jb (http://localhost:5173/assets/App-B8H0Wm3T.js:2:339054)
    at Qp (http://localhost:5173/assets/App-B8H0Wm3T.js:2:339257)
    at http://localhost:5173/assets/App-B8H0Wm3T.js:2:339267
PAGE CONTENT ERROR DUMP:
<!DOCTYPE html><html lang="ja"><head>
    <script type="module" crossorigin="" src="/assets/polyfills-BS9DC3i0.js"></script>

    <meta charset="UTF-8">
    <meta name="viewport" content="width=device-width, initial-scale=1.0, maximum-scale=5.0, user-scalable=yes, viewport-fit=cover">
    
    <!-- PWA Manifest -->
    <link rel="manifest" href="/manifest.json">
    
    <!-- Apple iOS -->
    <meta name="apple-mobile-web-app-capable" content="yes">
    <meta name="apple-mobile-web-app-status-bar-style" content="black-translucent">
    <meta name="apple-mobile-web-app-title" content="監査管理">
    
    <!-- Theme Color -->
    <meta name="theme-color" content="#1976d2">

    <title>黒ノート</title>
    <script type="module" crossorigin="" src="/assets/index-fd9pzTN7.js"></script>
    <link rel="modulepreload" crossorigin="" href="/assets/babel-helpers-B4YMtfbM.js">
    <link rel="modulepreload" crossorigin="" href="/assets/react-BHPx3tp6.js">
  
<script>
  (function () {
    // Only show beacon if ?b=1 parameter is present
    var params = new URLSearchParams(typeof window !== 'undefined' ? window.location.search : '');
    var shouldShow = params.get('b') === '1';
    if (!shouldShow) return;
    
    var el = document.createElement('div');
    el.id = '__boot_beacon__';
    // pointer-events: none prevents click interception
    // z-index: 1100 is above app content but below MUI modals (1200+)
    el.style.cssText = 'position:fixed;z-index:1100;right:10px;bottom:10px;padding:8px 12px;background:rgba(0,0,0,0.85);color:#0f0;font:12px/1.35 monospace;border-radius:6px;pointer-events:none;max-width:320px';
    el.textContent = 'boot:html-ok';
    
    // Close button
    var closeBtn = document.createElement('button');
    closeBtn.textContent = '×';
    closeBtn.style.cssText = 'position:absolute;top:2px;right:6px;background:transparent;border:none;color:#0f0;font-size:16px;cursor:pointer;padding:0 4px;pointer-events:auto';
    closeBtn.addEventListener('click', function () { el.remove(); });
    
    document.addEventListener('DOMContentLoaded', function () {
      el.textContent = 'boot:dom-ok';
    });
    window.addEventListener('error', function (e) {
      var msg = (e && e.error) ? (e.error.stack || e.error.message) : (e && e.message ? e.message : 'unknown');
      el.textContent = 'boot:error ' + String(msg).substring(0, 120);
    });
    window.addEventListener('unhandledrejection', function (evt) {
      var reason = (evt && evt.reason) ? String(evt.reason) : 'unknown';
      el.textContent = 'boot:rejection ' + reason.substring(0, 120);
    });
    
    el.appendChild(closeBtn);
    document.documentElement.appendChild(el);
  })();
</script>
  <script type="module">import.meta.url;import("_").catch(()=>1);(async function*(){})().next();window.__vite_is_modern_browser=true</script>
  <script type="module">!function(){if(window.__vite_is_modern_browser)return;console.warn("vite: loading legacy chunks, syntax error above and the same error below should be ignored");var e=document.getElementById("vite-legacy-polyfill"),n=document.createElement("script");n.src=e.src,n.onload=function(){System.import(document.getElementById('vite-legacy-entry').getAttribute('data-src'))},document.body.appendChild(n)}();</script>
<link rel="modulepreload" as="script" crossorigin="" href="/assets/azureMsal-DswcSgw5.js"><link rel="modulepreload" as="script" crossorigin="" href="/assets/msalConfig-cRSQwcNe.js"><link rel="modulepreload" as="script" crossorigin="" href="/assets/index-CpyQhOlp.js"><link rel="modulepreload" as="script" crossorigin="" href="/assets/EventMessage-DXZ3hPx4.js"><link rel="modulepreload" as="script" crossorigin="" href="/assets/index-fd9pzTN7.js"><link rel="modulepreload" as="script" crossorigin="" href="/assets/auth-TdZQCC23.js"><link rel="modulepreload" as="script" crossorigin="" href="/assets/client-DJ2NUyc_.js"><link rel="modulepreload" as="script" crossorigin="" href="/assets/tslib.es6-mnf4cu7N.js"><link rel="modulepreload" as="script" crossorigin="" href="/assets/ConfigErrorBoundary-CZq5k0Dh.js"><link rel="modulepreload" as="script" crossorigin="" href="/assets/debugLogger-Bo-o1gFB.js"><link rel="modulepreload" as="script" crossorigin="" href="/assets/featureFlags-W4eD1j6c.js"><link rel="modulepreload" as="script" crossorigin="" href="/assets/App-B8H0Wm3T.js"><link rel="modulepreload" as="script" crossorigin="" href="/assets/spClient-C1E27-Af.js"><link rel="modulepreload" as="script" crossorigin="" href="/assets/msal-BlQpoIqL.js"><link rel="modulepreload" as="script" crossorigin="" href="/assets/fetchSp-NURcMP8s.js"><link rel="modulepreload" as="script" crossorigin="" href="/assets/metrics-DMb1NeCF.js"></head>
  <body>
    <div id="root"></div>
    <script nomodule="">!function(){var e=document,t=e.createElement("script");if(!("noModule"in t)&&"onbeforeload"in t){var n=!1;e.addEventListener("beforeload",(function(e){if(e.target===t)n=!0;else if(!e.target.hasAttribute("nomodule")||!n)return;e.preventDefault()}),!0),t.type="module",t.src=".",e.head.appendChild(t),t.remove()}}();</script>
    <script nomodule="" crossorigin="" id="vite-legacy-polyfill" src="/assets/polyfills-legacy-Dw83KJh7.js"></script>
    <script nomodule="" crossorigin="" id="vite-legacy-entry" data-src="/assets/index-legacy-Chq8UUuC.js">System.import(document.getElementById('vite-legacy-entry').getAttribute('data-src'))</script>
  

</body></html>
  ✘  1 [chromium] › tests/e2e/today-ops-page.spec.ts:33:7 › Today Ops Screen › displays unfilled banner and opens Quick Record Drawer via URL state (2.4s)
[CONSOLE ERROR] [bootstrap error] Error: [env] Validation failed:
  - VITE_SP_RESOURCE: Invalid input
  - VITE_SP_SITE_RELATIVE: Invalid input

Please check your .env file or build settings.
    at cM (http://localhost:5173/assets/App-B8H0Wm3T.js:2:338721)
    at dM (http://localhost:5173/assets/App-B8H0Wm3T.js:2:338832)
    at Jb (http://localhost:5173/assets/App-B8H0Wm3T.js:2:339054)
    at Qp (http://localhost:5173/assets/App-B8H0Wm3T.js:2:339257)
    at http://localhost:5173/assets/App-B8H0Wm3T.js:2:339267
PAGE CONTENT ERROR DUMP:
<!DOCTYPE html><html lang="ja"><head>
    <script type="module" crossorigin="" src="/assets/polyfills-BS9DC3i0.js"></script>

    <meta charset="UTF-8">
    <meta name="viewport" content="width=device-width, initial-scale=1.0, maximum-scale=5.0, user-scalable=yes, viewport-fit=cover">
    
    <!-- PWA Manifest -->
    <link rel="manifest" href="/manifest.json">
    
    <!-- Apple iOS -->
    <meta name="apple-mobile-web-app-capable" content="yes">
    <meta name="apple-mobile-web-app-status-bar-style" content="black-translucent">
    <meta name="apple-mobile-web-app-title" content="監査管理">
    
    <!-- Theme Color -->
    <meta name="theme-color" content="#1976d2">

    <title>黒ノート</title>
    <script type="module" crossorigin="" src="/assets/index-fd9pzTN7.js"></script>
    <link rel="modulepreload" crossorigin="" href="/assets/babel-helpers-B4YMtfbM.js">
    <link rel="modulepreload" crossorigin="" href="/assets/react-BHPx3tp6.js">
  
<script>
  (function () {
    // Only show beacon if ?b=1 parameter is present
    var params = new URLSearchParams(typeof window !== 'undefined' ? window.location.search : '');
    var shouldShow = params.get('b') === '1';
    if (!shouldShow) return;
    
    var el = document.createElement('div');
    el.id = '__boot_beacon__';
    // pointer-events: none prevents click interception
    // z-index: 1100 is above app content but below MUI modals (1200+)
    el.style.cssText = 'position:fixed;z-index:1100;right:10px;bottom:10px;padding:8px 12px;background:rgba(0,0,0,0.85);color:#0f0;font:12px/1.35 monospace;border-radius:6px;pointer-events:none;max-width:320px';
    el.textContent = 'boot:html-ok';
    
    // Close button
    var closeBtn = document.createElement('button');
    closeBtn.textContent = '×';
    closeBtn.style.cssText = 'position:absolute;top:2px;right:6px;background:transparent;border:none;color:#0f0;font-size:16px;cursor:pointer;padding:0 4px;pointer-events:auto';
    closeBtn.addEventListener('click', function () { el.remove(); });
    
    document.addEventListener('DOMContentLoaded', function () {
      el.textContent = 'boot:dom-ok';
    });
    window.addEventListener('error', function (e) {
      var msg = (e && e.error) ? (e.error.stack || e.error.message) : (e && e.message ? e.message : 'unknown');
      el.textContent = 'boot:error ' + String(msg).substring(0, 120);
    });
    window.addEventListener('unhandledrejection', function (evt) {
      var reason = (evt && evt.reason) ? String(evt.reason) : 'unknown';
      el.textContent = 'boot:rejection ' + reason.substring(0, 120);
    });
    
    el.appendChild(closeBtn);
    document.documentElement.appendChild(el);
  })();
</script>
  <script type="module">import.meta.url;import("_").catch(()=>1);(async function*(){})().next();window.__vite_is_modern_browser=true</script>
  <script type="module">!function(){if(window.__vite_is_modern_browser)return;console.warn("vite: loading legacy chunks, syntax error above and the same error below should be ignored");var e=document.getElementById("vite-legacy-polyfill"),n=document.createElement("script");n.src=e.src,n.onload=function(){System.import(document.getElementById('vite-legacy-entry').getAttribute('data-src'))},document.body.appendChild(n)}();</script>
<link rel="modulepreload" as="script" crossorigin="" href="/assets/azureMsal-DswcSgw5.js"><link rel="modulepreload" as="script" crossorigin="" href="/assets/msalConfig-cRSQwcNe.js"><link rel="modulepreload" as="script" crossorigin="" href="/assets/index-CpyQhOlp.js"><link rel="modulepreload" as="script" crossorigin="" href="/assets/EventMessage-DXZ3hPx4.js"><link rel="modulepreload" as="script" crossorigin="" href="/assets/index-fd9pzTN7.js"><link rel="modulepreload" as="script" crossorigin="" href="/assets/auth-TdZQCC23.js"><link rel="modulepreload" as="script" crossorigin="" href="/assets/client-DJ2NUyc_.js"><link rel="modulepreload" as="script" crossorigin="" href="/assets/tslib.es6-mnf4cu7N.js"><link rel="modulepreload" as="script" crossorigin="" href="/assets/ConfigErrorBoundary-CZq5k0Dh.js"><link rel="modulepreload" as="script" crossorigin="" href="/assets/debugLogger-Bo-o1gFB.js"><link rel="modulepreload" as="script" crossorigin="" href="/assets/featureFlags-W4eD1j6c.js"><link rel="modulepreload" as="script" crossorigin="" href="/assets/App-B8H0Wm3T.js"><link rel="modulepreload" as="script" crossorigin="" href="/assets/spClient-C1E27-Af.js"><link rel="modulepreload" as="script" crossorigin="" href="/assets/msal-BlQpoIqL.js"><link rel="modulepreload" as="script" crossorigin="" href="/assets/fetchSp-NURcMP8s.js"><link rel="modulepreload" as="script" crossorigin="" href="/assets/metrics-DMb1NeCF.js"></head>
  <body>
    <div id="root"></div>
    <script nomodule="">!function(){var e=document,t=e.createElement("script");if(!("noModule"in t)&&"onbeforeload"in t){var n=!1;e.addEventListener("beforeload",(function(e){if(e.target===t)n=!0;else if(!e.target.hasAttribute("nomodule")||!n)return;e.preventDefault()}),!0),t.type="module",t.src=".",e.head.appendChild(t),t.remove()}}();</script>
    <script nomodule="" crossorigin="" id="vite-legacy-polyfill" src="/assets/polyfills-legacy-Dw83KJh7.js"></script>
    <script nomodule="" crossorigin="" id="vite-legacy-entry" data-src="/assets/index-legacy-Chq8UUuC.js">System.import(document.getElementById('vite-legacy-entry').getAttribute('data-src'))</script>
  

</body></html>
  ✘  2 [chromium] › tests/e2e/today-ops-page.spec.ts:33:7 › Today Ops Screen › displays unfilled banner and opens Quick Record Drawer via URL state (retry #1) (2.3s)
[CONSOLE ERROR] [bootstrap error] Error: [env] Validation failed:
  - VITE_SP_RESOURCE: Invalid input
  - VITE_SP_SITE_RELATIVE: Invalid input

Please check your .env file or build settings.
    at cM (http://localhost:5173/assets/App-B8H0Wm3T.js:2:338721)
    at dM (http://localhost:5173/assets/App-B8H0Wm3T.js:2:338832)
    at Jb (http://localhost:5173/assets/App-B8H0Wm3T.js:2:339054)
    at Qp (http://localhost:5173/assets/App-B8H0Wm3T.js:2:339257)
    at http://localhost:5173/assets/App-B8H0Wm3T.js:2:339267
PAGE CONTENT ERROR DUMP:
<!DOCTYPE html><html lang="ja"><head>
    <script type="module" crossorigin="" src="/assets/polyfills-BS9DC3i0.js"></script>

    <meta charset="UTF-8">
    <meta name="viewport" content="width=device-width, initial-scale=1.0, maximum-scale=5.0, user-scalable=yes, viewport-fit=cover">
    
    <!-- PWA Manifest -->
    <link rel="manifest" href="/manifest.json">
    
    <!-- Apple iOS -->
    <meta name="apple-mobile-web-app-capable" content="yes">
    <meta name="apple-mobile-web-app-status-bar-style" content="black-translucent">
    <meta name="apple-mobile-web-app-title" content="監査管理">
    
    <!-- Theme Color -->
    <meta name="theme-color" content="#1976d2">

    <title>黒ノート</title>
    <script type="module" crossorigin="" src="/assets/index-fd9pzTN7.js"></script>
    <link rel="modulepreload" crossorigin="" href="/assets/babel-helpers-B4YMtfbM.js">
    <link rel="modulepreload" crossorigin="" href="/assets/react-BHPx3tp6.js">
  
<script>
  (function () {
    // Only show beacon if ?b=1 parameter is present
    var params = new URLSearchParams(typeof window !== 'undefined' ? window.location.search : '');
    var shouldShow = params.get('b') === '1';
    if (!shouldShow) return;
    
    var el = document.createElement('div');
    el.id = '__boot_beacon__';
    // pointer-events: none prevents click interception
    // z-index: 1100 is above app content but below MUI modals (1200+)
    el.style.cssText = 'position:fixed;z-index:1100;right:10px;bottom:10px;padding:8px 12px;background:rgba(0,0,0,0.85);color:#0f0;font:12px/1.35 monospace;border-radius:6px;pointer-events:none;max-width:320px';
    el.textContent = 'boot:html-ok';
    
    // Close button
    var closeBtn = document.createElement('button');
    closeBtn.textContent = '×';
    closeBtn.style.cssText = 'position:absolute;top:2px;right:6px;background:transparent;border:none;color:#0f0;font-size:16px;cursor:pointer;padding:0 4px;pointer-events:auto';
    closeBtn.addEventListener('click', function () { el.remove(); });
    
    document.addEventListener('DOMContentLoaded', function () {
      el.textContent = 'boot:dom-ok';
    });
    window.addEventListener('error', function (e) {
      var msg = (e && e.error) ? (e.error.stack || e.error.message) : (e && e.message ? e.message : 'unknown');
      el.textContent = 'boot:error ' + String(msg).substring(0, 120);
    });
    window.addEventListener('unhandledrejection', function (evt) {
      var reason = (evt && evt.reason) ? String(evt.reason) : 'unknown';
      el.textContent = 'boot:rejection ' + reason.substring(0, 120);
    });
    
    el.appendChild(closeBtn);
    document.documentElement.appendChild(el);
  })();
</script>
  <script type="module">import.meta.url;import("_").catch(()=>1);(async function*(){})().next();window.__vite_is_modern_browser=true</script>
  <script type="module">!function(){if(window.__vite_is_modern_browser)return;console.warn("vite: loading legacy chunks, syntax error above and the same error below should be ignored");var e=document.getElementById("vite-legacy-polyfill"),n=document.createElement("script");n.src=e.src,n.onload=function(){System.import(document.getElementById('vite-legacy-entry').getAttribute('data-src'))},document.body.appendChild(n)}();</script>
<link rel="modulepreload" as="script" crossorigin="" href="/assets/azureMsal-DswcSgw5.js"><link rel="modulepreload" as="script" crossorigin="" href="/assets/msalConfig-cRSQwcNe.js"><link rel="modulepreload" as="script" crossorigin="" href="/assets/index-CpyQhOlp.js"><link rel="modulepreload" as="script" crossorigin="" href="/assets/EventMessage-DXZ3hPx4.js"><link rel="modulepreload" as="script" crossorigin="" href="/assets/index-fd9pzTN7.js"><link rel="modulepreload" as="script" crossorigin="" href="/assets/auth-TdZQCC23.js"><link rel="modulepreload" as="script" crossorigin="" href="/assets/client-DJ2NUyc_.js"><link rel="modulepreload" as="script" crossorigin="" href="/assets/tslib.es6-mnf4cu7N.js"><link rel="modulepreload" as="script" crossorigin="" href="/assets/ConfigErrorBoundary-CZq5k0Dh.js"><link rel="modulepreload" as="script" crossorigin="" href="/assets/debugLogger-Bo-o1gFB.js"><link rel="modulepreload" as="script" crossorigin="" href="/assets/featureFlags-W4eD1j6c.js"><link rel="modulepreload" as="script" crossorigin="" href="/assets/App-B8H0Wm3T.js"><link rel="modulepreload" as="script" crossorigin="" href="/assets/spClient-C1E27-Af.js"><link rel="modulepreload" as="script" crossorigin="" href="/assets/msal-BlQpoIqL.js"><link rel="modulepreload" as="script" crossorigin="" href="/assets/fetchSp-NURcMP8s.js"><link rel="modulepreload" as="script" crossorigin="" href="/assets/metrics-DMb1NeCF.js"></head>
  <body>
    <div id="root"></div>
    <script nomodule="">!function(){var e=document,t=e.createElement("script");if(!("noModule"in t)&&"onbeforeload"in t){var n=!1;e.addEventListener("beforeload",(function(e){if(e.target===t)n=!0;else if(!e.target.hasAttribute("nomodule")||!n)return;e.preventDefault()}),!0),t.type="module",t.src=".",e.head.appendChild(t),t.remove()}}();</script>
    <script nomodule="" crossorigin="" id="vite-legacy-polyfill" src="/assets/polyfills-legacy-Dw83KJh7.js"></script>
    <script nomodule="" crossorigin="" id="vite-legacy-entry" data-src="/assets/index-legacy-Chq8UUuC.js">System.import(document.getElementById('vite-legacy-entry').getAttribute('data-src'))</script>
  

</body></html>
  ✘  3 [chromium] › tests/e2e/today-ops-page.spec.ts:33:7 › Today Ops Screen › displays unfilled banner and opens Quick Record Drawer via URL state (retry #2) (2.3s)


  1) [chromium] › tests/e2e/today-ops-page.spec.ts:33:7 › Today Ops Screen › displays unfilled banner and opens Quick Record Drawer via URL state 

    Error: [2mexpect([22m[31mlocator[39m[2m).[22mtoBeVisible[2m([22m[2m)[22m failed

    Locator: getByTestId('today-hero-banner')
    Expected: visible
    Timeout: 2000ms
    Error: element(s) not found

    Call log:
    [2m  - Expect "toBeVisible" with timeout 2000ms[22m
    [2m  - waiting for getByTestId('today-hero-banner')[22m


      38 |     try {
      39 |       const banner = page.getByTestId('today-hero-banner');
    > 40 |       await expect(banner).toBeVisible({ timeout: 2000 });
         |                            ^
      41 |       await expect(banner).toContainText('未記録 3件');
      42 |     } catch (e) {
      43 |       console.log("PAGE CONTENT ERROR DUMP:");
        at /Users/yasutakesougo/audit-management-system-mvp/tests/e2e/today-ops-page.spec.ts:40:28

    attachment #1: screenshot (image/png) ──────────────────────────────────────────────────────────
    test-results/today-ops-page-Today-Ops-S-365c7-Record-Drawer-via-URL-state-chromium/test-failed-1.png
    ────────────────────────────────────────────────────────────────────────────────────────────────

    attachment #2: video (video/webm) ──────────────────────────────────────────────────────────────
    test-results/today-ops-page-Today-Ops-S-365c7-Record-Drawer-via-URL-state-chromium/video.webm
    ────────────────────────────────────────────────────────────────────────────────────────────────

    Retry #1 ───────────────────────────────────────────────────────────────────────────────────────

    Error: [2mexpect([22m[31mlocator[39m[2m).[22mtoBeVisible[2m([22m[2m)[22m failed

    Locator: getByTestId('today-hero-banner')
    Expected: visible
    Timeout: 2000ms
    Error: element(s) not found

    Call log:
    [2m  - Expect "toBeVisible" with timeout 2000ms[22m
    [2m  - waiting for getByTestId('today-hero-banner')[22m


      38 |     try {
      39 |       const banner = page.getByTestId('today-hero-banner');
    > 40 |       await expect(banner).toBeVisible({ timeout: 2000 });
         |                            ^
      41 |       await expect(banner).toContainText('未記録 3件');
      42 |     } catch (e) {
      43 |       console.log("PAGE CONTENT ERROR DUMP:");
        at /Users/yasutakesougo/audit-management-system-mvp/tests/e2e/today-ops-page.spec.ts:40:28

    attachment #1: screenshot (image/png) ──────────────────────────────────────────────────────────
    test-results/today-ops-page-Today-Ops-S-365c7-Record-Drawer-via-URL-state-chromium-retry1/test-failed-1.png
    ────────────────────────────────────────────────────────────────────────────────────────────────

    attachment #2: video (video/webm) ──────────────────────────────────────────────────────────────
    test-results/today-ops-page-Today-Ops-S-365c7-Record-Drawer-via-URL-state-chromium-retry1/video.webm
    ────────────────────────────────────────────────────────────────────────────────────────────────

    attachment #3: trace (application/zip) ─────────────────────────────────────────────────────────
    test-results/today-ops-page-Today-Ops-S-365c7-Record-Drawer-via-URL-state-chromium-retry1/trace.zip
    Usage:

        npx playwright show-trace test-results/today-ops-page-Today-Ops-S-365c7-Record-Drawer-via-URL-state-chromium-retry1/trace.zip

    ────────────────────────────────────────────────────────────────────────────────────────────────

    Retry #2 ───────────────────────────────────────────────────────────────────────────────────────

    Error: [2mexpect([22m[31mlocator[39m[2m).[22mtoBeVisible[2m([22m[2m)[22m failed

    Locator: getByTestId('today-hero-banner')
    Expected: visible
    Timeout: 2000ms
    Error: element(s) not found

    Call log:
    [2m  - Expect "toBeVisible" with timeout 2000ms[22m
    [2m  - waiting for getByTestId('today-hero-banner')[22m


      38 |     try {
      39 |       const banner = page.getByTestId('today-hero-banner');
    > 40 |       await expect(banner).toBeVisible({ timeout: 2000 });
         |                            ^
      41 |       await expect(banner).toContainText('未記録 3件');
      42 |     } catch (e) {
      43 |       console.log("PAGE CONTENT ERROR DUMP:");
        at /Users/yasutakesougo/audit-management-system-mvp/tests/e2e/today-ops-page.spec.ts:40:28

    attachment #1: screenshot (image/png) ──────────────────────────────────────────────────────────
    test-results/today-ops-page-Today-Ops-S-365c7-Record-Drawer-via-URL-state-chromium-retry2/test-failed-1.png
    ────────────────────────────────────────────────────────────────────────────────────────────────

    attachment #2: video (video/webm) ──────────────────────────────────────────────────────────────
    test-results/today-ops-page-Today-Ops-S-365c7-Record-Drawer-via-URL-state-chromium-retry2/video.webm
    ────────────────────────────────────────────────────────────────────────────────────────────────

  1 failed
    [chromium] › tests/e2e/today-ops-page.spec.ts:33:7 › Today Ops Screen › displays unfilled banner and opens Quick Record Drawer via URL state 
