
[1m[46m RUN [49m[22m [36mv4.0.18 [39m[90mC:/Users/螳画ｭｦ/.vscode/workspace/audit-management-system[39m

[90mstdout[2m | tests/unit/spClient.status-branches.spec.ts
[22m[39m[MSAL ENV] Validated successfully

[90mstdout[2m | tests/unit/spClient.more-branches.spec.ts
[22m[39m[MSAL ENV] Validated successfully

[90mstdout[2m | tests/unit/spClient.crud.spec.ts
[22m[39m[MSAL ENV] Validated successfully

[90mstdout[2m | tests/unit/spClient.etag-conflict.spec.ts
[22m[39m[MSAL ENV] Validated successfully

[90mstdout[2m | src/features/today/transport/__tests__/transportRepo.spec.ts[2m > [22m[2mtransportRepo[2m > [22m[2msaveTransportLog[2m > [22m[2mshould create a new item when no existing item found
[22m[39m[transportRepo] Created transport log: U001_2026-03-13_to

[90mstdout[2m | src/features/today/transport/__tests__/transportRepo.spec.ts[2m > [22m[2mtransportRepo[2m > [22m[2msaveTransportLog[2m > [22m[2mshould update existing item when found
[22m[39m[transportRepo] Updated transport log: U001_2026-03-13_to (id=42)

[90mstdout[2m | src/features/today/transport/__tests__/transportRepo.spec.ts[2m > [22m[2mtransportRepo[2m > [22m[2msaveTransportLog[2m > [22m[2mshould include optional fields when provided
[22m[39m[transportRepo] Created transport log: U001_2026-03-13_to

[90mstdout[2m | src/features/today/transport/__tests__/transportRepo.spec.ts[2m > [22m[2mtransportRepo[2m > [22m[2msaveTransportLog[2m > [22m[2mshould always set UpdatedAt timestamp
[22m[39m[transportRepo] Created transport log: U001_2026-03-13_to

 [32m笨・[39m src/features/today/transport/__tests__/transportRepo.spec.ts[2m > [22mtransportRepo[2m > [22mloadTransportLogs[2m > [22mshould return mapped log entries for a given date[32m 13[2mms[22m[39m
 [32m笨・[39m src/features/today/transport/__tests__/transportRepo.spec.ts[2m > [22mtransportRepo[2m > [22mloadTransportLogs[2m > [22mshould return empty array when list does not exist (404)[32m 3[2mms[22m[39m
 [32m笨・[39m src/features/today/transport/__tests__/transportRepo.spec.ts[2m > [22mtransportRepo[2m > [22mloadTransportLogs[2m > [22mshould return empty array when list name error occurs[32m 3[2mms[22m[39m
 [32m笨・[39m src/features/today/transport/__tests__/transportRepo.spec.ts[2m > [22mtransportRepo[2m > [22mloadTransportLogs[2m > [22mshould rethrow non-404 errors[32m 4[2mms[22m[39m
 [32m笨・[39m src/features/today/transport/__tests__/transportRepo.spec.ts[2m > [22mtransportRepo[2m > [22msaveTransportLog[2m > [22mshould create a new item when no existing item found[32m 3[2mms[22m[39m
 [32m笨・[39m src/features/today/transport/__tests__/transportRepo.spec.ts[2m > [22mtransportRepo[2m > [22msaveTransportLog[2m > [22mshould update existing item when found[32m 2[2mms[22m[39m
 [32m笨・[39m src/features/today/transport/__tests__/transportRepo.spec.ts[2m > [22mtransportRepo[2m > [22msaveTransportLog[2m > [22mshould include optional fields when provided[32m 2[2mms[22m[39m
 [32m笨・[39m src/features/today/transport/__tests__/transportRepo.spec.ts[2m > [22mtransportRepo[2m > [22msaveTransportLog[2m > [22mshould silently skip when list does not exist (404)[32m 2[2mms[22m[39m
 [32m笨・[39m src/features/today/transport/__tests__/transportRepo.spec.ts[2m > [22mtransportRepo[2m > [22msaveTransportLog[2m > [22mshould always set UpdatedAt timestamp[32m 2[2mms[22m[39m
 [32m笨・[39m src/features/today/transport/__tests__/transportRepo.spec.ts[2m > [22mtransportRepo[2m > [22mwrite gate[2m > [22mshould throw WriteDisabledError when writes are disabled[32m 2[2mms[22m[39m
 [31mﾃ・[39m src/features/today/transport/__tests__/transportRepo.spec.ts[2m > [22mtransportRepo[2m > [22msyncToAttendanceDaily[2m > [22mshould patch TransportTo + TransportToMethod for direction=to[32m 4[2mms[22m[39m
[31m   竊・expected "vi.fn()" to be called with arguments: [ 'AttendanceDaily', 99, 窶ｦ(1) ][90m

Number of calls: [1m0[22m
[31m[39m
 [31mﾃ・[39m src/features/today/transport/__tests__/transportRepo.spec.ts[2m > [22mtransportRepo[2m > [22msyncToAttendanceDaily[2m > [22mshould patch TransportFrom + TransportFromMethod for direction=from[32m 2[2mms[22m[39m
[31m   竊・expected "vi.fn()" to be called with arguments: [ 'AttendanceDaily', 100, 窶ｦ(1) ][90m

Number of calls: [1m0[22m
[31m[39m
 [31mﾃ・[39m src/features/today/transport/__tests__/transportRepo.spec.ts[2m > [22mtransportRepo[2m > [22msyncToAttendanceDaily[2m > [22mshould set transport boolean to false for non-shuttle methods[32m 1[2mms[22m[39m
[31m   竊・expected "vi.fn()" to be called with arguments: [ 'AttendanceDaily', 101, 窶ｦ(1) ][90m

Number of calls: [1m0[22m
[31m[39m
 [32m笨・[39m src/features/today/transport/__tests__/transportRepo.spec.ts[2m > [22mtransportRepo[2m > [22msyncToAttendanceDaily[2m > [22mshould skip sync for non-arrived statuses[32m 1[2mms[22m[39m
 [32m笨・[39m src/features/today/transport/__tests__/transportRepo.spec.ts[2m > [22mtransportRepo[2m > [22msyncToAttendanceDaily[2m > [22mshould skip when no AttendanceDaily record exists[32m 1[2mms[22m[39m
 [32m笨・[39m src/features/today/transport/__tests__/transportRepo.spec.ts[2m > [22mtransportRepo[2m > [22msyncToAttendanceDaily[2m > [22mshould handle 404 when AttendanceDaily list does not exist[32m 2[2mms[22m[39m
 [32m笨・[39m src/features/today/transport/__tests__/transportRepo.spec.ts[2m > [22mtransportRepo[2m > [22msyncToAttendanceDaily[2m > [22mshould not throw on non-404 errors (logs but swallows)[32m 2[2mms[22m[39m
 [31mﾃ・[39m src/features/today/transport/__tests__/transportRepo.spec.ts[2m > [22mtransportRepo[2m > [22msyncToAttendanceDaily[2m > [22mshould use correct Key format: {UserCode}_{Date}[32m 3[2mms[22m[39m
[31m   竊・expected "vi.fn()" to be called with arguments: [ 'AttendanceDaily', 窶ｦ(1) ][90m

Number of calls: [1m0[22m
[31m[39m
 [31mﾃ・[39m tests/unit/features/safety/hooks/useSafetyOperationsSummary.spec.tsx[2m > [22museSafetyOperationsSummary[2m > [22m泙 豁｣蟶ｸ邉ｻ: 縺吶∋縺ｦ縺ｮ繝ｪ繝昴ず繝医Μ縺ｫ豁｣蟶ｸ縺ｪ繝・・繧ｿ縺悟ｭ伜惠縺吶ｋ蝣ｴ蜷医・←蛻・↓邨仙粋縺輔ｌ summary 縺梧ｧ狗ｯ峨＆繧後ｋ縺薙→[32m 98[2mms[22m[39m
[31m   竊・expected 'warning' to be 'good' // Object.is equality[39m
 [31mﾃ・[39m tests/unit/spListConfig.spec.ts[2m > [22mgetAllListKeys[2m > [22mshould return exactly 33 keys[32m 13[2mms[22m[39m
[31m   竊・expected [ 'users_master', 窶ｦ(38) ] to have a length of 36 but got 39[39m
 [32m笨・[39m tests/unit/spListConfig.spec.ts[2m > [22mgetAllListKeys[2m > [22mshould return unique keys[32m 1[2mms[22m[39m
 [32m笨・[39m tests/unit/spListConfig.spec.ts[2m > [22mgetAllListKeys[2m > [22mshould include expected keys[32m 2[2mms[22m[39m
 [32m笨・[39m tests/unit/spListConfig.spec.ts[2m > [22mgetAllListKeys[2m > [22mshould include audit-remediation keys (P0/P1)[32m 1[2mms[22m[39m
 [32m笨・[39m tests/unit/spListConfig.spec.ts[2m > [22mgetListEntry[2m > [22mshould return the entry for a valid key[32m 1[2mms[22m[39m
 [32m笨・[39m tests/unit/spListConfig.spec.ts[2m > [22mgetListEntry[2m > [22mshould throw for an unknown key[32m 2[2mms[22m[39m
 [32m笨・[39m tests/unit/spListConfig.spec.ts[2m > [22mresolveListIdentifier[2m > [22mshould return a non-empty string for all keys[32m 3[2mms[22m[39m
 [32m笨・[39m tests/unit/spListConfig.spec.ts[2m > [22mclassifyIdentifier[2m > [22mshould classify guid: prefix as guid[32m 1[2mms[22m[39m
 [32m笨・[39m tests/unit/spListConfig.spec.ts[2m > [22mclassifyIdentifier[2m > [22mshould classify bare GUID string as guid[32m 1[2mms[22m[39m
 [32m笨・[39m tests/unit/spListConfig.spec.ts[2m > [22mclassifyIdentifier[2m > [22mshould classify normal title as title[32m 1[2mms[22m[39m
 [32m笨・[39m tests/unit/spListConfig.spec.ts[2m > [22mclassifyIdentifier[2m > [22mshould handle GUID: with uppercase prefix[32m 1[2mms[22m[39m
 [32m笨・[39m tests/unit/spListConfig.spec.ts[2m > [22mgetListEndpointPath[2m > [22mshould generate title-based path for title lists[32m 1[2mms[22m[39m
 [32m笨・[39m tests/unit/spListConfig.spec.ts[2m > [22mgetListEndpointPath[2m > [22mshould URL-encode title with special characters[32m 1[2mms[22m[39m
 [32m笨・[39m tests/unit/spListConfig.spec.ts[2m > [22mgetListEndpointPath[2m > [22mshould start with /_api/web/[32m 1[2mms[22m[39m
 [32m笨・[39m tests/unit/spListConfig.spec.ts[2m > [22mgetListItemsPath[2m > [22mshould append /items to the list endpoint[32m 1[2mms[22m[39m
 [32m笨・[39m tests/unit/spListConfig.spec.ts[2m > [22mgetListItemPath[2m > [22mshould append /items(id) to the list endpoint[32m 1[2mms[22m[39m
 [32m笨・[39m tests/unit/spListConfig.spec.ts[2m > [22mgetListFieldsPath[2m > [22mshould append /fields to the list endpoint[32m 1[2mms[22m[39m
 [32m笨・[39m tests/unit/spListConfig.spec.ts[2m > [22mgetListDisplayName[2m > [22mshould return the Japanese display name[32m 1[2mms[22m[39m
 [32m笨・[39m tests/unit/spListConfig.spec.ts[2m > [22mgetListKeysByCategory[2m > [22mshould return master category lists[32m 1[2mms[22m[39m
 [32m笨・[39m tests/unit/spListConfig.spec.ts[2m > [22mgetListKeysByCategory[2m > [22mshould return meeting category lists[32m 0[2mms[22m[39m
 [32m笨・[39m tests/unit/spListConfig.spec.ts[2m > [22mgetListKeysByCategory[2m > [22mshould return empty array for a category with no lists[32m 0[2mms[22m[39m
 [32m笨・[39m tests/unit/spListConfig.spec.ts[2m > [22mresolveClassifiedIdentifier[2m > [22mshould resolve and classify in one step[32m 0[2mms[22m[39m
[90mstdout[2m | tests/dataos/stability_verification.spec.ts
[22m[39m[MSAL ENV] Validated successfully

 [32m笨・[39m tests/unit/features/safety/hooks/useSafetyOperationsSummary.spec.tsx[2m > [22museSafetyOperationsSummary[2m > [22m笞ｪ 遨ｺ繝・・繧ｿ: 蜷・ｨｮ繝ｪ繝昴ず繝医Μ縺九ｉ縺ｮ霑斐ｊ蛟､縺檎ｩｺ驟榊・縺ｮ蝣ｴ蜷医〒繧ゅ√け繝ｩ繝・す繝･縺帙★縺ｫ蛻晄悄蛹悶＆繧後ｋ縺薙→[32m 71[2mms[22m[39m
 [31mﾃ・[39m tests/unit/SharePointUserRepository.selectMode.spec.ts[2m > [22mSharePointUserRepository selectMode fallback[2m > [22msucceeds on first attempt when full mode works[32m 8[2mms[22m[39m
[31m   竊・listObj.fields is not a function[39m
 [31mﾃ・[39m tests/unit/SharePointUserRepository.selectMode.spec.ts[2m > [22mSharePointUserRepository selectMode fallback[2m > [22mfalls back from full 竊・detail when full returns 400[32m 1[2mms[22m[39m
[31m   竊・listObj.fields is not a function[39m
 [31mﾃ・[39m tests/unit/SharePointUserRepository.selectMode.spec.ts[2m > [22mSharePointUserRepository selectMode fallback[2m > [22mfalls back full 竊・detail 竊・core when both fail with 400[32m 1[2mms[22m[39m
[31m   竊・listObj.fields is not a function[39m
 [31mﾃ・[39m tests/unit/SharePointUserRepository.selectMode.spec.ts[2m > [22mSharePointUserRepository selectMode fallback[2m > [22mthrows when all fallback tiers fail[32m 8[2mms[22m[39m
[31m   竊・expected [Function] to throw error including '400' but got 'listObj.fields is not a function'[39m
 [31mﾃ・[39m tests/unit/SharePointUserRepository.selectMode.spec.ts[2m > [22mSharePointUserRepository selectMode fallback[2m > [22mthrows immediately for non-400 errors (no fallback)[32m 3[2mms[22m[39m
[31m   竊・expected [Function] to throw error including '403 Forbidden' but got 'listObj.fields is not a function'[39m
 [31mﾃ・[39m tests/unit/SharePointUserRepository.selectMode.spec.ts[2m > [22mSharePointUserRepository selectMode fallback[2m > [22mcore mode has no fallback (only 1 tier)[32m 2[2mms[22m[39m
[31m   竊・expected [Function] to throw error including '400' but got 'listObj.fields is not a function'[39m
 [31mﾃ・[39m tests/unit/SharePointUserRepository.selectMode.spec.ts[2m > [22mSharePointUserRepository selectMode fallback[2m > [22mdetail mode falls back to core only (2 tiers)[32m 1[2mms[22m[39m
[31m   竊・listObj.fields is not a function[39m
 [32m笨・[39m src/features/users/infra/__tests__/DataProviderUserRepository.spec.ts[2m > [22mDataProviderUserRepository Split Logic[2m > [22mgetAll(core) fetches only from Users_Master[32m 8[2mms[22m[39m
 [31mﾃ・[39m src/features/users/infra/__tests__/DataProviderUserRepository.spec.ts[2m > [22mDataProviderUserRepository Split Logic[2m > [22mgetAll(detail) performs lazy join across lists[32m 11[2mms[22m[39m
[31m   竊・expected null to be 'A-Course' // Object.is equality[39m
 [32m笨・[39m src/features/users/infra/__tests__/DataProviderUserRepository.spec.ts[2m > [22mDataProviderUserRepository Split Logic[2m > [22mcreate() splits payload into three lists[32m 5[2mms[22m[39m
 [32m笨・[39m src/features/users/infra/__tests__/DataProviderUserRepository.spec.ts[2m > [22mDataProviderUserRepository Split Logic[2m > [22mupdate() synchronizes accessory lists using upsert logic[32m 4[2mms[22m[39m
 [32m笨・[39m src/features/users/infra/__tests__/DataProviderUserRepository.spec.ts[2m > [22mDataProviderUserRepository Split Logic[2m > [22mhandles missing accessory rows gracefully[32m 2[2mms[22m[39m
 [32m笨・[39m tests/unit/features/safety/hooks/useSafetyOperationsSummary.spec.tsx[2m > [22museSafetyOperationsSummary[2m > [22m泯 蠅・阜譚｡莉ｶ: 霄ｫ菴捺鋸譚溘・隕∽ｻｶ譛ｪ蜈・ｶｳ蠖ｱ髻ｿ縺ｧ overallLevel 縺・critical 縺ｫ蛟偵ｌ繧九％縺ｨ・域里蟄伜ｮ溯｣・崋螳夲ｼ・[32m 91[2mms[22m[39m
 [32m笨・[39m tests/unit/features/safety/hooks/useSafetyOperationsSummary.spec.tsx[2m > [22museSafetyOperationsSummary[2m > [22m楳 驥崎ｦ√↑蛻・ｲ・(Loading): 逶ｴ蠕後・ loading = true, 螳御ｺ・ｾ後↓ false 縺ｫ縺ｪ繧九％縺ｨ[32m 93[2mms[22m[39m
[90mstdout[2m | tests/unit/pages/ExceptionCenterPage.suggestionTelemetry.spec.tsx
[22m[39m[MSAL ENV] Validated successfully

[90mstdout[2m | tests/unit/spClient.crud.spec.ts[2m > [22m[2mcreateSpClient CRUD helpers[2m > [22m[2mupdateItemByTitle returns parsed JSON payload
[22m[39m[DriftActionDispatcher] Initialized and subscribed to drift events.
[DriftNotificationHandler] Webhook URL not configured. Notifications disabled.

[90mstdout[2m | tests/unit/spClient.etag-conflict.spec.ts[2m > [22m[2mspClient ETag / 412 handling[2m > [22m[2msends PATCH with auth headers, refreshes ETag, and retries with the new value
[22m[39m[DriftActionDispatcher] Initialized and subscribed to drift events.
[DriftNotificationHandler] Webhook URL not configured. Notifications disabled.

[90mstdout[2m | tests/unit/spClient.status-branches.spec.ts[2m > [22m[2mcreateSpClient retry branches[2m > [22m[2mrefreshes auth token once after 401
[22m[39m[DriftActionDispatcher] Initialized and subscribed to drift events.
[DriftNotificationHandler] Webhook URL not configured. Notifications disabled.

[90mstdout[2m | tests/unit/spClient.more-branches.spec.ts[2m > [22m[2mspFetch retry matrix[2m > [22m[2mretries transient failures, logs in debug mode, and refreshes token on 401
[22m[39m[DriftActionDispatcher] Initialized and subscribed to drift events.
[DriftNotificationHandler] Webhook URL not configured. Notifications disabled.

 [31mﾃ・[39m tests/unit/spClient.status-branches.spec.ts[2m > [22mcreateSpClient retry branches[2m > [22mrefreshes auth token once after 401[32m 17[2mms[22m[39m
[31m   竊・expected "vi.fn()" to be called 2 times, but got 3 times[39m
 [32m笨・[39m tests/unit/spClient.status-branches.spec.ts[2m > [22mcreateSpClient retry branches[2m > [22mrespects Retry-After header before retrying throttled responses[32m 7[2mms[22m[39m
 [32m笨・[39m tests/unit/spClient.status-branches.spec.ts[2m > [22mcreateSpClient retry branches[2m > [22msurface server errors after retry exhaustion[32m 18[2mms[22m[39m
 [32m笨・[39m tests/unit/spClient.crud.spec.ts[2m > [22mcreateSpClient CRUD helpers[2m > [22mupdateItemByTitle returns parsed JSON payload[32m 11[2mms[22m[39m
 [32m笨・[39m tests/unit/spClient.crud.spec.ts[2m > [22mcreateSpClient CRUD helpers[2m > [22mdeleteItemByTitle issues DELETE with wildcard If-Match[32m 2[2mms[22m[39m
 [31mﾃ・[39m tests/unit/spClient.crud.spec.ts[2m > [22mcreateSpClient CRUD helpers[2m > [22mgetItemById passes through optional AbortSignal[32m 13[2mms[22m[39m
[31m   竊・expected AbortSignal { aborted: false } to be AbortSignal { aborted: false } // Object.is equality[39m
 [32m笨・[39m tests/unit/spClient.crud.spec.ts[2m > [22mcreateSpClient CRUD helpers[2m > [22mgetItemByIdWithEtag returns data and ETag header[32m 2[2mms[22m[39m
 [32m笨・[39m tests/unit/spClient.crud.spec.ts[2m > [22mcreateSpClient CRUD helpers[2m > [22mcreateItem serialises body and unwraps JSON response[32m 2[2mms[22m[39m
 [32m笨・[39m tests/unit/spClient.crud.spec.ts[2m > [22mcreateSpClient CRUD helpers[2m > [22mupdateItem delegates to patchListItem for generic identifiers[32m 2[2mms[22m[39m
 [32m笨・[39m tests/unit/spClient.crud.spec.ts[2m > [22mcreateSpClient CRUD helpers[2m > [22mdeleteItem removes SharePoint items by generic identifier[32m 2[2mms[22m[39m
 [32m笨・[39m tests/unit/spClient.crud.spec.ts[2m > [22mcreateSpClient CRUD helpers[2m > [22mlistItems accepts absolute list paths without double encoding[32m 3[2mms[22m[39m
 [32m笨・[39m tests/unit/spClient.crud.spec.ts[2m > [22mcreateSpClient CRUD helpers[2m > [22mlistItems normalizes SharePoint list identifiers lacking a leading slash[32m 2[2mms[22m[39m
 [32m笨・[39m tests/unit/spClient.crud.spec.ts[2m > [22mcreateSpClient CRUD helpers[2m > [22mlistItems resolves GUID style identifiers into lists(guid)[32m 10[2mms[22m[39m
 [32m笨・[39m tests/unit/spClient.crud.spec.ts[2m > [22mcreateSpClient CRUD helpers[2m > [22mlistItems rejects blank identifiers with a descriptive error[32m 3[2mms[22m[39m
 [32m笨・[39m tests/unit/spClient.crud.spec.ts[2m > [22mcreateSpClient CRUD helpers[2m > [22mlistItems follows continuation links until the page cap is reached[32m 3[2mms[22m[39m
 [32m笨・[39m tests/unit/spClient.crud.spec.ts[2m > [22mcreateSpClient CRUD helpers[2m > [22mnormalisePath handles relative, same-origin, and external URLs[32m 2[2mms[22m[39m
 [32m笨・[39m tests/unit/spClient.crud.spec.ts[2m > [22mcreateSpClient CRUD helpers[2m > [22mnormalisePath returns base-relative paths for same-origin URLs outside the API root[32m 1[2mms[22m[39m
 [32m笨・[39m tests/unit/spClient.crud.spec.ts[2m > [22mcreateSpClient CRUD helpers[2m > [22mnormalisePath falls back to the original string when URL parsing fails[32m 1[2mms[22m[39m
 [32m笨・[39m tests/unit/spClient.crud.spec.ts[2m > [22mcreateSpClient CRUD helpers[2m > [22mthrows a descriptive error when token acquisition fails[32m 1[2mms[22m[39m
 [32m笨・[39m tests/unit/spClient.crud.spec.ts[2m > [22mcreateSpClient CRUD helpers[2m > [22mretries without delay when jitter computes to zero milliseconds[32m 17[2mms[22m[39m
 [32m笨・[39m tests/unit/spClient.crud.spec.ts[2m > [22mcreateSpClient CRUD helpers[2m > [22mcoerceResult yields undefined for empty or non-JSON responses[32m 3[2mms[22m[39m
 [32m笨・[39m tests/unit/spClient.crud.spec.ts[2m > [22mcreateSpClient CRUD helpers[2m > [22mlogs token metrics snapshot when debug mode is enabled[32m 2[2mms[22m[39m
 [32m笨・[39m tests/unit/spClient.crud.spec.ts[2m > [22mcreateSpClient CRUD helpers[2m > [22mcreateSchedule resolves without touching SharePoint[32m 1[2mms[22m[39m
 [32m笨・[39m tests/unit/spClient.more-branches.spec.ts[2m > [22mbuildFieldSchema branches[2m > [22mrenders lookup field metadata with trimmed guid braces[32m 4[2mms[22m[39m
 [32m笨・[39m tests/unit/spClient.more-branches.spec.ts[2m > [22mbuildFieldSchema branches[2m > [22mincludes rich text, description, and default values for note fields[32m 1[2mms[22m[39m
 [32m笨・[39m tests/unit/spClient.more-branches.spec.ts[2m > [22mbuildFieldSchema branches[2m > [22mhandles boolean fields and datetime formats[32m 1[2mms[22m[39m
 [32m笨・[39m tests/unit/spClient.more-branches.spec.ts[2m > [22mbuildFieldSchema branches[2m > [22momits lookup list metadata when the identifier is blank[32m 1[2mms[22m[39m
 [32m笨・[39m tests/unit/spClient.more-branches.spec.ts[2m > [22mbuildFieldSchema branches[2m > [22mrenders boolean defaults of false as 0[32m 1[2mms[22m[39m
 [32m笨・[39m tests/unit/spClient.more-branches.spec.ts[2m > [22mresolveStaffListIdentifier scenarios[2m > [22mprefers explicit guid override even with braces[32m 2[2mms[22m[39m
 [32m笨・[39m tests/unit/spClient.more-branches.spec.ts[2m > [22mresolveStaffListIdentifier scenarios[2m > [22maccepts guid: prefix in title override[32m 1[2mms[22m[39m
 [32m笨・[39m tests/unit/spClient.more-branches.spec.ts[2m > [22mresolveStaffListIdentifier scenarios[2m > [22mfalls back to default staff list title when overrides are empty[32m 1[2mms[22m[39m
 [32m笨・[39m tests/unit/spClient.more-branches.spec.ts[2m > [22mfetchListItemsWithFallback callers[2m > [22mtreats bare objects without json() as empty payloads[32m 3[2mms[22m[39m
 [32m笨・[39m tests/unit/spClient.more-branches.spec.ts[2m > [22mfetchListItemsWithFallback callers[2m > [22mrethrows once optional field fallbacks are exhausted[32m 3[2mms[22m[39m
[90mstdout[2m | tests/dataos/stability_verification.spec.ts[2m > [22m[2mData OS Stability Verification[2m > [22m[2m1. Singleton Equality & Provider Isolation[2m > [22m[2mshould return the same instance for multiple calls (Singleton)
[22m[39m[DataProvider] Active backend: memory
[DataProvider] Active backend: memory

[90mstdout[2m | tests/dataos/stability_verification.spec.ts[2m > [22m[2mData OS Stability Verification[2m > [22m[2m1. Singleton Equality & Provider Isolation[2m > [22m[2mshould return different instances for different provider types (Isolation)
[22m[39m[DataProvider] Active backend: memory
[DataProvider] Active backend: local

[90mstdout[2m | tests/dataos/stability_verification.spec.ts[2m > [22m[2mData OS Stability Verification[2m > [22m[2m1. Singleton Equality & Provider Isolation[2m > [22m[2mresolveProvider should return the same instance as createDataProvider (Bridge Consistency)
[22m[39m[DataProvider] Active backend: local

[90mstdout[2m | tests/dataos/stability_verification.spec.ts[2m > [22m[2mData OS Stability Verification[2m > [22m[2m5. Hardening & Readiness[2m > [22m[2mcreateDataProvider should update client on existing sharepoint instance
[22m[39m[DataProvider] Active backend: sharepoint
[DataProvider] Active backend: sharepoint

[90mstdout[2m | tests/dataos/stability_verification.spec.ts[2m > [22m[2mData OS Stability Verification[2m > [22m[2m5. Hardening & Readiness[2m > [22m[2misDataProviderReady should return correct state
[22m[39m[DataProvider] Active backend: sharepoint

 [32m笨・[39m tests/dataos/stability_verification.spec.ts[2m > [22mData OS Stability Verification[2m > [22m1. Singleton Equality & Provider Isolation[2m > [22mshould return the same instance for multiple calls (Singleton)[32m 6[2mms[22m[39m
 [32m笨・[39m tests/dataos/stability_verification.spec.ts[2m > [22mData OS Stability Verification[2m > [22m1. Singleton Equality & Provider Isolation[2m > [22mshould return different instances for different provider types (Isolation)[32m 3[2mms[22m[39m
 [32m笨・[39m tests/dataos/stability_verification.spec.ts[2m > [22mData OS Stability Verification[2m > [22m1. Singleton Equality & Provider Isolation[2m > [22mresolveProvider should return the same instance as createDataProvider (Bridge Consistency)[32m 1[2mms[22m[39m
 [32m笨・[39m tests/dataos/stability_verification.spec.ts[2m > [22mData OS Stability Verification[2m > [22m2. LocalStorage StorageEvent Sync[2m > [22mshould invalidate cache and reload on StorageEvent[32m 2[2mms[22m[39m
 [32m笨・[39m tests/dataos/stability_verification.spec.ts[2m > [22mData OS Stability Verification[2m > [22m3. Error Contract Consistency[2m > [22m'InMemory' should throw DataProviderItemNotFoundError on miss[32m 1[2mms[22m[39m
 [32m笨・[39m tests/dataos/stability_verification.spec.ts[2m > [22mData OS Stability Verification[2m > [22m3. Error Contract Consistency[2m > [22m'LocalStorage' should throw DataProviderItemNotFoundError on miss[32m 1[2mms[22m[39m
 [32m笨・[39m tests/dataos/stability_verification.spec.ts[2m > [22mData OS Stability Verification[2m > [22m3. Error Contract Consistency[2m > [22m'SharePoint' should throw DataProviderItemNotFoundError on miss[32m 1[2mms[22m[39m
 [32m笨・[39m tests/dataos/stability_verification.spec.ts[2m > [22mData OS Stability Verification[2m > [22m4. Regression: CRUD Contract[2m > [22mLocalStorageDataProvider should handle basic CRUD correctly[32m 3[2mms[22m[39m
 [32m笨・[39m tests/dataos/stability_verification.spec.ts[2m > [22mData OS Stability Verification[2m > [22m5. Hardening & Readiness[2m > [22mresolveProvider should throw DataProviderNotInitializedError if uninitialized and in sharepoint mode[32m 1[2mms[22m[39m
 [31mﾃ・[39m tests/dataos/stability_verification.spec.ts[2m > [22mData OS Stability Verification[2m > [22m5. Hardening & Readiness[2m > [22mcreateDataProvider should update client on existing sharepoint instance[32m 13[2mms[22m[39m
[31m   竊・expected SharePointDataProvider{ 窶ｦ(2) } to be SharePointDataProvider{ 窶ｦ(1) } // Object.is equality[39m
 [31mﾃ・[39m tests/dataos/stability_verification.spec.ts[2m > [22mData OS Stability Verification[2m > [22m5. Hardening & Readiness[2m > [22mgetUserRepository should throw DataProviderNotInitializedError if uninitialized and in sharepoint mode[32m 2[2mms[22m[39m
[31m   竊・expected function to throw an error, but it didn't[39m
 [32m笨・[39m tests/dataos/stability_verification.spec.ts[2m > [22mData OS Stability Verification[2m > [22m5. Hardening & Readiness[2m > [22misDataProviderReady should return correct state[32m 1[2mms[22m[39m
 [31mﾃ・[39m src/features/attendance/infra/__tests__/DataProviderAttendanceRepository.spec.ts[2m > [22mDataProviderAttendanceRepository - Regression / Hardening[2m > [22mField Resolution Resilience[2m > [22mresolves UserID when UserCode is missing (AttendanceUsers)[32m 17[2mms[22m[39m
[31m   竊・expected "vi.fn()" to be called with arguments: [ Any<String>, ObjectContaining{窶ｦ} ][90m

Received: 

[1m  1st vi.fn() call:

[22m[2m  [[22m
[32m-   Any<String>,[90m
[32m-   ObjectContaining {[90m
[32m-     "select": StringMatching /UserID/,[90m
[31m+   "AttendanceUsers",[90m
[31m+   {[90m
[31m+     "filter": "IsActive eq 1",[90m
[31m+     "orderby": "UserID",[90m
[31m+     "select": [[90m
[31m+       "Id",[90m
[31m+       "UserID",[90m
[31m+       "FullName",[90m
[31m+       "IsActive",[90m
[31m+     ],[90m
[31m+     "signal": undefined,[90m
[2m    },[22m
[2m  ][22m
[31m[90m

Number of calls: [1m1[22m
[31m[39m
 [31mﾃ・[39m src/features/attendance/infra/__tests__/DataProviderAttendanceRepository.spec.ts[2m > [22mDataProviderAttendanceRepository - Regression / Hardening[2m > [22mField Resolution Resilience[2m > [22mhandles missing optional fields gracefullly (AttendanceUsers)[32m 2[2mms[22m[39m
[31m   竊・.toMatch() expects to receive a string, but got object[39m
 [31mﾃ・[39m src/features/attendance/infra/__tests__/DataProviderAttendanceRepository.spec.ts[2m > [22mDataProviderAttendanceRepository - Regression / Hardening[2m > [22mField Resolution Resilience[2m > [22mfails gracefully when essential fields are missing (AttendanceDaily)[32m 3[2mms[22m[39m
[31m   竊・expected "vi.fn()" to not be called at all, but actually been called 1 times[90m

Received: 

[1m  1st vi.fn() call:

[22m    Array [
      "attendance:repo",
      "Essential fields missing for daily attendance list.",
      Object {
        "list": "AttendanceDaily",
        "missing": Array [
          "status",
          "checkInAt",
          "checkOutAt",
          "cntAttendIn",
          "cntAttendOut",
          "transportTo",
          "transportFrom",
          "providedMinutes",
          "isEarlyLeave",
          "userConfirmedAt",
          "absentMorningContacted",
          "absentMorningMethod",
          "eveningChecked",
          "eveningNote",
          "isAbsenceAddonClaimable",
          "transportToMethod",
          "transportFromMethod",
          "transportToNote",
          "transportFromNote",
          "absentContactTimestamp",
          "absentReason",
          "absentContactorType",
          "absentSupportContent",
          "nextScheduledDate",
          "staffInChargeId",
        ],
      },
    ]
[31m[90m

Number of calls: [1m1[22m
[31m[39m
 [32m笨・[39m src/features/attendance/infra/__tests__/DataProviderAttendanceRepository.spec.ts[2m > [22mDataProviderAttendanceRepository - Regression / Hardening[2m > [22mMapping Logic (toAttendanceUser / toAttendanceDaily)[2m > [22mmaps minimal data with only ID and Title/UserCode[32m 2[2mms[22m[39m
 [32m笨・[39m src/features/attendance/infra/__tests__/DataProviderAttendanceRepository.spec.ts[2m > [22mDataProviderAttendanceRepository - Regression / Hardening[2m > [22mMapping Logic (toAttendanceUser / toAttendanceDaily)[2m > [22mfilters out invalid rows (missing core data)[32m 1[2mms[22m[39m
 [32m笨・[39m src/features/attendance/infra/__tests__/DataProviderAttendanceRepository.spec.ts[2m > [22mDataProviderAttendanceRepository - Regression / Hardening[2m > [22mObservation Temperature Resilience[2m > [22mhandles various temperature field name variations[32m 2[2mms[22m[39m
 [31mﾃ・[39m tests/unit/spClient.etag-conflict.spec.ts[2m > [22mspClient ETag / 412 handling[2m > [22msends PATCH with auth headers, refreshes ETag, and retries with the new value[33m 440[2mms[22m[39m
[31m   竊・expected { Id: 10, Title: 'latest' } to be undefined[39m
 [31mﾃ・[39m tests/unit/spClient.more-branches.spec.ts[2m > [22mspFetch retry matrix[2m > [22mretries transient failures, logs in debug mode, and refreshes token on 401[33m 429[2mms[22m[39m
[31m   竊・Unreachable retry loop exit: https://contoso.sharepoint.com/sites/demo/_api/web/lists/getbytitle('Sample')/items[39m
 [32m笨・[39m src/lib/__tests__/createRepositoryFactory.spec.ts[2m > [22mcreateRepositoryFactory[2m > [22mgetRepository[2m > [22mreturns demo repository when shouldUseDemo returns true[32m 4[2mms[22m[39m
 [32m笨・[39m src/lib/__tests__/createRepositoryFactory.spec.ts[2m > [22mcreateRepositoryFactory[2m > [22mgetRepository[2m > [22mreturns real repository when shouldUseDemo returns false and acquireToken is provided[32m 1[2mms[22m[39m
 [32m笨・[39m src/lib/__tests__/createRepositoryFactory.spec.ts[2m > [22mcreateRepositoryFactory[2m > [22mgetRepository[2m > [22mthrows when real repository requested without acquireToken[32m 2[2mms[22m[39m
 [32m笨・[39m src/lib/__tests__/createRepositoryFactory.spec.ts[2m > [22mcreateRepositoryFactory[2m > [22mgetRepository[2m > [22mforceKind overrides shouldUseDemo[32m 1[2mms[22m[39m
 [32m笨・[39m src/lib/__tests__/createRepositoryFactory.spec.ts[2m > [22mcreateRepositoryFactory[2m > [22mgetRepository[2m > [22mcaches repository when no options provided[32m 1[2mms[22m[39m
 [31mﾃ・[39m src/lib/__tests__/createRepositoryFactory.spec.ts[2m > [22mcreateRepositoryFactory[2m > [22mgetRepository[2m > [22mdoes not cache when options are provided[32m 10[2mms[22m[39m
[31m   竊・expected { kind: 'demo', id: 'demo-1' } not to be { kind: 'demo', id: 'demo-1' } // Object.is equality[39m
 [32m笨・[39m src/lib/__tests__/createRepositoryFactory.spec.ts[2m > [22mcreateRepositoryFactory[2m > [22moverride / reset[2m > [22moverride replaces returned repository[32m 1[2mms[22m[39m
 [32m笨・[39m src/lib/__tests__/createRepositoryFactory.spec.ts[2m > [22mcreateRepositoryFactory[2m > [22moverride / reset[2m > [22moverride(null) clears the override[32m 1[2mms[22m[39m
 [32m笨・[39m src/lib/__tests__/createRepositoryFactory.spec.ts[2m > [22mcreateRepositoryFactory[2m > [22moverride / reset[2m > [22mreset clears cache and override[32m 1[2mms[22m[39m
 [32m笨・[39m src/lib/__tests__/createRepositoryFactory.spec.ts[2m > [22mcreateRepositoryFactory[2m > [22mgetCurrentKind[2m > [22mreturns demo when shouldUseDemo is true[32m 1[2mms[22m[39m
 [32m笨・[39m src/lib/__tests__/createRepositoryFactory.spec.ts[2m > [22mcreateRepositoryFactory[2m > [22mgetCurrentKind[2m > [22mreturns real when shouldUseDemo is false[32m 1[2mms[22m[39m
 [32m笨・[39m src/lib/__tests__/createRepositoryFactory.spec.ts[2m > [22mcreateRepositoryFactory[2m > [22mgetCurrentKind[2m > [22mreturns cached kind after getRepository call[32m 1[2mms[22m[39m
 [32m笨・[39m src/lib/__tests__/createRepositoryFactory.spec.ts[2m > [22mcreateRepositoryFactory[2m > [22mgetCurrentKind[2m > [22mreturns override kind when override is set[32m 0[2mms[22m[39m
[90mstdout[2m | tests/unit/spClient.retryAfter.spec.ts
[22m[39m[MSAL ENV] Validated successfully

 [32m笨・[39m src/domain/safety/__tests__/compliance.spec.ts[2m > [22mcomplianceCommittee[2m > [22mcreateEmptyCommitteeDraft[2m > [22mreturns draft with defaults[32m 5[2mms[22m[39m
 [32m笨・[39m src/domain/safety/__tests__/compliance.spec.ts[2m > [22mcomplianceCommittee[2m > [22mfromDraftToCommitteeRecord[2m > [22mconverts draft to record with status=draft[32m 1[2mms[22m[39m
 [32m笨・[39m src/domain/safety/__tests__/compliance.spec.ts[2m > [22mcomplianceCommittee[2m > [22mcomputeCommitteeSummary[2m > [22mreturns empty summary for no records[32m 1[2mms[22m[39m
 [31mﾃ・[39m src/domain/safety/__tests__/compliance.spec.ts[2m > [22mcomplianceCommittee[2m > [22mcomputeCommitteeSummary[2m > [22mcounts fiscal year meetings correctly[32m 9[2mms[22m[39m
[31m   竊・expected +0 to be 4 // Object.is equality[39m
 [32m笨・[39m src/domain/safety/__tests__/compliance.spec.ts[2m > [22mcomplianceCommittee[2m > [22mcomputeCommitteeSummary[2m > [22mcalculates restraint discussion rate[32m 1[2mms[22m[39m
 [32m笨・[39m src/domain/safety/__tests__/compliance.spec.ts[2m > [22mcomplianceCommittee[2m > [22mcomputeCommitteeSummary[2m > [22mcomputes next recommended date as +3 months[32m 1[2mms[22m[39m
 [32m笨・[39m src/domain/safety/__tests__/compliance.spec.ts[2m > [22mguidelineVersion[2m > [22mcreateEmptyGuidelineDraft[2m > [22mreturns draft with defaults[32m 1[2mms[22m[39m
 [32m笨・[39m src/domain/safety/__tests__/compliance.spec.ts[2m > [22mguidelineVersion[2m > [22mfromDraftToGuidelineVersion[2m > [22mconverts draft to version with status=draft[32m 1[2mms[22m[39m
 [32m笨・[39m src/domain/safety/__tests__/compliance.spec.ts[2m > [22mguidelineVersion[2m > [22mcountFulfilledRequiredItems[2m > [22mreturns 0 when none fulfilled[32m 1[2mms[22m[39m
 [32m笨・[39m src/domain/safety/__tests__/compliance.spec.ts[2m > [22mguidelineVersion[2m > [22mcountFulfilledRequiredItems[2m > [22mreturns correct count when some fulfilled[32m 1[2mms[22m[39m
 [32m笨・[39m src/domain/safety/__tests__/compliance.spec.ts[2m > [22mguidelineVersion[2m > [22mcountFulfilledRequiredItems[2m > [22mreturns TOTAL_REQUIRED_ITEMS when all fulfilled[32m 1[2mms[22m[39m
 [32m笨・[39m src/domain/safety/__tests__/compliance.spec.ts[2m > [22mguidelineVersion[2m > [22mcomputeGuidelineSummary[2m > [22mreturns empty summary for no versions[32m 1[2mms[22m[39m
 [32m笨・[39m src/domain/safety/__tests__/compliance.spec.ts[2m > [22mguidelineVersion[2m > [22mcomputeGuidelineSummary[2m > [22midentifies current active version[32m 1[2mms[22m[39m
 [32m笨・[39m src/domain/safety/__tests__/compliance.spec.ts[2m > [22mtrainingRecord[2m > [22mcreateEmptyTrainingDraft[2m > [22mreturns draft with defaults[32m 1[2mms[22m[39m
 [32m笨・[39m src/domain/safety/__tests__/compliance.spec.ts[2m > [22mtrainingRecord[2m > [22mfromDraftToTrainingRecord[2m > [22mconverts draft to record with status=completed[32m 1[2mms[22m[39m
 [32m笨・[39m src/domain/safety/__tests__/compliance.spec.ts[2m > [22mtrainingRecord[2m > [22mcomputeAttendanceRate[2m > [22mreturns 0 for empty participants[32m 1[2mms[22m[39m
 [32m笨・[39m src/domain/safety/__tests__/compliance.spec.ts[2m > [22mtrainingRecord[2m > [22mcomputeAttendanceRate[2m > [22mcalculates rate correctly[32m 1[2mms[22m[39m
 [32m笨・[39m src/domain/safety/__tests__/compliance.spec.ts[2m > [22mtrainingRecord[2m > [22mcomputeAverageComprehension[2m > [22mreturns 0 for no data[32m 1[2mms[22m[39m
 [32m笨・[39m src/domain/safety/__tests__/compliance.spec.ts[2m > [22mtrainingRecord[2m > [22mcomputeAverageComprehension[2m > [22mcalculates average correctly[32m 1[2mms[22m[39m
 [32m笨・[39m src/domain/safety/__tests__/compliance.spec.ts[2m > [22mtrainingRecord[2m > [22mcomputeTrainingSummary[2m > [22mreturns empty summary for no records[32m 1[2mms[22m[39m
 [31mﾃ・[39m src/domain/safety/__tests__/compliance.spec.ts[2m > [22mtrainingRecord[2m > [22mcomputeTrainingSummary[2m > [22mcounts fiscal year trainings correctly[32m 2[2mms[22m[39m
[31m   竊・expected +0 to be 2 // Object.is equality[39m
 [32m笨・[39m src/domain/safety/__tests__/compliance.spec.ts[2m > [22mtrainingRecord[2m > [22mcomputeTrainingSummary[2m > [22mcomputes next recommended date as +6 months[32m 1[2mms[22m[39m
 [32m笨・[39m src/domain/safety/__tests__/compliance.spec.ts[2m > [22mtrainingRecord[2m > [22mcomputeTrainingSummary[2m > [22mexcludes cancelled records[32m 1[2mms[22m[39m
 [32m笨・[39m src/sharepoint/fields/__tests__/dailyFields.drift.spec.ts[2m > [22mDAILY_RECORD_CANONICAL_CANDIDATES drift[2m > [22m讓呎ｺ門錐縺後◎縺ｮ縺ｾ縺ｾ隗｣豎ｺ縺輔ｌ繧具ｼ・rift 縺ｪ縺暦ｼ・[32m 5[2mms[22m[39m
 [32m笨・[39m src/sharepoint/fields/__tests__/dailyFields.drift.spec.ts[2m > [22mDAILY_RECORD_CANONICAL_CANDIDATES drift[2m > [22mcr013_date 縺・RecordDate 縺ｮ莉｣譖ｿ縺ｨ縺励※隗｣豎ｺ縺輔ｌ繧・[32m 2[2mms[22m[39m
 [32m笨・[39m src/sharepoint/fields/__tests__/dailyFields.drift.spec.ts[2m > [22mDAILY_RECORD_CANONICAL_CANDIDATES drift[2m > [22m蠢・医ヵ繧｣繝ｼ繝ｫ繝・(title, recordDate, userRowsJSON) 縺梧純縺医・ isHealthy=true[32m 1[2mms[22m[39m
 [32m笨・[39m src/sharepoint/fields/__tests__/dailyFields.drift.spec.ts[2m > [22mDAILY_RECORD_CANONICAL_CANDIDATES drift[2m > [22mUserRowsJSON 縺悟ｮ悟・縺ｫ谺關ｽ縺励※縺・ｌ縺ｰ isHealthy=false[32m 1[2mms[22m[39m
 [32m笨・[39m src/sharepoint/fields/__tests__/dailyFields.drift.spec.ts[2m > [22mDAILY_RECORD_CANONICAL_CANDIDATES drift[2m > [22msuffixed RecordDate0 縺・drift 縺ｨ縺励※隗｣豎ｺ縺輔ｌ繧・[32m 1[2mms[22m[39m
 [31mﾃ・[39m src/sharepoint/fields/__tests__/dailyFields.drift.spec.ts[2m > [22mDAILY_RECORD_ROW_AGGREGATE_CANDIDATES drift[2m > [22m讓呎ｺ門錐縺後◎縺ｮ縺ｾ縺ｾ隗｣豎ｺ縺輔ｌ繧具ｼ・rift 縺ｪ縺暦ｼ・[32m 10[2mms[22m[39m
[31m   竊・expected [ 'ParentID' ] to have a length of +0 but got 1[39m
 [32m笨・[39m src/sharepoint/fields/__tests__/dailyFields.drift.spec.ts[2m > [22mDAILY_RECORD_ROW_AGGREGATE_CANDIDATES drift[2m > [22mcr013_personId 縺・userId 縺ｨ縺励※隗｣豎ｺ縺輔ｌ繧・[32m 1[2mms[22m[39m
 [32m笨・[39m src/sharepoint/fields/__tests__/dailyFields.drift.spec.ts[2m > [22mDAILY_RECORD_ROW_AGGREGATE_CANDIDATES drift[2m > [22m蠢・医ヵ繧｣繝ｼ繝ｫ繝・(userId, recordDate) 縺梧純縺医・ isHealthy=true[32m 1[2mms[22m[39m
 [32m笨・[39m src/sharepoint/fields/__tests__/dailyFields.drift.spec.ts[2m > [22mDAILY_RECORD_ROW_AGGREGATE_CANDIDATES drift[2m > [22muserId 縺悟ｮ悟・縺ｫ谺關ｽ縺励※縺・ｌ縺ｰ isHealthy=false[32m 1[2mms[22m[39m
 [32m笨・[39m src/sharepoint/fields/__tests__/dailyFields.drift.spec.ts[2m > [22mDAILY_ACTIVITY_RECORDS_CANDIDATES drift[2m > [22m讓呎ｺ門錐 (UserCode, RecordDate, TimeSlot, Observation) 縺瑚ｧ｣豎ｺ縺輔ｌ繧・[32m 1[2mms[22m[39m
 [32m笨・[39m src/sharepoint/fields/__tests__/dailyFields.drift.spec.ts[2m > [22mDAILY_ACTIVITY_RECORDS_CANDIDATES drift[2m > [22mcr013_personId / cr013_date 縺御ｻ｣譖ｿ蜷阪→縺励※隗｣豎ｺ縺輔ｌ繧・(drift)[32m 1[2mms[22m[39m
 [32m笨・[39m src/sharepoint/fields/__tests__/dailyFields.drift.spec.ts[2m > [22mDAILY_ACTIVITY_RECORDS_CANDIDATES drift[2m > [22m蠢・医メ繧ｧ繝・け・・serId, recordDate, timeSlot, observation・峨′讖溯・縺吶ｋ[32m 1[2mms[22m[39m
 [32m笨・[39m src/sharepoint/fields/__tests__/dailyFields.drift.spec.ts[2m > [22mDAILY_ACTIVITY_RECORDS_CANDIDATES drift[2m > [22mObservation 縺梧ｬ關ｽ縺・Notes 縺後≠繧句ｴ蜷医↓莉｣譖ｿ隗｣豎ｺ縺輔ｌ繧・(WARN)[32m 1[2mms[22m[39m
 [32m笨・[39m src/sharepoint/fields/__tests__/dailyFields.drift.spec.ts[2m > [22mDAILY_ACTIVITY_RECORDS_CANDIDATES drift[2m > [22m蠢・医・ TimeSlot 縺梧ｬ關ｽ縺励※縺・ｋ蝣ｴ蜷医↓ FAIL 蛻､螳・[32m 1[2mms[22m[39m
 [32m笨・[39m tests/unit/spClient.more-branches.spec.ts[2m > [22mspFetch retry matrix[2m > [22mretries 408 timeout responses[33m 363[2mms[22m[39m
 [32m笨・[39m tests/unit/spClient.more-branches.spec.ts[2m > [22mspFetch retry matrix[2m > [22muses Retry-After header with RFC1123 timestamp for 429 throttles[32m 7[2mms[22m[39m
 [32m笨・[39m tests/unit/spClient.more-branches.spec.ts[2m > [22mspFetch retry matrix[2m > [22msurfaces raiseHttpError with payload message when retries are exhausted[32m 25[2mms[22m[39m
 [32m笨・[39m tests/unit/spClient.more-branches.spec.ts[2m > [22mcoerceResult pathways via createItem[2m > [22mreturns undefined for 204 responses[32m 2[2mms[22m[39m
 [32m笨・[39m tests/unit/spClient.more-branches.spec.ts[2m > [22mcoerceResult pathways via createItem[2m > [22mreturns undefined for zero content-length payloads[32m 2[2mms[22m[39m
 [32m笨・[39m tests/unit/spClient.more-branches.spec.ts[2m > [22mcoerceResult pathways via createItem[2m > [22mskips non-json content types[32m 1[2mms[22m[39m
 [32m笨・[39m tests/unit/spClient.more-branches.spec.ts[2m > [22mcoerceResult pathways via createItem[2m > [22mhandles invalid json bodies gracefully[32m 1[2mms[22m[39m
 [32m笨・[39m tests/unit/spClient.more-branches.spec.ts[2m > [22mcoerceResult pathways via createItem[2m > [22mreturns undefined when the response lacks a content-type header[32m 2[2mms[22m[39m
 [31mﾃ・[39m tests/unit/spClient.more-branches.spec.ts[2m > [22mpatchListItem etag refresh branches[2m > [22mrefreshes etag after 412 and succeeds on retry[32m 25[2mms[22m[39m
[31m   竊・expected { Id: 1 } to be undefined[39m
 [31mﾃ・[39m tests/unit/spClient.more-branches.spec.ts[2m > [22mpatchListItem etag refresh branches[2m > [22mthrows SharePointItemNotFoundError when fallback fetch hits 404[32m 34[2mms[22m[39m
[31m   竊・expected Error: not found { status: 404, 窶ｦ(1) } to be an instance of SharePointItemNotFoundError[39m
 [31mﾃ・[39m tests/unit/spClient.more-branches.spec.ts[2m > [22mpatchListItem etag refresh branches[2m > [22mthrows SharePointMissingEtagError when refreshed etag is absent[32m 18[2mms[22m[39m
[31m   竊・promise resolved "{ Id: 1 }" instead of rejecting[39m
 [31mﾃ・[39m tests/unit/spClient.more-branches.spec.ts[2m > [22mpatchListItem etag refresh branches[2m > [22mthrows SharePointMissingEtagError when 412 persists after refreshing etag[32m 16[2mms[22m[39m
[31m   竊・promise resolved "{ Id: 1 }" instead of rejecting[39m
 [31mﾃ・[39m tests/unit/spClient.more-branches.spec.ts[2m > [22mensureListExists and metadata helpers[2m > [22mcreates list when missing and adds new fields[32m 15[2mms[22m[39m
[31m   竊・expected "vi.fn()" to be called 4 times, but got 3 times[39m
 [32m笨・[39m tests/unit/spClient.more-branches.spec.ts[2m > [22mensureListExists and metadata helpers[2m > [22mwarns when existing field required flag differs[32m 2[2mms[22m[39m
 [32m笨・[39m tests/unit/spClient.more-branches.spec.ts[2m > [22mensureListExists and metadata helpers[2m > [22mparses SharePoint metadata wrapped inside the d envelope[32m 2[2mms[22m[39m
 [31mﾃ・[39m tests/unit/spClient.more-branches.spec.ts[2m > [22mpostBatch retry logic and parser[2m > [22mretries batch requests on 429 and respects Retry-After seconds[32m 4[2mms[22m[39m
[31m   竊・Cannot read properties of undefined (reading 'getItem')[39m
 [31mﾃ・[39m tests/unit/spClient.more-branches.spec.ts[2m > [22mpostBatch retry logic and parser[2m > [22mparses batch responses into structured results[32m 2[2mms[22m[39m
[31m   竊・setTimeout is not defined[39m
 [32m笨・[39m tests/unit/spClient.more-branches.spec.ts[2m > [22mpostBatch retry logic and parser[2m > [22mreturns an empty array when batch is invoked without operations[32m 1[2mms[22m[39m
 [32m笨・[39m tests/unit/spClient.more-branches.spec.ts[2m > [22mpostBatch retry logic and parser[2m > [22mthrows when the batch token acquisition returns an empty value[32m 1[2mms[22m[39m
 [31mﾃ・[39m tests/unit/spClient.more-branches.spec.ts[2m > [22mpostBatch retry logic and parser[2m > [22mfalls back to the request boundary when the response omits one[32m 2[2mms[22m[39m
[31m   竊・setTimeout is not defined[39m
 [31mﾃ・[39m tests/unit/spClient.more-branches.spec.ts[2m > [22mlistItems variations[2m > [22mappends select/filter/orderby/expand parameters and forwards the abort signal[32m 3[2mms[22m[39m
[31m   竊・setTimeout is not defined[39m
 [31mﾃ・[39m tests/unit/spClient.more-branches.spec.ts[2m > [22mlistItems variations[2m > [22mnormalizes absolute next links back to relative paths[32m 2[2mms[22m[39m
[31m   竊・setTimeout is not a function[39m
 [32m笨・[39m tests/unit/spClient.more-branches.spec.ts[2m > [22musers master helpers[2m > [22msanitizes env override and falls back to default list name[32m 1[2mms[22m[39m
 [32m笨・[39m tests/unit/spClient.more-branches.spec.ts[2m > [22musers master helpers[2m > [22mresolves staff list identifier before fetch[32m 1[2mms[22m[39m
[90mstdout[2m | tests/unit/spClient.retryAfter.httpdate.spec.ts
[22m[39m[MSAL ENV] Validated successfully

 [32m笨・[39m src/sharepoint/fields/__tests__/usersMasterFields.drift.spec.ts[2m > [22mUSERS_MASTER_CANDIDATES drift[2m > [22m讓呎ｺ門錐縺後◎縺ｮ縺ｾ縺ｾ隗｣豎ｺ縺輔ｌ繧具ｼ・rift 縺ｪ縺暦ｼ・[32m 7[2mms[22m[39m
 [32m笨・[39m src/sharepoint/fields/__tests__/usersMasterFields.drift.spec.ts[2m > [22mUSERS_MASTER_CANDIDATES drift[2m > [22mcr013_ 繝励Ξ繝輔ぅ繝・け繧ｹ莉倥″蜀・Κ蜷阪′隗｣豎ｺ縺輔ｌ繧・[32m 2[2mms[22m[39m
 [32m笨・[39m src/sharepoint/fields/__tests__/usersMasterFields.drift.spec.ts[2m > [22mUSERS_MASTER_CANDIDATES drift[2m > [22mSharePoint 閾ｪ蜍穂ｻ倅ｸ弱し繝輔ぅ繝・け繧ｹ (FullName0) 縺瑚ｧ｣豎ｺ縺輔ｌ繧・[32m 2[2mms[22m[39m
 [32m笨・[39m src/sharepoint/fields/__tests__/usersMasterFields.drift.spec.ts[2m > [22mUSERS_MASTER_CANDIDATES drift[2m > [22m莉｣譖ｿ蜷・(Active, UserCode) 縺瑚ｧ｣豎ｺ縺輔ｌ繧・[32m 1[2mms[22m[39m
 [31mﾃ・[39m src/sharepoint/fields/__tests__/usersMasterFields.drift.spec.ts[2m > [22mUSERS_MASTER_CANDIDATES drift[2m > [22m蠢・医ヵ繧｣繝ｼ繝ｫ繝・(userId, fullName, isActive, usageStatus) 縺梧純縺医・ isHealthy=true[32m 10[2mms[22m[39m
[31m   竊・expected false to be true // Object.is equality[39m
 [32m笨・[39m src/sharepoint/fields/__tests__/usersMasterFields.drift.spec.ts[2m > [22mUSERS_MASTER_CANDIDATES drift[2m > [22mUserID 縺悟ｮ悟・縺ｫ谺關ｽ縺励※縺・ｌ縺ｰ isHealthy=false[32m 1[2mms[22m[39m
 [31mﾃ・[39m src/sharepoint/fields/__tests__/usersMasterFields.drift.spec.ts[2m > [22mUSERS_MASTER_CANDIDATES drift[2m > [22moptional 縺ｪ繝輔ぅ繝ｼ繝ｫ繝峨・谺關ｽ縺ｯ isHealthy 縺ｫ蠖ｱ髻ｿ縺励↑縺・[32m 2[2mms[22m[39m
[31m   竊・expected false to be true // Object.is equality[39m
[90mstdout[2m | tests/unit/spClient.retryAfter.spec.ts[2m > [22m[2mspClient 窶・429 Retry-After seconds 竊・retry then success[2m > [22m[2mrespects Retry-After seconds and retries once before succeeding
[22m[39m[DriftActionDispatcher] Initialized and subscribed to drift events.
[DriftNotificationHandler] Webhook URL not configured. Notifications disabled.

 [32m笨・[39m src/features/billing/domain/__tests__/billingLogic.spec.ts[2m > [22mbillingLogic[2m > [22msafeParseString[2m > [22m譁・ｭ怜・陦ｨ迴ｾ繧貞ｮ牙・縺ｫ蜈･蜃ｺ蜉帙☆繧・(null/undefined遲峨・遨ｺ譁・ｭ・[32m 5[2mms[22m[39m
 [32m笨・[39m src/features/billing/domain/__tests__/billingLogic.spec.ts[2m > [22mbillingLogic[2m > [22msafeParseNumber[2m > [22m豁｣蟶ｸ縺ｪ謨ｰ蛟､縲√♀繧医・蜑榊ｾ後・遨ｺ逋ｽ縺悟性縺ｾ繧後◆謨ｰ蛟､譁・ｭ怜・繧よｭ｣縺励￥繝代・繧ｹ縺吶ｋ縺薙→[32m 1[2mms[22m[39m
 [32m笨・[39m src/features/billing/domain/__tests__/billingLogic.spec.ts[2m > [22mbillingLogic[2m > [22msafeParseNumber[2m > [22m莉墓ｧ伜､悶・蜈･蜉・NaN遲・縺ｫ蟇ｾ縺励※繧ｯ繝ｩ繝・す繝･縺帙★ 0 縺ｸ繝輔か繝ｼ繝ｫ繝舌ャ繧ｯ縺吶ｋ縺薙→[32m 1[2mms[22m[39m
 [32m笨・[39m src/features/billing/domain/__tests__/billingLogic.spec.ts[2m > [22mbillingLogic[2m > [22msafeParseNumber[2m > [22m迴ｾ迥ｶ莉墓ｧ倥・隕ｳ貂ｬ蝗ｺ螳・ 雋謨ｰ縺ｯ 0 縺ｫ荳ｸ繧√ｉ繧後★縺昴・縺ｾ縺ｾ邯ｭ謖√＆繧後ｋ縺薙→[32m 1[2mms[22m[39m
 [32m笨・[39m src/features/billing/domain/__tests__/billingLogic.spec.ts[2m > [22mbillingLogic[2m > [22mmapToBillingOrder[2m > [22m螟夜Κ縺ｮSpItem(DTO)縺悟・縺ｦ縺ｮ繝励Ο繝代ユ繧｣縺ｫ豁｣縺励￥繝槭ャ繝斐Φ繧ｰ縺輔ｌ繧九％縺ｨ[32m 1[2mms[22m[39m
 [31mﾃ・[39m src/features/billing/domain/__tests__/billingLogic.spec.ts[2m > [22mbillingLogic[2m > [22mmapToBillingOrder[2m > [22mSharePoint迚ｹ譛峨・繝励Ο繝代ユ繧｣謠ｺ繧峨℃(Id, ID, Title繝輔か繝ｼ繝ｫ繝舌ャ繧ｯ)繧貞精蜿弱〒縺阪ｋ縺薙→[32m 11[2mms[22m[39m
[31m   竊・expected +0 to be 101 // Object.is equality[39m
 [32m笨・[39m src/features/billing/domain/__tests__/billingLogic.spec.ts[2m > [22mbillingLogic[2m > [22mmapToBillingOrder[2m > [22m螳悟・谺謳・遨ｺ繧ｪ繝悶ず繧ｧ繧ｯ繝・縺九ｉ縺ｮ髦ｲ陦・ 蠕檎ｶ夊ｨ育ｮ励′繧ｯ繝ｩ繝・す繝･縺励↑縺・ｮ牙・縺ｪ蛻晄悄蛟､縺檎函謌舌＆繧後ｋ縺薙→[32m 1[2mms[22m[39m
 [31mﾃ・[39m tests/unit/spClient.retryAfter.spec.ts[2m > [22mspClient 窶・429 Retry-After seconds 竊・retry then success[2m > [22mrespects Retry-After seconds and retries once before succeeding[32m 33[2mms[22m[39m
[31m   竊・expected { attempt: 1, status: 429, 窶ｦ(2) } to match object { attempt: 1, status: 429, 窶ｦ(2) }[39m
 [32m笨・[39m src/features/schedules/data/spRowSchema.spec.ts[2m > [22mspRowSchema - Robust Mapping[2m > [22mmapSpRowToSchedule[2m > [22mhandles Japanese categories and statuses[32m 5[2mms[22m[39m
 [32m笨・[39m src/features/schedules/data/spRowSchema.spec.ts[2m > [22mspRowSchema - Robust Mapping[2m > [22mmapSpRowToSchedule[2m > [22mhandles legacy Outlook format (Subject, StartDate, EndDate)[32m 1[2mms[22m[39m
 [31mﾃ・[39m src/features/schedules/data/spRowSchema.spec.ts[2m > [22mspRowSchema - Robust Mapping[2m > [22mmapSpRowToSchedule[2m > [22mhandles mixed userId formats (Lookup ID vs raw string)[32m 9[2mms[22m[39m
[31m   竊・expected undefined to be '101' // Object.is equality[39m
 [32m笨・[39m src/features/schedules/data/spRowSchema.spec.ts[2m > [22mspRowSchema - Robust Mapping[2m > [22mmapSpRowToSchedule[2m > [22mskips item if core dates are missing (null start/end)[32m 1[2mms[22m[39m
 [32m笨・[39m src/features/schedules/data/spRowSchema.spec.ts[2m > [22mspRowSchema - Robust Mapping[2m > [22mmapSpRowToSchedule[2m > [22mabsorbs partial metadata corruption[32m 1[2mms[22m[39m
 [32m笨・[39m src/features/schedules/data/spRowSchema.spec.ts[2m > [22mspRowSchema - Robust Mapping[2m > [22mparseSpScheduleRows[2m > [22mabsorbs field-level corruption in an array[32m 7[2mms[22m[39m
 [31mﾃ・[39m src/features/schedules/data/spRowSchema.spec.ts[2m > [22mspRowSchema - Robust Mapping[2m > [22mparseSpScheduleRows[2m > [22memits telemetry when a row is skipped[32m 4[2mms[22m[39m
[31m   竊・expected "vi.fn()" to be called with arguments: [ 'sp:row_skipped', 窶ｦ(1) ][90m

Number of calls: [1m0[22m
[31m[39m
 [32m笨・[39m src/features/schedules/data/spRowSchema.spec.ts[2m > [22mspRowSchema - Robust Mapping[2m > [22mparseSpScheduleRows[2m > [22mhandles various OData wrapper formats[32m 2[2mms[22m[39m
 [31mﾃ・[39m src/features/service-provision/infra/DataProviderServiceProvisionRepository.test.ts[2m > [22mDataProviderServiceProvisionRepository[2m > [22mgetByEntryKey[2m > [22m豁｣縺励￥繝輔ぅ繝ｫ繧ｿ繧ｯ繧ｨ繝ｪ繧堤函謌舌＠縲√ラ繝｡繧､繝ｳ繝｢繝・Ν縺ｫ螟画鋤縺ｧ縺阪ｋ縺薙→[32m 13[2mms[22m[39m
[31m   竊・expected "vi.fn()" to be called with arguments: [ 'ServiceProvisionRecords', 窶ｦ(1) ][90m

Number of calls: [1m0[22m
[31m[39m
 [32m笨・[39m src/features/service-provision/infra/DataProviderServiceProvisionRepository.test.ts[2m > [22mDataProviderServiceProvisionRepository[2m > [22mgetByEntryKey[2m > [22m隧ｲ蠖薙ョ繝ｼ繧ｿ縺後↑縺・ｴ蜷医↓ null 繧定ｿ斐☆縺薙→[32m 2[2mms[22m[39m
 [31mﾃ・[39m src/features/service-provision/infra/DataProviderServiceProvisionRepository.test.ts[2m > [22mDataProviderServiceProvisionRepository[2m > [22mupsertByEntryKey[2m > [22m譌｢蟄倥ョ繝ｼ繧ｿ縺後↑縺・ｴ蜷医…reateItem 繧貞他縺ｳ蜃ｺ縺吶％縺ｨ[32m 3[2mms[22m[39m
[31m   竊・Cannot write without schema resolution[39m
 [31mﾃ・[39m src/features/service-provision/infra/DataProviderServiceProvisionRepository.test.ts[2m > [22mDataProviderServiceProvisionRepository[2m > [22mupsertByEntryKey[2m > [22m譌｢蟄倥ョ繝ｼ繧ｿ縺後≠繧句ｴ蜷医「pdateItem 繧貞他縺ｳ蜃ｺ縺吶％縺ｨ[32m 2[2mms[22m[39m
[31m   竊・Cannot write without schema resolution[39m
 [31mﾃ・[39m tests/unit/spClient.etag-conflict.spec.ts[2m > [22mspClient ETag / 412 handling[2m > [22mthrows a descriptive error if item disappeared (GET 404 after 412)[33m 2930[2mms[22m[39m
[31m   竊・expected Error: API繝ｪ繧ｯ繧ｨ繧ｹ繝医↓螟ｱ謨励＠縺ｾ縺励◆ (500 ) { 窶ｦ(1) } to be an instance of SharePointItemNotFoundError[39m
 [31mﾃ・[39m src/lib/sp/__tests__/drift.spec.ts[2m > [22mDrift Detection (helpers.ts)[2m > [22mshould detect exact match as NOT drifted[32m 12[2mms[22m[39m
[31m   竊・expected true to be false // Object.is equality[39m
 [32m笨・[39m src/lib/sp/__tests__/drift.spec.ts[2m > [22mDrift Detection (helpers.ts)[2m > [22mshould detect suffixed names as drifted[32m 1[2mms[22m[39m
 [32m笨・[39m src/lib/sp/__tests__/drift.spec.ts[2m > [22mDrift Detection (helpers.ts)[2m > [22mshould NOT match names with non-numeric suffixes if not in candidates[32m 1[2mms[22m[39m
[90mstdout[2m | tests/unit/spClient.retryAfter.httpdate.spec.ts[2m > [22m[2mspClient 窶・429 Retry-After (HTTP-date) 竊・retry then success[2m > [22m[2mwaits for the HTTP-date retry window before retrying successfully
[22m[39m[DriftActionDispatcher] Initialized and subscribed to drift events.
[DriftNotificationHandler] Webhook URL not configured. Notifications disabled.

 [31mﾃ・[39m tests/unit/spClient.retryAfter.httpdate.spec.ts[2m > [22mspClient 窶・429 Retry-After (HTTP-date) 竊・retry then success[2m > [22mwaits for the HTTP-date retry window before retrying successfully[32m 23[2mms[22m[39m
[31m   竊・expected 50 to be greater than or equal to 2000[39m
 [31mﾃ・[39m tests/unit/pages/ExceptionCenterPage.suggestionTelemetry.spec.tsx[2m > [22mExceptionCenterPage suggestion telemetry[2m > [22mExceptionTable 縺九ｉ縺ｮ CTA/dismiss/snooze callback 縺ｧ telemetry 繧帝√ｋ[32m 41[2mms[22m[39m
[31m   竊・No QueryClient set, use QueryClientProvider to set one[39m
[90mstdout[2m | tests/unit/SupportPlanPermissions.spec.tsx
[22m[39m[MSAL ENV] Validated successfully

 [31mﾃ・[39m src/features/schedules/data/createAdapters.spec.ts[2m > [22mcreateAdapters helpers[2m > [22mserializes naive startLocal/endLocal using the configured schedules time zone[32m 11[2mms[22m[39m
[31m   竊・Invalid time value[39m
 [31mﾃ・[39m src/features/schedules/data/createAdapters.spec.ts[2m > [22mcreateAdapters helpers[2m > [22mkeeps assignedStaffId as a string for Staff schedules[32m 5[2mms[22m[39m
[31m   竊・expected undefined to be '12' // Object.is equality[39m
 [31mﾃ・[39m src/features/schedules/data/createAdapters.spec.ts[2m > [22mcreateAdapters helpers[2m > [22mnormalizes userId for User schedules[32m 2[2mms[22m[39m
[31m   竊・expected undefined to be '42' // Object.is equality[39m
 [31mﾃ・[39m src/features/schedules/data/createAdapters.spec.ts[2m > [22mcreateAdapters helpers[2m > [22mallows Org schedules without user or staff IDs[32m 1[2mms[22m[39m
[31m   竊・expected undefined to be null[39m
 [31mﾃ・[39m tests/unit/spClient.etag-conflict.spec.ts[2m > [22mspClient ETag / 412 handling[2m > [22mdoes not retry on 409 conflict and surfaces the error[33m 3068[2mms[22m[39m
[31m   竊・expected TypeError: Cannot read properties of unde窶ｦ to match object { status: 409 }[39m
 [32m笨・[39m src/features/handoff/views/__tests__/viewSeparation.spec.ts[2m > [22mHandoff View Separation[2m > [22mWeekViewSection[2m > [22muses useHandoffWeekViewModel correctly[32m 26[2mms[22m[39m
 [32m笨・[39m src/features/handoff/views/__tests__/viewSeparation.spec.ts[2m > [22mHandoff View Separation[2m > [22mWeekViewSection[2m > [22mexports HandoffWeekViewSection component[33m 1834[2mms[22m[39m
 [32m笨・[39m src/features/handoff/views/__tests__/viewSeparation.spec.ts[2m > [22mHandoff View Separation[2m > [22mWeekViewSection[2m > [22mdoes not export day-specific identifiers[32m 2[2mms[22m[39m
 [32m笨・[39m src/features/handoff/views/__tests__/viewSeparation.spec.ts[2m > [22mHandoff View Separation[2m > [22mMonthViewSection[2m > [22muses useHandoffMonthViewModel correctly[32m 20[2mms[22m[39m
[90mstdout[2m | src/features/daily/__tests__/DailyRecordForm.test.tsx
[22m[39m[MSAL ENV] Validated successfully

[90mstdout[2m | src/features/schedules/routes/__tests__/WeekTimeGrid.spec.tsx
[22m[39m[MSAL ENV] Validated successfully

[90mstdout[2m | tests/unit/ui.snapshot.spec.tsx[2m > [22m[2mAppShell snapshot
[22m[39m[MSAL ENV] Validated successfully

[90mstdout[2m | tests/unit/spClient.retry.spec.ts
[22m[39m[MSAL ENV] Validated successfully

[90mstdout[2m | tests/unit/ScheduleCreateDialog.spec.tsx
[22m[39m[MSAL ENV] Validated successfully

 [31mﾃ・[39m tests/unit/spClient.etag-conflict.spec.ts[2m > [22mspClient ETag / 412 handling[2m > [22mdoes not retry on 428 precondition required and surfaces the error[33m 2656[2mms[22m[39m
[31m   竊・expected TypeError: Cannot read properties of unde窶ｦ to match object { status: 428 }[39m
 [31mﾃ・[39m tests/unit/spClient.etag-conflict.spec.ts[2m > [22mspClient ETag / 412 handling[2m > [22mfails clearly if refreshed ETag header is missing[33m 356[2mms[22m[39m
[31m   竊・promise resolved "{ Id: 10 }" instead of rejecting[39m
 [32m笨・[39m src/features/settings/pages/OperationFlowSettingsPage.spec.tsx[2m > [22mOperationFlowSettingsPage[2m > [22m繝壹・繧ｸ繧ｿ繧､繝医Ν縺瑚｡ｨ遉ｺ縺輔ｌ繧・[33m 544[2mms[22m[39m
[90mstdout[2m | tests/unit/spClient.retry.spec.ts[2m > [22m[2mspClient retries & refresh[2m > [22m[2m401 -> token refresh -> success (single refresh)
[22m[39m[DriftActionDispatcher] Initialized and subscribed to drift events.
[DriftNotificationHandler] Webhook URL not configured. Notifications disabled.

 [32m笨・[39m src/features/daily/__tests__/DailyRecordForm.test.tsx[2m > [22mDailyRecordForm[2m > [22m繝輔か繝ｼ繝蛻晄悄蛹・[2m > [22m譁ｰ隕丈ｽ懈・譎ゅ↓遨ｺ縺ｮ繝輔か繝ｼ繝繧定｡ｨ遉ｺ縺吶ｋ[33m 1138[2mms[22m[39m
 [32m笨・[39m tests/unit/spClient.retry.spec.ts[2m > [22mspClient retries & refresh[2m > [22m401 -> token refresh -> success (single refresh)[32m 12[2mms[22m[39m
 [32m笨・[39m src/features/settings/pages/OperationFlowSettingsPage.spec.tsx[2m > [22mOperationFlowSettingsPage[2m > [22m繧ｵ繝悶ち繧､繝医Ν縺瑚｡ｨ遉ｺ縺輔ｌ繧・[33m 590[2mms[22m[39m
 [32m笨・[39m src/features/schedules/routes/__tests__/WeekTimeGrid.spec.tsx[2m > [22mWeekTimeGrid 窶・grid structure[2m > [22mrenders the 譎ょ綾 header cell[33m 532[2mms[22m[39m
 [32m笨・[39m src/features/daily/__tests__/DailyRecordForm.test.tsx[2m > [22mDailyRecordForm[2m > [22m繝輔か繝ｼ繝蛻晄悄蛹・[2m > [22m邱ｨ髮・凾縺ｫ譌｢蟄倥ョ繝ｼ繧ｿ繧定｡ｨ遉ｺ縺吶ｋ[33m 511[2mms[22m[39m
 [32m笨・[39m src/features/settings/pages/OperationFlowSettingsPage.spec.tsx[2m > [22mOperationFlowSettingsPage[2m > [22m蜈ｨ繝輔ぉ繝ｼ繧ｺ縺ｮ陦後′陦ｨ遉ｺ縺輔ｌ繧・[32m 264[2mms[22m[39m
 [32m笨・[39m tests/unit/spClient.retry.spec.ts[2m > [22mspClient retries & refresh[2m > [22m429 -> retry once -> success[33m 386[2mms[22m[39m
 [32m笨・[39m src/features/settings/pages/OperationFlowSettingsPage.spec.tsx[2m > [22mOperationFlowSettingsPage[2m > [22m蜷・ヵ繧ｧ繝ｼ繧ｺ縺ｮ繝ｩ繝吶Ν縺瑚｡ｨ遉ｺ縺輔ｌ繧・[32m 288[2mms[22m[39m
 [32m笨・[39m src/features/schedules/routes/__tests__/WeekTimeGrid.spec.tsx[2m > [22mWeekTimeGrid 窶・grid structure[2m > [22mrenders all 7 day labels in column headers[33m 374[2mms[22m[39m
 [32m笨・[39m src/features/schedules/routes/__tests__/WeekTimeGrid.spec.tsx[2m > [22mWeekTimeGrid 窶・grid structure[2m > [22mrenders the grid container with accessible aria-label[33m 389[2mms[22m[39m
 [32m笨・[39m src/features/settings/pages/OperationFlowSettingsPage.spec.tsx[2m > [22mOperationFlowSettingsPage[2m > [22m菫晏ｭ倥・繧ｿ繝ｳ縺瑚｡ｨ遉ｺ縺輔ｌ繧・[32m 178[2mms[22m[39m
 [32m笨・[39m src/features/schedules/routes/__tests__/WeekTimeGrid.spec.tsx[2m > [22mWeekTimeGrid 窶・grid structure[2m > [22mrenders time slot cells (06:00縲・1:30)[33m 319[2mms[22m[39m
 [32m笨・[39m src/features/settings/pages/OperationFlowSettingsPage.spec.tsx[2m > [22mOperationFlowSettingsPage[2m > [22m蛻晄悄蛟､縺ｫ謌ｻ縺吶・繧ｿ繝ｳ縺瑚｡ｨ遉ｺ縺輔ｌ繧・[33m 570[2mms[22m[39m
 [32m笨・[39m src/features/schedules/routes/__tests__/WeekTimeGrid.spec.tsx[2m > [22mWeekTimeGrid 窶・grid structure[2m > [22mrenders 06:00 and 21:30 as boundary time labels[32m 224[2mms[22m[39m
 [32m笨・[39m src/features/settings/pages/OperationFlowSettingsPage.spec.tsx[2m > [22mOperationFlowSettingsPage[2m > [22m繝励Ξ繝薙Η繝ｼ繧ｫ繝ｼ繝峨′陦ｨ遉ｺ縺輔ｌ繧・[33m 329[2mms[22m[39m
 [32m笨・[39m src/features/daily/__tests__/DailyRecordForm.test.tsx[2m > [22mDailyRecordForm[2m > [22m繝舌Μ繝・・繧ｷ繝ｧ繝ｳ[2m > [22m蠢・磯・岼縺梧悴蜈･蜉帙・蝣ｴ蜷医∽ｿ晏ｭ倥・繧ｿ繝ｳ縺檎┌蜉ｹ縺ｫ縺ｪ繧・[33m 413[2mms[22m[39m
 [32m笨・[39m src/features/schedules/routes/__tests__/WeekTimeGrid.spec.tsx[2m > [22mWeekTimeGrid 窶・today highlight[2m > [22mrenders 莉頑律 label for the today column[33m 550[2mms[22m[39m
 [32m笨・[39m src/features/settings/pages/OperationFlowSettingsPage.spec.tsx[2m > [22mOperationFlowSettingsPage[2m > [22m迴ｾ蝨ｨ繝輔ぉ繝ｼ繧ｺ繝√ャ繝励↓繝輔ぉ繝ｼ繧ｺ蜷阪′陦ｨ遉ｺ縺輔ｌ繧・[33m 365[2mms[22m[39m
 [32m笨・[39m src/features/schedules/routes/__tests__/WeekTimeGrid.spec.tsx[2m > [22mWeekTimeGrid 窶・today highlight[2m > [22mdoes NOT render 莉頑律 when todayIso does not match any weekday[32m 231[2mms[22m[39m
[90mstdout[2m | tests/unit/SupportPlanPermissions.spec.tsx[2m > [22m[2mSupportPlanGuidePage Permissions[2m > [22m[2mdisplays a read-only alert and disables inputs for viewer role
[22m[39m[DataProvider] Active backend: sharepoint
[DataProvider] Active backend: sharepoint
[DataProvider] Active backend: sharepoint
笨・[SP Telemetry] provider_selected { providerName: [32m'sharepoint'[39m }

 [32m笨・[39m src/features/settings/pages/OperationFlowSettingsPage.spec.tsx[2m > [22mOperationFlowSettingsPage[2m > [22m荳ｻ蠖ｹ逕ｻ髱｢縺ｮ繝励Ξ繝薙Η繝ｼ縺瑚｡ｨ遉ｺ縺輔ｌ繧・[32m 278[2mms[22m[39m
 [32m笨・[39m src/features/schedules/routes/__tests__/WeekTimeGrid.spec.tsx[2m > [22mWeekTimeGrid 窶・onTimeSlotClick[2m > [22mcalls onTimeSlotClick with dayIso and timeStr when a slot is pointer-up clicked[32m 197[2mms[22m[39m
 [32m笨・[39m src/features/settings/pages/OperationFlowSettingsPage.spec.tsx[2m > [22mOperationFlowSettingsPage[2m > [22m迴ｾ蝨ｨ譎ょ綾縺瑚｡ｨ遉ｺ縺輔ｌ繧・[32m 190[2mms[22m[39m
 [32m笨・[39m src/features/schedules/routes/__tests__/WeekTimeGrid.spec.tsx[2m > [22mWeekTimeGrid 窶・onTimeSlotClick[2m > [22mslot buttons have data-day and data-time attributes[32m 216[2mms[22m[39m
 [32m笨・[39m src/features/schedules/routes/__tests__/WeekTimeGrid.spec.tsx[2m > [22mWeekTimeGrid 窶・schedule items[2m > [22mrenders a schedule item title/personName in the correct time slot[32m 200[2mms[22m[39m
 [32m笨・[39m src/features/daily/__tests__/DailyRecordForm.test.tsx[2m > [22mDailyRecordForm[2m > [22m繝舌Μ繝・・繧ｷ繝ｧ繝ｳ[2m > [22m蠢・磯・岼繧貞・蜉帙☆繧九→菫晏ｭ倥・繧ｿ繝ｳ縺梧怏蜉ｹ縺ｫ縺ｪ繧・[33m 1545[2mms[22m[39m
 [32m笨・[39m src/features/settings/pages/OperationFlowSettingsPage.spec.tsx[2m > [22mOperationFlowSettingsPage[2m > [22m菫晏ｭ倥・繧ｿ繝ｳ繧偵け繝ｪ繝・け縺吶ｋ縺ｨ saveAll 縺悟他縺ｰ繧後ｋ[33m 320[2mms[22m[39m
 [32m笨・[39m src/features/schedules/routes/__tests__/WeekTimeGrid.spec.tsx[2m > [22mWeekTimeGrid 窶・schedule items[2m > [22mfalls back to title when personName is absent[32m 163[2mms[22m[39m
 [32m笨・[39m src/features/schedules/routes/__tests__/WeekTimeGrid.spec.tsx[2m > [22mWeekTimeGrid 窶・schedule items[2m > [22mcalls onItemSelect when a schedule item is clicked[32m 216[2mms[22m[39m
 [32m笨・[39m src/features/settings/pages/OperationFlowSettingsPage.spec.tsx[2m > [22mOperationFlowSettingsPage[2m > [22m菫晏ｭ伜ｾ後↓謌仙粥繝｡繝・そ繝ｼ繧ｸ縺瑚｡ｨ遉ｺ縺輔ｌ繧・[33m 368[2mms[22m[39m
 [32m笨・[39m src/features/schedules/routes/__tests__/WeekTimeGrid.spec.tsx[2m > [22mWeekTimeGrid 窶・schedule items[2m > [22mrenders schedule item with correct data-id and data-category attributes[32m 143[2mms[22m[39m
 [32m笨・[39m tests/unit/spClient.retry.spec.ts[2m > [22mspClient retries & refresh[2m > [22m503 -> exhaust retries -> throws[33m 3081[2mms[22m[39m
[90mstdout[2m | tests/unit/SupportPlanPermissions.spec.tsx[2m > [22m[2mSupportPlanGuidePage Permissions[2m > [22m[2mdoes not display alert and enables inputs for admin role
[22m[39m[DataProvider] Active backend: sharepoint
[DataProvider] Active backend: sharepoint
[DataProvider] Active backend: sharepoint

 [32m笨・[39m src/features/schedules/routes/__tests__/WeekTimeGrid.spec.tsx[2m > [22mWeekTimeGrid 窶・item warning indicators[2m > [22mrenders schedule-warning-indicator for items with baseShiftWarnings[32m 156[2mms[22m[39m
[90mstdout[2m | src/features/users/UsersPanel.smoke.test.tsx
[22m[39m[MSAL ENV] Validated successfully

 [32m笨・[39m src/features/settings/pages/OperationFlowSettingsPage.spec.tsx[2m > [22mOperationFlowSettingsPage[2m > [22m蛻晄悄蛟､縺ｫ謌ｻ縺吶ｒ繧ｯ繝ｪ繝・け縺吶ｋ縺ｨ resetToDefault 縺悟他縺ｰ繧後ｋ[32m 273[2mms[22m[39m
 [32m笨・[39m src/features/daily/__tests__/DailyRecordForm.test.tsx[2m > [22mDailyRecordForm[2m > [22m蝙句ｮ牙・諤ｧ縺ｮ遒ｺ隱・[2m > [22mhandleDataChange縺梧ｭ｣縺励＞蝙九〒蜍穂ｽ懊☆繧・[33m 966[2mms[22m[39m
 [32m笨・[39m src/features/daily/__tests__/DailyRecordForm.test.tsx[2m > [22mDailyRecordForm[2m > [22m繝輔か繝ｼ繝騾∽ｿ｡[2m > [22m菫晏ｭ俶凾縺ｫ豁｣縺励＞繝・・繧ｿ讒矩縺ｧonSave縺悟他縺ｰ繧後ｋ[33m 842[2mms[22m[39m
 [32m笨・[39m src/features/schedules/routes/__tests__/WeekTimeGrid.spec.tsx[2m > [22mWeekTimeGrid 窶・item warning indicators[2m > [22mdoes NOT render warning indicator when baseShiftWarnings is empty[32m 300[2mms[22m[39m
 [32m笨・[39m src/features/settings/pages/OperationFlowSettingsPage.spec.tsx[2m > [22mOperationFlowSettingsPage[2m > [22m蛻晄悄蛟､縺ｫ謌ｻ縺励◆蠕後↓繝｡繝・そ繝ｼ繧ｸ縺瑚｡ｨ遉ｺ縺輔ｌ繧・[33m 557[2mms[22m[39m
 [32m笨・[39m src/features/daily/__tests__/BulkDailyRecordList.test.tsx[2m > [22mBulkDailyRecordList[2m > [22m荳諡ｬ菫晏ｭ俶凾縺ｮstatus譖ｴ譁ｰ繝ｭ繧ｸ繝・け[2m > [22m蜈･蜉帙′縺ゅｋ陦後・縺ｿsaved縺ｫ縺励∵悴蜈･蜉幄｡後・idle縺ｮ縺ｾ縺ｾ縺ｫ縺吶ｋ[33m 4973[2mms[22m[39m
 [32m笨・[39m tests/unit/SupportPlanPermissions.spec.tsx[2m > [22mSupportPlanGuidePage Permissions[2m > [22mdisplays a read-only alert and disables inputs for viewer role[33m 1216[2mms[22m[39m
 [32m笨・[39m src/features/schedules/routes/__tests__/WeekTimeGrid.spec.tsx[2m > [22mWeekTimeGrid 窶・item warning indicators[2m > [22mdoes NOT render warning indicator when baseShiftWarnings is absent[32m 247[2mms[22m[39m
 [32m笨・[39m src/features/schedules/routes/__tests__/WeekTimeGrid.spec.tsx[2m > [22mWeekTimeGrid 窶・slot aria labels[2m > [22meach slot button has an aria-label containing day label and time[33m 754[2mms[22m[39m
[90mstdout[2m | tests/unit/SupportPlanPermissions.spec.tsx[2m > [22m[2mSupportPlanGuidePage Permissions[2m > [22m[2mguarded buttons are disabled for non-admin on the monitoring tab
[22m[39m[DataProvider] Active backend: sharepoint
[DataProvider] Active backend: sharepoint
[DataProvider] Active backend: sharepoint

[90mstdout[2m | tests/unit/ui.snapshot.spec.tsx[2m > [22m[2mAppShell snapshot
[22m[39m[DataProvider] Active backend: sharepoint
[DataProvider] Active backend: sharepoint
[demo] Skip SharePoint bootstrap
笨・[SP Telemetry] provider_selected { providerName: [32m'sharepoint'[39m }
[demo] Skip SharePoint bootstrap
[DataProvider] Active backend: sharepoint
[DataProvider] Active backend: sharepoint

 [32m笨・[39m tests/unit/SupportPlanPermissions.spec.tsx[2m > [22mSupportPlanGuidePage Permissions[2m > [22mdoes not display alert and enables inputs for admin role[33m 1082[2mms[22m[39m
[90mstdout[2m | tests/unit/ui.snapshot.spec.tsx[2m > [22m[2mAppShell snapshot
[22m[39m[DataProvider] Active backend: sharepoint
[DataProvider] Active backend: sharepoint

[90mstdout[2m | tests/unit/ui.snapshot.spec.tsx[2m > [22m[2mAppShell snapshot
[22m[39m[DataProvider] Active backend: sharepoint
[DataProvider] Active backend: sharepoint

 [32m笨・[39m tests/unit/ui.snapshot.spec.tsx[2m > [22mAppShell snapshot[33m 7833[2mms[22m[39m
 [32m笨・[39m src/features/daily/__tests__/BulkDailyRecordList.test.tsx[2m > [22mBulkDailyRecordList[2m > [22mMUI Checkbox縺ｮ邨ｱ荳[2m > [22m蝠城｡瑚｡悟虚縺ｨ逋ｺ菴懊・繝√ぉ繝・け繝懊ャ繧ｯ繧ｹ縺勲UI繧ｳ繝ｳ繝昴・繝阪Φ繝医→縺励※蜍穂ｽ懊☆繧・[33m 3019[2mms[22m[39m
 [32m笨・[39m tests/unit/schedules.graph.spec.ts[2m > [22mGraph schedules adapter[2m > [22mfetches and maps events to sched items[32m 181[2mms[22m[39m
 [32m笨・[39m tests/unit/schedules.graph.spec.ts[2m > [22mGraph schedules adapter[2m > [22mfilters invalid events and synthesizes fallback identifiers[32m 2[2mms[22m[39m
 [32m笨・[39m tests/unit/schedules.graph.spec.ts[2m > [22mGraph schedules adapter[2m > [22mthrows when token acquisition fails[32m 3[2mms[22m[39m
[90mstdout[2m | tests/unit/SupportPlanPermissions.spec.tsx[2m > [22m[2mSupportPlanGuidePage Permissions[2m > [22m[2mguarded buttons are disabled for non-admin on the monitoring tab
[22m[39m[DataProvider] Active backend: sharepoint
[DataProvider] Active backend: sharepoint

 [32m笨・[39m tests/unit/SupportPlanPermissions.spec.tsx[2m > [22mSupportPlanGuidePage Permissions[2m > [22mguarded buttons are disabled for non-admin on the monitoring tab[33m 3752[2mms[22m[39m
 [32m笨・[39m tests/unit/schedules.graph.spec.ts[2m > [22mGraph schedules adapter[2m > [22msurfaces Graph errors with user message[33m 928[2mms[22m[39m
[90mstdout[2m | src/features/schedules/components/ops/__tests__/OpsSchedulePage.spec.tsx
[22m[39m[MSAL ENV] Validated successfully

 [32m笨・[39m src/features/daily/__tests__/BulkDailyRecordList.test.tsx[2m > [22mBulkDailyRecordList[2m > [22m陦後＃縺ｨ菫晏ｭ倥・繧､繝ｳ繧ｿ繝ｼ繝輔ぉ繝ｼ繧ｹ[2m > [22monSaveRow縺梧署萓帙＆繧後◆蝣ｴ蜷医∬｡後＃縺ｨ菫晏ｭ倥〒菴ｿ逕ｨ縺輔ｌ繧・[33m 3087[2mms[22m[39m
 [32m笨・[39m tests/unit/schedules.graph.spec.ts[2m > [22mGraph schedules adapter[2m > [22mwraps network failures with a safe user message[33m 936[2mms[22m[39m
 [32m笨・[39m tests/unit/schedules.graph.spec.ts[2m > [22mGraph schedules adapter[2m > [22mhonours cached responses while the TTL remains valid[32m 23[2mms[22m[39m
 [32m笨・[39m tests/unit/schedules.graph.spec.ts[2m > [22mGraph schedules adapter[2m > [22mreturns the existing in-flight promise for duplicate range requests[32m 5[2mms[22m[39m
 [32m笨・[39m tests/unit/schedules.graph.spec.ts[2m > [22mGraph schedules adapter[2m > [22mretries according to retry-after hints and exponential backoff[32m 22[2mms[22m[39m
 [32m笨・[39m tests/unit/operation-hub.useOperationHubData.branches.spec.ts[2m > [22museOperationHubData branch coverage[2m > [22msurfaces loading state, errors, and refresh logic[33m 2927[2mms[22m[39m
 [32m笨・[39m tests/unit/operation-hub.useOperationHubData.branches.spec.ts[2m > [22museOperationHubData branch coverage[2m > [22mmerges schedules across branches and annotates timeline conflicts[32m 17[2mms[22m[39m
 [32m笨・[39m tests/unit/operation-hub.useOperationHubData.branches.spec.ts[2m > [22museOperationHubData branch coverage[2m > [22mfalls back to neutral alerts and empty timeline when no schedules[32m 6[2mms[22m[39m
 [32m笨・[39m tests/unit/operation-hub.useOperationHubData.branches.spec.ts[2m > [22museOperationHubData branch coverage[2m > [22muses default timeline bounds when no schedule times can be parsed[32m 5[2mms[22m[39m
[90mstdout[2m | src/features/users/UsersPanel.smoke.test.tsx[2m > [22m[2mUsersPanel smoke test[2m > [22m[2mallows creating and terminating a user with list refresh
[22m[39m[DataProvider] Active backend: sharepoint
笨・[SP Telemetry] provider_selected { providerName: [32m'sharepoint'[39m }

 [32m笨・[39m tests/unit/schedules.graph.spec.ts[2m > [22mGraph schedules adapter[2m > [22mignores retry-after headers when accessor throws and stops after max attempts[33m 983[2mms[22m[39m
 [32m笨・[39m tests/unit/schedules.graph.spec.ts[2m > [22mGraph schedules adapter[2m > [22maborts older in-flight range requests and resolves the latest[32m 12[2mms[22m[39m
[90mstdout[2m | src/features/users/UsersPanel.smoke.test.tsx[2m > [22m[2mUsersPanel smoke test[2m > [22m[2mshows embedded detail when selecting a user from the list
[22m[39m[DataProvider] Active backend: sharepoint

 [32m笨・[39m src/features/users/UsersPanel.smoke.test.tsx[2m > [22mUsersPanel smoke test[2m > [22mallows creating and terminating a user with list refresh[33m 1462[2mms[22m[39m
 [32m笨・[39m tests/unit/operation-hub.useOperationHubData.spec.ts[2m > [22museOperationHubData[2m > [22maggregates SharePoint data into dashboard state[33m 2729[2mms[22m[39m
 [32m笨・[39m tests/unit/operation-hub.useOperationHubData.spec.ts[2m > [22museOperationHubData[2m > [22mrefresh triggers ensure and reloads[32m 6[2mms[22m[39m
 [32m笨・[39m tests/unit/operation-hub.useOperationHubData.spec.ts[2m > [22museOperationHubData[2m > [22msurfaces loading state and error messages from stores[32m 4[2mms[22m[39m
 [32m笨・[39m tests/unit/operation-hub.useOperationHubData.spec.ts[2m > [22museOperationHubData[2m > [22mreturns null timeline but keeps alerts when no schedules match today[32m 4[2mms[22m[39m
 [32m笨・[39m tests/unit/operation-hub.useOperationHubData.spec.ts[2m > [22museOperationHubData[2m > [22mclassifies timeline resources, marks conflicts, and derives mobile task statuses[32m 26[2mms[22m[39m
 [32m笨・[39m src/features/daily/__tests__/BulkDailyRecordList.test.tsx[2m > [22mBulkDailyRecordList[2m > [22m陦後＃縺ｨ菫晏ｭ倥・繧､繝ｳ繧ｿ繝ｼ繝輔ぉ繝ｼ繧ｹ[2m > [22monSaveRow縺梧悴謠蝉ｾ帙・蝣ｴ蜷医√ヵ繧ｩ繝ｼ繝ｫ繝舌ャ繧ｯ縺御ｽｿ逕ｨ縺輔ｌ繧・[33m 2748[2mms[22m[39m
 [32m笨・[39m src/features/daily/__tests__/BulkDailyRecordList.test.tsx[2m > [22mBulkDailyRecordList[2m > [22m繝舌Μ繝・・繧ｷ繝ｧ繝ｳUX縺ｮ遒ｺ隱・[2m > [22m譁・ｭ玲焚蛻ｶ髯舌ｒ雜・∴縺溷ｴ蜷医・←蛻・↑繧ｨ繝ｩ繝ｼ陦ｨ遉ｺ縺ｨ繧｢繝翫え繝ｳ繧ｹ縺瑚｡後ｏ繧後ｋ[33m 1722[2mms[22m[39m
[90mstdout[2m | src/features/users/UsersPanel.smoke.test.tsx[2m > [22m[2mUsersPanel smoke test[2m > [22m[2mrestores selected detail from URL query
[22m[39m[DataProvider] Active backend: sharepoint

 [32m笨・[39m src/features/users/UsersPanel.smoke.test.tsx[2m > [22mUsersPanel smoke test[2m > [22mshows embedded detail when selecting a user from the list[33m 770[2mms[22m[39m
[90mstdout[2m | src/features/users/UsersPanel.smoke.test.tsx[2m > [22m[2mUsersPanel smoke test[2m > [22m[2mclears invalid selected query and keeps panel stable
[22m[39m[DataProvider] Active backend: sharepoint

 [32m笨・[39m src/features/users/UsersPanel.smoke.test.tsx[2m > [22mUsersPanel smoke test[2m > [22mrestores selected detail from URL query[32m 299[2mms[22m[39m
[90mstdout[2m | src/features/users/UsersPanel.smoke.test.tsx[2m > [22m[2mUsersPanel smoke test[2m > [22m[2mwrites selected query when detail is opened from list
[22m[39m[DataProvider] Active backend: sharepoint

 [32m笨・[39m src/features/users/UsersPanel.smoke.test.tsx[2m > [22mUsersPanel smoke test[2m > [22mclears invalid selected query and keeps panel stable[32m 247[2mms[22m[39m
 [32m笨・[39m src/features/users/UsersPanel.smoke.test.tsx[2m > [22mUsersPanel smoke test[2m > [22mwrites selected query when detail is opened from list[32m 185[2mms[22m[39m
 [32m笨・[39m src/features/schedules/components/ops/__tests__/OpsSchedulePage.spec.tsx[2m > [22mOpsSchedulePage[2m > [22mCase 1: 蛻晄悄謠冗判 窶・Header, Summary, Filter, Table 縺後Ξ繝ｳ繝繝ｪ繝ｳ繧ｰ縺輔ｌ繧・[33m 715[2mms[22m[39m
 [32m笨・[39m src/features/schedules/components/ops/__tests__/OpsSchedulePage.spec.tsx[2m > [22mOpsSchedulePage[2m > [22mCase 2: 陦後け繝ｪ繝・け縺ｧ陦後′ selectItem 縺輔ｌ繧具ｼ・rawer 縺ｮ繝医Μ繧ｬ繝ｼ・・[32m 179[2mms[22m[39m
 [32m笨・[39m src/features/schedules/components/ops/__tests__/OpsSchedulePage.spec.tsx[2m > [22mOpsSchedulePage[2m > [22mCase 2b: Drawer 髢区叛譎・窶・selectedItem 繧呈ｸ｡縺吶→ Drawer 縺ｮ蜀・ｮｹ縺瑚｡ｨ遉ｺ縺輔ｌ繧・[32m 292[2mms[22m[39m
 [32m笨・[39m src/features/schedules/components/ops/__tests__/OpsSchedulePage.spec.tsx[2m > [22mOpsSchedulePage[2m > [22mCase 3: Filter UI 窶・讀懃ｴ｢繝・く繧ｹ繝亥､画峩縺ｧ setFilter 縺悟他縺ｰ繧後ｋ[32m 135[2mms[22m[39m
 [32m笨・[39m src/features/schedules/components/ops/__tests__/OpsSchedulePage.spec.tsx[2m > [22mOpsSchedulePage[2m > [22mCase 4: Empty State 窶・items=0 莉ｶ縺ｮ縺ｨ縺阪↓繝ｬ繧､繧｢繧ｦ繝医′蟠ｩ繧後★ Empty 迥ｶ諷九↓縺ｪ繧・[32m 130[2mms[22m[39m
 [32m笨・[39m src/features/schedules/components/ops/__tests__/OpsSchedulePage.spec.tsx[2m > [22mOpsSchedulePage[2m > [22mCase 5: Weekly 陦ｨ遉ｺ 窶・viewMode=weekly 縺ｧ繧ｻ繝ｫ縺梧緒逕ｻ縺輔ｌ繧・[32m 155[2mms[22m[39m
 [2m[90m竊・[39m[22m tests/unit/AppShell.nav.spec.tsx[2m > [22mAppShell navigation[2m > [22mmarks current route button with aria-current="page" - awaiting AppShell useEffect fix
 [32m笨・[39m src/features/schedules/components/ops/__tests__/OpsSchedulePage.spec.tsx[2m > [22mOpsSchedulePage[2m > [22mCase 6: Weekly 竊・Daily drilldown 窶・譌･繧ｯ繝ｪ繝・け縺ｧ daily 縺ｫ驕ｷ遘ｻ縺吶ｋ[33m 368[2mms[22m[39m
 [32m笨・[39m src/features/schedules/components/ops/__tests__/OpsSchedulePage.spec.tsx[2m > [22mOpsSchedulePage[2m > [22mCase 7: List 陦ｨ遉ｺ 窶・viewMode=list 縺ｧ繝・・繝悶Ν縺梧緒逕ｻ縺輔ｌ繧・[32m 175[2mms[22m[39m
 [32m笨・[39m tests/unit/AppShell.nav.spec.tsx[2m > [22mAppShell navigation[2m > [22mmarks current route button with aria-current="page"[33m 697[2mms[22m[39m
 [32m笨・[39m tests/unit/AppShell.nav.spec.tsx[2m > [22mAppShell navigation[2m > [22mleaves status neutral when ping aborts[32m 196[2mms[22m[39m
 [32m笨・[39m src/features/schedules/components/ops/__tests__/OpsSchedulePage.spec.tsx[2m > [22mOpsSchedulePage[2m > [22mCase 8: List 陦後け繝ｪ繝・け 窶・selectItem 縺檎匱轣ｫ縺吶ｋ[32m 112[2mms[22m[39m
 [32m笨・[39m src/features/schedules/components/ops/__tests__/OpsSchedulePage.spec.tsx[2m > [22mOpsSchedulePage[2m > [22mCase 9: 3 View 蛻・崛縺悟｣翫ｌ縺ｦ縺・↑縺・窶・daily 竊・weekly 竊・list 縺ｨ viewMode 繧貞・繧頑崛縺医※繧・crash 縺励↑縺・[33m 367[2mms[22m[39m
 [32m笨・[39m tests/unit/AppShell.nav.spec.tsx[2m > [22mAppShell navigation[2m > [22mFeature flags[2m > [22mshows compliance link when feature flag is enabled[32m 288[2mms[22m[39m
 [32m笨・[39m tests/unit/AppShell.nav.spec.tsx[2m > [22mAppShell navigation[2m > [22mFeature flags[2m > [22mshows iceberg PDCA when feature flag is enabled[32m 209[2mms[22m[39m
[90mstdout[2m | tests/unit/spClient.ensureConfig.spec.ts[2m > [22m[2mspClient ensureConfig (real env validation)[2m > [22m[2mfails fast when resource or site value is still a placeholder
[22m[39m[MSAL ENV] Validated successfully

 [32m笨・[39m tests/unit/AppShell.nav.spec.tsx[2m > [22mAppShell navigation[2m > [22mFeature flags[2m > [22mshows staff attendance when feature flag is enabled[33m 366[2mms[22m[39m
[90mstdout[2m | src/lib/spClient.spec.ts[2m > [22m[2mensureConfig[2m > [22m[2mbuilds baseUrl correctly with valid env
[22m[39m[MSAL ENV] Validated successfully

 [32m笨・[39m tests/unit/AppShell.nav.spec.tsx[2m > [22mAppShell navigation[2m > [22mSearch functionality[2m > [22mfilters navigation items by search query[33m 305[2mms[22m[39m
[90mstdout[2m | src/features/service-provision/__tests__/useIsokatsuPreviewData.spec.ts[2m > [22m[2museIsokatsuPreviewData (design contract)[2m > [22m[2mmodule exports exist
[22m[39m[MSAL ENV] Validated successfully

 [32m笨・[39m src/features/handoff/views/__tests__/viewSeparation.spec.ts[2m > [22mHandoff View Separation[2m > [22mMonthViewSection[2m > [22mexports HandoffMonthViewSection component[32m 37[2mms[22m[39m
 [32m笨・[39m src/features/handoff/views/__tests__/viewSeparation.spec.ts[2m > [22mHandoff View Separation[2m > [22mMonthViewSection[2m > [22mdoes not export day-specific identifiers[32m 1[2mms[22m[39m
 [32m笨・[39m tests/unit/AppShell.nav.spec.tsx[2m > [22mAppShell navigation[2m > [22mSearch functionality[2m > [22mclears search query when Escape is pressed[32m 266[2mms[22m[39m
 [32m笨・[39m tests/unit/AppShell.nav.spec.tsx[2m > [22mAppShell navigation[2m > [22mNavigation collapse[2m > [22mtoggles navigation between collapsed and expanded states[33m 420[2mms[22m[39m
[90mstdout[2m | src/features/handoff/views/__tests__/viewSeparation.spec.ts[2m > [22m[2mHandoff View Separation[2m > [22m[2mDayView[2m > [22m[2mexports HandoffDayView component
[22m[39m[MSAL ENV] Validated successfully

[90mstdout[2m | src/features/exceptions/components/__tests__/ExceptionTable.spec.tsx[2m > [22m[2mExceptionTable[2m > [22m[2m繝・ヵ繧ｩ繝ｫ繝医・繝輔Λ繝・ヨ陦ｨ遉ｺ縺ｧ縲√げ繝ｫ繝ｼ繝励・繧ｿ繝ｳ繧呈款縺吶％縺ｨ縺ｧ縺吶∋縺ｦ縺ｮ萓句､悶ｒ蛻ｩ逕ｨ閠・腰菴阪〒髮・ｴ・〒縺阪ｋ
[22m[39m


--- DOM OUTPUT ---
<div><div class="MuiBox-root css-0" data-testid="exception-table"><div class="MuiStack-root css-eggeq0-MuiStack-root"><h6 class="MuiTypography-root MuiTypography-h6 css-h9fkkg-MuiTypography-root">萓句､紋ｸ隕ｧ<div class="MuiChip-root MuiChip-filled MuiChip-sizeSmall MuiChip-colorWarning MuiChip-filledWarning css-nw2ou1-MuiChip-root"><span class="MuiChip-label MuiChip-labelSmall css-eccknh-MuiChip-label">4莉ｶ</span></div></h6></div><div class="MuiStack-root css-tzbfef-MuiStack-root"><div role="group" class="MuiToggleButtonGroup-root MuiToggleButtonGroup-horizontal css-1bzao4z-MuiToggleButtonGroup-root"><button class="MuiButtonBase-root MuiToggleButtonGroup-grouped MuiToggleButtonGroup-groupedHorizontal MuiToggleButton-root MuiToggleButton-sizeSmall MuiToggleButton-primary MuiToggleButtonGroup-grouped MuiToggleButtonGroup-groupedHorizontal MuiToggleButtonGroup-firstButton css-wfeycl-MuiButtonBase-root-MuiToggleButton-root" tabindex="0" type="button" value="flat" aria-pressed="false" data-testid="exception-mode-flat"><svg class="MuiSvgIcon-root MuiSvgIcon-fontSizeMedium css-bdtf6l-MuiSvgIcon-root" focusable="false" aria-hidden="true" viewBox="0 0 24 24" data-testid="ViewListIcon"><path d="M3 14h4v-4H3zm0 5h4v-4H3zM3 9h4V5H3zm5 5h13v-4H8zm0 5h13v-4H8zM8 5v4h13V5z"></path></svg>繝輔Λ繝・ヨ荳隕ｧ</button><button class="MuiButtonBase-root MuiToggleButtonGroup-grouped MuiToggleButtonGroup-groupedHorizontal MuiToggleButton-root Mui-selected MuiToggleButton-sizeSmall MuiToggleButton-primary MuiToggleButtonGroup-grouped MuiToggleButtonGroup-groupedHorizontal MuiToggleButtonGroup-lastButton css-wfeycl-MuiButtonBase-root-MuiToggleButton-root" tabindex="0" type="button" value="grouped" aria-pressed="true" data-testid="exception-mode-grouped"><svg class="MuiSvgIcon-root MuiSvgIcon-fontSizeMedium css-bdtf6l-MuiSvgIcon-root" focusable="false" aria-hidden="true" viewBox="0 0 24 24" data-testid="PersonIcon"><path d="M12 12c2.21 0 4-1.79 4-4s-1.79-4-4-4-4 1.79-4 4 1.79 4 4 4m0 2c-2.67 0-8 1.34-8 4v2h16v-2c0-2.66-5.33-4-8-4"></path></svg>蛻ｩ逕ｨ閠・腰菴・/button></div><div class="MuiFormControl-root css-zctqko-MuiFormControl-root"><label class="MuiFormLabel-root MuiInputLabel-root MuiInputLabel-formControl MuiInputLabel-animated MuiInputLabel-shrink MuiInputLabel-sizeSmall MuiInputLabel-outlined MuiFormLabel-colorPrimary MuiFormLabel-filled MuiInputLabel-root MuiInputLabel-formControl MuiInputLabel-animated MuiInputLabel-shrink MuiInputLabel-sizeSmall MuiInputLabel-outlined css-hvjq6j-MuiFormLabel-root-MuiInputLabel-root" data-shrink="true">繧ｫ繝・ざ繝ｪ</label><div data-testid="exception-filter-category" class="MuiInputBase-root MuiOutlinedInput-root MuiInputBase-colorPrimary MuiInputBase-formControl MuiInputBase-sizeSmall MuiSelect-root css-sc8y68-MuiInputBase-root-MuiOutlinedInput-root-MuiSelect-root"><div tabindex="0" role="combobox" aria-expanded="false" aria-haspopup="listbox" class="MuiSelect-select MuiSelect-outlined MuiInputBase-input MuiOutlinedInput-input MuiInputBase-inputSizeSmall css-trm6af-MuiNativeSelect-root-MuiSelect-select-MuiInputBase-input-MuiOutlinedInput-input">縺吶∋縺ｦ</div><input aria-invalid="false" aria-hidden="true" tabindex="-1" class="MuiSelect-nativeInput css-j0riat-MuiSelect-nativeInput" value="all"><svg class="MuiSvgIcon-root MuiSvgIcon-fontSizeMedium MuiSelect-icon MuiSelect-iconOutlined css-1rfqz7c-MuiSvgIcon-root-MuiNativeSelect-root-MuiSelect-icon" focusable="false" aria-hidden="true" viewBox="0 0 24 24" data-testid="ArrowDropDownIcon"><path d="M7 10l5 5 5-5z"></path></svg><fieldset aria-hidden="true" class="MuiOutlinedInput-notchedOutline css-18p5xg2-MuiNotchedOutlined-root-MuiOutlinedInput-notchedOutline"><legend class="css-ex8a5f-MuiNotchedOutlined-root"><span>繧ｫ繝・ざ繝ｪ</span></legend></fieldset></div></div><div class="MuiFormControl-root css-2cu920-MuiFormControl-root"><label class="MuiFormLabel-root MuiInputLabel-root MuiInputLabel-formControl MuiInputLabel-animated MuiInputLabel-shrink MuiInputLabel-sizeSmall MuiInputLabel-outlined MuiFormLabel-colorPrimary MuiFormLabel-filled MuiInputLabel-root MuiInputLabel-formControl MuiInputLabel-animated MuiInputLabel-shrink MuiInputLabel-sizeSmall MuiInputLabel-outlined css-hvjq6j-MuiFormLabel-root-MuiInputLabel-root" data-shrink="true">驥崎ｦ∝ｺｦ</label><div data-testid="exception-filter-severity" class="MuiInputBase-root MuiOutlinedInput-root MuiInputBase-colorPrimary MuiInputBase-formControl MuiInputBase-sizeSmall MuiSelect-root css-sc8y68-MuiInputBase-root-MuiOutlinedInput-root-MuiSelect-root"><div tabindex="0" role="combobox" aria-expanded="false" aria-haspopup="listbox" class="MuiSelect-select MuiSelect-outlined MuiInputBase-input MuiOutlinedInput-input MuiInputBase-inputSizeSmall css-trm6af-MuiNativeSelect-root-MuiSelect-select-MuiInputBase-input-MuiOutlinedInput-input">縺吶∋縺ｦ</div><input aria-invalid="false" aria-hidden="true" tabindex="-1" class="MuiSelect-nativeInput css-j0riat-MuiSelect-nativeInput" value="all"><svg class="MuiSvgIcon-root MuiSvgIcon-fontSizeMedium MuiSelect-icon MuiSelect-iconOutlined css-1rfqz7c-MuiSvgIcon-root-MuiNativeSelect-root-MuiSelect-icon" focusable="false" aria-hidden="true" viewBox="0 0 24 24" data-testid="ArrowDropDownIcon"><path d="M7 10l5 5 5-5z"></path></svg><fieldset aria-hidden="true" class="MuiOutlinedInput-notchedOutline css-18p5xg2-MuiNotchedOutlined-root-MuiOutlinedInput-notchedOutline"><legend class="css-ex8a5f-MuiNotchedOutlined-root"><span>驥崎ｦ∝ｺｦ</span></legend></fieldset></div></div><div class="MuiFormControl-root css-zctqko-MuiFormControl-root"><label class="MuiFormLabel-root MuiInputLabel-root MuiInputLabel-formControl MuiInputLabel-animated MuiInputLabel-shrink MuiInputLabel-sizeSmall MuiInputLabel-outlined MuiFormLabel-colorPrimary MuiFormLabel-filled MuiInputLabel-root MuiInputLabel-formControl MuiInputLabel-animated MuiInputLabel-shrink MuiInputLabel-sizeSmall MuiInputLabel-outlined css-hvjq6j-MuiFormLabel-root-MuiInputLabel-root" data-shrink="true">繧ｽ繝ｼ繝・/label><div data-testid="exception-sort-mode" class="MuiInputBase-root MuiOutlinedInput-root MuiInputBase-colorPrimary MuiInputBase-formControl MuiInputBase-sizeSmall MuiSelect-root css-sc8y68-MuiInputBase-root-MuiOutlinedInput-root-MuiSelect-root"><div tabindex="0" role="combobox" aria-expanded="false" aria-haspopup="listbox" class="MuiSelect-select MuiSelect-outlined MuiInputBase-input MuiOutlinedInput-input MuiInputBase-inputSizeSmall css-trm6af-MuiNativeSelect-root-MuiSelect-select-MuiInputBase-input-MuiOutlinedInput-input">讓呎ｺ夜・/div><input aria-invalid="false" aria-hidden="true" tabindex="-1" class="MuiSelect-nativeInput css-j0riat-MuiSelect-nativeInput" value="default"><svg class="MuiSvgIcon-root MuiSvgIcon-fontSizeMedium MuiSelect-icon MuiSelect-iconOutlined css-1rfqz7c-MuiSvgIcon-root-MuiNativeSelect-root-MuiSelect-icon" focusable="false" aria-hidden="true" viewBox="0 0 24 24" data-testid="ArrowDropDownIcon"><path d="M7 10l5 5 5-5z"></path></svg><fieldset aria-hidden="true" class="MuiOutlinedInput-notchedOutline css-18p5xg2-MuiNotchedOutlined-root-MuiOutlinedInput-notchedOutline"><legend class="css-ex8a5f-MuiNotchedOutlined-root"><span>繧ｽ繝ｼ繝・/span></legend></fieldset></div></div><div class="MuiFormControl-root css-zctqko-MuiFormControl-root"><label class="MuiFormLabel-root MuiInputLabel-root MuiInputLabel-formControl MuiInputLabel-animated MuiInputLabel-shrink MuiInputLabel-sizeSmall MuiInputLabel-outlined MuiFormLabel-colorPrimary MuiFormLabel-filled MuiInputLabel-root MuiInputLabel-formControl MuiInputLabel-animated MuiInputLabel-shrink MuiInputLabel-sizeSmall MuiInputLabel-outlined css-hvjq6j-MuiFormLabel-root-MuiInputLabel-root" data-shrink="true">荳ｦ縺ｳ鬆・/label><div data-testid="exception-sort-order" class="MuiInputBase-root MuiOutlinedInput-root MuiInputBase-colorPrimary MuiInputBase-formControl MuiInputBase-sizeSmall MuiSelect-root css-sc8y68-MuiInputBase-root-MuiOutlinedInput-root-MuiSelect-root"><div tabindex="0" role="combobox" aria-expanded="false" aria-haspopup="listbox" class="MuiSelect-select MuiSelect-outlined MuiInputBase-input MuiOutlinedInput-input MuiInputBase-inputSizeSmall css-trm6af-MuiNativeSelect-root-MuiSelect-select-MuiInputBase-input-MuiOutlinedInput-input">圷 驥崎ｦ∝ｺｦ鬆・/div><input aria-invalid="false" aria-hidden="true" tabindex="-1" class="MuiSelect-nativeInput css-j0riat-MuiSelect-nativeInput" value="severity"><svg class="MuiSvgIcon-root MuiSvgIcon-fontSizeMedium MuiSelect-icon MuiSelect-iconOutlined css-1rfqz7c-MuiSvgIcon-root-MuiNativeSelect-root-MuiSelect-icon" focusable="false" aria-hidden="true" viewBox="0 0 24 24" data-testid="ArrowDropDownIcon"><path d="M7 10l5 5 5-5z"></path></svg><fieldset aria-hidden="true" class="MuiOutlinedInput-notchedOutline css-18p5xg2-MuiNotchedOutlined-root-MuiOutlinedInput-notchedOutline"><legend class="css-ex8a5f-MuiNotchedOutlined-root"><span>荳ｦ縺ｳ鬆・/span></legend></fieldset></div></div></div><div class="MuiPaper-root MuiPaper-outlined MuiPaper-rounded MuiTableContainer-root css-lk5pgi-MuiPaper-root-MuiTableContainer-root"><table class="MuiTable-root css-1xwxv7r-MuiTable-root"><thead class="MuiTableHead-root css-1a7iywq-MuiTableHead-root"><tr class="MuiTableRow-root MuiTableRow-head css-1qalj09-MuiTableRow-root"><th class="MuiTableCell-root MuiTableCell-head MuiTableCell-sizeSmall css-pqjqip-MuiTableCell-root" scope="col">驥崎ｦ∝ｺｦ</th><th class="MuiTableCell-root MuiTableCell-head MuiTableCell-sizeSmall css-1jzmrsx-MuiTableCell-root" scope="col">遞ｮ鬘・/th><th class="MuiTableCell-root MuiTableCell-head MuiTableCell-sizeSmall css-1nef9bt-MuiTableCell-root" scope="col">蜀・ｮｹ</th><th class="MuiTableCell-root MuiTableCell-head MuiTableCell-sizeSmall css-10smau-MuiTableCell-root" scope="col">蟇ｾ雎｡閠・/th><th class="MuiTableCell-root MuiTableCell-head MuiTableCell-sizeSmall css-10smau-MuiTableCell-root" scope="col">譌･莉・/th><th class="MuiTableCell-root MuiTableCell-head MuiTableCell-sizeSmall css-w3dct3-MuiTableCell-root" scope="col">譏ｯ豁｣繧｢繧ｯ繧ｷ繝ｧ繝ｳ</th></tr></thead><tbody class="MuiTableBody-root css-gmh7jj-MuiTableBody-root"><tr class="MuiTableRow-root MuiTableRow-hover css-kgrq9a-MuiTableRow-root" data-testid="exception-row-ae-1"><td class="MuiTableCell-root MuiTableCell-body MuiTableCell-sizeSmall css-jiabcu-MuiTableCell-root"><div class="MuiChip-root MuiChip-filled MuiChip-sizeSmall MuiChip-colorWarning MuiChip-filledWarning css-1y6a4qe-MuiChip-root"><span class="MuiChip-label MuiChip-labelSmall css-eccknh-MuiChip-label">莉企ｱ隕狗峩縺・/span></div></td><td class="MuiTableCell-root MuiTableCell-body MuiTableCell-sizeSmall css-jiabcu-MuiTableCell-root"><div class="MuiStack-root css-95rbei-MuiStack-root"><div class="MuiBox-root css-1kuy7z7">肌</div><span class="MuiTypography-root MuiTypography-caption css-qjy8m7-MuiTypography-root">謾ｹ蝟・署譯・/span></div></td><td class="MuiTableCell-root MuiTableCell-body MuiTableCell-sizeSmall css-jiabcu-MuiTableCell-root"><p class="MuiTypography-root MuiTypography-body2 css-bvuapi-MuiTypography-root">螻ｱ逕ｰ 闃ｱ蟄・縺ｮ萓句､・(2莉ｶ)</p><span class="MuiTypography-root MuiTypography-caption css-1374baf-MuiTypography-root">evidence A / 莉・1 莉ｶ</span></td><td class="MuiTableCell-root MuiTableCell-body MuiTableCell-sizeSmall css-jiabcu-MuiTableCell-root"><button class="MuiButtonBase-root MuiButton-root MuiButton-text MuiButton-textPrimary MuiButton-sizeSmall MuiButton-textSizeSmall MuiButton-colorPrimary MuiButton-root MuiButton-text MuiButton-textPrimary MuiButton-sizeSmall MuiButton-textSizeSmall MuiButton-colorPrimary css-12haiet-MuiButtonBase-root-MuiButton-root" tabindex="0" type="button" data-testid="exception-user-link-ae-1">螻ｱ逕ｰ 闃ｱ蟄・/button></td><td class="MuiTableCell-root MuiTableCell-body MuiTableCell-sizeSmall css-jiabcu-MuiTableCell-root"><span class="MuiTypography-root MuiTypography-caption css-1374baf-MuiTypography-root">2026-03-20</span></td><td class="MuiTableCell-root MuiTableCell-body MuiTableCell-sizeSmall css-i0ovpt-MuiTableCell-root"><div class="MuiStack-root css-b1n1n1-MuiStack-root"><div class="MuiStack-root css-b1n1n1-MuiStack-root"><div class="MuiStack-root css-95rbei-MuiStack-root"><button class="MuiButtonBase-root MuiButton-root MuiButton-contained MuiButton-containedWarning MuiButton-sizeSmall MuiButton-containedSizeSmall MuiButton-colorWarning MuiButton-root MuiButton-contained MuiButton-containedWarning MuiButton-sizeSmall MuiButton-containedSizeSmall MuiButton-colorWarning css-1xr91fs-MuiButtonBase-root-MuiButton-root" tabindex="0" type="button" title="evidence A" data-testid="corrective-primary-ae-1"><span class="MuiButton-icon MuiButton-startIcon MuiButton-iconSizeSmall css-d8i980-MuiButton-startIcon"><span style="font-size: 12px;">肌</span></span>謾ｹ蝟・い繧ｯ繧ｷ繝ｧ繝ｳ繧貞ｮ溯｡・/button></div><button class="MuiButtonBase-root MuiButton-root MuiButton-text MuiButton-textPrimary MuiButton-sizeSmall MuiButton-textSizeSmall MuiButton-colorPrimary MuiButton-root MuiButton-text MuiButton-textPrimary MuiButton-sizeSmall MuiButton-textSizeSmall MuiButton-colorPrimary css-13fxafy-MuiButtonBase-root-MuiButton-root" tabindex="0" type="button" title="蛻ｩ逕ｨ閠・・蜈ｨ菴鍋憾豕√ｒ遒ｺ隱阪＠縺ｦ縺九ｉ蟇ｾ蠢懊〒縺阪∪縺吶・ data-testid="corrective-secondary-ae-1">側 蛻ｩ逕ｨ閠・・隧ｳ邏ｰ繧定ｦ九ｋ</button></div><button class="MuiButtonBase-root MuiButton-root MuiButton-text MuiButton-textPrimary MuiButton-sizeSmall MuiButton-textSizeSmall MuiButton-colorPrimary MuiButton-root MuiButton-text MuiButton-textPrimary MuiButton-sizeSmall MuiButton-textSizeSmall MuiButton-colorPrimary css-16y9qff-MuiButtonBase-root-MuiButton-root" tabindex="0" type="button" data-testid="exception-group-toggle-U-001">蛟句挨萓句､悶ｒ陦ｨ遉ｺ (2)</button></div></td></tr><tr class="MuiTableRow-root MuiTableRow-hover css-kgrq9a-MuiTableRow-root" data-testid="exception-row-ae-3"><td class="MuiTableCell-root MuiTableCell-body MuiTableCell-sizeSmall css-jiabcu-MuiTableCell-root"><div class="MuiChip-root MuiChip-filled MuiChip-sizeSmall MuiChip-colorWarning MuiChip-filledWarning css-1y6a4qe-MuiChip-root"><span class="MuiChip-label MuiChip-labelSmall css-eccknh-MuiChip-label">莉企ｱ隕狗峩縺・/span></div></td><td class="MuiTableCell-root MuiTableCell-body MuiTableCell-sizeSmall css-jiabcu-MuiTableCell-root"><div class="MuiStack-root css-95rbei-MuiStack-root"><div class="MuiBox-root css-1kuy7z7">肌</div><span class="MuiTypography-root MuiTypography-caption css-qjy8m7-MuiTypography-root">謾ｹ蝟・署譯・/span></div></td><td class="MuiTableCell-root MuiTableCell-body MuiTableCell-sizeSmall css-jiabcu-MuiTableCell-root"><p class="MuiTypography-root MuiTypography-body2 css-bvuapi-MuiTypography-root">菴占陸 谺｡驛・縺ｮ萓句､・(1莉ｶ)</p><span class="MuiTypography-root MuiTypography-caption css-1374baf-MuiTypography-root">evidence A</span></td><td class="MuiTableCell-root MuiTableCell-body MuiTableCell-sizeSmall css-jiabcu-MuiTableCell-root"><button class="MuiButtonBase-root MuiButton-root MuiButton-text MuiButton-textPrimary MuiButton-sizeSmall MuiButton-textSizeSmall MuiButton-colorPrimary MuiButton-root MuiButton-text MuiButton-textPrimary MuiButton-sizeSmall MuiButton-textSizeSmall MuiButton-colorPrimary css-12haiet-MuiButtonBase-root-MuiButton-root" tabindex="0" type="button" data-testid="exception-user-link-ae-3">菴占陸 谺｡驛・/button></td><td class="MuiTableCell-root MuiTableCell-body MuiTableCell-sizeSmall css-jiabcu-MuiTableCell-root"><span class="MuiTypography-root MuiTypography-caption css-1374baf-MuiTypography-root">2026-03-20</span></td><td class="MuiTableCell-root MuiTableCell-body MuiTableCell-sizeSmall css-i0ovpt-MuiTableCell-root"><div class="MuiStack-root css-b1n1n1-MuiStack-root"><div class="MuiStack-root css-b1n1n1-MuiStack-root"><div class="MuiStack-root css-95rbei-MuiStack-root"><button class="MuiButtonBase-root MuiButton-root MuiButton-contained MuiButton-containedWarning MuiButton-sizeSmall MuiButton-containedSizeSmall MuiButton-colorWarning MuiButton-root MuiButton-contained MuiButton-containedWarning MuiButton-sizeSmall MuiButton-containedSizeSmall MuiButton-colorWarning css-1xr91fs-MuiButtonBase-root-MuiButton-root" tabindex="0" type="button" title="evidence A" data-testid="corrective-primary-ae-3"><span class="MuiButton-icon MuiButton-startIcon MuiButton-iconSizeSmall css-d8i980-MuiButton-startIcon"><span style="font-size: 12px;">肌</span></span>謾ｹ蝟・い繧ｯ繧ｷ繝ｧ繝ｳ繧貞ｮ溯｡・/button></div><button class="MuiButtonBase-root MuiButton-root MuiButton-text MuiButton-textPrimary MuiButton-sizeSmall MuiButton-textSizeSmall MuiButton-colorPrimary MuiButton-root MuiButton-text MuiButton-textPrimary MuiButton-sizeSmall MuiButton-textSizeSmall MuiButton-colorPrimary css-13fxafy-MuiButtonBase-root-MuiButton-root" tabindex="0" type="button" title="蛻ｩ逕ｨ閠・・蜈ｨ菴鍋憾豕√ｒ遒ｺ隱阪＠縺ｦ縺九ｉ蟇ｾ蠢懊〒縺阪∪縺吶・ data-testid="corrective-secondary-ae-3">側 蛻ｩ逕ｨ閠・・隧ｳ邏ｰ繧定ｦ九ｋ</button></div></div></td></tr><tr class="MuiTableRow-root MuiTableRow-hover css-1ptqkc6-MuiTableRow-root" data-testid="exception-row-missing-1"><td class="MuiTableCell-root MuiTableCell-body MuiTableCell-sizeSmall css-jiabcu-MuiTableCell-root"><div class="MuiChip-root MuiChip-filled MuiChip-sizeSmall MuiChip-colorWarning MuiChip-filledWarning css-1y6a4qe-MuiChip-root"><span class="MuiChip-label MuiChip-labelSmall css-eccknh-MuiChip-label">莉企ｱ隕狗峩縺・/span></div></td><td class="MuiTableCell-root MuiTableCell-body MuiTableCell-sizeSmall css-jiabcu-MuiTableCell-root"><div class="MuiStack-root css-95rbei-MuiStack-root"><div class="MuiBox-root css-1kuy7z7">統</div><span class="MuiTypography-root MuiTypography-caption css-qjy8m7-MuiTypography-root">譛ｪ蜈･蜉幄ｨ倬鹸</span></div></td><td class="MuiTableCell-root MuiTableCell-body MuiTableCell-sizeSmall css-jiabcu-MuiTableCell-root"><p class="MuiTypography-root MuiTypography-body2 css-bvuapi-MuiTypography-root">鬮俶ｩ・荳蛾ヮ 縺ｮ萓句､・(1莉ｶ)</p><span class="MuiTypography-root MuiTypography-caption css-1374baf-MuiTypography-root">譌･谺｡險倬鹸縺梧悴蜈･蜉帙〒縺・/span></td><td class="MuiTableCell-root MuiTableCell-body MuiTableCell-sizeSmall css-jiabcu-MuiTableCell-root"><button class="MuiButtonBase-root MuiButton-root MuiButton-text MuiButton-textPrimary MuiButton-sizeSmall MuiButton-textSizeSmall MuiButton-colorPrimary MuiButton-root MuiButton-text MuiButton-textPrimary MuiButton-sizeSmall MuiButton-textSizeSmall MuiButton-colorPrimary css-12haiet-MuiButtonBase-root-MuiButton-root" tabindex="0" type="button" data-testid="exception-user-link-missing-1">鬮俶ｩ・荳蛾ヮ</button></td><td class="MuiTableCell-root MuiTableCell-body MuiTableCell-sizeSmall css-jiabcu-MuiTableCell-root"><span class="MuiTypography-root MuiTypography-caption css-1374baf-MuiTypography-root">2026-03-20</span></td><td class="MuiTableCell-root MuiTableCell-body MuiTableCell-sizeSmall css-i0ovpt-MuiTableCell-root"><div class="MuiStack-root css-b1n1n1-MuiStack-root"><div class="MuiStack-root css-b1n1n1-MuiStack-root"><div class="MuiStack-root css-95rbei-MuiStack-root"><button class="MuiButtonBase-root MuiButton-root MuiButton-contained MuiButton-containedWarning MuiButton-sizeSmall MuiButton-containedSizeSmall MuiButton-colorWarning MuiButton-root MuiButton-contained MuiButton-containedWarning MuiButton-sizeSmall MuiButton-containedSizeSmall MuiButton-colorWarning css-1xr91fs-MuiButtonBase-root-MuiButton-root" tabindex="0" type="button" title="譌･谺｡險倬鹸縺梧悴蜈･蜉帙〒縺吶ゅ☆縺舌↓蜈･蜉帙＠縺ｦ縺上□縺輔＞縲・ data-testid="corrective-primary-missing-1"><span class="MuiButton-icon MuiButton-startIcon MuiButton-iconSizeSmall css-d8i980-MuiButton-startIcon"><span style="font-size: 12px;">統</span></span>險倬鹸繧貞・蜉帙☆繧・/button></div><button class="MuiButtonBase-root MuiButton-root MuiButton-text MuiButton-textPrimary MuiButton-sizeSmall MuiButton-textSizeSmall MuiButton-colorPrimary MuiButton-root MuiButton-text MuiButton-textPrimary MuiButton-sizeSmall MuiButton-textSizeSmall MuiButton-colorPrimary css-13fxafy-MuiButtonBase-root-MuiButton-root" tabindex="0" type="button" title="蛻ｩ逕ｨ閠・・迥ｶ豕√ｒ遒ｺ隱阪＠縺ｦ縺九ｉ險倬鹸繧貞・蜉帙〒縺阪∪縺吶・ data-testid="corrective-secondary-missing-1">側 蛻ｩ逕ｨ閠・ワ繝悶ｒ髢九￥</button></div></div></td></tr></tbody></table></div></div></div>
--- END DOM OUTPUT ---




 [32m笨・[39m src/features/service-provision/__tests__/useIsokatsuPreviewData.spec.ts[2m > [22mparseDisabilityLevel[2m > [22mextracts number from "蛹ｺ蛻・"[32m 5[2mms[22m[39m
 [32m笨・[39m src/features/service-provision/__tests__/useIsokatsuPreviewData.spec.ts[2m > [22mparseDisabilityLevel[2m > [22mextracts number from "蛹ｺ蛻・"[32m 1[2mms[22m[39m
 [32m笨・[39m src/features/service-provision/__tests__/useIsokatsuPreviewData.spec.ts[2m > [22mparseDisabilityLevel[2m > [22mextracts number from plain "6"[32m 1[2mms[22m[39m
 [32m笨・[39m src/features/service-provision/__tests__/useIsokatsuPreviewData.spec.ts[2m > [22mparseDisabilityLevel[2m > [22mreturns undefined for null[32m 1[2mms[22m[39m
 [32m笨・[39m src/features/service-provision/__tests__/useIsokatsuPreviewData.spec.ts[2m > [22mparseDisabilityLevel[2m > [22mreturns undefined for undefined[32m 1[2mms[22m[39m
 [32m笨・[39m src/features/service-provision/__tests__/useIsokatsuPreviewData.spec.ts[2m > [22mparseDisabilityLevel[2m > [22mreturns undefined for empty string[32m 1[2mms[22m[39m
 [32m笨・[39m src/features/service-provision/__tests__/useIsokatsuPreviewData.spec.ts[2m > [22mparseDisabilityLevel[2m > [22mreturns undefined for non-numeric string[32m 1[2mms[22m[39m
 [32m笨・[39m src/features/service-provision/__tests__/useIsokatsuPreviewData.spec.ts[2m > [22mparseDisabilityLevel[2m > [22mextracts first number from "蛹ｺ蛻・・磯㍾蠎ｦ・・[32m 1[2mms[22m[39m
 [32m笨・[39m src/features/exceptions/components/__tests__/ExceptionTable.spec.tsx[2m > [22mExceptionTable[2m > [22m繝・ヵ繧ｩ繝ｫ繝医・繝輔Λ繝・ヨ陦ｨ遉ｺ縺ｧ縲√げ繝ｫ繝ｼ繝励・繧ｿ繝ｳ繧呈款縺吶％縺ｨ縺ｧ縺吶∋縺ｦ縺ｮ萓句､悶ｒ蛻ｩ逕ｨ閠・腰菴阪〒髮・ｴ・〒縺阪ｋ[33m 800[2mms[22m[39m
[90mstdout[2m | src/features/daily/__tests__/TableDailyRecordForm.test.tsx
[22m[39m[MSAL ENV] Validated successfully

 [32m笨・[39m src/features/exceptions/components/__tests__/ExceptionTable.spec.tsx[2m > [22mExceptionTable[2m > [22m髮・ｴ・｡後・莉｣陦ｨ謠先｡医・ highest priority 繧剃ｽｿ縺・[32m 146[2mms[22m[39m
 [32m笨・[39m src/features/exceptions/components/__tests__/ExceptionTable.spec.tsx[2m > [22mExceptionTable[2m > [22mdefault 繧ｽ繝ｼ繝医〒縺ｯ Top3 繧ｵ繝槭Μ繝ｼ縺ｯ陦ｨ遉ｺ縺励↑縺・[32m 95[2mms[22m[39m
[90mstdout[2m | tests/unit/auth.useAuth.spec.ts[2m > [22m[2museAuth hook[2m > [22m[2mreturns mock account when E2E msal mock is enabled
[22m[39m[MSAL ENV] Validated successfully

[90mstdout[2m | tests/unit/auth.useAuth.spec.ts[2m > [22m[2museAuth hook[2m > [22m[2mrefreshes token when remaining lifetime is below threshold
[22m[39m[MSAL ENV] Validated successfully

[90mstdout[2m | tests/unit/auth.useAuth.spec.ts[2m > [22m[2museAuth hook[2m > [22m[2mrefreshes token when remaining lifetime is below threshold
[22m[39m[auth] soft refresh triggered { secondsLeft: [33m90[39m, thresholdSec: [33m300[39m }

[90mstdout[2m | tests/unit/auth.useAuth.spec.ts[2m > [22m[2museAuth hook[2m > [22m[2mrefreshes token when remaining lifetime is below threshold
[22m[39m[auth] token metrics { acquireCount: [33m2[39m, refreshCount: [33m1[39m, lastRefreshEpoch: [33m1775272621[39m }

[90mstdout[2m | tests/unit/auth.useAuth.spec.ts[2m > [22m[2museAuth hook[2m > [22m[2mreturns cached token when refresh is not required
[22m[39m[MSAL ENV] Validated successfully

[90mstdout[2m | tests/unit/auth.useAuth.spec.ts[2m > [22m[2museAuth hook[2m > [22m[2mhandles missing expiration gracefully
[22m[39m[MSAL ENV] Validated successfully

[90mstdout[2m | tests/unit/auth.useAuth.spec.ts[2m > [22m[2museAuth hook[2m > [22m[2mrecords metrics in debug mode even without refresh
[22m[39m[MSAL ENV] Validated successfully

[90mstdout[2m | tests/unit/auth.useAuth.spec.ts[2m > [22m[2museAuth hook[2m > [22m[2mrecords metrics in debug mode even without refresh
[22m[39m[auth] token metrics { acquireCount: [33m1[39m, refreshCount: [33m0[39m, lastRefreshEpoch: [33m0[39m }

[90mstdout[2m | tests/unit/auth.useAuth.spec.ts[2m > [22m[2museAuth hook[2m > [22m[2mreturns null when silent acquisition fails without redirect
[22m[39m[MSAL ENV] Validated successfully

[90mstdout[2m | tests/unit/auth.useAuth.spec.ts[2m > [22m[2museAuth hook[2m > [22m[2mreturns unauthenticated state when no accounts are present
[22m[39m[MSAL ENV] Validated successfully

 [32m笨・[39m tests/unit/auth.useAuth.spec.ts[2m > [22museAuth hook[2m > [22mreturns mock account when E2E msal mock is enabled[33m 2690[2mms[22m[39m
 [32m笨・[39m tests/unit/auth.useAuth.spec.ts[2m > [22museAuth hook[2m > [22mrefreshes token when remaining lifetime is below threshold[32m 12[2mms[22m[39m
 [32m笨・[39m tests/unit/auth.useAuth.spec.ts[2m > [22museAuth hook[2m > [22mreturns cached token when refresh is not required[32m 13[2mms[22m[39m
 [32m笨・[39m tests/unit/auth.useAuth.spec.ts[2m > [22museAuth hook[2m > [22mhandles missing expiration gracefully[32m 27[2mms[22m[39m
 [32m笨・[39m tests/unit/auth.useAuth.spec.ts[2m > [22museAuth hook[2m > [22mrecords metrics in debug mode even without refresh[32m 13[2mms[22m[39m
 [32m笨・[39m tests/unit/auth.useAuth.spec.ts[2m > [22museAuth hook[2m > [22mreturns null when silent acquisition fails without redirect[32m 18[2mms[22m[39m
 [32m笨・[39m tests/unit/auth.useAuth.spec.ts[2m > [22museAuth hook[2m > [22mreturns unauthenticated state when no accounts are present[32m 11[2mms[22m[39m
 [32m笨・[39m src/features/exceptions/components/__tests__/ExceptionTable.spec.tsx[2m > [22mExceptionTable[2m > [22minitialSortMode=priority 縺ｮ縺ｨ縺阪・蛻晄悄陦ｨ遉ｺ縺ｧ Top3 繧ｵ繝槭Μ繝ｼ繧定｡ｨ遉ｺ縺吶ｋ[32m 130[2mms[22m[39m
 [32m笨・[39m src/features/handoff/views/__tests__/viewSeparation.spec.ts[2m > [22mHandoff View Separation[2m > [22mDayView[2m > [22mexports HandoffDayView component[33m 20355[2mms[22m[39m
 [32m笨・[39m src/features/handoff/views/__tests__/viewSeparation.spec.ts[2m > [22mHandoff View Separation[2m > [22mDayView[2m > [22mday-specific hooks are importable (verifies DayView dependency)[32m 1[2mms[22m[39m
 [32m笨・[39m src/features/handoff/views/__tests__/viewSeparation.spec.ts[2m > [22mHandoff View Separation[2m > [22mBarrel exports[2m > [22mexports all three view components from index[32m 37[2mms[22m[39m
 [32m笨・[39m src/features/exceptions/components/__tests__/ExceptionTable.spec.tsx[2m > [22mExceptionTable[2m > [22mpriority 繝｢繝ｼ繝峨〒縺ｯ隕ｪ蟄先ｧ矩繧堤ｶｭ謖√＠縺溘∪縺ｾ鬮伜━蜈医げ繝ｫ繝ｼ繝励′蜈磯ｭ縺ｫ譚･繧・[33m 672[2mms[22m[39m
[90mstdout[2m | src/lib/spClient.spec.ts[2m > [22m[2mensureConfig[2m > [22m[2mnormalizes slashes
[22m[39m[MSAL ENV] Validated successfully

[90mstdout[2m | src/lib/spClient.spec.ts[2m > [22m[2mensureConfig[2m > [22m[2mthrows when placeholders remain
[22m[39m[MSAL ENV] Validated successfully

[90mstdout[2m | src/lib/spClient.spec.ts[2m > [22m[2mensureConfig[2m > [22m[2mthrows when clearly invalid hosts are provided
[22m[39m[MSAL ENV] Validated successfully

 [32m笨・[39m src/lib/spClient.spec.ts[2m > [22mensureConfig[2m > [22mbuilds baseUrl correctly with valid env[33m 2270[2mms[22m[39m
 [32m笨・[39m src/lib/spClient.spec.ts[2m > [22mensureConfig[2m > [22mnormalizes slashes[32m 32[2mms[22m[39m
 [32m笨・[39m src/lib/spClient.spec.ts[2m > [22mensureConfig[2m > [22mthrows when placeholders remain[32m 27[2mms[22m[39m
 [32m笨・[39m src/lib/spClient.spec.ts[2m > [22mensureConfig[2m > [22mthrows when clearly invalid hosts are provided[32m 32[2mms[22m[39m
 [32m笨・[39m src/lib/spClient.spec.ts[2m > [22mparseSpListResponse[2m > [22mfilters out invalid items and returns valid ones (Partial Failures)[32m 18[2mms[22m[39m
 [32m笨・[39m src/lib/spClient.spec.ts[2m > [22mparseSpListResponse[2m > [22mreturns empty array when the value array is missing due to default([])[32m 2[2mms[22m[39m
 [32m笨・[39m tests/unit/spClient.ensureConfig.spec.ts[2m > [22mspClient ensureConfig (real env validation)[2m > [22mfails fast when resource or site value is still a placeholder[33m 2690[2mms[22m[39m
 [32m笨・[39m tests/unit/spClient.ensureConfig.spec.ts[2m > [22mspClient ensureConfig (real env validation)[2m > [22mrejects obviously invalid resource domains[32m 2[2mms[22m[39m
 [32m笨・[39m tests/unit/spClient.ensureConfig.spec.ts[2m > [22mspClient ensureConfig (real env validation)[2m > [22mtreats undefined resource/site values as incomplete configuration[32m 2[2mms[22m[39m
 [32m笨・[39m tests/unit/spClient.ensureConfig.spec.ts[2m > [22mspClient ensureConfig (real env validation)[2m > [22maccepts valid sharepoint.com domains[32m 2[2mms[22m[39m
 [32m笨・[39m src/features/exceptions/components/__tests__/ExceptionTable.spec.tsx[2m > [22mExceptionTable[2m > [22mpriority Top3 縺ｮ shown/click 縺ｯ suggestionActions 縺ｫ surface 莉倥″縺ｧ騾夂衍縺吶ｋ[33m 470[2mms[22m[39m
 [32m笨・[39m src/features/exceptions/components/__tests__/ExceptionTable.spec.tsx[2m > [22mExceptionTable[2m > [22m繝輔Λ繝・ヨ陦ｨ遉ｺ縺九ｉ dismiss/snooze 縺悟ｮ溯｡後〒縺阪ｋ[32m 119[2mms[22m[39m
 [32m笨・[39m src/features/exceptions/components/__tests__/ExceptionTable.spec.tsx[2m > [22mExceptionTable[2m > [22m繧ｰ繝ｫ繝ｼ繝苓｡ｨ遉ｺ縺九ｉ dismiss/snooze 縺悟ｮ溯｡後〒縺阪ｋ[32m 186[2mms[22m[39m
 [32m笨・[39m src/features/service-provision/__tests__/useIsokatsuPreviewData.spec.ts[2m > [22museIsokatsuPreviewData (design contract)[2m > [22mmodule exports exist[33m 2751[2mms[22m[39m
 [32m笨・[39m tests/unit/ScheduleCreateDialog.spec.tsx[2m > [22mcreateInitialScheduleFormState[2m > [22muses provided initial date and default user while setting a 1-hour slot[32m 7[2mms[22m[39m
 [32m笨・[39m tests/unit/ScheduleCreateDialog.spec.tsx[2m > [22mvalidateScheduleForm[2m > [22mcollects errors for missing required fields[32m 2[2mms[22m[39m
 [32m笨・[39m tests/unit/ScheduleCreateDialog.spec.tsx[2m > [22mvalidateScheduleForm[2m > [22mrejects ranges where end is not after start[32m 2[2mms[22m[39m
 [32m笨・[39m tests/unit/ScheduleCreateDialog.spec.tsx[2m > [22mvalidateScheduleForm[2m > [22mpasses for a well-formed payload[32m 2[2mms[22m[39m
 [32m笨・[39m tests/unit/ScheduleCreateDialog.spec.tsx[2m > [22mtoCreateScheduleInput[2m > [22mthrows when required fields are missing[32m 3[2mms[22m[39m
 [32m笨・[39m tests/unit/ScheduleCreateDialog.spec.tsx[2m > [22mtoCreateScheduleInput[2m > [22mmaps optional fields to undefined when empty[32m 2[2mms[22m[39m
 [32m笨・[39m tests/unit/ScheduleCreateDialog.spec.tsx[2m > [22mtoCreateScheduleInput[2m > [22mincludes lookup metadata when the selected user is provided[32m 1[2mms[22m[39m
[90mstdout[2m | src/app/AppShell.role-sync.spec.tsx
[22m[39m[MSAL ENV] Validated successfully

 [32m笨・[39m src/features/support-plan-guide/components/planner-assist/__tests__/NextActionPanel.spec.tsx[2m > [22mNextActionPanel[2m > [22mactions 縺後≠繧後・繝代ロ繝ｫ繧定｡ｨ遉ｺ縺吶ｋ[32m 281[2mms[22m[39m
 [32m笨・[39m src/features/support-plan-guide/components/planner-assist/__tests__/NextActionPanel.spec.tsx[2m > [22mNextActionPanel[2m > [22mactions 縺檎ｩｺ縺ｪ繧峨ヱ繝阪Ν繧定｡ｨ遉ｺ縺励↑縺・[32m 5[2mms[22m[39m
 [32m笨・[39m src/features/support-plan-guide/components/planner-assist/__tests__/NextActionPanel.spec.tsx[2m > [22mNextActionPanel[2m > [22m繝倥ャ繝繝ｼ縺ｫ Planner Assist 繝ｩ繝吶Ν繧定｡ｨ遉ｺ縺吶ｋ[32m 25[2mms[22m[39m
 [32m笨・[39m src/features/support-plan-guide/components/planner-assist/__tests__/NextActionPanel.spec.tsx[2m > [22mNextActionPanel[2m > [22mtotalOpenActions 繧剃ｻｶ謨ｰ繝√ャ繝励→縺励※陦ｨ遉ｺ縺吶ｋ[32m 24[2mms[22m[39m
 [32m笨・[39m src/features/support-plan-guide/components/planner-assist/__tests__/NextActionPanel.spec.tsx[2m > [22mNextActionPanel[2m > [22mweeklyAcceptanceRate 縺後≠繧句ｴ蜷医↓謗｡逕ｨ邇・メ繝・・繧定｡ｨ遉ｺ縺吶ｋ[32m 20[2mms[22m[39m
 [32m笨・[39m src/features/support-plan-guide/components/planner-assist/__tests__/NextActionPanel.spec.tsx[2m > [22mNextActionPanel[2m > [22mweeklyAcceptanceRate 縺・undefined 縺ｪ繧画治逕ｨ邇・メ繝・・繧帝撼陦ｨ遉ｺ[32m 16[2mms[22m[39m
 [32m笨・[39m tests/unit/ScheduleCreateDialog.spec.tsx[2m > [22mScheduleCreateDialog component[2m > [22mlinks aria-labelledby/aria-describedby to heading and description test ids[33m 778[2mms[22m[39m
 [32m笨・[39m src/features/callLogs/components/__tests__/CallLogForm.spec.tsx[2m > [22mCallLogForm[2m > [22mshould render without crashing[33m 573[2mms[22m[39m
 [32m笨・[39m tests/unit/ScheduleCreateDialog.spec.tsx[2m > [22mScheduleCreateDialog component[2m > [22mextends aria-describedby with error summary id when validation fails[33m 338[2mms[22m[39m
 [32m笨・[39m src/features/support-plan-guide/components/planner-assist/__tests__/NextActionPanel.spec.tsx[2m > [22mNextActionPanel[2m > [22m蜷・い繧ｯ繧ｷ繝ｧ繝ｳ陦後ｒ testid 莉倥″縺ｧ陦ｨ遉ｺ縺吶ｋ[32m 103[2mms[22m[39m
 [32m笨・[39m src/features/support-plan-guide/components/planner-assist/__tests__/NextActionPanel.spec.tsx[2m > [22mNextActionPanel[2m > [22m繧｢繧ｯ繧ｷ繝ｧ繝ｳ陦後↓繝ｩ繝吶Ν縺ｨ繧ｫ繧ｦ繝ｳ繝医ｒ陦ｨ遉ｺ縺吶ｋ[32m 36[2mms[22m[39m
 [32m笨・[39m src/features/callLogs/components/__tests__/CallLogForm.spec.tsx[2m > [22mCallLogForm[2m > [22mshould show validation errors when required fields are empty on submit[32m 273[2mms[22m[39m
 [32m笨・[39m src/features/support-plan-guide/components/planner-assist/__tests__/NextActionPanel.spec.tsx[2m > [22mNextActionPanel[2m > [22mdetails 縺ｪ縺励・陦後け繝ｪ繝・け縺ｧ onNavigate(tab) 繧貞他縺ｶ[32m 246[2mms[22m[39m
 [32m笨・[39m src/features/support-plan-guide/components/planner-assist/__tests__/NextActionPanel.spec.tsx[2m > [22mNextActionPanel[2m > [22mEnter 繧ｭ繝ｼ縺ｧ details 縺ｪ縺励・陦後・ onNavigate 繧貞他縺ｶ[32m 91[2mms[22m[39m
 [32m笨・[39m src/features/callLogs/components/__tests__/CallLogForm.spec.tsx[2m > [22mCallLogForm[2m > [22mshould call onSubmit with correct values when all required fields are filled[33m 324[2mms[22m[39m
 [32m笨・[39m src/features/support-plan-guide/components/planner-assist/__tests__/NextActionPanel.spec.tsx[2m > [22mNextActionPanel[2m > [22mseverity 縺檎焚縺ｪ繧玖､・焚繧｢繧ｯ繧ｷ繝ｧ繝ｳ繧呈ｭ｣縺励￥陦ｨ遉ｺ縺吶ｋ[32m 74[2mms[22m[39m
 [32m笨・[39m src/features/support-plan-guide/components/planner-assist/__tests__/NextActionPanel.spec.tsx[2m > [22mNextActionPanel 窶・expand/collapse (P5-C1)[2m > [22mdetails 縺後≠繧玖｡後↓螻暮幕繧｢繧､繧ｳ繝ｳ繧定｡ｨ遉ｺ縺吶ｋ[32m 33[2mms[22m[39m
 [32m笨・[39m src/features/support-plan-guide/components/planner-assist/__tests__/NextActionPanel.spec.tsx[2m > [22mNextActionPanel 窶・expand/collapse (P5-C1)[2m > [22mdetails 縺後↑縺・｡後↓縺ｯ螻暮幕繧｢繧､繧ｳ繝ｳ繧定｡ｨ遉ｺ縺励↑縺・[32m 13[2mms[22m[39m
 [32m笨・[39m src/features/callLogs/components/__tests__/CallLogForm.spec.tsx[2m > [22mCallLogForm[2m > [22mshould show callbackDueAt field only when needCallback is checked[32m 133[2mms[22m[39m
 [32m笨・[39m src/features/support-plan-guide/components/planner-assist/__tests__/NextActionPanel.spec.tsx[2m > [22mNextActionPanel 窶・expand/collapse (P5-C1)[2m > [22m陦後け繝ｪ繝・け縺ｧ隧ｳ邏ｰ繝ｪ繧ｹ繝医ｒ螻暮幕縺吶ｋ[32m 125[2mms[22m[39m
 [32m笨・[39m src/features/callLogs/components/__tests__/CallLogForm.spec.tsx[2m > [22mCallLogForm[2m > [22mshould disable submit button when isSubmitting=true[32m 180[2mms[22m[39m
 [32m笨・[39m tests/unit/ScheduleCreateDialog.spec.tsx[2m > [22mScheduleCreateDialog component[2m > [22mrenders dialog with default values and selects default user[32m 234[2mms[22m[39m
 [32m笨・[39m src/features/callLogs/components/__tests__/CallLogForm.spec.tsx[2m > [22mCallLogForm[2m > [22mshould show cancel button and call onCancel when cancel is clicked[32m 137[2mms[22m[39m
 [32m笨・[39m src/features/support-plan-guide/components/planner-assist/__tests__/NextActionPanel.spec.tsx[2m > [22mNextActionPanel 窶・expand/collapse (P5-C1)[2m > [22m螻暮幕荳ｭ縺ｧ繧ゅリ繝薙ご繝ｼ繧ｷ繝ｧ繝ｳ繧｢繧､繧ｳ繝ｳ縺ｧ驕ｷ遘ｻ縺ｧ縺阪ｋ[32m 147[2mms[22m[39m
 [32m笨・[39m src/features/support-plan-guide/components/planner-assist/__tests__/NextActionPanel.spec.tsx[2m > [22mNextActionPanel 窶・expand/collapse (P5-C1)[2m > [22m隧ｳ邏ｰ鬆・岼縺ｮ detail 繝・く繧ｹ繝医ｒ陦ｨ遉ｺ縺吶ｋ[32m 74[2mms[22m[39m
 [32m笨・[39m src/features/support-plan-guide/components/planner-assist/__tests__/NextActionPanel.spec.tsx[2m > [22mNextActionPanel 窶・sparkline (P5-C2)[2m > [22mtrendSeries 縺ｫ繝・・繧ｿ縺後≠繧後・騾ｱ谺｡繝医Ξ繝ｳ繝峨ｒ陦ｨ遉ｺ縺吶ｋ[32m 20[2mms[22m[39m
 [32m笨・[39m src/features/callLogs/components/__tests__/CallLogForm.spec.tsx[2m > [22mCallLogForm[2m > [22mshould default urgency to "normal"[32m 128[2mms[22m[39m
 [32m笨・[39m tests/unit/ScheduleCreateDialog.spec.tsx[2m > [22mScheduleCreateDialog component[2m > [22mapplies initial overrides when provided[33m 565[2mms[22m[39m
 [32m笨・[39m src/features/support-plan-guide/components/planner-assist/__tests__/NextActionPanel.spec.tsx[2m > [22mNextActionPanel 窶・sparkline (P5-C2)[2m > [22mtrendSeries 縺・isEmpty 縺ｪ繧蛾ｱ谺｡繝医Ξ繝ｳ繝峨ｒ陦ｨ遉ｺ縺励↑縺・[32m 79[2mms[22m[39m
 [32m笨・[39m src/features/support-plan-guide/components/planner-assist/__tests__/NextActionPanel.spec.tsx[2m > [22mNextActionPanel 窶・sparkline (P5-C2)[2m > [22mtrendSeries 縺・undefined 縺ｪ繧峨せ繝代・繧ｯ繝ｩ繧､繝ｳ繧定｡ｨ遉ｺ縺励↑縺・[32m 11[2mms[22m[39m
 [32m笨・[39m src/features/support-plan-guide/components/planner-assist/__tests__/NextActionPanel.spec.tsx[2m > [22mNextActionPanel 窶・sparkline (P5-C2)[2m > [22m繧ｹ繝代・繧ｯ繝ｩ繧､繝ｳ縺ｫ SVG 縺悟性縺ｾ繧後ｋ[32m 62[2mms[22m[39m
 [32m笨・[39m src/features/support-plan-guide/components/planner-assist/__tests__/NextActionPanel.spec.tsx[2m > [22mNextActionPanel 窶・sparkline (P5-C2)[2m > [22m騾ｱ繝ｩ繝吶Ν縺ｮ遽・峇繧定｡ｨ遉ｺ縺吶ｋ[32m 24[2mms[22m[39m
 [32m笨・[39m src/features/support-plan-guide/components/planner-assist/__tests__/NextActionPanel.spec.tsx[2m > [22mNextActionPanel 窶・update experience (P5-C3)[2m > [22m蜷郁ｨ井ｻｶ謨ｰ縺悟､牙喧縺吶ｋ縺ｨ蟾ｮ蛻・ヰ繝・ず (+N) 縺瑚｡ｨ遉ｺ縺輔ｌ繧・[32m 118[2mms[22m[39m
 [32m笨・[39m src/features/support-plan-guide/components/planner-assist/__tests__/NextActionPanel.spec.tsx[2m > [22mNextActionPanel 窶・update experience (P5-C3)[2m > [22m蜷郁ｨ井ｻｶ謨ｰ縺梧ｸ帛ｰ代☆繧九→蟾ｮ蛻・ヰ繝・ず (-N) 縺瑚｡ｨ遉ｺ縺輔ｌ繧・[32m 78[2mms[22m[39m
 [32m笨・[39m src/features/callLogs/components/__tests__/CallLogForm.spec.tsx[2m > [22mCallLogForm[2m > [22mshould render the related user autocomplete[32m 136[2mms[22m[39m
 [32m笨・[39m src/features/support-plan-guide/components/planner-assist/__tests__/NextActionPanel.spec.tsx[2m > [22mNextActionPanel 窶・update experience (P5-C3)[2m > [22m莉ｶ謨ｰ螟牙喧譎ゅ↓縲梧峩譁ｰ貂医阪う繝ｳ繧ｸ繧ｱ繝ｼ繧ｿ縺瑚｡ｨ遉ｺ縺輔ｌ繧・[32m 20[2mms[22m[39m
 [32m笨・[39m src/features/support-plan-guide/components/planner-assist/__tests__/NextActionPanel.spec.tsx[2m > [22mNextActionPanel 窶・update experience (P5-C3)[2m > [22m謗｡逕ｨ邇・′螟牙喧縺吶ｋ縺ｨ譁ｹ蜷代い繧､繧ｳ繝ｳ (竊・竊・ 縺瑚｡ｨ遉ｺ縺輔ｌ繧・[32m 28[2mms[22m[39m
 [32m笨・[39m src/features/support-plan-guide/components/planner-assist/__tests__/NextActionPanel.spec.tsx[2m > [22mNextActionPanel 窶・update experience (P5-C3)[2m > [22m陦後・繧ｫ繧ｦ繝ｳ繝亥､牙喧縺ｧ陦悟・縺ｫ蟾ｮ蛻・ヰ繝・ず縺瑚｡ｨ遉ｺ縺輔ｌ繧・[32m 33[2mms[22m[39m
 [32m笨・[39m src/features/support-plan-guide/components/planner-assist/__tests__/NextActionPanel.spec.tsx[2m > [22mNextActionPanel P6-A tracking[2m > [22m繝槭え繝ｳ繝域凾縺ｫ trackPanelShown 縺・1 蝗槭□縺大他縺ｰ繧後ｋ[32m 46[2mms[22m[39m
 [32m笨・[39m src/features/support-plan-guide/components/planner-assist/__tests__/NextActionPanel.spec.tsx[2m > [22mNextActionPanel P6-A tracking[2m > [22m繧｢繧ｯ繧ｷ繝ｧ繝ｳ陦後け繝ｪ繝・け縺ｧ trackActionClicked 縺悟他縺ｰ繧後ｋ[32m 26[2mms[22m[39m
 [32m笨・[39m src/features/support-plan-guide/components/planner-assist/__tests__/NextActionPanel.spec.tsx[2m > [22mNextActionPanel P6-A tracking[2m > [22m繝翫ン繧ｲ繝ｼ繝医い繧､繧ｳ繝ｳ繧ｯ繝ｪ繝・け縺ｧ trackActionClicked 竊・trackTabLanded 縺悟他縺ｰ繧後ｋ[32m 11[2mms[22m[39m
 [32m笨・[39m src/features/support-plan-guide/components/planner-assist/__tests__/NextActionPanel.spec.tsx[2m > [22mNextActionPanel P6-A tracking[2m > [22mtracker 譛ｪ謖・ｮ壽凾縺ｧ繧ゅお繝ｩ繝ｼ縺ｫ縺ｪ繧峨↑縺・[32m 10[2mms[22m[39m
 [32m笨・[39m tests/unit/ScheduleCreateDialog.spec.tsx[2m > [22mScheduleCreateDialog component[2m > [22mshows validation errors when attempting to submit an empty form[32m 300[2mms[22m[39m
 [32m笨・[39m src/features/callLogs/components/__tests__/CallLogForm.spec.tsx[2m > [22mCallLogForm[2m > [22mshould submit without relatedUserId when no user is selected[32m 256[2mms[22m[39m
 [32m笨・[39m src/features/callLogs/components/__tests__/CallLogForm.spec.tsx[2m > [22mCallLogForm[2m > [22mshould include relatedUserId/relatedUserName when a user is selected[33m 549[2mms[22m[39m
 [32m笨・[39m tests/unit/ScheduleCreateDialog.spec.tsx[2m > [22mScheduleCreateDialog component[2m > [22mprevents submission when end time is before start time[33m 464[2mms[22m[39m
 [32m笨・[39m src/features/attendance/components/__tests__/AbsenceDetailDialog.spec.tsx[2m > [22mAbsenceDetailDialog[2m > [22mrenders dialog with user name when open[33m 1266[2mms[22m[39m
 [32m笨・[39m src/features/attendance/components/__tests__/AbsenceDetailDialog.spec.tsx[2m > [22mAbsenceDetailDialog[2m > [22mdoes not render content when closed[32m 30[2mms[22m[39m
 [32m笨・[39m src/pages/__tests__/TransportAssignmentPage.test.tsx[2m > [22mTransportAssignmentPage[2m > [22mrenders transport assignment board and controls[33m 2248[2mms[22m[39m
 [32m笨・[39m src/features/attendance/components/__tests__/AbsenceDetailDialog.spec.tsx[2m > [22mAbsenceDetailDialog[2m > [22mshows both section headers[33m 509[2mms[22m[39m
[90mstdout[2m | src/features/callLogs/components/__tests__/CallLogQuickDrawer.spec.tsx[2m > [22m[2mCallLogQuickDrawer 窶・遐ｴ譽・｢ｺ隱・[2m > [22m[2mshould call onClose immediately when form is not dirty
[22m[39m[DataProvider] Active backend: sharepoint
笨・[SP Telemetry] provider_selected { providerName: [32m'sharepoint'[39m }

 [32m笨・[39m tests/unit/ScheduleCreateDialog.spec.tsx[2m > [22mScheduleCreateDialog component[2m > [22mselects service type, submits payload, and closes on success[33m 768[2mms[22m[39m
 [32m笨・[39m tests/unit/ScheduleCreateDialog.spec.tsx[2m > [22mScheduleCreateDialog component[2m > [22mrenders edit mode labels, override values, and keeps user selection[33m 493[2mms[22m[39m
[90mstdout[2m | src/features/callLogs/components/__tests__/CallLogQuickDrawer.spec.tsx[2m > [22m[2mCallLogQuickDrawer 窶・遐ｴ譽・｢ｺ隱・[2m > [22m[2mshould show ConfirmDialog when form is dirty and close button is clicked
[22m[39m[DataProvider] Active backend: sharepoint

 [32m笨・[39m src/features/attendance/components/__tests__/AbsenceDetailDialog.spec.tsx[2m > [22mAbsenceDetailDialog[2m > [22mshows all 3 action buttons[33m 480[2mms[22m[39m
 [32m笨・[39m src/features/callLogs/components/__tests__/CallLogQuickDrawer.spec.tsx[2m > [22mCallLogQuickDrawer 窶・遐ｴ譽・｢ｺ隱・[2m > [22mshould call onClose immediately when form is not dirty[33m 744[2mms[22m[39m
 [32m笨・[39m src/features/daily/__tests__/TableDailyRecordForm.test.tsx[2m > [22mTableDailyRecordForm[2m > [22mshould render table daily record form when open[33m 1416[2mms[22m[39m
 [32m笨・[39m src/features/daily/__tests__/TableDailyRecordForm.test.tsx[2m > [22mTableDailyRecordForm[2m > [22mshould not render when closed[32m 21[2mms[22m[39m
 [32m笨・[39m src/features/attendance/components/__tests__/AbsenceDetailDialog.spec.tsx[2m > [22mAbsenceDetailDialog[2m > [22mcalls onCancel when cancel button is clicked[33m 304[2mms[22m[39m
[90mstdout[2m | src/features/callLogs/components/__tests__/CallLogQuickDrawer.spec.tsx[2m > [22m[2mCallLogQuickDrawer 窶・遐ｴ譽・｢ｺ隱・[2m > [22m[2mshould call onClose when "遐ｴ譽・＠縺ｦ髢峨§繧・ is confirmed
[22m[39m[DataProvider] Active backend: sharepoint

 [32m笨・[39m src/features/callLogs/components/__tests__/CallLogQuickDrawer.spec.tsx[2m > [22mCallLogQuickDrawer 窶・遐ｴ譽・｢ｺ隱・[2m > [22mshould show ConfirmDialog when form is dirty and close button is clicked[33m 306[2mms[22m[39m
 [32m笨・[39m src/features/attendance/components/__tests__/AbsenceDetailDialog.spec.tsx[2m > [22mAbsenceDetailDialog[2m > [22mcalls onSkip when "蠕後〒蜈･蜉・ button is clicked[32m 299[2mms[22m[39m
 [32m笨・[39m src/features/daily/__tests__/TableDailyRecordForm.test.tsx[2m > [22mTableDailyRecordForm[2m > [22mshould display all users in the selection list[33m 489[2mms[22m[39m
[90mstdout[2m | src/features/callLogs/components/__tests__/CallLogQuickDrawer.spec.tsx[2m > [22m[2mCallLogQuickDrawer 窶・遐ｴ譽・｢ｺ隱・[2m > [22m[2mshould NOT call onClose when "蜈･蜉帙↓謌ｻ繧・ (cancel) is clicked in ConfirmDialog
[22m[39m[DataProvider] Active backend: sharepoint

[90mstdout[2m | src/features/action-engine/hooks/__tests__/suggestionStateSync.integration.spec.tsx
[22m[39m[MSAL ENV] Validated successfully

 [32m笨・[39m src/features/attendance/components/__tests__/AbsenceDetailDialog.spec.tsx[2m > [22mAbsenceDetailDialog[2m > [22mcalls onSubmit with form data when "菫晏ｭ・ is clicked[33m 306[2mms[22m[39m
 [32m笨・[39m src/features/callLogs/components/__tests__/CallLogQuickDrawer.spec.tsx[2m > [22mCallLogQuickDrawer 窶・遐ｴ譽・｢ｺ隱・[2m > [22mshould call onClose when "遐ｴ譽・＠縺ｦ髢峨§繧・ is confirmed[33m 518[2mms[22m[39m
 [32m笨・[39m src/features/attendance/components/__tests__/AbsenceDetailDialog.spec.tsx[2m > [22mAbsenceDetailDialog[2m > [22mpopulates initial data when editing[32m 205[2mms[22m[39m
 [32m笨・[39m src/features/attendance/components/__tests__/AbsenceDetailDialog.spec.tsx[2m > [22mAbsenceDetailDialog[2m > [22mnowLocalDatetime[2m > [22mreturns a string in YYYY-MM-DDThh:mm format[32m 1[2mms[22m[39m
 [32m笨・[39m src/features/attendance/components/__tests__/AbsenceDetailDialog.spec.tsx[2m > [22mAbsenceDetailDialog[2m > [22mnowLocalDatetime[2m > [22mmatches the current local time approximately[32m 1[2mms[22m[39m
 [32m笨・[39m src/features/attendance/components/__tests__/AbsenceDetailDialog.spec.tsx[2m > [22mAbsenceDetailDialog[2m > [22mexports[2m > [22mCONTACTOR_OPTIONS contains expected values[32m 2[2mms[22m[39m
 [32m笨・[39m src/features/attendance/components/__tests__/AbsenceDetailDialog.spec.tsx[2m > [22mAbsenceDetailDialog[2m > [22mexports[2m > [22mREASON_PRESETS contains expected values[32m 1[2mms[22m[39m
 [32m笨・[39m src/features/attendance/components/__tests__/AbsenceDetailDialog.spec.tsx[2m > [22mAbsenceDetailDialog[2m > [22mexports[2m > [22mFOLLOW_UP_RESULTS contains expected values[32m 1[2mms[22m[39m
 [32m笨・[39m src/features/attendance/components/__tests__/AbsenceDetailDialog.spec.tsx[2m > [22mAbsenceDetailDialog[2m > [22mshows info caption about eveningChecked auto-set in section 竭｡[32m 201[2mms[22m[39m
 [32m笨・[39m src/features/callLogs/components/__tests__/CallLogQuickDrawer.spec.tsx[2m > [22mCallLogQuickDrawer 窶・遐ｴ譽・｢ｺ隱・[2m > [22mshould NOT call onClose when "蜈･蜉帙↓謌ｻ繧・ (cancel) is clicked in ConfirmDialog[33m 578[2mms[22m[39m
 [32m笨・[39m src/features/daily/__tests__/TableDailyRecordForm.test.tsx[2m > [22mTableDailyRecordForm[2m > [22mshould filter users based on search query[33m 668[2mms[22m[39m
 [32m笨・[39m src/features/daily/__tests__/TableDailyRecordForm.test.tsx[2m > [22mTableDailyRecordForm[2m > [22mshould auto-select todays attendees on open[33m 853[2mms[22m[39m
 [32m笨・[39m src/features/action-engine/hooks/__tests__/suggestionStateSync.integration.spec.tsx[2m > [22msuggestion state sync (Today 竊・ExceptionCenter)[2m > [22mToday 縺ｧ snooze 縺吶ｋ縺ｨ ExceptionCenter 縺ｧ繧る撼陦ｨ遉ｺ縺ｫ縺ｪ繧・[33m 805[2mms[22m[39m
 [32m笨・[39m src/app/AppShell.role-sync.spec.tsx[2m > [22mAppShell role sync[2m > [22msets role only when role changes[33m 1340[2mms[22m[39m
 [32m笨・[39m src/app/AppShell.role-sync.spec.tsx[2m > [22mAppShell role sync[2m > [22mdoes not loop when pathname changes multiple times[33m 495[2mms[22m[39m
 [32m笨・[39m src/features/action-engine/hooks/__tests__/suggestionStateSync.integration.spec.tsx[2m > [22msuggestion state sync (Today 竊・ExceptionCenter)[2m > [22mExceptionCenter 縺ｧ dismiss 縺吶ｋ縺ｨ Today 縺ｧ繧る撼陦ｨ遉ｺ縺ｫ縺ｪ繧・[33m 319[2mms[22m[39m
 [32m笨・[39m src/features/action-engine/hooks/__tests__/suggestionStateSync.integration.spec.tsx[2m > [22msuggestion state sync (Today 竊・ExceptionCenter)[2m > [22msnooze 譛滄剞邨碁℃蠕後↓ Today / ExceptionCenter 縺ｧ resurfaced 縺碁∽ｿ｡縺輔ｌ繧・[33m 352[2mms[22m[39m
 [32m笨・[39m src/features/daily/__tests__/TableDailyRecordForm.test.tsx[2m > [22mTableDailyRecordForm[2m > [22mshould show table immediately with auto-selected attendees[33m 337[2mms[22m[39m
 [32m笨・[39m src/features/daily/__tests__/TableDailyRecordForm.test.tsx[2m > [22mTableDailyRecordForm[2m > [22mshould allow input in table fields[33m 699[2mms[22m[39m
 [32m笨・[39m src/features/daily/__tests__/TableDailyRecordForm.test.tsx[2m > [22mTableDailyRecordForm[2m > [22mshould handle lunch amount selection[33m 790[2mms[22m[39m
 [32m笨・[39m src/features/daily/__tests__/TableDailyRecordForm.test.tsx[2m > [22mTableDailyRecordForm[2m > [22mshould handle problem behavior chips[33m 531[2mms[22m[39m
 [32m笨・[39m tests/unit/pages/NavigationDiagnosticsPage.spec.tsx[2m > [22mNavigationDiagnosticsPage[2m > [22mrenders the summary dashboard by default[33m 422[2mms[22m[39m
 [32m笨・[39m tests/unit/pages/NavigationDiagnosticsPage.spec.tsx[2m > [22mNavigationDiagnosticsPage[2m > [22mcan switch flags and roles (state tests)[32m 212[2mms[22m[39m
 [32m笨・[39m src/features/daily/__tests__/TableDailyRecordForm.test.tsx[2m > [22mTableDailyRecordForm[2m > [22mshould handle special notes input[33m 427[2mms[22m[39m
 [32m笨・[39m src/mui/__tests__/warm.spec.ts[2m > [22mmui/warm[2m > [22mwarmTableComponents[2m > [22mshould preload table components successfully[32m 9[2mms[22m[39m
 [32m笨・[39m src/mui/__tests__/warm.spec.ts[2m > [22mmui/warm[2m > [22mwarmTableComponents[2m > [22mshould handle import failures gracefully[32m 4[2mms[22m[39m
 [32m笨・[39m tests/unit/pages/NavigationDiagnosticsPage.spec.tsx[2m > [22mNavigationDiagnosticsPage[2m > [22mrenders matrix tab data[33m 332[2mms[22m[39m
 [32m笨・[39m tests/unit/pages/NavigationDiagnosticsPage.spec.tsx[2m > [22mNavigationDiagnosticsPage[2m > [22mrenders router tab source of truth[32m 134[2mms[22m[39m
 [32m笨・[39m src/mui/__tests__/warm.spec.ts[2m > [22mmui/warm[2m > [22mwarmTableComponents[2m > [22mshould not log warnings in non-browser environment[33m 552[2mms[22m[39m
 [32m笨・[39m src/mui/__tests__/warm.spec.ts[2m > [22mmui/warm[2m > [22mwarmDataEntryComponents[2m > [22mshould preload data entry components successfully[32m 13[2mms[22m[39m
 [32m笨・[39m src/mui/__tests__/warm.spec.ts[2m > [22mmui/warm[2m > [22mwarmDataEntryComponents[2m > [22mshould handle import failures gracefully[32m 6[2mms[22m[39m
 [32m笨・[39m src/mui/__tests__/warm.spec.ts[2m > [22mmui/warm[2m > [22mwarmAll[2m > [22mshould run both warm functions in parallel[32m 2[2mms[22m[39m
[90mstdout[2m | tests/rtl/AppShell.nav.test.tsx
[22m[39m[MSAL ENV] Validated successfully

 [32m笨・[39m src/features/daily/__tests__/TableDailyRecordForm.test.tsx[2m > [22mTableDailyRecordForm[2m > [22mshould clear row data when clear button is clicked[33m 510[2mms[22m[39m
 [32m笨・[39m src/mui/__tests__/warm.spec.ts[2m > [22mmui/warm[2m > [22mwarmAll[2m > [22mshould handle partial failures gracefully[33m 651[2mms[22m[39m
 [32m笨・[39m src/mui/__tests__/warm.spec.ts[2m > [22mmui/warm[2m > [22mwarmAsync[2m > [22mshould not throw errors even if warmAll fails[32m 4[2mms[22m[39m
 [32m笨・[39m src/mui/__tests__/warm.spec.ts[2m > [22mmui/warm[2m > [22mwarmAsync[2m > [22mshould be truly fire-and-forget[32m 1[2mms[22m[39m
 [32m笨・[39m src/mui/__tests__/warm.spec.ts[2m > [22mmui/warm[2m > [22merror handling consistency[2m > [22mshould handle network errors gracefully[32m 11[2mms[22m[39m
 [32m笨・[39m src/mui/__tests__/warm.spec.ts[2m > [22mmui/warm[2m > [22merror handling consistency[2m > [22mshould handle module resolution errors gracefully[32m 103[2mms[22m[39m
 [32m笨・[39m src/mui/__tests__/warm.spec.ts[2m > [22mmui/warm[2m > [22mbrowser environment detection[2m > [22mshould detect window object correctly[32m 11[2mms[22m[39m
 [32m笨・[39m src/mui/__tests__/warm.spec.ts[2m > [22mmui/warm[2m > [22mbrowser environment detection[2m > [22mshould detect console object correctly[32m 2[2mms[22m[39m
 [32m笨・[39m src/mui/__tests__/warm.spec.ts[2m > [22mmui/warm[2m > [22mperformance characteristics[2m > [22mshould complete table component warming within reasonable time[32m 1[2mms[22m[39m
 [32m笨・[39m src/mui/__tests__/warm.spec.ts[2m > [22mmui/warm[2m > [22mperformance characteristics[2m > [22mshould complete data entry warming within reasonable time[32m 2[2mms[22m[39m
 [32m笨・[39m src/features/attendance/components/__tests__/TemperatureKeypad.spec.tsx[2m > [22mTemperatureKeypad[2m > [22mrenders dialog with user name when open[33m 388[2mms[22m[39m
 [32m笨・[39m src/features/attendance/components/__tests__/TemperatureKeypad.spec.tsx[2m > [22mTemperatureKeypad[2m > [22mdoes not render when closed[32m 22[2mms[22m[39m
 [32m笨・[39m src/features/attendance/components/__tests__/TemperatureKeypad.spec.tsx[2m > [22mTemperatureKeypad[2m > [22mrenders all integer buttons (35-42)[32m 73[2mms[22m[39m
 [32m笨・[39m src/features/attendance/components/__tests__/TemperatureKeypad.spec.tsx[2m > [22mTemperatureKeypad[2m > [22mrenders all decimal buttons (.0-.9)[32m 68[2mms[22m[39m
 [32m笨・[39m src/features/attendance/components/__tests__/TemperatureKeypad.spec.tsx[2m > [22mTemperatureKeypad[2m > [22mdefaults to 36 as selected integer[32m 81[2mms[22m[39m
 [32m笨・[39m src/features/attendance/components/__tests__/TemperatureKeypad.spec.tsx[2m > [22mTemperatureKeypad[2m > [22mcalls onConfirm with correct value when decimal is tapped (36.5)[32m 57[2mms[22m[39m
 [32m笨・[39m src/features/attendance/components/__tests__/TemperatureKeypad.spec.tsx[2m > [22mTemperatureKeypad[2m > [22mallows changing integer before decimal tap (37.2)[32m 79[2mms[22m[39m
 [32m笨・[39m src/features/attendance/components/__tests__/TemperatureKeypad.spec.tsx[2m > [22mTemperatureKeypad[2m > [22mhandles edge cases: 35.0 and 42.9[32m 146[2mms[22m[39m
 [32m笨・[39m src/features/attendance/components/__tests__/TemperatureKeypad.spec.tsx[2m > [22mTemperatureKeypad[2m > [22muses initialValue to pre-select integer[32m 66[2mms[22m[39m
[90mstdout[2m | src/features/attendance/hooks/__tests__/useAttendance.spec.ts
[22m[39m[MSAL ENV] Validated successfully

 [32m笨・[39m src/features/attendance/components/__tests__/TemperatureKeypad.spec.tsx[2m > [22mTemperatureKeypad[2m > [22mfalls back to default when initialValue is out of range[32m 44[2mms[22m[39m
 [32m笨・[39m src/features/attendance/components/__tests__/TemperatureKeypad.spec.tsx[2m > [22mTemperatureKeypad[2m > [22mcalls onCancel when cancel button is clicked[32m 161[2mms[22m[39m
 [32m笨・[39m src/features/attendance/components/__tests__/TemperatureKeypad.spec.tsx[2m > [22mTemperatureKeypad[2m > [22mshows step labels for guidance[32m 40[2mms[22m[39m
 [32m笨・[39m src/features/attendance/components/__tests__/TemperatureKeypad.spec.tsx[2m > [22mTemperatureKeypad[2m > [22mexports[2m > [22mINTEGER_OPTIONS covers 35-42[32m 1[2mms[22m[39m
 [32m笨・[39m src/features/attendance/components/__tests__/TemperatureKeypad.spec.tsx[2m > [22mTemperatureKeypad[2m > [22mexports[2m > [22mDECIMAL_OPTIONS covers 0-9[32m 1[2mms[22m[39m
 [32m笨・[39m src/features/attendance/components/__tests__/TemperatureKeypad.spec.tsx[2m > [22mTemperatureKeypad[2m > [22mexports[2m > [22mDEFAULT_INTEGER is 36[32m 1[2mms[22m[39m
[90mstdout[2m | src/app/AppShell.kiosk-route.spec.tsx
[22m[39m[MSAL ENV] Validated successfully

 [32m笨・[39m src/features/daily/__tests__/TableDailyRecordForm.test.tsx[2m > [22mTableDailyRecordForm[2m > [22mshould call repository.save with correct data when saved[33m 1469[2mms[22m[39m
 [32m笨・[39m src/features/daily/__tests__/TableDailyRecordForm.test.tsx[2m > [22mTableDailyRecordForm[2m > [22mshould prevent saving without selected users[33m 505[2mms[22m[39m
 [32m笨・[39m src/features/daily/__tests__/TableDailyRecordForm.test.tsx[2m > [22mTableDailyRecordForm[2m > [22mshould prevent saving without reporter name[33m 1115[2mms[22m[39m
 [32m笨・[39m src/features/attendance/hooks/__tests__/useAttendance.spec.ts[2m > [22museAttendance[2m > [22mloads initial rows as merged AttendanceRowVM data[32m 178[2mms[22m[39m
 [32m笨・[39m src/features/attendance/hooks/__tests__/useAttendance.spec.ts[2m > [22museAttendance[2m > [22mfilters rows by query via setFilters[32m 166[2mms[22m[39m
 [32m笨・[39m src/features/attendance/hooks/__tests__/useAttendance.spec.ts[2m > [22museAttendance[2m > [22mupdates row status optimistically on updateStatus[32m 162[2mms[22m[39m
 [32m笨・[39m src/features/attendance/hooks/__tests__/useAttendance.spec.ts[2m > [22museAttendance[2m > [22mre-fetches latest data on refresh[32m 132[2mms[22m[39m
 [32m笨・[39m src/features/daily/__tests__/TableDailyRecordForm.test.tsx[2m > [22mTableDailyRecordForm[2m > [22mshould handle select all functionality[33m 1092[2mms[22m[39m
 [32m笨・[39m src/features/attendance/hooks/__tests__/useAttendance.spec.ts[2m > [22museAttendance[2m > [22msaveTemperature success 竊・success notification with temperature[32m 127[2mms[22m[39m
[90mstdout[2m | tests/rtl/AppShell.nav.test.tsx[2m > [22m[2mAppShell navigation smoke test[2m > [22m[2mexposes nav and footer test IDs
[22m[39m[DataProvider] Active backend: sharepoint
笨・[SP Telemetry] provider_selected { providerName: [32m'sharepoint'[39m }
[DataProvider] Active backend: sharepoint

[90mstdout[2m | tests/rtl/AppShell.nav.test.tsx[2m > [22m[2mAppShell navigation smoke test[2m > [22m[2mexposes nav and footer test IDs
[22m[39m[DataProvider] Active backend: sharepoint

 [32m笨・[39m src/features/attendance/hooks/__tests__/useAttendance.spec.ts[2m > [22museAttendance[2m > [22msaveTemperature high temp (竕･37.5) 竊・warning notification with 逵玖ｭｷ險倬鹸縺ｸ action[32m 138[2mms[22m[39m
 [32m笨・[39m src/features/daily/__tests__/BulkDailyRecordForm.test.tsx[2m > [22mBulkDailyRecordForm[2m > [22mrenders bulk daily record form when open[33m 831[2mms[22m[39m
[90mstdout[2m | tests/rtl/AppShell.nav.test.tsx[2m > [22m[2mAppShell navigation smoke test[2m > [22m[2mexposes nav and footer test IDs
[22m[39m[DataProvider] Active backend: sharepoint

 [32m笨・[39m src/features/planning-sheet/__tests__/ImportAssessmentDialog.integration.spec.tsx[2m > [22mImportAssessmentDialog 窶・邨ｱ蜷医ユ繧ｹ繝・[2m > [22m繝繧､繧｢繝ｭ繧ｰ縺碁幕縺阪√ち繧､繝医Ν縺瑚｡ｨ遉ｺ縺輔ｌ繧・[33m 464[2mms[22m[39m
[90mstdout[2m | tests/rtl/AppShell.nav.test.tsx[2m > [22m[2mAppShell navigation smoke test[2m > [22m[2mexposes nav and footer test IDs
[22m[39m[DataProvider] Active backend: sharepoint

 [32m笨・[39m src/features/attendance/hooks/__tests__/useAttendance.spec.ts[2m > [22museAttendance[2m > [22msaveTemperature 37.5 exact 竊・still triggers high-temp warning[32m 126[2mms[22m[39m
 [32m笨・[39m src/features/planning-sheet/__tests__/ImportAssessmentDialog.integration.spec.tsx[2m > [22mImportAssessmentDialog 窶・邨ｱ蜷医ユ繧ｹ繝・[2m > [22m繧｢繧ｻ繧ｹ繝｡繝ｳ繝医・繧｢繧､繝・Β謨ｰ繝ｻ繧ｿ繧ｰ謨ｰ繝ｻ諢溯ｦ壹・繝ｭ繝輔ぃ繧､繝ｫ縺瑚｡ｨ遉ｺ縺輔ｌ繧・[32m 110[2mms[22m[39m
 [32m笨・[39m src/features/attendance/hooks/__tests__/useAttendance.spec.ts[2m > [22museAttendance[2m > [22msaveTemperature failure 竊・error notification[32m 140[2mms[22m[39m
 [32m笨・[39m src/features/daily/__tests__/TableDailyRecordForm.test.tsx[2m > [22mTableDailyRecordForm[2m > [22mshould handle clear all functionality[33m 1060[2mms[22m[39m
 [32m笨・[39m src/features/attendance/hooks/__tests__/useAttendance.spec.ts[2m > [22museAttendance[2m > [22mmaps observation UserLookupId to userCode in savedTempsByUser[33m 399[2mms[22m[39m
 [32m笨・[39m src/features/planning-sheet/__tests__/ImportAssessmentDialog.integration.spec.tsx[2m > [22mImportAssessmentDialog 窶・邨ｱ蜷医ユ繧ｹ繝・[2m > [22m蜿冶ｾｼ繝励Ξ繝薙Η繝ｼ縺ｫ諢溯ｦ壹ヨ繝ｪ繧ｬ繝ｼ繝ｻ陦悟虚隕ｳ蟇溘・蜿朱寔諠・ｱ繝ｻ蛹ｻ逋ゅヵ繝ｩ繧ｰ縺ｮ螟画峩縺瑚｡ｨ遉ｺ縺輔ｌ繧・[33m 451[2mms[22m[39m
 [32m笨・[39m src/features/daily/__tests__/BulkDailyRecordForm.test.tsx[2m > [22mBulkDailyRecordForm[2m > [22mkeeps the dialog mounted and toggles visibility when closed[33m 962[2mms[22m[39m
[90mstdout[2m | tests/rtl/AppShell.nav.test.tsx[2m > [22m[2mAppShell navigation smoke test[2m > [22m[2mhides Iceberg PDCA nav when feature flag is off
[22m[39m[DataProvider] Active backend: sharepoint
[DataProvider] Active backend: sharepoint
[DataProvider] Active backend: sharepoint
[DataProvider] Active backend: sharepoint

 [32m笨・[39m tests/rtl/AppShell.nav.test.tsx[2m > [22mAppShell navigation smoke test[2m > [22mexposes nav and footer test IDs[33m 1440[2mms[22m[39m
 [32m笨・[39m src/features/planning-sheet/__tests__/ImportAssessmentDialog.integration.spec.tsx[2m > [22mImportAssessmentDialog 窶・邨ｱ蜷医ユ繧ｹ繝・[2m > [22m螟画鋤譬ｹ諡繧ｻ繧ｯ繧ｷ繝ｧ繝ｳ縺瑚｡ｨ遉ｺ縺輔ｌ縲∝推繧ｨ繝ｳ繝医Μ縺ｮ逅・罰縺瑚ｦ九∴繧・[32m 174[2mms[22m[39m
 [32m笨・[39m src/features/daily/__tests__/TableDailyRecordForm.test.tsx[2m > [22mTableDailyRecordForm[2m > [22mAttendance Day Filter[2m > [22mshould show attendance filter button in expanded panel[33m 540[2mms[22m[39m
 [32m笨・[39m src/features/daily/__tests__/BulkDailyRecordForm.test.tsx[2m > [22mBulkDailyRecordForm[2m > [22mdisplays all users in the list[32m 258[2mms[22m[39m
[90mstdout[2m | tests/rtl/AppShell.nav.test.tsx[2m > [22m[2mAppShell navigation smoke test[2m > [22m[2mshows Iceberg PDCA nav when feature flag is on
[22m[39m[DataProvider] Active backend: sharepoint
[DataProvider] Active backend: sharepoint
[DataProvider] Active backend: sharepoint
[DataProvider] Active backend: sharepoint

 [32m笨・[39m tests/rtl/AppShell.nav.test.tsx[2m > [22mAppShell navigation smoke test[2m > [22mhides Iceberg PDCA nav when feature flag is off[33m 329[2mms[22m[39m
 [32m笨・[39m tests/rtl/AppShell.nav.test.tsx[2m > [22mAppShell navigation smoke test[2m > [22mshows Iceberg PDCA nav when feature flag is on[33m 320[2mms[22m[39m
 [32m笨・[39m src/features/planning-sheet/__tests__/ImportAssessmentDialog.integration.spec.tsx[2m > [22mImportAssessmentDialog 窶・邨ｱ蜷医ユ繧ｹ繝・[2m > [22m縲悟叙繧願ｾｼ繧縲阪・繧ｿ繝ｳ縺ｧonImport縺梧ｭ｣縺励＞result縺ｧ蜻ｼ縺ｰ繧後ｋ[32m 242[2mms[22m[39m
 [32m笨・[39m src/features/planning-sheet/__tests__/ImportAssessmentDialog.integration.spec.tsx[2m > [22mImportAssessmentDialog 窶・邨ｱ蜷医ユ繧ｹ繝・[2m > [22m譌｢縺ｫ蜿冶ｾｼ貂医∩縺ｮ蝣ｴ蜷医√悟叙繧願ｾｼ繧縲阪′ disabled 縺ｫ縺ｪ繧・[32m 75[2mms[22m[39m
[90mstdout[2m | src/app/AppShell.kiosk-route.spec.tsx[2m > [22m[2mAppShell kiosk query routing[2m > [22m[2menables kiosk mode when /today?kiosk=1 is opened
[22m[39m[DataProvider] Active backend: sharepoint
笨・[SP Telemetry] provider_selected { providerName: [32m'sharepoint'[39m }

 [32m笨・[39m src/features/planning-sheet/__tests__/ImportAssessmentDialog.integration.spec.tsx[2m > [22mImportAssessmentDialog 窶・邨ｱ蜷医ユ繧ｹ繝・[2m > [22m縲後い繧ｻ繧ｹ繝｡繝ｳ繝茨ｼ狗音諤ｧ繧｢繝ｳ繧ｱ繝ｼ繝医阪Δ繝ｼ繝峨↓蛻・崛縺医ｋ縺ｨ驕ｸ謚朸I縺瑚｡ｨ遉ｺ縺輔ｌ繧・[32m 188[2mms[22m[39m
 [32m笨・[39m src/features/planning-sheet/__tests__/ImportAssessmentDialog.integration.spec.tsx[2m > [22mImportAssessmentDialog 窶・邨ｱ蜷医ユ繧ｹ繝・[2m > [22m迚ｹ諤ｧ繧｢繝ｳ繧ｱ繝ｼ繝医ｒ驕ｸ謚槭☆繧九→縲｝rovenance縺ｫ繧｢繝ｳ繧ｱ繝ｼ繝亥・蜈ｸ縺瑚ｿｽ蜉縺輔ｌ繧・[32m 240[2mms[22m[39m
 [32m笨・[39m src/features/planning-sheet/__tests__/ImportAssessmentDialog.integration.spec.tsx[2m > [22mImportAssessmentDialog 窶・邨ｱ蜷医ユ繧ｹ繝・[2m > [22m蜿冶ｾｼ蠕後↓onClose縺悟他縺ｰ繧後ｋ[32m 97[2mms[22m[39m
 [32m笨・[39m src/features/planning-sheet/__tests__/ImportAssessmentDialog.integration.spec.tsx[2m > [22mImportAssessmentDialog 窶・邨ｱ蜷医ユ繧ｹ繝・[2m > [22m繧ｭ繝｣繝ｳ繧ｻ繝ｫ繝懊ち繝ｳ縺ｧonClose縺悟他縺ｰ繧後ｋ[32m 119[2mms[22m[39m
[90mstdout[2m | src/app/AppShell.kiosk-route.spec.tsx[2m > [22m[2mAppShell kiosk query routing[2m > [22m[2mdisables kiosk mode when /today?kiosk=0 is opened
[22m[39m[DataProvider] Active backend: sharepoint
[DataProvider] Active backend: sharepoint

 [32m笨・[39m src/app/AppShell.kiosk-route.spec.tsx[2m > [22mAppShell kiosk query routing[2m > [22menables kiosk mode when /today?kiosk=1 is opened[33m 1025[2mms[22m[39m
 [32m笨・[39m src/app/AppShell.kiosk-route.spec.tsx[2m > [22mAppShell kiosk query routing[2m > [22mdisables kiosk mode when /today?kiosk=0 is opened[33m 341[2mms[22m[39m
 [32m笨・[39m src/features/daily/__tests__/TableDailyRecordForm.test.tsx[2m > [22mTableDailyRecordForm[2m > [22mAttendance Day Filter[2m > [22mshould toggle filter between attendance day and all users[33m 490[2mms[22m[39m
 [32m笨・[39m src/features/daily/__tests__/BulkDailyRecordForm.test.tsx[2m > [22mBulkDailyRecordForm[2m > [22mfilters users based on search query[33m 342[2mms[22m[39m
 [32m笨・[39m src/features/settings/components/__tests__/ColorPresetControl.spec.tsx[2m > [22mColorPresetControl[2m > [22mRendering[2m > [22mshould render the color preset control with all options[32m 151[2mms[22m[39m
 [32m笨・[39m src/features/settings/components/__tests__/ColorPresetControl.spec.tsx[2m > [22mColorPresetControl[2m > [22mRendering[2m > [22mshould render radio buttons for each color preset option[32m 93[2mms[22m[39m
 [32m笨・[39m src/features/settings/components/__tests__/ColorPresetControl.spec.tsx[2m > [22mColorPresetControl[2m > [22mRendering[2m > [22mshould render descriptions for each color preset option[32m 122[2mms[22m[39m
 [32m笨・[39m src/features/settings/components/__tests__/ColorPresetControl.spec.tsx[2m > [22mColorPresetControl[2m > [22mRendering[2m > [22mshould render color preview swatches[32m 141[2mms[22m[39m
 [32m笨・[39m src/features/settings/components/__tests__/ColorPresetControl.spec.tsx[2m > [22mColorPresetControl[2m > [22mRendering[2m > [22mshould display color swatches for selected preset[32m 67[2mms[22m[39m
 [32m笨・[39m src/features/daily/__tests__/BulkDailyRecordForm.test.tsx[2m > [22mBulkDailyRecordForm[2m > [22mselects and deselects users[33m 981[2mms[22m[39m
 [32m笨・[39m src/features/settings/components/__tests__/ColorPresetControl.spec.tsx[2m > [22mColorPresetControl[2m > [22mSelection State[2m > [22mshould have radio buttons with correct values[32m 277[2mms[22m[39m
 [32m笨・[39m src/features/settings/components/__tests__/ColorPresetControl.spec.tsx[2m > [22mColorPresetControl[2m > [22mSelection State[2m > [22mshould display different presets as selected[32m 51[2mms[22m[39m
 [32m笨・[39m src/features/settings/components/__tests__/ColorPresetControl.spec.tsx[2m > [22mColorPresetControl[2m > [22mInteractions[2m > [22mshould call onChange when selecting a different preset[32m 76[2mms[22m[39m
 [32m笨・[39m src/features/settings/components/__tests__/ColorPresetControl.spec.tsx[2m > [22mColorPresetControl[2m > [22mInteractions[2m > [22mshould call onChange with correct value for each option[32m 45[2mms[22m[39m
 [32m笨・[39m src/features/settings/components/__tests__/ColorPresetControl.spec.tsx[2m > [22mColorPresetControl[2m > [22mInteractions[2m > [22mshould handle rapid changes between presets[32m 30[2mms[22m[39m
 [32m笨・[39m src/features/daily/__tests__/TableDailyRecordForm.test.tsx[2m > [22mTableDailyRecordForm[2m > [22mAttendance Day Filter[2m > [22mshould filter users based on attendance days when date is Monday[33m 828[2mms[22m[39m
 [32m笨・[39m src/features/settings/components/__tests__/ColorPresetControl.spec.tsx[2m > [22mColorPresetControl[2m > [22mColor Swatches[2m > [22mshould show correct colors for default preset[32m 29[2mms[22m[39m
 [32m笨・[39m src/features/settings/components/__tests__/ColorPresetControl.spec.tsx[2m > [22mColorPresetControl[2m > [22mColor Swatches[2m > [22mshould show correct colors for highContrast preset[32m 25[2mms[22m[39m
 [32m笨・[39m src/features/settings/components/__tests__/ColorPresetControl.spec.tsx[2m > [22mColorPresetControl[2m > [22mColor Swatches[2m > [22mshould update swatches when preset changes[32m 37[2mms[22m[39m
 [32m笨・[39m src/features/settings/components/__tests__/ColorPresetControl.spec.tsx[2m > [22mColorPresetControl[2m > [22mAccessibility[2m > [22mshould have proper form control labels[32m 28[2mms[22m[39m
 [32m笨・[39m src/features/settings/components/__tests__/ColorPresetControl.spec.tsx[2m > [22mColorPresetControl[2m > [22mAccessibility[2m > [22mshould have proper radio button roles[32m 52[2mms[22m[39m
 [32m笨・[39m src/features/settings/components/__tests__/ColorPresetControl.spec.tsx[2m > [22mColorPresetControl[2m > [22mAccessibility[2m > [22mshould maintain label associations[32m 43[2mms[22m[39m
 [32m笨・[39m src/features/daily/__tests__/BulkDailyRecordForm.test.tsx[2m > [22mBulkDailyRecordForm[2m > [22madds and removes AM activities[33m 608[2mms[22m[39m
 [32m笨・[39m src/features/settings/components/__tests__/ColorPresetControl.spec.tsx[2m > [22mColorPresetControl[2m > [22mAccessibility[2m > [22mshould have ARIA labels for accessibility[32m 67[2mms[22m[39m
 [32m笨・[39m src/features/settings/components/__tests__/ColorPresetControl.spec.tsx[2m > [22mColorPresetControl[2m > [22mVisual States[2m > [22mshould render selected preset option[32m 52[2mms[22m[39m
 [32m笨・[39m src/features/settings/components/__tests__/ColorPresetControl.spec.tsx[2m > [22mColorPresetControl[2m > [22mVisual States[2m > [22mshould display different selected preset[32m 34[2mms[22m[39m
 [32m笨・[39m src/features/settings/components/__tests__/ColorPresetControl.spec.tsx[2m > [22mColorPresetControl[2m > [22mEdge Cases[2m > [22mshould handle preset change[32m 20[2mms[22m[39m
 [32m笨・[39m src/features/settings/components/__tests__/ColorPresetControl.spec.tsx[2m > [22mColorPresetControl[2m > [22mEdge Cases[2m > [22mshould maintain onChange callback reference[32m 51[2mms[22m[39m
 [32m笨・[39m src/features/daily/__tests__/BulkDailyRecordForm.test.tsx[2m > [22mBulkDailyRecordForm[2m > [22mfills reporter information[33m 466[2mms[22m[39m
 [32m笨・[39m tests/unit/AppShell.theme-toggle.spec.tsx[2m > [22mSettingsDialog theme toggle accessibility[2m > [22mtoggles dark mode when the theme switch is clicked[33m 1183[2mms[22m[39m
 [32m笨・[39m src/features/daily/__tests__/TableDailyRecordForm.test.tsx[2m > [22mTableDailyRecordForm[2m > [22mAttendance Day Filter[2m > [22mshould filter users based on attendance days when date is Tuesday[33m 1087[2mms[22m[39m
[90mstdout[2m | tests/unit/a11y/UsersPanel.a11y.spec.tsx
[22m[39m[MSAL ENV] Validated successfully

 [32m笨・[39m src/features/daily/__tests__/BulkDailyRecordForm.test.tsx[2m > [22mBulkDailyRecordForm[2m > [22mshows individual notes for selected users[32m 298[2mms[22m[39m
 [32m笨・[39m src/features/daily/__tests__/TableDailyRecordForm.test.tsx[2m > [22mTableDailyRecordForm[2m > [22mAttendance Day Filter[2m > [22mshould auto-update selected users when date changes with attendance filter on[33m 1397[2mms[22m[39m
 [32m笨・[39m src/features/daily/__tests__/TableDailyRecordForm.test.tsx[2m > [22mTableDailyRecordForm[2m > [22mAttendance Day Filter[2m > [22mshould show all users when attendance filter is disabled[33m 511[2mms[22m[39m
 [32m笨・[39m src/features/handoff/components/__tests__/HandoffItem.spec.tsx[2m > [22mHandoffItem[2m > [22m蝓ｺ譛ｬ繝ｬ繝ｳ繝繝ｪ繝ｳ繧ｰ[2m > [22m譎ょ綾繝ｻ蛻ｩ逕ｨ閠・錐繝ｻ繧ｫ繝・ざ繝ｪ縺瑚｡ｨ遉ｺ縺輔ｌ繧・[33m 302[2mms[22m[39m
 [32m笨・[39m src/features/handoff/components/__tests__/HandoffItem.spec.tsx[2m > [22mHandoffItem[2m > [22m蝓ｺ譛ｬ繝ｬ繝ｳ繝繝ｪ繝ｳ繧ｰ[2m > [22m繝｡繝・そ繝ｼ繧ｸ譛ｬ譁・′陦ｨ遉ｺ縺輔ｌ繧・[32m 41[2mms[22m[39m
 [32m笨・[39m src/features/handoff/components/__tests__/HandoffItem.spec.tsx[2m > [22mHandoffItem[2m > [22m蝓ｺ譛ｬ繝ｬ繝ｳ繝繝ｪ繝ｳ繧ｰ[2m > [22m險倬鹸閠・錐縺瑚｡ｨ遉ｺ縺輔ｌ繧・[32m 44[2mms[22m[39m
 [32m笨・[39m tests/unit/useSupportPlanningSheet.spec.ts[2m > [22museSupportPlanningSheet[2m > [22m蛻晄悄繝ｭ繝ｼ繝・ぅ繝ｳ繧ｰ[2m > [22muserId 縺檎ｩｺ譁・ｭ励・蝣ｴ蜷医・ list 繧貞他縺ｰ縺ｪ縺・[32m 24[2mms[22m[39m
 [32m笨・[39m tests/unit/useSupportPlanningSheet.spec.ts[2m > [22museSupportPlanningSheet[2m > [22m蛻晄悄繝ｭ繝ｼ繝・ぅ繝ｳ繧ｰ[2m > [22muserId 縺梧欠螳壹＆繧後ｋ縺ｨ list 繧・蝗槫他縺ｶ[32m 13[2mms[22m[39m
 [32m笨・[39m src/features/daily/__tests__/BulkDailyRecordForm.test.tsx[2m > [22mBulkDailyRecordForm[2m > [22mcalls onSave with correct data when saved[33m 1129[2mms[22m[39m
 [32m笨・[39m src/features/handoff/components/__tests__/HandoffItem.spec.tsx[2m > [22mHandoffItem[2m > [22m蝓ｺ譛ｬ繝ｬ繝ｳ繝繝ｪ繝ｳ繧ｰ[2m > [22m繧ｹ繝・・繧ｿ繧ｹ繝√ャ繝励′陦ｨ遉ｺ縺輔ｌ繧・[32m 37[2mms[22m[39m
 [32m笨・[39m src/features/handoff/components/__tests__/HandoffItem.spec.tsx[2m > [22mHandoffItem[2m > [22m蝓ｺ譛ｬ繝ｬ繝ｳ繝繝ｪ繝ｳ繧ｰ[2m > [22m驥崎ｦ∝ｺｦ繝√ャ繝励′陦ｨ遉ｺ縺輔ｌ繧・[32m 39[2mms[22m[39m
 [32m笨・[39m src/features/handoff/components/__tests__/HandoffItem.spec.tsx[2m > [22mHandoffItem[2m > [22m蝓ｺ譛ｬ繝ｬ繝ｳ繝繝ｪ繝ｳ繧ｰ[2m > [22m譎る俣蟶ｯ繝√ャ繝励′陦ｨ遉ｺ縺輔ｌ繧・[32m 30[2mms[22m[39m
 [32m笨・[39m tests/unit/useSupportPlanningSheet.spec.ts[2m > [22museSupportPlanningSheet[2m > [22m蛻晄悄繝ｭ繝ｼ繝・ぅ繝ｳ繧ｰ[2m > [22m蜿門ｾ礼ｵ先棡縺・records 縺ｫ蜿肴丐縺輔ｌ繧・[32m 82[2mms[22m[39m
 [32m笨・[39m src/features/handoff/components/__tests__/HandoffItem.spec.tsx[2m > [22mHandoffItem[2m > [22m譌｢隱ｭ/譛ｪ遒ｺ隱阪ヰ繝・ず[2m > [22m譛ｪ遒ｺ隱阪・蝣ｴ蜷医梧悴遒ｺ隱阪阪ラ繝・ヨ繧､繝ｳ繧ｸ繧ｱ繝ｼ繧ｿ繝ｼ縺瑚｡ｨ遉ｺ縺輔ｌ繧・[32m 30[2mms[22m[39m
 [32m笨・[39m src/features/handoff/components/__tests__/HandoffItem.spec.tsx[2m > [22mHandoffItem[2m > [22m譌｢隱ｭ/譛ｪ遒ｺ隱阪ヰ繝・ず[2m > [22m譌｢隱ｭ縺ｮ蝣ｴ蜷医梧悴遒ｺ隱阪阪ラ繝・ヨ繧､繝ｳ繧ｸ繧ｱ繝ｼ繧ｿ繝ｼ縺瑚｡ｨ遉ｺ縺輔ｌ縺ｪ縺・[32m 29[2mms[22m[39m
 [32m笨・[39m src/features/handoff/components/__tests__/HandoffItem.spec.tsx[2m > [22mHandoffItem[2m > [22m螻暮幕/謚倥ｊ縺溘◆縺ｿ[2m > [22m100譁・ｭ嶺ｻ･荳九・繝｡繝・そ繝ｼ繧ｸ縺ｫ縺ｯ螻暮幕繝懊ち繝ｳ縺瑚｡ｨ遉ｺ縺輔ｌ縺ｪ縺・[32m 56[2mms[22m[39m
 [32m笨・[39m tests/unit/useSupportPlanningSheet.spec.ts[2m > [22museSupportPlanningSheet[2m > [22m蛻晄悄繝ｭ繝ｼ繝・ぅ繝ｳ繧ｰ[2m > [22m蛻晄悄繝ｭ繝ｼ繝我ｸｭ縺ｯ isLoading 縺・true[32m 119[2mms[22m[39m
 [32m笨・[39m tests/unit/useSupportPlanningSheet.spec.ts[2m > [22museSupportPlanningSheet[2m > [22m蛻晄悄繝ｭ繝ｼ繝・ぅ繝ｳ繧ｰ[2m > [22m繝ｭ繝ｼ繝牙､ｱ謨玲凾縺ｯ error 縺後そ繝・ヨ縺輔ｌ繧・[32m 65[2mms[22m[39m
 [32m笨・[39m src/features/handoff/components/__tests__/HandoffItem.spec.tsx[2m > [22mHandoffItem[2m > [22m螻暮幕/謚倥ｊ縺溘◆縺ｿ[2m > [22m100譁・ｭ苓ｶ・・繝｡繝・そ繝ｼ繧ｸ縺ｯ譛ｫ蟆ｾ縺後・..縲阪〒蛻・ｊ隧ｰ繧√ｉ繧後ｋ[32m 42[2mms[22m[39m
 [32m笨・[39m src/features/handoff/components/__tests__/HandoffItem.spec.tsx[2m > [22mHandoffItem[2m > [22m螻暮幕/謚倥ｊ縺溘◆縺ｿ[2m > [22m縲檎ｶ壹″繧定ｪｭ繧縲阪ｒ繧ｯ繝ｪ繝・け縺吶ｋ縺ｨ蜈ｨ譁・′陦ｨ遉ｺ縺輔ｌ繧・[32m 76[2mms[22m[39m
 [32m笨・[39m tests/unit/useSupportPlanningSheet.spec.ts[2m > [22museSupportPlanningSheet[2m > [22mlatestRecord[2m > [22m繝ｬ繧ｳ繝ｼ繝峨′遨ｺ縺ｮ蝣ｴ蜷医・ null[32m 81[2mms[22m[39m
 [32m笨・[39m src/features/daily/__tests__/BulkDailyRecordForm.test.tsx[2m > [22mBulkDailyRecordForm[2m > [22mprevents saving without selected users[33m 479[2mms[22m[39m
 [32m笨・[39m src/features/handoff/components/__tests__/HandoffItem.spec.tsx[2m > [22mHandoffItem[2m > [22m螻暮幕/謚倥ｊ縺溘◆縺ｿ[2m > [22m縲梧釜繧翫◆縺溘・縲阪ｒ繧ｯ繝ｪ繝・け縺吶ｋ縺ｨ蜀榊ｺｦ蛻・ｊ隧ｰ繧√ｉ繧後ｋ[32m 62[2mms[22m[39m
 [32m笨・[39m src/features/handoff/components/__tests__/HandoffItem.spec.tsx[2m > [22mHandoffItem[2m > [22m螻暮幕譎ゅ・隧ｳ邏ｰ繧ｿ繝・[2m > [22m螻暮幕縺吶ｋ縺ｨ繧ｳ繝｡繝ｳ繝医ち繝悶′繝・ヵ繧ｩ繝ｫ繝医〒陦ｨ遉ｺ縺輔ｌ繧・[32m 46[2mms[22m[39m
 [32m笨・[39m tests/unit/useSupportPlanningSheet.spec.ts[2m > [22museSupportPlanningSheet[2m > [22mlatestRecord[2m > [22m繝ｬ繧ｳ繝ｼ繝峨′縺ゅｋ蝣ｴ蜷医・蜈磯ｭ隕∫ｴ繧定ｿ斐☆[32m 82[2mms[22m[39m
 [32m笨・[39m tests/unit/useSupportPlanningSheet.spec.ts[2m > [22museSupportPlanningSheet[2m > [22msaveDraft[2m > [22m謌仙粥譎・ records 蜈磯ｭ縺ｫ霑ｽ蜉 + hasSaved = true[32m 77[2mms[22m[39m
 [32m笨・[39m src/features/handoff/components/__tests__/HandoffItem.spec.tsx[2m > [22mHandoffItem[2m > [22m螻暮幕譎ゅ・隧ｳ邏ｰ繧ｿ繝・[2m > [22m譖ｴ譁ｰ螻･豁ｴ繧ｿ繝悶ｒ繧ｯ繝ｪ繝・け縺吶ｋ縺ｨ逶｣譟ｻ繝ｭ繧ｰ縺瑚｡ｨ遉ｺ縺輔ｌ繧・[32m 82[2mms[22m[39m
 [32m笨・[39m src/features/handoff/components/__tests__/HandoffItem.spec.tsx[2m > [22mHandoffItem[2m > [22m繧ｹ繝・・繧ｿ繧ｹ繝医げ繝ｫ[2m > [22m繧ｹ繝・・繧ｿ繧ｹ繝√ャ繝励け繝ｪ繝・け縺ｧ onStatusChange 縺悟他縺ｰ繧後ｋ[32m 55[2mms[22m[39m
 [32m笨・[39m tests/unit/useSupportPlanningSheet.spec.ts[2m > [22museSupportPlanningSheet[2m > [22msaveDraft[2m > [22m菫晏ｭ倅ｸｭ縺ｯ isSaving 縺・true[32m 78[2mms[22m[39m
 [32m笨・[39m src/features/handoff/components/__tests__/HandoffItem.spec.tsx[2m > [22mHandoffItem[2m > [22m繧ｹ繝・・繧ｿ繧ｹ繝医げ繝ｫ[2m > [22m蟇ｾ蠢應ｸｭ 竊・蟇ｾ蠢懈ｸ・縺ｸ驕ｷ遘ｻ縺吶ｋ[32m 57[2mms[22m[39m
 [32m笨・[39m src/features/handoff/components/__tests__/HandoffItem.spec.tsx[2m > [22mHandoffItem[2m > [22m蛻ｩ逕ｨ閠・ｨ倬鹸繝翫ン繧ｲ繝ｼ繧ｷ繝ｧ繝ｳ[2m > [22muserCode 縺瑚ｨｭ螳壹＆繧後※縺・ｋ蝣ｴ蜷医後％縺ｮ蛻ｩ逕ｨ閠・・險倬鹸繧帝幕縺上阪・繧ｿ繝ｳ縺瑚｡ｨ遉ｺ縺輔ｌ繧・[32m 24[2mms[22m[39m
 [32m笨・[39m src/features/handoff/components/__tests__/HandoffItem.spec.tsx[2m > [22mHandoffItem[2m > [22m蛻ｩ逕ｨ閠・ｨ倬鹸繝翫ン繧ｲ繝ｼ繧ｷ繝ｧ繝ｳ[2m > [22muserCode 縺・ALL 縺ｮ蝣ｴ蜷医・繧ｿ繝ｳ縺瑚｡ｨ遉ｺ縺輔ｌ縺ｪ縺・[32m 22[2mms[22m[39m
 [32m笨・[39m src/features/handoff/components/__tests__/HandoffItem.spec.tsx[2m > [22mHandoffItem[2m > [22m蛻ｩ逕ｨ閠・ｨ倬鹸繝翫ン繧ｲ繝ｼ繧ｷ繝ｧ繝ｳ[2m > [22muserCode 縺檎ｩｺ縺ｮ蝣ｴ蜷医・繧ｿ繝ｳ縺瑚｡ｨ遉ｺ縺輔ｌ縺ｪ縺・[32m 24[2mms[22m[39m
 [32m笨・[39m tests/unit/useSupportPlanningSheet.spec.ts[2m > [22museSupportPlanningSheet[2m > [22msaveDraft[2m > [22m螟ｱ謨玲凾: error 縺後そ繝・ヨ縺輔ｌ null 繧定ｿ斐☆[32m 79[2mms[22m[39m
 [32m笨・[39m tests/unit/useSupportPlanningSheet.spec.ts[2m > [22museSupportPlanningSheet[2m > [22msaveDraft[2m > [22m騾｣邯壻ｿ晏ｭ・ 譁ｰ縺励＞繝ｬ繧ｳ繝ｼ繝峨′蜈磯ｭ縺ｫ蜉繧上ｋ[32m 82[2mms[22m[39m
 [32m笨・[39m src/features/daily/__tests__/BulkDailyRecordForm.test.tsx[2m > [22mBulkDailyRecordForm[2m > [22mprevents saving without reporter name[33m 387[2mms[22m[39m
 [32m笨・[39m src/features/handoff/components/__tests__/HandoffItem.spec.tsx[2m > [22mHandoffItem[2m > [22m蛻ｩ逕ｨ閠・ｨ倬鹸繝翫ン繧ｲ繝ｼ繧ｷ繝ｧ繝ｳ[2m > [22m繝懊ち繝ｳ繧ｯ繝ｪ繝・け縺ｧ navigate 縺・/daily/activity 縺ｫ蜻ｼ縺ｰ繧後ｋ[32m 35[2mms[22m[39m
 [32m笨・[39m src/features/handoff/components/__tests__/HandoffItem.spec.tsx[2m > [22mHandoffItem[2m > [22m莨夊ｭｰ繝｢繝ｼ繝牙挨繝ｯ繝ｼ繧ｯ繝輔Ο繝ｼ繧｢繧ｯ繧ｷ繝ｧ繝ｳ[2m > [22mnormal 繝｢繝ｼ繝峨〒縺ｯ繝ｯ繝ｼ繧ｯ繝輔Ο繝ｼ繝懊ち繝ｳ縺瑚｡ｨ遉ｺ縺輔ｌ縺ｪ縺・[32m 26[2mms[22m[39m
 [32m笨・[39m src/features/handoff/components/__tests__/HandoffItem.spec.tsx[2m > [22mHandoffItem[2m > [22m莨夊ｭｰ繝｢繝ｼ繝牙挨繝ｯ繝ｼ繧ｯ繝輔Ο繝ｼ繧｢繧ｯ繧ｷ繝ｧ繝ｳ[2m > [22mevening 繝｢繝ｼ繝峨〒譛ｪ蟇ｾ蠢懊・縺ｨ縺阪檎｢ｺ隱肴ｸ医阪悟ｮ御ｺ・阪・繧ｿ繝ｳ縺瑚｡ｨ遉ｺ縺輔ｌ繧・[32m 45[2mms[22m[39m
 [32m笨・[39m tests/unit/useSupportPlanningSheet.spec.ts[2m > [22museSupportPlanningSheet[2m > [22msaveDraft[2m > [22m菫晏ｭ俶・蜉溷ｾ後↓蜀榊ｺｦ菫晏ｭ倥☆繧九→縺・hasSaved 縺ｯ繝ｪ繧ｻ繝・ヨ縺輔ｌ繧・[32m 87[2mms[22m[39m
 [32m笨・[39m tests/unit/useSupportPlanningSheet.spec.ts[2m > [22museSupportPlanningSheet[2m > [22muserId 螟画峩譎・[2m > [22m蛻･縺ｮ userId 縺ｫ蛻・ｊ譖ｿ縺医ｋ縺ｨ list 縺悟・蜻ｼ蜃ｺ縺励＆繧後ｋ[32m 158[2mms[22m[39m
 [32m笨・[39m src/features/handoff/components/__tests__/HandoffItem.spec.tsx[2m > [22mHandoffItem[2m > [22m莨夊ｭｰ繝｢繝ｼ繝牙挨繝ｯ繝ｼ繧ｯ繝輔Ο繝ｼ繧｢繧ｯ繧ｷ繝ｧ繝ｳ[2m > [22mevening 繝｢繝ｼ繝峨〒遒ｺ隱肴ｸ医・縺ｨ縺阪梧・譌･縺ｸ縲阪悟ｮ御ｺ・阪・繧ｿ繝ｳ縺瑚｡ｨ遉ｺ縺輔ｌ繧・[32m 43[2mms[22m[39m
 [32m笨・[39m src/features/handoff/components/__tests__/HandoffItem.spec.tsx[2m > [22mHandoffItem[2m > [22m莨夊ｭｰ繝｢繝ｼ繝牙挨繝ｯ繝ｼ繧ｯ繝輔Ο繝ｼ繧｢繧ｯ繧ｷ繝ｧ繝ｳ[2m > [22mmorning 繝｢繝ｼ繝峨〒譏取律縺ｸ謖∬ｶ翫・縺ｨ縺阪悟ｮ御ｺ・阪・繧ｿ繝ｳ縺瑚｡ｨ遉ｺ縺輔ｌ繧・[32m 32[2mms[22m[39m
 [32m笨・[39m src/features/handoff/components/__tests__/HandoffItem.spec.tsx[2m > [22mHandoffItem[2m > [22m莨夊ｭｰ繝｢繝ｼ繝牙挨繝ｯ繝ｼ繧ｯ繝輔Ο繝ｼ繧｢繧ｯ繧ｷ繝ｧ繝ｳ[2m > [22m邨らｫｯ繧ｹ繝・・繧ｿ繧ｹ(蟇ｾ蠢懈ｸ・縺ｧ縺ｯ繧｢繧ｯ繧ｷ繝ｧ繝ｳ繝懊ち繝ｳ縺瑚｡ｨ遉ｺ縺輔ｌ縺ｪ縺・[32m 32[2mms[22m[39m
 [32m笨・[39m src/features/daily/__tests__/BulkDailyRecordForm.test.tsx[2m > [22mBulkDailyRecordForm[2m > [22mhandles select all functionality[33m 337[2mms[22m[39m
 [32m笨・[39m src/features/handoff/components/__tests__/HandoffItem.spec.tsx[2m > [22mHandoffItem[2m > [22m莨夊ｭｰ繝｢繝ｼ繝牙挨繝ｯ繝ｼ繧ｯ繝輔Ο繝ｼ繧｢繧ｯ繧ｷ繝ｧ繝ｳ[2m > [22m縲檎｢ｺ隱肴ｸ医阪・繧ｿ繝ｳ繧ｯ繝ｪ繝・け縺ｧ markReviewed 縺悟他縺ｰ繧後ｋ[33m 309[2mms[22m[39m
 [32m笨・[39m src/features/handoff/components/__tests__/HandoffItem.spec.tsx[2m > [22mHandoffItem[2m > [22m莨夊ｭｰ繝｢繝ｼ繝牙挨繝ｯ繝ｼ繧ｯ繝輔Ο繝ｼ繧｢繧ｯ繧ｷ繝ｧ繝ｳ[2m > [22m縲梧・譌･縺ｸ縲阪・繧ｿ繝ｳ繧ｯ繝ｪ繝・け縺ｧ markCarryOver 縺悟他縺ｰ繧後ｋ[32m 89[2mms[22m[39m
 [32m笨・[39m src/features/daily/__tests__/BulkDailyRecordForm.test.tsx[2m > [22mBulkDailyRecordForm[2m > [22mhandles clear all functionality[33m 550[2mms[22m[39m
 [32m笨・[39m src/features/handoff/components/__tests__/HandoffItem.spec.tsx[2m > [22mHandoffItem[2m > [22m繧ｹ繝・・繧ｿ繧ｹ陦ｨ遉ｺ[2m > [22m繧ｹ繝・・繧ｿ繧ｹ 譛ｪ蟇ｾ蠢・縺ｮ繝ｩ繝吶Ν縺瑚｡ｨ遉ｺ縺輔ｌ繧・[32m 43[2mms[22m[39m
 [32m笨・[39m src/features/handoff/components/__tests__/HandoffItem.spec.tsx[2m > [22mHandoffItem[2m > [22m繧ｹ繝・・繧ｿ繧ｹ陦ｨ遉ｺ[2m > [22m繧ｹ繝・・繧ｿ繧ｹ 蟇ｾ蠢應ｸｭ 縺ｮ繝ｩ繝吶Ν縺瑚｡ｨ遉ｺ縺輔ｌ繧・[32m 28[2mms[22m[39m
 [32m笨・[39m src/features/handoff/components/__tests__/HandoffItem.spec.tsx[2m > [22mHandoffItem[2m > [22m繧ｹ繝・・繧ｿ繧ｹ陦ｨ遉ｺ[2m > [22m繧ｹ繝・・繧ｿ繧ｹ 蟇ｾ蠢懈ｸ・縺ｮ繝ｩ繝吶Ν縺瑚｡ｨ遉ｺ縺輔ｌ繧・[32m 26[2mms[22m[39m
 [32m笨・[39m src/features/handoff/components/__tests__/HandoffItem.spec.tsx[2m > [22mHandoffItem[2m > [22m繧ｹ繝・・繧ｿ繧ｹ陦ｨ遉ｺ[2m > [22m蟇ｾ蠢懈ｸ医・繝｡繝・そ繝ｼ繧ｸ縺ｯ text.secondary 繧ｫ繝ｩ繝ｼ縺ｧ陦ｨ遉ｺ縺輔ｌ繧・[32m 27[2mms[22m[39m
 [32m笨・[39m src/features/handoff/components/__tests__/HandoffItem.spec.tsx[2m > [22mHandoffItem[2m > [22mtestid[2m > [22magenda-timeline-item 縺ｮ data-testid 縺瑚ｨｭ螳壹＆繧後※縺・ｋ[32m 28[2mms[22m[39m
[90mstdout[2m | src/features/daily/__tests__/DailyRecordList.test.tsx
[22m[39m[MSAL ENV] Validated successfully

 [32m笨・[39m src/features/today/widgets/BriefingActionList.spec.tsx[2m > [22mBriefingActionList[2m > [22mshows empty state when alerts is empty[32m 87[2mms[22m[39m
 [32m笨・[39m src/features/staff/__tests__/StaffFormSections.spec.tsx[2m > [22mStaffFormHeader[2m > [22mrenders "譁ｰ隕剰・蜩｡逋ｻ骭ｲ" in create mode[32m 90[2mms[22m[39m
 [32m笨・[39m src/features/today/widgets/BriefingActionList.spec.tsx[2m > [22mBriefingActionList[2m > [22mrenders accordion when alerts exist[32m 189[2mms[22m[39m
 [32m笨・[39m src/features/today/widgets/BriefingActionList.spec.tsx[2m > [22mBriefingActionList 窶・2-section 陦ｨ遉ｺ[2m > [22mtoday 繧｢繝ｩ繝ｼ繝医′縲御ｻ頑律縺ｮ蜈ｱ譛我ｺ矩・阪そ繧ｯ繧ｷ繝ｧ繝ｳ縺ｫ陦ｨ遉ｺ縺輔ｌ繧・[32m 69[2mms[22m[39m
 [32m笨・[39m src/features/staff/__tests__/StaffFormSections.spec.tsx[2m > [22mStaffFormHeader[2m > [22mrenders "閨ｷ蜩｡諠・ｱ邱ｨ髮・ in update mode[32m 11[2mms[22m[39m
 [32m笨・[39m src/features/today/widgets/BriefingActionList.spec.tsx[2m > [22mBriefingActionList 窶・2-section 陦ｨ遉ｺ[2m > [22mongoing 繧｢繝ｩ繝ｼ繝医′縲梧怙霑代・蠑輔″邯吶℃隕∫せ縲阪そ繧ｯ繧ｷ繝ｧ繝ｳ縺ｫ陦ｨ遉ｺ縺輔ｌ繧・[32m 45[2mms[22m[39m
 [32m笨・[39m src/features/today/widgets/BriefingActionList.spec.tsx[2m > [22mBriefingActionList 窶・2-section 陦ｨ遉ｺ[2m > [22mtoday 縺ｨ ongoing 縺ｮ荳｡譁ｹ縺後≠繧句ｴ蜷医∽ｸ｡繧ｻ繧ｯ繧ｷ繝ｧ繝ｳ縺瑚｡ｨ遉ｺ縺輔ｌ繧・[32m 53[2mms[22m[39m
 [32m笨・[39m src/features/today/widgets/BriefingActionList.spec.tsx[2m > [22mBriefingActionList 窶・2-section 陦ｨ遉ｺ[2m > [22m蜈ｨ莉ｶ today 縺ｮ蝣ｴ蜷医｛ngoing 繧ｻ繧ｯ繧ｷ繝ｧ繝ｳ縺ｫ遨ｺ繝｡繝・そ繝ｼ繧ｸ縺悟・繧・[32m 33[2mms[22m[39m
 [32m笨・[39m src/features/staff/__tests__/StaffFormSections.spec.tsx[2m > [22mStaffFormHeader[2m > [22mrenders close button when onClose is provided[32m 154[2mms[22m[39m
 [32m笨・[39m src/features/staff/__tests__/StaffFormSections.spec.tsx[2m > [22mStaffFormHeader[2m > [22mdoes NOT render close button when onClose is omitted[32m 12[2mms[22m[39m
 [32m笨・[39m src/features/today/widgets/BriefingActionList.spec.tsx[2m > [22mBriefingActionList 窶・2-section 陦ｨ遉ｺ[2m > [22m蜈ｨ莉ｶ ongoing 縺ｮ蝣ｴ蜷医》oday 繧ｻ繧ｯ繧ｷ繝ｧ繝ｳ縺ｫ遨ｺ繝｡繝・そ繝ｼ繧ｸ縺悟・繧・[32m 25[2mms[22m[39m
 [32m笨・[39m src/features/today/widgets/BriefingActionList.spec.tsx[2m > [22mBriefingActionList 窶・繧ｿ繧ｰ chip[2m > [22m驥崎ｦ√ち繧ｰ縺瑚｡ｨ遉ｺ縺輔ｌ繧・[32m 45[2mms[22m[39m
 [32m笨・[39m src/features/today/widgets/BriefingActionList.spec.tsx[2m > [22mBriefingActionList 窶・繧ｿ繧ｰ chip[2m > [22m邯咏ｶ壹ち繧ｰ縺瑚｡ｨ遉ｺ縺輔ｌ繧・[32m 38[2mms[22m[39m
 [32m笨・[39m src/features/staff/__tests__/StaffFormSections.spec.tsx[2m > [22mStaffFormBasicInfoSection[2m > [22mrenders the 繧ｹ繧ｿ繝・ヵID label[32m 111[2mms[22m[39m
 [32m笨・[39m src/features/staff/__tests__/StaffFormSections.spec.tsx[2m > [22mStaffFormBasicInfoSection[2m > [22mrenders the 豌丞錐 label[32m 26[2mms[22m[39m
 [32m笨・[39m src/features/staff/__tests__/StaffFormSections.spec.tsx[2m > [22mStaffFormBasicInfoSection[2m > [22mdisplays provided FullName value in the input[32m 29[2mms[22m[39m
 [32m笨・[39m src/features/staff/__tests__/StaffFormSections.spec.tsx[2m > [22mStaffFormBasicInfoSection[2m > [22mshows fullName error helper text when error is set[32m 76[2mms[22m[39m
 [32m笨・[39m src/features/staff/__tests__/StaffFormSections.spec.tsx[2m > [22mStaffFormBasicInfoSection[2m > [22mrenders 蝓ｺ譛ｬ諠・ｱ section heading[32m 27[2mms[22m[39m
 [32m笨・[39m src/features/staff/__tests__/StaffFormSections.spec.tsx[2m > [22mStaffFormContactSection[2m > [22mrenders 騾｣邨｡蜈域ュ蝣ｱ heading[32m 28[2mms[22m[39m
 [32m笨・[39m src/features/staff/__tests__/StaffFormSections.spec.tsx[2m > [22mStaffFormContactSection[2m > [22mrenders the 繝｡繝ｼ繝ｫ input[32m 26[2mms[22m[39m
 [32m笨・[39m src/features/today/widgets/BriefingActionList.spec.tsx[2m > [22mBriefingActionList 窶・繧ｿ繧ｰ chip[2m > [22m譁ｰ隕上ち繧ｰ縺瑚｡ｨ遉ｺ縺輔ｌ繧・[32m 41[2mms[22m[39m
 [32m笨・[39m src/features/today/widgets/BriefingActionList.spec.tsx[2m > [22mBriefingActionList 窶・繧ｿ繧ｰ chip[2m > [22m繧ｿ繧ｰ縺ｪ縺励・繧｢繝ｩ繝ｼ繝医〒繧り｡ｨ遉ｺ縺悟｣翫ｌ縺ｪ縺・[32m 73[2mms[22m[39m
 [32m笨・[39m src/features/today/widgets/BriefingActionList.spec.tsx[2m > [22mBriefingActionList 窶・繧｢繧ｯ繧ｷ繝ｧ繝ｳ繝懊ち繝ｳ蜍穂ｽ・[2m > [22m到 騾｣邨｡遒ｺ隱阪ｒ謚ｼ縺吶→蜃ｺ谺繝壹・繧ｸ縺ｫ驕ｷ遘ｻ縺吶ｋ・域ｬ蟶ｭ逋ｻ骭ｲ繝輔Ο繝ｼ・・[32m 171[2mms[22m[39m
 [32m笨・[39m src/features/today/widgets/BriefingActionList.spec.tsx[2m > [22mBriefingActionList 窶・繧｢繧ｯ繧ｷ繝ｧ繝ｳ繝懊ち繝ｳ蜍穂ｽ・[2m > [22m統 逕ｳ縺鈴√ｊ菴懈・繧呈款縺吶→ handoff-open-quicknote-dialog 繧､繝吶Φ繝医′逋ｺ轣ｫ縺吶ｋ[32m 39[2mms[22m[39m
 [32m笨・[39m src/features/today/widgets/BriefingActionList.spec.tsx[2m > [22mBriefingActionList 窶・繧｢繧ｯ繧ｷ繝ｧ繝ｳ繝懊ち繝ｳ蜍穂ｽ・[2m > [22m統 逕ｳ縺鈴√ｊ菴懈・繝懊ち繝ｳ縺ｯ蟶ｸ縺ｫ譛牙柑・磯・遘ｻ蠕後ｂ繧ｯ繝ｪ繝・け蜿ｯ・・[32m 35[2mms[22m[39m
 [32m笨・[39m src/features/staff/__tests__/StaffFormSections.spec.tsx[2m > [22mStaffFormContactSection[2m > [22mrenders the 髮ｻ隧ｱ逡ｪ蜿ｷ input[32m 26[2mms[22m[39m
 [32m笨・[39m src/features/staff/__tests__/StaffFormSections.spec.tsx[2m > [22mStaffFormContactSection[2m > [22mrenders the 蠖ｹ閨ｷ input[32m 24[2mms[22m[39m
 [32m笨・[39m src/features/staff/__tests__/StaffFormSections.spec.tsx[2m > [22mStaffFormContactSection[2m > [22mdisplays email error helper text[32m 23[2mms[22m[39m
 [32m笨・[39m src/features/staff/__tests__/StaffFormSections.spec.tsx[2m > [22mStaffFormContactSection[2m > [22mdisplays phone error helper text[32m 24[2mms[22m[39m
 [32m笨・[39m src/features/staff/__tests__/StaffFormSections.spec.tsx[2m > [22mStaffFormShiftSection[2m > [22mrenders 蝓ｺ譛ｬ蜍､蜍吶ヱ繧ｿ繝ｼ繝ｳ heading[32m 89[2mms[22m[39m
 [32m笨・[39m src/features/staff/__tests__/StaffFormSections.spec.tsx[2m > [22mStaffFormShiftSection[2m > [22mrenders 蝓ｺ譛ｬ蜍､蜍呎屆譌･ sub-label[32m 44[2mms[22m[39m
 [32m笨・[39m src/features/staff/__tests__/StaffFormSections.spec.tsx[2m > [22mStaffFormShiftSection[2m > [22mrenders all 5 weekday labels (譛育↓豌ｴ譛ｨ驥・[32m 42[2mms[22m[39m
 [32m笨・[39m src/features/today/widgets/BriefingActionList.spec.tsx[2m > [22mBriefingActionList 窶・谺蟶ｭ2繧ｹ繝・ャ繝励Ρ繝ｼ繧ｯ繝輔Ο繝ｼ[2m > [22m谺蟶ｭ陦後↓縺ｯ縲梧悃騾｣邨｡縲阪悟､墓婿遒ｺ隱阪阪・繧ｹ繝・ャ繝苓｡ｨ遉ｺ縺後≠繧・[32m 34[2mms[22m[39m
 [32m笨・[39m src/features/today/widgets/BriefingActionList.spec.tsx[2m > [22mBriefingActionList 窶・谺蟶ｭ2繧ｹ繝・ャ繝励Ρ繝ｼ繧ｯ繝輔Ο繝ｼ[2m > [22m譛晞｣邨｡貂医∩繝ｦ繝ｼ繧ｶ繝ｼ縺ｯ到繝懊ち繝ｳ縺檎┌蜉ｹ縺ｫ縺ｪ繧・[32m 35[2mms[22m[39m
 [32m笨・[39m src/features/today/widgets/BriefingActionList.spec.tsx[2m > [22mBriefingActionList 窶・谺蟶ｭ2繧ｹ繝・ャ繝励Ρ繝ｼ繧ｯ繝輔Ο繝ｼ[2m > [22m譛・蝗槫刈邂励・豕ｨ諢上Γ繝・そ繝ｼ繧ｸ縺瑚｡ｨ遉ｺ縺輔ｌ繧・[32m 22[2mms[22m[39m
 [32m笨・[39m src/features/staff/__tests__/StaffFormSections.spec.tsx[2m > [22mStaffFormShiftSection[2m > [22mrenders base shift times as input values[32m 34[2mms[22m[39m
 [32m笨・[39m src/features/staff/__tests__/StaffFormSections.spec.tsx[2m > [22mStaffFormShiftSection[2m > [22mshows baseShift error helper text[32m 26[2mms[22m[39m
 [32m笨・[39m src/features/staff/__tests__/StaffFormSections.spec.tsx[2m > [22mStaffFormShiftSection[2m > [22mrenders caption text about overallocation detection[32m 49[2mms[22m[39m
 [32m笨・[39m src/features/today/widgets/BriefingActionList.spec.tsx[2m > [22mBriefingActionList 窶・谺蟶ｭ2繧ｹ繝・ャ繝励Ρ繝ｼ繧ｯ繝輔Ο繝ｼ[2m > [22m傑 螟墓婿遒ｺ隱阪ｒ謚ｼ縺吶→蜃ｺ谺繝壹・繧ｸ縺ｫ驕ｷ遘ｻ縺吶ｋ・・vening section・・[32m 79[2mms[22m[39m
 [32m笨・[39m src/features/today/widgets/BriefingActionList.spec.tsx[2m > [22mBriefingActionList 窶・谺蟶ｭ2繧ｹ繝・ャ繝励Ρ繝ｼ繧ｯ繝輔Ο繝ｼ[2m > [22m荳｡譁ｹ螳御ｺ・ｸ医∩繝ｦ繝ｼ繧ｶ繝ｼ縺ｯ陦後′繧ｹ繝医Λ繧､繧ｯ繧ｹ繝ｫ繝ｼ縺ｫ縺ｪ繧・[32m 187[2mms[22m[39m
 [32m笨・[39m src/features/staff/__tests__/StaffFormSections.spec.tsx[2m > [22mStaffFormWorkDaysSection[2m > [22mrenders 蜃ｺ蜍､譖懈律 heading[32m 28[2mms[22m[39m
 [32m笨・[39m src/features/staff/__tests__/StaffFormSections.spec.tsx[2m > [22mStaffFormWorkDaysSection[2m > [22mrenders all 7 day checkboxes[32m 129[2mms[22m[39m
 [32m笨・[39m src/features/staff/__tests__/StaffFormSections.spec.tsx[2m > [22mStaffFormWorkDaysSection[2m > [22mchecks the checkbox for days in WorkDays[32m 63[2mms[22m[39m
 [32m笨・[39m src/features/daily/__tests__/DailyRecordList.test.tsx[2m > [22mDailyRecordList[2m > [22mEmpty States[2m > [22mshows loading state when loading is true[32m 60[2mms[22m[39m
 [32m笨・[39m src/features/daily/__tests__/DailyRecordList.test.tsx[2m > [22mDailyRecordList[2m > [22mEmpty States[2m > [22mshows empty state when no records[32m 8[2mms[22m[39m
 [32m笨・[39m src/features/staff/__tests__/StaffFormSections.spec.tsx[2m > [22mStaffFormWorkDaysSection[2m > [22mleaves unchecked checkboxes for days NOT in WorkDays[32m 65[2mms[22m[39m
 [32m笨・[39m src/features/staff/__tests__/StaffFormSections.spec.tsx[2m > [22mStaffFormCertSection[2m > [22mrenders 雉・ｼ heading[32m 48[2mms[22m[39m
 [32m笨・[39m src/features/staff/__tests__/StaffFormSections.spec.tsx[2m > [22mStaffFormCertSection[2m > [22mrenders all CERTIFICATION_OPTIONS as chips[32m 24[2mms[22m[39m
 [32m笨・[39m src/features/staff/__tests__/StaffFormSections.spec.tsx[2m > [22mStaffFormCertSection[2m > [22mrenders the 繧ｫ繧ｹ繧ｿ繝雉・ｼ繧定ｿｽ蜉 input[32m 24[2mms[22m[39m
 [32m笨・[39m src/features/daily/__tests__/DailyRecordList.test.tsx[2m > [22mDailyRecordList[2m > [22mRecord Display[2m > [22mrenders basic record information[32m 126[2mms[22m[39m
 [32m笨・[39m src/features/daily/__tests__/DailyRecordList.test.tsx[2m > [22mDailyRecordList[2m > [22mRecord Display[2m > [22mrenders status chip correctly[32m 30[2mms[22m[39m
 [32m笨・[39m src/features/daily/__tests__/DailyRecordList.test.tsx[2m > [22mDailyRecordList[2m > [22mRecord Display[2m > [22mformats meal amount correctly[32m 30[2mms[22m[39m
 [32m笨・[39m src/features/daily/__tests__/DailyRecordList.test.tsx[2m > [22mDailyRecordList[2m > [22mHighlighting[2m > [22mhighlights record when userId and date match[32m 29[2mms[22m[39m
 [32m笨・[39m src/features/staff/__tests__/StaffFormSections.spec.tsx[2m > [22mStaffFormCertSection[2m > [22mrenders the 霑ｽ蜉 button[32m 75[2mms[22m[39m
 [32m笨・[39m src/features/staff/__tests__/StaffFormSections.spec.tsx[2m > [22mStaffFormCertSection[2m > [22mdoes NOT render 驕ｸ謚槭＆繧後◆雉・ｼ section when Certifications is empty[32m 18[2mms[22m[39m
 [32m笨・[39m src/features/staff/__tests__/StaffFormSections.spec.tsx[2m > [22mStaffFormCertSection[2m > [22mrenders 驕ｸ謚槭＆繧後◆雉・ｼ section when Certifications is non-empty[32m 69[2mms[22m[39m
 [32m笨・[39m src/features/staff/__tests__/StaffFormSections.spec.tsx[2m > [22mStaffFormCertSection[2m > [22mthe 霑ｽ蜉 button is disabled when customCertification is empty[32m 67[2mms[22m[39m
 [32m笨・[39m src/features/staff/__tests__/StaffFormSections.spec.tsx[2m > [22mStaffFormCertSection[2m > [22mthe 霑ｽ蜉 button is enabled when customCertification has a value[32m 51[2mms[22m[39m
 [32m笨・[39m src/features/daily/__tests__/DailyRecordList.test.tsx[2m > [22mDailyRecordList[2m > [22mProblem Behavior[2m > [22mshows problem behavior when present[32m 37[2mms[22m[39m
 [32m笨・[39m src/features/daily/__tests__/DailyRecordList.test.tsx[2m > [22mDailyRecordList[2m > [22mProblem Behavior[2m > [22mdoes not show problem behavior section when not present[32m 26[2mms[22m[39m
[90mstdout[2m | src/app/AppShell.hub-meta.spec.tsx
[22m[39m[MSAL ENV] Validated successfully

 [32m笨・[39m src/features/daily/__tests__/DailyRecordList.test.tsx[2m > [22mDailyRecordList[2m > [22mMenu Interactions[2m > [22mshows attendance link when onOpenAttendance is provided[32m 261[2mms[22m[39m
 [32m笨・[39m src/features/daily/__tests__/DailyRecordList.test.tsx[2m > [22mDailyRecordList[2m > [22mMenu Interactions[2m > [22mcalls onEdit when edit menu item is clicked[32m 89[2mms[22m[39m
 [32m笨・[39m src/features/settings/components/__tests__/DensityControl.spec.tsx[2m > [22mDensityControl Component[2m > [22mrenders all three density options[32m 194[2mms[22m[39m
 [32m笨・[39m src/features/settings/components/__tests__/DensityControl.spec.tsx[2m > [22mDensityControl Component[2m > [22mrenders descriptions for each option[32m 61[2mms[22m[39m
 [32m笨・[39m src/features/daily/__tests__/DailyRecordList.test.tsx[2m > [22mDailyRecordList[2m > [22mMenu Interactions[2m > [22mcalls onDelete when delete is confirmed via dialog[32m 193[2mms[22m[39m
 [32m笨・[39m src/features/daily/__tests__/DailyRecordList.test.tsx[2m > [22mDailyRecordList[2m > [22mMenu Interactions[2m > [22mdoes not call onDelete when delete is cancelled[32m 172[2mms[22m[39m
 [32m笨・[39m src/features/daily/__tests__/DailyRecordList.test.tsx[2m > [22mDailyRecordList[2m > [22mAccessibility[2m > [22mhas proper aria-label on menu button[32m 20[2mms[22m[39m
 [32m笨・[39m src/features/settings/components/__tests__/DensityControl.spec.tsx[2m > [22mDensityControl Component[2m > [22mdisplays the correct radio button as checked[33m 502[2mms[22m[39m
 [32m笨・[39m src/features/settings/components/__tests__/DensityControl.spec.tsx[2m > [22mDensityControl Component[2m > [22mcalls onChange when a different density option is selected[32m 153[2mms[22m[39m
 [32m笨・[39m src/features/settings/components/__tests__/DensityControl.spec.tsx[2m > [22mDensityControl Component[2m > [22mcalls onChange with spacious when spacious option is selected[32m 83[2mms[22m[39m
[90mstdout[2m | tests/unit/a11y/UsersPanel.a11y.spec.tsx[2m > [22m[2mUsersPanel Accessibility[2m > [22m[2mhas no a11y violations (menu tab)
[22m[39m[DataProvider] Active backend: sharepoint
笨・[SP Telemetry] provider_selected { providerName: [32m'sharepoint'[39m }

 [32m笨・[39m src/features/timeline/__tests__/useUserTimeline.spec.ts[2m > [22mbuildResolveUserIdFromCode[2m > [22mUserMaster 縺九ｉ userCode 竊・userId 縺ｮ resolver 繧呈ｧ狗ｯ峨☆繧・[32m 5[2mms[22m[39m
 [32m笨・[39m src/features/timeline/__tests__/useUserTimeline.spec.ts[2m > [22mbuildResolveUserIdFromCode[2m > [22m遨ｺ縺ｮ users 縺ｧ縺ｯ蟶ｸ縺ｫ null 繧定ｿ斐☆[32m 1[2mms[22m[39m
 [32m笨・[39m src/features/timeline/__tests__/useUserTimeline.spec.ts[2m > [22museUserTimeline[2m > [22m4繧ｽ繝ｼ繧ｹ縺ｮ繝・・繧ｿ繧堤ｵｱ蜷医＠縺ｦ繧ｿ繧､繝繝ｩ繧､繝ｳ繧定ｿ斐☆[32m 112[2mms[22m[39m
 [32m笨・[39m src/features/settings/components/__tests__/DensityControl.spec.tsx[2m > [22mDensityControl Component[2m > [22mhas proper accessibility labels[32m 31[2mms[22m[39m
 [32m笨・[39m src/features/settings/components/__tests__/DensityControl.spec.tsx[2m > [22mDensityControl Component[2m > [22mrenders all radio buttons without errors[32m 70[2mms[22m[39m
 [32m笨・[39m src/features/settings/components/__tests__/DensityControl.spec.tsx[2m > [22mDensityControl Component[2m > [22mmaintains selection state when onChange is called[32m 178[2mms[22m[39m
[90mstdout[2m | tests/unit/a11y/UsersPanel.a11y.spec.tsx[2m > [22m[2mUsersPanel Accessibility[2m > [22m[2mhas no a11y violations (with demo users)
[22m[39m[DataProvider] Active backend: sharepoint

 [32m笨・[39m tests/unit/a11y/UsersPanel.a11y.spec.tsx[2m > [22mUsersPanel Accessibility[2m > [22mhas no a11y violations (menu tab)[33m 554[2mms[22m[39m
 [32m笨・[39m src/features/timeline/__tests__/useUserTimeline.spec.ts[2m > [22museUserTimeline[2m > [22m繧､繝吶Φ繝医・ occurredAt 髯埼・↓繧ｽ繝ｼ繝医＆繧後※縺・ｋ[32m 94[2mms[22m[39m
 [32m笨・[39m src/features/timeline/__tests__/useUserTimeline.spec.ts[2m > [22museUserTimeline[2m > [22mHandoff 縺ｮ userCode 縺瑚ｧ｣豎ｺ縺ｧ縺阪↑縺・ｴ蜷医・髯､螟悶＠ unresolvedHandoff 繧偵き繧ｦ繝ｳ繝医☆繧・[32m 88[2mms[22m[39m
[90mstdout[2m | tests/unit/a11y/UsersPanel.a11y.spec.tsx[2m > [22m[2mUsersPanel Accessibility[2m > [22m[2mhas no a11y violations (loading state)
[22m[39m[DataProvider] Active backend: sharepoint

 [32m笨・[39m tests/unit/a11y/UsersPanel.a11y.spec.tsx[2m > [22mUsersPanel Accessibility[2m > [22mhas no a11y violations (with demo users)[32m 192[2mms[22m[39m
[90mstdout[2m | tests/unit/a11y/UsersPanel.a11y.spec.tsx[2m > [22m[2mUsersPanel Accessibility[2m > [22m[2mhas no a11y violations (error state)
[22m[39m[DataProvider] Active backend: sharepoint

 [32m笨・[39m tests/unit/a11y/UsersPanel.a11y.spec.tsx[2m > [22mUsersPanel Accessibility[2m > [22mhas no a11y violations (loading state)[32m 167[2mms[22m[39m
 [32m笨・[39m src/features/timeline/__tests__/useUserTimeline.spec.ts[2m > [22museUserTimeline[2m > [22m蜿門ｾ嶺ｸｭ縺ｯ isLoading 縺・true 縺ｫ縺ｪ繧・[32m 220[2mms[22m[39m
 [32m笨・[39m tests/unit/a11y/UsersPanel.a11y.spec.tsx[2m > [22mUsersPanel Accessibility[2m > [22mhas no a11y violations (error state)[32m 131[2mms[22m[39m
 [32m笨・[39m src/features/timeline/__tests__/useUserTimeline.spec.ts[2m > [22museUserTimeline[2m > [22mfetcher 縺後お繝ｩ繝ｼ繧呈兜縺偵◆蝣ｴ蜷医・ error 縺ｫ險ｭ螳壹＆繧後ｋ[32m 96[2mms[22m[39m
 [32m笨・[39m src/features/timeline/__tests__/useUserTimeline.spec.ts[2m > [22museUserTimeline[2m > [22mfilter.sources 縺ｧ迚ｹ螳壹た繝ｼ繧ｹ縺ｮ縺ｿ陦ｨ遉ｺ縺吶ｋ[32m 87[2mms[22m[39m
 [32m笨・[39m src/features/timeline/__tests__/useUserTimeline.spec.ts[2m > [22museUserTimeline[2m > [22msourceCounts 縺後た繝ｼ繧ｹ縺斐→縺ｮ莉ｶ謨ｰ繧呈ｭ｣遒ｺ縺ｫ霑斐☆[32m 94[2mms[22m[39m
 [32m笨・[39m src/features/timeline/__tests__/useUserTimeline.spec.ts[2m > [22museUserTimeline[2m > [22mrefresh() 縺ｧ蜀榊叙蠕励＆繧後ｋ[32m 98[2mms[22m[39m
 [32m笨・[39m src/features/timeline/__tests__/useUserTimeline.spec.ts[2m > [22museUserTimeline[2m > [22m蜈ｨ繧ｽ繝ｼ繧ｹ縺檎ｩｺ縺ｧ繧ゅお繝ｩ繝ｼ縺ｫ縺ｪ繧峨↑縺・[32m 94[2mms[22m[39m
 [32m笨・[39m src/features/timeline/__tests__/useUserTimeline.spec.ts[2m > [22museUserTimeline[2m > [22muserId 縺悟､峨ｏ繧九→蜀榊叙蠕励＆繧後ｋ[32m 129[2mms[22m[39m
 [32m笨・[39m src/features/timeline/__tests__/useUserTimeline.spec.ts[2m > [22museUserTimeline[2m > [22mseverity filter 縺ｧ謖・ｮ壻ｻ･荳翫・繧､繝吶Φ繝医・縺ｿ霑斐☆[32m 86[2mms[22m[39m
[90mstdout[2m | tests/unit/app.feature-flags.spec.tsx
[22m[39m[MSAL ENV] Validated successfully

 [32m笨・[39m src/auth/__tests__/useUserAuthz.spec.ts[2m > [22museUserAuthz[2m > [22mE2E / skip-login mode[2m > [22mreturns admin role immediately when E2E mock is enabled[32m 27[2mms[22m[39m
 [32m笨・[39m src/auth/__tests__/useUserAuthz.spec.ts[2m > [22museUserAuthz[2m > [22mE2E / skip-login mode[2m > [22mreturns admin role when shouldSkipLogin is true[32m 19[2mms[22m[39m
 [32m笨・[39m src/auth/__tests__/useUserAuthz.spec.ts[2m > [22museUserAuthz[2m > [22mE2E / skip-login mode[2m > [22mhonors VITE_TEST_ROLE override in E2E mode[32m 16[2mms[22m[39m
 [32m笨・[39m src/auth/__tests__/useUserAuthz.spec.ts[2m > [22museUserAuthz[2m > [22mE2E / skip-login mode[2m > [22mignores invalid VITE_TEST_ROLE values[32m 15[2mms[22m[39m
 [32m笨・[39m src/auth/__tests__/useUserAuthz.spec.ts[2m > [22museUserAuthz[2m > [22mgroup-based role resolution[2m > [22mresolves admin role when user belongs to admin group[32m 76[2mms[22m[39m
 [32m笨・[39m src/auth/__tests__/useUserAuthz.spec.ts[2m > [22museUserAuthz[2m > [22mgroup-based role resolution[2m > [22mresolves reception role when user only belongs to reception group[32m 96[2mms[22m[39m
 [32m笨・[39m src/auth/__tests__/useUserAuthz.spec.ts[2m > [22museUserAuthz[2m > [22mgroup-based role resolution[2m > [22mresolves viewer role when user belongs to no configured groups[32m 120[2mms[22m[39m
 [32m笨・[39m src/auth/__tests__/useUserAuthz.spec.ts[2m > [22museUserAuthz[2m > [22mgroup-based role resolution[2m > [22madmin takes priority over reception in role hierarchy[32m 85[2mms[22m[39m
 [32m笨・[39m src/auth/__tests__/useUserAuthz.spec.ts[2m > [22museUserAuthz[2m > [22mmissing admin group ID[2m > [22mgrants admin in dev/demo mode when admin group ID is missing[32m 19[2mms[22m[39m
 [32m笨・[39m src/auth/__tests__/useUserAuthz.spec.ts[2m > [22museUserAuthz[2m > [22merror handling[2m > [22mfalls back to viewer on fetchMyGroupIds failure[32m 86[2mms[22m[39m
 [32m笨・[39m src/auth/__tests__/useUserAuthz.spec.ts[2m > [22museUserAuthz[2m > [22msessionStorage caching[2m > [22mwrites group IDs to sessionStorage after successful fetch[32m 72[2mms[22m[39m
 [32m笨・[39m src/auth/__tests__/useUserAuthz.spec.ts[2m > [22museUserAuthz[2m > [22msessionStorage caching[2m > [22mreads from sessionStorage cache when entry is fresh[32m 10[2mms[22m[39m
 [32m笨・[39m src/auth/__tests__/useUserAuthz.spec.ts[2m > [22museUserAuthz[2m > [22msessionStorage caching[2m > [22mignores expired cache and fetches fresh data[32m 15[2mms[22m[39m
 [32m笨・[39m src/auth/__tests__/useUserAuthz.spec.ts[2m > [22museUserAuthz[2m > [22menv var fallback chains[2m > [22mprefers VITE_RECEPTION_GROUP_ID over stale VITE_AAD_RECEPTION_GROUP_ID when both exist[32m 71[2mms[22m[39m
[90mstdout[2m | src/features/users/UsersPanel.a11y.test.tsx
[22m[39m[MSAL ENV] Validated successfully

 [32m笨・[39m src/auth/__tests__/useUserAuthz.spec.ts[2m > [22museUserAuthz[2m > [22menv var fallback chains[2m > [22mreads admin group ID from VITE_ADMIN_GROUP_ID when AAD variant is missing[32m 80[2mms[22m[39m
 [32m笨・[39m src/auth/__tests__/useUserAuthz.spec.ts[2m > [22museUserAuthz[2m > [22menv var fallback chains[2m > [22mreads reception group ID from VITE_RECEPTION_GROUP_ID fallback[32m 76[2mms[22m[39m
 [32m笨・[39m tests/unit/ChecklistPage.smoke.spec.tsx[2m > [22mChecklistPage[2m > [22mrenders empty state when API returns no items[33m 439[2mms[22m[39m
 [32m笨・[39m tests/unit/ChecklistPage.smoke.spec.tsx[2m > [22mChecklistPage[2m > [22msubmits new checklist item and logs audit entry[33m 433[2mms[22m[39m
 [32m笨・[39m src/auth/__tests__/useUserAuthz.spec.ts[2m > [22museUserAuthz[2m > [22menv var fallback chains[2m > [22mfalls back to readOptionalEnv when runtime env has no group ID[32m 86[2mms[22m[39m
 [32m笨・[39m src/auth/__tests__/useUserAuthz.spec.ts[2m > [22museUserAuthz[2m > [22mUPN normalization[2m > [22mnormalizes UPN to lowercase for cache key[32m 91[2mms[22m[39m
[90mstdout[2m | src/app/AppShell.hub-meta.spec.tsx[2m > [22m[2mAppShell hub metadata sync[2m > [22m[2msyncs title, breadcrumb metadata, and analytics event from hubDefinitions
[22m[39m[DataProvider] Active backend: sharepoint
笨・[SP Telemetry] provider_selected { providerName: [32m'sharepoint'[39m }

[90mstdout[2m | src/app/AppShell.hub-meta.spec.tsx[2m > [22m[2mAppShell hub metadata sync[2m > [22m[2mfalls back to app title when pathname is outside hub definitions
[22m[39m[DataProvider] Active backend: sharepoint

 [32m笨・[39m src/app/AppShell.hub-meta.spec.tsx[2m > [22mAppShell hub metadata sync[2m > [22msyncs title, breadcrumb metadata, and analytics event from hubDefinitions[33m 805[2mms[22m[39m
 [32m笨・[39m src/app/AppShell.hub-meta.spec.tsx[2m > [22mAppShell hub metadata sync[2m > [22mfalls back to app title when pathname is outside hub definitions[32m 272[2mms[22m[39m
[90mstdout[2m | tests/unit/records.api.spec.ts[2m > [22m[2mrecords add failure (500)[2m > [22m[2mpropagates server error message on 500
[22m[39m[MSAL ENV] Validated successfully

[90mstdout[2m | tests/unit/infra/hud.boot.spec.tsx
[22m[39m[MSAL ENV] Validated successfully

 [32m笨・[39m src/pages/__tests__/DailyRecordMenuPage.test.tsx[2m > [22mDailyRecordMenuPage 窶・CommandBar KPI 蝗槫ｸｰ髦ｲ豁｢[2m > [22mCommandBar 縺後Ξ繝ｳ繝縺輔ｌ繧・[32m 288[2mms[22m[39m
 [32m笨・[39m src/pages/__tests__/DailyRecordMenuPage.test.tsx[2m > [22mDailyRecordMenuPage 窶・CommandBar KPI 蝗槫ｸｰ髦ｲ豁｢[2m > [22mCommandBar 蜀・↓莉ｶ謨ｰ陦ｨ遉ｺ縺悟性縺ｾ繧後ｋ[32m 148[2mms[22m[39m
 [32m笨・[39m src/pages/__tests__/DailyRecordMenuPage.test.tsx[2m > [22mDailyRecordMenuPage 窶・CommandBar KPI 蝗槫ｸｰ髦ｲ豁｢[2m > [22m繝｡繝九Η繝ｼ繧ｫ繝ｼ繝峨・ data-testid 縺悟ｭ伜惠縺吶ｋ[32m 51[2mms[22m[39m
 [32m笨・[39m src/pages/__tests__/DailyRecordMenuPage.test.tsx[2m > [22mDailyRecordMenuPage 窶・CommandBar KPI 蝗槫ｸｰ髦ｲ豁｢[2m > [22m繝倥ャ繝繝ｼ縺ｫ譌･谺｡險倬鹸繧ｿ繧､繝医Ν縺後≠繧・[32m 260[2mms[22m[39m
 [32m笨・[39m src/pages/__tests__/DailyRecordMenuPage.test.tsx[2m > [22mDailyRecordMenuPage 窶・/today 縺九ｉ縺ｮ謌ｻ繧雁ｰ守ｷ・[2m > [22mfrom=today 縺ｮ縺ｨ縺肴綾繧九・繧ｿ繝ｳ縺瑚｡ｨ遉ｺ縺輔ｌ繧・[32m 84[2mms[22m[39m
 [32m笨・[39m src/pages/__tests__/DailyRecordMenuPage.test.tsx[2m > [22mDailyRecordMenuPage 窶・/today 縺九ｉ縺ｮ謌ｻ繧雁ｰ守ｷ・[2m > [22m謌ｻ繧九・繧ｿ繝ｳ繧偵け繝ｪ繝・け縺吶ｋ縺ｨ /today 縺ｫ navigate 縺吶ｋ[32m 86[2mms[22m[39m
 [32m笨・[39m src/pages/__tests__/DailyRecordMenuPage.test.tsx[2m > [22mDailyRecordMenuPage 窶・/today 縺九ｉ縺ｮ謌ｻ繧雁ｰ守ｷ・[2m > [22mfrom 縺檎┌縺・→縺肴綾繧九・繧ｿ繝ｳ縺ｯ陦ｨ遉ｺ縺輔ｌ縺ｪ縺・[32m 68[2mms[22m[39m
 [32m笨・[39m tests/unit/app.feature-flags.spec.tsx[2m > [22mAppShell schedule flag[2m > [22mhides schedule nav when flag is disabled[33m 791[2mms[22m[39m
 [32m笨・[39m tests/unit/app.feature-flags.spec.tsx[2m > [22mAppShell schedule flag[2m > [22mshows schedule nav when flag is enabled[32m 270[2mms[22m[39m
 [32m笨・[39m src/features/settings/components/__tests__/FontSizeControl.spec.tsx[2m > [22mFontSizeControl[2m > [22mRendering[2m > [22mshould render the font size control with all options[32m 166[2mms[22m[39m
 [32m笨・[39m src/features/settings/components/__tests__/FontSizeControl.spec.tsx[2m > [22mFontSizeControl[2m > [22mRendering[2m > [22mshould render radio buttons for each font size option[32m 46[2mms[22m[39m
 [32m笨・[39m src/features/settings/components/__tests__/FontSizeControl.spec.tsx[2m > [22mFontSizeControl[2m > [22mRendering[2m > [22mshould render descriptions for each font size option[32m 45[2mms[22m[39m
 [32m笨・[39m src/features/settings/components/__tests__/FontSizeControl.spec.tsx[2m > [22mFontSizeControl[2m > [22mRendering[2m > [22mshould render preview examples[32m 47[2mms[22m[39m
 [32m笨・[39m src/features/settings/components/__tests__/FontSizeControl.spec.tsx[2m > [22mFontSizeControl[2m > [22mSelection State[2m > [22mshould have radio buttons with correct values[32m 281[2mms[22m[39m
 [32m笨・[39m src/features/settings/components/__tests__/FontSizeControl.spec.tsx[2m > [22mFontSizeControl[2m > [22mInteractions[2m > [22mshould call onChange when selecting a different font size[32m 56[2mms[22m[39m
 [32m笨・[39m src/features/settings/components/__tests__/FontSizeControl.spec.tsx[2m > [22mFontSizeControl[2m > [22mInteractions[2m > [22mshould call onChange with correct value for each option[32m 70[2mms[22m[39m
 [32m笨・[39m src/features/settings/components/__tests__/FontSizeControl.spec.tsx[2m > [22mFontSizeControl[2m > [22mInteractions[2m > [22mshould handle rapid changes between font sizes[32m 34[2mms[22m[39m
 [32m笨・[39m src/features/settings/components/__tests__/FontSizeControl.spec.tsx[2m > [22mFontSizeControl[2m > [22mAccessibility[2m > [22mshould have proper form control labels[32m 39[2mms[22m[39m
 [32m笨・[39m src/features/settings/components/__tests__/FontSizeControl.spec.tsx[2m > [22mFontSizeControl[2m > [22mAccessibility[2m > [22mshould have proper radio button roles[32m 58[2mms[22m[39m
 [32m笨・[39m src/features/settings/components/__tests__/FontSizeControl.spec.tsx[2m > [22mFontSizeControl[2m > [22mAccessibility[2m > [22mshould support keyboard navigation[32m 35[2mms[22m[39m
 [32m笨・[39m src/features/settings/components/__tests__/FontSizeControl.spec.tsx[2m > [22mFontSizeControl[2m > [22mAccessibility[2m > [22mshould maintain label associations[32m 56[2mms[22m[39m
[90mstdout[2m | src/features/monitoring/hooks/__tests__/useIspRecommendationDecisions.spec.ts
[22m[39m[MSAL ENV] Validated successfully

[90mstdout[2m | tests/unit/records.api.spec.ts[2m > [22m[2mrecords add failure (500)[2m > [22m[2mpropagates server error message on 500
[22m[39m[DriftActionDispatcher] Initialized and subscribed to drift events.
[DriftNotificationHandler] Webhook URL not configured. Notifications disabled.

 [32m笨・[39m tests/unit/records.api.spec.ts[2m > [22mrecords add failure (500)[2m > [22mpropagates server error message on 500[33m 2667[2mms[22m[39m
 [32m笨・[39m tests/unit/schedule.tabs.spec.tsx[2m > [22mWeekPage tabs[2m > [22mrenders week page with schedules-week-page test id[33m 938[2mms[22m[39m
 [32m笨・[39m tests/unit/schedule.tabs.spec.tsx[2m > [22mWeekPage tabs[2m > [22mrenders the schedule header[33m 401[2mms[22m[39m
 [32m笨・[39m tests/unit/schedule.tabs.spec.tsx[2m > [22mWeekPage tabs[2m > [22mrenders navigation controls (prev/next)[33m 311[2mms[22m[39m
[90mstdout[2m | src/features/handoff/__tests__/handoffApi.spec.ts
[22m[39m[MSAL ENV] Validated successfully

 [32m笨・[39m tests/unit/nurse.bulk-filter.spec.tsx[2m > [22mBulkObservationList weight-group filtering[2m > [22mrenders all active users when weightGroup is "all"[33m 557[2mms[22m[39m
 [32m笨・[39m tests/unit/nurse.bulk-filter.spec.tsx[2m > [22mBulkObservationList weight-group filtering[2m > [22mrenders only Thursday weight group users when weightGroup is "thu"[32m 88[2mms[22m[39m
 [32m笨・[39m tests/unit/nurse.bulk-filter.spec.tsx[2m > [22mBulkObservationList weight-group filtering[2m > [22mrenders only Friday weight group users when weightGroup is "fri"[32m 76[2mms[22m[39m
[90mstdout[2m | src/features/users/UsersPanel.a11y.test.tsx[2m > [22m[2mUsersPanel accessibility smoke[2m > [22m[2mexposes localized form controls
[22m[39m[DataProvider] Active backend: sharepoint
笨・[SP Telemetry] provider_selected { providerName: [32m'sharepoint'[39m }

 [32m笨・[39m tests/unit/nurse.bulk-filter.spec.tsx[2m > [22mBulkObservationList weight-group filtering[2m > [22mexcludes inactive users from all weight group filters[32m 110[2mms[22m[39m
 [32m笨・[39m tests/unit/nurse.bulk-filter.spec.tsx[2m > [22mBulkObservationList weight-group filtering[2m > [22mrenders with default weightGroup prop when not specified[32m 84[2mms[22m[39m
 [32m笨・[39m tests/unit/nurse.bulk-filter.spec.tsx[2m > [22mBulkObservationList weight-group filtering[2m > [22mverifies weight group filtering logic with specific user data[32m 71[2mms[22m[39m
[90mstdout[2m | src/features/users/UsersPanel.a11y.test.tsx[2m > [22m[2mUsersPanel accessibility smoke[2m > [22m[2mhas no axe violations
[22m[39m[DataProvider] Active backend: sharepoint

 [32m笨・[39m src/features/users/UsersPanel.a11y.test.tsx[2m > [22mUsersPanel accessibility smoke[2m > [22mexposes localized form controls[33m 780[2mms[22m[39m
 [32m笨・[39m src/features/users/UsersPanel.a11y.test.tsx[2m > [22mUsersPanel accessibility smoke[2m > [22mhas no axe violations[33m 394[2mms[22m[39m
[90mstdout[2m | src/features/monitoring/hooks/__tests__/useIspRecommendationDecisions.spec.ts[2m > [22m[2museIspRecommendationDecisions[2m > [22m[2m蛻晄悄繝ｭ繝ｼ繝・[2m > [22m[2muserId 縺ｨ period 縺後≠繧後・ repository.list 縺悟他縺ｰ繧後ｋ
[22m[39m[DataProvider] Active backend: sharepoint
笨・[SP Telemetry] provider_selected { providerName: [32m'sharepoint'[39m }

[90mstdout[2m | src/features/monitoring/hooks/__tests__/useIspRecommendationDecisions.spec.ts[2m > [22m[2museIspRecommendationDecisions[2m > [22m[2m蛻晄悄繝ｭ繝ｼ繝・[2m > [22m[2muserId 縺檎ｩｺ譁・ｭ励↑繧・list 繧貞他縺ｰ縺ｪ縺・[22m[39m[DataProvider] Active backend: sharepoint

 [32m笨・[39m src/features/monitoring/hooks/__tests__/useIspRecommendationDecisions.spec.ts[2m > [22museIspRecommendationDecisions[2m > [22m蛻晄悄繝ｭ繝ｼ繝・[2m > [22muserId 縺ｨ period 縺後≠繧後・ repository.list 縺悟他縺ｰ繧後ｋ[32m 35[2mms[22m[39m
[90mstdout[2m | src/features/monitoring/hooks/__tests__/useIspRecommendationDecisions.spec.ts[2m > [22m[2museIspRecommendationDecisions[2m > [22m[2m蛻晄悄繝ｭ繝ｼ繝・[2m > [22m[2mmonitoringPeriod 縺・undefined 縺ｪ繧・list 繧貞他縺ｰ縺ｪ縺・[22m[39m[DataProvider] Active backend: sharepoint

[90mstdout[2m | src/features/monitoring/hooks/__tests__/useIspRecommendationDecisions.spec.ts[2m > [22m[2museIspRecommendationDecisions[2m > [22m[2m蛻晄悄繝ｭ繝ｼ繝・[2m > [22m[2m譌｢蟄倥・蛻､譁ｭ繝ｬ繧ｳ繝ｼ繝峨′縺ゅｌ縺ｰ蛻晄悄迥ｶ諷九〒蜿肴丐縺輔ｌ繧・[22m[39m[DataProvider] Active backend: sharepoint

 [32m笨・[39m src/features/monitoring/hooks/__tests__/useIspRecommendationDecisions.spec.ts[2m > [22museIspRecommendationDecisions[2m > [22m蛻晄悄繝ｭ繝ｼ繝・[2m > [22muserId 縺檎ｩｺ譁・ｭ励↑繧・list 繧貞他縺ｰ縺ｪ縺・[32m 81[2mms[22m[39m
 [32m笨・[39m src/features/monitoring/hooks/__tests__/useIspRecommendationDecisions.spec.ts[2m > [22museIspRecommendationDecisions[2m > [22m蛻晄悄繝ｭ繝ｼ繝・[2m > [22mmonitoringPeriod 縺・undefined 縺ｪ繧・list 繧貞他縺ｰ縺ｪ縺・[32m 74[2mms[22m[39m
[90mstdout[2m | src/features/monitoring/hooks/__tests__/useIspRecommendationDecisions.spec.ts[2m > [22m[2museIspRecommendationDecisions[2m > [22m[2mdecisionStatuses / decisionNotes 隗｣豎ｺ[2m > [22m[2mrecommendations 縺・null 縺ｪ繧我ｸ｡ Map 縺ｯ遨ｺ
[22m[39m[DataProvider] Active backend: sharepoint

[90mstdout[2m | src/features/monitoring/hooks/__tests__/useIspRecommendationDecisions.spec.ts[2m > [22m[2museIspRecommendationDecisions[2m > [22m[2mdecisionStatuses / decisionNotes 隗｣豎ｺ[2m > [22m[2m蜈ｨ逶ｮ讓吶′譛ｪ蛻､譁ｭ縺ｪ繧牙・縺ｦ pending 縺ｫ繝槭ャ繝励＆繧後ｋ
[22m[39m[DataProvider] Active backend: sharepoint

[90mstdout[2m | src/features/monitoring/hooks/__tests__/useIspRecommendationDecisions.spec.ts[2m > [22m[2museIspRecommendationDecisions[2m > [22m[2mdecisionStatuses / decisionNotes 隗｣豎ｺ[2m > [22m[2m繝ｬ繝吶Ν縺・pending 縺ｮ recommendation 縺ｯ decisionStatuses 縺ｫ蜷ｫ縺ｾ繧後↑縺・[22m[39m[DataProvider] Active backend: sharepoint

[90mstdout[2m | src/features/monitoring/hooks/__tests__/useIspRecommendationDecisions.spec.ts[2m > [22m[2museIspRecommendationDecisions[2m > [22m[2mdecisionStatuses / decisionNotes 隗｣豎ｺ[2m > [22m[2m蜷後§逶ｮ讓吶↓隍・焚縺ｮ蛻､譁ｭ縺後≠繧句ｴ蜷医∵怙譁ｰ縺ｮ蛻､譁ｭ縺悟渚譏縺輔ｌ繧・[22m[39m[DataProvider] Active backend: sharepoint

 [32m笨・[39m src/features/monitoring/hooks/__tests__/useIspRecommendationDecisions.spec.ts[2m > [22museIspRecommendationDecisions[2m > [22m蛻晄悄繝ｭ繝ｼ繝・[2m > [22m譌｢蟄倥・蛻､譁ｭ繝ｬ繧ｳ繝ｼ繝峨′縺ゅｌ縺ｰ蛻晄悄迥ｶ諷九〒蜿肴丐縺輔ｌ繧・[32m 67[2mms[22m[39m
 [32m笨・[39m src/features/monitoring/hooks/__tests__/useIspRecommendationDecisions.spec.ts[2m > [22museIspRecommendationDecisions[2m > [22mdecisionStatuses / decisionNotes 隗｣豎ｺ[2m > [22mrecommendations 縺・null 縺ｪ繧我ｸ｡ Map 縺ｯ遨ｺ[32m 4[2mms[22m[39m
 [32m笨・[39m src/features/monitoring/hooks/__tests__/useIspRecommendationDecisions.spec.ts[2m > [22museIspRecommendationDecisions[2m > [22mdecisionStatuses / decisionNotes 隗｣豎ｺ[2m > [22m蜈ｨ逶ｮ讓吶′譛ｪ蛻､譁ｭ縺ｪ繧牙・縺ｦ pending 縺ｫ繝槭ャ繝励＆繧後ｋ[32m 11[2mms[22m[39m
 [32m笨・[39m src/features/monitoring/hooks/__tests__/useIspRecommendationDecisions.spec.ts[2m > [22museIspRecommendationDecisions[2m > [22mdecisionStatuses / decisionNotes 隗｣豎ｺ[2m > [22m繝ｬ繝吶Ν縺・pending 縺ｮ recommendation 縺ｯ decisionStatuses 縺ｫ蜷ｫ縺ｾ繧後↑縺・[32m 3[2mms[22m[39m
[90mstdout[2m | src/features/monitoring/hooks/__tests__/useIspRecommendationDecisions.spec.ts[2m > [22m[2museIspRecommendationDecisions[2m > [22m[2mhandleDecision 窶・菫晏ｭ・[2m > [22m[2m菫晏ｭ俶・蜉溷ｾ後↓ decisionStatuses 縺梧峩譁ｰ縺輔ｌ繧・[22m[39m[DataProvider] Active backend: sharepoint

[90mstdout[2m | src/features/monitoring/hooks/__tests__/useIspRecommendationDecisions.spec.ts[2m > [22m[2museIspRecommendationDecisions[2m > [22m[2mhandleDecision 窶・菫晏ｭ・[2m > [22m[2m菫晏ｭ伜ｾ後↓ isSaving 縺・false 縺ｫ謌ｻ繧・[22m[39m[DataProvider] Active backend: sharepoint

[90mstdout[2m | src/features/monitoring/hooks/__tests__/useIspRecommendationDecisions.spec.ts[2m > [22m[2museIspRecommendationDecisions[2m > [22m[2mhandleDecision 窶・菫晏ｭ・[2m > [22m[2m菫晏ｭ俶・蜉滓凾縺ｫ error 縺ｯ null
[22m[39m[DataProvider] Active backend: sharepoint

[90mstdout[2m | src/features/monitoring/hooks/__tests__/useIspRecommendationDecisions.spec.ts[2m > [22m[2museIspRecommendationDecisions[2m > [22m[2mhandleDecision 窶・菫晏ｭ・[2m > [22m[2mmonitoringPeriod 縺・undefined 縺ｮ縺ｨ縺・handleDecision 縺ｯ菴輔ｂ縺励↑縺・[22m[39m[DataProvider] Active backend: sharepoint

[90mstdout[2m | src/features/monitoring/hooks/__tests__/useIspRecommendationDecisions.spec.ts[2m > [22m[2museIspRecommendationDecisions[2m > [22m[2mhandleDecision 窶・菫晏ｭ・[2m > [22m[2mrecommendations 縺・null 縺ｮ縺ｨ縺・handleDecision 縺ｯ菴輔ｂ縺励↑縺・[22m[39m[DataProvider] Active backend: sharepoint

[90mstdout[2m | src/features/monitoring/hooks/__tests__/useIspRecommendationDecisions.spec.ts[2m > [22m[2museIspRecommendationDecisions[2m > [22m[2mhandleDecision 窶・菫晏ｭ・[2m > [22m[2m蟄伜惠縺励↑縺・goalId 縺ｧ handleDecision 繧貞他繧薙〒繧・save 縺輔ｌ縺ｪ縺・[22m[39m[DataProvider] Active backend: sharepoint

[90mstdout[2m | src/features/monitoring/hooks/__tests__/useIspRecommendationDecisions.spec.ts[2m > [22m[2museIspRecommendationDecisions[2m > [22m[2mhandleDecision 窶・菫晏ｭ・[2m > [22m[2m菫晏ｭ倥＆繧後◆繝ｬ繧ｳ繝ｼ繝峨↓豁｣縺励＞ decidedBy / snapshot 縺悟性縺ｾ繧後ｋ
[22m[39m[DataProvider] Active backend: sharepoint

[90mstdout[2m | src/features/monitoring/hooks/__tests__/useIspRecommendationDecisions.spec.ts[2m > [22m[2museIspRecommendationDecisions[2m > [22m[2mhandleDecision 窶・菫晏ｭ・[2m > [22m[2m騾｣邯壹〒隍・焚逶ｮ讓吶・蛻､譁ｭ繧剃ｿ晏ｭ倥〒縺阪ｋ
[22m[39m[DataProvider] Active backend: sharepoint

[90mstdout[2m | src/features/monitoring/hooks/__tests__/useIspRecommendationDecisions.spec.ts[2m > [22m[2museIspRecommendationDecisions[2m > [22m[2mhandleDecision 窶・繧ｨ繝ｩ繝ｼ[2m > [22m[2mrepository.save 縺悟､ｱ謨励＠縺溘ｉ error 縺檎ｫ九▽
[22m[39m[DataProvider] Active backend: sharepoint

[90mstdout[2m | src/features/monitoring/hooks/__tests__/useIspRecommendationDecisions.spec.ts[2m > [22m[2museIspRecommendationDecisions[2m > [22m[2mhandleDecision 窶・繧ｨ繝ｩ繝ｼ[2m > [22m[2m菫晏ｭ伜､ｱ謨怜ｾ後ｂ isSaving 縺ｯ false 縺ｫ謌ｻ繧・[22m[39m[DataProvider] Active backend: sharepoint

[90mstdout[2m | src/features/monitoring/hooks/__tests__/useIspRecommendationDecisions.spec.ts[2m > [22m[2museIspRecommendationDecisions[2m > [22m[2mhandleDecision 窶・繧ｨ繝ｩ繝ｼ[2m > [22m[2m繧ｨ繝ｩ繝ｼ蠕後・蜀堺ｿ晏ｭ倥〒 error 縺後け繝ｪ繧｢縺輔ｌ繧・[22m[39m[DataProvider] Active backend: sharepoint

[90mstdout[2m | src/features/monitoring/hooks/__tests__/useIspRecommendationDecisions.spec.ts[2m > [22m[2museIspRecommendationDecisions[2m > [22m[2mprops 螟画峩譎ゅ・蜀阪Ο繝ｼ繝・[2m > [22m[2muserId 螟画峩縺ｧ蜀阪Ο繝ｼ繝峨＆繧後ｋ
[22m[39m[DataProvider] Active backend: sharepoint

 [32m笨・[39m src/features/monitoring/hooks/__tests__/useIspRecommendationDecisions.spec.ts[2m > [22museIspRecommendationDecisions[2m > [22mdecisionStatuses / decisionNotes 隗｣豎ｺ[2m > [22m蜷後§逶ｮ讓吶↓隍・焚縺ｮ蛻､譁ｭ縺後≠繧句ｴ蜷医∵怙譁ｰ縺ｮ蛻､譁ｭ縺悟渚譏縺輔ｌ繧・[32m 66[2mms[22m[39m
 [32m笨・[39m src/features/monitoring/hooks/__tests__/useIspRecommendationDecisions.spec.ts[2m > [22museIspRecommendationDecisions[2m > [22mhandleDecision 窶・菫晏ｭ・[2m > [22m菫晏ｭ俶・蜉溷ｾ後↓ decisionStatuses 縺梧峩譁ｰ縺輔ｌ繧・[32m 19[2mms[22m[39m
 [32m笨・[39m src/features/monitoring/hooks/__tests__/useIspRecommendationDecisions.spec.ts[2m > [22museIspRecommendationDecisions[2m > [22mhandleDecision 窶・菫晏ｭ・[2m > [22m菫晏ｭ伜ｾ後↓ isSaving 縺・false 縺ｫ謌ｻ繧・[32m 6[2mms[22m[39m
 [32m笨・[39m src/features/monitoring/hooks/__tests__/useIspRecommendationDecisions.spec.ts[2m > [22museIspRecommendationDecisions[2m > [22mhandleDecision 窶・菫晏ｭ・[2m > [22m菫晏ｭ俶・蜉滓凾縺ｫ error 縺ｯ null[32m 8[2mms[22m[39m
 [32m笨・[39m src/features/monitoring/hooks/__tests__/useIspRecommendationDecisions.spec.ts[2m > [22museIspRecommendationDecisions[2m > [22mhandleDecision 窶・菫晏ｭ・[2m > [22mmonitoringPeriod 縺・undefined 縺ｮ縺ｨ縺・handleDecision 縺ｯ菴輔ｂ縺励↑縺・[32m 5[2mms[22m[39m
 [32m笨・[39m src/features/monitoring/hooks/__tests__/useIspRecommendationDecisions.spec.ts[2m > [22museIspRecommendationDecisions[2m > [22mhandleDecision 窶・菫晏ｭ・[2m > [22mrecommendations 縺・null 縺ｮ縺ｨ縺・handleDecision 縺ｯ菴輔ｂ縺励↑縺・[32m 5[2mms[22m[39m
 [32m笨・[39m src/features/monitoring/hooks/__tests__/useIspRecommendationDecisions.spec.ts[2m > [22museIspRecommendationDecisions[2m > [22mhandleDecision 窶・菫晏ｭ・[2m > [22m蟄伜惠縺励↑縺・goalId 縺ｧ handleDecision 繧貞他繧薙〒繧・save 縺輔ｌ縺ｪ縺・[32m 3[2mms[22m[39m
 [32m笨・[39m src/features/monitoring/hooks/__tests__/useIspRecommendationDecisions.spec.ts[2m > [22museIspRecommendationDecisions[2m > [22mhandleDecision 窶・菫晏ｭ・[2m > [22m菫晏ｭ倥＆繧後◆繝ｬ繧ｳ繝ｼ繝峨↓豁｣縺励＞ decidedBy / snapshot 縺悟性縺ｾ繧後ｋ[32m 10[2mms[22m[39m
 [32m笨・[39m src/features/monitoring/hooks/__tests__/useIspRecommendationDecisions.spec.ts[2m > [22museIspRecommendationDecisions[2m > [22mhandleDecision 窶・菫晏ｭ・[2m > [22m騾｣邯壹〒隍・焚逶ｮ讓吶・蛻､譁ｭ繧剃ｿ晏ｭ倥〒縺阪ｋ[32m 8[2mms[22m[39m
 [32m笨・[39m src/features/monitoring/hooks/__tests__/useIspRecommendationDecisions.spec.ts[2m > [22museIspRecommendationDecisions[2m > [22mhandleDecision 窶・繧ｨ繝ｩ繝ｼ[2m > [22mrepository.save 縺悟､ｱ謨励＠縺溘ｉ error 縺檎ｫ九▽[32m 5[2mms[22m[39m
 [32m笨・[39m src/features/monitoring/hooks/__tests__/useIspRecommendationDecisions.spec.ts[2m > [22museIspRecommendationDecisions[2m > [22mhandleDecision 窶・繧ｨ繝ｩ繝ｼ[2m > [22m菫晏ｭ伜､ｱ謨怜ｾ後ｂ isSaving 縺ｯ false 縺ｫ謌ｻ繧・[32m 3[2mms[22m[39m
 [32m笨・[39m src/features/monitoring/hooks/__tests__/useIspRecommendationDecisions.spec.ts[2m > [22museIspRecommendationDecisions[2m > [22mhandleDecision 窶・繧ｨ繝ｩ繝ｼ[2m > [22m繧ｨ繝ｩ繝ｼ蠕後・蜀堺ｿ晏ｭ倥〒 error 縺後け繝ｪ繧｢縺輔ｌ繧・[32m 5[2mms[22m[39m
[90mstdout[2m | src/features/monitoring/hooks/__tests__/useIspRecommendationDecisions.spec.ts[2m > [22m[2museIspRecommendationDecisions[2m > [22m[2mprops 螟画峩譎ゅ・蜀阪Ο繝ｼ繝・[2m > [22m[2mmonitoringPeriod 螟画峩縺ｧ蜀阪Ο繝ｼ繝峨＆繧後ｋ
[22m[39m[DataProvider] Active backend: sharepoint

 [32m笨・[39m src/features/handoff/__tests__/handoffApi.spec.ts[2m > [22mHandoffApi[2m > [22mgetHandoffRecords[2m > [22mSharePoint API 繧貞他繧薙〒 HandoffRecord[] 繧定ｿ斐☆[32m 13[2mms[22m[39m
 [32m笨・[39m src/features/handoff/__tests__/handoffApi.spec.ts[2m > [22mHandoffApi[2m > [22mgetHandoffRecords[2m > [22mspFetch 縺ｮ URL 縺ｫ豁｣縺励＞繝輔ぅ繝ｫ繧ｿ繧ｯ繧ｨ繝ｪ縺悟性縺ｾ繧後ｋ (today)[32m 4[2mms[22m[39m
 [32m笨・[39m src/features/handoff/__tests__/handoffApi.spec.ts[2m > [22mHandoffApi[2m > [22mgetHandoffRecords[2m > [22mweek 繧ｹ繧ｳ繝ｼ繝励・繝輔ぅ繝ｫ繧ｿ縺梧ｭ｣縺励￥讒狗ｯ峨＆繧後ｋ[32m 2[2mms[22m[39m
 [32m笨・[39m src/features/handoff/__tests__/handoffApi.spec.ts[2m > [22mHandoffApi[2m > [22mgetHandoffRecords[2m > [22mtimeFilter 縺・all 莉･螟悶・蝣ｴ蜷・TimeBand 繝輔ぅ繝ｫ繧ｿ縺瑚ｿｽ蜉縺輔ｌ繧・[32m 3[2mms[22m[39m
 [32m笨・[39m src/features/handoff/__tests__/handoffApi.spec.ts[2m > [22mHandoffApi[2m > [22mgetHandoffRecords[2m > [22m遨ｺ縺ｮ蠢懃ｭ斐′螳牙・縺ｫ蜃ｦ逅・＆繧後ｋ[32m 4[2mms[22m[39m
 [32m笨・[39m src/features/handoff/__tests__/handoffApi.spec.ts[2m > [22mHandoffApi[2m > [22mgetHandoffRecords[2m > [22mvalue 縺・undefined 縺ｮ蝣ｴ蜷医〒繧ょｮ牙・[32m 2[2mms[22m[39m
 [32m笨・[39m src/features/handoff/__tests__/handoffApi.spec.ts[2m > [22mHandoffApi[2m > [22mgetHandoffRecords[2m > [22m繝輔ぅ繝ｼ繝ｫ繝我ｸ隕ｧ蜿門ｾ励′讓ｩ髯舌お繝ｩ繝ｼ縺ｧ繧・fallback select 縺ｧ邯咏ｶ壹☆繧・[32m 3[2mms[22m[39m
 [32m笨・[39m src/features/handoff/__tests__/handoffApi.spec.ts[2m > [22mHandoffApi[2m > [22mTTL 繧ｭ繝｣繝・す繝･[2m > [22m蜷御ｸ繝代Λ繝｡繝ｼ繧ｿ縺ｮ騾｣邯壼他縺ｳ蜃ｺ縺励・繧ｭ繝｣繝・す繝･縺九ｉ霑斐☆[32m 3[2mms[22m[39m
 [32m笨・[39m src/features/handoff/__tests__/handoffApi.spec.ts[2m > [22mHandoffApi[2m > [22mTTL 繧ｭ繝｣繝・す繝･[2m > [22mTTL (15遘・ 邨碁℃蠕後・繧ｭ繝｣繝・す繝･縺檎┌蜉ｹ蛹悶＆繧後ｋ[32m 3[2mms[22m[39m
 [32m笨・[39m src/features/handoff/__tests__/handoffApi.spec.ts[2m > [22mHandoffApi[2m > [22mTTL 繧ｭ繝｣繝・す繝･[2m > [22m逡ｰ縺ｪ繧九ヱ繝ｩ繝｡繝ｼ繧ｿ縺ｯ繧ｭ繝｣繝・す繝･繧貞・譛峨＠縺ｪ縺・[32m 2[2mms[22m[39m
 [32m笨・[39m src/features/handoff/__tests__/handoffApi.spec.ts[2m > [22mHandoffApi[2m > [22mcreateHandoffRecord[2m > [22mPOST 繝ｪ繧ｯ繧ｨ繧ｹ繝医〒菴懈・縺・HandoffRecord 繧定ｿ斐☆[32m 3[2mms[22m[39m
 [32m笨・[39m src/features/handoff/__tests__/handoffApi.spec.ts[2m > [22mHandoffApi[2m > [22mcreateHandoffRecord[2m > [22mAPI 繧ｨ繝ｩ繝ｼ譎ゅ↓譌･譛ｬ隱槭お繝ｩ繝ｼ繝｡繝・そ繝ｼ繧ｸ繧・throw 縺吶ｋ[32m 7[2mms[22m[39m
 [32m笨・[39m src/features/handoff/__tests__/handoffApi.spec.ts[2m > [22mHandoffApi[2m > [22mupdateHandoffRecord[2m > [22mPATCH 繝ｪ繧ｯ繧ｨ繧ｹ繝医〒譖ｴ譁ｰ縺怜・蜿門ｾ励＠縺・HandoffRecord 繧定ｿ斐☆[32m 3[2mms[22m[39m
 [32m笨・[39m src/features/handoff/__tests__/handoffApi.spec.ts[2m > [22mHandoffApi[2m > [22mupdateHandoffRecord[2m > [22m譏取律縺ｸ謖∬ｶ翫・蝣ｴ蜷・CarryOverDateStore 縺ｫ譌･莉倥′菫晏ｭ倥＆繧後ｋ[32m 8[2mms[22m[39m
 [32m笨・[39m src/features/handoff/__tests__/handoffApi.spec.ts[2m > [22mHandoffApi[2m > [22mupdateHandoffRecord[2m > [22mterminal status (蟇ｾ蠢懈ｸ・ 縺ｮ蝣ｴ蜷・CarryOverDateStore 縺後け繝ｪ繧｢縺輔ｌ繧・[32m 3[2mms[22m[39m
 [32m笨・[39m src/features/handoff/__tests__/handoffApi.spec.ts[2m > [22mHandoffApi[2m > [22mupdateHandoffRecord[2m > [22mAPI 繧ｨ繝ｩ繝ｼ譎ゅ↓讌ｽ隕ｳ逧・峩譁ｰ縺後け繝ｪ繧｢縺輔ｌ繧・[32m 6[2mms[22m[39m
 [32m笨・[39m src/features/handoff/__tests__/handoffApi.spec.ts[2m > [22mHandoffApi[2m > [22mupdateHandoffRecord[2m > [22m譖ｴ譁ｰ蠕悟・蜿門ｾ励・繝輔ぅ繝ｼ繝ｫ繝我ｸ隕ｧ蜿門ｾ励′讓ｩ髯舌お繝ｩ繝ｼ縺ｧ繧・fallback select 縺ｧ蜀榊叙蠕励〒縺阪ｋ[32m 5[2mms[22m[39m
 [32m笨・[39m src/features/handoff/__tests__/handoffApi.spec.ts[2m > [22mHandoffApi[2m > [22mdeleteHandoffRecord[2m > [22mDELETE 繝ｪ繧ｯ繧ｨ繧ｹ繝医ｒ騾∽ｿ｡縺吶ｋ[32m 2[2mms[22m[39m
 [32m笨・[39m src/features/handoff/__tests__/handoffApi.spec.ts[2m > [22mHandoffApi[2m > [22mdeleteHandoffRecord[2m > [22m蜑企勁蠕後↓繧ｭ繝｣繝・す繝･縺檎┌蜉ｹ蛹悶＆繧後ｋ[32m 5[2mms[22m[39m
 [32m笨・[39m src/features/handoff/__tests__/handoffApi.spec.ts[2m > [22mHandoffApi[2m > [22mdeleteHandoffRecord[2m > [22mAPI 繧ｨ繝ｩ繝ｼ譎ゅ↓譌･譛ｬ隱槭お繝ｩ繝ｼ繧偵せ繝ｭ繝ｼ縺吶ｋ[32m 3[2mms[22m[39m
 [32m笨・[39m src/features/monitoring/hooks/__tests__/useIspRecommendationDecisions.spec.ts[2m > [22museIspRecommendationDecisions[2m > [22mprops 螟画峩譎ゅ・蜀阪Ο繝ｼ繝・[2m > [22muserId 螟画峩縺ｧ蜀阪Ο繝ｼ繝峨＆繧後ｋ[32m 136[2mms[22m[39m
[90mstdout[2m | src/features/monitoring/hooks/__tests__/useIspRecommendationDecisions.spec.ts[2m > [22m[2museIspRecommendationDecisions[2m > [22m[2mdecisions 驟榊・[2m > [22m[2m蛻晄悄迥ｶ諷九〒縺ｯ遨ｺ驟榊・
[22m[39m[DataProvider] Active backend: sharepoint

[90mstdout[2m | src/features/monitoring/hooks/__tests__/useIspRecommendationDecisions.spec.ts[2m > [22m[2museIspRecommendationDecisions[2m > [22m[2mdecisions 驟榊・[2m > [22m[2m菫晏ｭ倥☆繧九◆縺ｳ縺ｫ decisions 縺ｫ霑ｽ蜉縺輔ｌ繧・[22m[39m[DataProvider] Active backend: sharepoint

 [32m笨・[39m src/features/monitoring/hooks/__tests__/useIspRecommendationDecisions.spec.ts[2m > [22museIspRecommendationDecisions[2m > [22mprops 螟画峩譎ゅ・蜀阪Ο繝ｼ繝・[2m > [22mmonitoringPeriod 螟画峩縺ｧ蜀阪Ο繝ｼ繝峨＆繧後ｋ[32m 165[2mms[22m[39m
 [32m笨・[39m src/features/monitoring/hooks/__tests__/useIspRecommendationDecisions.spec.ts[2m > [22museIspRecommendationDecisions[2m > [22mdecisions 驟榊・[2m > [22m蛻晄悄迥ｶ諷九〒縺ｯ遨ｺ驟榊・[32m 3[2mms[22m[39m
 [32m笨・[39m src/features/monitoring/hooks/__tests__/useIspRecommendationDecisions.spec.ts[2m > [22museIspRecommendationDecisions[2m > [22mdecisions 驟榊・[2m > [22m菫晏ｭ倥☆繧九◆縺ｳ縺ｫ decisions 縺ｫ霑ｽ蜉縺輔ｌ繧・[32m 3[2mms[22m[39m
[90mstdout[2m | tests/unit/Home.spec.tsx
[22m[39m[MSAL ENV] Validated successfully

 [32m笨・[39m src/domain/support/__tests__/incidentRepository.spec.ts[2m > [22mlocalIncidentRepository[2m > [22msave[2m > [22m譁ｰ隕上Ξ繧ｳ繝ｼ繝峨ｒ菫晏ｭ倥＠縺ｦID繧定ｿ斐☆[32m 6[2mms[22m[39m
 [32m笨・[39m src/domain/support/__tests__/incidentRepository.spec.ts[2m > [22mlocalIncidentRepository[2m > [22msave[2m > [22m譌｢蟄倥Ξ繧ｳ繝ｼ繝峨ｒ譖ｴ譁ｰ縺吶ｋ[32m 3[2mms[22m[39m
 [32m笨・[39m src/domain/support/__tests__/incidentRepository.spec.ts[2m > [22mlocalIncidentRepository[2m > [22msave[2m > [22m譁ｰ縺励＞繝ｬ繧ｳ繝ｼ繝峨′蜈磯ｭ縺ｫ霑ｽ蜉縺輔ｌ繧・[32m 1[2mms[22m[39m
 [32m笨・[39m src/domain/support/__tests__/incidentRepository.spec.ts[2m > [22mlocalIncidentRepository[2m > [22mgetAll[2m > [22m遨ｺ縺ｮ蝣ｴ蜷医・遨ｺ驟榊・繧定ｿ斐☆[32m 2[2mms[22m[39m
 [32m笨・[39m src/domain/support/__tests__/incidentRepository.spec.ts[2m > [22mlocalIncidentRepository[2m > [22mgetByUserId[2m > [22m繝ｦ繝ｼ繧ｶ繝ｼID縺ｧ繝輔ぅ繝ｫ繧ｿ繝ｼ縺吶ｋ[32m 2[2mms[22m[39m
 [32m笨・[39m src/domain/support/__tests__/incidentRepository.spec.ts[2m > [22mlocalIncidentRepository[2m > [22mgetById[2m > [22mID縺ｧ繝ｬ繧ｳ繝ｼ繝峨ｒ蜿門ｾ励☆繧・[32m 1[2mms[22m[39m
 [32m笨・[39m src/domain/support/__tests__/incidentRepository.spec.ts[2m > [22mlocalIncidentRepository[2m > [22mgetById[2m > [22m蟄伜惠縺励↑縺ИD縺ｮ蝣ｴ蜷医・null繧定ｿ斐☆[32m 1[2mms[22m[39m
 [32m笨・[39m src/domain/support/__tests__/incidentRepository.spec.ts[2m > [22mlocalIncidentRepository[2m > [22mdelete[2m > [22m繝ｬ繧ｳ繝ｼ繝峨ｒ蜑企勁縺吶ｋ[32m 1[2mms[22m[39m
 [32m笨・[39m src/features/daily/components/__tests__/ImportPlanningDialog.spec.tsx[2m > [22mImportPlanningDialog[2m > [22m繝繧､繧｢繝ｭ繧ｰ繧ｿ繧､繝医Ν繧定｡ｨ遉ｺ縺吶ｋ[33m 353[2mms[22m[39m
 [32m笨・[39m src/features/daily/components/__tests__/ImportPlanningDialog.spec.tsx[2m > [22mImportPlanningDialog[2m > [22m蜿冶ｾｼ蜈・す繝ｼ繝亥錐繧定｡ｨ遉ｺ縺吶ｋ[32m 69[2mms[22m[39m
 [32m笨・[39m src/features/daily/components/__tests__/ImportPlanningDialog.spec.tsx[2m > [22mImportPlanningDialog[2m > [22m霑ｽ蜉縺輔ｌ繧九せ繝・ャ繝玲焚繧定｡ｨ遉ｺ縺吶ｋ[32m 88[2mms[22m[39m
 [32m笨・[39m src/features/handoff/__tests__/handoffApi.spec.ts[2m > [22mHandoffApi[2m > [22mcallWithRetry (繝ｪ繝医Λ繧､)[2m > [22m荳譎ら噪縺ｪ500繧ｨ繝ｩ繝ｼ蠕後↓繝ｪ繝医Λ繧､縺ｧ謌仙粥縺吶ｋ[33m 822[2mms[22m[39m
 [32m笨・[39m src/features/handoff/__tests__/handoffApi.spec.ts[2m > [22mHandoffApi[2m > [22mcallWithRetry (繝ｪ繝医Λ繧､)[2m > [22m404 繧ｨ繝ｩ繝ｼ縺ｯ繝ｪ繝医Λ繧､縺帙★蜊ｳ譎・throw[32m 14[2mms[22m[39m
 [32m笨・[39m src/features/handoff/__tests__/handoffApi.spec.ts[2m > [22mHandoffApi[2m > [22mCarryOverDateStore[2m > [22mset/get 縺ｧ蛟､繧剃ｿ晏ｭ倥・蜿門ｾ励〒縺阪ｋ[32m 2[2mms[22m[39m
 [32m笨・[39m src/features/handoff/__tests__/handoffApi.spec.ts[2m > [22mHandoffApi[2m > [22mCarryOverDateStore[2m > [22mclear 縺ｧ蛟､繧貞炎髯､縺ｧ縺阪ｋ[32m 2[2mms[22m[39m
 [32m笨・[39m src/features/handoff/__tests__/handoffApi.spec.ts[2m > [22mHandoffApi[2m > [22mCarryOverDateStore[2m > [22m蟄伜惠縺励↑縺・く繝ｼ縺ｯ undefined 繧定ｿ斐☆[32m 2[2mms[22m[39m
 [32m笨・[39m src/features/handoff/__tests__/handoffApi.spec.ts[2m > [22mHandoffApi[2m > [22mCarryOverDateStore[2m > [22m隍・焚繝ｬ繧ｳ繝ｼ繝峨ｒ迢ｬ遶九↓邂｡逅・〒縺阪ｋ[32m 2[2mms[22m[39m
 [32m笨・[39m src/features/handoff/__tests__/handoffApi.spec.ts[2m > [22mHandoffApi[2m > [22mCarryOverDateStore[2m > [22m譁・ｭ怜・ ID 縺ｧ繧ょ虚菴懊☆繧・[32m 2[2mms[22m[39m
 [32m笨・[39m src/features/handoff/__tests__/handoffApi.spec.ts[2m > [22mHandoffApi[2m > [22mgetHandoffSummaryStats[2m > [22m繝ｬ繧ｳ繝ｼ繝峨°繧峨き繝・ざ繝ｪ繝ｻ驥崎ｦ∝ｺｦ繝ｻ繧ｹ繝・・繧ｿ繧ｹ繝ｻ譎る俣蟶ｯ縺ｮ邨ｱ險医ｒ邂怜・縺吶ｋ[32m 5[2mms[22m[39m
 [32m笨・[39m src/features/handoff/__tests__/handoffApi.spec.ts[2m > [22mHandoffApi[2m > [22mgetHandoffSummaryStats[2m > [22m繝ｬ繧ｳ繝ｼ繝峨′縺ｪ縺・ｴ蜷医・蜈ｨ繧ｫ繧ｦ繝ｳ繝・0[32m 5[2mms[22m[39m
 [32m笨・[39m src/features/handoff/__tests__/handoffApi.spec.ts[2m > [22mHandoffApi[2m > [22mgetUserHandoffRecords[2m > [22mUserCode 繝輔ぅ繝ｫ繧ｿ繧貞性繧繧ｯ繧ｨ繝ｪ縺ｧ SP 繧貞他縺ｶ[32m 25[2mms[22m[39m
 [32m笨・[39m src/features/handoff/__tests__/handoffApi.spec.ts[2m > [22mHandoffApi[2m > [22mgetUserHandoffRecords[2m > [22mtoday 繧ｹ繧ｳ繝ｼ繝励〒譌･莉倥ヵ繧｣繝ｫ繧ｿ縺瑚ｿｽ蜉縺輔ｌ繧・[32m 3[2mms[22m[39m
 [32m笨・[39m src/features/handoff/__tests__/handoffApi.spec.ts[2m > [22mHandoffApi[2m > [22mgetUserHandoffRecords[2m > [22myesterday 繧ｹ繧ｳ繝ｼ繝励〒蜑肴律繝輔ぅ繝ｫ繧ｿ縺梧ｧ狗ｯ峨＆繧後ｋ[32m 3[2mms[22m[39m
 [32m笨・[39m src/features/handoff/__tests__/handoffApi.spec.ts[2m > [22mHandoffApi[2m > [22mgetUserHandoffRecords[2m > [22mtimeFilter 縺・morning 縺ｮ蝣ｴ蜷・TimeBand 繝輔ぅ繝ｫ繧ｿ縺瑚ｿｽ蜉縺輔ｌ繧・[32m 3[2mms[22m[39m
 [32m笨・[39m src/features/handoff/__tests__/handoffApi.spec.ts[2m > [22mHandoffApi[2m > [22mgetUserHandoffRecords[2m > [22mAPI 繧ｨ繝ｩ繝ｼ譎ゅ↓譌･譛ｬ隱槭お繝ｩ繝ｼ繧偵せ繝ｭ繝ｼ縺吶ｋ[32m 16[2mms[22m[39m
 [32m笨・[39m src/features/handoff/__tests__/handoffApi.spec.ts[2m > [22mHandoffApi[2m > [22mgetUserHandoffRecords[2m > [22m遨ｺ縺ｮ蠢懃ｭ斐ｒ螳牙・縺ｫ蜃ｦ逅・☆繧・[32m 5[2mms[22m[39m
 [32m笨・[39m src/features/daily/components/__tests__/ImportPlanningDialog.spec.tsx[2m > [22mImportPlanningDialog[2m > [22m謾ｯ謠ｴ譁ｹ驥昴・繝励Ξ繝薙Η繝ｼ繧定｡ｨ遉ｺ縺吶ｋ[32m 129[2mms[22m[39m
 [32m笨・[39m src/features/daily/components/__tests__/ImportPlanningDialog.spec.tsx[2m > [22mImportPlanningDialog[2m > [22m蜈ｷ菴鍋噪蟇ｾ蠢懊・繝励Ξ繝薙Η繝ｼ繧定｡ｨ遉ｺ縺吶ｋ[32m 59[2mms[22m[39m
 [32m笨・[39m src/features/handoff/__tests__/handoffApi.spec.ts[2m > [22mHandoffApi[2m > [22mgetMeetingHandoffRecords[2m > [22mMeetingSessionKey 繝輔ぅ繝ｫ繧ｿ縺ｧ SP 繧貞他縺ｶ[32m 8[2mms[22m[39m
 [32m笨・[39m src/features/handoff/__tests__/handoffApi.spec.ts[2m > [22mHandoffApi[2m > [22mgetMeetingHandoffRecords[2m > [22m邨先棡縺・CreatedAt desc 縺ｧ荳ｦ縺ｹ譖ｿ縺医ｉ繧後ｋ[32m 11[2mms[22m[39m
 [32m笨・[39m src/features/handoff/__tests__/handoffApi.spec.ts[2m > [22mHandoffApi[2m > [22mgetMeetingHandoffRecords[2m > [22mAPI 繧ｨ繝ｩ繝ｼ譎ゅ↓譌･譛ｬ隱槭お繝ｩ繝ｼ繧偵せ繝ｭ繝ｼ縺吶ｋ[32m 8[2mms[22m[39m
 [32m笨・[39m src/features/handoff/__tests__/handoffApi.spec.ts[2m > [22mHandoffApi[2m > [22mgetMeetingHandoffRecords[2m > [22m遨ｺ縺ｮ蠢懃ｭ斐ｒ螳牙・縺ｫ蜃ｦ逅・☆繧・[32m 3[2mms[22m[39m
 [32m笨・[39m src/features/handoff/__tests__/handoffApi.spec.ts[2m > [22mHandoffApi[2m > [22m繧ｭ繝｣繝・す繝･辟｡蜉ｹ蛹・[2m > [22mcreateHandoffRecord 蠕後↓繧ｭ繝｣繝・す繝･縺檎┌蜉ｹ蛹悶＆繧悟・繝輔ぉ繝・メ縺輔ｌ繧・[32m 8[2mms[22m[39m
 [32m笨・[39m src/features/handoff/__tests__/handoffApi.spec.ts[2m > [22mHandoffApi[2m > [22m繧ｭ繝｣繝・す繝･辟｡蜉ｹ蛹・[2m > [22mupdateHandoffRecord 蠕後↓繧ｭ繝｣繝・す繝･縺檎┌蜉ｹ蛹悶＆繧後ｋ[32m 8[2mms[22m[39m
 [32m笨・[39m src/domain/support/__tests__/incidentRepository.spec.ts[2m > [22mlocalIncidentRepository[2m > [22mFIFO[2m > [22mMAX_RECORDS(500)繧定ｶ・∴繧九→蜿､縺・Ξ繧ｳ繝ｼ繝峨′蜑企勁縺輔ｌ繧・[33m 437[2mms[22m[39m
 [32m笨・[39m src/features/daily/components/__tests__/ImportPlanningDialog.spec.tsx[2m > [22mImportPlanningDialog[2m > [22m迺ｰ蠅・ｪｿ謨ｴ縺ｮ繝励Ξ繝薙Η繝ｼ繧定｡ｨ遉ｺ縺吶ｋ[32m 52[2mms[22m[39m
 [32m笨・[39m src/features/daily/components/__tests__/ImportPlanningDialog.spec.tsx[2m > [22mImportPlanningDialog[2m > [22m蜈ｨ繧ｹ繝・ャ繝怜・騾壽ｳｨ險倥↓諢溯ｦ壹ヨ繝ｪ繧ｬ繝ｼ縺ｨ蛹ｻ逋ゅヵ繝ｩ繧ｰ縺瑚｡ｨ遉ｺ縺輔ｌ繧・[32m 72[2mms[22m[39m
 [32m笨・[39m src/domain/support/__tests__/incidentRepository.spec.ts[2m > [22mlocalIncidentRepository[2m > [22mFIFO[2m > [22m縺｡繧・≧縺ｩ MAX_RECORDS 縺ｮ蝣ｴ蜷医・縺吶∋縺ｦ菫晄戟縺輔ｌ繧・[33m 490[2mms[22m[39m
 [32m笨・[39m src/domain/support/__tests__/incidentRepository.spec.ts[2m > [22mcreateIncidentRecord[2m > [22mHighRiskIncident 縺九ｉ IncidentRecord 繧呈ｭ｣縺励￥逕滓・縺吶ｋ[32m 5[2mms[22m[39m
 [32m笨・[39m src/domain/support/__tests__/incidentRepository.spec.ts[2m > [22mcreateIncidentRecord[2m > [22m繝・ヵ繧ｩ繝ｫ繝亥､縺梧ｭ｣縺励￥驕ｩ逕ｨ縺輔ｌ繧・[32m 1[2mms[22m[39m
 [32m笨・[39m src/domain/support/__tests__/incidentRepository.spec.ts[2m > [22mcomputeIncidentSummary[2m > [22m遨ｺ驟榊・縺ｮ繧ｵ繝槭Μ繝ｼ繧定ｨ育ｮ励☆繧・[32m 33[2mms[22m[39m
 [32m笨・[39m src/domain/support/__tests__/incidentRepository.spec.ts[2m > [22mcomputeIncidentSummary[2m > [22m繝ｬ繧ｳ繝ｼ繝蛾・蛻励・繧ｵ繝槭Μ繝ｼ繧呈ｭ｣縺励￥險育ｮ励☆繧・[32m 1[2mms[22m[39m
 [32m笨・[39m src/domain/support/__tests__/incidentRepository.spec.ts[2m > [22mcomputeIncidentSummary[2m > [22mincidentType 蛻･縺ｮ髮・ｨ医′豁｣縺励＞[32m 1[2mms[22m[39m
 [32m笨・[39m src/features/daily/components/__tests__/ImportPlanningDialog.spec.tsx[2m > [22mImportPlanningDialog[2m > [22m螟画鋤譬ｹ諡縺ｮChip縺瑚｡ｨ遉ｺ縺輔ｌ繧・[32m 47[2mms[22m[39m
 [32m笨・[39m src/features/daily/components/__tests__/ImportPlanningDialog.spec.tsx[2m > [22mImportPlanningDialog[2m > [22m縲悟叙繧願ｾｼ繧縲阪・繧ｿ繝ｳ縺ｧonImport縺悟他縺ｰ繧後√ム繧､繧｢繝ｭ繧ｰ縺碁哩縺倥ｋ[32m 131[2mms[22m[39m
 [32m笨・[39m src/features/daily/components/__tests__/ImportPlanningDialog.spec.tsx[2m > [22mImportPlanningDialog[2m > [22mplanningSheet 縺・null 縺ｮ縺ｨ縺崎ｭｦ蜻翫Γ繝・そ繝ｼ繧ｸ繧定｡ｨ遉ｺ縺吶ｋ[32m 33[2mms[22m[39m
 [32m笨・[39m src/features/daily/components/__tests__/ImportPlanningDialog.spec.tsx[2m > [22mImportPlanningDialog[2m > [22m蜈ｨ縺ｦ蜿冶ｾｼ貂医∩縺ｮ縺ｨ縺・globalNotes 縺ｮ縺ｿ陦ｨ遉ｺ縺輔ｌ繧・[32m 82[2mms[22m[39m
 [32m笨・[39m src/features/daily/components/__tests__/ImportPlanningDialog.spec.tsx[2m > [22mImportPlanningDialog[2m > [22m繧ｭ繝｣繝ｳ繧ｻ繝ｫ繝懊ち繝ｳ縺ｧonClose縺悟他縺ｰ繧後ｋ[32m 85[2mms[22m[39m
 [32m笨・[39m src/features/schedules/components/__tests__/SchedulesSpLane.spec.tsx[2m > [22mSchedulesSpLane[2m > [22mrenders a constant frame (always present) with disabled state[32m 97[2mms[22m[39m
 [32m笨・[39m src/features/schedules/components/__tests__/SchedulesSpLane.spec.tsx[2m > [22mSchedulesSpLane[2m > [22mrenders idle state with loading message[32m 45[2mms[22m[39m
 [32m笨・[39m src/features/schedules/components/__tests__/SchedulesSpLane.spec.tsx[2m > [22mSchedulesSpLane[2m > [22mrenders active state with sync info (count)[32m 62[2mms[22m[39m
 [32m笨・[39m src/features/schedules/components/__tests__/SchedulesSpLane.spec.tsx[2m > [22mSchedulesSpLane[2m > [22mactive state shows empty fallback when itemCount is undefined[32m 12[2mms[22m[39m
 [32m笨・[39m src/features/schedules/components/__tests__/SchedulesSpLane.spec.tsx[2m > [22mSchedulesSpLane[2m > [22mrenders error state with error classification[33m 319[2mms[22m[39m
 [32m笨・[39m src/features/schedules/components/__tests__/SchedulesSpLane.spec.tsx[2m > [22mSchedulesSpLane[2m > [22mcalls onRetry when retry button is clicked[32m 121[2mms[22m[39m
 [32m笨・[39m src/features/schedules/components/__tests__/SchedulesSpLane.spec.tsx[2m > [22mSchedulesSpLane[2m > [22mdisables retry button and shows busy state[32m 43[2mms[22m[39m
 [32m笨・[39m src/features/schedules/components/__tests__/SchedulesSpLane.spec.tsx[2m > [22mSchedulesSpLane[2m > [22mopens details dialog when info button is clicked[32m 154[2mms[22m[39m
 [32m笨・[39m src/features/schedules/components/__tests__/SchedulesSpLane.spec.tsx[2m > [22mSchedulesSpLane[2m > [22mexposes contract version for drift detection[32m 42[2mms[22m[39m
 [32m笨・[39m src/features/schedules/components/__tests__/SchedulesSpLane.spec.tsx[2m > [22mSchedulesSpLane[2m > [22mrespects cooldownUntil by disabling retry button[32m 79[2mms[22m[39m
 [32m笨・[39m tests/unit/Home.spec.tsx[2m > [22mHome[2m > [22mhides schedule tiles and chips when schedule flag disabled[33m 620[2mms[22m[39m
 [32m笨・[39m tests/unit/Home.spec.tsx[2m > [22mHome[2m > [22mshows schedule tiles and chips when flag enabled[32m 260[2mms[22m[39m
 [32m笨・[39m tests/unit/Home.spec.tsx[2m > [22mHome[2m > [22mindicates when demo mode is active[32m 256[2mms[22m[39m
 [32m笨・[39m src/pages/__tests__/BusinessJournalPreviewControls.spec.tsx[2m > [22mBusinessJournalPreviewControls 窶・header[2m > [22mrenders the page title h1[33m 445[2mms[22m[39m
 [32m笨・[39m src/pages/__tests__/BusinessJournalPreviewControls.spec.tsx[2m > [22mBusinessJournalPreviewControls 窶・header[2m > [22mrenders the subtitle description[32m 62[2mms[22m[39m
 [32m笨・[39m src/pages/__tests__/BusinessJournalPreviewControls.spec.tsx[2m > [22mBusinessJournalPreviewControls 窶・month selector[2m > [22mhas the journal-preview-month-select testid[32m 51[2mms[22m[39m
 [32m笨・[39m src/pages/__tests__/BusinessJournalPreviewControls.spec.tsx[2m > [22mBusinessJournalPreviewControls 窶・month selector[2m > [22mdisplays the current month label as selected[32m 38[2mms[22m[39m
 [32m笨・[39m src/pages/__tests__/BusinessJournalPreviewControls.spec.tsx[2m > [22mBusinessJournalPreviewControls 窶・month selector[2m > [22mcalls onMonthChange with the selected option value[32m 44[2mms[22m[39m
 [32m笨・[39m src/pages/__tests__/BusinessJournalPreviewControls.spec.tsx[2m > [22mBusinessJournalPreviewControls 窶・legend[2m > [22mrenders the legend prefix label[32m 32[2mms[22m[39m
 [32m笨・[39m src/pages/__tests__/BusinessJournalPreviewControls.spec.tsx[2m > [22mBusinessJournalPreviewControls 窶・legend[2m > [22mrenders all 5 attendance status labels in the legend[32m 46[2mms[22m[39m
 [32m笨・[39m src/pages/__tests__/BusinessJournalPreviewControls.spec.tsx[2m > [22mBusinessJournalPreviewControls 窶・legend[2m > [22mrenders the meal legend entry[32m 29[2mms[22m[39m
 [32m笨・[39m src/features/users/infra/__tests__/RestApiUserRepository.spec.ts[2m > [22mRestApiUserRepository transport schedule persistence[2m > [22mincludes TransportSchedule in create request and maps it back to domain[32m 198[2mms[22m[39m
 [32m笨・[39m src/features/users/infra/__tests__/RestApiUserRepository.spec.ts[2m > [22mRestApiUserRepository transport schedule persistence[2m > [22mincludes TransportSchedule in update request and restores it via getById[32m 54[2mms[22m[39m
 [32m笨・[39m src/features/users/infra/__tests__/RestApiUserRepository.spec.ts[2m > [22mRestApiUserRepository transport schedule persistence[2m > [22mfails fast with a fixed message when writable fields do not include TransportSchedule[32m 49[2mms[22m[39m
 [32m笨・[39m src/features/users/infra/__tests__/RestApiUserRepository.spec.ts[2m > [22mRestApiUserRepository lifecycle fallback safety[2m > [22mmarks lifecycleStatus as unknown when lifecycle signals are missing[32m 46[2mms[22m[39m
[90mstdout[2m | tests/unit/app.a11y.spec.tsx
[22m[39m[MSAL ENV] Validated successfully

 [32m笨・[39m src/features/dashboard/briefing/__tests__/MeetingTabContent.test.tsx[2m > [22mMeetingTabContent[2m > [22mAlert 譁・ｨ[2m > [22mmode=morning 縺ｧ螳牙・繧､繝ｳ繧ｸ繧ｱ繝ｼ繧ｿ繝ｼ譯亥・繧定｡ｨ遉ｺ縺吶ｋ[32m 148[2mms[22m[39m
 [32m笨・[39m src/features/dashboard/briefing/__tests__/MeetingTabContent.test.tsx[2m > [22mMeetingTabContent[2m > [22mAlert 譁・ｨ[2m > [22mmode=evening 縺ｧ繧ｱ繝ｼ繧ｹ險倬鹸譯亥・繧定｡ｨ遉ｺ縺吶ｋ[32m 44[2mms[22m[39m
 [32m笨・[39m src/features/dashboard/briefing/__tests__/MeetingTabContent.test.tsx[2m > [22mMeetingTabContent[2m > [22m繧ｿ繧､繝繝ｩ繧､繝ｳ隕句・縺・[2m > [22mmode=morning 縺ｧ縲檎筏縺鈴√ｊ繧ｿ繧､繝繝ｩ繧､繝ｳ・域乖譌･・峨阪ｒ陦ｨ遉ｺ縺吶ｋ[32m 29[2mms[22m[39m
 [32m笨・[39m src/features/users/infra/__tests__/RestApiUserRepository.spec.ts[2m > [22mRestApiUserRepository lifecycle fallback safety[2m > [22mdowngrades __selectMode to core when detail select fails[32m 51[2mms[22m[39m
 [32m笨・[39m src/features/users/infra/__tests__/RestApiUserRepository.spec.ts[2m > [22mRestApiUserRepository lifecycle fallback safety[2m > [22mdowngrades __selectMode to core on generic 400 from $select query[32m 45[2mms[22m[39m
 [32m笨・[39m src/features/users/infra/__tests__/RestApiUserRepository.spec.ts[2m > [22mRestApiUserRepository lifecycle fallback safety[2m > [22mdowngrades getById to core when detail select fails[32m 48[2mms[22m[39m
 [32m笨・[39m src/features/users/infra/__tests__/RestApiUserRepository.spec.ts[2m > [22mRestApiUserRepository lifecycle fallback safety[2m > [22mdowngrades getById to core on generic 400 from $select query[32m 56[2mms[22m[39m
 [32m笨・[39m src/features/dashboard/briefing/__tests__/MeetingTabContent.test.tsx[2m > [22mMeetingTabContent[2m > [22m繧ｿ繧､繝繝ｩ繧､繝ｳ隕句・縺・[2m > [22mmode=evening 縺ｧ縲檎筏縺鈴√ｊ繧ｿ繧､繝繝ｩ繧､繝ｳ・井ｻ頑律・峨阪ｒ陦ｨ遉ｺ縺吶ｋ[32m 29[2mms[22m[39m
 [32m笨・[39m src/features/dashboard/briefing/__tests__/MeetingTabContent.test.tsx[2m > [22mMeetingTabContent[2m > [22mChip 繝ｩ繝吶Ν[2m > [22mmode=morning 縺ｧ縲梧悃莨壹阪メ繝・・繧定｡ｨ遉ｺ縺吶ｋ[32m 55[2mms[22m[39m
 [32m笨・[39m src/features/dashboard/briefing/__tests__/MeetingTabContent.test.tsx[2m > [22mMeetingTabContent[2m > [22mChip 繝ｩ繝吶Ν[2m > [22mmode=evening 縺ｧ縲悟､穂ｼ壹阪メ繝・・繧定｡ｨ遉ｺ縺吶ｋ[32m 25[2mms[22m[39m
 [32m笨・[39m src/features/dashboard/briefing/__tests__/MeetingTabContent.test.tsx[2m > [22mMeetingTabContent[2m > [22m騾ｲ陦後ぎ繧､繝・[2m > [22mmode=morning 縺ｧ譛昜ｼ壹・騾ｲ陦後せ繝・ャ繝励′蜷ｫ縺ｾ繧後ｋ[32m 26[2mms[22m[39m
 [32m笨・[39m src/features/dashboard/briefing/__tests__/MeetingTabContent.test.tsx[2m > [22mMeetingTabContent[2m > [22m騾ｲ陦後ぎ繧､繝・[2m > [22mmode=evening 縺ｧ螟穂ｼ壹・騾ｲ陦後せ繝・ャ繝励′蜷ｫ縺ｾ繧後ｋ[32m 26[2mms[22m[39m
 [32m笨・[39m src/features/dashboard/briefing/__tests__/MeetingTabContent.test.tsx[2m > [22mMeetingTabContent[2m > [22mTimeline dayScope[2m > [22mmode=morning 縺ｧ dayScope="yesterday" 繧呈ｸ｡縺・[32m 25[2mms[22m[39m
 [32m笨・[39m src/features/dashboard/briefing/__tests__/MeetingTabContent.test.tsx[2m > [22mMeetingTabContent[2m > [22mTimeline dayScope[2m > [22mmode=evening 縺ｧ dayScope="today" 繧呈ｸ｡縺・[32m 22[2mms[22m[39m
 [32m笨・[39m src/features/dashboard/briefing/__tests__/MeetingTabContent.test.tsx[2m > [22mMeetingTabContent[2m > [22m隕∫せ繧ｵ繝槭Μ[2m > [22mhasSummaryInfo=false 縺縺ｨ隕∫せ繧ｻ繧ｯ繧ｷ繝ｧ繝ｳ縺瑚｡ｨ遉ｺ縺輔ｌ縺ｪ縺・[32m 28[2mms[22m[39m
 [32m笨・[39m src/features/dashboard/briefing/__tests__/MeetingTabContent.test.tsx[2m > [22mMeetingTabContent[2m > [22m隕∫せ繧ｵ繝槭Μ[2m > [22mhasSummaryInfo=true 縺ｧ隕∫せ繧ｻ繧ｯ繧ｷ繝ｧ繝ｳ縺瑚｡ｨ遉ｺ縺輔ｌ繧・[32m 44[2mms[22m[39m
 [32m笨・[39m src/features/dashboard/briefing/__tests__/MeetingTabContent.test.tsx[2m > [22mMeetingTabContent[2m > [22m隕∫せ繧ｵ繝槭Μ[2m > [22mcriticalCount > 0 縺ｧ豕ｨ諢上メ繝・・縺瑚｡ｨ遉ｺ縺輔ｌ繧・[32m 30[2mms[22m[39m
 [32m笨・[39m src/features/dashboard/briefing/__tests__/MeetingTabContent.test.tsx[2m > [22mMeetingTabContent[2m > [22m隕∫せ繧ｵ繝槭Μ[2m > [22mbyStatus.譛ｪ蟇ｾ蠢・> 0 縺ｧ譛ｪ蟇ｾ蠢懊メ繝・・縺瑚｡ｨ遉ｺ縺輔ｌ繧・[32m 82[2mms[22m[39m
 [32m笨・[39m src/features/dashboard/briefing/__tests__/MeetingTabContent.test.tsx[2m > [22mMeetingTabContent[2m > [22m隕∫せ繧ｵ繝槭Μ[2m > [22mcriticalCount=0 & 譛ｪ蟇ｾ蠢・0 縺縺ｨ豕ｨ諢・譛ｪ蟇ｾ蠢懊メ繝・・縺悟・縺ｪ縺・[32m 28[2mms[22m[39m
 [32m笨・[39m src/features/dashboard/briefing/__tests__/MeetingTabContent.test.tsx[2m > [22mMeetingTabContent[2m > [22m繧ゅ▲縺ｨ隕九ｋ繝懊ち繝ｳ[2m > [22mhandoffStats.total > previewLimit 縺ｧ陦ｨ遉ｺ縺輔ｌ繧・[32m 26[2mms[22m[39m
 [32m笨・[39m src/features/dashboard/briefing/__tests__/MeetingTabContent.test.tsx[2m > [22mMeetingTabContent[2m > [22m繧ゅ▲縺ｨ隕九ｋ繝懊ち繝ｳ[2m > [22mhandoffStats.total <= previewLimit 縺ｧ髱櫁｡ｨ遉ｺ[32m 19[2mms[22m[39m
 [32m笨・[39m src/features/dashboard/briefing/__tests__/MeetingTabContent.test.tsx[2m > [22mMeetingTabContent[2m > [22m繧ゅ▲縺ｨ隕九ｋ繝懊ち繝ｳ[2m > [22mhandoffStats=null 縺ｧ髱櫁｡ｨ遉ｺ[32m 18[2mms[22m[39m
 [32m笨・[39m src/features/dashboard/briefing/__tests__/MeetingTabContent.test.tsx[2m > [22mMeetingTabContent[2m > [22mdata-testid[2m > [22mmode=morning 縺ｧ morning 逕ｨ縺ｮ testid 縺御ｻ倅ｸ弱＆繧後ｋ[32m 23[2mms[22m[39m
 [32m笨・[39m src/features/dashboard/briefing/__tests__/MeetingTabContent.test.tsx[2m > [22mMeetingTabContent[2m > [22mdata-testid[2m > [22mmode=evening 縺ｧ evening 逕ｨ縺ｮ testid 縺御ｻ倅ｸ弱＆繧後ｋ[32m 19[2mms[22m[39m
[90mstdout[2m | tests/smoke/integrated-resource-calendar.spec.tsx
[22m[39m[MSAL ENV] Validated successfully

 [32m笨・[39m tests/unit/hydration/navigation.hash-only.spec.tsx[2m > [22mRouteHydrationListener hash suppression[2m > [22mdoes not open a new span when only the hash changes[33m 386[2mms[22m[39m
 [32m笨・[39m tests/unit/hydration/navigation.hash-only.spec.tsx[2m > [22mRouteHydrationListener hash suppression[2m > [22mdoes not create any new spans when only the hash changes[33m 348[2mms[22m[39m
[90mstdout[2m | tests/smoke/integrated-resource-calendar.spec.tsx[2m > [22m[2mIntegratedResourceCalendar smoke tests[2m > [22m[2mrenders without crashing
[22m[39m[IRC] mounted { pathname: [32m'/'[39m, isE2E: [33mtrue[39m, timestamp: [32m'2026-04-04T03:17:49.157Z'[39m }
[IRC] Current environment: {
  VITE_E2E: [33mtrue[39m,
  VITE_SP_RESOURCE: [32m'https://isogokatudouhome.sharepoint.com'[39m,
  VITE_FEATURE_SCHEDULES: [33mtrue[39m
}
[IRC] SpClient created: {
  isE2E: [33mtrue[39m,
  client: {
    listItems: [Function: Mock] {
      _isMockFunction: [33mtrue[39m,
      getMockImplementation: [36m[Function (anonymous)][39m,
      mock: [36m[Object][39m,
      mockImplementation: [36m[Function: mockImplementation][39m,
      mockImplementationOnce: [36m[Function: mockImplementationOnce][39m,
      withImplementation: [36m[Function: withImplementation][39m,
      mockReturnThis: [36m[Function: mockReturnThis][39m,
      mockReturnValue: [36m[Function: mockReturnValue][39m,
      mockReturnValueOnce: [36m[Function: mockReturnValueOnce][39m,
      mockResolvedValue: [36m[Function: mockResolvedValue][39m,
      mockResolvedValueOnce: [36m[Function: mockResolvedValueOnce][39m,
      mockRejectedValue: [36m[Function: mockRejectedValue][39m,
      mockRejectedValueOnce: [36m[Function: mockRejectedValueOnce][39m,
      mockClear: [36m[Function: mockClear][39m,
      mockReset: [36m[Function: mockReset][39m,
      mockRestore: [36m[Function: mockRestore][39m,
      mockName: [36m[Function: mockName][39m,
      getMockName: [36m[Function: getMockName][39m,
      [32mSymbol(Symbol.dispose)[39m: [36m[Function (anonymous)][39m
    },
    getItem: [Function: Mock] {
      _isMockFunction: [33mtrue[39m,
      getMockImplementation: [36m[Function (anonymous)][39m,
      mock: [36m[Object][39m,
      mockImplementation: [36m[Function: mockImplementation][39m,
      mockImplementationOnce: [36m[Function: mockImplementationOnce][39m,
      withImplementation: [36m[Function: withImplementation][39m,
      mockReturnThis: [36m[Function: mockReturnThis][39m,
      mockReturnValue: [36m[Function: mockReturnValue][39m,
      mockReturnValueOnce: [36m[Function: mockReturnValueOnce][39m,
      mockResolvedValue: [36m[Function: mockResolvedValue][39m,
      mockResolvedValueOnce: [36m[Function: mockResolvedValueOnce][39m,
      mockRejectedValue: [36m[Function: mockRejectedValue][39m,
      mockRejectedValueOnce: [36m[Function: mockRejectedValueOnce][39m,
      mockClear: [36m[Function: mockClear][39m,
      mockReset: [36m[Function: mockReset][39m,
      mockRestore: [36m[Function: mockRestore][39m,
      mockName: [36m[Function: mockName][39m,
      getMockName: [36m[Function: getMockName][39m,
      [32mSymbol(Symbol.dispose)[39m: [36m[Function (anonymous)][39m
    },
    createItem: [Function: Mock] {
      _isMockFunction: [33mtrue[39m,
      getMockImplementation: [36m[Function (anonymous)][39m,
      mock: [36m[Object][39m,
      mockImplementation: [36m[Function: mockImplementation][39m,
      mockImplementationOnce: [36m[Function: mockImplementationOnce][39m,
      withImplementation: [36m[Function: withImplementation][39m,
      mockReturnThis: [36m[Function: mockReturnThis][39m,
      mockReturnValue: [36m[Function: mockReturnValue][39m,
      mockReturnValueOnce: [36m[Function: mockReturnValueOnce][39m,
      mockResolvedValue: [36m[Function: mockResolvedValue][39m,
      mockResolvedValueOnce: [36m[Function: mockResolvedValueOnce][39m,
      mockRejectedValue: [36m[Function: mockRejectedValue][39m,
      mockRejectedValueOnce: [36m[Function: mockRejectedValueOnce][39m,
      mockClear: [36m[Function: mockClear][39m,
      mockReset: [36m[Function: mockReset][39m,
      mockRestore: [36m[Function: mockRestore][39m,
      mockName: [36m[Function: mockName][39m,
      getMockName: [36m[Function: getMockName][39m,
      [32mSymbol(Symbol.dispose)[39m: [36m[Function (anonymous)][39m
    },
    updateItem: [Function: Mock] {
      _isMockFunction: [33mtrue[39m,
      getMockImplementation: [36m[Function (anonymous)][39m,
      mock: [36m[Object][39m,
      mockImplementation: [36m[Function: mockImplementation][39m,
      mockImplementationOnce: [36m[Function: mockImplementationOnce][39m,
      withImplementation: [36m[Function: withImplementation][39m,
      mockReturnThis: [36m[Function: mockReturnThis][39m,
      mockReturnValue: [36m[Function: mockReturnValue][39m,
      mockReturnValueOnce: [36m[Function: mockReturnValueOnce][39m,
      mockResolvedValue: [36m[Function: mockResolvedValue][39m,
      mockResolvedValueOnce: [36m[Function: mockResolvedValueOnce][39m,
      mockRejectedValue: [36m[Function: mockRejectedValue][39m,
      mockRejectedValueOnce: [36m[Function: mockRejectedValueOnce][39m,
      mockClear: [36m[Function: mockClear][39m,
      mockReset: [36m[Function: mockReset][39m,
      mockRestore: [36m[Function: mockRestore][39m,
      mockName: [36m[Function: mockName][39m,
      getMockName: [36m[Function: getMockName][39m,
      [32mSymbol(Symbol.dispose)[39m: [36m[Function (anonymous)][39m
    },
    deleteItem: [Function: Mock] {
      _isMockFunction: [33mtrue[39m,
      getMockImplementation: [36m[Function (anonymous)][39m,
      mock: [36m[Object][39m,
      mockImplementation: [36m[Function: mockImplementation][39m,
      mockImplementationOnce: [36m[Function: mockImplementationOnce][39m,
      withImplementation: [36m[Function: withImplementation][39m,
      mockReturnThis: [36m[Function: mockReturnThis][39m,
      mockReturnValue: [36m[Function: mockReturnValue][39m,
      mockReturnValueOnce: [36m[Function: mockReturnValueOnce][39m,
      mockResolvedValue: [36m[Function: mockResolvedValue][39m,
      mockResolvedValueOnce: [36m[Function: mockResolvedValueOnce][39m,
      mockRejectedValue: [36m[Function: mockRejectedValue][39m,
      mockRejectedValueOnce: [36m[Function: mockRejectedValueOnce][39m,
      mockClear: [36m[Function: mockClear][39m,
      mockReset: [36m[Function: mockReset][39m,
      mockRestore: [36m[Function: mockRestore][39m,
      mockName: [36m[Function: mockName][39m,
      getMockName: [36m[Function: getMockName][39m,
      [32mSymbol(Symbol.dispose)[39m: [36m[Function (anonymous)][39m
    },
    getListItemsByTitle: [Function: Mock] {
      _isMockFunction: [33mtrue[39m,
      getMockImplementation: [36m[Function (anonymous)][39m,
      mock: [36m[Object][39m,
      mockImplementation: [36m[Function: mockImplementation][39m,
      mockImplementationOnce: [36m[Function: mockImplementationOnce][39m,
      withImplementation: [36m[Function: withImplementation][39m,
      mockReturnThis: [36m[Function: mockReturnThis][39m,
      mockReturnValue: [36m[Function: mockReturnValue][39m,
      mockReturnValueOnce: [36m[Function: mockReturnValueOnce][39m,
      mockResolvedValue: [36m[Function: mockResolvedValue][39m,
      mockResolvedValueOnce: [36m[Function: mockResolvedValueOnce][39m,
      mockRejectedValue: [36m[Function: mockRejectedValue][39m,
      mockRejectedValueOnce: [36m[Function: mockRejectedValueOnce][39m,
      mockClear: [36m[Function: mockClear][39m,
      mockReset: [36m[Function: mockReset][39m,
      mockRestore: [36m[Function: mockRestore][39m,
      mockName: [36m[Function: mockName][39m,
      getMockName: [36m[Function: getMockName][39m,
      [32mSymbol(Symbol.dispose)[39m: [36m[Function (anonymous)][39m
    },
    getListItemById: [Function: Mock] {
      _isMockFunction: [33mtrue[39m,
      getMockImplementation: [36m[Function (anonymous)][39m,
      mock: [36m[Object][39m,
      mockImplementation: [36m[Function: mockImplementation][39m,
      mockImplementationOnce: [36m[Function: mockImplementationOnce][39m,
      withImplementation: [36m[Function: withImplementation][39m,
      mockReturnThis: [36m[Function: mockReturnThis][39m,
      mockReturnValue: [36m[Function: mockReturnValue][39m,
      mockReturnValueOnce: [36m[Function: mockReturnValueOnce][39m,
      mockResolvedValue: [36m[Function: mockResolvedValue][39m,
      mockResolvedValueOnce: [36m[Function: mockResolvedValueOnce][39m,
      mockRejectedValue: [36m[Function: mockRejectedValue][39m,
      mockRejectedValueOnce: [36m[Function: mockRejectedValueOnce][39m,
      mockClear: [36m[Function: mockClear][39m,
      mockReset: [36m[Function: mockReset][39m,
      mockRestore: [36m[Function: mockRestore][39m,
      mockName: [36m[Function: mockName][39m,
      getMockName: [36m[Function: getMockName][39m,
      [32mSymbol(Symbol.dispose)[39m: [36m[Function (anonymous)][39m
    },
    addListItemByTitle: [Function: Mock] {
      _isMockFunction: [33mtrue[39m,
      getMockImplementation: [36m[Function (anonymous)][39m,
      mock: [36m[Object][39m,
      mockImplementation: [36m[Function: mockImplementation][39m,
      mockImplementationOnce: [36m[Function: mockImplementationOnce][39m,
      withImplementation: [36m[Function: withImplementation][39m,
      mockReturnThis: [36m[Function: mockReturnThis][39m,
      mockReturnValue: [36m[Function: mockReturnValue][39m,
      mockReturnValueOnce: [36m[Function: mockReturnValueOnce][39m,
      mockResolvedValue: [36m[Function: mockResolvedValue][39m,
      mockResolvedValueOnce: [36m[Function: mockResolvedValueOnce][39m,
      mockRejectedValue: [36m[Function: mockRejectedValue][39m,
      mockRejectedValueOnce: [36m[Function: mockRejectedValueOnce][39m,
      mockClear: [36m[Function: mockClear][39m,
      mockReset: [36m[Function: mockReset][39m,
      mockRestore: [36m[Function: mockRestore][39m,
      mockName: [36m[Function: mockName][39m,
      getMockName: [36m[Function: getMockName][39m,
      [32mSymbol(Symbol.dispose)[39m: [36m[Function (anonymous)][39m
    },
    addItemByTitle: [Function: Mock] {
      _isMockFunction: [33mtrue[39m,
      getMockImplementation: [36m[Function (anonymous)][39m,
      mock: [36m[Object][39m,
      mockImplementation: [36m[Function: mockImplementation][39m,
      mockImplementationOnce: [36m[Function: mockImplementationOnce][39m,
      withImplementation: [36m[Function: withImplementation][39m,
      mockReturnThis: [36m[Function: mockReturnThis][39m,
      mockReturnValue: [36m[Function: mockReturnValue][39m,
      mockReturnValueOnce: [36m[Function: mockReturnValueOnce][39m,
      mockResolvedValue: [36m[Function: mockResolvedValue][39m,
      mockResolvedValueOnce: [36m[Function: mockResolvedValueOnce][39m,
      mockRejectedValue: [36m[Function: mockRejectedValue][39m,
      mockRejectedValueOnce: [36m[Function: mockRejectedValueOnce][39m,
      mockClear: [36m[Function: mockClear][39m,
      mockReset: [36m[Function: mockReset][39m,
      mockRestore: [36m[Function: mockRestore][39m,
      mockName: [36m[Function: mockName][39m,
      getMockName: [36m[Function: getMockName][39m,
      [32mSymbol(Symbol.dispose)[39m: [36m[Function (anonymous)][39m
    },
    updateListItem: [Function: Mock] {
      _isMockFunction: [33mtrue[39m,
      getMockImplementation: [36m[Function (anonymous)][39m,
      mock: [36m[Object][39m,
      mockImplementation: [36m[Function: mockImplementation][39m,
      mockImplementationOnce: [36m[Function: mockImplementationOnce][39m,
      withImplementation: [36m[Function: withImplementation][39m,
      mockReturnThis: [36m[Function: mockReturnThis][39m,
      mockReturnValue: [36m[Function: mockReturnValue][39m,
      mockReturnValueOnce: [36m[Function: mockReturnValueOnce][39m,
      mockResolvedValue: [36m[Function: mockResolvedValue][39m,
      mockResolvedValueOnce: [36m[Function: mockResolvedValueOnce][39m,
      mockRejectedValue: [36m[Function: mockRejectedValue][39m,
      mockRejectedValueOnce: [36m[Function: mockRejectedValueOnce][39m,
      mockClear: [36m[Function: mockClear][39m,
      mockReset: [36m[Function: mockReset][39m,
      mockRestore: [36m[Function: mockRestore][39m,
      mockName: [36m[Function: mockName][39m,
      getMockName: [36m[Function: getMockName][39m,
      [32mSymbol(Symbol.dispose)[39m: [36m[Function (anonymous)][39m
    },
    deleteListItem: [Function: Mock] {
      _isMockFunction: [33mtrue[39m,
      getMockImplementation: [36m[Function (anonymous)][39m,
      mock: [36m[Object][39m,
      mockImplementation: [36m[Function: mockImplementation][39m,
      mockImplementationOnce: [36m[Function: mockImplementationOnce][39m,
      withImplementation: [36m[Function: withImplementation][39m,
      mockReturnThis: [36m[Function: mockReturnThis][39m,
      mockReturnValue: [36m[Function: mockReturnValue][39m,
      mockReturnValueOnce: [36m[Function: mockReturnValueOnce][39m,
      mockResolvedValue: [36m[Function: mockResolvedValue][39m,
      mockResolvedValueOnce: [36m[Function: mockResolvedValueOnce][39m,
      mockRejectedValue: [36m[Function: mockRejectedValue][39m,
      mockRejectedValueOnce: [36m[Function: mockRejectedValueOnce][39m,
      mockClear: [36m[Function: mockClear][39m,
      mockReset: [36m[Function: mockReset][39m,
      mockRestore: [36m[Function: mockRestore][39m,
      mockName: [36m[Function: mockName][39m,
      getMockName: [36m[Function: getMockName][39m,
      [32mSymbol(Symbol.dispose)[39m: [36m[Function (anonymous)][39m
    },
    postBatch: [Function: Mock] {
      _isMockFunction: [33mtrue[39m,
      getMockImplementation: [36m[Function (anonymous)][39m,
      mock: [36m[Object][39m,
      mockImplementation: [36m[Function: mockImplementation][39m,
      mockImplementationOnce: [36m[Function: mockImplementationOnce][39m,
      withImplementation: [36m[Function: withImplementation][39m,
      mockReturnThis: [36m[Function: mockReturnThis][39m,
      mockReturnValue: [36m[Function: mockReturnValue][39m,
      mockReturnValueOnce: [36m[Function: mockReturnValueOnce][39m,
      mockResolvedValue: [36m[Function: mockResolvedValue][39m,
      mockResolvedValueOnce: [36m[Function: mockResolvedValueOnce][39m,
      mockRejectedValue: [36m[Function: mockRejectedValue][39m,
      mockRejectedValueOnce: [36m[Function: mockRejectedValueOnce][39m,
      mockClear: [36m[Function: mockClear][39m,
      mockReset: [36m[Function: mockReset][39m,
      mockRestore: [36m[Function: mockRestore][39m,
      mockName: [36m[Function: mockName][39m,
      getMockName: [36m[Function: getMockName][39m,
      [32mSymbol(Symbol.dispose)[39m: [36m[Function (anonymous)][39m
    },
    fetchRows: [Function: Mock] {
      _isMockFunction: [33mtrue[39m,
      getMockImplementation: [36m[Function (anonymous)][39m,
      mock: [36m[Object][39m,
      mockImplementation: [36m[Function: mockImplementation][39m,
      mockImplementationOnce: [36m[Function: mockImplementationOnce][39m,
      withImplementation: [36m[Function: withImplementation][39m,
      mockReturnThis: [36m[Function: mockReturnThis][39m,
      mockReturnValue: [36m[Function: mockReturnValue][39m,
      mockReturnValueOnce: [36m[Function: mockReturnValueOnce][39m,
      mockResolvedValue: [36m[Function: mockResolvedValue][39m,
      mockResolvedValueOnce: [36m[Function: mockResolvedValueOnce][39m,
      mockRejectedValue: [36m[Function: mockRejectedValue][39m,
      mockRejectedValueOnce: [36m[Function: mockRejectedValueOnce][39m,
      mockClear: [36m[Function: mockClear][39m,
      mockReset: [36m[Function: mockReset][39m,
      mockRestore: [36m[Function: mockRestore][39m,
      mockName: [36m[Function: mockName][39m,
      getMockName: [36m[Function: getMockName][39m,
      [32mSymbol(Symbol.dispose)[39m: [36m[Function (anonymous)][39m
    },
    fetchRowById: [Function: Mock] {
      _isMockFunction: [33mtrue[39m,
      getMockImplementation: [36m[Function (anonymous)][39m,
      mock: [36m[Object][39m,
      mockImplementation: [36m[Function: mockImplementation][39m,
      mockImplementationOnce: [36m[Function: mockImplementationOnce][39m,
      withImplementation: [36m[Function: withImplementation][39m,
      mockReturnThis: [36m[Function: mockReturnThis][39m,
      mockReturnValue: [36m[Function: mockReturnValue][39m,
      mockReturnValueOnce: [36m[Function: mockReturnValueOnce][39m,
      mockResolvedValue: [36m[Function: mockResolvedValue][39m,
      mockResolvedValueOnce: [36m[Function: mockResolvedValueOnce][39m,
      mockRejectedValue: [36m[Function: mockRejectedValue][39m,
      mockRejectedValueOnce: [36m[Function: mockRejectedValueOnce][39m,
      mockClear: [36m[Function: mockClear][39m,
      mockReset: [36m[Function: mockReset][39m,
      mockRestore: [36m[Function: mockRestore][39m,
      mockName: [36m[Function: mockName][39m,
      getMockName: [36m[Function: getMockName][39m,
      [32mSymbol(Symbol.dispose)[39m: [36m[Function (anonymous)][39m
    },
    spFetch: [Function: Mock] {
      _isMockFunction: [33mtrue[39m,
      getMockImplementation: [36m[Function (anonymous)][39m,
      mock: [36m[Object][39m,
      mockImplementation: [36m[Function: mockImplementation][39m,
      mockImplementationOnce: [36m[Function: mockImplementationOnce][39m,
      withImplementation: [36m[Function: withImplementation][39m,
      mockReturnThis: [36m[Function: mockReturnThis][39m,
      mockReturnValue: [36m[Function: mockReturnValue][39m,
      mockReturnValueOnce: [36m[Function: mockReturnValueOnce][39m,
      mockResolvedValue: [36m[Function: mockResolvedValue][39m,
      mockResolvedValueOnce: [36m[Function: mockResolvedValueOnce][39m,
      mockRejectedValue: [36m[Function: mockRejectedValue][39m,
      mockRejectedValueOnce: [36m[Function: mockRejectedValueOnce][39m,
      mockClear: [36m[Function: mockClear][39m,
      mockReset: [36m[Function: mockReset][39m,
      mockRestore: [36m[Function: mockRestore][39m,
      mockName: [36m[Function: mockName][39m,
      getMockName: [36m[Function: getMockName][39m,
      [32mSymbol(Symbol.dispose)[39m: [36m[Function (anonymous)][39m
    },
    getUnifiedEvents: [Function: Mock] {
      _isMockFunction: [33mtrue[39m,
      getMockImplementation: [36m[Function (anonymous)][39m,
      mock: [36m[Object][39m,
      mockImplementation: [36m[Function: mockImplementation][39m,
      mockImplementationOnce: [36m[Function: mockImplementationOnce][39m,
      withImplementation: [36m[Function: withImplementation][39m,
      mockReturnThis: [36m[Function: mockReturnThis][39m,
      mockReturnValue: [36m[Function: mockReturnValue][39m,
      mockReturnValueOnce: [36m[Function: mockReturnValueOnce][39m,
      mockResolvedValue: [36m[Function: mockResolvedValue][39m,
      mockResolvedValueOnce: [36m[Function: mockResolvedValueOnce][39m,
      mockRejectedValue: [36m[Function: mockRejectedValue][39m,
      mockRejectedValueOnce: [36m[Function: mockRejectedValueOnce][39m,
      mockClear: [36m[Function: mockClear][39m,
      mockReset: [36m[Function: mockReset][39m,
      mockRestore: [36m[Function: mockRestore][39m,
      mockName: [36m[Function: mockName][39m,
      getMockName: [36m[Function: getMockName][39m,
      [32mSymbol(Symbol.dispose)[39m: [36m[Function (anonymous)][39m
    },
    getResources: [Function: Mock] {
      _isMockFunction: [33mtrue[39m,
      getMockImplementation: [36m[Function (anonymous)][39m,
      mock: [36m[Object][39m,
      mockImplementation: [36m[Function: mockImplementation][39m,
      mockImplementationOnce: [36m[Function: mockImplementationOnce][39m,
      withImplementation: [36m[Function: withImplementation][39m,
      mockReturnThis: [36m[Function: mockReturnThis][39m,
      mockReturnValue: [36m[Function: mockReturnValue][39m,
      mockReturnValueOnce: [36m[Function: mockReturnValueOnce][39m,
      mockResolvedValue: [36m[Function: mockResolvedValue][39m,
      mockResolvedValueOnce: [36m[Function: mockResolvedValueOnce][39m,
      mockRejectedValue: [36m[Function: mockRejectedValue][39m,
      mockRejectedValueOnce: [36m[Function: mockRejectedValueOnce][39m,
      mockClear: [36m[Function: mockClear][39m,
      mockReset: [36m[Function: mockReset][39m,
      mockRestore: [36m[Function: mockRestore][39m,
      mockName: [36m[Function: mockName][39m,
      getMockName: [36m[Function: getMockName][39m,
      [32mSymbol(Symbol.dispose)[39m: [36m[Function (anonymous)][39m
    }
  }
}
[IRC] mounted { pathname: [32m'/'[39m, isE2E: [33mtrue[39m, timestamp: [32m'2026-04-04T03:17:49.170Z'[39m }
[IRC] Current environment: {
  VITE_E2E: [33mtrue[39m,
  VITE_SP_RESOURCE: [32m'https://isogokatudouhome.sharepoint.com'[39m,
  VITE_FEATURE_SCHEDULES: [33mtrue[39m
}
[IRC] SpClient created: {
  isE2E: [33mtrue[39m,
  client: {
    listItems: [Function: Mock] {
      _isMockFunction: [33mtrue[39m,
      getMockImplementation: [36m[Function (anonymous)][39m,
      mock: [36m[Object][39m,
      mockImplementation: [36m[Function: mockImplementation][39m,
      mockImplementationOnce: [36m[Function: mockImplementationOnce][39m,
      withImplementation: [36m[Function: withImplementation][39m,
      mockReturnThis: [36m[Function: mockReturnThis][39m,
      mockReturnValue: [36m[Function: mockReturnValue][39m,
      mockReturnValueOnce: [36m[Function: mockReturnValueOnce][39m,
      mockResolvedValue: [36m[Function: mockResolvedValue][39m,
      mockResolvedValueOnce: [36m[Function: mockResolvedValueOnce][39m,
      mockRejectedValue: [36m[Function: mockRejectedValue][39m,
      mockRejectedValueOnce: [36m[Function: mockRejectedValueOnce][39m,
      mockClear: [36m[Function: mockClear][39m,
      mockReset: [36m[Function: mockReset][39m,
      mockRestore: [36m[Function: mockRestore][39m,
      mockName: [36m[Function: mockName][39m,
      getMockName: [36m[Function: getMockName][39m,
      [32mSymbol(Symbol.dispose)[39m: [36m[Function (anonymous)][39m
    },
    getItem: [Function: Mock] {
      _isMockFunction: [33mtrue[39m,
      getMockImplementation: [36m[Function (anonymous)][39m,
      mock: [36m[Object][39m,
      mockImplementation: [36m[Function: mockImplementation][39m,
      mockImplementationOnce: [36m[Function: mockImplementationOnce][39m,
      withImplementation: [36m[Function: withImplementation][39m,
      mockReturnThis: [36m[Function: mockReturnThis][39m,
      mockReturnValue: [36m[Function: mockReturnValue][39m,
      mockReturnValueOnce: [36m[Function: mockReturnValueOnce][39m,
      mockResolvedValue: [36m[Function: mockResolvedValue][39m,
      mockResolvedValueOnce: [36m[Function: mockResolvedValueOnce][39m,
      mockRejectedValue: [36m[Function: mockRejectedValue][39m,
      mockRejectedValueOnce: [36m[Function: mockRejectedValueOnce][39m,
      mockClear: [36m[Function: mockClear][39m,
      mockReset: [36m[Function: mockReset][39m,
      mockRestore: [36m[Function: mockRestore][39m,
      mockName: [36m[Function: mockName][39m,
      getMockName: [36m[Function: getMockName][39m,
      [32mSymbol(Symbol.dispose)[39m: [36m[Function (anonymous)][39m
    },
    createItem: [Function: Mock] {
      _isMockFunction: [33mtrue[39m,
      getMockImplementation: [36m[Function (anonymous)][39m,
      mock: [36m[Object][39m,
      mockImplementation: [36m[Function: mockImplementation][39m,
      mockImplementationOnce: [36m[Function: mockImplementationOnce][39m,
      withImplementation: [36m[Function: withImplementation][39m,
      mockReturnThis: [36m[Function: mockReturnThis][39m,
      mockReturnValue: [36m[Function: mockReturnValue][39m,
      mockReturnValueOnce: [36m[Function: mockReturnValueOnce][39m,
      mockResolvedValue: [36m[Function: mockResolvedValue][39m,
      mockResolvedValueOnce: [36m[Function: mockResolvedValueOnce][39m,
      mockRejectedValue: [36m[Function: mockRejectedValue][39m,
      mockRejectedValueOnce: [36m[Function: mockRejectedValueOnce][39m,
      mockClear: [36m[Function: mockClear][39m,
      mockReset: [36m[Function: mockReset][39m,
      mockRestore: [36m[Function: mockRestore][39m,
      mockName: [36m[Function: mockName][39m,
      getMockName: [36m[Function: getMockName][39m,
      [32mSymbol(Symbol.dispose)[39m: [36m[Function (anonymous)][39m
    },
    updateItem: [Function: Mock] {
      _isMockFunction: [33mtrue[39m,
      getMockImplementation: [36m[Function (anonymous)][39m,
      mock: [36m[Object][39m,
      mockImplementation: [36m[Function: mockImplementation][39m,
      mockImplementationOnce: [36m[Function: mockImplementationOnce][39m,
      withImplementation: [36m[Function: withImplementation][39m,
      mockReturnThis: [36m[Function: mockReturnThis][39m,
      mockReturnValue: [36m[Function: mockReturnValue][39m,
      mockReturnValueOnce: [36m[Function: mockReturnValueOnce][39m,
      mockResolvedValue: [36m[Function: mockResolvedValue][39m,
      mockResolvedValueOnce: [36m[Function: mockResolvedValueOnce][39m,
      mockRejectedValue: [36m[Function: mockRejectedValue][39m,
      mockRejectedValueOnce: [36m[Function: mockRejectedValueOnce][39m,
      mockClear: [36m[Function: mockClear][39m,
      mockReset: [36m[Function: mockReset][39m,
      mockRestore: [36m[Function: mockRestore][39m,
      mockName: [36m[Function: mockName][39m,
      getMockName: [36m[Function: getMockName][39m,
      [32mSymbol(Symbol.dispose)[39m: [36m[Function (anonymous)][39m
    },
    deleteItem: [Function: Mock] {
      _isMockFunction: [33mtrue[39m,
      getMockImplementation: [36m[Function (anonymous)][39m,
      mock: [36m[Object][39m,
      mockImplementation: [36m[Function: mockImplementation][39m,
      mockImplementationOnce: [36m[Function: mockImplementationOnce][39m,
      withImplementation: [36m[Function: withImplementation][39m,
      mockReturnThis: [36m[Function: mockReturnThis][39m,
      mockReturnValue: [36m[Function: mockReturnValue][39m,
      mockReturnValueOnce: [36m[Function: mockReturnValueOnce][39m,
      mockResolvedValue: [36m[Function: mockResolvedValue][39m,
      mockResolvedValueOnce: [36m[Function: mockResolvedValueOnce][39m,
      mockRejectedValue: [36m[Function: mockRejectedValue][39m,
      mockRejectedValueOnce: [36m[Function: mockRejectedValueOnce][39m,
      mockClear: [36m[Function: mockClear][39m,
      mockReset: [36m[Function: mockReset][39m,
      mockRestore: [36m[Function: mockRestore][39m,
      mockName: [36m[Function: mockName][39m,
      getMockName: [36m[Function: getMockName][39m,
      [32mSymbol(Symbol.dispose)[39m: [36m[Function (anonymous)][39m
    },
    getListItemsByTitle: [Function: Mock] {
      _isMockFunction: [33mtrue[39m,
      getMockImplementation: [36m[Function (anonymous)][39m,
      mock: [36m[Object][39m,
      mockImplementation: [36m[Function: mockImplementation][39m,
      mockImplementationOnce: [36m[Function: mockImplementationOnce][39m,
      withImplementation: [36m[Function: withImplementation][39m,
      mockReturnThis: [36m[Function: mockReturnThis][39m,
      mockReturnValue: [36m[Function: mockReturnValue][39m,
      mockReturnValueOnce: [36m[Function: mockReturnValueOnce][39m,
      mockResolvedValue: [36m[Function: mockResolvedValue][39m,
      mockResolvedValueOnce: [36m[Function: mockResolvedValueOnce][39m,
      mockRejectedValue: [36m[Function: mockRejectedValue][39m,
      mockRejectedValueOnce: [36m[Function: mockRejectedValueOnce][39m,
      mockClear: [36m[Function: mockClear][39m,
      mockReset: [36m[Function: mockReset][39m,
      mockRestore: [36m[Function: mockRestore][39m,
      mockName: [36m[Function: mockName][39m,
      getMockName: [36m[Function: getMockName][39m,
      [32mSymbol(Symbol.dispose)[39m: [36m[Function (anonymous)][39m
    },
    getListItemById: [Function: Mock] {
      _isMockFunction: [33mtrue[39m,
      getMockImplementation: [36m[Function (anonymous)][39m,
      mock: [36m[Object][39m,
      mockImplementation: [36m[Function: mockImplementation][39m,
      mockImplementationOnce: [36m[Function: mockImplementationOnce][39m,
      withImplementation: [36m[Function: withImplementation][39m,
      mockReturnThis: [36m[Function: mockReturnThis][39m,
      mockReturnValue: [36m[Function: mockReturnValue][39m,
      mockReturnValueOnce: [36m[Function: mockReturnValueOnce][39m,
      mockResolvedValue: [36m[Function: mockResolvedValue][39m,
      mockResolvedValueOnce: [36m[Function: mockResolvedValueOnce][39m,
      mockRejectedValue: [36m[Function: mockRejectedValue][39m,
      mockRejectedValueOnce: [36m[Function: mockRejectedValueOnce][39m,
      mockClear: [36m[Function: mockClear][39m,
      mockReset: [36m[Function: mockReset][39m,
      mockRestore: [36m[Function: mockRestore][39m,
      mockName: [36m[Function: mockName][39m,
      getMockName: [36m[Function: getMockName][39m,
      [32mSymbol(Symbol.dispose)[39m: [36m[Function (anonymous)][39m
    },
    addListItemByTitle: [Function: Mock] {
      _isMockFunction: [33mtrue[39m,
      getMockImplementation: [36m[Function (anonymous)][39m,
      mock: [36m[Object][39m,
      mockImplementation: [36m[Function: mockImplementation][39m,
      mockImplementationOnce: [36m[Function: mockImplementationOnce][39m,
      withImplementation: [36m[Function: withImplementation][39m,
      mockReturnThis: [36m[Function: mockReturnThis][39m,
      mockReturnValue: [36m[Function: mockReturnValue][39m,
      mockReturnValueOnce: [36m[Function: mockReturnValueOnce][39m,
      mockResolvedValue: [36m[Function: mockResolvedValue][39m,
      mockResolvedValueOnce: [36m[Function: mockResolvedValueOnce][39m,
      mockRejectedValue: [36m[Function: mockRejectedValue][39m,
      mockRejectedValueOnce: [36m[Function: mockRejectedValueOnce][39m,
      mockClear: [36m[Function: mockClear][39m,
      mockReset: [36m[Function: mockReset][39m,
      mockRestore: [36m[Function: mockRestore][39m,
      mockName: [36m[Function: mockName][39m,
      getMockName: [36m[Function: getMockName][39m,
      [32mSymbol(Symbol.dispose)[39m: [36m[Function (anonymous)][39m
    },
    addItemByTitle: [Function: Mock] {
      _isMockFunction: [33mtrue[39m,
      getMockImplementation: [36m[Function (anonymous)][39m,
      mock: [36m[Object][39m,
      mockImplementation: [36m[Function: mockImplementation][39m,
      mockImplementationOnce: [36m[Function: mockImplementationOnce][39m,
      withImplementation: [36m[Function: withImplementation][39m,
      mockReturnThis: [36m[Function: mockReturnThis][39m,
      mockReturnValue: [36m[Function: mockReturnValue][39m,
      mockReturnValueOnce: [36m[Function: mockReturnValueOnce][39m,
      mockResolvedValue: [36m[Function: mockResolvedValue][39m,
      mockResolvedValueOnce: [36m[Function: mockResolvedValueOnce][39m,
      mockRejectedValue: [36m[Function: mockRejectedValue][39m,
      mockRejectedValueOnce: [36m[Function: mockRejectedValueOnce][39m,
      mockClear: [36m[Function: mockClear][39m,
      mockReset: [36m[Function: mockReset][39m,
      mockRestore: [36m[Function: mockRestore][39m,
      mockName: [36m[Function: mockName][39m,
      getMockName: [36m[Function: getMockName][39m,
      [32mSymbol(Symbol.dispose)[39m: [36m[Function (anonymous)][39m
    },
    updateListItem: [Function: Mock] {
      _isMockFunction: [33mtrue[39m,
      getMockImplementation: [36m[Function (anonymous)][39m,
      mock: [36m[Object][39m,
      mockImplementation: [36m[Function: mockImplementation][39m,
      mockImplementationOnce: [36m[Function: mockImplementationOnce][39m,
      withImplementation: [36m[Function: withImplementation][39m,
      mockReturnThis: [36m[Function: mockReturnThis][39m,
      mockReturnValue: [36m[Function: mockReturnValue][39m,
      mockReturnValueOnce: [36m[Function: mockReturnValueOnce][39m,
      mockResolvedValue: [36m[Function: mockResolvedValue][39m,
      mockResolvedValueOnce: [36m[Function: mockResolvedValueOnce][39m,
      mockRejectedValue: [36m[Function: mockRejectedValue][39m,
      mockRejectedValueOnce: [36m[Function: mockRejectedValueOnce][39m,
      mockClear: [36m[Function: mockClear][39m,
      mockReset: [36m[Function: mockReset][39m,
      mockRestore: [36m[Function: mockRestore][39m,
      mockName: [36m[Function: mockName][39m,
      getMockName: [36m[Function: getMockName][39m,
      [32mSymbol(Symbol.dispose)[39m: [36m[Function (anonymous)][39m
    },
    deleteListItem: [Function: Mock] {
      _isMockFunction: [33mtrue[39m,
      getMockImplementation: [36m[Function (anonymous)][39m,
      mock: [36m[Object][39m,
      mockImplementation: [36m[Function: mockImplementation][39m,
      mockImplementationOnce: [36m[Function: mockImplementationOnce][39m,
      withImplementation: [36m[Function: withImplementation][39m,
      mockReturnThis: [36m[Function: mockReturnThis][39m,
      mockReturnValue: [36m[Function: mockReturnValue][39m,
      mockReturnValueOnce: [36m[Function: mockReturnValueOnce][39m,
      mockResolvedValue: [36m[Function: mockResolvedValue][39m,
      mockResolvedValueOnce: [36m[Function: mockResolvedValueOnce][39m,
      mockRejectedValue: [36m[Function: mockRejectedValue][39m,
      mockRejectedValueOnce: [36m[Function: mockRejectedValueOnce][39m,
      mockClear: [36m[Function: mockClear][39m,
      mockReset: [36m[Function: mockReset][39m,
      mockRestore: [36m[Function: mockRestore][39m,
      mockName: [36m[Function: mockName][39m,
      getMockName: [36m[Function: getMockName][39m,
      [32mSymbol(Symbol.dispose)[39m: [36m[Function (anonymous)][39m
    },
    postBatch: [Function: Mock] {
      _isMockFunction: [33mtrue[39m,
      getMockImplementation: [36m[Function (anonymous)][39m,
      mock: [36m[Object][39m,
      mockImplementation: [36m[Function: mockImplementation][39m,
      mockImplementationOnce: [36m[Function: mockImplementationOnce][39m,
      withImplementation: [36m[Function: withImplementation][39m,
      mockReturnThis: [36m[Function: mockReturnThis][39m,
      mockReturnValue: [36m[Function: mockReturnValue][39m,
      mockReturnValueOnce: [36m[Function: mockReturnValueOnce][39m,
      mockResolvedValue: [36m[Function: mockResolvedValue][39m,
      mockResolvedValueOnce: [36m[Function: mockResolvedValueOnce][39m,
      mockRejectedValue: [36m[Function: mockRejectedValue][39m,
      mockRejectedValueOnce: [36m[Function: mockRejectedValueOnce][39m,
      mockClear: [36m[Function: mockClear][39m,
      mockReset: [36m[Function: mockReset][39m,
      mockRestore: [36m[Function: mockRestore][39m,
      mockName: [36m[Function: mockName][39m,
      getMockName: [36m[Function: getMockName][39m,
      [32mSymbol(Symbol.dispose)[39m: [36m[Function (anonymous)][39m
    },
    fetchRows: [Function: Mock] {
      _isMockFunction: [33mtrue[39m,
      getMockImplementation: [36m[Function (anonymous)][39m,
      mock: [36m[Object][39m,
      mockImplementation: [36m[Function: mockImplementation][39m,
      mockImplementationOnce: [36m[Function: mockImplementationOnce][39m,
      withImplementation: [36m[Function: withImplementation][39m,
      mockReturnThis: [36m[Function: mockReturnThis][39m,
      mockReturnValue: [36m[Function: mockReturnValue][39m,
      mockReturnValueOnce: [36m[Function: mockReturnValueOnce][39m,
      mockResolvedValue: [36m[Function: mockResolvedValue][39m,
      mockResolvedValueOnce: [36m[Function: mockResolvedValueOnce][39m,
      mockRejectedValue: [36m[Function: mockRejectedValue][39m,
      mockRejectedValueOnce: [36m[Function: mockRejectedValueOnce][39m,
      mockClear: [36m[Function: mockClear][39m,
      mockReset: [36m[Function: mockReset][39m,
      mockRestore: [36m[Function: mockRestore][39m,
      mockName: [36m[Function: mockName][39m,
      getMockName: [36m[Function: getMockName][39m,
      [32mSymbol(Symbol.dispose)[39m: [36m[Function (anonymous)][39m
    },
    fetchRowById: [Function: Mock] {
      _isMockFunction: [33mtrue[39m,
      getMockImplementation: [36m[Function (anonymous)][39m,
      mock: [36m[Object][39m,
      mockImplementation: [36m[Function: mockImplementation][39m,
      mockImplementationOnce: [36m[Function: mockImplementationOnce][39m,
      withImplementation: [36m[Function: withImplementation][39m,
      mockReturnThis: [36m[Function: mockReturnThis][39m,
      mockReturnValue: [36m[Function: mockReturnValue][39m,
      mockReturnValueOnce: [36m[Function: mockReturnValueOnce][39m,
      mockResolvedValue: [36m[Function: mockResolvedValue][39m,
      mockResolvedValueOnce: [36m[Function: mockResolvedValueOnce][39m,
      mockRejectedValue: [36m[Function: mockRejectedValue][39m,
      mockRejectedValueOnce: [36m[Function: mockRejectedValueOnce][39m,
      mockClear: [36m[Function: mockClear][39m,
      mockReset: [36m[Function: mockReset][39m,
      mockRestore: [36m[Function: mockRestore][39m,
      mockName: [36m[Function: mockName][39m,
      getMockName: [36m[Function: getMockName][39m,
      [32mSymbol(Symbol.dispose)[39m: [36m[Function (anonymous)][39m
    },
    spFetch: [Function: Mock] {
      _isMockFunction: [33mtrue[39m,
      getMockImplementation: [36m[Function (anonymous)][39m,
      mock: [36m[Object][39m,
      mockImplementation: [36m[Function: mockImplementation][39m,
      mockImplementationOnce: [36m[Function: mockImplementationOnce][39m,
      withImplementation: [36m[Function: withImplementation][39m,
      mockReturnThis: [36m[Function: mockReturnThis][39m,
      mockReturnValue: [36m[Function: mockReturnValue][39m,
      mockReturnValueOnce: [36m[Function: mockReturnValueOnce][39m,
      mockResolvedValue: [36m[Function: mockResolvedValue][39m,
      mockResolvedValueOnce: [36m[Function: mockResolvedValueOnce][39m,
      mockRejectedValue: [36m[Function: mockRejectedValue][39m,
      mockRejectedValueOnce: [36m[Function: mockRejectedValueOnce][39m,
      mockClear: [36m[Function: mockClear][39m,
      mockReset: [36m[Function: mockReset][39m,
      mockRestore: [36m[Function: mockRestore][39m,
      mockName: [36m[Function: mockName][39m,
      getMockName: [36m[Function: getMockName][39m,
      [32mSymbol(Symbol.dispose)[39m: [36m[Function (anonymous)][39m
    },
    getUnifiedEvents: [Function: Mock] {
      _isMockFunction: [33mtrue[39m,
      getMockImplementation: [36m[Function (anonymous)][39m,
      mock: [36m[Object][39m,
      mockImplementation: [36m[Function: mockImplementation][39m,
      mockImplementationOnce: [36m[Function: mockImplementationOnce][39m,
      withImplementation: [36m[Function: withImplementation][39m,
      mockReturnThis: [36m[Function: mockReturnThis][39m,
      mockReturnValue: [36m[Function: mockReturnValue][39m,
      mockReturnValueOnce: [36m[Function: mockReturnValueOnce][39m,
      mockResolvedValue: [36m[Function: mockResolvedValue][39m,
      mockResolvedValueOnce: [36m[Function: mockResolvedValueOnce][39m,
      mockRejectedValue: [36m[Function: mockRejectedValue][39m,
      mockRejectedValueOnce: [36m[Function: mockRejectedValueOnce][39m,
      mockClear: [36m[Function: mockClear][39m,
      mockReset: [36m[Function: mockReset][39m,
      mockRestore: [36m[Function: mockRestore][39m,
      mockName: [36m[Function: mockName][39m,
      getMockName: [36m[Function: getMockName][39m,
      [32mSymbol(Symbol.dispose)[39m: [36m[Function (anonymous)][39m
    },
    getResources: [Function: Mock] {
      _isMockFunction: [33mtrue[39m,
      getMockImplementation: [36m[Function (anonymous)][39m,
      mock: [36m[Object][39m,
      mockImplementation: [36m[Function: mockImplementation][39m,
      mockImplementationOnce: [36m[Function: mockImplementationOnce][39m,
      withImplementation: [36m[Function: withImplementation][39m,
      mockReturnThis: [36m[Function: mockReturnThis][39m,
      mockReturnValue: [36m[Function: mockReturnValue][39m,
      mockReturnValueOnce: [36m[Function: mockReturnValueOnce][39m,
      mockResolvedValue: [36m[Function: mockResolvedValue][39m,
      mockResolvedValueOnce: [36m[Function: mockResolvedValueOnce][39m,
      mockRejectedValue: [36m[Function: mockRejectedValue][39m,
      mockRejectedValueOnce: [36m[Function: mockRejectedValueOnce][39m,
      mockClear: [36m[Function: mockClear][39m,
      mockReset: [36m[Function: mockReset][39m,
      mockRestore: [36m[Function: mockRestore][39m,
      mockName: [36m[Function: mockName][39m,
      getMockName: [36m[Function: getMockName][39m,
      [32mSymbol(Symbol.dispose)[39m: [36m[Function (anonymous)][39m
    }
  }
}
[IRC] mounted { pathname: [32m'/'[39m, isE2E: [33mtrue[39m, timestamp: [32m'2026-04-04T03:17:49.375Z'[39m }
[IRC] Current environment: {
  VITE_E2E: [33mtrue[39m,
  VITE_SP_RESOURCE: [32m'https://isogokatudouhome.sharepoint.com'[39m,
  VITE_FEATURE_SCHEDULES: [33mtrue[39m
}
[IRC] mounted { pathname: [32m'/'[39m, isE2E: [33mtrue[39m, timestamp: [32m'2026-04-04T03:17:49.377Z'[39m }
[IRC] Current environment: {
  VITE_E2E: [33mtrue[39m,
  VITE_SP_RESOURCE: [32m'https://isogokatudouhome.sharepoint.com'[39m,
  VITE_FEATURE_SCHEDULES: [33mtrue[39m
}
[IRC] Loaded resources: [33m0[39m
[IRC] Loaded events count: [33m2[39m
[IRC] Loaded resources: [33m0[39m
[IRC] Loaded events count: [33m2[39m

[90mstdout[2m | tests/smoke/integrated-resource-calendar.spec.tsx[2m > [22m[2mIntegratedResourceCalendar smoke tests[2m > [22m[2mrenders without crashing
[22m[39m[IRC] mounted { pathname: [32m'/'[39m, isE2E: [33mtrue[39m, timestamp: [32m'2026-04-04T03:17:49.415Z'[39m }
[IRC] Current environment: {
  VITE_E2E: [33mtrue[39m,
  VITE_SP_RESOURCE: [32m'https://isogokatudouhome.sharepoint.com'[39m,
  VITE_FEATURE_SCHEDULES: [33mtrue[39m
}
[IRC] mounted { pathname: [32m'/'[39m, isE2E: [33mtrue[39m, timestamp: [32m'2026-04-04T03:17:49.417Z'[39m }
[IRC] Current environment: {
  VITE_E2E: [33mtrue[39m,
  VITE_SP_RESOURCE: [32m'https://isogokatudouhome.sharepoint.com'[39m,
  VITE_FEATURE_SCHEDULES: [33mtrue[39m
}

[90mstdout[2m | tests/smoke/integrated-resource-calendar.spec.tsx[2m > [22m[2mIntegratedResourceCalendar smoke tests[2m > [22m[2mdisplays the page title
[22m[39m[IRC] mounted { pathname: [32m'/'[39m, isE2E: [33mtrue[39m, timestamp: [32m'2026-04-04T03:17:49.452Z'[39m }
[IRC] Current environment: {
  VITE_E2E: [33mtrue[39m,
  VITE_SP_RESOURCE: [32m'https://isogokatudouhome.sharepoint.com'[39m,
  VITE_FEATURE_SCHEDULES: [33mtrue[39m
}
[IRC] SpClient created: {
  isE2E: [33mtrue[39m,
  client: {
    listItems: [Function: Mock] {
      _isMockFunction: [33mtrue[39m,
      getMockImplementation: [36m[Function (anonymous)][39m,
      mock: [36m[Object][39m,
      mockImplementation: [36m[Function: mockImplementation][39m,
      mockImplementationOnce: [36m[Function: mockImplementationOnce][39m,
      withImplementation: [36m[Function: withImplementation][39m,
      mockReturnThis: [36m[Function: mockReturnThis][39m,
      mockReturnValue: [36m[Function: mockReturnValue][39m,
      mockReturnValueOnce: [36m[Function: mockReturnValueOnce][39m,
      mockResolvedValue: [36m[Function: mockResolvedValue][39m,
      mockResolvedValueOnce: [36m[Function: mockResolvedValueOnce][39m,
      mockRejectedValue: [36m[Function: mockRejectedValue][39m,
      mockRejectedValueOnce: [36m[Function: mockRejectedValueOnce][39m,
      mockClear: [36m[Function: mockClear][39m,
      mockReset: [36m[Function: mockReset][39m,
      mockRestore: [36m[Function: mockRestore][39m,
      mockName: [36m[Function: mockName][39m,
      getMockName: [36m[Function: getMockName][39m,
      [32mSymbol(Symbol.dispose)[39m: [36m[Function (anonymous)][39m
    },
    getItem: [Function: Mock] {
      _isMockFunction: [33mtrue[39m,
      getMockImplementation: [36m[Function (anonymous)][39m,
      mock: [36m[Object][39m,
      mockImplementation: [36m[Function: mockImplementation][39m,
      mockImplementationOnce: [36m[Function: mockImplementationOnce][39m,
      withImplementation: [36m[Function: withImplementation][39m,
      mockReturnThis: [36m[Function: mockReturnThis][39m,
      mockReturnValue: [36m[Function: mockReturnValue][39m,
      mockReturnValueOnce: [36m[Function: mockReturnValueOnce][39m,
      mockResolvedValue: [36m[Function: mockResolvedValue][39m,
      mockResolvedValueOnce: [36m[Function: mockResolvedValueOnce][39m,
      mockRejectedValue: [36m[Function: mockRejectedValue][39m,
      mockRejectedValueOnce: [36m[Function: mockRejectedValueOnce][39m,
      mockClear: [36m[Function: mockClear][39m,
      mockReset: [36m[Function: mockReset][39m,
      mockRestore: [36m[Function: mockRestore][39m,
      mockName: [36m[Function: mockName][39m,
      getMockName: [36m[Function: getMockName][39m,
      [32mSymbol(Symbol.dispose)[39m: [36m[Function (anonymous)][39m
    },
    createItem: [Function: Mock] {
      _isMockFunction: [33mtrue[39m,
      getMockImplementation: [36m[Function (anonymous)][39m,
      mock: [36m[Object][39m,
      mockImplementation: [36m[Function: mockImplementation][39m,
      mockImplementationOnce: [36m[Function: mockImplementationOnce][39m,
      withImplementation: [36m[Function: withImplementation][39m,
      mockReturnThis: [36m[Function: mockReturnThis][39m,
      mockReturnValue: [36m[Function: mockReturnValue][39m,
      mockReturnValueOnce: [36m[Function: mockReturnValueOnce][39m,
      mockResolvedValue: [36m[Function: mockResolvedValue][39m,
      mockResolvedValueOnce: [36m[Function: mockResolvedValueOnce][39m,
      mockRejectedValue: [36m[Function: mockRejectedValue][39m,
      mockRejectedValueOnce: [36m[Function: mockRejectedValueOnce][39m,
      mockClear: [36m[Function: mockClear][39m,
      mockReset: [36m[Function: mockReset][39m,
      mockRestore: [36m[Function: mockRestore][39m,
      mockName: [36m[Function: mockName][39m,
      getMockName: [36m[Function: getMockName][39m,
      [32mSymbol(Symbol.dispose)[39m: [36m[Function (anonymous)][39m
    },
    updateItem: [Function: Mock] {
      _isMockFunction: [33mtrue[39m,
      getMockImplementation: [36m[Function (anonymous)][39m,
      mock: [36m[Object][39m,
      mockImplementation: [36m[Function: mockImplementation][39m,
      mockImplementationOnce: [36m[Function: mockImplementationOnce][39m,
      withImplementation: [36m[Function: withImplementation][39m,
      mockReturnThis: [36m[Function: mockReturnThis][39m,
      mockReturnValue: [36m[Function: mockReturnValue][39m,
      mockReturnValueOnce: [36m[Function: mockReturnValueOnce][39m,
      mockResolvedValue: [36m[Function: mockResolvedValue][39m,
      mockResolvedValueOnce: [36m[Function: mockResolvedValueOnce][39m,
      mockRejectedValue: [36m[Function: mockRejectedValue][39m,
      mockRejectedValueOnce: [36m[Function: mockRejectedValueOnce][39m,
      mockClear: [36m[Function: mockClear][39m,
      mockReset: [36m[Function: mockReset][39m,
      mockRestore: [36m[Function: mockRestore][39m,
      mockName: [36m[Function: mockName][39m,
      getMockName: [36m[Function: getMockName][39m,
      [32mSymbol(Symbol.dispose)[39m: [36m[Function (anonymous)][39m
    },
    deleteItem: [Function: Mock] {
      _isMockFunction: [33mtrue[39m,
      getMockImplementation: [36m[Function (anonymous)][39m,
      mock: [36m[Object][39m,
      mockImplementation: [36m[Function: mockImplementation][39m,
      mockImplementationOnce: [36m[Function: mockImplementationOnce][39m,
      withImplementation: [36m[Function: withImplementation][39m,
      mockReturnThis: [36m[Function: mockReturnThis][39m,
      mockReturnValue: [36m[Function: mockReturnValue][39m,
      mockReturnValueOnce: [36m[Function: mockReturnValueOnce][39m,
      mockResolvedValue: [36m[Function: mockResolvedValue][39m,
      mockResolvedValueOnce: [36m[Function: mockResolvedValueOnce][39m,
      mockRejectedValue: [36m[Function: mockRejectedValue][39m,
      mockRejectedValueOnce: [36m[Function: mockRejectedValueOnce][39m,
      mockClear: [36m[Function: mockClear][39m,
      mockReset: [36m[Function: mockReset][39m,
      mockRestore: [36m[Function: mockRestore][39m,
      mockName: [36m[Function: mockName][39m,
      getMockName: [36m[Function: getMockName][39m,
      [32mSymbol(Symbol.dispose)[39m: [36m[Function (anonymous)][39m
    },
    getListItemsByTitle: [Function: Mock] {
      _isMockFunction: [33mtrue[39m,
      getMockImplementation: [36m[Function (anonymous)][39m,
      mock: [36m[Object][39m,
      mockImplementation: [36m[Function: mockImplementation][39m,
      mockImplementationOnce: [36m[Function: mockImplementationOnce][39m,
      withImplementation: [36m[Function: withImplementation][39m,
      mockReturnThis: [36m[Function: mockReturnThis][39m,
      mockReturnValue: [36m[Function: mockReturnValue][39m,
      mockReturnValueOnce: [36m[Function: mockReturnValueOnce][39m,
      mockResolvedValue: [36m[Function: mockResolvedValue][39m,
      mockResolvedValueOnce: [36m[Function: mockResolvedValueOnce][39m,
      mockRejectedValue: [36m[Function: mockRejectedValue][39m,
      mockRejectedValueOnce: [36m[Function: mockRejectedValueOnce][39m,
      mockClear: [36m[Function: mockClear][39m,
      mockReset: [36m[Function: mockReset][39m,
      mockRestore: [36m[Function: mockRestore][39m,
      mockName: [36m[Function: mockName][39m,
      getMockName: [36m[Function: getMockName][39m,
      [32mSymbol(Symbol.dispose)[39m: [36m[Function (anonymous)][39m
    },
    getListItemById: [Function: Mock] {
      _isMockFunction: [33mtrue[39m,
      getMockImplementation: [36m[Function (anonymous)][39m,
      mock: [36m[Object][39m,
      mockImplementation: [36m[Function: mockImplementation][39m,
      mockImplementationOnce: [36m[Function: mockImplementationOnce][39m,
      withImplementation: [36m[Function: withImplementation][39m,
      mockReturnThis: [36m[Function: mockReturnThis][39m,
      mockReturnValue: [36m[Function: mockReturnValue][39m,
      mockReturnValueOnce: [36m[Function: mockReturnValueOnce][39m,
      mockResolvedValue: [36m[Function: mockResolvedValue][39m,
      mockResolvedValueOnce: [36m[Function: mockResolvedValueOnce][39m,
      mockRejectedValue: [36m[Function: mockRejectedValue][39m,
      mockRejectedValueOnce: [36m[Function: mockRejectedValueOnce][39m,
      mockClear: [36m[Function: mockClear][39m,
      mockReset: [36m[Function: mockReset][39m,
      mockRestore: [36m[Function: mockRestore][39m,
      mockName: [36m[Function: mockName][39m,
      getMockName: [36m[Function: getMockName][39m,
      [32mSymbol(Symbol.dispose)[39m: [36m[Function (anonymous)][39m
    },
    addListItemByTitle: [Function: Mock] {
      _isMockFunction: [33mtrue[39m,
      getMockImplementation: [36m[Function (anonymous)][39m,
      mock: [36m[Object][39m,
      mockImplementation: [36m[Function: mockImplementation][39m,
      mockImplementationOnce: [36m[Function: mockImplementationOnce][39m,
      withImplementation: [36m[Function: withImplementation][39m,
      mockReturnThis: [36m[Function: mockReturnThis][39m,
      mockReturnValue: [36m[Function: mockReturnValue][39m,
      mockReturnValueOnce: [36m[Function: mockReturnValueOnce][39m,
      mockResolvedValue: [36m[Function: mockResolvedValue][39m,
      mockResolvedValueOnce: [36m[Function: mockResolvedValueOnce][39m,
      mockRejectedValue: [36m[Function: mockRejectedValue][39m,
      mockRejectedValueOnce: [36m[Function: mockRejectedValueOnce][39m,
      mockClear: [36m[Function: mockClear][39m,
      mockReset: [36m[Function: mockReset][39m,
      mockRestore: [36m[Function: mockRestore][39m,
      mockName: [36m[Function: mockName][39m,
      getMockName: [36m[Function: getMockName][39m,
      [32mSymbol(Symbol.dispose)[39m: [36m[Function (anonymous)][39m
    },
    addItemByTitle: [Function: Mock] {
      _isMockFunction: [33mtrue[39m,
      getMockImplementation: [36m[Function (anonymous)][39m,
      mock: [36m[Object][39m,
      mockImplementation: [36m[Function: mockImplementation][39m,
      mockImplementationOnce: [36m[Function: mockImplementationOnce][39m,
      withImplementation: [36m[Function: withImplementation][39m,
      mockReturnThis: [36m[Function: mockReturnThis][39m,
      mockReturnValue: [36m[Function: mockReturnValue][39m,
      mockReturnValueOnce: [36m[Function: mockReturnValueOnce][39m,
      mockResolvedValue: [36m[Function: mockResolvedValue][39m,
      mockResolvedValueOnce: [36m[Function: mockResolvedValueOnce][39m,
      mockRejectedValue: [36m[Function: mockRejectedValue][39m,
      mockRejectedValueOnce: [36m[Function: mockRejectedValueOnce][39m,
      mockClear: [36m[Function: mockClear][39m,
      mockReset: [36m[Function: mockReset][39m,
      mockRestore: [36m[Function: mockRestore][39m,
      mockName: [36m[Function: mockName][39m,
      getMockName: [36m[Function: getMockName][39m,
      [32mSymbol(Symbol.dispose)[39m: [36m[Function (anonymous)][39m
    },
    updateListItem: [Function: Mock] {
      _isMockFunction: [33mtrue[39m,
      getMockImplementation: [36m[Function (anonymous)][39m,
      mock: [36m[Object][39m,
      mockImplementation: [36m[Function: mockImplementation][39m,
      mockImplementationOnce: [36m[Function: mockImplementationOnce][39m,
      withImplementation: [36m[Function: withImplementation][39m,
      mockReturnThis: [36m[Function: mockReturnThis][39m,
      mockReturnValue: [36m[Function: mockReturnValue][39m,
      mockReturnValueOnce: [36m[Function: mockReturnValueOnce][39m,
      mockResolvedValue: [36m[Function: mockResolvedValue][39m,
      mockResolvedValueOnce: [36m[Function: mockResolvedValueOnce][39m,
      mockRejectedValue: [36m[Function: mockRejectedValue][39m,
      mockRejectedValueOnce: [36m[Function: mockRejectedValueOnce][39m,
      mockClear: [36m[Function: mockClear][39m,
      mockReset: [36m[Function: mockReset][39m,
      mockRestore: [36m[Function: mockRestore][39m,
      mockName: [36m[Function: mockName][39m,
      getMockName: [36m[Function: getMockName][39m,
      [32mSymbol(Symbol.dispose)[39m: [36m[Function (anonymous)][39m
    },
    deleteListItem: [Function: Mock] {
      _isMockFunction: [33mtrue[39m,
      getMockImplementation: [36m[Function (anonymous)][39m,
      mock: [36m[Object][39m,
      mockImplementation: [36m[Function: mockImplementation][39m,
      mockImplementationOnce: [36m[Function: mockImplementationOnce][39m,
      withImplementation: [36m[Function: withImplementation][39m,
      mockReturnThis: [36m[Function: mockReturnThis][39m,
      mockReturnValue: [36m[Function: mockReturnValue][39m,
      mockReturnValueOnce: [36m[Function: mockReturnValueOnce][39m,
      mockResolvedValue: [36m[Function: mockResolvedValue][39m,
      mockResolvedValueOnce: [36m[Function: mockResolvedValueOnce][39m,
      mockRejectedValue: [36m[Function: mockRejectedValue][39m,
      mockRejectedValueOnce: [36m[Function: mockRejectedValueOnce][39m,
      mockClear: [36m[Function: mockClear][39m,
      mockReset: [36m[Function: mockReset][39m,
      mockRestore: [36m[Function: mockRestore][39m,
      mockName: [36m[Function: mockName][39m,
      getMockName: [36m[Function: getMockName][39m,
      [32mSymbol(Symbol.dispose)[39m: [36m[Function (anonymous)][39m
    },
    postBatch: [Function: Mock] {
      _isMockFunction: [33mtrue[39m,
      getMockImplementation: [36m[Function (anonymous)][39m,
      mock: [36m[Object][39m,
      mockImplementation: [36m[Function: mockImplementation][39m,
      mockImplementationOnce: [36m[Function: mockImplementationOnce][39m,
      withImplementation: [36m[Function: withImplementation][39m,
      mockReturnThis: [36m[Function: mockReturnThis][39m,
      mockReturnValue: [36m[Function: mockReturnValue][39m,
      mockReturnValueOnce: [36m[Function: mockReturnValueOnce][39m,
      mockResolvedValue: [36m[Function: mockResolvedValue][39m,
      mockResolvedValueOnce: [36m[Function: mockResolvedValueOnce][39m,
      mockRejectedValue: [36m[Function: mockRejectedValue][39m,
      mockRejectedValueOnce: [36m[Function: mockRejectedValueOnce][39m,
      mockClear: [36m[Function: mockClear][39m,
      mockReset: [36m[Function: mockReset][39m,
      mockRestore: [36m[Function: mockRestore][39m,
      mockName: [36m[Function: mockName][39m,
      getMockName: [36m[Function: getMockName][39m,
      [32mSymbol(Symbol.dispose)[39m: [36m[Function (anonymous)][39m
    },
    fetchRows: [Function: Mock] {
      _isMockFunction: [33mtrue[39m,
      getMockImplementation: [36m[Function (anonymous)][39m,
      mock: [36m[Object][39m,
      mockImplementation: [36m[Function: mockImplementation][39m,
      mockImplementationOnce: [36m[Function: mockImplementationOnce][39m,
      withImplementation: [36m[Function: withImplementation][39m,
      mockReturnThis: [36m[Function: mockReturnThis][39m,
      mockReturnValue: [36m[Function: mockReturnValue][39m,
      mockReturnValueOnce: [36m[Function: mockReturnValueOnce][39m,
      mockResolvedValue: [36m[Function: mockResolvedValue][39m,
      mockResolvedValueOnce: [36m[Function: mockResolvedValueOnce][39m,
      mockRejectedValue: [36m[Function: mockRejectedValue][39m,
      mockRejectedValueOnce: [36m[Function: mockRejectedValueOnce][39m,
      mockClear: [36m[Function: mockClear][39m,
      mockReset: [36m[Function: mockReset][39m,
      mockRestore: [36m[Function: mockRestore][39m,
      mockName: [36m[Function: mockName][39m,
      getMockName: [36m[Function: getMockName][39m,
      [32mSymbol(Symbol.dispose)[39m: [36m[Function (anonymous)][39m
    },
    fetchRowById: [Function: Mock] {
      _isMockFunction: [33mtrue[39m,
      getMockImplementation: [36m[Function (anonymous)][39m,
      mock: [36m[Object][39m,
      mockImplementation: [36m[Function: mockImplementation][39m,
      mockImplementationOnce: [36m[Function: mockImplementationOnce][39m,
      withImplementation: [36m[Function: withImplementation][39m,
      mockReturnThis: [36m[Function: mockReturnThis][39m,
      mockReturnValue: [36m[Function: mockReturnValue][39m,
      mockReturnValueOnce: [36m[Function: mockReturnValueOnce][39m,
      mockResolvedValue: [36m[Function: mockResolvedValue][39m,
      mockResolvedValueOnce: [36m[Function: mockResolvedValueOnce][39m,
      mockRejectedValue: [36m[Function: mockRejectedValue][39m,
      mockRejectedValueOnce: [36m[Function: mockRejectedValueOnce][39m,
      mockClear: [36m[Function: mockClear][39m,
      mockReset: [36m[Function: mockReset][39m,
      mockRestore: [36m[Function: mockRestore][39m,
      mockName: [36m[Function: mockName][39m,
      getMockName: [36m[Function: getMockName][39m,
      [32mSymbol(Symbol.dispose)[39m: [36m[Function (anonymous)][39m
    },
    spFetch: [Function: Mock] {
      _isMockFunction: [33mtrue[39m,
      getMockImplementation: [36m[Function (anonymous)][39m,
      mock: [36m[Object][39m,
      mockImplementation: [36m[Function: mockImplementation][39m,
      mockImplementationOnce: [36m[Function: mockImplementationOnce][39m,
      withImplementation: [36m[Function: withImplementation][39m,
      mockReturnThis: [36m[Function: mockReturnThis][39m,
      mockReturnValue: [36m[Function: mockReturnValue][39m,
      mockReturnValueOnce: [36m[Function: mockReturnValueOnce][39m,
      mockResolvedValue: [36m[Function: mockResolvedValue][39m,
      mockResolvedValueOnce: [36m[Function: mockResolvedValueOnce][39m,
      mockRejectedValue: [36m[Function: mockRejectedValue][39m,
      mockRejectedValueOnce: [36m[Function: mockRejectedValueOnce][39m,
      mockClear: [36m[Function: mockClear][39m,
      mockReset: [36m[Function: mockReset][39m,
      mockRestore: [36m[Function: mockRestore][39m,
      mockName: [36m[Function: mockName][39m,
      getMockName: [36m[Function: getMockName][39m,
      [32mSymbol(Symbol.dispose)[39m: [36m[Function (anonymous)][39m
    },
    getUnifiedEvents: [Function: Mock] {
      _isMockFunction: [33mtrue[39m,
      getMockImplementation: [36m[Function (anonymous)][39m,
      mock: [36m[Object][39m,
      mockImplementation: [36m[Function: mockImplementation][39m,
      mockImplementationOnce: [36m[Function: mockImplementationOnce][39m,
      withImplementation: [36m[Function: withImplementation][39m,
      mockReturnThis: [36m[Function: mockReturnThis][39m,
      mockReturnValue: [36m[Function: mockReturnValue][39m,
      mockReturnValueOnce: [36m[Function: mockReturnValueOnce][39m,
      mockResolvedValue: [36m[Function: mockResolvedValue][39m,
      mockResolvedValueOnce: [36m[Function: mockResolvedValueOnce][39m,
      mockRejectedValue: [36m[Function: mockRejectedValue][39m,
      mockRejectedValueOnce: [36m[Function: mockRejectedValueOnce][39m,
      mockClear: [36m[Function: mockClear][39m,
      mockReset: [36m[Function: mockReset][39m,
      mockRestore: [36m[Function: mockRestore][39m,
      mockName: [36m[Function: mockName][39m,
      getMockName: [36m[Function: getMockName][39m,
      [32mSymbol(Symbol.dispose)[39m: [36m[Function (anonymous)][39m
    },
    getResources: [Function: Mock] {
      _isMockFunction: [33mtrue[39m,
      getMockImplementation: [36m[Function (anonymous)][39m,
      mock: [36m[Object][39m,
      mockImplementation: [36m[Function: mockImplementation][39m,
      mockImplementationOnce: [36m[Function: mockImplementationOnce][39m,
      withImplementation: [36m[Function: withImplementation][39m,
      mockReturnThis: [36m[Function: mockReturnThis][39m,
      mockReturnValue: [36m[Function: mockReturnValue][39m,
      mockReturnValueOnce: [36m[Function: mockReturnValueOnce][39m,
      mockResolvedValue: [36m[Function: mockResolvedValue][39m,
      mockResolvedValueOnce: [36m[Function: mockResolvedValueOnce][39m,
      mockRejectedValue: [36m[Function: mockRejectedValue][39m,
      mockRejectedValueOnce: [36m[Function: mockRejectedValueOnce][39m,
      mockClear: [36m[Function: mockClear][39m,
      mockReset: [36m[Function: mockReset][39m,
      mockRestore: [36m[Function: mockRestore][39m,
      mockName: [36m[Function: mockName][39m,
      getMockName: [36m[Function: getMockName][39m,
      [32mSymbol(Symbol.dispose)[39m: [36m[Function (anonymous)][39m
    }
  }
}
[IRC] mounted { pathname: [32m'/'[39m, isE2E: [33mtrue[39m, timestamp: [32m'2026-04-04T03:17:49.455Z'[39m }
[IRC] Current environment: {
  VITE_E2E: [33mtrue[39m,
  VITE_SP_RESOURCE: [32m'https://isogokatudouhome.sharepoint.com'[39m,
  VITE_FEATURE_SCHEDULES: [33mtrue[39m
}
[IRC] SpClient created: {
  isE2E: [33mtrue[39m,
  client: {
    listItems: [Function: Mock] {
      _isMockFunction: [33mtrue[39m,
      getMockImplementation: [36m[Function (anonymous)][39m,
      mock: [36m[Object][39m,
      mockImplementation: [36m[Function: mockImplementation][39m,
      mockImplementationOnce: [36m[Function: mockImplementationOnce][39m,
      withImplementation: [36m[Function: withImplementation][39m,
      mockReturnThis: [36m[Function: mockReturnThis][39m,
      mockReturnValue: [36m[Function: mockReturnValue][39m,
      mockReturnValueOnce: [36m[Function: mockReturnValueOnce][39m,
      mockResolvedValue: [36m[Function: mockResolvedValue][39m,
      mockResolvedValueOnce: [36m[Function: mockResolvedValueOnce][39m,
      mockRejectedValue: [36m[Function: mockRejectedValue][39m,
      mockRejectedValueOnce: [36m[Function: mockRejectedValueOnce][39m,
      mockClear: [36m[Function: mockClear][39m,
      mockReset: [36m[Function: mockReset][39m,
      mockRestore: [36m[Function: mockRestore][39m,
      mockName: [36m[Function: mockName][39m,
      getMockName: [36m[Function: getMockName][39m,
      [32mSymbol(Symbol.dispose)[39m: [36m[Function (anonymous)][39m
    },
    getItem: [Function: Mock] {
      _isMockFunction: [33mtrue[39m,
      getMockImplementation: [36m[Function (anonymous)][39m,
      mock: [36m[Object][39m,
      mockImplementation: [36m[Function: mockImplementation][39m,
      mockImplementationOnce: [36m[Function: mockImplementationOnce][39m,
      withImplementation: [36m[Function: withImplementation][39m,
      mockReturnThis: [36m[Function: mockReturnThis][39m,
      mockReturnValue: [36m[Function: mockReturnValue][39m,
      mockReturnValueOnce: [36m[Function: mockReturnValueOnce][39m,
      mockResolvedValue: [36m[Function: mockResolvedValue][39m,
      mockResolvedValueOnce: [36m[Function: mockResolvedValueOnce][39m,
      mockRejectedValue: [36m[Function: mockRejectedValue][39m,
      mockRejectedValueOnce: [36m[Function: mockRejectedValueOnce][39m,
      mockClear: [36m[Function: mockClear][39m,
      mockReset: [36m[Function: mockReset][39m,
      mockRestore: [36m[Function: mockRestore][39m,
      mockName: [36m[Function: mockName][39m,
      getMockName: [36m[Function: getMockName][39m,
      [32mSymbol(Symbol.dispose)[39m: [36m[Function (anonymous)][39m
    },
    createItem: [Function: Mock] {
      _isMockFunction: [33mtrue[39m,
      getMockImplementation: [36m[Function (anonymous)][39m,
      mock: [36m[Object][39m,
      mockImplementation: [36m[Function: mockImplementation][39m,
      mockImplementationOnce: [36m[Function: mockImplementationOnce][39m,
      withImplementation: [36m[Function: withImplementation][39m,
      mockReturnThis: [36m[Function: mockReturnThis][39m,
      mockReturnValue: [36m[Function: mockReturnValue][39m,
      mockReturnValueOnce: [36m[Function: mockReturnValueOnce][39m,
      mockResolvedValue: [36m[Function: mockResolvedValue][39m,
      mockResolvedValueOnce: [36m[Function: mockResolvedValueOnce][39m,
      mockRejectedValue: [36m[Function: mockRejectedValue][39m,
      mockRejectedValueOnce: [36m[Function: mockRejectedValueOnce][39m,
      mockClear: [36m[Function: mockClear][39m,
      mockReset: [36m[Function: mockReset][39m,
      mockRestore: [36m[Function: mockRestore][39m,
      mockName: [36m[Function: mockName][39m,
      getMockName: [36m[Function: getMockName][39m,
      [32mSymbol(Symbol.dispose)[39m: [36m[Function (anonymous)][39m
    },
    updateItem: [Function: Mock] {
      _isMockFunction: [33mtrue[39m,
      getMockImplementation: [36m[Function (anonymous)][39m,
      mock: [36m[Object][39m,
      mockImplementation: [36m[Function: mockImplementation][39m,
      mockImplementationOnce: [36m[Function: mockImplementationOnce][39m,
      withImplementation: [36m[Function: withImplementation][39m,
      mockReturnThis: [36m[Function: mockReturnThis][39m,
      mockReturnValue: [36m[Function: mockReturnValue][39m,
      mockReturnValueOnce: [36m[Function: mockReturnValueOnce][39m,
      mockResolvedValue: [36m[Function: mockResolvedValue][39m,
      mockResolvedValueOnce: [36m[Function: mockResolvedValueOnce][39m,
      mockRejectedValue: [36m[Function: mockRejectedValue][39m,
      mockRejectedValueOnce: [36m[Function: mockRejectedValueOnce][39m,
      mockClear: [36m[Function: mockClear][39m,
      mockReset: [36m[Function: mockReset][39m,
      mockRestore: [36m[Function: mockRestore][39m,
      mockName: [36m[Function: mockName][39m,
      getMockName: [36m[Function: getMockName][39m,
      [32mSymbol(Symbol.dispose)[39m: [36m[Function (anonymous)][39m
    },
    deleteItem: [Function: Mock] {
      _isMockFunction: [33mtrue[39m,
      getMockImplementation: [36m[Function (anonymous)][39m,
      mock: [36m[Object][39m,
      mockImplementation: [36m[Function: mockImplementation][39m,
      mockImplementationOnce: [36m[Function: mockImplementationOnce][39m,
      withImplementation: [36m[Function: withImplementation][39m,
      mockReturnThis: [36m[Function: mockReturnThis][39m,
      mockReturnValue: [36m[Function: mockReturnValue][39m,
      mockReturnValueOnce: [36m[Function: mockReturnValueOnce][39m,
      mockResolvedValue: [36m[Function: mockResolvedValue][39m,
      mockResolvedValueOnce: [36m[Function: mockResolvedValueOnce][39m,
      mockRejectedValue: [36m[Function: mockRejectedValue][39m,
      mockRejectedValueOnce: [36m[Function: mockRejectedValueOnce][39m,
      mockClear: [36m[Function: mockClear][39m,
      mockReset: [36m[Function: mockReset][39m,
      mockRestore: [36m[Function: mockRestore][39m,
      mockName: [36m[Function: mockName][39m,
      getMockName: [36m[Function: getMockName][39m,
      [32mSymbol(Symbol.dispose)[39m: [36m[Function (anonymous)][39m
    },
    getListItemsByTitle: [Function: Mock] {
      _isMockFunction: [33mtrue[39m,
      getMockImplementation: [36m[Function (anonymous)][39m,
      mock: [36m[Object][39m,
      mockImplementation: [36m[Function: mockImplementation][39m,
      mockImplementationOnce: [36m[Function: mockImplementationOnce][39m,
      withImplementation: [36m[Function: withImplementation][39m,
      mockReturnThis: [36m[Function: mockReturnThis][39m,
      mockReturnValue: [36m[Function: mockReturnValue][39m,
      mockReturnValueOnce: [36m[Function: mockReturnValueOnce][39m,
      mockResolvedValue: [36m[Function: mockResolvedValue][39m,
      mockResolvedValueOnce: [36m[Function: mockResolvedValueOnce][39m,
      mockRejectedValue: [36m[Function: mockRejectedValue][39m,
      mockRejectedValueOnce: [36m[Function: mockRejectedValueOnce][39m,
      mockClear: [36m[Function: mockClear][39m,
      mockReset: [36m[Function: mockReset][39m,
      mockRestore: [36m[Function: mockRestore][39m,
      mockName: [36m[Function: mockName][39m,
      getMockName: [36m[Function: getMockName][39m,
      [32mSymbol(Symbol.dispose)[39m: [36m[Function (anonymous)][39m
    },
    getListItemById: [Function: Mock] {
      _isMockFunction: [33mtrue[39m,
      getMockImplementation: [36m[Function (anonymous)][39m,
      mock: [36m[Object][39m,
      mockImplementation: [36m[Function: mockImplementation][39m,
      mockImplementationOnce: [36m[Function: mockImplementationOnce][39m,
      withImplementation: [36m[Function: withImplementation][39m,
      mockReturnThis: [36m[Function: mockReturnThis][39m,
      mockReturnValue: [36m[Function: mockReturnValue][39m,
      mockReturnValueOnce: [36m[Function: mockReturnValueOnce][39m,
      mockResolvedValue: [36m[Function: mockResolvedValue][39m,
      mockResolvedValueOnce: [36m[Function: mockResolvedValueOnce][39m,
      mockRejectedValue: [36m[Function: mockRejectedValue][39m,
      mockRejectedValueOnce: [36m[Function: mockRejectedValueOnce][39m,
      mockClear: [36m[Function: mockClear][39m,
      mockReset: [36m[Function: mockReset][39m,
      mockRestore: [36m[Function: mockRestore][39m,
      mockName: [36m[Function: mockName][39m,
      getMockName: [36m[Function: getMockName][39m,
      [32mSymbol(Symbol.dispose)[39m: [36m[Function (anonymous)][39m
    },
    addListItemByTitle: [Function: Mock] {
      _isMockFunction: [33mtrue[39m,
      getMockImplementation: [36m[Function (anonymous)][39m,
      mock: [36m[Object][39m,
      mockImplementation: [36m[Function: mockImplementation][39m,
      mockImplementationOnce: [36m[Function: mockImplementationOnce][39m,
      withImplementation: [36m[Function: withImplementation][39m,
      mockReturnThis: [36m[Function: mockReturnThis][39m,
      mockReturnValue: [36m[Function: mockReturnValue][39m,
      mockReturnValueOnce: [36m[Function: mockReturnValueOnce][39m,
      mockResolvedValue: [36m[Function: mockResolvedValue][39m,
      mockResolvedValueOnce: [36m[Function: mockResolvedValueOnce][39m,
      mockRejectedValue: [36m[Function: mockRejectedValue][39m,
      mockRejectedValueOnce: [36m[Function: mockRejectedValueOnce][39m,
      mockClear: [36m[Function: mockClear][39m,
      mockReset: [36m[Function: mockReset][39m,
      mockRestore: [36m[Function: mockRestore][39m,
      mockName: [36m[Function: mockName][39m,
      getMockName: [36m[Function: getMockName][39m,
      [32mSymbol(Symbol.dispose)[39m: [36m[Function (anonymous)][39m
    },
    addItemByTitle: [Function: Mock] {
      _isMockFunction: [33mtrue[39m,
      getMockImplementation: [36m[Function (anonymous)][39m,
      mock: [36m[Object][39m,
      mockImplementation: [36m[Function: mockImplementation][39m,
      mockImplementationOnce: [36m[Function: mockImplementationOnce][39m,
      withImplementation: [36m[Function: withImplementation][39m,
      mockReturnThis: [36m[Function: mockReturnThis][39m,
      mockReturnValue: [36m[Function: mockReturnValue][39m,
      mockReturnValueOnce: [36m[Function: mockReturnValueOnce][39m,
      mockResolvedValue: [36m[Function: mockResolvedValue][39m,
      mockResolvedValueOnce: [36m[Function: mockResolvedValueOnce][39m,
      mockRejectedValue: [36m[Function: mockRejectedValue][39m,
      mockRejectedValueOnce: [36m[Function: mockRejectedValueOnce][39m,
      mockClear: [36m[Function: mockClear][39m,
      mockReset: [36m[Function: mockReset][39m,
      mockRestore: [36m[Function: mockRestore][39m,
      mockName: [36m[Function: mockName][39m,
      getMockName: [36m[Function: getMockName][39m,
      [32mSymbol(Symbol.dispose)[39m: [36m[Function (anonymous)][39m
    },
    updateListItem: [Function: Mock] {
      _isMockFunction: [33mtrue[39m,
      getMockImplementation: [36m[Function (anonymous)][39m,
      mock: [36m[Object][39m,
      mockImplementation: [36m[Function: mockImplementation][39m,
      mockImplementationOnce: [36m[Function: mockImplementationOnce][39m,
      withImplementation: [36m[Function: withImplementation][39m,
      mockReturnThis: [36m[Function: mockReturnThis][39m,
      mockReturnValue: [36m[Function: mockReturnValue][39m,
      mockReturnValueOnce: [36m[Function: mockReturnValueOnce][39m,
      mockResolvedValue: [36m[Function: mockResolvedValue][39m,
      mockResolvedValueOnce: [36m[Function: mockResolvedValueOnce][39m,
      mockRejectedValue: [36m[Function: mockRejectedValue][39m,
      mockRejectedValueOnce: [36m[Function: mockRejectedValueOnce][39m,
      mockClear: [36m[Function: mockClear][39m,
      mockReset: [36m[Function: mockReset][39m,
      mockRestore: [36m[Function: mockRestore][39m,
      mockName: [36m[Function: mockName][39m,
      getMockName: [36m[Function: getMockName][39m,
      [32mSymbol(Symbol.dispose)[39m: [36m[Function (anonymous)][39m
    },
    deleteListItem: [Function: Mock] {
      _isMockFunction: [33mtrue[39m,
      getMockImplementation: [36m[Function (anonymous)][39m,
      mock: [36m[Object][39m,
      mockImplementation: [36m[Function: mockImplementation][39m,
      mockImplementationOnce: [36m[Function: mockImplementationOnce][39m,
      withImplementation: [36m[Function: withImplementation][39m,
      mockReturnThis: [36m[Function: mockReturnThis][39m,
      mockReturnValue: [36m[Function: mockReturnValue][39m,
      mockReturnValueOnce: [36m[Function: mockReturnValueOnce][39m,
      mockResolvedValue: [36m[Function: mockResolvedValue][39m,
      mockResolvedValueOnce: [36m[Function: mockResolvedValueOnce][39m,
      mockRejectedValue: [36m[Function: mockRejectedValue][39m,
      mockRejectedValueOnce: [36m[Function: mockRejectedValueOnce][39m,
      mockClear: [36m[Function: mockClear][39m,
      mockReset: [36m[Function: mockReset][39m,
      mockRestore: [36m[Function: mockRestore][39m,
      mockName: [36m[Function: mockName][39m,
      getMockName: [36m[Function: getMockName][39m,
      [32mSymbol(Symbol.dispose)[39m: [36m[Function (anonymous)][39m
    },
    postBatch: [Function: Mock] {
      _isMockFunction: [33mtrue[39m,
      getMockImplementation: [36m[Function (anonymous)][39m,
      mock: [36m[Object][39m,
      mockImplementation: [36m[Function: mockImplementation][39m,
      mockImplementationOnce: [36m[Function: mockImplementationOnce][39m,
      withImplementation: [36m[Function: withImplementation][39m,
      mockReturnThis: [36m[Function: mockReturnThis][39m,
      mockReturnValue: [36m[Function: mockReturnValue][39m,
      mockReturnValueOnce: [36m[Function: mockReturnValueOnce][39m,
      mockResolvedValue: [36m[Function: mockResolvedValue][39m,
      mockResolvedValueOnce: [36m[Function: mockResolvedValueOnce][39m,
      mockRejectedValue: [36m[Function: mockRejectedValue][39m,
      mockRejectedValueOnce: [36m[Function: mockRejectedValueOnce][39m,
      mockClear: [36m[Function: mockClear][39m,
      mockReset: [36m[Function: mockReset][39m,
      mockRestore: [36m[Function: mockRestore][39m,
      mockName: [36m[Function: mockName][39m,
      getMockName: [36m[Function: getMockName][39m,
      [32mSymbol(Symbol.dispose)[39m: [36m[Function (anonymous)][39m
    },
    fetchRows: [Function: Mock] {
      _isMockFunction: [33mtrue[39m,
      getMockImplementation: [36m[Function (anonymous)][39m,
      mock: [36m[Object][39m,
      mockImplementation: [36m[Function: mockImplementation][39m,
      mockImplementationOnce: [36m[Function: mockImplementationOnce][39m,
      withImplementation: [36m[Function: withImplementation][39m,
      mockReturnThis: [36m[Function: mockReturnThis][39m,
      mockReturnValue: [36m[Function: mockReturnValue][39m,
      mockReturnValueOnce: [36m[Function: mockReturnValueOnce][39m,
      mockResolvedValue: [36m[Function: mockResolvedValue][39m,
      mockResolvedValueOnce: [36m[Function: mockResolvedValueOnce][39m,
      mockRejectedValue: [36m[Function: mockRejectedValue][39m,
      mockRejectedValueOnce: [36m[Function: mockRejectedValueOnce][39m,
      mockClear: [36m[Function: mockClear][39m,
      mockReset: [36m[Function: mockReset][39m,
      mockRestore: [36m[Function: mockRestore][39m,
      mockName: [36m[Function: mockName][39m,
      getMockName: [36m[Function: getMockName][39m,
      [32mSymbol(Symbol.dispose)[39m: [36m[Function (anonymous)][39m
    },
    fetchRowById: [Function: Mock] {
      _isMockFunction: [33mtrue[39m,
      getMockImplementation: [36m[Function (anonymous)][39m,
      mock: [36m[Object][39m,
      mockImplementation: [36m[Function: mockImplementation][39m,
      mockImplementationOnce: [36m[Function: mockImplementationOnce][39m,
      withImplementation: [36m[Function: withImplementation][39m,
      mockReturnThis: [36m[Function: mockReturnThis][39m,
      mockReturnValue: [36m[Function: mockReturnValue][39m,
      mockReturnValueOnce: [36m[Function: mockReturnValueOnce][39m,
      mockResolvedValue: [36m[Function: mockResolvedValue][39m,
      mockResolvedValueOnce: [36m[Function: mockResolvedValueOnce][39m,
      mockRejectedValue: [36m[Function: mockRejectedValue][39m,
      mockRejectedValueOnce: [36m[Function: mockRejectedValueOnce][39m,
      mockClear: [36m[Function: mockClear][39m,
      mockReset: [36m[Function: mockReset][39m,
      mockRestore: [36m[Function: mockRestore][39m,
      mockName: [36m[Function: mockName][39m,
      getMockName: [36m[Function: getMockName][39m,
      [32mSymbol(Symbol.dispose)[39m: [36m[Function (anonymous)][39m
    },
    spFetch: [Function: Mock] {
      _isMockFunction: [33mtrue[39m,
      getMockImplementation: [36m[Function (anonymous)][39m,
      mock: [36m[Object][39m,
      mockImplementation: [36m[Function: mockImplementation][39m,
      mockImplementationOnce: [36m[Function: mockImplementationOnce][39m,
      withImplementation: [36m[Function: withImplementation][39m,
      mockReturnThis: [36m[Function: mockReturnThis][39m,
      mockReturnValue: [36m[Function: mockReturnValue][39m,
      mockReturnValueOnce: [36m[Function: mockReturnValueOnce][39m,
      mockResolvedValue: [36m[Function: mockResolvedValue][39m,
      mockResolvedValueOnce: [36m[Function: mockResolvedValueOnce][39m,
      mockRejectedValue: [36m[Function: mockRejectedValue][39m,
      mockRejectedValueOnce: [36m[Function: mockRejectedValueOnce][39m,
      mockClear: [36m[Function: mockClear][39m,
      mockReset: [36m[Function: mockReset][39m,
      mockRestore: [36m[Function: mockRestore][39m,
      mockName: [36m[Function: mockName][39m,
      getMockName: [36m[Function: getMockName][39m,
      [32mSymbol(Symbol.dispose)[39m: [36m[Function (anonymous)][39m
    },
    getUnifiedEvents: [Function: Mock] {
      _isMockFunction: [33mtrue[39m,
      getMockImplementation: [36m[Function (anonymous)][39m,
      mock: [36m[Object][39m,
      mockImplementation: [36m[Function: mockImplementation][39m,
      mockImplementationOnce: [36m[Function: mockImplementationOnce][39m,
      withImplementation: [36m[Function: withImplementation][39m,
      mockReturnThis: [36m[Function: mockReturnThis][39m,
      mockReturnValue: [36m[Function: mockReturnValue][39m,
      mockReturnValueOnce: [36m[Function: mockReturnValueOnce][39m,
      mockResolvedValue: [36m[Function: mockResolvedValue][39m,
      mockResolvedValueOnce: [36m[Function: mockResolvedValueOnce][39m,
      mockRejectedValue: [36m[Function: mockRejectedValue][39m,
      mockRejectedValueOnce: [36m[Function: mockRejectedValueOnce][39m,
      mockClear: [36m[Function: mockClear][39m,
      mockReset: [36m[Function: mockReset][39m,
      mockRestore: [36m[Function: mockRestore][39m,
      mockName: [36m[Function: mockName][39m,
      getMockName: [36m[Function: getMockName][39m,
      [32mSymbol(Symbol.dispose)[39m: [36m[Function (anonymous)][39m
    },
    getResources: [Function: Mock] {
      _isMockFunction: [33mtrue[39m,
      getMockImplementation: [36m[Function (anonymous)][39m,
      mock: [36m[Object][39m,
      mockImplementation: [36m[Function: mockImplementation][39m,
      mockImplementationOnce: [36m[Function: mockImplementationOnce][39m,
      withImplementation: [36m[Function: withImplementation][39m,
      mockReturnThis: [36m[Function: mockReturnThis][39m,
      mockReturnValue: [36m[Function: mockReturnValue][39m,
      mockReturnValueOnce: [36m[Function: mockReturnValueOnce][39m,
      mockResolvedValue: [36m[Function: mockResolvedValue][39m,
      mockResolvedValueOnce: [36m[Function: mockResolvedValueOnce][39m,
      mockRejectedValue: [36m[Function: mockRejectedValue][39m,
      mockRejectedValueOnce: [36m[Function: mockRejectedValueOnce][39m,
      mockClear: [36m[Function: mockClear][39m,
      mockReset: [36m[Function: mockReset][39m,
      mockRestore: [36m[Function: mockRestore][39m,
      mockName: [36m[Function: mockName][39m,
      getMockName: [36m[Function: getMockName][39m,
      [32mSymbol(Symbol.dispose)[39m: [36m[Function (anonymous)][39m
    }
  }
}
[IRC] mounted { pathname: [32m'/'[39m, isE2E: [33mtrue[39m, timestamp: [32m'2026-04-04T03:17:49.484Z'[39m }
[IRC] Current environment: {
  VITE_E2E: [33mtrue[39m,
  VITE_SP_RESOURCE: [32m'https://isogokatudouhome.sharepoint.com'[39m,
  VITE_FEATURE_SCHEDULES: [33mtrue[39m
}
[IRC] mounted { pathname: [32m'/'[39m, isE2E: [33mtrue[39m, timestamp: [32m'2026-04-04T03:17:49.485Z'[39m }
[IRC] Current environment: {
  VITE_E2E: [33mtrue[39m,
  VITE_SP_RESOURCE: [32m'https://isogokatudouhome.sharepoint.com'[39m,
  VITE_FEATURE_SCHEDULES: [33mtrue[39m
}
[IRC] Loaded resources: [33m0[39m
[IRC] Loaded events count: [33m2[39m
[IRC] Loaded resources: [33m0[39m
[IRC] Loaded events count: [33m2[39m

[90mstdout[2m | tests/smoke/integrated-resource-calendar.spec.tsx[2m > [22m[2mIntegratedResourceCalendar smoke tests[2m > [22m[2mdisplays the page title
[22m[39m[IRC] mounted { pathname: [32m'/'[39m, isE2E: [33mtrue[39m, timestamp: [32m'2026-04-04T03:17:49.542Z'[39m }
[IRC] Current environment: {
  VITE_E2E: [33mtrue[39m,
  VITE_SP_RESOURCE: [32m'https://isogokatudouhome.sharepoint.com'[39m,
  VITE_FEATURE_SCHEDULES: [33mtrue[39m
}
[IRC] mounted { pathname: [32m'/'[39m, isE2E: [33mtrue[39m, timestamp: [32m'2026-04-04T03:17:49.542Z'[39m }
[IRC] Current environment: {
  VITE_E2E: [33mtrue[39m,
  VITE_SP_RESOURCE: [32m'https://isogokatudouhome.sharepoint.com'[39m,
  VITE_FEATURE_SCHEDULES: [33mtrue[39m
}

 [32m笨・[39m tests/smoke/integrated-resource-calendar.spec.tsx[2m > [22mIntegratedResourceCalendar smoke tests[2m > [22mrenders without crashing[33m 318[2mms[22m[39m
[90mstdout[2m | tests/smoke/integrated-resource-calendar.spec.tsx[2m > [22m[2mIntegratedResourceCalendar smoke tests[2m > [22m[2mshows Sprint 3 implementation notice
[22m[39m[IRC] mounted { pathname: [32m'/'[39m, isE2E: [33mtrue[39m, timestamp: [32m'2026-04-04T03:17:49.565Z'[39m }
[IRC] Current environment: {
  VITE_E2E: [33mtrue[39m,
  VITE_SP_RESOURCE: [32m'https://isogokatudouhome.sharepoint.com'[39m,
  VITE_FEATURE_SCHEDULES: [33mtrue[39m
}
[IRC] SpClient created: {
  isE2E: [33mtrue[39m,
  client: {
    listItems: [Function: Mock] {
      _isMockFunction: [33mtrue[39m,
      getMockImplementation: [36m[Function (anonymous)][39m,
      mock: [36m[Object][39m,
      mockImplementation: [36m[Function: mockImplementation][39m,
      mockImplementationOnce: [36m[Function: mockImplementationOnce][39m,
      withImplementation: [36m[Function: withImplementation][39m,
      mockReturnThis: [36m[Function: mockReturnThis][39m,
      mockReturnValue: [36m[Function: mockReturnValue][39m,
      mockReturnValueOnce: [36m[Function: mockReturnValueOnce][39m,
      mockResolvedValue: [36m[Function: mockResolvedValue][39m,
      mockResolvedValueOnce: [36m[Function: mockResolvedValueOnce][39m,
      mockRejectedValue: [36m[Function: mockRejectedValue][39m,
      mockRejectedValueOnce: [36m[Function: mockRejectedValueOnce][39m,
      mockClear: [36m[Function: mockClear][39m,
      mockReset: [36m[Function: mockReset][39m,
      mockRestore: [36m[Function: mockRestore][39m,
      mockName: [36m[Function: mockName][39m,
      getMockName: [36m[Function: getMockName][39m,
      [32mSymbol(Symbol.dispose)[39m: [36m[Function (anonymous)][39m
    },
    getItem: [Function: Mock] {
      _isMockFunction: [33mtrue[39m,
      getMockImplementation: [36m[Function (anonymous)][39m,
      mock: [36m[Object][39m,
      mockImplementation: [36m[Function: mockImplementation][39m,
      mockImplementationOnce: [36m[Function: mockImplementationOnce][39m,
      withImplementation: [36m[Function: withImplementation][39m,
      mockReturnThis: [36m[Function: mockReturnThis][39m,
      mockReturnValue: [36m[Function: mockReturnValue][39m,
      mockReturnValueOnce: [36m[Function: mockReturnValueOnce][39m,
      mockResolvedValue: [36m[Function: mockResolvedValue][39m,
      mockResolvedValueOnce: [36m[Function: mockResolvedValueOnce][39m,
      mockRejectedValue: [36m[Function: mockRejectedValue][39m,
      mockRejectedValueOnce: [36m[Function: mockRejectedValueOnce][39m,
      mockClear: [36m[Function: mockClear][39m,
      mockReset: [36m[Function: mockReset][39m,
      mockRestore: [36m[Function: mockRestore][39m,
      mockName: [36m[Function: mockName][39m,
      getMockName: [36m[Function: getMockName][39m,
      [32mSymbol(Symbol.dispose)[39m: [36m[Function (anonymous)][39m
    },
    createItem: [Function: Mock] {
      _isMockFunction: [33mtrue[39m,
      getMockImplementation: [36m[Function (anonymous)][39m,
      mock: [36m[Object][39m,
      mockImplementation: [36m[Function: mockImplementation][39m,
      mockImplementationOnce: [36m[Function: mockImplementationOnce][39m,
      withImplementation: [36m[Function: withImplementation][39m,
      mockReturnThis: [36m[Function: mockReturnThis][39m,
      mockReturnValue: [36m[Function: mockReturnValue][39m,
      mockReturnValueOnce: [36m[Function: mockReturnValueOnce][39m,
      mockResolvedValue: [36m[Function: mockResolvedValue][39m,
      mockResolvedValueOnce: [36m[Function: mockResolvedValueOnce][39m,
      mockRejectedValue: [36m[Function: mockRejectedValue][39m,
      mockRejectedValueOnce: [36m[Function: mockRejectedValueOnce][39m,
      mockClear: [36m[Function: mockClear][39m,
      mockReset: [36m[Function: mockReset][39m,
      mockRestore: [36m[Function: mockRestore][39m,
      mockName: [36m[Function: mockName][39m,
      getMockName: [36m[Function: getMockName][39m,
      [32mSymbol(Symbol.dispose)[39m: [36m[Function (anonymous)][39m
    },
    updateItem: [Function: Mock] {
      _isMockFunction: [33mtrue[39m,
      getMockImplementation: [36m[Function (anonymous)][39m,
      mock: [36m[Object][39m,
      mockImplementation: [36m[Function: mockImplementation][39m,
      mockImplementationOnce: [36m[Function: mockImplementationOnce][39m,
      withImplementation: [36m[Function: withImplementation][39m,
      mockReturnThis: [36m[Function: mockReturnThis][39m,
      mockReturnValue: [36m[Function: mockReturnValue][39m,
      mockReturnValueOnce: [36m[Function: mockReturnValueOnce][39m,
      mockResolvedValue: [36m[Function: mockResolvedValue][39m,
      mockResolvedValueOnce: [36m[Function: mockResolvedValueOnce][39m,
      mockRejectedValue: [36m[Function: mockRejectedValue][39m,
      mockRejectedValueOnce: [36m[Function: mockRejectedValueOnce][39m,
      mockClear: [36m[Function: mockClear][39m,
      mockReset: [36m[Function: mockReset][39m,
      mockRestore: [36m[Function: mockRestore][39m,
      mockName: [36m[Function: mockName][39m,
      getMockName: [36m[Function: getMockName][39m,
      [32mSymbol(Symbol.dispose)[39m: [36m[Function (anonymous)][39m
    },
    deleteItem: [Function: Mock] {
      _isMockFunction: [33mtrue[39m,
      getMockImplementation: [36m[Function (anonymous)][39m,
      mock: [36m[Object][39m,
      mockImplementation: [36m[Function: mockImplementation][39m,
      mockImplementationOnce: [36m[Function: mockImplementationOnce][39m,
      withImplementation: [36m[Function: withImplementation][39m,
      mockReturnThis: [36m[Function: mockReturnThis][39m,
      mockReturnValue: [36m[Function: mockReturnValue][39m,
      mockReturnValueOnce: [36m[Function: mockReturnValueOnce][39m,
      mockResolvedValue: [36m[Function: mockResolvedValue][39m,
      mockResolvedValueOnce: [36m[Function: mockResolvedValueOnce][39m,
      mockRejectedValue: [36m[Function: mockRejectedValue][39m,
      mockRejectedValueOnce: [36m[Function: mockRejectedValueOnce][39m,
      mockClear: [36m[Function: mockClear][39m,
      mockReset: [36m[Function: mockReset][39m,
      mockRestore: [36m[Function: mockRestore][39m,
      mockName: [36m[Function: mockName][39m,
      getMockName: [36m[Function: getMockName][39m,
      [32mSymbol(Symbol.dispose)[39m: [36m[Function (anonymous)][39m
    },
    getListItemsByTitle: [Function: Mock] {
      _isMockFunction: [33mtrue[39m,
      getMockImplementation: [36m[Function (anonymous)][39m,
      mock: [36m[Object][39m,
      mockImplementation: [36m[Function: mockImplementation][39m,
      mockImplementationOnce: [36m[Function: mockImplementationOnce][39m,
      withImplementation: [36m[Function: withImplementation][39m,
      mockReturnThis: [36m[Function: mockReturnThis][39m,
      mockReturnValue: [36m[Function: mockReturnValue][39m,
      mockReturnValueOnce: [36m[Function: mockReturnValueOnce][39m,
      mockResolvedValue: [36m[Function: mockResolvedValue][39m,
      mockResolvedValueOnce: [36m[Function: mockResolvedValueOnce][39m,
      mockRejectedValue: [36m[Function: mockRejectedValue][39m,
      mockRejectedValueOnce: [36m[Function: mockRejectedValueOnce][39m,
      mockClear: [36m[Function: mockClear][39m,
      mockReset: [36m[Function: mockReset][39m,
      mockRestore: [36m[Function: mockRestore][39m,
      mockName: [36m[Function: mockName][39m,
      getMockName: [36m[Function: getMockName][39m,
      [32mSymbol(Symbol.dispose)[39m: [36m[Function (anonymous)][39m
    },
    getListItemById: [Function: Mock] {
      _isMockFunction: [33mtrue[39m,
      getMockImplementation: [36m[Function (anonymous)][39m,
      mock: [36m[Object][39m,
      mockImplementation: [36m[Function: mockImplementation][39m,
      mockImplementationOnce: [36m[Function: mockImplementationOnce][39m,
      withImplementation: [36m[Function: withImplementation][39m,
      mockReturnThis: [36m[Function: mockReturnThis][39m,
      mockReturnValue: [36m[Function: mockReturnValue][39m,
      mockReturnValueOnce: [36m[Function: mockReturnValueOnce][39m,
      mockResolvedValue: [36m[Function: mockResolvedValue][39m,
      mockResolvedValueOnce: [36m[Function: mockResolvedValueOnce][39m,
      mockRejectedValue: [36m[Function: mockRejectedValue][39m,
      mockRejectedValueOnce: [36m[Function: mockRejectedValueOnce][39m,
      mockClear: [36m[Function: mockClear][39m,
      mockReset: [36m[Function: mockReset][39m,
      mockRestore: [36m[Function: mockRestore][39m,
      mockName: [36m[Function: mockName][39m,
      getMockName: [36m[Function: getMockName][39m,
      [32mSymbol(Symbol.dispose)[39m: [36m[Function (anonymous)][39m
    },
    addListItemByTitle: [Function: Mock] {
      _isMockFunction: [33mtrue[39m,
      getMockImplementation: [36m[Function (anonymous)][39m,
      mock: [36m[Object][39m,
      mockImplementation: [36m[Function: mockImplementation][39m,
      mockImplementationOnce: [36m[Function: mockImplementationOnce][39m,
      withImplementation: [36m[Function: withImplementation][39m,
      mockReturnThis: [36m[Function: mockReturnThis][39m,
      mockReturnValue: [36m[Function: mockReturnValue][39m,
      mockReturnValueOnce: [36m[Function: mockReturnValueOnce][39m,
      mockResolvedValue: [36m[Function: mockResolvedValue][39m,
      mockResolvedValueOnce: [36m[Function: mockResolvedValueOnce][39m,
      mockRejectedValue: [36m[Function: mockRejectedValue][39m,
      mockRejectedValueOnce: [36m[Function: mockRejectedValueOnce][39m,
      mockClear: [36m[Function: mockClear][39m,
      mockReset: [36m[Function: mockReset][39m,
      mockRestore: [36m[Function: mockRestore][39m,
      mockName: [36m[Function: mockName][39m,
      getMockName: [36m[Function: getMockName][39m,
      [32mSymbol(Symbol.dispose)[39m: [36m[Function (anonymous)][39m
    },
    addItemByTitle: [Function: Mock] {
      _isMockFunction: [33mtrue[39m,
      getMockImplementation: [36m[Function (anonymous)][39m,
      mock: [36m[Object][39m,
      mockImplementation: [36m[Function: mockImplementation][39m,
      mockImplementationOnce: [36m[Function: mockImplementationOnce][39m,
      withImplementation: [36m[Function: withImplementation][39m,
      mockReturnThis: [36m[Function: mockReturnThis][39m,
      mockReturnValue: [36m[Function: mockReturnValue][39m,
      mockReturnValueOnce: [36m[Function: mockReturnValueOnce][39m,
      mockResolvedValue: [36m[Function: mockResolvedValue][39m,
      mockResolvedValueOnce: [36m[Function: mockResolvedValueOnce][39m,
      mockRejectedValue: [36m[Function: mockRejectedValue][39m,
      mockRejectedValueOnce: [36m[Function: mockRejectedValueOnce][39m,
      mockClear: [36m[Function: mockClear][39m,
      mockReset: [36m[Function: mockReset][39m,
      mockRestore: [36m[Function: mockRestore][39m,
      mockName: [36m[Function: mockName][39m,
      getMockName: [36m[Function: getMockName][39m,
      [32mSymbol(Symbol.dispose)[39m: [36m[Function (anonymous)][39m
    },
    updateListItem: [Function: Mock] {
      _isMockFunction: [33mtrue[39m,
      getMockImplementation: [36m[Function (anonymous)][39m,
      mock: [36m[Object][39m,
      mockImplementation: [36m[Function: mockImplementation][39m,
      mockImplementationOnce: [36m[Function: mockImplementationOnce][39m,
      withImplementation: [36m[Function: withImplementation][39m,
      mockReturnThis: [36m[Function: mockReturnThis][39m,
      mockReturnValue: [36m[Function: mockReturnValue][39m,
      mockReturnValueOnce: [36m[Function: mockReturnValueOnce][39m,
      mockResolvedValue: [36m[Function: mockResolvedValue][39m,
      mockResolvedValueOnce: [36m[Function: mockResolvedValueOnce][39m,
      mockRejectedValue: [36m[Function: mockRejectedValue][39m,
      mockRejectedValueOnce: [36m[Function: mockRejectedValueOnce][39m,
      mockClear: [36m[Function: mockClear][39m,
      mockReset: [36m[Function: mockReset][39m,
      mockRestore: [36m[Function: mockRestore][39m,
      mockName: [36m[Function: mockName][39m,
      getMockName: [36m[Function: getMockName][39m,
      [32mSymbol(Symbol.dispose)[39m: [36m[Function (anonymous)][39m
    },
    deleteListItem: [Function: Mock] {
      _isMockFunction: [33mtrue[39m,
      getMockImplementation: [36m[Function (anonymous)][39m,
      mock: [36m[Object][39m,
      mockImplementation: [36m[Function: mockImplementation][39m,
      mockImplementationOnce: [36m[Function: mockImplementationOnce][39m,
      withImplementation: [36m[Function: withImplementation][39m,
      mockReturnThis: [36m[Function: mockReturnThis][39m,
      mockReturnValue: [36m[Function: mockReturnValue][39m,
      mockReturnValueOnce: [36m[Function: mockReturnValueOnce][39m,
      mockResolvedValue: [36m[Function: mockResolvedValue][39m,
      mockResolvedValueOnce: [36m[Function: mockResolvedValueOnce][39m,
      mockRejectedValue: [36m[Function: mockRejectedValue][39m,
      mockRejectedValueOnce: [36m[Function: mockRejectedValueOnce][39m,
      mockClear: [36m[Function: mockClear][39m,
      mockReset: [36m[Function: mockReset][39m,
      mockRestore: [36m[Function: mockRestore][39m,
      mockName: [36m[Function: mockName][39m,
      getMockName: [36m[Function: getMockName][39m,
      [32mSymbol(Symbol.dispose)[39m: [36m[Function (anonymous)][39m
    },
    postBatch: [Function: Mock] {
      _isMockFunction: [33mtrue[39m,
      getMockImplementation: [36m[Function (anonymous)][39m,
      mock: [36m[Object][39m,
      mockImplementation: [36m[Function: mockImplementation][39m,
      mockImplementationOnce: [36m[Function: mockImplementationOnce][39m,
      withImplementation: [36m[Function: withImplementation][39m,
      mockReturnThis: [36m[Function: mockReturnThis][39m,
      mockReturnValue: [36m[Function: mockReturnValue][39m,
      mockReturnValueOnce: [36m[Function: mockReturnValueOnce][39m,
      mockResolvedValue: [36m[Function: mockResolvedValue][39m,
      mockResolvedValueOnce: [36m[Function: mockResolvedValueOnce][39m,
      mockRejectedValue: [36m[Function: mockRejectedValue][39m,
      mockRejectedValueOnce: [36m[Function: mockRejectedValueOnce][39m,
      mockClear: [36m[Function: mockClear][39m,
      mockReset: [36m[Function: mockReset][39m,
      mockRestore: [36m[Function: mockRestore][39m,
      mockName: [36m[Function: mockName][39m,
      getMockName: [36m[Function: getMockName][39m,
      [32mSymbol(Symbol.dispose)[39m: [36m[Function (anonymous)][39m
    },
    fetchRows: [Function: Mock] {
      _isMockFunction: [33mtrue[39m,
      getMockImplementation: [36m[Function (anonymous)][39m,
      mock: [36m[Object][39m,
      mockImplementation: [36m[Function: mockImplementation][39m,
      mockImplementationOnce: [36m[Function: mockImplementationOnce][39m,
      withImplementation: [36m[Function: withImplementation][39m,
      mockReturnThis: [36m[Function: mockReturnThis][39m,
      mockReturnValue: [36m[Function: mockReturnValue][39m,
      mockReturnValueOnce: [36m[Function: mockReturnValueOnce][39m,
      mockResolvedValue: [36m[Function: mockResolvedValue][39m,
      mockResolvedValueOnce: [36m[Function: mockResolvedValueOnce][39m,
      mockRejectedValue: [36m[Function: mockRejectedValue][39m,
      mockRejectedValueOnce: [36m[Function: mockRejectedValueOnce][39m,
      mockClear: [36m[Function: mockClear][39m,
      mockReset: [36m[Function: mockReset][39m,
      mockRestore: [36m[Function: mockRestore][39m,
      mockName: [36m[Function: mockName][39m,
      getMockName: [36m[Function: getMockName][39m,
      [32mSymbol(Symbol.dispose)[39m: [36m[Function (anonymous)][39m
    },
    fetchRowById: [Function: Mock] {
      _isMockFunction: [33mtrue[39m,
      getMockImplementation: [36m[Function (anonymous)][39m,
      mock: [36m[Object][39m,
      mockImplementation: [36m[Function: mockImplementation][39m,
      mockImplementationOnce: [36m[Function: mockImplementationOnce][39m,
      withImplementation: [36m[Function: withImplementation][39m,
      mockReturnThis: [36m[Function: mockReturnThis][39m,
      mockReturnValue: [36m[Function: mockReturnValue][39m,
      mockReturnValueOnce: [36m[Function: mockReturnValueOnce][39m,
      mockResolvedValue: [36m[Function: mockResolvedValue][39m,
      mockResolvedValueOnce: [36m[Function: mockResolvedValueOnce][39m,
      mockRejectedValue: [36m[Function: mockRejectedValue][39m,
      mockRejectedValueOnce: [36m[Function: mockRejectedValueOnce][39m,
      mockClear: [36m[Function: mockClear][39m,
      mockReset: [36m[Function: mockReset][39m,
      mockRestore: [36m[Function: mockRestore][39m,
      mockName: [36m[Function: mockName][39m,
      getMockName: [36m[Function: getMockName][39m,
      [32mSymbol(Symbol.dispose)[39m: [36m[Function (anonymous)][39m
    },
    spFetch: [Function: Mock] {
      _isMockFunction: [33mtrue[39m,
      getMockImplementation: [36m[Function (anonymous)][39m,
      mock: [36m[Object][39m,
      mockImplementation: [36m[Function: mockImplementation][39m,
      mockImplementationOnce: [36m[Function: mockImplementationOnce][39m,
      withImplementation: [36m[Function: withImplementation][39m,
      mockReturnThis: [36m[Function: mockReturnThis][39m,
      mockReturnValue: [36m[Function: mockReturnValue][39m,
      mockReturnValueOnce: [36m[Function: mockReturnValueOnce][39m,
      mockResolvedValue: [36m[Function: mockResolvedValue][39m,
      mockResolvedValueOnce: [36m[Function: mockResolvedValueOnce][39m,
      mockRejectedValue: [36m[Function: mockRejectedValue][39m,
      mockRejectedValueOnce: [36m[Function: mockRejectedValueOnce][39m,
      mockClear: [36m[Function: mockClear][39m,
      mockReset: [36m[Function: mockReset][39m,
      mockRestore: [36m[Function: mockRestore][39m,
      mockName: [36m[Function: mockName][39m,
      getMockName: [36m[Function: getMockName][39m,
      [32mSymbol(Symbol.dispose)[39m: [36m[Function (anonymous)][39m
    },
    getUnifiedEvents: [Function: Mock] {
      _isMockFunction: [33mtrue[39m,
      getMockImplementation: [36m[Function (anonymous)][39m,
      mock: [36m[Object][39m,
      mockImplementation: [36m[Function: mockImplementation][39m,
      mockImplementationOnce: [36m[Function: mockImplementationOnce][39m,
      withImplementation: [36m[Function: withImplementation][39m,
      mockReturnThis: [36m[Function: mockReturnThis][39m,
      mockReturnValue: [36m[Function: mockReturnValue][39m,
      mockReturnValueOnce: [36m[Function: mockReturnValueOnce][39m,
      mockResolvedValue: [36m[Function: mockResolvedValue][39m,
      mockResolvedValueOnce: [36m[Function: mockResolvedValueOnce][39m,
      mockRejectedValue: [36m[Function: mockRejectedValue][39m,
      mockRejectedValueOnce: [36m[Function: mockRejectedValueOnce][39m,
      mockClear: [36m[Function: mockClear][39m,
      mockReset: [36m[Function: mockReset][39m,
      mockRestore: [36m[Function: mockRestore][39m,
      mockName: [36m[Function: mockName][39m,
      getMockName: [36m[Function: getMockName][39m,
      [32mSymbol(Symbol.dispose)[39m: [36m[Function (anonymous)][39m
    },
    getResources: [Function: Mock] {
      _isMockFunction: [33mtrue[39m,
      getMockImplementation: [36m[Function (anonymous)][39m,
      mock: [36m[Object][39m,
      mockImplementation: [36m[Function: mockImplementation][39m,
      mockImplementationOnce: [36m[Function: mockImplementationOnce][39m,
      withImplementation: [36m[Function: withImplementation][39m,
      mockReturnThis: [36m[Function: mockReturnThis][39m,
      mockReturnValue: [36m[Function: mockReturnValue][39m,
      mockReturnValueOnce: [36m[Function: mockReturnValueOnce][39m,
      mockResolvedValue: [36m[Function: mockResolvedValue][39m,
      mockResolvedValueOnce: [36m[Function: mockResolvedValueOnce][39m,
      mockRejectedValue: [36m[Function: mockRejectedValue][39m,
      mockRejectedValueOnce: [36m[Function: mockRejectedValueOnce][39m,
      mockClear: [36m[Function: mockClear][39m,
      mockReset: [36m[Function: mockReset][39m,
      mockRestore: [36m[Function: mockRestore][39m,
      mockName: [36m[Function: mockName][39m,
      getMockName: [36m[Function: getMockName][39m,
      [32mSymbol(Symbol.dispose)[39m: [36m[Function (anonymous)][39m
    }
  }
}
[IRC] mounted { pathname: [32m'/'[39m, isE2E: [33mtrue[39m, timestamp: [32m'2026-04-04T03:17:49.567Z'[39m }
[IRC] Current environment: {
  VITE_E2E: [33mtrue[39m,
  VITE_SP_RESOURCE: [32m'https://isogokatudouhome.sharepoint.com'[39m,
  VITE_FEATURE_SCHEDULES: [33mtrue[39m
}
[IRC] SpClient created: {
  isE2E: [33mtrue[39m,
  client: {
    listItems: [Function: Mock] {
      _isMockFunction: [33mtrue[39m,
      getMockImplementation: [36m[Function (anonymous)][39m,
      mock: [36m[Object][39m,
      mockImplementation: [36m[Function: mockImplementation][39m,
      mockImplementationOnce: [36m[Function: mockImplementationOnce][39m,
      withImplementation: [36m[Function: withImplementation][39m,
      mockReturnThis: [36m[Function: mockReturnThis][39m,
      mockReturnValue: [36m[Function: mockReturnValue][39m,
      mockReturnValueOnce: [36m[Function: mockReturnValueOnce][39m,
      mockResolvedValue: [36m[Function: mockResolvedValue][39m,
      mockResolvedValueOnce: [36m[Function: mockResolvedValueOnce][39m,
      mockRejectedValue: [36m[Function: mockRejectedValue][39m,
      mockRejectedValueOnce: [36m[Function: mockRejectedValueOnce][39m,
      mockClear: [36m[Function: mockClear][39m,
      mockReset: [36m[Function: mockReset][39m,
      mockRestore: [36m[Function: mockRestore][39m,
      mockName: [36m[Function: mockName][39m,
      getMockName: [36m[Function: getMockName][39m,
      [32mSymbol(Symbol.dispose)[39m: [36m[Function (anonymous)][39m
    },
    getItem: [Function: Mock] {
      _isMockFunction: [33mtrue[39m,
      getMockImplementation: [36m[Function (anonymous)][39m,
      mock: [36m[Object][39m,
      mockImplementation: [36m[Function: mockImplementation][39m,
      mockImplementationOnce: [36m[Function: mockImplementationOnce][39m,
      withImplementation: [36m[Function: withImplementation][39m,
      mockReturnThis: [36m[Function: mockReturnThis][39m,
      mockReturnValue: [36m[Function: mockReturnValue][39m,
      mockReturnValueOnce: [36m[Function: mockReturnValueOnce][39m,
      mockResolvedValue: [36m[Function: mockResolvedValue][39m,
      mockResolvedValueOnce: [36m[Function: mockResolvedValueOnce][39m,
      mockRejectedValue: [36m[Function: mockRejectedValue][39m,
      mockRejectedValueOnce: [36m[Function: mockRejectedValueOnce][39m,
      mockClear: [36m[Function: mockClear][39m,
      mockReset: [36m[Function: mockReset][39m,
      mockRestore: [36m[Function: mockRestore][39m,
      mockName: [36m[Function: mockName][39m,
      getMockName: [36m[Function: getMockName][39m,
      [32mSymbol(Symbol.dispose)[39m: [36m[Function (anonymous)][39m
    },
    createItem: [Function: Mock] {
      _isMockFunction: [33mtrue[39m,
      getMockImplementation: [36m[Function (anonymous)][39m,
      mock: [36m[Object][39m,
      mockImplementation: [36m[Function: mockImplementation][39m,
      mockImplementationOnce: [36m[Function: mockImplementationOnce][39m,
      withImplementation: [36m[Function: withImplementation][39m,
      mockReturnThis: [36m[Function: mockReturnThis][39m,
      mockReturnValue: [36m[Function: mockReturnValue][39m,
      mockReturnValueOnce: [36m[Function: mockReturnValueOnce][39m,
      mockResolvedValue: [36m[Function: mockResolvedValue][39m,
      mockResolvedValueOnce: [36m[Function: mockResolvedValueOnce][39m,
      mockRejectedValue: [36m[Function: mockRejectedValue][39m,
      mockRejectedValueOnce: [36m[Function: mockRejectedValueOnce][39m,
      mockClear: [36m[Function: mockClear][39m,
      mockReset: [36m[Function: mockReset][39m,
      mockRestore: [36m[Function: mockRestore][39m,
      mockName: [36m[Function: mockName][39m,
      getMockName: [36m[Function: getMockName][39m,
      [32mSymbol(Symbol.dispose)[39m: [36m[Function (anonymous)][39m
    },
    updateItem: [Function: Mock] {
      _isMockFunction: [33mtrue[39m,
      getMockImplementation: [36m[Function (anonymous)][39m,
      mock: [36m[Object][39m,
      mockImplementation: [36m[Function: mockImplementation][39m,
      mockImplementationOnce: [36m[Function: mockImplementationOnce][39m,
      withImplementation: [36m[Function: withImplementation][39m,
      mockReturnThis: [36m[Function: mockReturnThis][39m,
      mockReturnValue: [36m[Function: mockReturnValue][39m,
      mockReturnValueOnce: [36m[Function: mockReturnValueOnce][39m,
      mockResolvedValue: [36m[Function: mockResolvedValue][39m,
      mockResolvedValueOnce: [36m[Function: mockResolvedValueOnce][39m,
      mockRejectedValue: [36m[Function: mockRejectedValue][39m,
      mockRejectedValueOnce: [36m[Function: mockRejectedValueOnce][39m,
      mockClear: [36m[Function: mockClear][39m,
      mockReset: [36m[Function: mockReset][39m,
      mockRestore: [36m[Function: mockRestore][39m,
      mockName: [36m[Function: mockName][39m,
      getMockName: [36m[Function: getMockName][39m,
      [32mSymbol(Symbol.dispose)[39m: [36m[Function (anonymous)][39m
    },
    deleteItem: [Function: Mock] {
      _isMockFunction: [33mtrue[39m,
      getMockImplementation: [36m[Function (anonymous)][39m,
      mock: [36m[Object][39m,
      mockImplementation: [36m[Function: mockImplementation][39m,
      mockImplementationOnce: [36m[Function: mockImplementationOnce][39m,
      withImplementation: [36m[Function: withImplementation][39m,
      mockReturnThis: [36m[Function: mockReturnThis][39m,
      mockReturnValue: [36m[Function: mockReturnValue][39m,
      mockReturnValueOnce: [36m[Function: mockReturnValueOnce][39m,
      mockResolvedValue: [36m[Function: mockResolvedValue][39m,
      mockResolvedValueOnce: [36m[Function: mockResolvedValueOnce][39m,
      mockRejectedValue: [36m[Function: mockRejectedValue][39m,
      mockRejectedValueOnce: [36m[Function: mockRejectedValueOnce][39m,
      mockClear: [36m[Function: mockClear][39m,
      mockReset: [36m[Function: mockReset][39m,
      mockRestore: [36m[Function: mockRestore][39m,
      mockName: [36m[Function: mockName][39m,
      getMockName: [36m[Function: getMockName][39m,
      [32mSymbol(Symbol.dispose)[39m: [36m[Function (anonymous)][39m
    },
    getListItemsByTitle: [Function: Mock] {
      _isMockFunction: [33mtrue[39m,
      getMockImplementation: [36m[Function (anonymous)][39m,
      mock: [36m[Object][39m,
      mockImplementation: [36m[Function: mockImplementation][39m,
      mockImplementationOnce: [36m[Function: mockImplementationOnce][39m,
      withImplementation: [36m[Function: withImplementation][39m,
      mockReturnThis: [36m[Function: mockReturnThis][39m,
      mockReturnValue: [36m[Function: mockReturnValue][39m,
      mockReturnValueOnce: [36m[Function: mockReturnValueOnce][39m,
      mockResolvedValue: [36m[Function: mockResolvedValue][39m,
      mockResolvedValueOnce: [36m[Function: mockResolvedValueOnce][39m,
      mockRejectedValue: [36m[Function: mockRejectedValue][39m,
      mockRejectedValueOnce: [36m[Function: mockRejectedValueOnce][39m,
      mockClear: [36m[Function: mockClear][39m,
      mockReset: [36m[Function: mockReset][39m,
      mockRestore: [36m[Function: mockRestore][39m,
      mockName: [36m[Function: mockName][39m,
      getMockName: [36m[Function: getMockName][39m,
      [32mSymbol(Symbol.dispose)[39m: [36m[Function (anonymous)][39m
    },
    getListItemById: [Function: Mock] {
      _isMockFunction: [33mtrue[39m,
      getMockImplementation: [36m[Function (anonymous)][39m,
      mock: [36m[Object][39m,
      mockImplementation: [36m[Function: mockImplementation][39m,
      mockImplementationOnce: [36m[Function: mockImplementationOnce][39m,
      withImplementation: [36m[Function: withImplementation][39m,
      mockReturnThis: [36m[Function: mockReturnThis][39m,
      mockReturnValue: [36m[Function: mockReturnValue][39m,
      mockReturnValueOnce: [36m[Function: mockReturnValueOnce][39m,
      mockResolvedValue: [36m[Function: mockResolvedValue][39m,
      mockResolvedValueOnce: [36m[Function: mockResolvedValueOnce][39m,
      mockRejectedValue: [36m[Function: mockRejectedValue][39m,
      mockRejectedValueOnce: [36m[Function: mockRejectedValueOnce][39m,
      mockClear: [36m[Function: mockClear][39m,
      mockReset: [36m[Function: mockReset][39m,
      mockRestore: [36m[Function: mockRestore][39m,
      mockName: [36m[Function: mockName][39m,
      getMockName: [36m[Function: getMockName][39m,
      [32mSymbol(Symbol.dispose)[39m: [36m[Function (anonymous)][39m
    },
    addListItemByTitle: [Function: Mock] {
      _isMockFunction: [33mtrue[39m,
      getMockImplementation: [36m[Function (anonymous)][39m,
      mock: [36m[Object][39m,
      mockImplementation: [36m[Function: mockImplementation][39m,
      mockImplementationOnce: [36m[Function: mockImplementationOnce][39m,
      withImplementation: [36m[Function: withImplementation][39m,
      mockReturnThis: [36m[Function: mockReturnThis][39m,
      mockReturnValue: [36m[Function: mockReturnValue][39m,
      mockReturnValueOnce: [36m[Function: mockReturnValueOnce][39m,
      mockResolvedValue: [36m[Function: mockResolvedValue][39m,
      mockResolvedValueOnce: [36m[Function: mockResolvedValueOnce][39m,
      mockRejectedValue: [36m[Function: mockRejectedValue][39m,
      mockRejectedValueOnce: [36m[Function: mockRejectedValueOnce][39m,
      mockClear: [36m[Function: mockClear][39m,
      mockReset: [36m[Function: mockReset][39m,
      mockRestore: [36m[Function: mockRestore][39m,
      mockName: [36m[Function: mockName][39m,
      getMockName: [36m[Function: getMockName][39m,
      [32mSymbol(Symbol.dispose)[39m: [36m[Function (anonymous)][39m
    },
    addItemByTitle: [Function: Mock] {
      _isMockFunction: [33mtrue[39m,
      getMockImplementation: [36m[Function (anonymous)][39m,
      mock: [36m[Object][39m,
      mockImplementation: [36m[Function: mockImplementation][39m,
      mockImplementationOnce: [36m[Function: mockImplementationOnce][39m,
      withImplementation: [36m[Function: withImplementation][39m,
      mockReturnThis: [36m[Function: mockReturnThis][39m,
      mockReturnValue: [36m[Function: mockReturnValue][39m,
      mockReturnValueOnce: [36m[Function: mockReturnValueOnce][39m,
      mockResolvedValue: [36m[Function: mockResolvedValue][39m,
      mockResolvedValueOnce: [36m[Function: mockResolvedValueOnce][39m,
      mockRejectedValue: [36m[Function: mockRejectedValue][39m,
      mockRejectedValueOnce: [36m[Function: mockRejectedValueOnce][39m,
      mockClear: [36m[Function: mockClear][39m,
      mockReset: [36m[Function: mockReset][39m,
      mockRestore: [36m[Function: mockRestore][39m,
      mockName: [36m[Function: mockName][39m,
      getMockName: [36m[Function: getMockName][39m,
      [32mSymbol(Symbol.dispose)[39m: [36m[Function (anonymous)][39m
    },
    updateListItem: [Function: Mock] {
      _isMockFunction: [33mtrue[39m,
      getMockImplementation: [36m[Function (anonymous)][39m,
      mock: [36m[Object][39m,
      mockImplementation: [36m[Function: mockImplementation][39m,
      mockImplementationOnce: [36m[Function: mockImplementationOnce][39m,
      withImplementation: [36m[Function: withImplementation][39m,
      mockReturnThis: [36m[Function: mockReturnThis][39m,
      mockReturnValue: [36m[Function: mockReturnValue][39m,
      mockReturnValueOnce: [36m[Function: mockReturnValueOnce][39m,
      mockResolvedValue: [36m[Function: mockResolvedValue][39m,
      mockResolvedValueOnce: [36m[Function: mockResolvedValueOnce][39m,
      mockRejectedValue: [36m[Function: mockRejectedValue][39m,
      mockRejectedValueOnce: [36m[Function: mockRejectedValueOnce][39m,
      mockClear: [36m[Function: mockClear][39m,
      mockReset: [36m[Function: mockReset][39m,
      mockRestore: [36m[Function: mockRestore][39m,
      mockName: [36m[Function: mockName][39m,
      getMockName: [36m[Function: getMockName][39m,
      [32mSymbol(Symbol.dispose)[39m: [36m[Function (anonymous)][39m
    },
    deleteListItem: [Function: Mock] {
      _isMockFunction: [33mtrue[39m,
      getMockImplementation: [36m[Function (anonymous)][39m,
      mock: [36m[Object][39m,
      mockImplementation: [36m[Function: mockImplementation][39m,
      mockImplementationOnce: [36m[Function: mockImplementationOnce][39m,
      withImplementation: [36m[Function: withImplementation][39m,
      mockReturnThis: [36m[Function: mockReturnThis][39m,
      mockReturnValue: [36m[Function: mockReturnValue][39m,
      mockReturnValueOnce: [36m[Function: mockReturnValueOnce][39m,
      mockResolvedValue: [36m[Function: mockResolvedValue][39m,
      mockResolvedValueOnce: [36m[Function: mockResolvedValueOnce][39m,
      mockRejectedValue: [36m[Function: mockRejectedValue][39m,
      mockRejectedValueOnce: [36m[Function: mockRejectedValueOnce][39m,
      mockClear: [36m[Function: mockClear][39m,
      mockReset: [36m[Function: mockReset][39m,
      mockRestore: [36m[Function: mockRestore][39m,
      mockName: [36m[Function: mockName][39m,
      getMockName: [36m[Function: getMockName][39m,
      [32mSymbol(Symbol.dispose)[39m: [36m[Function (anonymous)][39m
    },
    postBatch: [Function: Mock] {
      _isMockFunction: [33mtrue[39m,
      getMockImplementation: [36m[Function (anonymous)][39m,
      mock: [36m[Object][39m,
      mockImplementation: [36m[Function: mockImplementation][39m,
      mockImplementationOnce: [36m[Function: mockImplementationOnce][39m,
      withImplementation: [36m[Function: withImplementation][39m,
      mockReturnThis: [36m[Function: mockReturnThis][39m,
      mockReturnValue: [36m[Function: mockReturnValue][39m,
      mockReturnValueOnce: [36m[Function: mockReturnValueOnce][39m,
      mockResolvedValue: [36m[Function: mockResolvedValue][39m,
      mockResolvedValueOnce: [36m[Function: mockResolvedValueOnce][39m,
      mockRejectedValue: [36m[Function: mockRejectedValue][39m,
      mockRejectedValueOnce: [36m[Function: mockRejectedValueOnce][39m,
      mockClear: [36m[Function: mockClear][39m,
      mockReset: [36m[Function: mockReset][39m,
      mockRestore: [36m[Function: mockRestore][39m,
      mockName: [36m[Function: mockName][39m,
      getMockName: [36m[Function: getMockName][39m,
      [32mSymbol(Symbol.dispose)[39m: [36m[Function (anonymous)][39m
    },
    fetchRows: [Function: Mock] {
      _isMockFunction: [33mtrue[39m,
      getMockImplementation: [36m[Function (anonymous)][39m,
      mock: [36m[Object][39m,
      mockImplementation: [36m[Function: mockImplementation][39m,
      mockImplementationOnce: [36m[Function: mockImplementationOnce][39m,
      withImplementation: [36m[Function: withImplementation][39m,
      mockReturnThis: [36m[Function: mockReturnThis][39m,
      mockReturnValue: [36m[Function: mockReturnValue][39m,
      mockReturnValueOnce: [36m[Function: mockReturnValueOnce][39m,
      mockResolvedValue: [36m[Function: mockResolvedValue][39m,
      mockResolvedValueOnce: [36m[Function: mockResolvedValueOnce][39m,
      mockRejectedValue: [36m[Function: mockRejectedValue][39m,
      mockRejectedValueOnce: [36m[Function: mockRejectedValueOnce][39m,
      mockClear: [36m[Function: mockClear][39m,
      mockReset: [36m[Function: mockReset][39m,
      mockRestore: [36m[Function: mockRestore][39m,
      mockName: [36m[Function: mockName][39m,
      getMockName: [36m[Function: getMockName][39m,
      [32mSymbol(Symbol.dispose)[39m: [36m[Function (anonymous)][39m
    },
    fetchRowById: [Function: Mock] {
      _isMockFunction: [33mtrue[39m,
      getMockImplementation: [36m[Function (anonymous)][39m,
      mock: [36m[Object][39m,
      mockImplementation: [36m[Function: mockImplementation][39m,
      mockImplementationOnce: [36m[Function: mockImplementationOnce][39m,
      withImplementation: [36m[Function: withImplementation][39m,
      mockReturnThis: [36m[Function: mockReturnThis][39m,
      mockReturnValue: [36m[Function: mockReturnValue][39m,
      mockReturnValueOnce: [36m[Function: mockReturnValueOnce][39m,
      mockResolvedValue: [36m[Function: mockResolvedValue][39m,
      mockResolvedValueOnce: [36m[Function: mockResolvedValueOnce][39m,
      mockRejectedValue: [36m[Function: mockRejectedValue][39m,
      mockRejectedValueOnce: [36m[Function: mockRejectedValueOnce][39m,
      mockClear: [36m[Function: mockClear][39m,
      mockReset: [36m[Function: mockReset][39m,
      mockRestore: [36m[Function: mockRestore][39m,
      mockName: [36m[Function: mockName][39m,
      getMockName: [36m[Function: getMockName][39m,
      [32mSymbol(Symbol.dispose)[39m: [36m[Function (anonymous)][39m
    },
    spFetch: [Function: Mock] {
      _isMockFunction: [33mtrue[39m,
      getMockImplementation: [36m[Function (anonymous)][39m,
      mock: [36m[Object][39m,
      mockImplementation: [36m[Function: mockImplementation][39m,
      mockImplementationOnce: [36m[Function: mockImplementationOnce][39m,
      withImplementation: [36m[Function: withImplementation][39m,
      mockReturnThis: [36m[Function: mockReturnThis][39m,
      mockReturnValue: [36m[Function: mockReturnValue][39m,
      mockReturnValueOnce: [36m[Function: mockReturnValueOnce][39m,
      mockResolvedValue: [36m[Function: mockResolvedValue][39m,
      mockResolvedValueOnce: [36m[Function: mockResolvedValueOnce][39m,
      mockRejectedValue: [36m[Function: mockRejectedValue][39m,
      mockRejectedValueOnce: [36m[Function: mockRejectedValueOnce][39m,
      mockClear: [36m[Function: mockClear][39m,
      mockReset: [36m[Function: mockReset][39m,
      mockRestore: [36m[Function: mockRestore][39m,
      mockName: [36m[Function: mockName][39m,
      getMockName: [36m[Function: getMockName][39m,
      [32mSymbol(Symbol.dispose)[39m: [36m[Function (anonymous)][39m
    },
    getUnifiedEvents: [Function: Mock] {
      _isMockFunction: [33mtrue[39m,
      getMockImplementation: [36m[Function (anonymous)][39m,
      mock: [36m[Object][39m,
      mockImplementation: [36m[Function: mockImplementation][39m,
      mockImplementationOnce: [36m[Function: mockImplementationOnce][39m,
      withImplementation: [36m[Function: withImplementation][39m,
      mockReturnThis: [36m[Function: mockReturnThis][39m,
      mockReturnValue: [36m[Function: mockReturnValue][39m,
      mockReturnValueOnce: [36m[Function: mockReturnValueOnce][39m,
      mockResolvedValue: [36m[Function: mockResolvedValue][39m,
      mockResolvedValueOnce: [36m[Function: mockResolvedValueOnce][39m,
      mockRejectedValue: [36m[Function: mockRejectedValue][39m,
      mockRejectedValueOnce: [36m[Function: mockRejectedValueOnce][39m,
      mockClear: [36m[Function: mockClear][39m,
      mockReset: [36m[Function: mockReset][39m,
      mockRestore: [36m[Function: mockRestore][39m,
      mockName: [36m[Function: mockName][39m,
      getMockName: [36m[Function: getMockName][39m,
      [32mSymbol(Symbol.dispose)[39m: [36m[Function (anonymous)][39m
    },
    getResources: [Function: Mock] {
      _isMockFunction: [33mtrue[39m,
      getMockImplementation: [36m[Function (anonymous)][39m,
      mock: [36m[Object][39m,
      mockImplementation: [36m[Function: mockImplementation][39m,
      mockImplementationOnce: [36m[Function: mockImplementationOnce][39m,
      withImplementation: [36m[Function: withImplementation][39m,
      mockReturnThis: [36m[Function: mockReturnThis][39m,
      mockReturnValue: [36m[Function: mockReturnValue][39m,
      mockReturnValueOnce: [36m[Function: mockReturnValueOnce][39m,
      mockResolvedValue: [36m[Function: mockResolvedValue][39m,
      mockResolvedValueOnce: [36m[Function: mockResolvedValueOnce][39m,
      mockRejectedValue: [36m[Function: mockRejectedValue][39m,
      mockRejectedValueOnce: [36m[Function: mockRejectedValueOnce][39m,
      mockClear: [36m[Function: mockClear][39m,
      mockReset: [36m[Function: mockReset][39m,
      mockRestore: [36m[Function: mockRestore][39m,
      mockName: [36m[Function: mockName][39m,
      getMockName: [36m[Function: getMockName][39m,
      [32mSymbol(Symbol.dispose)[39m: [36m[Function (anonymous)][39m
    }
  }
}
[IRC] mounted { pathname: [32m'/'[39m, isE2E: [33mtrue[39m, timestamp: [32m'2026-04-04T03:17:49.594Z'[39m }
[IRC] Current environment: {
  VITE_E2E: [33mtrue[39m,
  VITE_SP_RESOURCE: [32m'https://isogokatudouhome.sharepoint.com'[39m,
  VITE_FEATURE_SCHEDULES: [33mtrue[39m
}
[IRC] mounted { pathname: [32m'/'[39m, isE2E: [33mtrue[39m, timestamp: [32m'2026-04-04T03:17:49.595Z'[39m }
[IRC] Current environment: {
  VITE_E2E: [33mtrue[39m,
  VITE_SP_RESOURCE: [32m'https://isogokatudouhome.sharepoint.com'[39m,
  VITE_FEATURE_SCHEDULES: [33mtrue[39m
}
[IRC] Loaded resources: [33m0[39m
[IRC] Loaded events count: [33m2[39m
[IRC] Loaded resources: [33m0[39m
[IRC] Loaded events count: [33m2[39m

[90mstdout[2m | tests/smoke/integrated-resource-calendar.spec.tsx[2m > [22m[2mIntegratedResourceCalendar smoke tests[2m > [22m[2mshows Sprint 3 implementation notice
[22m[39m[IRC] mounted { pathname: [32m'/'[39m, isE2E: [33mtrue[39m, timestamp: [32m'2026-04-04T03:17:49.609Z'[39m }
[IRC] Current environment: {
  VITE_E2E: [33mtrue[39m,
  VITE_SP_RESOURCE: [32m'https://isogokatudouhome.sharepoint.com'[39m,
  VITE_FEATURE_SCHEDULES: [33mtrue[39m
}
[IRC] mounted { pathname: [32m'/'[39m, isE2E: [33mtrue[39m, timestamp: [32m'2026-04-04T03:17:49.610Z'[39m }
[IRC] Current environment: {
  VITE_E2E: [33mtrue[39m,
  VITE_SP_RESOURCE: [32m'https://isogokatudouhome.sharepoint.com'[39m,
  VITE_FEATURE_SCHEDULES: [33mtrue[39m
}

[90mstdout[2m | tests/smoke/integrated-resource-calendar.spec.tsx[2m > [22m[2mIntegratedResourceCalendar smoke tests[2m > [22m[2mrenders FullCalendar component
[22m[39m[IRC] mounted { pathname: [32m'/'[39m, isE2E: [33mtrue[39m, timestamp: [32m'2026-04-04T03:17:49.631Z'[39m }
[IRC] Current environment: {
  VITE_E2E: [33mtrue[39m,
  VITE_SP_RESOURCE: [32m'https://isogokatudouhome.sharepoint.com'[39m,
  VITE_FEATURE_SCHEDULES: [33mtrue[39m
}
[IRC] SpClient created: {
  isE2E: [33mtrue[39m,
  client: {
    listItems: [Function: Mock] {
      _isMockFunction: [33mtrue[39m,
      getMockImplementation: [36m[Function (anonymous)][39m,
      mock: [36m[Object][39m,
      mockImplementation: [36m[Function: mockImplementation][39m,
      mockImplementationOnce: [36m[Function: mockImplementationOnce][39m,
      withImplementation: [36m[Function: withImplementation][39m,
      mockReturnThis: [36m[Function: mockReturnThis][39m,
      mockReturnValue: [36m[Function: mockReturnValue][39m,
      mockReturnValueOnce: [36m[Function: mockReturnValueOnce][39m,
      mockResolvedValue: [36m[Function: mockResolvedValue][39m,
      mockResolvedValueOnce: [36m[Function: mockResolvedValueOnce][39m,
      mockRejectedValue: [36m[Function: mockRejectedValue][39m,
      mockRejectedValueOnce: [36m[Function: mockRejectedValueOnce][39m,
      mockClear: [36m[Function: mockClear][39m,
      mockReset: [36m[Function: mockReset][39m,
      mockRestore: [36m[Function: mockRestore][39m,
      mockName: [36m[Function: mockName][39m,
      getMockName: [36m[Function: getMockName][39m,
      [32mSymbol(Symbol.dispose)[39m: [36m[Function (anonymous)][39m
    },
    getItem: [Function: Mock] {
      _isMockFunction: [33mtrue[39m,
      getMockImplementation: [36m[Function (anonymous)][39m,
      mock: [36m[Object][39m,
      mockImplementation: [36m[Function: mockImplementation][39m,
      mockImplementationOnce: [36m[Function: mockImplementationOnce][39m,
      withImplementation: [36m[Function: withImplementation][39m,
      mockReturnThis: [36m[Function: mockReturnThis][39m,
      mockReturnValue: [36m[Function: mockReturnValue][39m,
      mockReturnValueOnce: [36m[Function: mockReturnValueOnce][39m,
      mockResolvedValue: [36m[Function: mockResolvedValue][39m,
      mockResolvedValueOnce: [36m[Function: mockResolvedValueOnce][39m,
      mockRejectedValue: [36m[Function: mockRejectedValue][39m,
      mockRejectedValueOnce: [36m[Function: mockRejectedValueOnce][39m,
      mockClear: [36m[Function: mockClear][39m,
      mockReset: [36m[Function: mockReset][39m,
      mockRestore: [36m[Function: mockRestore][39m,
      mockName: [36m[Function: mockName][39m,
      getMockName: [36m[Function: getMockName][39m,
      [32mSymbol(Symbol.dispose)[39m: [36m[Function (anonymous)][39m
    },
    createItem: [Function: Mock] {
      _isMockFunction: [33mtrue[39m,
      getMockImplementation: [36m[Function (anonymous)][39m,
      mock: [36m[Object][39m,
      mockImplementation: [36m[Function: mockImplementation][39m,
      mockImplementationOnce: [36m[Function: mockImplementationOnce][39m,
      withImplementation: [36m[Function: withImplementation][39m,
      mockReturnThis: [36m[Function: mockReturnThis][39m,
      mockReturnValue: [36m[Function: mockReturnValue][39m,
      mockReturnValueOnce: [36m[Function: mockReturnValueOnce][39m,
      mockResolvedValue: [36m[Function: mockResolvedValue][39m,
      mockResolvedValueOnce: [36m[Function: mockResolvedValueOnce][39m,
      mockRejectedValue: [36m[Function: mockRejectedValue][39m,
      mockRejectedValueOnce: [36m[Function: mockRejectedValueOnce][39m,
      mockClear: [36m[Function: mockClear][39m,
      mockReset: [36m[Function: mockReset][39m,
      mockRestore: [36m[Function: mockRestore][39m,
      mockName: [36m[Function: mockName][39m,
      getMockName: [36m[Function: getMockName][39m,
      [32mSymbol(Symbol.dispose)[39m: [36m[Function (anonymous)][39m
    },
    updateItem: [Function: Mock] {
      _isMockFunction: [33mtrue[39m,
      getMockImplementation: [36m[Function (anonymous)][39m,
      mock: [36m[Object][39m,
      mockImplementation: [36m[Function: mockImplementation][39m,
      mockImplementationOnce: [36m[Function: mockImplementationOnce][39m,
      withImplementation: [36m[Function: withImplementation][39m,
      mockReturnThis: [36m[Function: mockReturnThis][39m,
      mockReturnValue: [36m[Function: mockReturnValue][39m,
      mockReturnValueOnce: [36m[Function: mockReturnValueOnce][39m,
      mockResolvedValue: [36m[Function: mockResolvedValue][39m,
      mockResolvedValueOnce: [36m[Function: mockResolvedValueOnce][39m,
      mockRejectedValue: [36m[Function: mockRejectedValue][39m,
      mockRejectedValueOnce: [36m[Function: mockRejectedValueOnce][39m,
      mockClear: [36m[Function: mockClear][39m,
      mockReset: [36m[Function: mockReset][39m,
      mockRestore: [36m[Function: mockRestore][39m,
      mockName: [36m[Function: mockName][39m,
      getMockName: [36m[Function: getMockName][39m,
      [32mSymbol(Symbol.dispose)[39m: [36m[Function (anonymous)][39m
    },
    deleteItem: [Function: Mock] {
      _isMockFunction: [33mtrue[39m,
      getMockImplementation: [36m[Function (anonymous)][39m,
      mock: [36m[Object][39m,
      mockImplementation: [36m[Function: mockImplementation][39m,
      mockImplementationOnce: [36m[Function: mockImplementationOnce][39m,
      withImplementation: [36m[Function: withImplementation][39m,
      mockReturnThis: [36m[Function: mockReturnThis][39m,
      mockReturnValue: [36m[Function: mockReturnValue][39m,
      mockReturnValueOnce: [36m[Function: mockReturnValueOnce][39m,
      mockResolvedValue: [36m[Function: mockResolvedValue][39m,
      mockResolvedValueOnce: [36m[Function: mockResolvedValueOnce][39m,
      mockRejectedValue: [36m[Function: mockRejectedValue][39m,
      mockRejectedValueOnce: [36m[Function: mockRejectedValueOnce][39m,
      mockClear: [36m[Function: mockClear][39m,
      mockReset: [36m[Function: mockReset][39m,
      mockRestore: [36m[Function: mockRestore][39m,
      mockName: [36m[Function: mockName][39m,
      getMockName: [36m[Function: getMockName][39m,
      [32mSymbol(Symbol.dispose)[39m: [36m[Function (anonymous)][39m
    },
    getListItemsByTitle: [Function: Mock] {
      _isMockFunction: [33mtrue[39m,
      getMockImplementation: [36m[Function (anonymous)][39m,
      mock: [36m[Object][39m,
      mockImplementation: [36m[Function: mockImplementation][39m,
      mockImplementationOnce: [36m[Function: mockImplementationOnce][39m,
      withImplementation: [36m[Function: withImplementation][39m,
      mockReturnThis: [36m[Function: mockReturnThis][39m,
      mockReturnValue: [36m[Function: mockReturnValue][39m,
      mockReturnValueOnce: [36m[Function: mockReturnValueOnce][39m,
      mockResolvedValue: [36m[Function: mockResolvedValue][39m,
      mockResolvedValueOnce: [36m[Function: mockResolvedValueOnce][39m,
      mockRejectedValue: [36m[Function: mockRejectedValue][39m,
      mockRejectedValueOnce: [36m[Function: mockRejectedValueOnce][39m,
      mockClear: [36m[Function: mockClear][39m,
      mockReset: [36m[Function: mockReset][39m,
      mockRestore: [36m[Function: mockRestore][39m,
      mockName: [36m[Function: mockName][39m,
      getMockName: [36m[Function: getMockName][39m,
      [32mSymbol(Symbol.dispose)[39m: [36m[Function (anonymous)][39m
    },
    getListItemById: [Function: Mock] {
      _isMockFunction: [33mtrue[39m,
      getMockImplementation: [36m[Function (anonymous)][39m,
      mock: [36m[Object][39m,
      mockImplementation: [36m[Function: mockImplementation][39m,
      mockImplementationOnce: [36m[Function: mockImplementationOnce][39m,
      withImplementation: [36m[Function: withImplementation][39m,
      mockReturnThis: [36m[Function: mockReturnThis][39m,
      mockReturnValue: [36m[Function: mockReturnValue][39m,
      mockReturnValueOnce: [36m[Function: mockReturnValueOnce][39m,
      mockResolvedValue: [36m[Function: mockResolvedValue][39m,
      mockResolvedValueOnce: [36m[Function: mockResolvedValueOnce][39m,
      mockRejectedValue: [36m[Function: mockRejectedValue][39m,
      mockRejectedValueOnce: [36m[Function: mockRejectedValueOnce][39m,
      mockClear: [36m[Function: mockClear][39m,
      mockReset: [36m[Function: mockReset][39m,
      mockRestore: [36m[Function: mockRestore][39m,
      mockName: [36m[Function: mockName][39m,
      getMockName: [36m[Function: getMockName][39m,
      [32mSymbol(Symbol.dispose)[39m: [36m[Function (anonymous)][39m
    },
    addListItemByTitle: [Function: Mock] {
      _isMockFunction: [33mtrue[39m,
      getMockImplementation: [36m[Function (anonymous)][39m,
      mock: [36m[Object][39m,
      mockImplementation: [36m[Function: mockImplementation][39m,
      mockImplementationOnce: [36m[Function: mockImplementationOnce][39m,
      withImplementation: [36m[Function: withImplementation][39m,
      mockReturnThis: [36m[Function: mockReturnThis][39m,
      mockReturnValue: [36m[Function: mockReturnValue][39m,
      mockReturnValueOnce: [36m[Function: mockReturnValueOnce][39m,
      mockResolvedValue: [36m[Function: mockResolvedValue][39m,
      mockResolvedValueOnce: [36m[Function: mockResolvedValueOnce][39m,
      mockRejectedValue: [36m[Function: mockRejectedValue][39m,
      mockRejectedValueOnce: [36m[Function: mockRejectedValueOnce][39m,
      mockClear: [36m[Function: mockClear][39m,
      mockReset: [36m[Function: mockReset][39m,
      mockRestore: [36m[Function: mockRestore][39m,
      mockName: [36m[Function: mockName][39m,
      getMockName: [36m[Function: getMockName][39m,
      [32mSymbol(Symbol.dispose)[39m: [36m[Function (anonymous)][39m
    },
    addItemByTitle: [Function: Mock] {
      _isMockFunction: [33mtrue[39m,
      getMockImplementation: [36m[Function (anonymous)][39m,
      mock: [36m[Object][39m,
      mockImplementation: [36m[Function: mockImplementation][39m,
      mockImplementationOnce: [36m[Function: mockImplementationOnce][39m,
      withImplementation: [36m[Function: withImplementation][39m,
      mockReturnThis: [36m[Function: mockReturnThis][39m,
      mockReturnValue: [36m[Function: mockReturnValue][39m,
      mockReturnValueOnce: [36m[Function: mockReturnValueOnce][39m,
      mockResolvedValue: [36m[Function: mockResolvedValue][39m,
      mockResolvedValueOnce: [36m[Function: mockResolvedValueOnce][39m,
      mockRejectedValue: [36m[Function: mockRejectedValue][39m,
      mockRejectedValueOnce: [36m[Function: mockRejectedValueOnce][39m,
      mockClear: [36m[Function: mockClear][39m,
      mockReset: [36m[Function: mockReset][39m,
      mockRestore: [36m[Function: mockRestore][39m,
      mockName: [36m[Function: mockName][39m,
      getMockName: [36m[Function: getMockName][39m,
      [32mSymbol(Symbol.dispose)[39m: [36m[Function (anonymous)][39m
    },
    updateListItem: [Function: Mock] {
      _isMockFunction: [33mtrue[39m,
      getMockImplementation: [36m[Function (anonymous)][39m,
      mock: [36m[Object][39m,
      mockImplementation: [36m[Function: mockImplementation][39m,
      mockImplementationOnce: [36m[Function: mockImplementationOnce][39m,
      withImplementation: [36m[Function: withImplementation][39m,
      mockReturnThis: [36m[Function: mockReturnThis][39m,
      mockReturnValue: [36m[Function: mockReturnValue][39m,
      mockReturnValueOnce: [36m[Function: mockReturnValueOnce][39m,
      mockResolvedValue: [36m[Function: mockResolvedValue][39m,
      mockResolvedValueOnce: [36m[Function: mockResolvedValueOnce][39m,
      mockRejectedValue: [36m[Function: mockRejectedValue][39m,
      mockRejectedValueOnce: [36m[Function: mockRejectedValueOnce][39m,
      mockClear: [36m[Function: mockClear][39m,
      mockReset: [36m[Function: mockReset][39m,
      mockRestore: [36m[Function: mockRestore][39m,
      mockName: [36m[Function: mockName][39m,
      getMockName: [36m[Function: getMockName][39m,
      [32mSymbol(Symbol.dispose)[39m: [36m[Function (anonymous)][39m
    },
    deleteListItem: [Function: Mock] {
      _isMockFunction: [33mtrue[39m,
      getMockImplementation: [36m[Function (anonymous)][39m,
      mock: [36m[Object][39m,
      mockImplementation: [36m[Function: mockImplementation][39m,
      mockImplementationOnce: [36m[Function: mockImplementationOnce][39m,
      withImplementation: [36m[Function: withImplementation][39m,
      mockReturnThis: [36m[Function: mockReturnThis][39m,
      mockReturnValue: [36m[Function: mockReturnValue][39m,
      mockReturnValueOnce: [36m[Function: mockReturnValueOnce][39m,
      mockResolvedValue: [36m[Function: mockResolvedValue][39m,
      mockResolvedValueOnce: [36m[Function: mockResolvedValueOnce][39m,
      mockRejectedValue: [36m[Function: mockRejectedValue][39m,
      mockRejectedValueOnce: [36m[Function: mockRejectedValueOnce][39m,
      mockClear: [36m[Function: mockClear][39m,
      mockReset: [36m[Function: mockReset][39m,
      mockRestore: [36m[Function: mockRestore][39m,
      mockName: [36m[Function: mockName][39m,
      getMockName: [36m[Function: getMockName][39m,
      [32mSymbol(Symbol.dispose)[39m: [36m[Function (anonymous)][39m
    },
    postBatch: [Function: Mock] {
      _isMockFunction: [33mtrue[39m,
      getMockImplementation: [36m[Function (anonymous)][39m,
      mock: [36m[Object][39m,
      mockImplementation: [36m[Function: mockImplementation][39m,
      mockImplementationOnce: [36m[Function: mockImplementationOnce][39m,
      withImplementation: [36m[Function: withImplementation][39m,
      mockReturnThis: [36m[Function: mockReturnThis][39m,
      mockReturnValue: [36m[Function: mockReturnValue][39m,
      mockReturnValueOnce: [36m[Function: mockReturnValueOnce][39m,
      mockResolvedValue: [36m[Function: mockResolvedValue][39m,
      mockResolvedValueOnce: [36m[Function: mockResolvedValueOnce][39m,
      mockRejectedValue: [36m[Function: mockRejectedValue][39m,
      mockRejectedValueOnce: [36m[Function: mockRejectedValueOnce][39m,
      mockClear: [36m[Function: mockClear][39m,
      mockReset: [36m[Function: mockReset][39m,
      mockRestore: [36m[Function: mockRestore][39m,
      mockName: [36m[Function: mockName][39m,
      getMockName: [36m[Function: getMockName][39m,
      [32mSymbol(Symbol.dispose)[39m: [36m[Function (anonymous)][39m
    },
    fetchRows: [Function: Mock] {
      _isMockFunction: [33mtrue[39m,
      getMockImplementation: [36m[Function (anonymous)][39m,
      mock: [36m[Object][39m,
      mockImplementation: [36m[Function: mockImplementation][39m,
      mockImplementationOnce: [36m[Function: mockImplementationOnce][39m,
      withImplementation: [36m[Function: withImplementation][39m,
      mockReturnThis: [36m[Function: mockReturnThis][39m,
      mockReturnValue: [36m[Function: mockReturnValue][39m,
      mockReturnValueOnce: [36m[Function: mockReturnValueOnce][39m,
      mockResolvedValue: [36m[Function: mockResolvedValue][39m,
      mockResolvedValueOnce: [36m[Function: mockResolvedValueOnce][39m,
      mockRejectedValue: [36m[Function: mockRejectedValue][39m,
      mockRejectedValueOnce: [36m[Function: mockRejectedValueOnce][39m,
      mockClear: [36m[Function: mockClear][39m,
      mockReset: [36m[Function: mockReset][39m,
      mockRestore: [36m[Function: mockRestore][39m,
      mockName: [36m[Function: mockName][39m,
      getMockName: [36m[Function: getMockName][39m,
      [32mSymbol(Symbol.dispose)[39m: [36m[Function (anonymous)][39m
    },
    fetchRowById: [Function: Mock] {
      _isMockFunction: [33mtrue[39m,
      getMockImplementation: [36m[Function (anonymous)][39m,
      mock: [36m[Object][39m,
      mockImplementation: [36m[Function: mockImplementation][39m,
      mockImplementationOnce: [36m[Function: mockImplementationOnce][39m,
      withImplementation: [36m[Function: withImplementation][39m,
      mockReturnThis: [36m[Function: mockReturnThis][39m,
      mockReturnValue: [36m[Function: mockReturnValue][39m,
      mockReturnValueOnce: [36m[Function: mockReturnValueOnce][39m,
      mockResolvedValue: [36m[Function: mockResolvedValue][39m,
      mockResolvedValueOnce: [36m[Function: mockResolvedValueOnce][39m,
      mockRejectedValue: [36m[Function: mockRejectedValue][39m,
      mockRejectedValueOnce: [36m[Function: mockRejectedValueOnce][39m,
      mockClear: [36m[Function: mockClear][39m,
      mockReset: [36m[Function: mockReset][39m,
      mockRestore: [36m[Function: mockRestore][39m,
      mockName: [36m[Function: mockName][39m,
      getMockName: [36m[Function: getMockName][39m,
      [32mSymbol(Symbol.dispose)[39m: [36m[Function (anonymous)][39m
    },
    spFetch: [Function: Mock] {
      _isMockFunction: [33mtrue[39m,
      getMockImplementation: [36m[Function (anonymous)][39m,
      mock: [36m[Object][39m,
      mockImplementation: [36m[Function: mockImplementation][39m,
      mockImplementationOnce: [36m[Function: mockImplementationOnce][39m,
      withImplementation: [36m[Function: withImplementation][39m,
      mockReturnThis: [36m[Function: mockReturnThis][39m,
      mockReturnValue: [36m[Function: mockReturnValue][39m,
      mockReturnValueOnce: [36m[Function: mockReturnValueOnce][39m,
      mockResolvedValue: [36m[Function: mockResolvedValue][39m,
      mockResolvedValueOnce: [36m[Function: mockResolvedValueOnce][39m,
      mockRejectedValue: [36m[Function: mockRejectedValue][39m,
      mockRejectedValueOnce: [36m[Function: mockRejectedValueOnce][39m,
      mockClear: [36m[Function: mockClear][39m,
      mockReset: [36m[Function: mockReset][39m,
      mockRestore: [36m[Function: mockRestore][39m,
      mockName: [36m[Function: mockName][39m,
      getMockName: [36m[Function: getMockName][39m,
      [32mSymbol(Symbol.dispose)[39m: [36m[Function (anonymous)][39m
    },
    getUnifiedEvents: [Function: Mock] {
      _isMockFunction: [33mtrue[39m,
      getMockImplementation: [36m[Function (anonymous)][39m,
      mock: [36m[Object][39m,
      mockImplementation: [36m[Function: mockImplementation][39m,
      mockImplementationOnce: [36m[Function: mockImplementationOnce][39m,
      withImplementation: [36m[Function: withImplementation][39m,
      mockReturnThis: [36m[Function: mockReturnThis][39m,
      mockReturnValue: [36m[Function: mockReturnValue][39m,
      mockReturnValueOnce: [36m[Function: mockReturnValueOnce][39m,
      mockResolvedValue: [36m[Function: mockResolvedValue][39m,
      mockResolvedValueOnce: [36m[Function: mockResolvedValueOnce][39m,
      mockRejectedValue: [36m[Function: mockRejectedValue][39m,
      mockRejectedValueOnce: [36m[Function: mockRejectedValueOnce][39m,
      mockClear: [36m[Function: mockClear][39m,
      mockReset: [36m[Function: mockReset][39m,
      mockRestore: [36m[Function: mockRestore][39m,
      mockName: [36m[Function: mockName][39m,
      getMockName: [36m[Function: getMockName][39m,
      [32mSymbol(Symbol.dispose)[39m: [36m[Function (anonymous)][39m
    },
    getResources: [Function: Mock] {
      _isMockFunction: [33mtrue[39m,
      getMockImplementation: [36m[Function (anonymous)][39m,
      mock: [36m[Object][39m,
      mockImplementation: [36m[Function: mockImplementation][39m,
      mockImplementationOnce: [36m[Function: mockImplementationOnce][39m,
      withImplementation: [36m[Function: withImplementation][39m,
      mockReturnThis: [36m[Function: mockReturnThis][39m,
      mockReturnValue: [36m[Function: mockReturnValue][39m,
      mockReturnValueOnce: [36m[Function: mockReturnValueOnce][39m,
      mockResolvedValue: [36m[Function: mockResolvedValue][39m,
      mockResolvedValueOnce: [36m[Function: mockResolvedValueOnce][39m,
      mockRejectedValue: [36m[Function: mockRejectedValue][39m,
      mockRejectedValueOnce: [36m[Function: mockRejectedValueOnce][39m,
      mockClear: [36m[Function: mockClear][39m,
      mockReset: [36m[Function: mockReset][39m,
      mockRestore: [36m[Function: mockRestore][39m,
      mockName: [36m[Function: mockName][39m,
      getMockName: [36m[Function: getMockName][39m,
      [32mSymbol(Symbol.dispose)[39m: [36m[Function (anonymous)][39m
    }
  }
}
[IRC] mounted { pathname: [32m'/'[39m, isE2E: [33mtrue[39m, timestamp: [32m'2026-04-04T03:17:49.633Z'[39m }
[IRC] Current environment: {
  VITE_E2E: [33mtrue[39m,
  VITE_SP_RESOURCE: [32m'https://isogokatudouhome.sharepoint.com'[39m,
  VITE_FEATURE_SCHEDULES: [33mtrue[39m
}
[IRC] SpClient created: {
  isE2E: [33mtrue[39m,
  client: {
    listItems: [Function: Mock] {
      _isMockFunction: [33mtrue[39m,
      getMockImplementation: [36m[Function (anonymous)][39m,
      mock: [36m[Object][39m,
      mockImplementation: [36m[Function: mockImplementation][39m,
      mockImplementationOnce: [36m[Function: mockImplementationOnce][39m,
      withImplementation: [36m[Function: withImplementation][39m,
      mockReturnThis: [36m[Function: mockReturnThis][39m,
      mockReturnValue: [36m[Function: mockReturnValue][39m,
      mockReturnValueOnce: [36m[Function: mockReturnValueOnce][39m,
      mockResolvedValue: [36m[Function: mockResolvedValue][39m,
      mockResolvedValueOnce: [36m[Function: mockResolvedValueOnce][39m,
      mockRejectedValue: [36m[Function: mockRejectedValue][39m,
      mockRejectedValueOnce: [36m[Function: mockRejectedValueOnce][39m,
      mockClear: [36m[Function: mockClear][39m,
      mockReset: [36m[Function: mockReset][39m,
      mockRestore: [36m[Function: mockRestore][39m,
      mockName: [36m[Function: mockName][39m,
      getMockName: [36m[Function: getMockName][39m,
      [32mSymbol(Symbol.dispose)[39m: [36m[Function (anonymous)][39m
    },
    getItem: [Function: Mock] {
      _isMockFunction: [33mtrue[39m,
      getMockImplementation: [36m[Function (anonymous)][39m,
      mock: [36m[Object][39m,
      mockImplementation: [36m[Function: mockImplementation][39m,
      mockImplementationOnce: [36m[Function: mockImplementationOnce][39m,
      withImplementation: [36m[Function: withImplementation][39m,
      mockReturnThis: [36m[Function: mockReturnThis][39m,
      mockReturnValue: [36m[Function: mockReturnValue][39m,
      mockReturnValueOnce: [36m[Function: mockReturnValueOnce][39m,
      mockResolvedValue: [36m[Function: mockResolvedValue][39m,
      mockResolvedValueOnce: [36m[Function: mockResolvedValueOnce][39m,
      mockRejectedValue: [36m[Function: mockRejectedValue][39m,
      mockRejectedValueOnce: [36m[Function: mockRejectedValueOnce][39m,
      mockClear: [36m[Function: mockClear][39m,
      mockReset: [36m[Function: mockReset][39m,
      mockRestore: [36m[Function: mockRestore][39m,
      mockName: [36m[Function: mockName][39m,
      getMockName: [36m[Function: getMockName][39m,
      [32mSymbol(Symbol.dispose)[39m: [36m[Function (anonymous)][39m
    },
    createItem: [Function: Mock] {
      _isMockFunction: [33mtrue[39m,
      getMockImplementation: [36m[Function (anonymous)][39m,
      mock: [36m[Object][39m,
      mockImplementation: [36m[Function: mockImplementation][39m,
      mockImplementationOnce: [36m[Function: mockImplementationOnce][39m,
      withImplementation: [36m[Function: withImplementation][39m,
      mockReturnThis: [36m[Function: mockReturnThis][39m,
      mockReturnValue: [36m[Function: mockReturnValue][39m,
      mockReturnValueOnce: [36m[Function: mockReturnValueOnce][39m,
      mockResolvedValue: [36m[Function: mockResolvedValue][39m,
      mockResolvedValueOnce: [36m[Function: mockResolvedValueOnce][39m,
      mockRejectedValue: [36m[Function: mockRejectedValue][39m,
      mockRejectedValueOnce: [36m[Function: mockRejectedValueOnce][39m,
      mockClear: [36m[Function: mockClear][39m,
      mockReset: [36m[Function: mockReset][39m,
      mockRestore: [36m[Function: mockRestore][39m,
      mockName: [36m[Function: mockName][39m,
      getMockName: [36m[Function: getMockName][39m,
      [32mSymbol(Symbol.dispose)[39m: [36m[Function (anonymous)][39m
    },
    updateItem: [Function: Mock] {
      _isMockFunction: [33mtrue[39m,
      getMockImplementation: [36m[Function (anonymous)][39m,
      mock: [36m[Object][39m,
      mockImplementation: [36m[Function: mockImplementation][39m,
      mockImplementationOnce: [36m[Function: mockImplementationOnce][39m,
      withImplementation: [36m[Function: withImplementation][39m,
      mockReturnThis: [36m[Function: mockReturnThis][39m,
      mockReturnValue: [36m[Function: mockReturnValue][39m,
      mockReturnValueOnce: [36m[Function: mockReturnValueOnce][39m,
      mockResolvedValue: [36m[Function: mockResolvedValue][39m,
      mockResolvedValueOnce: [36m[Function: mockResolvedValueOnce][39m,
      mockRejectedValue: [36m[Function: mockRejectedValue][39m,
      mockRejectedValueOnce: [36m[Function: mockRejectedValueOnce][39m,
      mockClear: [36m[Function: mockClear][39m,
      mockReset: [36m[Function: mockReset][39m,
      mockRestore: [36m[Function: mockRestore][39m,
      mockName: [36m[Function: mockName][39m,
      getMockName: [36m[Function: getMockName][39m,
      [32mSymbol(Symbol.dispose)[39m: [36m[Function (anonymous)][39m
    },
    deleteItem: [Function: Mock] {
      _isMockFunction: [33mtrue[39m,
      getMockImplementation: [36m[Function (anonymous)][39m,
      mock: [36m[Object][39m,
      mockImplementation: [36m[Function: mockImplementation][39m,
      mockImplementationOnce: [36m[Function: mockImplementationOnce][39m,
      withImplementation: [36m[Function: withImplementation][39m,
      mockReturnThis: [36m[Function: mockReturnThis][39m,
      mockReturnValue: [36m[Function: mockReturnValue][39m,
      mockReturnValueOnce: [36m[Function: mockReturnValueOnce][39m,
      mockResolvedValue: [36m[Function: mockResolvedValue][39m,
      mockResolvedValueOnce: [36m[Function: mockResolvedValueOnce][39m,
      mockRejectedValue: [36m[Function: mockRejectedValue][39m,
      mockRejectedValueOnce: [36m[Function: mockRejectedValueOnce][39m,
      mockClear: [36m[Function: mockClear][39m,
      mockReset: [36m[Function: mockReset][39m,
      mockRestore: [36m[Function: mockRestore][39m,
      mockName: [36m[Function: mockName][39m,
      getMockName: [36m[Function: getMockName][39m,
      [32mSymbol(Symbol.dispose)[39m: [36m[Function (anonymous)][39m
    },
    getListItemsByTitle: [Function: Mock] {
      _isMockFunction: [33mtrue[39m,
      getMockImplementation: [36m[Function (anonymous)][39m,
      mock: [36m[Object][39m,
      mockImplementation: [36m[Function: mockImplementation][39m,
      mockImplementationOnce: [36m[Function: mockImplementationOnce][39m,
      withImplementation: [36m[Function: withImplementation][39m,
      mockReturnThis: [36m[Function: mockReturnThis][39m,
      mockReturnValue: [36m[Function: mockReturnValue][39m,
      mockReturnValueOnce: [36m[Function: mockReturnValueOnce][39m,
      mockResolvedValue: [36m[Function: mockResolvedValue][39m,
      mockResolvedValueOnce: [36m[Function: mockResolvedValueOnce][39m,
      mockRejectedValue: [36m[Function: mockRejectedValue][39m,
      mockRejectedValueOnce: [36m[Function: mockRejectedValueOnce][39m,
      mockClear: [36m[Function: mockClear][39m,
      mockReset: [36m[Function: mockReset][39m,
      mockRestore: [36m[Function: mockRestore][39m,
      mockName: [36m[Function: mockName][39m,
      getMockName: [36m[Function: getMockName][39m,
      [32mSymbol(Symbol.dispose)[39m: [36m[Function (anonymous)][39m
    },
    getListItemById: [Function: Mock] {
      _isMockFunction: [33mtrue[39m,
      getMockImplementation: [36m[Function (anonymous)][39m,
      mock: [36m[Object][39m,
      mockImplementation: [36m[Function: mockImplementation][39m,
      mockImplementationOnce: [36m[Function: mockImplementationOnce][39m,
      withImplementation: [36m[Function: withImplementation][39m,
      mockReturnThis: [36m[Function: mockReturnThis][39m,
      mockReturnValue: [36m[Function: mockReturnValue][39m,
      mockReturnValueOnce: [36m[Function: mockReturnValueOnce][39m,
      mockResolvedValue: [36m[Function: mockResolvedValue][39m,
      mockResolvedValueOnce: [36m[Function: mockResolvedValueOnce][39m,
      mockRejectedValue: [36m[Function: mockRejectedValue][39m,
      mockRejectedValueOnce: [36m[Function: mockRejectedValueOnce][39m,
      mockClear: [36m[Function: mockClear][39m,
      mockReset: [36m[Function: mockReset][39m,
      mockRestore: [36m[Function: mockRestore][39m,
      mockName: [36m[Function: mockName][39m,
      getMockName: [36m[Function: getMockName][39m,
      [32mSymbol(Symbol.dispose)[39m: [36m[Function (anonymous)][39m
    },
    addListItemByTitle: [Function: Mock] {
      _isMockFunction: [33mtrue[39m,
      getMockImplementation: [36m[Function (anonymous)][39m,
      mock: [36m[Object][39m,
      mockImplementation: [36m[Function: mockImplementation][39m,
      mockImplementationOnce: [36m[Function: mockImplementationOnce][39m,
      withImplementation: [36m[Function: withImplementation][39m,
      mockReturnThis: [36m[Function: mockReturnThis][39m,
      mockReturnValue: [36m[Function: mockReturnValue][39m,
      mockReturnValueOnce: [36m[Function: mockReturnValueOnce][39m,
      mockResolvedValue: [36m[Function: mockResolvedValue][39m,
      mockResolvedValueOnce: [36m[Function: mockResolvedValueOnce][39m,
      mockRejectedValue: [36m[Function: mockRejectedValue][39m,
      mockRejectedValueOnce: [36m[Function: mockRejectedValueOnce][39m,
      mockClear: [36m[Function: mockClear][39m,
      mockReset: [36m[Function: mockReset][39m,
      mockRestore: [36m[Function: mockRestore][39m,
      mockName: [36m[Function: mockName][39m,
      getMockName: [36m[Function: getMockName][39m,
      [32mSymbol(Symbol.dispose)[39m: [36m[Function (anonymous)][39m
    },
    addItemByTitle: [Function: Mock] {
      _isMockFunction: [33mtrue[39m,
      getMockImplementation: [36m[Function (anonymous)][39m,
      mock: [36m[Object][39m,
      mockImplementation: [36m[Function: mockImplementation][39m,
      mockImplementationOnce: [36m[Function: mockImplementationOnce][39m,
      withImplementation: [36m[Function: withImplementation][39m,
      mockReturnThis: [36m[Function: mockReturnThis][39m,
      mockReturnValue: [36m[Function: mockReturnValue][39m,
      mockReturnValueOnce: [36m[Function: mockReturnValueOnce][39m,
      mockResolvedValue: [36m[Function: mockResolvedValue][39m,
      mockResolvedValueOnce: [36m[Function: mockResolvedValueOnce][39m,
      mockRejectedValue: [36m[Function: mockRejectedValue][39m,
      mockRejectedValueOnce: [36m[Function: mockRejectedValueOnce][39m,
      mockClear: [36m[Function: mockClear][39m,
      mockReset: [36m[Function: mockReset][39m,
      mockRestore: [36m[Function: mockRestore][39m,
      mockName: [36m[Function: mockName][39m,
      getMockName: [36m[Function: getMockName][39m,
      [32mSymbol(Symbol.dispose)[39m: [36m[Function (anonymous)][39m
    },
    updateListItem: [Function: Mock] {
      _isMockFunction: [33mtrue[39m,
      getMockImplementation: [36m[Function (anonymous)][39m,
      mock: [36m[Object][39m,
      mockImplementation: [36m[Function: mockImplementation][39m,
      mockImplementationOnce: [36m[Function: mockImplementationOnce][39m,
      withImplementation: [36m[Function: withImplementation][39m,
      mockReturnThis: [36m[Function: mockReturnThis][39m,
      mockReturnValue: [36m[Function: mockReturnValue][39m,
      mockReturnValueOnce: [36m[Function: mockReturnValueOnce][39m,
      mockResolvedValue: [36m[Function: mockResolvedValue][39m,
      mockResolvedValueOnce: [36m[Function: mockResolvedValueOnce][39m,
      mockRejectedValue: [36m[Function: mockRejectedValue][39m,
      mockRejectedValueOnce: [36m[Function: mockRejectedValueOnce][39m,
      mockClear: [36m[Function: mockClear][39m,
      mockReset: [36m[Function: mockReset][39m,
      mockRestore: [36m[Function: mockRestore][39m,
      mockName: [36m[Function: mockName][39m,
      getMockName: [36m[Function: getMockName][39m,
      [32mSymbol(Symbol.dispose)[39m: [36m[Function (anonymous)][39m
    },
    deleteListItem: [Function: Mock] {
      _isMockFunction: [33mtrue[39m,
      getMockImplementation: [36m[Function (anonymous)][39m,
      mock: [36m[Object][39m,
      mockImplementation: [36m[Function: mockImplementation][39m,
      mockImplementationOnce: [36m[Function: mockImplementationOnce][39m,
      withImplementation: [36m[Function: withImplementation][39m,
      mockReturnThis: [36m[Function: mockReturnThis][39m,
      mockReturnValue: [36m[Function: mockReturnValue][39m,
      mockReturnValueOnce: [36m[Function: mockReturnValueOnce][39m,
      mockResolvedValue: [36m[Function: mockResolvedValue][39m,
      mockResolvedValueOnce: [36m[Function: mockResolvedValueOnce][39m,
      mockRejectedValue: [36m[Function: mockRejectedValue][39m,
      mockRejectedValueOnce: [36m[Function: mockRejectedValueOnce][39m,
      mockClear: [36m[Function: mockClear][39m,
      mockReset: [36m[Function: mockReset][39m,
      mockRestore: [36m[Function: mockRestore][39m,
      mockName: [36m[Function: mockName][39m,
      getMockName: [36m[Function: getMockName][39m,
      [32mSymbol(Symbol.dispose)[39m: [36m[Function (anonymous)][39m
    },
    postBatch: [Function: Mock] {
      _isMockFunction: [33mtrue[39m,
      getMockImplementation: [36m[Function (anonymous)][39m,
      mock: [36m[Object][39m,
      mockImplementation: [36m[Function: mockImplementation][39m,
      mockImplementationOnce: [36m[Function: mockImplementationOnce][39m,
      withImplementation: [36m[Function: withImplementation][39m,
      mockReturnThis: [36m[Function: mockReturnThis][39m,
      mockReturnValue: [36m[Function: mockReturnValue][39m,
      mockReturnValueOnce: [36m[Function: mockReturnValueOnce][39m,
      mockResolvedValue: [36m[Function: mockResolvedValue][39m,
      mockResolvedValueOnce: [36m[Function: mockResolvedValueOnce][39m,
      mockRejectedValue: [36m[Function: mockRejectedValue][39m,
      mockRejectedValueOnce: [36m[Function: mockRejectedValueOnce][39m,
      mockClear: [36m[Function: mockClear][39m,
      mockReset: [36m[Function: mockReset][39m,
      mockRestore: [36m[Function: mockRestore][39m,
      mockName: [36m[Function: mockName][39m,
      getMockName: [36m[Function: getMockName][39m,
      [32mSymbol(Symbol.dispose)[39m: [36m[Function (anonymous)][39m
    },
    fetchRows: [Function: Mock] {
      _isMockFunction: [33mtrue[39m,
      getMockImplementation: [36m[Function (anonymous)][39m,
      mock: [36m[Object][39m,
      mockImplementation: [36m[Function: mockImplementation][39m,
      mockImplementationOnce: [36m[Function: mockImplementationOnce][39m,
      withImplementation: [36m[Function: withImplementation][39m,
      mockReturnThis: [36m[Function: mockReturnThis][39m,
      mockReturnValue: [36m[Function: mockReturnValue][39m,
      mockReturnValueOnce: [36m[Function: mockReturnValueOnce][39m,
      mockResolvedValue: [36m[Function: mockResolvedValue][39m,
      mockResolvedValueOnce: [36m[Function: mockResolvedValueOnce][39m,
      mockRejectedValue: [36m[Function: mockRejectedValue][39m,
      mockRejectedValueOnce: [36m[Function: mockRejectedValueOnce][39m,
      mockClear: [36m[Function: mockClear][39m,
      mockReset: [36m[Function: mockReset][39m,
      mockRestore: [36m[Function: mockRestore][39m,
      mockName: [36m[Function: mockName][39m,
      getMockName: [36m[Function: getMockName][39m,
      [32mSymbol(Symbol.dispose)[39m: [36m[Function (anonymous)][39m
    },
    fetchRowById: [Function: Mock] {
      _isMockFunction: [33mtrue[39m,
      getMockImplementation: [36m[Function (anonymous)][39m,
      mock: [36m[Object][39m,
      mockImplementation: [36m[Function: mockImplementation][39m,
      mockImplementationOnce: [36m[Function: mockImplementationOnce][39m,
      withImplementation: [36m[Function: withImplementation][39m,
      mockReturnThis: [36m[Function: mockReturnThis][39m,
      mockReturnValue: [36m[Function: mockReturnValue][39m,
      mockReturnValueOnce: [36m[Function: mockReturnValueOnce][39m,
      mockResolvedValue: [36m[Function: mockResolvedValue][39m,
      mockResolvedValueOnce: [36m[Function: mockResolvedValueOnce][39m,
      mockRejectedValue: [36m[Function: mockRejectedValue][39m,
      mockRejectedValueOnce: [36m[Function: mockRejectedValueOnce][39m,
      mockClear: [36m[Function: mockClear][39m,
      mockReset: [36m[Function: mockReset][39m,
      mockRestore: [36m[Function: mockRestore][39m,
      mockName: [36m[Function: mockName][39m,
      getMockName: [36m[Function: getMockName][39m,
      [32mSymbol(Symbol.dispose)[39m: [36m[Function (anonymous)][39m
    },
    spFetch: [Function: Mock] {
      _isMockFunction: [33mtrue[39m,
      getMockImplementation: [36m[Function (anonymous)][39m,
      mock: [36m[Object][39m,
      mockImplementation: [36m[Function: mockImplementation][39m,
      mockImplementationOnce: [36m[Function: mockImplementationOnce][39m,
      withImplementation: [36m[Function: withImplementation][39m,
      mockReturnThis: [36m[Function: mockReturnThis][39m,
      mockReturnValue: [36m[Function: mockReturnValue][39m,
      mockReturnValueOnce: [36m[Function: mockReturnValueOnce][39m,
      mockResolvedValue: [36m[Function: mockResolvedValue][39m,
      mockResolvedValueOnce: [36m[Function: mockResolvedValueOnce][39m,
      mockRejectedValue: [36m[Function: mockRejectedValue][39m,
      mockRejectedValueOnce: [36m[Function: mockRejectedValueOnce][39m,
      mockClear: [36m[Function: mockClear][39m,
      mockReset: [36m[Function: mockReset][39m,
      mockRestore: [36m[Function: mockRestore][39m,
      mockName: [36m[Function: mockName][39m,
      getMockName: [36m[Function: getMockName][39m,
      [32mSymbol(Symbol.dispose)[39m: [36m[Function (anonymous)][39m
    },
    getUnifiedEvents: [Function: Mock] {
      _isMockFunction: [33mtrue[39m,
      getMockImplementation: [36m[Function (anonymous)][39m,
      mock: [36m[Object][39m,
      mockImplementation: [36m[Function: mockImplementation][39m,
      mockImplementationOnce: [36m[Function: mockImplementationOnce][39m,
      withImplementation: [36m[Function: withImplementation][39m,
      mockReturnThis: [36m[Function: mockReturnThis][39m,
      mockReturnValue: [36m[Function: mockReturnValue][39m,
      mockReturnValueOnce: [36m[Function: mockReturnValueOnce][39m,
      mockResolvedValue: [36m[Function: mockResolvedValue][39m,
      mockResolvedValueOnce: [36m[Function: mockResolvedValueOnce][39m,
      mockRejectedValue: [36m[Function: mockRejectedValue][39m,
      mockRejectedValueOnce: [36m[Function: mockRejectedValueOnce][39m,
      mockClear: [36m[Function: mockClear][39m,
      mockReset: [36m[Function: mockReset][39m,
      mockRestore: [36m[Function: mockRestore][39m,
      mockName: [36m[Function: mockName][39m,
      getMockName: [36m[Function: getMockName][39m,
      [32mSymbol(Symbol.dispose)[39m: [36m[Function (anonymous)][39m
    },
    getResources: [Function: Mock] {
      _isMockFunction: [33mtrue[39m,
      getMockImplementation: [36m[Function (anonymous)][39m,
      mock: [36m[Object][39m,
      mockImplementation: [36m[Function: mockImplementation][39m,
      mockImplementationOnce: [36m[Function: mockImplementationOnce][39m,
      withImplementation: [36m[Function: withImplementation][39m,
      mockReturnThis: [36m[Function: mockReturnThis][39m,
      mockReturnValue: [36m[Function: mockReturnValue][39m,
      mockReturnValueOnce: [36m[Function: mockReturnValueOnce][39m,
      mockResolvedValue: [36m[Function: mockResolvedValue][39m,
      mockResolvedValueOnce: [36m[Function: mockResolvedValueOnce][39m,
      mockRejectedValue: [36m[Function: mockRejectedValue][39m,
      mockRejectedValueOnce: [36m[Function: mockRejectedValueOnce][39m,
      mockClear: [36m[Function: mockClear][39m,
      mockReset: [36m[Function: mockReset][39m,
      mockRestore: [36m[Function: mockRestore][39m,
      mockName: [36m[Function: mockName][39m,
      getMockName: [36m[Function: getMockName][39m,
      [32mSymbol(Symbol.dispose)[39m: [36m[Function (anonymous)][39m
    }
  }
}
[IRC] mounted { pathname: [32m'/'[39m, isE2E: [33mtrue[39m, timestamp: [32m'2026-04-04T03:17:49.655Z'[39m }
[IRC] Current environment: {
  VITE_E2E: [33mtrue[39m,
  VITE_SP_RESOURCE: [32m'https://isogokatudouhome.sharepoint.com'[39m,
  VITE_FEATURE_SCHEDULES: [33mtrue[39m
}
[IRC] mounted { pathname: [32m'/'[39m, isE2E: [33mtrue[39m, timestamp: [32m'2026-04-04T03:17:49.656Z'[39m }
[IRC] Current environment: {
  VITE_E2E: [33mtrue[39m,
  VITE_SP_RESOURCE: [32m'https://isogokatudouhome.sharepoint.com'[39m,
  VITE_FEATURE_SCHEDULES: [33mtrue[39m
}
[IRC] Loaded resources: [33m0[39m
[IRC] Loaded events count: [33m2[39m
[IRC] Loaded resources: [33m0[39m
[IRC] Loaded events count: [33m2[39m

[90mstdout[2m | tests/smoke/integrated-resource-calendar.spec.tsx[2m > [22m[2mIntegratedResourceCalendar smoke tests[2m > [22m[2mrenders FullCalendar component
[22m[39m[IRC] mounted { pathname: [32m'/'[39m, isE2E: [33mtrue[39m, timestamp: [32m'2026-04-04T03:17:49.668Z'[39m }
[IRC] Current environment: {
  VITE_E2E: [33mtrue[39m,
  VITE_SP_RESOURCE: [32m'https://isogokatudouhome.sharepoint.com'[39m,
  VITE_FEATURE_SCHEDULES: [33mtrue[39m
}
[IRC] mounted { pathname: [32m'/'[39m, isE2E: [33mtrue[39m, timestamp: [32m'2026-04-04T03:17:49.669Z'[39m }
[IRC] Current environment: {
  VITE_E2E: [33mtrue[39m,
  VITE_SP_RESOURCE: [32m'https://isogokatudouhome.sharepoint.com'[39m,
  VITE_FEATURE_SCHEDULES: [33mtrue[39m
}

 [32m笨・[39m tests/smoke/integrated-resource-calendar.spec.tsx[2m > [22mIntegratedResourceCalendar smoke tests[2m > [22mdisplays the page title[32m 115[2mms[22m[39m
 [32m笨・[39m tests/smoke/integrated-resource-calendar.spec.tsx[2m > [22mIntegratedResourceCalendar smoke tests[2m > [22mshows Sprint 3 implementation notice[32m 66[2mms[22m[39m
[90mstdout[2m | tests/smoke/integrated-resource-calendar.spec.tsx[2m > [22m[2mIntegratedResourceCalendar smoke tests[2m > [22m[2mrenders FullCalendar component
[22m[39m[IRC] mounted { pathname: [32m'/'[39m, isE2E: [33mtrue[39m, timestamp: [32m'2026-04-04T03:17:49.687Z'[39m }
[IRC] Current environment: {
  VITE_E2E: [33mtrue[39m,
  VITE_SP_RESOURCE: [32m'https://isogokatudouhome.sharepoint.com'[39m,
  VITE_FEATURE_SCHEDULES: [33mtrue[39m
}
[IRC] mounted { pathname: [32m'/'[39m, isE2E: [33mtrue[39m, timestamp: [32m'2026-04-04T03:17:49.688Z'[39m }
[IRC] Current environment: {
  VITE_E2E: [33mtrue[39m,
  VITE_SP_RESOURCE: [32m'https://isogokatudouhome.sharepoint.com'[39m,
  VITE_FEATURE_SCHEDULES: [33mtrue[39m
}

[90mstdout[2m | tests/smoke/integrated-resource-calendar.spec.tsx[2m > [22m[2mIntegratedResourceCalendar smoke tests[2m > [22m[2mcontains mock resource data
[22m[39m[IRC] mounted { pathname: [32m'/'[39m, isE2E: [33mtrue[39m, timestamp: [32m'2026-04-04T03:17:49.704Z'[39m }
[IRC] Current environment: {
  VITE_E2E: [33mtrue[39m,
  VITE_SP_RESOURCE: [32m'https://isogokatudouhome.sharepoint.com'[39m,
  VITE_FEATURE_SCHEDULES: [33mtrue[39m
}
[IRC] SpClient created: {
  isE2E: [33mtrue[39m,
  client: {
    listItems: [Function: Mock] {
      _isMockFunction: [33mtrue[39m,
      getMockImplementation: [36m[Function (anonymous)][39m,
      mock: [36m[Object][39m,
      mockImplementation: [36m[Function: mockImplementation][39m,
      mockImplementationOnce: [36m[Function: mockImplementationOnce][39m,
      withImplementation: [36m[Function: withImplementation][39m,
      mockReturnThis: [36m[Function: mockReturnThis][39m,
      mockReturnValue: [36m[Function: mockReturnValue][39m,
      mockReturnValueOnce: [36m[Function: mockReturnValueOnce][39m,
      mockResolvedValue: [36m[Function: mockResolvedValue][39m,
      mockResolvedValueOnce: [36m[Function: mockResolvedValueOnce][39m,
      mockRejectedValue: [36m[Function: mockRejectedValue][39m,
      mockRejectedValueOnce: [36m[Function: mockRejectedValueOnce][39m,
      mockClear: [36m[Function: mockClear][39m,
      mockReset: [36m[Function: mockReset][39m,
      mockRestore: [36m[Function: mockRestore][39m,
      mockName: [36m[Function: mockName][39m,
      getMockName: [36m[Function: getMockName][39m,
      [32mSymbol(Symbol.dispose)[39m: [36m[Function (anonymous)][39m
    },
    getItem: [Function: Mock] {
      _isMockFunction: [33mtrue[39m,
      getMockImplementation: [36m[Function (anonymous)][39m,
      mock: [36m[Object][39m,
      mockImplementation: [36m[Function: mockImplementation][39m,
      mockImplementationOnce: [36m[Function: mockImplementationOnce][39m,
      withImplementation: [36m[Function: withImplementation][39m,
      mockReturnThis: [36m[Function: mockReturnThis][39m,
      mockReturnValue: [36m[Function: mockReturnValue][39m,
      mockReturnValueOnce: [36m[Function: mockReturnValueOnce][39m,
      mockResolvedValue: [36m[Function: mockResolvedValue][39m,
      mockResolvedValueOnce: [36m[Function: mockResolvedValueOnce][39m,
      mockRejectedValue: [36m[Function: mockRejectedValue][39m,
      mockRejectedValueOnce: [36m[Function: mockRejectedValueOnce][39m,
      mockClear: [36m[Function: mockClear][39m,
      mockReset: [36m[Function: mockReset][39m,
      mockRestore: [36m[Function: mockRestore][39m,
      mockName: [36m[Function: mockName][39m,
      getMockName: [36m[Function: getMockName][39m,
      [32mSymbol(Symbol.dispose)[39m: [36m[Function (anonymous)][39m
    },
    createItem: [Function: Mock] {
      _isMockFunction: [33mtrue[39m,
      getMockImplementation: [36m[Function (anonymous)][39m,
      mock: [36m[Object][39m,
      mockImplementation: [36m[Function: mockImplementation][39m,
      mockImplementationOnce: [36m[Function: mockImplementationOnce][39m,
      withImplementation: [36m[Function: withImplementation][39m,
      mockReturnThis: [36m[Function: mockReturnThis][39m,
      mockReturnValue: [36m[Function: mockReturnValue][39m,
      mockReturnValueOnce: [36m[Function: mockReturnValueOnce][39m,
      mockResolvedValue: [36m[Function: mockResolvedValue][39m,
      mockResolvedValueOnce: [36m[Function: mockResolvedValueOnce][39m,
      mockRejectedValue: [36m[Function: mockRejectedValue][39m,
      mockRejectedValueOnce: [36m[Function: mockRejectedValueOnce][39m,
      mockClear: [36m[Function: mockClear][39m,
      mockReset: [36m[Function: mockReset][39m,
      mockRestore: [36m[Function: mockRestore][39m,
      mockName: [36m[Function: mockName][39m,
      getMockName: [36m[Function: getMockName][39m,
      [32mSymbol(Symbol.dispose)[39m: [36m[Function (anonymous)][39m
    },
    updateItem: [Function: Mock] {
      _isMockFunction: [33mtrue[39m,
      getMockImplementation: [36m[Function (anonymous)][39m,
      mock: [36m[Object][39m,
      mockImplementation: [36m[Function: mockImplementation][39m,
      mockImplementationOnce: [36m[Function: mockImplementationOnce][39m,
      withImplementation: [36m[Function: withImplementation][39m,
      mockReturnThis: [36m[Function: mockReturnThis][39m,
      mockReturnValue: [36m[Function: mockReturnValue][39m,
      mockReturnValueOnce: [36m[Function: mockReturnValueOnce][39m,
      mockResolvedValue: [36m[Function: mockResolvedValue][39m,
      mockResolvedValueOnce: [36m[Function: mockResolvedValueOnce][39m,
      mockRejectedValue: [36m[Function: mockRejectedValue][39m,
      mockRejectedValueOnce: [36m[Function: mockRejectedValueOnce][39m,
      mockClear: [36m[Function: mockClear][39m,
      mockReset: [36m[Function: mockReset][39m,
      mockRestore: [36m[Function: mockRestore][39m,
      mockName: [36m[Function: mockName][39m,
      getMockName: [36m[Function: getMockName][39m,
      [32mSymbol(Symbol.dispose)[39m: [36m[Function (anonymous)][39m
    },
    deleteItem: [Function: Mock] {
      _isMockFunction: [33mtrue[39m,
      getMockImplementation: [36m[Function (anonymous)][39m,
      mock: [36m[Object][39m,
      mockImplementation: [36m[Function: mockImplementation][39m,
      mockImplementationOnce: [36m[Function: mockImplementationOnce][39m,
      withImplementation: [36m[Function: withImplementation][39m,
      mockReturnThis: [36m[Function: mockReturnThis][39m,
      mockReturnValue: [36m[Function: mockReturnValue][39m,
      mockReturnValueOnce: [36m[Function: mockReturnValueOnce][39m,
      mockResolvedValue: [36m[Function: mockResolvedValue][39m,
      mockResolvedValueOnce: [36m[Function: mockResolvedValueOnce][39m,
      mockRejectedValue: [36m[Function: mockRejectedValue][39m,
      mockRejectedValueOnce: [36m[Function: mockRejectedValueOnce][39m,
      mockClear: [36m[Function: mockClear][39m,
      mockReset: [36m[Function: mockReset][39m,
      mockRestore: [36m[Function: mockRestore][39m,
      mockName: [36m[Function: mockName][39m,
      getMockName: [36m[Function: getMockName][39m,
      [32mSymbol(Symbol.dispose)[39m: [36m[Function (anonymous)][39m
    },
    getListItemsByTitle: [Function: Mock] {
      _isMockFunction: [33mtrue[39m,
      getMockImplementation: [36m[Function (anonymous)][39m,
      mock: [36m[Object][39m,
      mockImplementation: [36m[Function: mockImplementation][39m,
      mockImplementationOnce: [36m[Function: mockImplementationOnce][39m,
      withImplementation: [36m[Function: withImplementation][39m,
      mockReturnThis: [36m[Function: mockReturnThis][39m,
      mockReturnValue: [36m[Function: mockReturnValue][39m,
      mockReturnValueOnce: [36m[Function: mockReturnValueOnce][39m,
      mockResolvedValue: [36m[Function: mockResolvedValue][39m,
      mockResolvedValueOnce: [36m[Function: mockResolvedValueOnce][39m,
      mockRejectedValue: [36m[Function: mockRejectedValue][39m,
      mockRejectedValueOnce: [36m[Function: mockRejectedValueOnce][39m,
      mockClear: [36m[Function: mockClear][39m,
      mockReset: [36m[Function: mockReset][39m,
      mockRestore: [36m[Function: mockRestore][39m,
      mockName: [36m[Function: mockName][39m,
      getMockName: [36m[Function: getMockName][39m,
      [32mSymbol(Symbol.dispose)[39m: [36m[Function (anonymous)][39m
    },
    getListItemById: [Function: Mock] {
      _isMockFunction: [33mtrue[39m,
      getMockImplementation: [36m[Function (anonymous)][39m,
      mock: [36m[Object][39m,
      mockImplementation: [36m[Function: mockImplementation][39m,
      mockImplementationOnce: [36m[Function: mockImplementationOnce][39m,
      withImplementation: [36m[Function: withImplementation][39m,
      mockReturnThis: [36m[Function: mockReturnThis][39m,
      mockReturnValue: [36m[Function: mockReturnValue][39m,
      mockReturnValueOnce: [36m[Function: mockReturnValueOnce][39m,
      mockResolvedValue: [36m[Function: mockResolvedValue][39m,
      mockResolvedValueOnce: [36m[Function: mockResolvedValueOnce][39m,
      mockRejectedValue: [36m[Function: mockRejectedValue][39m,
      mockRejectedValueOnce: [36m[Function: mockRejectedValueOnce][39m,
      mockClear: [36m[Function: mockClear][39m,
      mockReset: [36m[Function: mockReset][39m,
      mockRestore: [36m[Function: mockRestore][39m,
      mockName: [36m[Function: mockName][39m,
      getMockName: [36m[Function: getMockName][39m,
      [32mSymbol(Symbol.dispose)[39m: [36m[Function (anonymous)][39m
    },
    addListItemByTitle: [Function: Mock] {
      _isMockFunction: [33mtrue[39m,
      getMockImplementation: [36m[Function (anonymous)][39m,
      mock: [36m[Object][39m,
      mockImplementation: [36m[Function: mockImplementation][39m,
      mockImplementationOnce: [36m[Function: mockImplementationOnce][39m,
      withImplementation: [36m[Function: withImplementation][39m,
      mockReturnThis: [36m[Function: mockReturnThis][39m,
      mockReturnValue: [36m[Function: mockReturnValue][39m,
      mockReturnValueOnce: [36m[Function: mockReturnValueOnce][39m,
      mockResolvedValue: [36m[Function: mockResolvedValue][39m,
      mockResolvedValueOnce: [36m[Function: mockResolvedValueOnce][39m,
      mockRejectedValue: [36m[Function: mockRejectedValue][39m,
      mockRejectedValueOnce: [36m[Function: mockRejectedValueOnce][39m,
      mockClear: [36m[Function: mockClear][39m,
      mockReset: [36m[Function: mockReset][39m,
      mockRestore: [36m[Function: mockRestore][39m,
      mockName: [36m[Function: mockName][39m,
      getMockName: [36m[Function: getMockName][39m,
      [32mSymbol(Symbol.dispose)[39m: [36m[Function (anonymous)][39m
    },
    addItemByTitle: [Function: Mock] {
      _isMockFunction: [33mtrue[39m,
      getMockImplementation: [36m[Function (anonymous)][39m,
      mock: [36m[Object][39m,
      mockImplementation: [36m[Function: mockImplementation][39m,
      mockImplementationOnce: [36m[Function: mockImplementationOnce][39m,
      withImplementation: [36m[Function: withImplementation][39m,
      mockReturnThis: [36m[Function: mockReturnThis][39m,
      mockReturnValue: [36m[Function: mockReturnValue][39m,
      mockReturnValueOnce: [36m[Function: mockReturnValueOnce][39m,
      mockResolvedValue: [36m[Function: mockResolvedValue][39m,
      mockResolvedValueOnce: [36m[Function: mockResolvedValueOnce][39m,
      mockRejectedValue: [36m[Function: mockRejectedValue][39m,
      mockRejectedValueOnce: [36m[Function: mockRejectedValueOnce][39m,
      mockClear: [36m[Function: mockClear][39m,
      mockReset: [36m[Function: mockReset][39m,
      mockRestore: [36m[Function: mockRestore][39m,
      mockName: [36m[Function: mockName][39m,
      getMockName: [36m[Function: getMockName][39m,
      [32mSymbol(Symbol.dispose)[39m: [36m[Function (anonymous)][39m
    },
    updateListItem: [Function: Mock] {
      _isMockFunction: [33mtrue[39m,
      getMockImplementation: [36m[Function (anonymous)][39m,
      mock: [36m[Object][39m,
      mockImplementation: [36m[Function: mockImplementation][39m,
      mockImplementationOnce: [36m[Function: mockImplementationOnce][39m,
      withImplementation: [36m[Function: withImplementation][39m,
      mockReturnThis: [36m[Function: mockReturnThis][39m,
      mockReturnValue: [36m[Function: mockReturnValue][39m,
      mockReturnValueOnce: [36m[Function: mockReturnValueOnce][39m,
      mockResolvedValue: [36m[Function: mockResolvedValue][39m,
      mockResolvedValueOnce: [36m[Function: mockResolvedValueOnce][39m,
      mockRejectedValue: [36m[Function: mockRejectedValue][39m,
      mockRejectedValueOnce: [36m[Function: mockRejectedValueOnce][39m,
      mockClear: [36m[Function: mockClear][39m,
      mockReset: [36m[Function: mockReset][39m,
      mockRestore: [36m[Function: mockRestore][39m,
      mockName: [36m[Function: mockName][39m,
      getMockName: [36m[Function: getMockName][39m,
      [32mSymbol(Symbol.dispose)[39m: [36m[Function (anonymous)][39m
    },
    deleteListItem: [Function: Mock] {
      _isMockFunction: [33mtrue[39m,
      getMockImplementation: [36m[Function (anonymous)][39m,
      mock: [36m[Object][39m,
      mockImplementation: [36m[Function: mockImplementation][39m,
      mockImplementationOnce: [36m[Function: mockImplementationOnce][39m,
      withImplementation: [36m[Function: withImplementation][39m,
      mockReturnThis: [36m[Function: mockReturnThis][39m,
      mockReturnValue: [36m[Function: mockReturnValue][39m,
      mockReturnValueOnce: [36m[Function: mockReturnValueOnce][39m,
      mockResolvedValue: [36m[Function: mockResolvedValue][39m,
      mockResolvedValueOnce: [36m[Function: mockResolvedValueOnce][39m,
      mockRejectedValue: [36m[Function: mockRejectedValue][39m,
      mockRejectedValueOnce: [36m[Function: mockRejectedValueOnce][39m,
      mockClear: [36m[Function: mockClear][39m,
      mockReset: [36m[Function: mockReset][39m,
      mockRestore: [36m[Function: mockRestore][39m,
      mockName: [36m[Function: mockName][39m,
      getMockName: [36m[Function: getMockName][39m,
      [32mSymbol(Symbol.dispose)[39m: [36m[Function (anonymous)][39m
    },
    postBatch: [Function: Mock] {
      _isMockFunction: [33mtrue[39m,
      getMockImplementation: [36m[Function (anonymous)][39m,
      mock: [36m[Object][39m,
      mockImplementation: [36m[Function: mockImplementation][39m,
      mockImplementationOnce: [36m[Function: mockImplementationOnce][39m,
      withImplementation: [36m[Function: withImplementation][39m,
      mockReturnThis: [36m[Function: mockReturnThis][39m,
      mockReturnValue: [36m[Function: mockReturnValue][39m,
      mockReturnValueOnce: [36m[Function: mockReturnValueOnce][39m,
      mockResolvedValue: [36m[Function: mockResolvedValue][39m,
      mockResolvedValueOnce: [36m[Function: mockResolvedValueOnce][39m,
      mockRejectedValue: [36m[Function: mockRejectedValue][39m,
      mockRejectedValueOnce: [36m[Function: mockRejectedValueOnce][39m,
      mockClear: [36m[Function: mockClear][39m,
      mockReset: [36m[Function: mockReset][39m,
      mockRestore: [36m[Function: mockRestore][39m,
      mockName: [36m[Function: mockName][39m,
      getMockName: [36m[Function: getMockName][39m,
      [32mSymbol(Symbol.dispose)[39m: [36m[Function (anonymous)][39m
    },
    fetchRows: [Function: Mock] {
      _isMockFunction: [33mtrue[39m,
      getMockImplementation: [36m[Function (anonymous)][39m,
      mock: [36m[Object][39m,
      mockImplementation: [36m[Function: mockImplementation][39m,
      mockImplementationOnce: [36m[Function: mockImplementationOnce][39m,
      withImplementation: [36m[Function: withImplementation][39m,
      mockReturnThis: [36m[Function: mockReturnThis][39m,
      mockReturnValue: [36m[Function: mockReturnValue][39m,
      mockReturnValueOnce: [36m[Function: mockReturnValueOnce][39m,
      mockResolvedValue: [36m[Function: mockResolvedValue][39m,
      mockResolvedValueOnce: [36m[Function: mockResolvedValueOnce][39m,
      mockRejectedValue: [36m[Function: mockRejectedValue][39m,
      mockRejectedValueOnce: [36m[Function: mockRejectedValueOnce][39m,
      mockClear: [36m[Function: mockClear][39m,
      mockReset: [36m[Function: mockReset][39m,
      mockRestore: [36m[Function: mockRestore][39m,
      mockName: [36m[Function: mockName][39m,
      getMockName: [36m[Function: getMockName][39m,
      [32mSymbol(Symbol.dispose)[39m: [36m[Function (anonymous)][39m
    },
    fetchRowById: [Function: Mock] {
      _isMockFunction: [33mtrue[39m,
      getMockImplementation: [36m[Function (anonymous)][39m,
      mock: [36m[Object][39m,
      mockImplementation: [36m[Function: mockImplementation][39m,
      mockImplementationOnce: [36m[Function: mockImplementationOnce][39m,
      withImplementation: [36m[Function: withImplementation][39m,
      mockReturnThis: [36m[Function: mockReturnThis][39m,
      mockReturnValue: [36m[Function: mockReturnValue][39m,
      mockReturnValueOnce: [36m[Function: mockReturnValueOnce][39m,
      mockResolvedValue: [36m[Function: mockResolvedValue][39m,
      mockResolvedValueOnce: [36m[Function: mockResolvedValueOnce][39m,
      mockRejectedValue: [36m[Function: mockRejectedValue][39m,
      mockRejectedValueOnce: [36m[Function: mockRejectedValueOnce][39m,
      mockClear: [36m[Function: mockClear][39m,
      mockReset: [36m[Function: mockReset][39m,
      mockRestore: [36m[Function: mockRestore][39m,
      mockName: [36m[Function: mockName][39m,
      getMockName: [36m[Function: getMockName][39m,
      [32mSymbol(Symbol.dispose)[39m: [36m[Function (anonymous)][39m
    },
    spFetch: [Function: Mock] {
      _isMockFunction: [33mtrue[39m,
      getMockImplementation: [36m[Function (anonymous)][39m,
      mock: [36m[Object][39m,
      mockImplementation: [36m[Function: mockImplementation][39m,
      mockImplementationOnce: [36m[Function: mockImplementationOnce][39m,
      withImplementation: [36m[Function: withImplementation][39m,
      mockReturnThis: [36m[Function: mockReturnThis][39m,
      mockReturnValue: [36m[Function: mockReturnValue][39m,
      mockReturnValueOnce: [36m[Function: mockReturnValueOnce][39m,
      mockResolvedValue: [36m[Function: mockResolvedValue][39m,
      mockResolvedValueOnce: [36m[Function: mockResolvedValueOnce][39m,
      mockRejectedValue: [36m[Function: mockRejectedValue][39m,
      mockRejectedValueOnce: [36m[Function: mockRejectedValueOnce][39m,
      mockClear: [36m[Function: mockClear][39m,
      mockReset: [36m[Function: mockReset][39m,
      mockRestore: [36m[Function: mockRestore][39m,
      mockName: [36m[Function: mockName][39m,
      getMockName: [36m[Function: getMockName][39m,
      [32mSymbol(Symbol.dispose)[39m: [36m[Function (anonymous)][39m
    },
    getUnifiedEvents: [Function: Mock] {
      _isMockFunction: [33mtrue[39m,
      getMockImplementation: [36m[Function (anonymous)][39m,
      mock: [36m[Object][39m,
      mockImplementation: [36m[Function: mockImplementation][39m,
      mockImplementationOnce: [36m[Function: mockImplementationOnce][39m,
      withImplementation: [36m[Function: withImplementation][39m,
      mockReturnThis: [36m[Function: mockReturnThis][39m,
      mockReturnValue: [36m[Function: mockReturnValue][39m,
      mockReturnValueOnce: [36m[Function: mockReturnValueOnce][39m,
      mockResolvedValue: [36m[Function: mockResolvedValue][39m,
      mockResolvedValueOnce: [36m[Function: mockResolvedValueOnce][39m,
      mockRejectedValue: [36m[Function: mockRejectedValue][39m,
      mockRejectedValueOnce: [36m[Function: mockRejectedValueOnce][39m,
      mockClear: [36m[Function: mockClear][39m,
      mockReset: [36m[Function: mockReset][39m,
      mockRestore: [36m[Function: mockRestore][39m,
      mockName: [36m[Function: mockName][39m,
      getMockName: [36m[Function: getMockName][39m,
      [32mSymbol(Symbol.dispose)[39m: [36m[Function (anonymous)][39m
    },
    getResources: [Function: Mock] {
      _isMockFunction: [33mtrue[39m,
      getMockImplementation: [36m[Function (anonymous)][39m,
      mock: [36m[Object][39m,
      mockImplementation: [36m[Function: mockImplementation][39m,
      mockImplementationOnce: [36m[Function: mockImplementationOnce][39m,
      withImplementation: [36m[Function: withImplementation][39m,
      mockReturnThis: [36m[Function: mockReturnThis][39m,
      mockReturnValue: [36m[Function: mockReturnValue][39m,
      mockReturnValueOnce: [36m[Function: mockReturnValueOnce][39m,
      mockResolvedValue: [36m[Function: mockResolvedValue][39m,
      mockResolvedValueOnce: [36m[Function: mockResolvedValueOnce][39m,
      mockRejectedValue: [36m[Function: mockRejectedValue][39m,
      mockRejectedValueOnce: [36m[Function: mockRejectedValueOnce][39m,
      mockClear: [36m[Function: mockClear][39m,
      mockReset: [36m[Function: mockReset][39m,
      mockRestore: [36m[Function: mockRestore][39m,
      mockName: [36m[Function: mockName][39m,
      getMockName: [36m[Function: getMockName][39m,
      [32mSymbol(Symbol.dispose)[39m: [36m[Function (anonymous)][39m
    }
  }
}
[IRC] mounted { pathname: [32m'/'[39m, isE2E: [33mtrue[39m, timestamp: [32m'2026-04-04T03:17:49.706Z'[39m }
[IRC] Current environment: {
  VITE_E2E: [33mtrue[39m,
  VITE_SP_RESOURCE: [32m'https://isogokatudouhome.sharepoint.com'[39m,
  VITE_FEATURE_SCHEDULES: [33mtrue[39m
}
[IRC] SpClient created: {
  isE2E: [33mtrue[39m,
  client: {
    listItems: [Function: Mock] {
      _isMockFunction: [33mtrue[39m,
      getMockImplementation: [36m[Function (anonymous)][39m,
      mock: [36m[Object][39m,
      mockImplementation: [36m[Function: mockImplementation][39m,
      mockImplementationOnce: [36m[Function: mockImplementationOnce][39m,
      withImplementation: [36m[Function: withImplementation][39m,
      mockReturnThis: [36m[Function: mockReturnThis][39m,
      mockReturnValue: [36m[Function: mockReturnValue][39m,
      mockReturnValueOnce: [36m[Function: mockReturnValueOnce][39m,
      mockResolvedValue: [36m[Function: mockResolvedValue][39m,
      mockResolvedValueOnce: [36m[Function: mockResolvedValueOnce][39m,
      mockRejectedValue: [36m[Function: mockRejectedValue][39m,
      mockRejectedValueOnce: [36m[Function: mockRejectedValueOnce][39m,
      mockClear: [36m[Function: mockClear][39m,
      mockReset: [36m[Function: mockReset][39m,
      mockRestore: [36m[Function: mockRestore][39m,
      mockName: [36m[Function: mockName][39m,
      getMockName: [36m[Function: getMockName][39m,
      [32mSymbol(Symbol.dispose)[39m: [36m[Function (anonymous)][39m
    },
    getItem: [Function: Mock] {
      _isMockFunction: [33mtrue[39m,
      getMockImplementation: [36m[Function (anonymous)][39m,
      mock: [36m[Object][39m,
      mockImplementation: [36m[Function: mockImplementation][39m,
      mockImplementationOnce: [36m[Function: mockImplementationOnce][39m,
      withImplementation: [36m[Function: withImplementation][39m,
      mockReturnThis: [36m[Function: mockReturnThis][39m,
      mockReturnValue: [36m[Function: mockReturnValue][39m,
      mockReturnValueOnce: [36m[Function: mockReturnValueOnce][39m,
      mockResolvedValue: [36m[Function: mockResolvedValue][39m,
      mockResolvedValueOnce: [36m[Function: mockResolvedValueOnce][39m,
      mockRejectedValue: [36m[Function: mockRejectedValue][39m,
      mockRejectedValueOnce: [36m[Function: mockRejectedValueOnce][39m,
      mockClear: [36m[Function: mockClear][39m,
      mockReset: [36m[Function: mockReset][39m,
      mockRestore: [36m[Function: mockRestore][39m,
      mockName: [36m[Function: mockName][39m,
      getMockName: [36m[Function: getMockName][39m,
      [32mSymbol(Symbol.dispose)[39m: [36m[Function (anonymous)][39m
    },
    createItem: [Function: Mock] {
      _isMockFunction: [33mtrue[39m,
      getMockImplementation: [36m[Function (anonymous)][39m,
      mock: [36m[Object][39m,
      mockImplementation: [36m[Function: mockImplementation][39m,
      mockImplementationOnce: [36m[Function: mockImplementationOnce][39m,
      withImplementation: [36m[Function: withImplementation][39m,
      mockReturnThis: [36m[Function: mockReturnThis][39m,
      mockReturnValue: [36m[Function: mockReturnValue][39m,
      mockReturnValueOnce: [36m[Function: mockReturnValueOnce][39m,
      mockResolvedValue: [36m[Function: mockResolvedValue][39m,
      mockResolvedValueOnce: [36m[Function: mockResolvedValueOnce][39m,
      mockRejectedValue: [36m[Function: mockRejectedValue][39m,
      mockRejectedValueOnce: [36m[Function: mockRejectedValueOnce][39m,
      mockClear: [36m[Function: mockClear][39m,
      mockReset: [36m[Function: mockReset][39m,
      mockRestore: [36m[Function: mockRestore][39m,
      mockName: [36m[Function: mockName][39m,
      getMockName: [36m[Function: getMockName][39m,
      [32mSymbol(Symbol.dispose)[39m: [36m[Function (anonymous)][39m
    },
    updateItem: [Function: Mock] {
      _isMockFunction: [33mtrue[39m,
      getMockImplementation: [36m[Function (anonymous)][39m,
      mock: [36m[Object][39m,
      mockImplementation: [36m[Function: mockImplementation][39m,
      mockImplementationOnce: [36m[Function: mockImplementationOnce][39m,
      withImplementation: [36m[Function: withImplementation][39m,
      mockReturnThis: [36m[Function: mockReturnThis][39m,
      mockReturnValue: [36m[Function: mockReturnValue][39m,
      mockReturnValueOnce: [36m[Function: mockReturnValueOnce][39m,
      mockResolvedValue: [36m[Function: mockResolvedValue][39m,
      mockResolvedValueOnce: [36m[Function: mockResolvedValueOnce][39m,
      mockRejectedValue: [36m[Function: mockRejectedValue][39m,
      mockRejectedValueOnce: [36m[Function: mockRejectedValueOnce][39m,
      mockClear: [36m[Function: mockClear][39m,
      mockReset: [36m[Function: mockReset][39m,
      mockRestore: [36m[Function: mockRestore][39m,
      mockName: [36m[Function: mockName][39m,
      getMockName: [36m[Function: getMockName][39m,
      [32mSymbol(Symbol.dispose)[39m: [36m[Function (anonymous)][39m
    },
    deleteItem: [Function: Mock] {
      _isMockFunction: [33mtrue[39m,
      getMockImplementation: [36m[Function (anonymous)][39m,
      mock: [36m[Object][39m,
      mockImplementation: [36m[Function: mockImplementation][39m,
      mockImplementationOnce: [36m[Function: mockImplementationOnce][39m,
      withImplementation: [36m[Function: withImplementation][39m,
      mockReturnThis: [36m[Function: mockReturnThis][39m,
      mockReturnValue: [36m[Function: mockReturnValue][39m,
      mockReturnValueOnce: [36m[Function: mockReturnValueOnce][39m,
      mockResolvedValue: [36m[Function: mockResolvedValue][39m,
      mockResolvedValueOnce: [36m[Function: mockResolvedValueOnce][39m,
      mockRejectedValue: [36m[Function: mockRejectedValue][39m,
      mockRejectedValueOnce: [36m[Function: mockRejectedValueOnce][39m,
      mockClear: [36m[Function: mockClear][39m,
      mockReset: [36m[Function: mockReset][39m,
      mockRestore: [36m[Function: mockRestore][39m,
      mockName: [36m[Function: mockName][39m,
      getMockName: [36m[Function: getMockName][39m,
      [32mSymbol(Symbol.dispose)[39m: [36m[Function (anonymous)][39m
    },
    getListItemsByTitle: [Function: Mock] {
      _isMockFunction: [33mtrue[39m,
      getMockImplementation: [36m[Function (anonymous)][39m,
      mock: [36m[Object][39m,
      mockImplementation: [36m[Function: mockImplementation][39m,
      mockImplementationOnce: [36m[Function: mockImplementationOnce][39m,
      withImplementation: [36m[Function: withImplementation][39m,
      mockReturnThis: [36m[Function: mockReturnThis][39m,
      mockReturnValue: [36m[Function: mockReturnValue][39m,
      mockReturnValueOnce: [36m[Function: mockReturnValueOnce][39m,
      mockResolvedValue: [36m[Function: mockResolvedValue][39m,
      mockResolvedValueOnce: [36m[Function: mockResolvedValueOnce][39m,
      mockRejectedValue: [36m[Function: mockRejectedValue][39m,
      mockRejectedValueOnce: [36m[Function: mockRejectedValueOnce][39m,
      mockClear: [36m[Function: mockClear][39m,
      mockReset: [36m[Function: mockReset][39m,
      mockRestore: [36m[Function: mockRestore][39m,
      mockName: [36m[Function: mockName][39m,
      getMockName: [36m[Function: getMockName][39m,
      [32mSymbol(Symbol.dispose)[39m: [36m[Function (anonymous)][39m
    },
    getListItemById: [Function: Mock] {
      _isMockFunction: [33mtrue[39m,
      getMockImplementation: [36m[Function (anonymous)][39m,
      mock: [36m[Object][39m,
      mockImplementation: [36m[Function: mockImplementation][39m,
      mockImplementationOnce: [36m[Function: mockImplementationOnce][39m,
      withImplementation: [36m[Function: withImplementation][39m,
      mockReturnThis: [36m[Function: mockReturnThis][39m,
      mockReturnValue: [36m[Function: mockReturnValue][39m,
      mockReturnValueOnce: [36m[Function: mockReturnValueOnce][39m,
      mockResolvedValue: [36m[Function: mockResolvedValue][39m,
      mockResolvedValueOnce: [36m[Function: mockResolvedValueOnce][39m,
      mockRejectedValue: [36m[Function: mockRejectedValue][39m,
      mockRejectedValueOnce: [36m[Function: mockRejectedValueOnce][39m,
      mockClear: [36m[Function: mockClear][39m,
      mockReset: [36m[Function: mockReset][39m,
      mockRestore: [36m[Function: mockRestore][39m,
      mockName: [36m[Function: mockName][39m,
      getMockName: [36m[Function: getMockName][39m,
      [32mSymbol(Symbol.dispose)[39m: [36m[Function (anonymous)][39m
    },
    addListItemByTitle: [Function: Mock] {
      _isMockFunction: [33mtrue[39m,
      getMockImplementation: [36m[Function (anonymous)][39m,
      mock: [36m[Object][39m,
      mockImplementation: [36m[Function: mockImplementation][39m,
      mockImplementationOnce: [36m[Function: mockImplementationOnce][39m,
      withImplementation: [36m[Function: withImplementation][39m,
      mockReturnThis: [36m[Function: mockReturnThis][39m,
      mockReturnValue: [36m[Function: mockReturnValue][39m,
      mockReturnValueOnce: [36m[Function: mockReturnValueOnce][39m,
      mockResolvedValue: [36m[Function: mockResolvedValue][39m,
      mockResolvedValueOnce: [36m[Function: mockResolvedValueOnce][39m,
      mockRejectedValue: [36m[Function: mockRejectedValue][39m,
      mockRejectedValueOnce: [36m[Function: mockRejectedValueOnce][39m,
      mockClear: [36m[Function: mockClear][39m,
      mockReset: [36m[Function: mockReset][39m,
      mockRestore: [36m[Function: mockRestore][39m,
      mockName: [36m[Function: mockName][39m,
      getMockName: [36m[Function: getMockName][39m,
      [32mSymbol(Symbol.dispose)[39m: [36m[Function (anonymous)][39m
    },
    addItemByTitle: [Function: Mock] {
      _isMockFunction: [33mtrue[39m,
      getMockImplementation: [36m[Function (anonymous)][39m,
      mock: [36m[Object][39m,
      mockImplementation: [36m[Function: mockImplementation][39m,
      mockImplementationOnce: [36m[Function: mockImplementationOnce][39m,
      withImplementation: [36m[Function: withImplementation][39m,
      mockReturnThis: [36m[Function: mockReturnThis][39m,
      mockReturnValue: [36m[Function: mockReturnValue][39m,
      mockReturnValueOnce: [36m[Function: mockReturnValueOnce][39m,
      mockResolvedValue: [36m[Function: mockResolvedValue][39m,
      mockResolvedValueOnce: [36m[Function: mockResolvedValueOnce][39m,
      mockRejectedValue: [36m[Function: mockRejectedValue][39m,
      mockRejectedValueOnce: [36m[Function: mockRejectedValueOnce][39m,
      mockClear: [36m[Function: mockClear][39m,
      mockReset: [36m[Function: mockReset][39m,
      mockRestore: [36m[Function: mockRestore][39m,
      mockName: [36m[Function: mockName][39m,
      getMockName: [36m[Function: getMockName][39m,
      [32mSymbol(Symbol.dispose)[39m: [36m[Function (anonymous)][39m
    },
    updateListItem: [Function: Mock] {
      _isMockFunction: [33mtrue[39m,
      getMockImplementation: [36m[Function (anonymous)][39m,
      mock: [36m[Object][39m,
      mockImplementation: [36m[Function: mockImplementation][39m,
      mockImplementationOnce: [36m[Function: mockImplementationOnce][39m,
      withImplementation: [36m[Function: withImplementation][39m,
      mockReturnThis: [36m[Function: mockReturnThis][39m,
      mockReturnValue: [36m[Function: mockReturnValue][39m,
      mockReturnValueOnce: [36m[Function: mockReturnValueOnce][39m,
      mockResolvedValue: [36m[Function: mockResolvedValue][39m,
      mockResolvedValueOnce: [36m[Function: mockResolvedValueOnce][39m,
      mockRejectedValue: [36m[Function: mockRejectedValue][39m,
      mockRejectedValueOnce: [36m[Function: mockRejectedValueOnce][39m,
      mockClear: [36m[Function: mockClear][39m,
      mockReset: [36m[Function: mockReset][39m,
      mockRestore: [36m[Function: mockRestore][39m,
      mockName: [36m[Function: mockName][39m,
      getMockName: [36m[Function: getMockName][39m,
      [32mSymbol(Symbol.dispose)[39m: [36m[Function (anonymous)][39m
    },
    deleteListItem: [Function: Mock] {
      _isMockFunction: [33mtrue[39m,
      getMockImplementation: [36m[Function (anonymous)][39m,
      mock: [36m[Object][39m,
      mockImplementation: [36m[Function: mockImplementation][39m,
      mockImplementationOnce: [36m[Function: mockImplementationOnce][39m,
      withImplementation: [36m[Function: withImplementation][39m,
      mockReturnThis: [36m[Function: mockReturnThis][39m,
      mockReturnValue: [36m[Function: mockReturnValue][39m,
      mockReturnValueOnce: [36m[Function: mockReturnValueOnce][39m,
      mockResolvedValue: [36m[Function: mockResolvedValue][39m,
      mockResolvedValueOnce: [36m[Function: mockResolvedValueOnce][39m,
      mockRejectedValue: [36m[Function: mockRejectedValue][39m,
      mockRejectedValueOnce: [36m[Function: mockRejectedValueOnce][39m,
      mockClear: [36m[Function: mockClear][39m,
      mockReset: [36m[Function: mockReset][39m,
      mockRestore: [36m[Function: mockRestore][39m,
      mockName: [36m[Function: mockName][39m,
      getMockName: [36m[Function: getMockName][39m,
      [32mSymbol(Symbol.dispose)[39m: [36m[Function (anonymous)][39m
    },
    postBatch: [Function: Mock] {
      _isMockFunction: [33mtrue[39m,
      getMockImplementation: [36m[Function (anonymous)][39m,
      mock: [36m[Object][39m,
      mockImplementation: [36m[Function: mockImplementation][39m,
      mockImplementationOnce: [36m[Function: mockImplementationOnce][39m,
      withImplementation: [36m[Function: withImplementation][39m,
      mockReturnThis: [36m[Function: mockReturnThis][39m,
      mockReturnValue: [36m[Function: mockReturnValue][39m,
      mockReturnValueOnce: [36m[Function: mockReturnValueOnce][39m,
      mockResolvedValue: [36m[Function: mockResolvedValue][39m,
      mockResolvedValueOnce: [36m[Function: mockResolvedValueOnce][39m,
      mockRejectedValue: [36m[Function: mockRejectedValue][39m,
      mockRejectedValueOnce: [36m[Function: mockRejectedValueOnce][39m,
      mockClear: [36m[Function: mockClear][39m,
      mockReset: [36m[Function: mockReset][39m,
      mockRestore: [36m[Function: mockRestore][39m,
      mockName: [36m[Function: mockName][39m,
      getMockName: [36m[Function: getMockName][39m,
      [32mSymbol(Symbol.dispose)[39m: [36m[Function (anonymous)][39m
    },
    fetchRows: [Function: Mock] {
      _isMockFunction: [33mtrue[39m,
      getMockImplementation: [36m[Function (anonymous)][39m,
      mock: [36m[Object][39m,
      mockImplementation: [36m[Function: mockImplementation][39m,
      mockImplementationOnce: [36m[Function: mockImplementationOnce][39m,
      withImplementation: [36m[Function: withImplementation][39m,
      mockReturnThis: [36m[Function: mockReturnThis][39m,
      mockReturnValue: [36m[Function: mockReturnValue][39m,
      mockReturnValueOnce: [36m[Function: mockReturnValueOnce][39m,
      mockResolvedValue: [36m[Function: mockResolvedValue][39m,
      mockResolvedValueOnce: [36m[Function: mockResolvedValueOnce][39m,
      mockRejectedValue: [36m[Function: mockRejectedValue][39m,
      mockRejectedValueOnce: [36m[Function: mockRejectedValueOnce][39m,
      mockClear: [36m[Function: mockClear][39m,
      mockReset: [36m[Function: mockReset][39m,
      mockRestore: [36m[Function: mockRestore][39m,
      mockName: [36m[Function: mockName][39m,
      getMockName: [36m[Function: getMockName][39m,
      [32mSymbol(Symbol.dispose)[39m: [36m[Function (anonymous)][39m
    },
    fetchRowById: [Function: Mock] {
      _isMockFunction: [33mtrue[39m,
      getMockImplementation: [36m[Function (anonymous)][39m,
      mock: [36m[Object][39m,
      mockImplementation: [36m[Function: mockImplementation][39m,
      mockImplementationOnce: [36m[Function: mockImplementationOnce][39m,
      withImplementation: [36m[Function: withImplementation][39m,
      mockReturnThis: [36m[Function: mockReturnThis][39m,
      mockReturnValue: [36m[Function: mockReturnValue][39m,
      mockReturnValueOnce: [36m[Function: mockReturnValueOnce][39m,
      mockResolvedValue: [36m[Function: mockResolvedValue][39m,
      mockResolvedValueOnce: [36m[Function: mockResolvedValueOnce][39m,
      mockRejectedValue: [36m[Function: mockRejectedValue][39m,
      mockRejectedValueOnce: [36m[Function: mockRejectedValueOnce][39m,
      mockClear: [36m[Function: mockClear][39m,
      mockReset: [36m[Function: mockReset][39m,
      mockRestore: [36m[Function: mockRestore][39m,
      mockName: [36m[Function: mockName][39m,
      getMockName: [36m[Function: getMockName][39m,
      [32mSymbol(Symbol.dispose)[39m: [36m[Function (anonymous)][39m
    },
    spFetch: [Function: Mock] {
      _isMockFunction: [33mtrue[39m,
      getMockImplementation: [36m[Function (anonymous)][39m,
      mock: [36m[Object][39m,
      mockImplementation: [36m[Function: mockImplementation][39m,
      mockImplementationOnce: [36m[Function: mockImplementationOnce][39m,
      withImplementation: [36m[Function: withImplementation][39m,
      mockReturnThis: [36m[Function: mockReturnThis][39m,
      mockReturnValue: [36m[Function: mockReturnValue][39m,
      mockReturnValueOnce: [36m[Function: mockReturnValueOnce][39m,
      mockResolvedValue: [36m[Function: mockResolvedValue][39m,
      mockResolvedValueOnce: [36m[Function: mockResolvedValueOnce][39m,
      mockRejectedValue: [36m[Function: mockRejectedValue][39m,
      mockRejectedValueOnce: [36m[Function: mockRejectedValueOnce][39m,
      mockClear: [36m[Function: mockClear][39m,
      mockReset: [36m[Function: mockReset][39m,
      mockRestore: [36m[Function: mockRestore][39m,
      mockName: [36m[Function: mockName][39m,
      getMockName: [36m[Function: getMockName][39m,
      [32mSymbol(Symbol.dispose)[39m: [36m[Function (anonymous)][39m
    },
    getUnifiedEvents: [Function: Mock] {
      _isMockFunction: [33mtrue[39m,
      getMockImplementation: [36m[Function (anonymous)][39m,
      mock: [36m[Object][39m,
      mockImplementation: [36m[Function: mockImplementation][39m,
      mockImplementationOnce: [36m[Function: mockImplementationOnce][39m,
      withImplementation: [36m[Function: withImplementation][39m,
      mockReturnThis: [36m[Function: mockReturnThis][39m,
      mockReturnValue: [36m[Function: mockReturnValue][39m,
      mockReturnValueOnce: [36m[Function: mockReturnValueOnce][39m,
      mockResolvedValue: [36m[Function: mockResolvedValue][39m,
      mockResolvedValueOnce: [36m[Function: mockResolvedValueOnce][39m,
      mockRejectedValue: [36m[Function: mockRejectedValue][39m,
      mockRejectedValueOnce: [36m[Function: mockRejectedValueOnce][39m,
      mockClear: [36m[Function: mockClear][39m,
      mockReset: [36m[Function: mockReset][39m,
      mockRestore: [36m[Function: mockRestore][39m,
      mockName: [36m[Function: mockName][39m,
      getMockName: [36m[Function: getMockName][39m,
      [32mSymbol(Symbol.dispose)[39m: [36m[Function (anonymous)][39m
    },
    getResources: [Function: Mock] {
      _isMockFunction: [33mtrue[39m,
      getMockImplementation: [36m[Function (anonymous)][39m,
      mock: [36m[Object][39m,
      mockImplementation: [36m[Function: mockImplementation][39m,
      mockImplementationOnce: [36m[Function: mockImplementationOnce][39m,
      withImplementation: [36m[Function: withImplementation][39m,
      mockReturnThis: [36m[Function: mockReturnThis][39m,
      mockReturnValue: [36m[Function: mockReturnValue][39m,
      mockReturnValueOnce: [36m[Function: mockReturnValueOnce][39m,
      mockResolvedValue: [36m[Function: mockResolvedValue][39m,
      mockResolvedValueOnce: [36m[Function: mockResolvedValueOnce][39m,
      mockRejectedValue: [36m[Function: mockRejectedValue][39m,
      mockRejectedValueOnce: [36m[Function: mockRejectedValueOnce][39m,
      mockClear: [36m[Function: mockClear][39m,
      mockReset: [36m[Function: mockReset][39m,
      mockRestore: [36m[Function: mockRestore][39m,
      mockName: [36m[Function: mockName][39m,
      getMockName: [36m[Function: getMockName][39m,
      [32mSymbol(Symbol.dispose)[39m: [36m[Function (anonymous)][39m
    }
  }
}
[IRC] mounted { pathname: [32m'/'[39m, isE2E: [33mtrue[39m, timestamp: [32m'2026-04-04T03:17:49.729Z'[39m }
[IRC] Current environment: {
  VITE_E2E: [33mtrue[39m,
  VITE_SP_RESOURCE: [32m'https://isogokatudouhome.sharepoint.com'[39m,
  VITE_FEATURE_SCHEDULES: [33mtrue[39m
}
[IRC] mounted { pathname: [32m'/'[39m, isE2E: [33mtrue[39m, timestamp: [32m'2026-04-04T03:17:49.729Z'[39m }
[IRC] Current environment: {
  VITE_E2E: [33mtrue[39m,
  VITE_SP_RESOURCE: [32m'https://isogokatudouhome.sharepoint.com'[39m,
  VITE_FEATURE_SCHEDULES: [33mtrue[39m
}
[IRC] Loaded resources: [33m0[39m
[IRC] Loaded events count: [33m2[39m
[IRC] Loaded resources: [33m0[39m
[IRC] Loaded events count: [33m2[39m

[90mstdout[2m | tests/smoke/integrated-resource-calendar.spec.tsx[2m > [22m[2mIntegratedResourceCalendar smoke tests[2m > [22m[2mcontains mock resource data
[22m[39m[IRC] mounted { pathname: [32m'/'[39m, isE2E: [33mtrue[39m, timestamp: [32m'2026-04-04T03:17:49.742Z'[39m }
[IRC] Current environment: {
  VITE_E2E: [33mtrue[39m,
  VITE_SP_RESOURCE: [32m'https://isogokatudouhome.sharepoint.com'[39m,
  VITE_FEATURE_SCHEDULES: [33mtrue[39m
}
[IRC] mounted { pathname: [32m'/'[39m, isE2E: [33mtrue[39m, timestamp: [32m'2026-04-04T03:17:49.743Z'[39m }
[IRC] Current environment: {
  VITE_E2E: [33mtrue[39m,
  VITE_SP_RESOURCE: [32m'https://isogokatudouhome.sharepoint.com'[39m,
  VITE_FEATURE_SCHEDULES: [33mtrue[39m
}

[90mstdout[2m | tests/smoke/integrated-resource-calendar.spec.tsx[2m > [22m[2mIntegratedResourceCalendar smoke tests[2m > [22m[2mcontains mock resource data
[22m[39m[IRC] mounted { pathname: [32m'/'[39m, isE2E: [33mtrue[39m, timestamp: [32m'2026-04-04T03:17:49.766Z'[39m }
[IRC] Current environment: {
  VITE_E2E: [33mtrue[39m,
  VITE_SP_RESOURCE: [32m'https://isogokatudouhome.sharepoint.com'[39m,
  VITE_FEATURE_SCHEDULES: [33mtrue[39m
}
[IRC] mounted { pathname: [32m'/'[39m, isE2E: [33mtrue[39m, timestamp: [32m'2026-04-04T03:17:49.767Z'[39m }
[IRC] Current environment: {
  VITE_E2E: [33mtrue[39m,
  VITE_SP_RESOURCE: [32m'https://isogokatudouhome.sharepoint.com'[39m,
  VITE_FEATURE_SCHEDULES: [33mtrue[39m
}

 [32m笨・[39m tests/smoke/integrated-resource-calendar.spec.tsx[2m > [22mIntegratedResourceCalendar smoke tests[2m > [22mrenders FullCalendar component[32m 72[2mms[22m[39m
[90mstdout[2m | tests/smoke/integrated-resource-calendar.spec.tsx[2m > [22m[2mIntegratedResourceCalendar smoke tests[2m > [22m[2mdisplays mock events
[22m[39m[IRC] mounted { pathname: [32m'/'[39m, isE2E: [33mtrue[39m, timestamp: [32m'2026-04-04T03:17:49.791Z'[39m }
[IRC] Current environment: {
  VITE_E2E: [33mtrue[39m,
  VITE_SP_RESOURCE: [32m'https://isogokatudouhome.sharepoint.com'[39m,
  VITE_FEATURE_SCHEDULES: [33mtrue[39m
}
[IRC] SpClient created: {
  isE2E: [33mtrue[39m,
  client: {
    listItems: [Function: Mock] {
      _isMockFunction: [33mtrue[39m,
      getMockImplementation: [36m[Function (anonymous)][39m,
      mock: [36m[Object][39m,
      mockImplementation: [36m[Function: mockImplementation][39m,
      mockImplementationOnce: [36m[Function: mockImplementationOnce][39m,
      withImplementation: [36m[Function: withImplementation][39m,
      mockReturnThis: [36m[Function: mockReturnThis][39m,
      mockReturnValue: [36m[Function: mockReturnValue][39m,
      mockReturnValueOnce: [36m[Function: mockReturnValueOnce][39m,
      mockResolvedValue: [36m[Function: mockResolvedValue][39m,
      mockResolvedValueOnce: [36m[Function: mockResolvedValueOnce][39m,
      mockRejectedValue: [36m[Function: mockRejectedValue][39m,
      mockRejectedValueOnce: [36m[Function: mockRejectedValueOnce][39m,
      mockClear: [36m[Function: mockClear][39m,
      mockReset: [36m[Function: mockReset][39m,
      mockRestore: [36m[Function: mockRestore][39m,
      mockName: [36m[Function: mockName][39m,
      getMockName: [36m[Function: getMockName][39m,
      [32mSymbol(Symbol.dispose)[39m: [36m[Function (anonymous)][39m
    },
    getItem: [Function: Mock] {
      _isMockFunction: [33mtrue[39m,
      getMockImplementation: [36m[Function (anonymous)][39m,
      mock: [36m[Object][39m,
      mockImplementation: [36m[Function: mockImplementation][39m,
      mockImplementationOnce: [36m[Function: mockImplementationOnce][39m,
      withImplementation: [36m[Function: withImplementation][39m,
      mockReturnThis: [36m[Function: mockReturnThis][39m,
      mockReturnValue: [36m[Function: mockReturnValue][39m,
      mockReturnValueOnce: [36m[Function: mockReturnValueOnce][39m,
      mockResolvedValue: [36m[Function: mockResolvedValue][39m,
      mockResolvedValueOnce: [36m[Function: mockResolvedValueOnce][39m,
      mockRejectedValue: [36m[Function: mockRejectedValue][39m,
      mockRejectedValueOnce: [36m[Function: mockRejectedValueOnce][39m,
      mockClear: [36m[Function: mockClear][39m,
      mockReset: [36m[Function: mockReset][39m,
      mockRestore: [36m[Function: mockRestore][39m,
      mockName: [36m[Function: mockName][39m,
      getMockName: [36m[Function: getMockName][39m,
      [32mSymbol(Symbol.dispose)[39m: [36m[Function (anonymous)][39m
    },
    createItem: [Function: Mock] {
      _isMockFunction: [33mtrue[39m,
      getMockImplementation: [36m[Function (anonymous)][39m,
      mock: [36m[Object][39m,
      mockImplementation: [36m[Function: mockImplementation][39m,
      mockImplementationOnce: [36m[Function: mockImplementationOnce][39m,
      withImplementation: [36m[Function: withImplementation][39m,
      mockReturnThis: [36m[Function: mockReturnThis][39m,
      mockReturnValue: [36m[Function: mockReturnValue][39m,
      mockReturnValueOnce: [36m[Function: mockReturnValueOnce][39m,
      mockResolvedValue: [36m[Function: mockResolvedValue][39m,
      mockResolvedValueOnce: [36m[Function: mockResolvedValueOnce][39m,
      mockRejectedValue: [36m[Function: mockRejectedValue][39m,
      mockRejectedValueOnce: [36m[Function: mockRejectedValueOnce][39m,
      mockClear: [36m[Function: mockClear][39m,
      mockReset: [36m[Function: mockReset][39m,
      mockRestore: [36m[Function: mockRestore][39m,
      mockName: [36m[Function: mockName][39m,
      getMockName: [36m[Function: getMockName][39m,
      [32mSymbol(Symbol.dispose)[39m: [36m[Function (anonymous)][39m
    },
    updateItem: [Function: Mock] {
      _isMockFunction: [33mtrue[39m,
      getMockImplementation: [36m[Function (anonymous)][39m,
      mock: [36m[Object][39m,
      mockImplementation: [36m[Function: mockImplementation][39m,
      mockImplementationOnce: [36m[Function: mockImplementationOnce][39m,
      withImplementation: [36m[Function: withImplementation][39m,
      mockReturnThis: [36m[Function: mockReturnThis][39m,
      mockReturnValue: [36m[Function: mockReturnValue][39m,
      mockReturnValueOnce: [36m[Function: mockReturnValueOnce][39m,
      mockResolvedValue: [36m[Function: mockResolvedValue][39m,
      mockResolvedValueOnce: [36m[Function: mockResolvedValueOnce][39m,
      mockRejectedValue: [36m[Function: mockRejectedValue][39m,
      mockRejectedValueOnce: [36m[Function: mockRejectedValueOnce][39m,
      mockClear: [36m[Function: mockClear][39m,
      mockReset: [36m[Function: mockReset][39m,
      mockRestore: [36m[Function: mockRestore][39m,
      mockName: [36m[Function: mockName][39m,
      getMockName: [36m[Function: getMockName][39m,
      [32mSymbol(Symbol.dispose)[39m: [36m[Function (anonymous)][39m
    },
    deleteItem: [Function: Mock] {
      _isMockFunction: [33mtrue[39m,
      getMockImplementation: [36m[Function (anonymous)][39m,
      mock: [36m[Object][39m,
      mockImplementation: [36m[Function: mockImplementation][39m,
      mockImplementationOnce: [36m[Function: mockImplementationOnce][39m,
      withImplementation: [36m[Function: withImplementation][39m,
      mockReturnThis: [36m[Function: mockReturnThis][39m,
      mockReturnValue: [36m[Function: mockReturnValue][39m,
      mockReturnValueOnce: [36m[Function: mockReturnValueOnce][39m,
      mockResolvedValue: [36m[Function: mockResolvedValue][39m,
      mockResolvedValueOnce: [36m[Function: mockResolvedValueOnce][39m,
      mockRejectedValue: [36m[Function: mockRejectedValue][39m,
      mockRejectedValueOnce: [36m[Function: mockRejectedValueOnce][39m,
      mockClear: [36m[Function: mockClear][39m,
      mockReset: [36m[Function: mockReset][39m,
      mockRestore: [36m[Function: mockRestore][39m,
      mockName: [36m[Function: mockName][39m,
      getMockName: [36m[Function: getMockName][39m,
      [32mSymbol(Symbol.dispose)[39m: [36m[Function (anonymous)][39m
    },
    getListItemsByTitle: [Function: Mock] {
      _isMockFunction: [33mtrue[39m,
      getMockImplementation: [36m[Function (anonymous)][39m,
      mock: [36m[Object][39m,
      mockImplementation: [36m[Function: mockImplementation][39m,
      mockImplementationOnce: [36m[Function: mockImplementationOnce][39m,
      withImplementation: [36m[Function: withImplementation][39m,
      mockReturnThis: [36m[Function: mockReturnThis][39m,
      mockReturnValue: [36m[Function: mockReturnValue][39m,
      mockReturnValueOnce: [36m[Function: mockReturnValueOnce][39m,
      mockResolvedValue: [36m[Function: mockResolvedValue][39m,
      mockResolvedValueOnce: [36m[Function: mockResolvedValueOnce][39m,
      mockRejectedValue: [36m[Function: mockRejectedValue][39m,
      mockRejectedValueOnce: [36m[Function: mockRejectedValueOnce][39m,
      mockClear: [36m[Function: mockClear][39m,
      mockReset: [36m[Function: mockReset][39m,
      mockRestore: [36m[Function: mockRestore][39m,
      mockName: [36m[Function: mockName][39m,
      getMockName: [36m[Function: getMockName][39m,
      [32mSymbol(Symbol.dispose)[39m: [36m[Function (anonymous)][39m
    },
    getListItemById: [Function: Mock] {
      _isMockFunction: [33mtrue[39m,
      getMockImplementation: [36m[Function (anonymous)][39m,
      mock: [36m[Object][39m,
      mockImplementation: [36m[Function: mockImplementation][39m,
      mockImplementationOnce: [36m[Function: mockImplementationOnce][39m,
      withImplementation: [36m[Function: withImplementation][39m,
      mockReturnThis: [36m[Function: mockReturnThis][39m,
      mockReturnValue: [36m[Function: mockReturnValue][39m,
      mockReturnValueOnce: [36m[Function: mockReturnValueOnce][39m,
      mockResolvedValue: [36m[Function: mockResolvedValue][39m,
      mockResolvedValueOnce: [36m[Function: mockResolvedValueOnce][39m,
      mockRejectedValue: [36m[Function: mockRejectedValue][39m,
      mockRejectedValueOnce: [36m[Function: mockRejectedValueOnce][39m,
      mockClear: [36m[Function: mockClear][39m,
      mockReset: [36m[Function: mockReset][39m,
      mockRestore: [36m[Function: mockRestore][39m,
      mockName: [36m[Function: mockName][39m,
      getMockName: [36m[Function: getMockName][39m,
      [32mSymbol(Symbol.dispose)[39m: [36m[Function (anonymous)][39m
    },
    addListItemByTitle: [Function: Mock] {
      _isMockFunction: [33mtrue[39m,
      getMockImplementation: [36m[Function (anonymous)][39m,
      mock: [36m[Object][39m,
      mockImplementation: [36m[Function: mockImplementation][39m,
      mockImplementationOnce: [36m[Function: mockImplementationOnce][39m,
      withImplementation: [36m[Function: withImplementation][39m,
      mockReturnThis: [36m[Function: mockReturnThis][39m,
      mockReturnValue: [36m[Function: mockReturnValue][39m,
      mockReturnValueOnce: [36m[Function: mockReturnValueOnce][39m,
      mockResolvedValue: [36m[Function: mockResolvedValue][39m,
      mockResolvedValueOnce: [36m[Function: mockResolvedValueOnce][39m,
      mockRejectedValue: [36m[Function: mockRejectedValue][39m,
      mockRejectedValueOnce: [36m[Function: mockRejectedValueOnce][39m,
      mockClear: [36m[Function: mockClear][39m,
      mockReset: [36m[Function: mockReset][39m,
      mockRestore: [36m[Function: mockRestore][39m,
      mockName: [36m[Function: mockName][39m,
      getMockName: [36m[Function: getMockName][39m,
      [32mSymbol(Symbol.dispose)[39m: [36m[Function (anonymous)][39m
    },
    addItemByTitle: [Function: Mock] {
      _isMockFunction: [33mtrue[39m,
      getMockImplementation: [36m[Function (anonymous)][39m,
      mock: [36m[Object][39m,
      mockImplementation: [36m[Function: mockImplementation][39m,
      mockImplementationOnce: [36m[Function: mockImplementationOnce][39m,
      withImplementation: [36m[Function: withImplementation][39m,
      mockReturnThis: [36m[Function: mockReturnThis][39m,
      mockReturnValue: [36m[Function: mockReturnValue][39m,
      mockReturnValueOnce: [36m[Function: mockReturnValueOnce][39m,
      mockResolvedValue: [36m[Function: mockResolvedValue][39m,
      mockResolvedValueOnce: [36m[Function: mockResolvedValueOnce][39m,
      mockRejectedValue: [36m[Function: mockRejectedValue][39m,
      mockRejectedValueOnce: [36m[Function: mockRejectedValueOnce][39m,
      mockClear: [36m[Function: mockClear][39m,
      mockReset: [36m[Function: mockReset][39m,
      mockRestore: [36m[Function: mockRestore][39m,
      mockName: [36m[Function: mockName][39m,
      getMockName: [36m[Function: getMockName][39m,
      [32mSymbol(Symbol.dispose)[39m: [36m[Function (anonymous)][39m
    },
    updateListItem: [Function: Mock] {
      _isMockFunction: [33mtrue[39m,
      getMockImplementation: [36m[Function (anonymous)][39m,
      mock: [36m[Object][39m,
      mockImplementation: [36m[Function: mockImplementation][39m,
      mockImplementationOnce: [36m[Function: mockImplementationOnce][39m,
      withImplementation: [36m[Function: withImplementation][39m,
      mockReturnThis: [36m[Function: mockReturnThis][39m,
      mockReturnValue: [36m[Function: mockReturnValue][39m,
      mockReturnValueOnce: [36m[Function: mockReturnValueOnce][39m,
      mockResolvedValue: [36m[Function: mockResolvedValue][39m,
      mockResolvedValueOnce: [36m[Function: mockResolvedValueOnce][39m,
      mockRejectedValue: [36m[Function: mockRejectedValue][39m,
      mockRejectedValueOnce: [36m[Function: mockRejectedValueOnce][39m,
      mockClear: [36m[Function: mockClear][39m,
      mockReset: [36m[Function: mockReset][39m,
      mockRestore: [36m[Function: mockRestore][39m,
      mockName: [36m[Function: mockName][39m,
      getMockName: [36m[Function: getMockName][39m,
      [32mSymbol(Symbol.dispose)[39m: [36m[Function (anonymous)][39m
    },
    deleteListItem: [Function: Mock] {
      _isMockFunction: [33mtrue[39m,
      getMockImplementation: [36m[Function (anonymous)][39m,
      mock: [36m[Object][39m,
      mockImplementation: [36m[Function: mockImplementation][39m,
      mockImplementationOnce: [36m[Function: mockImplementationOnce][39m,
      withImplementation: [36m[Function: withImplementation][39m,
      mockReturnThis: [36m[Function: mockReturnThis][39m,
      mockReturnValue: [36m[Function: mockReturnValue][39m,
      mockReturnValueOnce: [36m[Function: mockReturnValueOnce][39m,
      mockResolvedValue: [36m[Function: mockResolvedValue][39m,
      mockResolvedValueOnce: [36m[Function: mockResolvedValueOnce][39m,
      mockRejectedValue: [36m[Function: mockRejectedValue][39m,
      mockRejectedValueOnce: [36m[Function: mockRejectedValueOnce][39m,
      mockClear: [36m[Function: mockClear][39m,
      mockReset: [36m[Function: mockReset][39m,
      mockRestore: [36m[Function: mockRestore][39m,
      mockName: [36m[Function: mockName][39m,
      getMockName: [36m[Function: getMockName][39m,
      [32mSymbol(Symbol.dispose)[39m: [36m[Function (anonymous)][39m
    },
    postBatch: [Function: Mock] {
      _isMockFunction: [33mtrue[39m,
      getMockImplementation: [36m[Function (anonymous)][39m,
      mock: [36m[Object][39m,
      mockImplementation: [36m[Function: mockImplementation][39m,
      mockImplementationOnce: [36m[Function: mockImplementationOnce][39m,
      withImplementation: [36m[Function: withImplementation][39m,
      mockReturnThis: [36m[Function: mockReturnThis][39m,
      mockReturnValue: [36m[Function: mockReturnValue][39m,
      mockReturnValueOnce: [36m[Function: mockReturnValueOnce][39m,
      mockResolvedValue: [36m[Function: mockResolvedValue][39m,
      mockResolvedValueOnce: [36m[Function: mockResolvedValueOnce][39m,
      mockRejectedValue: [36m[Function: mockRejectedValue][39m,
      mockRejectedValueOnce: [36m[Function: mockRejectedValueOnce][39m,
      mockClear: [36m[Function: mockClear][39m,
      mockReset: [36m[Function: mockReset][39m,
      mockRestore: [36m[Function: mockRestore][39m,
      mockName: [36m[Function: mockName][39m,
      getMockName: [36m[Function: getMockName][39m,
      [32mSymbol(Symbol.dispose)[39m: [36m[Function (anonymous)][39m
    },
    fetchRows: [Function: Mock] {
      _isMockFunction: [33mtrue[39m,
      getMockImplementation: [36m[Function (anonymous)][39m,
      mock: [36m[Object][39m,
      mockImplementation: [36m[Function: mockImplementation][39m,
      mockImplementationOnce: [36m[Function: mockImplementationOnce][39m,
      withImplementation: [36m[Function: withImplementation][39m,
      mockReturnThis: [36m[Function: mockReturnThis][39m,
      mockReturnValue: [36m[Function: mockReturnValue][39m,
      mockReturnValueOnce: [36m[Function: mockReturnValueOnce][39m,
      mockResolvedValue: [36m[Function: mockResolvedValue][39m,
      mockResolvedValueOnce: [36m[Function: mockResolvedValueOnce][39m,
      mockRejectedValue: [36m[Function: mockRejectedValue][39m,
      mockRejectedValueOnce: [36m[Function: mockRejectedValueOnce][39m,
      mockClear: [36m[Function: mockClear][39m,
      mockReset: [36m[Function: mockReset][39m,
      mockRestore: [36m[Function: mockRestore][39m,
      mockName: [36m[Function: mockName][39m,
      getMockName: [36m[Function: getMockName][39m,
      [32mSymbol(Symbol.dispose)[39m: [36m[Function (anonymous)][39m
    },
    fetchRowById: [Function: Mock] {
      _isMockFunction: [33mtrue[39m,
      getMockImplementation: [36m[Function (anonymous)][39m,
      mock: [36m[Object][39m,
      mockImplementation: [36m[Function: mockImplementation][39m,
      mockImplementationOnce: [36m[Function: mockImplementationOnce][39m,
      withImplementation: [36m[Function: withImplementation][39m,
      mockReturnThis: [36m[Function: mockReturnThis][39m,
      mockReturnValue: [36m[Function: mockReturnValue][39m,
      mockReturnValueOnce: [36m[Function: mockReturnValueOnce][39m,
      mockResolvedValue: [36m[Function: mockResolvedValue][39m,
      mockResolvedValueOnce: [36m[Function: mockResolvedValueOnce][39m,
      mockRejectedValue: [36m[Function: mockRejectedValue][39m,
      mockRejectedValueOnce: [36m[Function: mockRejectedValueOnce][39m,
      mockClear: [36m[Function: mockClear][39m,
      mockReset: [36m[Function: mockReset][39m,
      mockRestore: [36m[Function: mockRestore][39m,
      mockName: [36m[Function: mockName][39m,
      getMockName: [36m[Function: getMockName][39m,
      [32mSymbol(Symbol.dispose)[39m: [36m[Function (anonymous)][39m
    },
    spFetch: [Function: Mock] {
      _isMockFunction: [33mtrue[39m,
      getMockImplementation: [36m[Function (anonymous)][39m,
      mock: [36m[Object][39m,
      mockImplementation: [36m[Function: mockImplementation][39m,
      mockImplementationOnce: [36m[Function: mockImplementationOnce][39m,
      withImplementation: [36m[Function: withImplementation][39m,
      mockReturnThis: [36m[Function: mockReturnThis][39m,
      mockReturnValue: [36m[Function: mockReturnValue][39m,
      mockReturnValueOnce: [36m[Function: mockReturnValueOnce][39m,
      mockResolvedValue: [36m[Function: mockResolvedValue][39m,
      mockResolvedValueOnce: [36m[Function: mockResolvedValueOnce][39m,
      mockRejectedValue: [36m[Function: mockRejectedValue][39m,
      mockRejectedValueOnce: [36m[Function: mockRejectedValueOnce][39m,
      mockClear: [36m[Function: mockClear][39m,
      mockReset: [36m[Function: mockReset][39m,
      mockRestore: [36m[Function: mockRestore][39m,
      mockName: [36m[Function: mockName][39m,
      getMockName: [36m[Function: getMockName][39m,
      [32mSymbol(Symbol.dispose)[39m: [36m[Function (anonymous)][39m
    },
    getUnifiedEvents: [Function: Mock] {
      _isMockFunction: [33mtrue[39m,
      getMockImplementation: [36m[Function (anonymous)][39m,
      mock: [36m[Object][39m,
      mockImplementation: [36m[Function: mockImplementation][39m,
      mockImplementationOnce: [36m[Function: mockImplementationOnce][39m,
      withImplementation: [36m[Function: withImplementation][39m,
      mockReturnThis: [36m[Function: mockReturnThis][39m,
      mockReturnValue: [36m[Function: mockReturnValue][39m,
      mockReturnValueOnce: [36m[Function: mockReturnValueOnce][39m,
      mockResolvedValue: [36m[Function: mockResolvedValue][39m,
      mockResolvedValueOnce: [36m[Function: mockResolvedValueOnce][39m,
      mockRejectedValue: [36m[Function: mockRejectedValue][39m,
      mockRejectedValueOnce: [36m[Function: mockRejectedValueOnce][39m,
      mockClear: [36m[Function: mockClear][39m,
      mockReset: [36m[Function: mockReset][39m,
      mockRestore: [36m[Function: mockRestore][39m,
      mockName: [36m[Function: mockName][39m,
      getMockName: [36m[Function: getMockName][39m,
      [32mSymbol(Symbol.dispose)[39m: [36m[Function (anonymous)][39m
    },
    getResources: [Function: Mock] {
      _isMockFunction: [33mtrue[39m,
      getMockImplementation: [36m[Function (anonymous)][39m,
      mock: [36m[Object][39m,
      mockImplementation: [36m[Function: mockImplementation][39m,
      mockImplementationOnce: [36m[Function: mockImplementationOnce][39m,
      withImplementation: [36m[Function: withImplementation][39m,
      mockReturnThis: [36m[Function: mockReturnThis][39m,
      mockReturnValue: [36m[Function: mockReturnValue][39m,
      mockReturnValueOnce: [36m[Function: mockReturnValueOnce][39m,
      mockResolvedValue: [36m[Function: mockResolvedValue][39m,
      mockResolvedValueOnce: [36m[Function: mockResolvedValueOnce][39m,
      mockRejectedValue: [36m[Function: mockRejectedValue][39m,
      mockRejectedValueOnce: [36m[Function: mockRejectedValueOnce][39m,
      mockClear: [36m[Function: mockClear][39m,
      mockReset: [36m[Function: mockReset][39m,
      mockRestore: [36m[Function: mockRestore][39m,
      mockName: [36m[Function: mockName][39m,
      getMockName: [36m[Function: getMockName][39m,
      [32mSymbol(Symbol.dispose)[39m: [36m[Function (anonymous)][39m
    }
  }
}
[IRC] mounted { pathname: [32m'/'[39m, isE2E: [33mtrue[39m, timestamp: [32m'2026-04-04T03:17:49.793Z'[39m }
[IRC] Current environment: {
  VITE_E2E: [33mtrue[39m,
  VITE_SP_RESOURCE: [32m'https://isogokatudouhome.sharepoint.com'[39m,
  VITE_FEATURE_SCHEDULES: [33mtrue[39m
}
[IRC] SpClient created: {
  isE2E: [33mtrue[39m,
  client: {
    listItems: [Function: Mock] {
      _isMockFunction: [33mtrue[39m,
      getMockImplementation: [36m[Function (anonymous)][39m,
      mock: [36m[Object][39m,
      mockImplementation: [36m[Function: mockImplementation][39m,
      mockImplementationOnce: [36m[Function: mockImplementationOnce][39m,
      withImplementation: [36m[Function: withImplementation][39m,
      mockReturnThis: [36m[Function: mockReturnThis][39m,
      mockReturnValue: [36m[Function: mockReturnValue][39m,
      mockReturnValueOnce: [36m[Function: mockReturnValueOnce][39m,
      mockResolvedValue: [36m[Function: mockResolvedValue][39m,
      mockResolvedValueOnce: [36m[Function: mockResolvedValueOnce][39m,
      mockRejectedValue: [36m[Function: mockRejectedValue][39m,
      mockRejectedValueOnce: [36m[Function: mockRejectedValueOnce][39m,
      mockClear: [36m[Function: mockClear][39m,
      mockReset: [36m[Function: mockReset][39m,
      mockRestore: [36m[Function: mockRestore][39m,
      mockName: [36m[Function: mockName][39m,
      getMockName: [36m[Function: getMockName][39m,
      [32mSymbol(Symbol.dispose)[39m: [36m[Function (anonymous)][39m
    },
    getItem: [Function: Mock] {
      _isMockFunction: [33mtrue[39m,
      getMockImplementation: [36m[Function (anonymous)][39m,
      mock: [36m[Object][39m,
      mockImplementation: [36m[Function: mockImplementation][39m,
      mockImplementationOnce: [36m[Function: mockImplementationOnce][39m,
      withImplementation: [36m[Function: withImplementation][39m,
      mockReturnThis: [36m[Function: mockReturnThis][39m,
      mockReturnValue: [36m[Function: mockReturnValue][39m,
      mockReturnValueOnce: [36m[Function: mockReturnValueOnce][39m,
      mockResolvedValue: [36m[Function: mockResolvedValue][39m,
      mockResolvedValueOnce: [36m[Function: mockResolvedValueOnce][39m,
      mockRejectedValue: [36m[Function: mockRejectedValue][39m,
      mockRejectedValueOnce: [36m[Function: mockRejectedValueOnce][39m,
      mockClear: [36m[Function: mockClear][39m,
      mockReset: [36m[Function: mockReset][39m,
      mockRestore: [36m[Function: mockRestore][39m,
      mockName: [36m[Function: mockName][39m,
      getMockName: [36m[Function: getMockName][39m,
      [32mSymbol(Symbol.dispose)[39m: [36m[Function (anonymous)][39m
    },
    createItem: [Function: Mock] {
      _isMockFunction: [33mtrue[39m,
      getMockImplementation: [36m[Function (anonymous)][39m,
      mock: [36m[Object][39m,
      mockImplementation: [36m[Function: mockImplementation][39m,
      mockImplementationOnce: [36m[Function: mockImplementationOnce][39m,
      withImplementation: [36m[Function: withImplementation][39m,
      mockReturnThis: [36m[Function: mockReturnThis][39m,
      mockReturnValue: [36m[Function: mockReturnValue][39m,
      mockReturnValueOnce: [36m[Function: mockReturnValueOnce][39m,
      mockResolvedValue: [36m[Function: mockResolvedValue][39m,
      mockResolvedValueOnce: [36m[Function: mockResolvedValueOnce][39m,
      mockRejectedValue: [36m[Function: mockRejectedValue][39m,
      mockRejectedValueOnce: [36m[Function: mockRejectedValueOnce][39m,
      mockClear: [36m[Function: mockClear][39m,
      mockReset: [36m[Function: mockReset][39m,
      mockRestore: [36m[Function: mockRestore][39m,
      mockName: [36m[Function: mockName][39m,
      getMockName: [36m[Function: getMockName][39m,
      [32mSymbol(Symbol.dispose)[39m: [36m[Function (anonymous)][39m
    },
    updateItem: [Function: Mock] {
      _isMockFunction: [33mtrue[39m,
      getMockImplementation: [36m[Function (anonymous)][39m,
      mock: [36m[Object][39m,
      mockImplementation: [36m[Function: mockImplementation][39m,
      mockImplementationOnce: [36m[Function: mockImplementationOnce][39m,
      withImplementation: [36m[Function: withImplementation][39m,
      mockReturnThis: [36m[Function: mockReturnThis][39m,
      mockReturnValue: [36m[Function: mockReturnValue][39m,
      mockReturnValueOnce: [36m[Function: mockReturnValueOnce][39m,
      mockResolvedValue: [36m[Function: mockResolvedValue][39m,
      mockResolvedValueOnce: [36m[Function: mockResolvedValueOnce][39m,
      mockRejectedValue: [36m[Function: mockRejectedValue][39m,
      mockRejectedValueOnce: [36m[Function: mockRejectedValueOnce][39m,
      mockClear: [36m[Function: mockClear][39m,
      mockReset: [36m[Function: mockReset][39m,
      mockRestore: [36m[Function: mockRestore][39m,
      mockName: [36m[Function: mockName][39m,
      getMockName: [36m[Function: getMockName][39m,
      [32mSymbol(Symbol.dispose)[39m: [36m[Function (anonymous)][39m
    },
    deleteItem: [Function: Mock] {
      _isMockFunction: [33mtrue[39m,
      getMockImplementation: [36m[Function (anonymous)][39m,
      mock: [36m[Object][39m,
      mockImplementation: [36m[Function: mockImplementation][39m,
      mockImplementationOnce: [36m[Function: mockImplementationOnce][39m,
      withImplementation: [36m[Function: withImplementation][39m,
      mockReturnThis: [36m[Function: mockReturnThis][39m,
      mockReturnValue: [36m[Function: mockReturnValue][39m,
      mockReturnValueOnce: [36m[Function: mockReturnValueOnce][39m,
      mockResolvedValue: [36m[Function: mockResolvedValue][39m,
      mockResolvedValueOnce: [36m[Function: mockResolvedValueOnce][39m,
      mockRejectedValue: [36m[Function: mockRejectedValue][39m,
      mockRejectedValueOnce: [36m[Function: mockRejectedValueOnce][39m,
      mockClear: [36m[Function: mockClear][39m,
      mockReset: [36m[Function: mockReset][39m,
      mockRestore: [36m[Function: mockRestore][39m,
      mockName: [36m[Function: mockName][39m,
      getMockName: [36m[Function: getMockName][39m,
      [32mSymbol(Symbol.dispose)[39m: [36m[Function (anonymous)][39m
    },
    getListItemsByTitle: [Function: Mock] {
      _isMockFunction: [33mtrue[39m,
      getMockImplementation: [36m[Function (anonymous)][39m,
      mock: [36m[Object][39m,
      mockImplementation: [36m[Function: mockImplementation][39m,
      mockImplementationOnce: [36m[Function: mockImplementationOnce][39m,
      withImplementation: [36m[Function: withImplementation][39m,
      mockReturnThis: [36m[Function: mockReturnThis][39m,
      mockReturnValue: [36m[Function: mockReturnValue][39m,
      mockReturnValueOnce: [36m[Function: mockReturnValueOnce][39m,
      mockResolvedValue: [36m[Function: mockResolvedValue][39m,
      mockResolvedValueOnce: [36m[Function: mockResolvedValueOnce][39m,
      mockRejectedValue: [36m[Function: mockRejectedValue][39m,
      mockRejectedValueOnce: [36m[Function: mockRejectedValueOnce][39m,
      mockClear: [36m[Function: mockClear][39m,
      mockReset: [36m[Function: mockReset][39m,
      mockRestore: [36m[Function: mockRestore][39m,
      mockName: [36m[Function: mockName][39m,
      getMockName: [36m[Function: getMockName][39m,
      [32mSymbol(Symbol.dispose)[39m: [36m[Function (anonymous)][39m
    },
    getListItemById: [Function: Mock] {
      _isMockFunction: [33mtrue[39m,
      getMockImplementation: [36m[Function (anonymous)][39m,
      mock: [36m[Object][39m,
      mockImplementation: [36m[Function: mockImplementation][39m,
      mockImplementationOnce: [36m[Function: mockImplementationOnce][39m,
      withImplementation: [36m[Function: withImplementation][39m,
      mockReturnThis: [36m[Function: mockReturnThis][39m,
      mockReturnValue: [36m[Function: mockReturnValue][39m,
      mockReturnValueOnce: [36m[Function: mockReturnValueOnce][39m,
      mockResolvedValue: [36m[Function: mockResolvedValue][39m,
      mockResolvedValueOnce: [36m[Function: mockResolvedValueOnce][39m,
      mockRejectedValue: [36m[Function: mockRejectedValue][39m,
      mockRejectedValueOnce: [36m[Function: mockRejectedValueOnce][39m,
      mockClear: [36m[Function: mockClear][39m,
      mockReset: [36m[Function: mockReset][39m,
      mockRestore: [36m[Function: mockRestore][39m,
      mockName: [36m[Function: mockName][39m,
      getMockName: [36m[Function: getMockName][39m,
      [32mSymbol(Symbol.dispose)[39m: [36m[Function (anonymous)][39m
    },
    addListItemByTitle: [Function: Mock] {
      _isMockFunction: [33mtrue[39m,
      getMockImplementation: [36m[Function (anonymous)][39m,
      mock: [36m[Object][39m,
      mockImplementation: [36m[Function: mockImplementation][39m,
      mockImplementationOnce: [36m[Function: mockImplementationOnce][39m,
      withImplementation: [36m[Function: withImplementation][39m,
      mockReturnThis: [36m[Function: mockReturnThis][39m,
      mockReturnValue: [36m[Function: mockReturnValue][39m,
      mockReturnValueOnce: [36m[Function: mockReturnValueOnce][39m,
      mockResolvedValue: [36m[Function: mockResolvedValue][39m,
      mockResolvedValueOnce: [36m[Function: mockResolvedValueOnce][39m,
      mockRejectedValue: [36m[Function: mockRejectedValue][39m,
      mockRejectedValueOnce: [36m[Function: mockRejectedValueOnce][39m,
      mockClear: [36m[Function: mockClear][39m,
      mockReset: [36m[Function: mockReset][39m,
      mockRestore: [36m[Function: mockRestore][39m,
      mockName: [36m[Function: mockName][39m,
      getMockName: [36m[Function: getMockName][39m,
      [32mSymbol(Symbol.dispose)[39m: [36m[Function (anonymous)][39m
    },
    addItemByTitle: [Function: Mock] {
      _isMockFunction: [33mtrue[39m,
      getMockImplementation: [36m[Function (anonymous)][39m,
      mock: [36m[Object][39m,
      mockImplementation: [36m[Function: mockImplementation][39m,
      mockImplementationOnce: [36m[Function: mockImplementationOnce][39m,
      withImplementation: [36m[Function: withImplementation][39m,
      mockReturnThis: [36m[Function: mockReturnThis][39m,
      mockReturnValue: [36m[Function: mockReturnValue][39m,
      mockReturnValueOnce: [36m[Function: mockReturnValueOnce][39m,
      mockResolvedValue: [36m[Function: mockResolvedValue][39m,
      mockResolvedValueOnce: [36m[Function: mockResolvedValueOnce][39m,
      mockRejectedValue: [36m[Function: mockRejectedValue][39m,
      mockRejectedValueOnce: [36m[Function: mockRejectedValueOnce][39m,
      mockClear: [36m[Function: mockClear][39m,
      mockReset: [36m[Function: mockReset][39m,
      mockRestore: [36m[Function: mockRestore][39m,
      mockName: [36m[Function: mockName][39m,
      getMockName: [36m[Function: getMockName][39m,
      [32mSymbol(Symbol.dispose)[39m: [36m[Function (anonymous)][39m
    },
    updateListItem: [Function: Mock] {
      _isMockFunction: [33mtrue[39m,
      getMockImplementation: [36m[Function (anonymous)][39m,
      mock: [36m[Object][39m,
      mockImplementation: [36m[Function: mockImplementation][39m,
      mockImplementationOnce: [36m[Function: mockImplementationOnce][39m,
      withImplementation: [36m[Function: withImplementation][39m,
      mockReturnThis: [36m[Function: mockReturnThis][39m,
      mockReturnValue: [36m[Function: mockReturnValue][39m,
      mockReturnValueOnce: [36m[Function: mockReturnValueOnce][39m,
      mockResolvedValue: [36m[Function: mockResolvedValue][39m,
      mockResolvedValueOnce: [36m[Function: mockResolvedValueOnce][39m,
      mockRejectedValue: [36m[Function: mockRejectedValue][39m,
      mockRejectedValueOnce: [36m[Function: mockRejectedValueOnce][39m,
      mockClear: [36m[Function: mockClear][39m,
      mockReset: [36m[Function: mockReset][39m,
      mockRestore: [36m[Function: mockRestore][39m,
      mockName: [36m[Function: mockName][39m,
      getMockName: [36m[Function: getMockName][39m,
      [32mSymbol(Symbol.dispose)[39m: [36m[Function (anonymous)][39m
    },
    deleteListItem: [Function: Mock] {
      _isMockFunction: [33mtrue[39m,
      getMockImplementation: [36m[Function (anonymous)][39m,
      mock: [36m[Object][39m,
      mockImplementation: [36m[Function: mockImplementation][39m,
      mockImplementationOnce: [36m[Function: mockImplementationOnce][39m,
      withImplementation: [36m[Function: withImplementation][39m,
      mockReturnThis: [36m[Function: mockReturnThis][39m,
      mockReturnValue: [36m[Function: mockReturnValue][39m,
      mockReturnValueOnce: [36m[Function: mockReturnValueOnce][39m,
      mockResolvedValue: [36m[Function: mockResolvedValue][39m,
      mockResolvedValueOnce: [36m[Function: mockResolvedValueOnce][39m,
      mockRejectedValue: [36m[Function: mockRejectedValue][39m,
      mockRejectedValueOnce: [36m[Function: mockRejectedValueOnce][39m,
      mockClear: [36m[Function: mockClear][39m,
      mockReset: [36m[Function: mockReset][39m,
      mockRestore: [36m[Function: mockRestore][39m,
      mockName: [36m[Function: mockName][39m,
      getMockName: [36m[Function: getMockName][39m,
      [32mSymbol(Symbol.dispose)[39m: [36m[Function (anonymous)][39m
    },
    postBatch: [Function: Mock] {
      _isMockFunction: [33mtrue[39m,
      getMockImplementation: [36m[Function (anonymous)][39m,
      mock: [36m[Object][39m,
      mockImplementation: [36m[Function: mockImplementation][39m,
      mockImplementationOnce: [36m[Function: mockImplementationOnce][39m,
      withImplementation: [36m[Function: withImplementation][39m,
      mockReturnThis: [36m[Function: mockReturnThis][39m,
      mockReturnValue: [36m[Function: mockReturnValue][39m,
      mockReturnValueOnce: [36m[Function: mockReturnValueOnce][39m,
      mockResolvedValue: [36m[Function: mockResolvedValue][39m,
      mockResolvedValueOnce: [36m[Function: mockResolvedValueOnce][39m,
      mockRejectedValue: [36m[Function: mockRejectedValue][39m,
      mockRejectedValueOnce: [36m[Function: mockRejectedValueOnce][39m,
      mockClear: [36m[Function: mockClear][39m,
      mockReset: [36m[Function: mockReset][39m,
      mockRestore: [36m[Function: mockRestore][39m,
      mockName: [36m[Function: mockName][39m,
      getMockName: [36m[Function: getMockName][39m,
      [32mSymbol(Symbol.dispose)[39m: [36m[Function (anonymous)][39m
    },
    fetchRows: [Function: Mock] {
      _isMockFunction: [33mtrue[39m,
      getMockImplementation: [36m[Function (anonymous)][39m,
      mock: [36m[Object][39m,
      mockImplementation: [36m[Function: mockImplementation][39m,
      mockImplementationOnce: [36m[Function: mockImplementationOnce][39m,
      withImplementation: [36m[Function: withImplementation][39m,
      mockReturnThis: [36m[Function: mockReturnThis][39m,
      mockReturnValue: [36m[Function: mockReturnValue][39m,
      mockReturnValueOnce: [36m[Function: mockReturnValueOnce][39m,
      mockResolvedValue: [36m[Function: mockResolvedValue][39m,
      mockResolvedValueOnce: [36m[Function: mockResolvedValueOnce][39m,
      mockRejectedValue: [36m[Function: mockRejectedValue][39m,
      mockRejectedValueOnce: [36m[Function: mockRejectedValueOnce][39m,
      mockClear: [36m[Function: mockClear][39m,
      mockReset: [36m[Function: mockReset][39m,
      mockRestore: [36m[Function: mockRestore][39m,
      mockName: [36m[Function: mockName][39m,
      getMockName: [36m[Function: getMockName][39m,
      [32mSymbol(Symbol.dispose)[39m: [36m[Function (anonymous)][39m
    },
    fetchRowById: [Function: Mock] {
      _isMockFunction: [33mtrue[39m,
      getMockImplementation: [36m[Function (anonymous)][39m,
      mock: [36m[Object][39m,
      mockImplementation: [36m[Function: mockImplementation][39m,
      mockImplementationOnce: [36m[Function: mockImplementationOnce][39m,
      withImplementation: [36m[Function: withImplementation][39m,
      mockReturnThis: [36m[Function: mockReturnThis][39m,
      mockReturnValue: [36m[Function: mockReturnValue][39m,
      mockReturnValueOnce: [36m[Function: mockReturnValueOnce][39m,
      mockResolvedValue: [36m[Function: mockResolvedValue][39m,
      mockResolvedValueOnce: [36m[Function: mockResolvedValueOnce][39m,
      mockRejectedValue: [36m[Function: mockRejectedValue][39m,
      mockRejectedValueOnce: [36m[Function: mockRejectedValueOnce][39m,
      mockClear: [36m[Function: mockClear][39m,
      mockReset: [36m[Function: mockReset][39m,
      mockRestore: [36m[Function: mockRestore][39m,
      mockName: [36m[Function: mockName][39m,
      getMockName: [36m[Function: getMockName][39m,
      [32mSymbol(Symbol.dispose)[39m: [36m[Function (anonymous)][39m
    },
    spFetch: [Function: Mock] {
      _isMockFunction: [33mtrue[39m,
      getMockImplementation: [36m[Function (anonymous)][39m,
      mock: [36m[Object][39m,
      mockImplementation: [36m[Function: mockImplementation][39m,
      mockImplementationOnce: [36m[Function: mockImplementationOnce][39m,
      withImplementation: [36m[Function: withImplementation][39m,
      mockReturnThis: [36m[Function: mockReturnThis][39m,
      mockReturnValue: [36m[Function: mockReturnValue][39m,
      mockReturnValueOnce: [36m[Function: mockReturnValueOnce][39m,
      mockResolvedValue: [36m[Function: mockResolvedValue][39m,
      mockResolvedValueOnce: [36m[Function: mockResolvedValueOnce][39m,
      mockRejectedValue: [36m[Function: mockRejectedValue][39m,
      mockRejectedValueOnce: [36m[Function: mockRejectedValueOnce][39m,
      mockClear: [36m[Function: mockClear][39m,
      mockReset: [36m[Function: mockReset][39m,
      mockRestore: [36m[Function: mockRestore][39m,
      mockName: [36m[Function: mockName][39m,
      getMockName: [36m[Function: getMockName][39m,
      [32mSymbol(Symbol.dispose)[39m: [36m[Function (anonymous)][39m
    },
    getUnifiedEvents: [Function: Mock] {
      _isMockFunction: [33mtrue[39m,
      getMockImplementation: [36m[Function (anonymous)][39m,
      mock: [36m[Object][39m,
      mockImplementation: [36m[Function: mockImplementation][39m,
      mockImplementationOnce: [36m[Function: mockImplementationOnce][39m,
      withImplementation: [36m[Function: withImplementation][39m,
      mockReturnThis: [36m[Function: mockReturnThis][39m,
      mockReturnValue: [36m[Function: mockReturnValue][39m,
      mockReturnValueOnce: [36m[Function: mockReturnValueOnce][39m,
      mockResolvedValue: [36m[Function: mockResolvedValue][39m,
      mockResolvedValueOnce: [36m[Function: mockResolvedValueOnce][39m,
      mockRejectedValue: [36m[Function: mockRejectedValue][39m,
      mockRejectedValueOnce: [36m[Function: mockRejectedValueOnce][39m,
      mockClear: [36m[Function: mockClear][39m,
      mockReset: [36m[Function: mockReset][39m,
      mockRestore: [36m[Function: mockRestore][39m,
      mockName: [36m[Function: mockName][39m,
      getMockName: [36m[Function: getMockName][39m,
      [32mSymbol(Symbol.dispose)[39m: [36m[Function (anonymous)][39m
    },
    getResources: [Function: Mock] {
      _isMockFunction: [33mtrue[39m,
      getMockImplementation: [36m[Function (anonymous)][39m,
      mock: [36m[Object][39m,
      mockImplementation: [36m[Function: mockImplementation][39m,
      mockImplementationOnce: [36m[Function: mockImplementationOnce][39m,
      withImplementation: [36m[Function: withImplementation][39m,
      mockReturnThis: [36m[Function: mockReturnThis][39m,
      mockReturnValue: [36m[Function: mockReturnValue][39m,
      mockReturnValueOnce: [36m[Function: mockReturnValueOnce][39m,
      mockResolvedValue: [36m[Function: mockResolvedValue][39m,
      mockResolvedValueOnce: [36m[Function: mockResolvedValueOnce][39m,
      mockRejectedValue: [36m[Function: mockRejectedValue][39m,
      mockRejectedValueOnce: [36m[Function: mockRejectedValueOnce][39m,
      mockClear: [36m[Function: mockClear][39m,
      mockReset: [36m[Function: mockReset][39m,
      mockRestore: [36m[Function: mockRestore][39m,
      mockName: [36m[Function: mockName][39m,
      getMockName: [36m[Function: getMockName][39m,
      [32mSymbol(Symbol.dispose)[39m: [36m[Function (anonymous)][39m
    }
  }
}
[IRC] mounted { pathname: [32m'/'[39m, isE2E: [33mtrue[39m, timestamp: [32m'2026-04-04T03:17:49.816Z'[39m }
[IRC] Current environment: {
  VITE_E2E: [33mtrue[39m,
  VITE_SP_RESOURCE: [32m'https://isogokatudouhome.sharepoint.com'[39m,
  VITE_FEATURE_SCHEDULES: [33mtrue[39m
}
[IRC] mounted { pathname: [32m'/'[39m, isE2E: [33mtrue[39m, timestamp: [32m'2026-04-04T03:17:49.817Z'[39m }
[IRC] Current environment: {
  VITE_E2E: [33mtrue[39m,
  VITE_SP_RESOURCE: [32m'https://isogokatudouhome.sharepoint.com'[39m,
  VITE_FEATURE_SCHEDULES: [33mtrue[39m
}
[IRC] Loaded resources: [33m0[39m
[IRC] Loaded events count: [33m2[39m
[IRC] Loaded resources: [33m0[39m
[IRC] Loaded events count: [33m2[39m

[90mstdout[2m | tests/smoke/integrated-resource-calendar.spec.tsx[2m > [22m[2mIntegratedResourceCalendar smoke tests[2m > [22m[2mdisplays mock events
[22m[39m[IRC] mounted { pathname: [32m'/'[39m, isE2E: [33mtrue[39m, timestamp: [32m'2026-04-04T03:17:49.832Z'[39m }
[IRC] Current environment: {
  VITE_E2E: [33mtrue[39m,
  VITE_SP_RESOURCE: [32m'https://isogokatudouhome.sharepoint.com'[39m,
  VITE_FEATURE_SCHEDULES: [33mtrue[39m
}
[IRC] mounted { pathname: [32m'/'[39m, isE2E: [33mtrue[39m, timestamp: [32m'2026-04-04T03:17:49.833Z'[39m }
[IRC] Current environment: {
  VITE_E2E: [33mtrue[39m,
  VITE_SP_RESOURCE: [32m'https://isogokatudouhome.sharepoint.com'[39m,
  VITE_FEATURE_SCHEDULES: [33mtrue[39m
}

[90mstdout[2m | tests/smoke/integrated-resource-calendar.spec.tsx[2m > [22m[2mIntegratedResourceCalendar smoke tests[2m > [22m[2mdisplays mock events
[22m[39m[IRC] mounted { pathname: [32m'/'[39m, isE2E: [33mtrue[39m, timestamp: [32m'2026-04-04T03:17:49.846Z'[39m }
[IRC] Current environment: {
  VITE_E2E: [33mtrue[39m,
  VITE_SP_RESOURCE: [32m'https://isogokatudouhome.sharepoint.com'[39m,
  VITE_FEATURE_SCHEDULES: [33mtrue[39m
}
[IRC] mounted { pathname: [32m'/'[39m, isE2E: [33mtrue[39m, timestamp: [32m'2026-04-04T03:17:49.846Z'[39m }
[IRC] Current environment: {
  VITE_E2E: [33mtrue[39m,
  VITE_SP_RESOURCE: [32m'https://isogokatudouhome.sharepoint.com'[39m,
  VITE_FEATURE_SCHEDULES: [33mtrue[39m
}

[90mstdout[2m | tests/smoke/integrated-resource-calendar.spec.tsx[2m > [22m[2mIntegratedResourceCalendar smoke tests[2m > [22m[2mshows PvsA status indicators
[22m[39m[IRC] mounted { pathname: [32m'/'[39m, isE2E: [33mtrue[39m, timestamp: [32m'2026-04-04T03:17:49.879Z'[39m }
[IRC] Current environment: {
  VITE_E2E: [33mtrue[39m,
  VITE_SP_RESOURCE: [32m'https://isogokatudouhome.sharepoint.com'[39m,
  VITE_FEATURE_SCHEDULES: [33mtrue[39m
}
[IRC] SpClient created: {
  isE2E: [33mtrue[39m,
  client: {
    listItems: [Function: Mock] {
      _isMockFunction: [33mtrue[39m,
      getMockImplementation: [36m[Function (anonymous)][39m,
      mock: [36m[Object][39m,
      mockImplementation: [36m[Function: mockImplementation][39m,
      mockImplementationOnce: [36m[Function: mockImplementationOnce][39m,
      withImplementation: [36m[Function: withImplementation][39m,
      mockReturnThis: [36m[Function: mockReturnThis][39m,
      mockReturnValue: [36m[Function: mockReturnValue][39m,
      mockReturnValueOnce: [36m[Function: mockReturnValueOnce][39m,
      mockResolvedValue: [36m[Function: mockResolvedValue][39m,
      mockResolvedValueOnce: [36m[Function: mockResolvedValueOnce][39m,
      mockRejectedValue: [36m[Function: mockRejectedValue][39m,
      mockRejectedValueOnce: [36m[Function: mockRejectedValueOnce][39m,
      mockClear: [36m[Function: mockClear][39m,
      mockReset: [36m[Function: mockReset][39m,
      mockRestore: [36m[Function: mockRestore][39m,
      mockName: [36m[Function: mockName][39m,
      getMockName: [36m[Function: getMockName][39m,
      [32mSymbol(Symbol.dispose)[39m: [36m[Function (anonymous)][39m
    },
    getItem: [Function: Mock] {
      _isMockFunction: [33mtrue[39m,
      getMockImplementation: [36m[Function (anonymous)][39m,
      mock: [36m[Object][39m,
      mockImplementation: [36m[Function: mockImplementation][39m,
      mockImplementationOnce: [36m[Function: mockImplementationOnce][39m,
      withImplementation: [36m[Function: withImplementation][39m,
      mockReturnThis: [36m[Function: mockReturnThis][39m,
      mockReturnValue: [36m[Function: mockReturnValue][39m,
      mockReturnValueOnce: [36m[Function: mockReturnValueOnce][39m,
      mockResolvedValue: [36m[Function: mockResolvedValue][39m,
      mockResolvedValueOnce: [36m[Function: mockResolvedValueOnce][39m,
      mockRejectedValue: [36m[Function: mockRejectedValue][39m,
      mockRejectedValueOnce: [36m[Function: mockRejectedValueOnce][39m,
      mockClear: [36m[Function: mockClear][39m,
      mockReset: [36m[Function: mockReset][39m,
      mockRestore: [36m[Function: mockRestore][39m,
      mockName: [36m[Function: mockName][39m,
      getMockName: [36m[Function: getMockName][39m,
      [32mSymbol(Symbol.dispose)[39m: [36m[Function (anonymous)][39m
    },
    createItem: [Function: Mock] {
      _isMockFunction: [33mtrue[39m,
      getMockImplementation: [36m[Function (anonymous)][39m,
      mock: [36m[Object][39m,
      mockImplementation: [36m[Function: mockImplementation][39m,
      mockImplementationOnce: [36m[Function: mockImplementationOnce][39m,
      withImplementation: [36m[Function: withImplementation][39m,
      mockReturnThis: [36m[Function: mockReturnThis][39m,
      mockReturnValue: [36m[Function: mockReturnValue][39m,
      mockReturnValueOnce: [36m[Function: mockReturnValueOnce][39m,
      mockResolvedValue: [36m[Function: mockResolvedValue][39m,
      mockResolvedValueOnce: [36m[Function: mockResolvedValueOnce][39m,
      mockRejectedValue: [36m[Function: mockRejectedValue][39m,
      mockRejectedValueOnce: [36m[Function: mockRejectedValueOnce][39m,
      mockClear: [36m[Function: mockClear][39m,
      mockReset: [36m[Function: mockReset][39m,
      mockRestore: [36m[Function: mockRestore][39m,
      mockName: [36m[Function: mockName][39m,
      getMockName: [36m[Function: getMockName][39m,
      [32mSymbol(Symbol.dispose)[39m: [36m[Function (anonymous)][39m
    },
    updateItem: [Function: Mock] {
      _isMockFunction: [33mtrue[39m,
      getMockImplementation: [36m[Function (anonymous)][39m,
      mock: [36m[Object][39m,
      mockImplementation: [36m[Function: mockImplementation][39m,
      mockImplementationOnce: [36m[Function: mockImplementationOnce][39m,
      withImplementation: [36m[Function: withImplementation][39m,
      mockReturnThis: [36m[Function: mockReturnThis][39m,
      mockReturnValue: [36m[Function: mockReturnValue][39m,
      mockReturnValueOnce: [36m[Function: mockReturnValueOnce][39m,
      mockResolvedValue: [36m[Function: mockResolvedValue][39m,
      mockResolvedValueOnce: [36m[Function: mockResolvedValueOnce][39m,
      mockRejectedValue: [36m[Function: mockRejectedValue][39m,
      mockRejectedValueOnce: [36m[Function: mockRejectedValueOnce][39m,
      mockClear: [36m[Function: mockClear][39m,
      mockReset: [36m[Function: mockReset][39m,
      mockRestore: [36m[Function: mockRestore][39m,
      mockName: [36m[Function: mockName][39m,
      getMockName: [36m[Function: getMockName][39m,
      [32mSymbol(Symbol.dispose)[39m: [36m[Function (anonymous)][39m
    },
    deleteItem: [Function: Mock] {
      _isMockFunction: [33mtrue[39m,
      getMockImplementation: [36m[Function (anonymous)][39m,
      mock: [36m[Object][39m,
      mockImplementation: [36m[Function: mockImplementation][39m,
      mockImplementationOnce: [36m[Function: mockImplementationOnce][39m,
      withImplementation: [36m[Function: withImplementation][39m,
      mockReturnThis: [36m[Function: mockReturnThis][39m,
      mockReturnValue: [36m[Function: mockReturnValue][39m,
      mockReturnValueOnce: [36m[Function: mockReturnValueOnce][39m,
      mockResolvedValue: [36m[Function: mockResolvedValue][39m,
      mockResolvedValueOnce: [36m[Function: mockResolvedValueOnce][39m,
      mockRejectedValue: [36m[Function: mockRejectedValue][39m,
      mockRejectedValueOnce: [36m[Function: mockRejectedValueOnce][39m,
      mockClear: [36m[Function: mockClear][39m,
      mockReset: [36m[Function: mockReset][39m,
      mockRestore: [36m[Function: mockRestore][39m,
      mockName: [36m[Function: mockName][39m,
      getMockName: [36m[Function: getMockName][39m,
      [32mSymbol(Symbol.dispose)[39m: [36m[Function (anonymous)][39m
    },
    getListItemsByTitle: [Function: Mock] {
      _isMockFunction: [33mtrue[39m,
      getMockImplementation: [36m[Function (anonymous)][39m,
      mock: [36m[Object][39m,
      mockImplementation: [36m[Function: mockImplementation][39m,
      mockImplementationOnce: [36m[Function: mockImplementationOnce][39m,
      withImplementation: [36m[Function: withImplementation][39m,
      mockReturnThis: [36m[Function: mockReturnThis][39m,
      mockReturnValue: [36m[Function: mockReturnValue][39m,
      mockReturnValueOnce: [36m[Function: mockReturnValueOnce][39m,
      mockResolvedValue: [36m[Function: mockResolvedValue][39m,
      mockResolvedValueOnce: [36m[Function: mockResolvedValueOnce][39m,
      mockRejectedValue: [36m[Function: mockRejectedValue][39m,
      mockRejectedValueOnce: [36m[Function: mockRejectedValueOnce][39m,
      mockClear: [36m[Function: mockClear][39m,
      mockReset: [36m[Function: mockReset][39m,
      mockRestore: [36m[Function: mockRestore][39m,
      mockName: [36m[Function: mockName][39m,
      getMockName: [36m[Function: getMockName][39m,
      [32mSymbol(Symbol.dispose)[39m: [36m[Function (anonymous)][39m
    },
    getListItemById: [Function: Mock] {
      _isMockFunction: [33mtrue[39m,
      getMockImplementation: [36m[Function (anonymous)][39m,
      mock: [36m[Object][39m,
      mockImplementation: [36m[Function: mockImplementation][39m,
      mockImplementationOnce: [36m[Function: mockImplementationOnce][39m,
      withImplementation: [36m[Function: withImplementation][39m,
      mockReturnThis: [36m[Function: mockReturnThis][39m,
      mockReturnValue: [36m[Function: mockReturnValue][39m,
      mockReturnValueOnce: [36m[Function: mockReturnValueOnce][39m,
      mockResolvedValue: [36m[Function: mockResolvedValue][39m,
      mockResolvedValueOnce: [36m[Function: mockResolvedValueOnce][39m,
      mockRejectedValue: [36m[Function: mockRejectedValue][39m,
      mockRejectedValueOnce: [36m[Function: mockRejectedValueOnce][39m,
      mockClear: [36m[Function: mockClear][39m,
      mockReset: [36m[Function: mockReset][39m,
      mockRestore: [36m[Function: mockRestore][39m,
      mockName: [36m[Function: mockName][39m,
      getMockName: [36m[Function: getMockName][39m,
      [32mSymbol(Symbol.dispose)[39m: [36m[Function (anonymous)][39m
    },
    addListItemByTitle: [Function: Mock] {
      _isMockFunction: [33mtrue[39m,
      getMockImplementation: [36m[Function (anonymous)][39m,
      mock: [36m[Object][39m,
      mockImplementation: [36m[Function: mockImplementation][39m,
      mockImplementationOnce: [36m[Function: mockImplementationOnce][39m,
      withImplementation: [36m[Function: withImplementation][39m,
      mockReturnThis: [36m[Function: mockReturnThis][39m,
      mockReturnValue: [36m[Function: mockReturnValue][39m,
      mockReturnValueOnce: [36m[Function: mockReturnValueOnce][39m,
      mockResolvedValue: [36m[Function: mockResolvedValue][39m,
      mockResolvedValueOnce: [36m[Function: mockResolvedValueOnce][39m,
      mockRejectedValue: [36m[Function: mockRejectedValue][39m,
      mockRejectedValueOnce: [36m[Function: mockRejectedValueOnce][39m,
      mockClear: [36m[Function: mockClear][39m,
      mockReset: [36m[Function: mockReset][39m,
      mockRestore: [36m[Function: mockRestore][39m,
      mockName: [36m[Function: mockName][39m,
      getMockName: [36m[Function: getMockName][39m,
      [32mSymbol(Symbol.dispose)[39m: [36m[Function (anonymous)][39m
    },
    addItemByTitle: [Function: Mock] {
      _isMockFunction: [33mtrue[39m,
      getMockImplementation: [36m[Function (anonymous)][39m,
      mock: [36m[Object][39m,
      mockImplementation: [36m[Function: mockImplementation][39m,
      mockImplementationOnce: [36m[Function: mockImplementationOnce][39m,
      withImplementation: [36m[Function: withImplementation][39m,
      mockReturnThis: [36m[Function: mockReturnThis][39m,
      mockReturnValue: [36m[Function: mockReturnValue][39m,
      mockReturnValueOnce: [36m[Function: mockReturnValueOnce][39m,
      mockResolvedValue: [36m[Function: mockResolvedValue][39m,
      mockResolvedValueOnce: [36m[Function: mockResolvedValueOnce][39m,
      mockRejectedValue: [36m[Function: mockRejectedValue][39m,
      mockRejectedValueOnce: [36m[Function: mockRejectedValueOnce][39m,
      mockClear: [36m[Function: mockClear][39m,
      mockReset: [36m[Function: mockReset][39m,
      mockRestore: [36m[Function: mockRestore][39m,
      mockName: [36m[Function: mockName][39m,
      getMockName: [36m[Function: getMockName][39m,
      [32mSymbol(Symbol.dispose)[39m: [36m[Function (anonymous)][39m
    },
    updateListItem: [Function: Mock] {
      _isMockFunction: [33mtrue[39m,
      getMockImplementation: [36m[Function (anonymous)][39m,
      mock: [36m[Object][39m,
      mockImplementation: [36m[Function: mockImplementation][39m,
      mockImplementationOnce: [36m[Function: mockImplementationOnce][39m,
      withImplementation: [36m[Function: withImplementation][39m,
      mockReturnThis: [36m[Function: mockReturnThis][39m,
      mockReturnValue: [36m[Function: mockReturnValue][39m,
      mockReturnValueOnce: [36m[Function: mockReturnValueOnce][39m,
      mockResolvedValue: [36m[Function: mockResolvedValue][39m,
      mockResolvedValueOnce: [36m[Function: mockResolvedValueOnce][39m,
      mockRejectedValue: [36m[Function: mockRejectedValue][39m,
      mockRejectedValueOnce: [36m[Function: mockRejectedValueOnce][39m,
      mockClear: [36m[Function: mockClear][39m,
      mockReset: [36m[Function: mockReset][39m,
      mockRestore: [36m[Function: mockRestore][39m,
      mockName: [36m[Function: mockName][39m,
      getMockName: [36m[Function: getMockName][39m,
      [32mSymbol(Symbol.dispose)[39m: [36m[Function (anonymous)][39m
    },
    deleteListItem: [Function: Mock] {
      _isMockFunction: [33mtrue[39m,
      getMockImplementation: [36m[Function (anonymous)][39m,
      mock: [36m[Object][39m,
      mockImplementation: [36m[Function: mockImplementation][39m,
      mockImplementationOnce: [36m[Function: mockImplementationOnce][39m,
      withImplementation: [36m[Function: withImplementation][39m,
      mockReturnThis: [36m[Function: mockReturnThis][39m,
      mockReturnValue: [36m[Function: mockReturnValue][39m,
      mockReturnValueOnce: [36m[Function: mockReturnValueOnce][39m,
      mockResolvedValue: [36m[Function: mockResolvedValue][39m,
      mockResolvedValueOnce: [36m[Function: mockResolvedValueOnce][39m,
      mockRejectedValue: [36m[Function: mockRejectedValue][39m,
      mockRejectedValueOnce: [36m[Function: mockRejectedValueOnce][39m,
      mockClear: [36m[Function: mockClear][39m,
      mockReset: [36m[Function: mockReset][39m,
      mockRestore: [36m[Function: mockRestore][39m,
      mockName: [36m[Function: mockName][39m,
      getMockName: [36m[Function: getMockName][39m,
      [32mSymbol(Symbol.dispose)[39m: [36m[Function (anonymous)][39m
    },
    postBatch: [Function: Mock] {
      _isMockFunction: [33mtrue[39m,
      getMockImplementation: [36m[Function (anonymous)][39m,
      mock: [36m[Object][39m,
      mockImplementation: [36m[Function: mockImplementation][39m,
      mockImplementationOnce: [36m[Function: mockImplementationOnce][39m,
      withImplementation: [36m[Function: withImplementation][39m,
      mockReturnThis: [36m[Function: mockReturnThis][39m,
      mockReturnValue: [36m[Function: mockReturnValue][39m,
      mockReturnValueOnce: [36m[Function: mockReturnValueOnce][39m,
      mockResolvedValue: [36m[Function: mockResolvedValue][39m,
      mockResolvedValueOnce: [36m[Function: mockResolvedValueOnce][39m,
      mockRejectedValue: [36m[Function: mockRejectedValue][39m,
      mockRejectedValueOnce: [36m[Function: mockRejectedValueOnce][39m,
      mockClear: [36m[Function: mockClear][39m,
      mockReset: [36m[Function: mockReset][39m,
      mockRestore: [36m[Function: mockRestore][39m,
      mockName: [36m[Function: mockName][39m,
      getMockName: [36m[Function: getMockName][39m,
      [32mSymbol(Symbol.dispose)[39m: [36m[Function (anonymous)][39m
    },
    fetchRows: [Function: Mock] {
      _isMockFunction: [33mtrue[39m,
      getMockImplementation: [36m[Function (anonymous)][39m,
      mock: [36m[Object][39m,
      mockImplementation: [36m[Function: mockImplementation][39m,
      mockImplementationOnce: [36m[Function: mockImplementationOnce][39m,
      withImplementation: [36m[Function: withImplementation][39m,
      mockReturnThis: [36m[Function: mockReturnThis][39m,
      mockReturnValue: [36m[Function: mockReturnValue][39m,
      mockReturnValueOnce: [36m[Function: mockReturnValueOnce][39m,
      mockResolvedValue: [36m[Function: mockResolvedValue][39m,
      mockResolvedValueOnce: [36m[Function: mockResolvedValueOnce][39m,
      mockRejectedValue: [36m[Function: mockRejectedValue][39m,
      mockRejectedValueOnce: [36m[Function: mockRejectedValueOnce][39m,
      mockClear: [36m[Function: mockClear][39m,
      mockReset: [36m[Function: mockReset][39m,
      mockRestore: [36m[Function: mockRestore][39m,
      mockName: [36m[Function: mockName][39m,
      getMockName: [36m[Function: getMockName][39m,
      [32mSymbol(Symbol.dispose)[39m: [36m[Function (anonymous)][39m
    },
    fetchRowById: [Function: Mock] {
      _isMockFunction: [33mtrue[39m,
      getMockImplementation: [36m[Function (anonymous)][39m,
      mock: [36m[Object][39m,
      mockImplementation: [36m[Function: mockImplementation][39m,
      mockImplementationOnce: [36m[Function: mockImplementationOnce][39m,
      withImplementation: [36m[Function: withImplementation][39m,
      mockReturnThis: [36m[Function: mockReturnThis][39m,
      mockReturnValue: [36m[Function: mockReturnValue][39m,
      mockReturnValueOnce: [36m[Function: mockReturnValueOnce][39m,
      mockResolvedValue: [36m[Function: mockResolvedValue][39m,
      mockResolvedValueOnce: [36m[Function: mockResolvedValueOnce][39m,
      mockRejectedValue: [36m[Function: mockRejectedValue][39m,
      mockRejectedValueOnce: [36m[Function: mockRejectedValueOnce][39m,
      mockClear: [36m[Function: mockClear][39m,
      mockReset: [36m[Function: mockReset][39m,
      mockRestore: [36m[Function: mockRestore][39m,
      mockName: [36m[Function: mockName][39m,
      getMockName: [36m[Function: getMockName][39m,
      [32mSymbol(Symbol.dispose)[39m: [36m[Function (anonymous)][39m
    },
    spFetch: [Function: Mock] {
      _isMockFunction: [33mtrue[39m,
      getMockImplementation: [36m[Function (anonymous)][39m,
      mock: [36m[Object][39m,
      mockImplementation: [36m[Function: mockImplementation][39m,
      mockImplementationOnce: [36m[Function: mockImplementationOnce][39m,
      withImplementation: [36m[Function: withImplementation][39m,
      mockReturnThis: [36m[Function: mockReturnThis][39m,
      mockReturnValue: [36m[Function: mockReturnValue][39m,
      mockReturnValueOnce: [36m[Function: mockReturnValueOnce][39m,
      mockResolvedValue: [36m[Function: mockResolvedValue][39m,
      mockResolvedValueOnce: [36m[Function: mockResolvedValueOnce][39m,
      mockRejectedValue: [36m[Function: mockRejectedValue][39m,
      mockRejectedValueOnce: [36m[Function: mockRejectedValueOnce][39m,
      mockClear: [36m[Function: mockClear][39m,
      mockReset: [36m[Function: mockReset][39m,
      mockRestore: [36m[Function: mockRestore][39m,
      mockName: [36m[Function: mockName][39m,
      getMockName: [36m[Function: getMockName][39m,
      [32mSymbol(Symbol.dispose)[39m: [36m[Function (anonymous)][39m
    },
    getUnifiedEvents: [Function: Mock] {
      _isMockFunction: [33mtrue[39m,
      getMockImplementation: [36m[Function (anonymous)][39m,
      mock: [36m[Object][39m,
      mockImplementation: [36m[Function: mockImplementation][39m,
      mockImplementationOnce: [36m[Function: mockImplementationOnce][39m,
      withImplementation: [36m[Function: withImplementation][39m,
      mockReturnThis: [36m[Function: mockReturnThis][39m,
      mockReturnValue: [36m[Function: mockReturnValue][39m,
      mockReturnValueOnce: [36m[Function: mockReturnValueOnce][39m,
      mockResolvedValue: [36m[Function: mockResolvedValue][39m,
      mockResolvedValueOnce: [36m[Function: mockResolvedValueOnce][39m,
      mockRejectedValue: [36m[Function: mockRejectedValue][39m,
      mockRejectedValueOnce: [36m[Function: mockRejectedValueOnce][39m,
      mockClear: [36m[Function: mockClear][39m,
      mockReset: [36m[Function: mockReset][39m,
      mockRestore: [36m[Function: mockRestore][39m,
      mockName: [36m[Function: mockName][39m,
      getMockName: [36m[Function: getMockName][39m,
      [32mSymbol(Symbol.dispose)[39m: [36m[Function (anonymous)][39m
    },
    getResources: [Function: Mock] {
      _isMockFunction: [33mtrue[39m,
      getMockImplementation: [36m[Function (anonymous)][39m,
      mock: [36m[Object][39m,
      mockImplementation: [36m[Function: mockImplementation][39m,
      mockImplementationOnce: [36m[Function: mockImplementationOnce][39m,
      withImplementation: [36m[Function: withImplementation][39m,
      mockReturnThis: [36m[Function: mockReturnThis][39m,
      mockReturnValue: [36m[Function: mockReturnValue][39m,
      mockReturnValueOnce: [36m[Function: mockReturnValueOnce][39m,
      mockResolvedValue: [36m[Function: mockResolvedValue][39m,
      mockResolvedValueOnce: [36m[Function: mockResolvedValueOnce][39m,
      mockRejectedValue: [36m[Function: mockRejectedValue][39m,
      mockRejectedValueOnce: [36m[Function: mockRejectedValueOnce][39m,
      mockClear: [36m[Function: mockClear][39m,
      mockReset: [36m[Function: mockReset][39m,
      mockRestore: [36m[Function: mockRestore][39m,
      mockName: [36m[Function: mockName][39m,
      getMockName: [36m[Function: getMockName][39m,
      [32mSymbol(Symbol.dispose)[39m: [36m[Function (anonymous)][39m
    }
  }
}
[IRC] mounted { pathname: [32m'/'[39m, isE2E: [33mtrue[39m, timestamp: [32m'2026-04-04T03:17:49.881Z'[39m }
[IRC] Current environment: {
  VITE_E2E: [33mtrue[39m,
  VITE_SP_RESOURCE: [32m'https://isogokatudouhome.sharepoint.com'[39m,
  VITE_FEATURE_SCHEDULES: [33mtrue[39m
}
[IRC] SpClient created: {
  isE2E: [33mtrue[39m,
  client: {
    listItems: [Function: Mock] {
      _isMockFunction: [33mtrue[39m,
      getMockImplementation: [36m[Function (anonymous)][39m,
      mock: [36m[Object][39m,
      mockImplementation: [36m[Function: mockImplementation][39m,
      mockImplementationOnce: [36m[Function: mockImplementationOnce][39m,
      withImplementation: [36m[Function: withImplementation][39m,
      mockReturnThis: [36m[Function: mockReturnThis][39m,
      mockReturnValue: [36m[Function: mockReturnValue][39m,
      mockReturnValueOnce: [36m[Function: mockReturnValueOnce][39m,
      mockResolvedValue: [36m[Function: mockResolvedValue][39m,
      mockResolvedValueOnce: [36m[Function: mockResolvedValueOnce][39m,
      mockRejectedValue: [36m[Function: mockRejectedValue][39m,
      mockRejectedValueOnce: [36m[Function: mockRejectedValueOnce][39m,
      mockClear: [36m[Function: mockClear][39m,
      mockReset: [36m[Function: mockReset][39m,
      mockRestore: [36m[Function: mockRestore][39m,
      mockName: [36m[Function: mockName][39m,
      getMockName: [36m[Function: getMockName][39m,
      [32mSymbol(Symbol.dispose)[39m: [36m[Function (anonymous)][39m
    },
    getItem: [Function: Mock] {
      _isMockFunction: [33mtrue[39m,
      getMockImplementation: [36m[Function (anonymous)][39m,
      mock: [36m[Object][39m,
      mockImplementation: [36m[Function: mockImplementation][39m,
      mockImplementationOnce: [36m[Function: mockImplementationOnce][39m,
      withImplementation: [36m[Function: withImplementation][39m,
      mockReturnThis: [36m[Function: mockReturnThis][39m,
      mockReturnValue: [36m[Function: mockReturnValue][39m,
      mockReturnValueOnce: [36m[Function: mockReturnValueOnce][39m,
      mockResolvedValue: [36m[Function: mockResolvedValue][39m,
      mockResolvedValueOnce: [36m[Function: mockResolvedValueOnce][39m,
      mockRejectedValue: [36m[Function: mockRejectedValue][39m,
      mockRejectedValueOnce: [36m[Function: mockRejectedValueOnce][39m,
      mockClear: [36m[Function: mockClear][39m,
      mockReset: [36m[Function: mockReset][39m,
      mockRestore: [36m[Function: mockRestore][39m,
      mockName: [36m[Function: mockName][39m,
      getMockName: [36m[Function: getMockName][39m,
      [32mSymbol(Symbol.dispose)[39m: [36m[Function (anonymous)][39m
    },
    createItem: [Function: Mock] {
      _isMockFunction: [33mtrue[39m,
      getMockImplementation: [36m[Function (anonymous)][39m,
      mock: [36m[Object][39m,
      mockImplementation: [36m[Function: mockImplementation][39m,
      mockImplementationOnce: [36m[Function: mockImplementationOnce][39m,
      withImplementation: [36m[Function: withImplementation][39m,
      mockReturnThis: [36m[Function: mockReturnThis][39m,
      mockReturnValue: [36m[Function: mockReturnValue][39m,
      mockReturnValueOnce: [36m[Function: mockReturnValueOnce][39m,
      mockResolvedValue: [36m[Function: mockResolvedValue][39m,
      mockResolvedValueOnce: [36m[Function: mockResolvedValueOnce][39m,
      mockRejectedValue: [36m[Function: mockRejectedValue][39m,
      mockRejectedValueOnce: [36m[Function: mockRejectedValueOnce][39m,
      mockClear: [36m[Function: mockClear][39m,
      mockReset: [36m[Function: mockReset][39m,
      mockRestore: [36m[Function: mockRestore][39m,
      mockName: [36m[Function: mockName][39m,
      getMockName: [36m[Function: getMockName][39m,
      [32mSymbol(Symbol.dispose)[39m: [36m[Function (anonymous)][39m
    },
    updateItem: [Function: Mock] {
      _isMockFunction: [33mtrue[39m,
      getMockImplementation: [36m[Function (anonymous)][39m,
      mock: [36m[Object][39m,
      mockImplementation: [36m[Function: mockImplementation][39m,
      mockImplementationOnce: [36m[Function: mockImplementationOnce][39m,
      withImplementation: [36m[Function: withImplementation][39m,
      mockReturnThis: [36m[Function: mockReturnThis][39m,
      mockReturnValue: [36m[Function: mockReturnValue][39m,
      mockReturnValueOnce: [36m[Function: mockReturnValueOnce][39m,
      mockResolvedValue: [36m[Function: mockResolvedValue][39m,
      mockResolvedValueOnce: [36m[Function: mockResolvedValueOnce][39m,
      mockRejectedValue: [36m[Function: mockRejectedValue][39m,
      mockRejectedValueOnce: [36m[Function: mockRejectedValueOnce][39m,
      mockClear: [36m[Function: mockClear][39m,
      mockReset: [36m[Function: mockReset][39m,
      mockRestore: [36m[Function: mockRestore][39m,
      mockName: [36m[Function: mockName][39m,
      getMockName: [36m[Function: getMockName][39m,
      [32mSymbol(Symbol.dispose)[39m: [36m[Function (anonymous)][39m
    },
    deleteItem: [Function: Mock] {
      _isMockFunction: [33mtrue[39m,
      getMockImplementation: [36m[Function (anonymous)][39m,
      mock: [36m[Object][39m,
      mockImplementation: [36m[Function: mockImplementation][39m,
      mockImplementationOnce: [36m[Function: mockImplementationOnce][39m,
      withImplementation: [36m[Function: withImplementation][39m,
      mockReturnThis: [36m[Function: mockReturnThis][39m,
      mockReturnValue: [36m[Function: mockReturnValue][39m,
      mockReturnValueOnce: [36m[Function: mockReturnValueOnce][39m,
      mockResolvedValue: [36m[Function: mockResolvedValue][39m,
      mockResolvedValueOnce: [36m[Function: mockResolvedValueOnce][39m,
      mockRejectedValue: [36m[Function: mockRejectedValue][39m,
      mockRejectedValueOnce: [36m[Function: mockRejectedValueOnce][39m,
      mockClear: [36m[Function: mockClear][39m,
      mockReset: [36m[Function: mockReset][39m,
      mockRestore: [36m[Function: mockRestore][39m,
      mockName: [36m[Function: mockName][39m,
      getMockName: [36m[Function: getMockName][39m,
      [32mSymbol(Symbol.dispose)[39m: [36m[Function (anonymous)][39m
    },
    getListItemsByTitle: [Function: Mock] {
      _isMockFunction: [33mtrue[39m,
      getMockImplementation: [36m[Function (anonymous)][39m,
      mock: [36m[Object][39m,
      mockImplementation: [36m[Function: mockImplementation][39m,
      mockImplementationOnce: [36m[Function: mockImplementationOnce][39m,
      withImplementation: [36m[Function: withImplementation][39m,
      mockReturnThis: [36m[Function: mockReturnThis][39m,
      mockReturnValue: [36m[Function: mockReturnValue][39m,
      mockReturnValueOnce: [36m[Function: mockReturnValueOnce][39m,
      mockResolvedValue: [36m[Function: mockResolvedValue][39m,
      mockResolvedValueOnce: [36m[Function: mockResolvedValueOnce][39m,
      mockRejectedValue: [36m[Function: mockRejectedValue][39m,
      mockRejectedValueOnce: [36m[Function: mockRejectedValueOnce][39m,
      mockClear: [36m[Function: mockClear][39m,
      mockReset: [36m[Function: mockReset][39m,
      mockRestore: [36m[Function: mockRestore][39m,
      mockName: [36m[Function: mockName][39m,
      getMockName: [36m[Function: getMockName][39m,
      [32mSymbol(Symbol.dispose)[39m: [36m[Function (anonymous)][39m
    },
    getListItemById: [Function: Mock] {
      _isMockFunction: [33mtrue[39m,
      getMockImplementation: [36m[Function (anonymous)][39m,
      mock: [36m[Object][39m,
      mockImplementation: [36m[Function: mockImplementation][39m,
      mockImplementationOnce: [36m[Function: mockImplementationOnce][39m,
      withImplementation: [36m[Function: withImplementation][39m,
      mockReturnThis: [36m[Function: mockReturnThis][39m,
      mockReturnValue: [36m[Function: mockReturnValue][39m,
      mockReturnValueOnce: [36m[Function: mockReturnValueOnce][39m,
      mockResolvedValue: [36m[Function: mockResolvedValue][39m,
      mockResolvedValueOnce: [36m[Function: mockResolvedValueOnce][39m,
      mockRejectedValue: [36m[Function: mockRejectedValue][39m,
      mockRejectedValueOnce: [36m[Function: mockRejectedValueOnce][39m,
      mockClear: [36m[Function: mockClear][39m,
      mockReset: [36m[Function: mockReset][39m,
      mockRestore: [36m[Function: mockRestore][39m,
      mockName: [36m[Function: mockName][39m,
      getMockName: [36m[Function: getMockName][39m,
      [32mSymbol(Symbol.dispose)[39m: [36m[Function (anonymous)][39m
    },
    addListItemByTitle: [Function: Mock] {
      _isMockFunction: [33mtrue[39m,
      getMockImplementation: [36m[Function (anonymous)][39m,
      mock: [36m[Object][39m,
      mockImplementation: [36m[Function: mockImplementation][39m,
      mockImplementationOnce: [36m[Function: mockImplementationOnce][39m,
      withImplementation: [36m[Function: withImplementation][39m,
      mockReturnThis: [36m[Function: mockReturnThis][39m,
      mockReturnValue: [36m[Function: mockReturnValue][39m,
      mockReturnValueOnce: [36m[Function: mockReturnValueOnce][39m,
      mockResolvedValue: [36m[Function: mockResolvedValue][39m,
      mockResolvedValueOnce: [36m[Function: mockResolvedValueOnce][39m,
      mockRejectedValue: [36m[Function: mockRejectedValue][39m,
      mockRejectedValueOnce: [36m[Function: mockRejectedValueOnce][39m,
      mockClear: [36m[Function: mockClear][39m,
      mockReset: [36m[Function: mockReset][39m,
      mockRestore: [36m[Function: mockRestore][39m,
      mockName: [36m[Function: mockName][39m,
      getMockName: [36m[Function: getMockName][39m,
      [32mSymbol(Symbol.dispose)[39m: [36m[Function (anonymous)][39m
    },
    addItemByTitle: [Function: Mock] {
      _isMockFunction: [33mtrue[39m,
      getMockImplementation: [36m[Function (anonymous)][39m,
      mock: [36m[Object][39m,
      mockImplementation: [36m[Function: mockImplementation][39m,
      mockImplementationOnce: [36m[Function: mockImplementationOnce][39m,
      withImplementation: [36m[Function: withImplementation][39m,
      mockReturnThis: [36m[Function: mockReturnThis][39m,
      mockReturnValue: [36m[Function: mockReturnValue][39m,
      mockReturnValueOnce: [36m[Function: mockReturnValueOnce][39m,
      mockResolvedValue: [36m[Function: mockResolvedValue][39m,
      mockResolvedValueOnce: [36m[Function: mockResolvedValueOnce][39m,
      mockRejectedValue: [36m[Function: mockRejectedValue][39m,
      mockRejectedValueOnce: [36m[Function: mockRejectedValueOnce][39m,
      mockClear: [36m[Function: mockClear][39m,
      mockReset: [36m[Function: mockReset][39m,
      mockRestore: [36m[Function: mockRestore][39m,
      mockName: [36m[Function: mockName][39m,
      getMockName: [36m[Function: getMockName][39m,
      [32mSymbol(Symbol.dispose)[39m: [36m[Function (anonymous)][39m
    },
    updateListItem: [Function: Mock] {
      _isMockFunction: [33mtrue[39m,
      getMockImplementation: [36m[Function (anonymous)][39m,
      mock: [36m[Object][39m,
      mockImplementation: [36m[Function: mockImplementation][39m,
      mockImplementationOnce: [36m[Function: mockImplementationOnce][39m,
      withImplementation: [36m[Function: withImplementation][39m,
      mockReturnThis: [36m[Function: mockReturnThis][39m,
      mockReturnValue: [36m[Function: mockReturnValue][39m,
      mockReturnValueOnce: [36m[Function: mockReturnValueOnce][39m,
      mockResolvedValue: [36m[Function: mockResolvedValue][39m,
      mockResolvedValueOnce: [36m[Function: mockResolvedValueOnce][39m,
      mockRejectedValue: [36m[Function: mockRejectedValue][39m,
      mockRejectedValueOnce: [36m[Function: mockRejectedValueOnce][39m,
      mockClear: [36m[Function: mockClear][39m,
      mockReset: [36m[Function: mockReset][39m,
      mockRestore: [36m[Function: mockRestore][39m,
      mockName: [36m[Function: mockName][39m,
      getMockName: [36m[Function: getMockName][39m,
      [32mSymbol(Symbol.dispose)[39m: [36m[Function (anonymous)][39m
    },
    deleteListItem: [Function: Mock] {
      _isMockFunction: [33mtrue[39m,
      getMockImplementation: [36m[Function (anonymous)][39m,
      mock: [36m[Object][39m,
      mockImplementation: [36m[Function: mockImplementation][39m,
      mockImplementationOnce: [36m[Function: mockImplementationOnce][39m,
      withImplementation: [36m[Function: withImplementation][39m,
      mockReturnThis: [36m[Function: mockReturnThis][39m,
      mockReturnValue: [36m[Function: mockReturnValue][39m,
      mockReturnValueOnce: [36m[Function: mockReturnValueOnce][39m,
      mockResolvedValue: [36m[Function: mockResolvedValue][39m,
      mockResolvedValueOnce: [36m[Function: mockResolvedValueOnce][39m,
      mockRejectedValue: [36m[Function: mockRejectedValue][39m,
      mockRejectedValueOnce: [36m[Function: mockRejectedValueOnce][39m,
      mockClear: [36m[Function: mockClear][39m,
      mockReset: [36m[Function: mockReset][39m,
      mockRestore: [36m[Function: mockRestore][39m,
      mockName: [36m[Function: mockName][39m,
      getMockName: [36m[Function: getMockName][39m,
      [32mSymbol(Symbol.dispose)[39m: [36m[Function (anonymous)][39m
    },
    postBatch: [Function: Mock] {
      _isMockFunction: [33mtrue[39m,
      getMockImplementation: [36m[Function (anonymous)][39m,
      mock: [36m[Object][39m,
      mockImplementation: [36m[Function: mockImplementation][39m,
      mockImplementationOnce: [36m[Function: mockImplementationOnce][39m,
      withImplementation: [36m[Function: withImplementation][39m,
      mockReturnThis: [36m[Function: mockReturnThis][39m,
      mockReturnValue: [36m[Function: mockReturnValue][39m,
      mockReturnValueOnce: [36m[Function: mockReturnValueOnce][39m,
      mockResolvedValue: [36m[Function: mockResolvedValue][39m,
      mockResolvedValueOnce: [36m[Function: mockResolvedValueOnce][39m,
      mockRejectedValue: [36m[Function: mockRejectedValue][39m,
      mockRejectedValueOnce: [36m[Function: mockRejectedValueOnce][39m,
      mockClear: [36m[Function: mockClear][39m,
      mockReset: [36m[Function: mockReset][39m,
      mockRestore: [36m[Function: mockRestore][39m,
      mockName: [36m[Function: mockName][39m,
      getMockName: [36m[Function: getMockName][39m,
      [32mSymbol(Symbol.dispose)[39m: [36m[Function (anonymous)][39m
    },
    fetchRows: [Function: Mock] {
      _isMockFunction: [33mtrue[39m,
      getMockImplementation: [36m[Function (anonymous)][39m,
      mock: [36m[Object][39m,
      mockImplementation: [36m[Function: mockImplementation][39m,
      mockImplementationOnce: [36m[Function: mockImplementationOnce][39m,
      withImplementation: [36m[Function: withImplementation][39m,
      mockReturnThis: [36m[Function: mockReturnThis][39m,
      mockReturnValue: [36m[Function: mockReturnValue][39m,
      mockReturnValueOnce: [36m[Function: mockReturnValueOnce][39m,
      mockResolvedValue: [36m[Function: mockResolvedValue][39m,
      mockResolvedValueOnce: [36m[Function: mockResolvedValueOnce][39m,
      mockRejectedValue: [36m[Function: mockRejectedValue][39m,
      mockRejectedValueOnce: [36m[Function: mockRejectedValueOnce][39m,
      mockClear: [36m[Function: mockClear][39m,
      mockReset: [36m[Function: mockReset][39m,
      mockRestore: [36m[Function: mockRestore][39m,
      mockName: [36m[Function: mockName][39m,
      getMockName: [36m[Function: getMockName][39m,
      [32mSymbol(Symbol.dispose)[39m: [36m[Function (anonymous)][39m
    },
    fetchRowById: [Function: Mock] {
      _isMockFunction: [33mtrue[39m,
      getMockImplementation: [36m[Function (anonymous)][39m,
      mock: [36m[Object][39m,
      mockImplementation: [36m[Function: mockImplementation][39m,
      mockImplementationOnce: [36m[Function: mockImplementationOnce][39m,
      withImplementation: [36m[Function: withImplementation][39m,
      mockReturnThis: [36m[Function: mockReturnThis][39m,
      mockReturnValue: [36m[Function: mockReturnValue][39m,
      mockReturnValueOnce: [36m[Function: mockReturnValueOnce][39m,
      mockResolvedValue: [36m[Function: mockResolvedValue][39m,
      mockResolvedValueOnce: [36m[Function: mockResolvedValueOnce][39m,
      mockRejectedValue: [36m[Function: mockRejectedValue][39m,
      mockRejectedValueOnce: [36m[Function: mockRejectedValueOnce][39m,
      mockClear: [36m[Function: mockClear][39m,
      mockReset: [36m[Function: mockReset][39m,
      mockRestore: [36m[Function: mockRestore][39m,
      mockName: [36m[Function: mockName][39m,
      getMockName: [36m[Function: getMockName][39m,
      [32mSymbol(Symbol.dispose)[39m: [36m[Function (anonymous)][39m
    },
    spFetch: [Function: Mock] {
      _isMockFunction: [33mtrue[39m,
      getMockImplementation: [36m[Function (anonymous)][39m,
      mock: [36m[Object][39m,
      mockImplementation: [36m[Function: mockImplementation][39m,
      mockImplementationOnce: [36m[Function: mockImplementationOnce][39m,
      withImplementation: [36m[Function: withImplementation][39m,
      mockReturnThis: [36m[Function: mockReturnThis][39m,
      mockReturnValue: [36m[Function: mockReturnValue][39m,
      mockReturnValueOnce: [36m[Function: mockReturnValueOnce][39m,
      mockResolvedValue: [36m[Function: mockResolvedValue][39m,
      mockResolvedValueOnce: [36m[Function: mockResolvedValueOnce][39m,
      mockRejectedValue: [36m[Function: mockRejectedValue][39m,
      mockRejectedValueOnce: [36m[Function: mockRejectedValueOnce][39m,
      mockClear: [36m[Function: mockClear][39m,
      mockReset: [36m[Function: mockReset][39m,
      mockRestore: [36m[Function: mockRestore][39m,
      mockName: [36m[Function: mockName][39m,
      getMockName: [36m[Function: getMockName][39m,
      [32mSymbol(Symbol.dispose)[39m: [36m[Function (anonymous)][39m
    },
    getUnifiedEvents: [Function: Mock] {
      _isMockFunction: [33mtrue[39m,
      getMockImplementation: [36m[Function (anonymous)][39m,
      mock: [36m[Object][39m,
      mockImplementation: [36m[Function: mockImplementation][39m,
      mockImplementationOnce: [36m[Function: mockImplementationOnce][39m,
      withImplementation: [36m[Function: withImplementation][39m,
      mockReturnThis: [36m[Function: mockReturnThis][39m,
      mockReturnValue: [36m[Function: mockReturnValue][39m,
      mockReturnValueOnce: [36m[Function: mockReturnValueOnce][39m,
      mockResolvedValue: [36m[Function: mockResolvedValue][39m,
      mockResolvedValueOnce: [36m[Function: mockResolvedValueOnce][39m,
      mockRejectedValue: [36m[Function: mockRejectedValue][39m,
      mockRejectedValueOnce: [36m[Function: mockRejectedValueOnce][39m,
      mockClear: [36m[Function: mockClear][39m,
      mockReset: [36m[Function: mockReset][39m,
      mockRestore: [36m[Function: mockRestore][39m,
      mockName: [36m[Function: mockName][39m,
      getMockName: [36m[Function: getMockName][39m,
      [32mSymbol(Symbol.dispose)[39m: [36m[Function (anonymous)][39m
    },
    getResources: [Function: Mock] {
      _isMockFunction: [33mtrue[39m,
      getMockImplementation: [36m[Function (anonymous)][39m,
      mock: [36m[Object][39m,
      mockImplementation: [36m[Function: mockImplementation][39m,
      mockImplementationOnce: [36m[Function: mockImplementationOnce][39m,
      withImplementation: [36m[Function: withImplementation][39m,
      mockReturnThis: [36m[Function: mockReturnThis][39m,
      mockReturnValue: [36m[Function: mockReturnValue][39m,
      mockReturnValueOnce: [36m[Function: mockReturnValueOnce][39m,
      mockResolvedValue: [36m[Function: mockResolvedValue][39m,
      mockResolvedValueOnce: [36m[Function: mockResolvedValueOnce][39m,
      mockRejectedValue: [36m[Function: mockRejectedValue][39m,
      mockRejectedValueOnce: [36m[Function: mockRejectedValueOnce][39m,
      mockClear: [36m[Function: mockClear][39m,
      mockReset: [36m[Function: mockReset][39m,
      mockRestore: [36m[Function: mockRestore][39m,
      mockName: [36m[Function: mockName][39m,
      getMockName: [36m[Function: getMockName][39m,
      [32mSymbol(Symbol.dispose)[39m: [36m[Function (anonymous)][39m
    }
  }
}
[IRC] mounted { pathname: [32m'/'[39m, isE2E: [33mtrue[39m, timestamp: [32m'2026-04-04T03:17:49.908Z'[39m }
[IRC] Current environment: {
  VITE_E2E: [33mtrue[39m,
  VITE_SP_RESOURCE: [32m'https://isogokatudouhome.sharepoint.com'[39m,
  VITE_FEATURE_SCHEDULES: [33mtrue[39m
}
[IRC] mounted { pathname: [32m'/'[39m, isE2E: [33mtrue[39m, timestamp: [32m'2026-04-04T03:17:49.910Z'[39m }
[IRC] Current environment: {
  VITE_E2E: [33mtrue[39m,
  VITE_SP_RESOURCE: [32m'https://isogokatudouhome.sharepoint.com'[39m,
  VITE_FEATURE_SCHEDULES: [33mtrue[39m
}
[IRC] Loaded resources: [33m0[39m
[IRC] Loaded events count: [33m2[39m
[IRC] Loaded resources: [33m0[39m
[IRC] Loaded events count: [33m2[39m

[90mstdout[2m | tests/smoke/integrated-resource-calendar.spec.tsx[2m > [22m[2mIntegratedResourceCalendar smoke tests[2m > [22m[2mshows PvsA status indicators
[22m[39m[IRC] mounted { pathname: [32m'/'[39m, isE2E: [33mtrue[39m, timestamp: [32m'2026-04-04T03:17:49.922Z'[39m }
[IRC] Current environment: {
  VITE_E2E: [33mtrue[39m,
  VITE_SP_RESOURCE: [32m'https://isogokatudouhome.sharepoint.com'[39m,
  VITE_FEATURE_SCHEDULES: [33mtrue[39m
}
[IRC] mounted { pathname: [32m'/'[39m, isE2E: [33mtrue[39m, timestamp: [32m'2026-04-04T03:17:49.923Z'[39m }
[IRC] Current environment: {
  VITE_E2E: [33mtrue[39m,
  VITE_SP_RESOURCE: [32m'https://isogokatudouhome.sharepoint.com'[39m,
  VITE_FEATURE_SCHEDULES: [33mtrue[39m
}

 [32m笨・[39m tests/smoke/integrated-resource-calendar.spec.tsx[2m > [22mIntegratedResourceCalendar smoke tests[2m > [22mcontains mock resource data[32m 87[2mms[22m[39m
 [32m笨・[39m tests/smoke/integrated-resource-calendar.spec.tsx[2m > [22mIntegratedResourceCalendar smoke tests[2m > [22mdisplays mock events[32m 89[2mms[22m[39m
[90mstdout[2m | tests/smoke/integrated-resource-calendar.spec.tsx[2m > [22m[2mIntegratedResourceCalendar smoke tests[2m > [22m[2mshows PvsA status indicators
[22m[39m[IRC] mounted { pathname: [32m'/'[39m, isE2E: [33mtrue[39m, timestamp: [32m'2026-04-04T03:17:49.948Z'[39m }
[IRC] Current environment: {
  VITE_E2E: [33mtrue[39m,
  VITE_SP_RESOURCE: [32m'https://isogokatudouhome.sharepoint.com'[39m,
  VITE_FEATURE_SCHEDULES: [33mtrue[39m
}
[IRC] mounted { pathname: [32m'/'[39m, isE2E: [33mtrue[39m, timestamp: [32m'2026-04-04T03:17:49.959Z'[39m }
[IRC] Current environment: {
  VITE_E2E: [33mtrue[39m,
  VITE_SP_RESOURCE: [32m'https://isogokatudouhome.sharepoint.com'[39m,
  VITE_FEATURE_SCHEDULES: [33mtrue[39m
}

 [32m笨・[39m tests/smoke/integrated-resource-calendar.spec.tsx[2m > [22mIntegratedResourceCalendar smoke tests[2m > [22mshows PvsA status indicators[32m 100[2mms[22m[39m
 [32m笨・[39m tests/smoke/integrated-resource-calendar.spec.tsx[2m > [22mIntegratedResourceCalendar smoke tests[2m > [22mimports types without errors[32m 41[2mms[22m[39m
[90mstdout[2m | src/features/users/UsersPanel.auth-guard.test.tsx
[22m[39m[MSAL ENV] Validated successfully

 [32m笨・[39m tests/unit/app.a11y.spec.tsx[2m > [22mAppShell accessibility landmarks[2m > [22mhas single <main> landmark[33m 1203[2mms[22m[39m
 [32m笨・[39m src/features/support-plan-guide/components/__tests__/ApprovalSection.spec.tsx[2m > [22mApprovalSection[2m > [22m譛ｪ謇ｿ隱咲憾諷・[2m > [22m邂｡逅・・↓縺ｯ謇ｿ隱阪・繧ｿ繝ｳ縺梧怏蜉ｹ縺ｧ陦ｨ遉ｺ縺輔ｌ繧・[32m 134[2mms[22m[39m
 [32m笨・[39m src/features/support-plan-guide/components/__tests__/ApprovalSection.spec.tsx[2m > [22mApprovalSection[2m > [22m譛ｪ謇ｿ隱咲憾諷・[2m > [22m髱樒ｮ｡逅・・↓縺ｯ繝懊ち繝ｳ縺檎┌蜉ｹ縺ｫ縺ｪ繧・[32m 27[2mms[22m[39m
 [32m笨・[39m src/features/support-plan-guide/components/__tests__/ApprovalSection.spec.tsx[2m > [22mApprovalSection[2m > [22m譛ｪ謇ｿ隱咲憾諷・[2m > [22m譛ｪ蜈･蜉幃・岼縺後≠繧句ｴ蜷医・隴ｦ蜻翫′陦ｨ遉ｺ縺輔ｌ繧・[32m 30[2mms[22m[39m
 [32m笨・[39m src/features/support-plan-guide/components/__tests__/ApprovalSection.spec.tsx[2m > [22mApprovalSection[2m > [22m譛ｪ謇ｿ隱咲憾諷・[2m > [22m謇ｿ隱阪・繧ｿ繝ｳ繧偵け繝ｪ繝・け縺吶ｋ縺ｨ遒ｺ隱阪ム繧､繧｢繝ｭ繧ｰ縺碁幕縺・[32m 259[2mms[22m[39m
 [32m笨・[39m src/features/support-plan-guide/components/__tests__/ApprovalSection.spec.tsx[2m > [22mApprovalSection[2m > [22m譛ｪ謇ｿ隱咲憾諷・[2m > [22m遒ｺ隱阪ム繧､繧｢繝ｭ繧ｰ縺ｧ縲梧価隱阪☆繧九阪ｒ繧ｯ繝ｪ繝・け縺吶ｋ縺ｨonApprove縺悟他縺ｰ繧後ｋ[32m 70[2mms[22m[39m
 [32m笨・[39m src/features/support-plan-guide/components/__tests__/ApprovalSection.spec.tsx[2m > [22mApprovalSection[2m > [22m譛ｪ謇ｿ隱咲憾諷・[2m > [22m遒ｺ隱阪ム繧､繧｢繝ｭ繧ｰ縺ｧ縲後く繝｣繝ｳ繧ｻ繝ｫ縲阪ｒ繧ｯ繝ｪ繝・け縺吶ｋ縺ｨonApprove縺ｯ蜻ｼ縺ｰ繧後↑縺・[32m 85[2mms[22m[39m
 [32m笨・[39m src/features/support-plan-guide/components/__tests__/ApprovalSection.spec.tsx[2m > [22mApprovalSection[2m > [22m謇ｿ隱肴ｸ医∩迥ｶ諷・[2m > [22m謇ｿ隱肴ｸ医∩繝√ャ繝励→繧｢繝ｩ繝ｼ繝医ｒ陦ｨ遉ｺ縺吶ｋ[32m 37[2mms[22m[39m
 [32m笨・[39m src/features/support-plan-guide/components/__tests__/ApprovalSection.spec.tsx[2m > [22mApprovalSection[2m > [22m謇ｿ隱肴ｸ医∩迥ｶ諷・[2m > [22m謇ｿ隱肴ｸ医∩縺ｮ蝣ｴ蜷医・謇ｿ隱阪・繧ｿ繝ｳ縺瑚｡ｨ遉ｺ縺輔ｌ縺ｪ縺・[32m 33[2mms[22m[39m
 [32m笨・[39m tests/unit/nurse.motion.spec.tsx[2m > [22mHealthObservationWorkspace (seizure only)[2m > [22mrenders heading and passes context to quick log[33m 423[2mms[22m[39m
 [32m笨・[39m tests/unit/nurse.motion.spec.tsx[2m > [22mHealthObservationWorkspace (seizure only)[2m > [22mdelegates user selection to query param setter[32m 282[2mms[22m[39m
 [32m笨・[39m tests/unit/nurse.motion.spec.tsx[2m > [22mHealthObservationWorkspace (seizure only)[2m > [22mdelegates date selection to query param setter[32m 50[2mms[22m[39m
[90mstdout[2m | src/features/users/UsersPanel.auth-guard.test.tsx[2m > [22m[2mUsersPanel auth guard[2m > [22m[2mfalls back to list when create tab is requested without edit permission
[22m[39m[DataProvider] Active backend: sharepoint
笨・[SP Telemetry] provider_selected { providerName: [32m'sharepoint'[39m }

[90mstdout[2m | src/features/users/UsersPanel.auth-guard.test.tsx[2m > [22m[2mUsersPanel auth guard[2m > [22m[2mdisables create action in menu when edit permission is missing
[22m[39m[DataProvider] Active backend: sharepoint

 [32m笨・[39m src/features/users/UsersPanel.auth-guard.test.tsx[2m > [22mUsersPanel auth guard[2m > [22mfalls back to list when create tab is requested without edit permission[33m 730[2mms[22m[39m
 [32m笨・[39m src/features/users/UsersPanel.auth-guard.test.tsx[2m > [22mUsersPanel auth guard[2m > [22mdisables create action in menu when edit permission is missing[32m 220[2mms[22m[39m
 [32m笨・[39m tests/unit/official-forms/generateSeikatsuKaigoExcel.spec.ts[2m > [22mgenerateSeikatsuKaigoExcel[2m > [22mreturns an xlsx ArrayBuffer with correct fileName[32m 180[2mms[22m[39m
 [32m笨・[39m tests/unit/official-forms/generateSeikatsuKaigoExcel.spec.ts[2m > [22mgenerateSeikatsuKaigoExcel[2m > [22mpopulates header cells correctly[32m 71[2mms[22m[39m
 [32m笨・[39m tests/unit/official-forms/generateSeikatsuKaigoExcel.spec.ts[2m > [22mgenerateSeikatsuKaigoExcel[2m > [22mpopulates daily records for "謠蝉ｾ・ status[32m 59[2mms[22m[39m
 [32m笨・[39m tests/unit/official-forms/generateSeikatsuKaigoExcel.spec.ts[2m > [22mgenerateSeikatsuKaigoExcel[2m > [22mpopulates daily records for "谺蟶ｭ" status (no times/timeCode)[32m 58[2mms[22m[39m
 [32m笨・[39m tests/unit/official-forms/generateSeikatsuKaigoExcel.spec.ts[2m > [22mgenerateSeikatsuKaigoExcel[2m > [22mhandles empty records (no data rows populated)[32m 49[2mms[22m[39m
 [32m笨・[39m tests/unit/official-forms/generateSeikatsuKaigoExcel.spec.ts[2m > [22mgenerateSeikatsuKaigoExcel[2m > [22mhandles February correctly (28/29 days)[32m 40[2mms[22m[39m
 [32m笨・[39m tests/unit/official-forms/generateSeikatsuKaigoExcel.spec.ts[2m > [22mgenerateSeikatsuKaigoExcel[2m > [22m莉､蜥悟､画鋤: 2026-02 竊・莉､蜥・8蟷ｴ 2譛亥・[32m 69[2mms[22m[39m
 [32m笨・[39m tests/unit/official-forms/generateSeikatsuKaigoExcel.spec.ts[2m > [22mgenerateSeikatsuKaigoExcel[2m > [22mpopulates weekday for each day correctly[32m 38[2mms[22m[39m
 [32m笨・[39m tests/unit/official-forms/generateSeikatsuKaigoExcel.spec.ts[2m > [22mgenerateSeikatsuKaigoExcel[2m > [22mthrows if template has no worksheet[32m 24[2mms[22m[39m
 [32m笨・[39m tests/unit/official-forms/generateSeikatsuKaigoExcel.spec.ts[2m > [22mgenerateSeikatsuKaigoExcel[2m > [22mhandles user without recipientCertNumber[32m 34[2mms[22m[39m
 [32m笨・[39m tests/unit/a11y/RecordList.a11y.spec.tsx[2m > [22mRecordList Accessibility[2m > [22mhas no a11y violations (empty state)[33m 360[2mms[22m[39m
 [32m笨・[39m src/features/attendance/components/__tests__/AttendanceRow.spec.tsx[2m > [22mAttendanceRow[2m > [22mshows all action buttons in normal mode[32m 292[2mms[22m[39m
 [32m笨・[39m src/features/attendance/components/__tests__/AttendanceRow.spec.tsx[2m > [22mAttendanceRow[2m > [22menlarges check-in button and disables secondary actions in checkInRun mode[32m 72[2mms[22m[39m
 [32m笨・[39m tests/unit/a11y/RecordList.a11y.spec.tsx[2m > [22mRecordList Accessibility[2m > [22mhas no a11y violations (with mock data)[32m 129[2mms[22m[39m
 [32m笨・[39m tests/unit/a11y/RecordList.a11y.spec.tsx[2m > [22mRecordList Accessibility[2m > [22mhas no a11y violations (loading state)[32m 96[2mms[22m[39m
 [32m笨・[39m src/features/attendance/components/__tests__/AttendanceRow.spec.tsx[2m > [22mAttendanceRow[2m > [22mshows completed state for checked-in row in checkInRun mode[32m 62[2mms[22m[39m
 [32m笨・[39m src/features/attendance/components/__tests__/AttendanceRow.spec.tsx[2m > [22mAttendanceRow[2m > [22mshows temp button for checked-in row in checkInRun mode[32m 57[2mms[22m[39m
 [32m笨・[39m src/features/attendance/components/__tests__/AttendanceRow.spec.tsx[2m > [22mAttendanceRow[2m > [22mdisplays temp chip when tempValue is provided[32m 29[2mms[22m[39m
 [32m笨・[39m tests/unit/a11y/RecordList.a11y.spec.tsx[2m > [22mRecordList Accessibility[2m > [22mhas no a11y violations (error state)[32m 169[2mms[22m[39m
 [32m笨・[39m src/features/attendance/components/__tests__/AttendanceRow.spec.tsx[2m > [22mAttendanceRow[2m > [22mhides nurse button when tempValue < 37.5[32m 42[2mms[22m[39m
 [32m笨・[39m src/features/attendance/components/__tests__/AttendanceRow.spec.tsx[2m > [22mAttendanceRow[2m > [22mshows nurse button when tempValue >= 37.5 and calls handler on click[32m 86[2mms[22m[39m
 [32m笨・[39m tests/unit/AuditPanel.overlay.spec.tsx[2m > [22mAuditPanel metrics overlay (DEV button)[2m > [22mopens and closes overlay[33m 312[2mms[22m[39m
[90mstdout[2m | src/features/staff/attendance/__tests__/useStaffAttendanceWrite.spec.ts
[22m[39m[MSAL ENV] Validated successfully

 [32m笨・[39m src/features/today/widgets/TodayServiceStructureCard.spec.tsx[2m > [22mTodayServiceStructureCard 窶・逕滓ｴｻ莉玖ｭｷ[2m > [22m逕滓ｴｻ莉玖ｭｷ縺ｮ驟咲ｽｮ繝ｻ蠖ｹ蜑ｲ縺瑚｡ｨ遉ｺ縺輔ｌ繧・[32m 239[2mms[22m[39m
 [32m笨・[39m src/features/today/widgets/TodayServiceStructureCard.spec.tsx[2m > [22mTodayServiceStructureCard 窶・逕滓ｴｻ莉玖ｭｷ[2m > [22m閨ｷ蜩｡譛ｪ蜑ｲ蠖薙〒繧・鬆・岼縺後ョ繝輔か繝ｫ繝郁｡ｨ遉ｺ縺輔ｌ繧・[32m 71[2mms[22m[39m
 [32m笨・[39m src/features/today/widgets/TodayServiceStructureCard.spec.tsx[2m > [22mTodayServiceStructureCard 窶・逕滓ｴｻ謾ｯ謠ｴ[2m > [22m蜿励￠蜈･繧御ｻｶ謨ｰ繝ｻ遯灘哨繝ｻ蟇ｾ蠢懆・蜩｡縺瑚｡ｨ遉ｺ縺輔ｌ繧・[32m 75[2mms[22m[39m
 [32m笨・[39m src/features/today/widgets/TodayServiceStructureCard.spec.tsx[2m > [22mTodayServiceStructureCard 窶・逕滓ｴｻ謾ｯ謠ｴ[2m > [22m豕ｨ諢丈ｺ矩・′陦ｨ遉ｺ縺輔ｌ繧・[32m 58[2mms[22m[39m
 [32m笨・[39m src/features/today/widgets/TodayServiceStructureCard.spec.tsx[2m > [22mTodayServiceStructureCard 窶・逕滓ｴｻ謾ｯ謠ｴ[2m > [22m莉ｶ謨ｰ縺・縺ｮ縺ｨ縺咲ｩｺ迥ｶ諷九Γ繝・そ繝ｼ繧ｸ縺瑚｡ｨ遉ｺ縺輔ｌ繧・[32m 40[2mms[22m[39m
 [32m笨・[39m src/features/today/widgets/TodayServiceStructureCard.spec.tsx[2m > [22mTodayServiceStructureCard 窶・蛻､譁ｭ遯灘哨[2m > [22m謇髟ｷ繝ｻ繧ｵ繝鍋ｮ｡繝ｻ繝翫・繧ｹ蝨ｨ蟶ｭ縺瑚｡ｨ遉ｺ縺輔ｌ繧具ｼ育ｮ｡逅・・・蟆る摩閨ｷ縺ｮ縺ｿ・・[32m 47[2mms[22m[39m
 [32m笨・[39m src/features/today/widgets/TodayServiceStructureCard.spec.tsx[2m > [22mTodayServiceStructureCard 窶・蛻､譁ｭ遯灘哨[2m > [22m荳驛ｨ荳榊惠縺ｧ繧り｡ｨ遉ｺ縺悟｣翫ｌ縺ｪ縺・[32m 45[2mms[22m[39m
 [32m笨・[39m src/pages/__tests__/BusinessJournalPreviewGrid.spec.tsx[2m > [22mBusinessJournalPreviewGrid 窶・table structure[2m > [22mrenders with journal-preview-grid testid[32m 199[2mms[22m[39m
 [32m笨・[39m src/features/today/widgets/TodayServiceStructureCard.spec.tsx[2m > [22mTodayServiceStructureCard 窶・驕句霧繧ｵ繝昴・繝・[2m > [22m莨夊ｨ医・邨ｦ鬟溘・騾∬ｿ弱′陦ｨ遉ｺ縺輔ｌ繧・[32m 38[2mms[22m[39m
 [32m笨・[39m src/features/today/widgets/TodayServiceStructureCard.spec.tsx[2m > [22mTodayServiceStructureCard 窶・驕句霧繧ｵ繝昴・繝・[2m > [22m莨夊ｨ医・蝨ｨ蟶ｭ繝√ャ繝励′陦ｨ遉ｺ縺輔ｌ繧・[32m 46[2mms[22m[39m
 [32m笨・[39m src/features/today/widgets/TodayServiceStructureCard.spec.tsx[2m > [22mTodayServiceStructureCard 窶・驕句霧繧ｵ繝昴・繝・[2m > [22m譌･荳ｭ繝懊Λ繝ｳ繝・ぅ繧｢繝ｻ譌･荳ｭ譚･螳｢縺瑚｡ｨ遉ｺ縺輔ｌ繧・[32m 80[2mms[22m[39m
 [32m笨・[39m src/features/today/widgets/TodayServiceStructureCard.spec.tsx[2m > [22mTodayServiceStructureCard 窶・驕句霧繧ｵ繝昴・繝・[2m > [22m莨夊ｨ医・邨ｦ鬟溘・譌･荳ｭ繝懊Λ繝ｳ繝・ぅ繧｢繝ｻ譌･荳ｭ譚･螳｢縺檎ｩｺ縺ｧ繧ゅョ繝輔か繝ｫ繝郁｡ｨ遉ｺ縺輔ｌ繧・[32m 46[2mms[22m[39m
 [32m笨・[39m src/features/today/widgets/TodayServiceStructureCard.spec.tsx[2m > [22mTodayServiceStructureCard 窶・蜈ｨ菴・[2m > [22mdata-testid 縺瑚ｨｭ螳壹＆繧後※縺・ｋ[32m 42[2mms[22m[39m
 [32m笨・[39m src/features/today/widgets/TodayServiceStructureCard.spec.tsx[2m > [22mTodayServiceStructureCard 窶・蜈ｨ菴・[2m > [22m4繧ｻ繧ｯ繧ｷ繝ｧ繝ｳ繝倥ャ繝繝ｼ縺瑚｡ｨ遉ｺ縺輔ｌ繧・[32m 46[2mms[22m[39m
 [32m笨・[39m src/pages/__tests__/BusinessJournalPreviewGrid.spec.tsx[2m > [22mBusinessJournalPreviewGrid 窶・table structure[2m > [22mrenders "蛻ｩ逕ｨ閠・錐" column header[32m 102[2mms[22m[39m
 [32m笨・[39m src/pages/__tests__/BusinessJournalPreviewGrid.spec.tsx[2m > [22mBusinessJournalPreviewGrid 窶・table structure[2m > [22mrenders a column header for each day in dayHeaders[32m 56[2mms[22m[39m
 [32m笨・[39m src/pages/__tests__/BusinessJournalPreviewGrid.spec.tsx[2m > [22mBusinessJournalPreviewGrid 窶・table structure[2m > [22mrenders the aria-label on the table[32m 153[2mms[22m[39m
 [32m笨・[39m src/pages/__tests__/BusinessJournalPreviewGrid.spec.tsx[2m > [22mBusinessJournalPreviewGrid 窶・user rows[2m > [22mrenders all user display names[32m 43[2mms[22m[39m
 [32m笨・[39m src/pages/__tests__/BusinessJournalPreviewGrid.spec.tsx[2m > [22mBusinessJournalPreviewGrid 窶・user rows[2m > [22muser name links have the correct personal journal URL[32m 40[2mms[22m[39m
 [32m笨・[39m src/pages/__tests__/BusinessJournalPreviewGrid.spec.tsx[2m > [22mBusinessJournalPreviewGrid 窶・user rows[2m > [22mencodes user ID in the personal journal URL[32m 25[2mms[22m[39m
 [32m笨・[39m src/pages/__tests__/BusinessJournalPreviewGrid.spec.tsx[2m > [22mBusinessJournalPreviewGrid 窶・cells[2m > [22mrenders journal-preview-cell testid elements[32m 45[2mms[22m[39m
 [32m笨・[39m src/pages/__tests__/BusinessJournalPreviewGrid.spec.tsx[2m > [22mBusinessJournalPreviewGrid 窶・cell click[2m > [22mcalls onCellClick with userId, displayName and entry when a weekday cell is clicked[32m 55[2mms[22m[39m
 [32m笨・[39m src/pages/__tests__/BusinessJournalPreviewGrid.spec.tsx[2m > [22mBusinessJournalPreviewGrid 窶・cell click[2m > [22mstill calls onCellClick on a weekend cell (guard is Page responsibility)[32m 34[2mms[22m[39m
 [32m笨・[39m src/pages/__tests__/BusinessJournalPreviewGrid.spec.tsx[2m > [22mBusinessJournalPreviewGrid 窶・cell click[2m > [22mdoes not call onCellClick when data is empty[32m 10[2mms[22m[39m
[90mstdout[2m | src/features/staff/attendance/__tests__/useStaffAttendanceWrite.spec.ts[2m > [22m[2museStaffAttendanceWrite[2m > [22m[2minitial load: returns items from port.listByDate
[22m[39m[DataProvider] Active backend: sharepoint
笨・[SP Telemetry] provider_selected { providerName: [32m'sharepoint'[39m }

[90mstdout[2m | src/features/staff/attendance/__tests__/useStaffAttendanceWrite.spec.ts[2m > [22m[2museStaffAttendanceWrite[2m > [22m[2mupsertOne: calls port.upsert then reloads
[22m[39m[DataProvider] Active backend: sharepoint

 [32m笨・[39m src/features/staff/attendance/__tests__/useStaffAttendanceWrite.spec.ts[2m > [22museStaffAttendanceWrite[2m > [22minitial load: returns items from port.listByDate[32m 114[2mms[22m[39m
[90mstdout[2m | src/features/staff/attendance/__tests__/useStaffAttendanceWrite.spec.ts[2m > [22m[2museStaffAttendanceWrite[2m > [22m[2msaving: true while upsert is in-flight
[22m[39m[DataProvider] Active backend: sharepoint

 [32m笨・[39m tests/unit/AuditPanel.actions.spec.tsx[2m > [22mAuditPanel action handlers[2m > [22mCSV export enabled when logs exist and triggers createObjectURL[32m 235[2mms[22m[39m
 [32m笨・[39m tests/unit/AuditPanel.actions.spec.tsx[2m > [22mAuditPanel action handlers[2m > [22msyncAll success path sets message[32m 75[2mms[22m[39m
 [32m笨・[39m src/features/staff/attendance/__tests__/useStaffAttendanceWrite.spec.ts[2m > [22museStaffAttendanceWrite[2m > [22mupsertOne: calls port.upsert then reloads[32m 99[2mms[22m[39m
[90mstdout[2m | src/features/staff/attendance/__tests__/useStaffAttendanceWrite.spec.ts[2m > [22m[2museStaffAttendanceWrite[2m > [22m[2mwriteEnabled reflects config
[22m[39m[DataProvider] Active backend: sharepoint

 [32m笨・[39m tests/unit/AuditPanel.actions.spec.tsx[2m > [22mAuditPanel action handlers[2m > [22msyncAll failure path shows error[32m 69[2mms[22m[39m
 [32m笨・[39m tests/unit/AuditPanel.actions.spec.tsx[2m > [22mAuditPanel action handlers[2m > [22mbatch sync failure then resend failed path[32m 94[2mms[22m[39m
[90mstdout[2m | src/features/staff/attendance/__tests__/useStaffAttendanceWrite.spec.ts[2m > [22m[2museStaffAttendanceWrite[2m > [22m[2mreturns error on port.listByDate failure
[22m[39m[DataProvider] Active backend: sharepoint

 [32m笨・[39m tests/unit/AuditPanel.actions.spec.tsx[2m > [22mAuditPanel action handlers[2m > [22mbatch sync error catch path sets failure message[32m 64[2mms[22m[39m
 [32m笨・[39m tests/unit/AuditPanel.actions.spec.tsx[2m > [22mAuditPanel action handlers[2m > [22maction filter reduces visible rows[32m 37[2mms[22m[39m
 [32m笨・[39m src/features/staff/attendance/__tests__/useStaffAttendanceWrite.spec.ts[2m > [22museStaffAttendanceWrite[2m > [22msaving: true while upsert is in-flight[32m 134[2mms[22m[39m
 [32m笨・[39m src/features/staff/attendance/__tests__/useStaffAttendanceWrite.spec.ts[2m > [22museStaffAttendanceWrite[2m > [22mwriteEnabled reflects config[32m 81[2mms[22m[39m
[90mstdout[2m | src/features/staff/attendance/__tests__/useStaffAttendanceWrite.spec.ts[2m > [22m[2museStaffAttendanceWrite[2m > [22m[2mreturns error on upsert failure
[22m[39m[DataProvider] Active backend: sharepoint

 [32m笨・[39m tests/unit/ActionQueueCard.spec.tsx[2m > [22mbuildQueueCategories[2m > [22mcounts unrecorded tasks correctly[32m 5[2mms[22m[39m
 [32m笨・[39m tests/unit/ActionQueueCard.spec.tsx[2m > [22mbuildQueueCategories[2m > [22mgroups briefing, deadline, schedule as other[32m 1[2mms[22m[39m
 [32m笨・[39m tests/unit/ActionQueueCard.spec.tsx[2m > [22mbuildQueueCategories[2m > [22mexcludes completed tasks from counts[32m 1[2mms[22m[39m
 [32m笨・[39m tests/unit/ActionQueueCard.spec.tsx[2m > [22mbuildQueueCategories[2m > [22mreturns zero counts for empty task list[32m 1[2mms[22m[39m
 [32m笨・[39m tests/unit/ActionQueueCard.spec.tsx[2m > [22mbuildQueueCategories[2m > [22massigns error color to unrecorded when count > 0[32m 1[2mms[22m[39m
 [32m笨・[39m tests/unit/ActionQueueCard.spec.tsx[2m > [22mbuildQueueCategories[2m > [22massigns info color when count is 0[32m 1[2mms[22m[39m
 [32m笨・[39m tests/unit/ActionQueueCard.spec.tsx[2m > [22misAllDone[2m > [22mreturns true for empty array[32m 1[2mms[22m[39m
 [32m笨・[39m tests/unit/ActionQueueCard.spec.tsx[2m > [22misAllDone[2m > [22mreturns true when all completed[32m 1[2mms[22m[39m
 [32m笨・[39m tests/unit/ActionQueueCard.spec.tsx[2m > [22misAllDone[2m > [22mreturns false when some incomplete[32m 1[2mms[22m[39m
 [32m笨・[39m src/features/staff/attendance/__tests__/useStaffAttendanceWrite.spec.ts[2m > [22museStaffAttendanceWrite[2m > [22mreturns error on port.listByDate failure[32m 85[2mms[22m[39m
 [32m笨・[39m src/features/staff/attendance/__tests__/useStaffAttendanceWrite.spec.ts[2m > [22museStaffAttendanceWrite[2m > [22mreturns error on upsert failure[32m 86[2mms[22m[39m
 [32m笨・[39m tests/unit/ActionQueueCard.spec.tsx[2m > [22mActionQueueCard[2m > [22mrenders 3 category buttons when tasks exist[32m 156[2mms[22m[39m
 [32m笨・[39m tests/unit/ActionQueueCard.spec.tsx[2m > [22mActionQueueCard[2m > [22mnavigates to correct route on category click[32m 57[2mms[22m[39m
 [32m笨・[39m tests/unit/ActionQueueCard.spec.tsx[2m > [22mActionQueueCard[2m > [22mnavigates to handoff on handoff click[32m 33[2mms[22m[39m
 [32m笨・[39m tests/unit/ActionQueueCard.spec.tsx[2m > [22mActionQueueCard[2m > [22mshows success state when all done[32m 50[2mms[22m[39m
 [32m笨・[39m tests/unit/ActionQueueCard.spec.tsx[2m > [22mActionQueueCard[2m > [22mshows empty action button when onEmptyAction provided[32m 143[2mms[22m[39m
 [32m笨・[39m tests/unit/ActionQueueCard.spec.tsx[2m > [22mActionQueueCard[2m > [22mdisplays remaining count in header chip[32m 20[2mms[22m[39m
 [32m笨・[39m src/features/dashboard/__tests__/BriefingPanel.test.tsx[2m > [22mBriefingPanel[2m > [22m譛昜ｼ壹Δ繝ｼ繝峨〒驕ｩ蛻・↓陦ｨ遉ｺ縺輔ｌ繧・[32m 176[2mms[22m[39m
 [32m笨・[39m src/features/dashboard/__tests__/BriefingPanel.test.tsx[2m > [22mBriefingPanel[2m > [22m螟穂ｼ壹Δ繝ｼ繝峨〒驕ｩ蛻・↓陦ｨ遉ｺ縺輔ｌ繧・[32m 63[2mms[22m[39m
[90mstdout[2m | tests/unit/infra/hud.boot.spec.tsx[2m > [22m[2mHUD bootstrap[2m > [22m[2mshows HUD status banner in test mode
[22m[39m[DataProvider] Active backend: sharepoint
DriftObserver: Started monitoring drift events.
笨・[SP Telemetry] provider_selected { providerName: [32m'sharepoint'[39m }
[msal] bridge state { authReady: [33mfalse[39m, inProgress: [32m'none'[39m, accounts: [33m0[39m }
[DataProvider] Active backend: sharepoint
[DataProvider] Active backend: sharepoint
[DataProvider] Active backend: sharepoint
[DataProvider] Active backend: sharepoint

[90mstdout[2m | tests/unit/infra/hud.boot.spec.tsx[2m > [22m[2mHUD bootstrap[2m > [22m[2mshows HUD status banner in test mode
[22m[39mDriftObserver: Stopped monitoring drift events.

 [32m笨・[39m tests/unit/infra/hud.boot.spec.tsx[2m > [22mHUD bootstrap[2m > [22mshows HUD status banner in test mode[33m 978[2mms[22m[39m
 [32m笨・[39m src/features/dashboard/__tests__/BriefingPanel.test.tsx[2m > [22mBriefingPanel[2m > [22mSafety HUD繧ｵ繝槭Μ繝ｼ縺瑚｡ｨ遉ｺ縺輔ｌ繧・[32m 52[2mms[22m[39m
 [32m笨・[39m src/features/dashboard/__tests__/BriefingPanel.test.tsx[2m > [22mBriefingPanel[2m > [22m險倬鹸騾ｲ謐励し繝槭Μ繝ｼ縺瑚｡ｨ遉ｺ縺輔ｌ繧・[32m 77[2mms[22m[39m
 [32m笨・[39m src/features/dashboard/__tests__/BriefingPanel.test.tsx[2m > [22mBriefingPanel[2m > [22m驥咲せ繝輔か繝ｭ繝ｼ蟇ｾ雎｡閠・′陦ｨ遉ｺ縺輔ｌ繧・[32m 45[2mms[22m[39m
 [32m笨・[39m src/features/dashboard/__tests__/BriefingPanel.test.tsx[2m > [22mBriefingPanel[2m > [22m逕ｳ縺鈴√ｊ繧ｵ繝槭Μ繝ｼ縺瑚｡ｨ遉ｺ縺輔ｌ繧・[32m 61[2mms[22m[39m
 [32m笨・[39m src/features/dashboard/__tests__/BriefingPanel.test.tsx[2m > [22mBriefingPanel[2m > [22m驥咲せ繝輔か繝ｭ繝ｼ蟇ｾ雎｡閠・′縺・↑縺・ｴ蜷医・陦ｨ遉ｺ[32m 30[2mms[22m[39m
 [32m笨・[39m src/features/dashboard/__tests__/BriefingPanel.test.tsx[2m > [22mBriefingPanel[2m > [22m逕ｳ縺鈴√ｊ繧ｵ繝槭Μ繝ｼ縺後↑縺・ｴ蜷医・陦ｨ遉ｺ[32m 32[2mms[22m[39m
 [32m笨・[39m src/features/dashboard/__tests__/BriefingPanel.test.tsx[2m > [22mBriefingPanel[2m > [22mtestid 縺瑚ｨｭ螳壹＆繧後※縺・ｋ[32m 21[2mms[22m[39m
 [32m笨・[39m src/features/meeting/__tests__/MeetingGuidePage.test.tsx[2m > [22mMeetingGuidePage[2m > [22mPhase 4B: 繝壹・繧ｸ繧ｿ繧､繝医Ν縺ｨ蝓ｺ譛ｬUI縺瑚｡ｨ遉ｺ縺輔ｌ繧・[32m 267[2mms[22m[39m
 [32m笨・[39m src/features/meeting/__tests__/MeetingGuidePage.test.tsx[2m > [22mMeetingGuidePage[2m > [22mPhase 4B: 繧ｿ繝門・繧頑崛縺医′豁｣蟶ｸ縺ｫ讖溯・縺吶ｋ[32m 185[2mms[22m[39m
 [32m笨・[39m src/features/meeting/__tests__/MeetingGuidePage.test.tsx[2m > [22mMeetingGuidePage[2m > [22mPhase 4B: 譛昜ｼ壹・螟穂ｼ壹・繧ｹ繝・ャ繝励′陦ｨ遉ｺ縺輔ｌ繧・[32m 77[2mms[22m[39m
 [32m笨・[39m src/features/meeting/__tests__/MeetingGuidePage.test.tsx[2m > [22mMeetingGuidePage[2m > [22mPhase 4B: 驥咲せ繝輔か繝ｭ繝ｼ蟇ｾ雎｡閠・′陦ｨ遉ｺ縺輔ｌ繧・[32m 74[2mms[22m[39m
 [32m笨・[39m src/features/meeting/__tests__/MeetingGuidePage.test.tsx[2m > [22mMeetingGuidePage[2m > [22mPhase 4B: 繧ｹ繝・ャ繝励け繝ｪ繝・け譎ゅ・讖溯・遒ｺ隱・[32m 81[2mms[22m[39m
 [32m笨・[39m src/features/meeting/__tests__/MeetingGuidePage.test.tsx[2m > [22mMeetingGuidePage[2m > [22mPhase 4B: 譎る俣陦ｨ遉ｺ讖溯・縺ｮ遒ｺ隱・[32m 83[2mms[22m[39m
 [32m笨・[39m src/features/meeting/__tests__/MeetingGuidePage.test.tsx[2m > [22mMeetingGuidePage[2m > [22mPhase 4B: 繝ｬ繧ｹ繝昴Φ繧ｷ繝悶ョ繧ｶ繧､繝ｳ縺ｮ蝓ｺ譛ｬ隕∫ｴ遒ｺ隱・[32m 54[2mms[22m[39m
 [32m笨・[39m src/features/support-plan-guide/components/__tests__/useAcceptedSuggestionsForUser.spec.ts[2m > [22museAcceptedSuggestionsForUser[2m > [22muserId 縺御ｸ閾ｴ縺吶ｋ accept 縺ｮ縺ｿ霑斐☆[32m 113[2mms[22m[39m
 [32m笨・[39m src/features/support-plan-guide/components/__tests__/useAcceptedSuggestionsForUser.spec.ts[2m > [22museAcceptedSuggestionsForUser[2m > [22mdismiss 繧｢繧ｯ繧ｷ繝ｧ繝ｳ縺ｯ髯､螟悶＆繧後ｋ[32m 71[2mms[22m[39m
 [32m笨・[39m src/features/planning-sheet/hooks/__tests__/useLatestBehaviorMonitoring.spec.ts[2m > [22museLatestBehaviorMonitoring[2m > [22mPhase3-Check1: SP 繝ｬ繧ｳ繝ｼ繝峨′蟄伜惠縺吶ｋ縺ｨ縺・record 縺碁撼 null 竊・繝懊ち繝ｳ譛牙柑蛹匁擅莉ｶ謌千ｫ・[32m 102[2mms[22m[39m
 [32m笨・[39m src/features/planning-sheet/hooks/__tests__/useLatestBehaviorMonitoring.spec.ts[2m > [22museLatestBehaviorMonitoring[2m > [22mPhase3-Check2: adaptMeetingToBehavior 螟画鋤縺ｧ蜈ｨ繝輔ぅ繝ｼ繝ｫ繝峨′ BehaviorMonitoringRecord 縺ｫ蜈･繧・[32m 90[2mms[22m[39m
 [32m笨・[39m src/features/meeting/__tests__/MeetingGuideDrawer.test.tsx[2m > [22mMeetingGuideDrawer[2m > [22mPhase 5B: Drawer縺ｮ髢矩哩蜍穂ｽ懊′豁｣蟶ｸ縺ｫ讖溯・縺吶ｋ[33m 387[2mms[22m[39m
 [32m笨・[39m src/features/meeting/__tests__/MeetingGuideDrawer.test.tsx[2m > [22mMeetingGuideDrawer[2m > [22mPhase 5B: 譛昜ｼ壹ぎ繧､繝峨・蝓ｺ譛ｬ陦ｨ遉ｺ遒ｺ隱・[32m 79[2mms[22m[39m
 [32m笨・[39m src/features/support-plan-guide/components/__tests__/useAcceptedSuggestionsForUser.spec.ts[2m > [22museAcceptedSuggestionsForUser[2m > [22macceptedSuggestions 縺・undefined 縺ｮ陦後′縺ゅ▲縺ｦ繧ょｮ牙・縺ｫ繧ｹ繧ｭ繝・・縺吶ｋ[32m 75[2mms[22m[39m
 [32m笨・[39m src/features/planning-sheet/hooks/__tests__/useLatestBehaviorMonitoring.spec.ts[2m > [22museLatestBehaviorMonitoring[2m > [22mPhase3-Check3: 隍・焚繝ｬ繧ｳ繝ｼ繝峨′縺ゅｋ蝣ｴ蜷・meetingDate 髯埼・〒譛譁ｰ縺碁∈蜃ｺ縺輔ｌ繧・[32m 106[2mms[22m[39m
 [32m笨・[39m src/features/planning-sheet/hooks/__tests__/useLatestBehaviorMonitoring.spec.ts[2m > [22museLatestBehaviorMonitoring[2m > [22mPhase3-Check4: userId 縺・null 縺ｮ縺ｨ縺・record 縺ｯ null 竊・繝懊ち繝ｳ disabled[32m 23[2mms[22m[39m
 [32m笨・[39m src/features/meeting/__tests__/MeetingGuideDrawer.test.tsx[2m > [22mMeetingGuideDrawer[2m > [22mPhase 5B: 螟穂ｼ壹ぎ繧､繝峨・蝓ｺ譛ｬ陦ｨ遉ｺ遒ｺ隱・[32m 80[2mms[22m[39m
 [32m笨・[39m src/features/meeting/__tests__/MeetingGuideDrawer.test.tsx[2m > [22mMeetingGuideDrawer[2m > [22mPhase 5B: 繧ｹ繝・ャ繝励け繝ｪ繝・け縺ｮ蜍穂ｽ懃｢ｺ隱・[32m 64[2mms[22m[39m
 [32m笨・[39m src/features/meeting/__tests__/MeetingGuideDrawer.test.tsx[2m > [22mMeetingGuideDrawer[2m > [22mPhase 5B: 驥咲せ繝輔か繝ｭ繝ｼ蟇ｾ雎｡閠・′遨ｺ縺ｮ蝣ｴ蜷医・陦ｨ遉ｺ[32m 65[2mms[22m[39m
 [32m笨・[39m src/features/support-plan-guide/components/__tests__/useAcceptedSuggestionsForUser.spec.ts[2m > [22museAcceptedSuggestionsForUser[2m > [22m隍・焚繝ｬ繧ｳ繝ｼ繝峨・隍・焚譌･莉倥°繧画ｭ｣縺励￥髮・ｴ・〒縺阪ｋ[32m 77[2mms[22m[39m
 [32m笨・[39m src/features/support-plan-guide/components/__tests__/useAcceptedSuggestionsForUser.spec.ts[2m > [22museAcceptedSuggestionsForUser[2m > [22m譁ｰ縺励＞鬆・ｼ・imestamp 髯埼・ｼ峨↓荳ｦ縺ｶ[32m 91[2mms[22m[39m
 [32m笨・[39m src/features/planning-sheet/hooks/__tests__/useLatestBehaviorMonitoring.spec.ts[2m > [22museLatestBehaviorMonitoring[2m > [22mPhase3-Check5: repository.listByUser 縺檎ｩｺ驟榊・ 竊・record 縺ｯ null[32m 88[2mms[22m[39m
 [32m笨・[39m src/features/support-plan-guide/components/__tests__/useAcceptedSuggestionsForUser.spec.ts[2m > [22museAcceptedSuggestionsForUser[2m > [22mrepository 繧ｨ繝ｩ繝ｼ譎ゅ↓ error 縺瑚ｿ斐＆繧後ｋ[32m 75[2mms[22m[39m
 [32m笨・[39m src/features/support-plan-guide/components/__tests__/useAcceptedSuggestionsForUser.spec.ts[2m > [22museAcceptedSuggestionsForUser[2m > [22muserId 縺檎ｩｺ譁・ｭ励↑繧臥ｩｺ驟榊・縺ｧ isLoading: false[32m 15[2mms[22m[39m
 [32m笨・[39m src/features/support-plan-guide/components/__tests__/useAcceptedSuggestionsForUser.spec.ts[2m > [22museAcceptedSuggestionsForUser[2m > [22msource 縺・"sharepoint" 縺ｫ縺ｪ繧・[32m 86[2mms[22m[39m
 [32m笨・[39m src/features/support-plan-guide/components/__tests__/useAcceptedSuggestionsForUser.spec.ts[2m > [22mcomputeDateRange[2m > [22mLOOKBACK_DAYS 蛻・・遽・峇繧定ｿ斐☆[32m 3[2mms[22m[39m
 [32m笨・[39m src/features/support-plan-guide/components/__tests__/useAcceptedSuggestionsForUser.spec.ts[2m > [22mcomputeDateRange[2m > [22m0譌･縺ｪ繧・startDate === endDate[32m 1[2mms[22m[39m
 [32m笨・[39m src/features/support-plan-guide/components/__tests__/useAcceptedSuggestionsForUser.spec.ts[2m > [22mcomputeDateRange[2m > [22mLOOKBACK_DAYS 縺・30 縺ｧ縺ゅｋ[32m 1[2mms[22m[39m
 [32m笨・[39m src/features/planning-sheet/hooks/__tests__/useLatestBehaviorMonitoring.spec.ts[2m > [22museLatestBehaviorMonitoring[2m > [22mPhase3-Check6: repository.listByUser 縺後お繝ｩ繝ｼ 竊・error 迥ｶ諷・[32m 63[2mms[22m[39m
 [32m笨・[39m src/features/planning-sheet/hooks/__tests__/useLatestBehaviorMonitoring.spec.ts[2m > [22museLatestBehaviorMonitoring[2m > [22mPhase3-Check7: refetch 縺ｧ謇句虚蜀榊叙蠕励〒縺阪ｋ[32m 85[2mms[22m[39m
 [32m笨・[39m src/auth/__tests__/AuthCallbackRoute.spec.tsx[2m > [22mAuthCallbackRoute[2m > [22mrenders the loading message[32m 44[2mms[22m[39m
 [32m笨・[39m src/auth/__tests__/AuthCallbackRoute.spec.tsx[2m > [22mAuthCallbackRoute[2m > [22mcalls handleRedirectPromise on mount[32m 87[2mms[22m[39m
 [32m笨・[39m src/auth/__tests__/AuthCallbackRoute.spec.tsx[2m > [22mAuthCallbackRoute[2m > [22mnavigates to /dashboard by default after redirect[32m 130[2mms[22m[39m
 [32m笨・[39m src/auth/__tests__/AuthCallbackRoute.spec.tsx[2m > [22mAuthCallbackRoute[2m > [22mnavigates to stored postLoginRedirect path[32m 119[2mms[22m[39m
 [32m笨・[39m src/auth/__tests__/AuthCallbackRoute.spec.tsx[2m > [22mAuthCallbackRoute[2m > [22mremoves postLoginRedirect from sessionStorage after use[32m 79[2mms[22m[39m
 [32m笨・[39m src/auth/__tests__/AuthCallbackRoute.spec.tsx[2m > [22mAuthCallbackRoute[2m > [22mnavigates to /dashboard on error[32m 76[2mms[22m[39m
 [32m笨・[39m src/auth/__tests__/AuthCallbackRoute.spec.tsx[2m > [22mAuthCallbackRoute[2m > [22mlogs the error on failure[32m 78[2mms[22m[39m
[90mstdout[2m | tests/unit/hydration/navigation.lazy-error.spec.tsx[2m > [22m[2mRouteHydrationListener lazy-load error handling[2m > [22m[2mfinalizes the pending span with an error status and recovers on the next navigation
[22m[39mAll spans after lazy import: []

 [32m笨・[39m src/features/support-plan-guide/components/__tests__/AdoptionMetricsPanel.spec.tsx[2m > [22mAdoptionMetricsPanel[2m > [22mLoading 荳ｭ縺ｯ蜿門ｾ嶺ｸｭ繝・く繧ｹ繝医ｒ陦ｨ遉ｺ縺吶ｋ[32m 60[2mms[22m[39m
 [32m笨・[39m src/features/support-plan-guide/components/__tests__/AdoptionMetricsPanel.spec.tsx[2m > [22mAdoptionMetricsPanel[2m > [22m繧ｨ繝ｩ繝ｼ譎ゅ↓繧ｨ繝ｩ繝ｼ繝｡繝・そ繝ｼ繧ｸ繧定｡ｨ遉ｺ縺吶ｋ[32m 7[2mms[22m[39m
 [32m笨・[39m src/features/support-plan-guide/components/__tests__/AdoptionMetricsPanel.spec.tsx[2m > [22mAdoptionMetricsPanel[2m > [22mmetrics 縺・null 縺ｮ縺ｨ縺阪・繝代ロ繝ｫ繧定｡ｨ遉ｺ縺励↑縺・[32m 4[2mms[22m[39m
 [32m笨・[39m src/features/support-plan-guide/components/__tests__/AdoptionMetricsPanel.spec.tsx[2m > [22mAdoptionMetricsPanel[2m > [22mactionedCount = 0 縺ｮ縺ｨ縺阪・繝代ロ繝ｫ繧定｡ｨ遉ｺ縺励↑縺・[32m 4[2mms[22m[39m
 [32m笨・[39m src/features/support-plan-guide/components/__tests__/AdoptionMetricsPanel.spec.tsx[2m > [22mAdoptionMetricsPanel[2m > [22maccept / dismiss / ISP蜿肴丐縺ｮ莉ｶ謨ｰ繧定｡ｨ遉ｺ縺吶ｋ[32m 152[2mms[22m[39m
 [32m笨・[39m src/features/support-plan-guide/components/__tests__/AdoptionMetricsPanel.spec.tsx[2m > [22mAdoptionMetricsPanel[2m > [22m謗｡逕ｨ邇・ｒ繝代・繧ｻ繝ｳ繝郁｡ｨ遉ｺ縺吶ｋ[32m 34[2mms[22m[39m
 [32m笨・[39m src/features/support-plan-guide/components/__tests__/AdoptionMetricsPanel.spec.tsx[2m > [22mAdoptionMetricsPanel[2m > [22mISP蛟呵｣懷渚譏邇・ｒ陦ｨ遉ｺ縺吶ｋ[32m 36[2mms[22m[39m
[90mstdout[2m | tests/unit/hydration/navigation.lazy-error.spec.tsx[2m > [22m[2mRouteHydrationListener lazy-load error handling[2m > [22m[2mfinalizes the pending span with an error status and recovers on the next navigation
[22m[39mSpans after recovery navigation: []

 [32m笨・[39m tests/unit/hydration/navigation.lazy-error.spec.tsx[2m > [22mRouteHydrationListener lazy-load error handling[2m > [22mfinalizes the pending span with an error status and recovers on the next navigation[33m 519[2mms[22m[39m
 [32m笨・[39m tests/unit/AuditPanel.metrics.spec.tsx[2m > [22mAuditPanel metrics attributes[2m > [22mno logs -> no metrics container[32m 109[2mms[22m[39m
 [32m笨・[39m src/features/support-plan-guide/components/__tests__/AdoptionMetricsPanel.spec.tsx[2m > [22mAdoptionMetricsPanel[2m > [22macceptCount = 0 縺ｮ縺ｨ縺・ISP蜿肴丐邇・ヰ繝ｼ繧定｡ｨ遉ｺ縺励↑縺・[32m 29[2mms[22m[39m
 [32m笨・[39m src/features/support-plan-guide/components/__tests__/AdoptionMetricsPanel.spec.tsx[2m > [22mAdoptionMetricsPanel[2m > [22m繝ｫ繝ｼ繝ｫ蛻･螻暮幕繝医げ繝ｫ縺悟虚菴懊☆繧・[32m 77[2mms[22m[39m
 [32m笨・[39m tests/unit/AuditPanel.metrics.spec.tsx[2m > [22mAuditPanel metrics attributes[2m > [22mmixed results (new + duplicates + failed)[32m 207[2mms[22m[39m
 [32m笨・[39m src/features/support-plan-guide/components/__tests__/AdoptionMetricsPanel.spec.tsx[2m > [22mAdoptionMetricsPanel[2m > [22macceptRate >= 70 縺ｧ 泙 繧定｡ｨ遉ｺ縺吶ｋ[32m 34[2mms[22m[39m
 [32m笨・[39m src/features/support-plan-guide/components/__tests__/AdoptionMetricsPanel.spec.tsx[2m > [22mAdoptionMetricsPanel[2m > [22macceptRate 30-69 縺ｧ 泯 繧定｡ｨ遉ｺ縺吶ｋ[32m 36[2mms[22m[39m
 [32m笨・[39m tests/unit/AuditPanel.metrics.spec.tsx[2m > [22mAuditPanel metrics attributes[2m > [22mall duplicates (no new failures)[32m 123[2mms[22m[39m
 [32m笨・[39m src/features/support-plan-guide/components/__tests__/AdoptionMetricsPanel.spec.tsx[2m > [22mAdoptionMetricsPanel[2m > [22macceptRate < 30 縺ｧ 閥 繧定｡ｨ遉ｺ縺吶ｋ[32m 73[2mms[22m[39m
 [32m笨・[39m src/features/support-plan-guide/components/__tests__/AdoptionMetricsPanel.spec.tsx[2m > [22mAdoptionMetricsPanel[2m > [22m菴取治逕ｨ邇・Ν繝ｼ繝ｫ縺ｫ 笞・・繧定｡ｨ遉ｺ縺吶ｋ[32m 39[2mms[22m[39m
 [32m笨・[39m tests/unit/AuditPanel.metrics.spec.tsx[2m > [22mAuditPanel metrics attributes[2m > [22mall failed[32m 148[2mms[22m[39m
 [32m笨・[39m src/pages/__tests__/MeetingGuidePage.test.tsx[2m > [22mMeetingGuidePage[2m > [22mPhase 3邨ｱ蜷茨ｼ嗽seMeetingSteps hook 縺ｨMeetingStepsChecklist縺梧ｭ｣蟶ｸ縺ｫ蜍穂ｽ懊☆繧・[33m 517[2mms[22m[39m
 [32m笨・[39m src/pages/__tests__/MeetingGuidePage.test.tsx[2m > [22mMeetingGuidePage[2m > [22m譛昜ｼ壹・螟穂ｼ壹ち繝悶・蛻・ｊ譖ｿ縺医′蜍穂ｽ懊☆繧・[32m 232[2mms[22m[39m
 [32m笨・[39m src/pages/__tests__/MeetingGuidePage.test.tsx[2m > [22mMeetingGuidePage[2m > [22m繝√ぉ繝・け繧貞・縺ｦ繧ｯ繝ｪ繧｢繝懊ち繝ｳ縺悟虚菴懊☆繧・[32m 78[2mms[22m[39m
 [32m笨・[39m src/pages/__tests__/MeetingGuidePage.test.tsx[2m > [22mMeetingGuidePage[2m > [22museMeetingSteps hook縺九ｉ縺ｮsteps繝・・繧ｿ縺瑚｡ｨ遉ｺ縺輔ｌ繧・[32m 56[2mms[22m[39m
 [32m笨・[39m src/features/support-plan-guide/hooks/__tests__/useAdoptionMetrics.spec.ts[2m > [22museAdoptionMetrics[2m > [22m遨ｺ縺ｮ userId 縺ｧ蜊ｳ蠎ｧ縺ｫ null 繧定ｿ斐☆[32m 35[2mms[22m[39m
[90mstdout[2m | src/features/nurse/routes/__tests__/NurseRoutes.spec.tsx
[22m[39m[MSAL ENV] Validated successfully

 [32m笨・[39m src/features/support-plan-guide/hooks/__tests__/useAdoptionMetrics.spec.ts[2m > [22museAdoptionMetrics[2m > [22m繧｢繧ｯ繧ｷ繝ｧ繝ｳ縺・莉ｶ縺ｮ蝣ｴ蜷医√ぞ繝ｭ縺ｮ metrics 繧定ｿ斐☆[32m 81[2mms[22m[39m
 [32m笨・[39m src/features/support-plan-guide/hooks/__tests__/useAdoptionMetrics.spec.ts[2m > [22museAdoptionMetrics[2m > [22maccept / dismiss 繧偵き繧ｦ繝ｳ繝医＠縺ｦ髮・ｨ医☆繧・[32m 84[2mms[22m[39m
 [32m笨・[39m src/features/support-plan-guide/hooks/__tests__/useAdoptionMetrics.spec.ts[2m > [22museAdoptionMetrics[2m > [22m莉悶Θ繝ｼ繧ｶ繝ｼ縺ｮ繧｢繧ｯ繧ｷ繝ｧ繝ｳ縺ｯ髯､螟悶☆繧・[32m 68[2mms[22m[39m
 [32m笨・[39m src/features/support-plan-guide/hooks/__tests__/useAdoptionMetrics.spec.ts[2m > [22museAdoptionMetrics[2m > [22mISP 蜿肴丐邇・ｒ豁｣縺励￥險育ｮ励☆繧・[32m 80[2mms[22m[39m
 [32m笨・[39m src/features/support-plan-guide/hooks/__tests__/useAdoptionMetrics.spec.ts[2m > [22museAdoptionMetrics[2m > [22m繧ｨ繝ｩ繝ｼ譎ゅ↓ error 繧定ｿ斐☆[32m 81[2mms[22m[39m
 [32m笨・[39m src/features/support-plan-guide/hooks/__tests__/useAdoptionMetrics.spec.ts[2m > [22museAdoptionMetrics[2m > [22m繝ｫ繝ｼ繝ｫ蛻･髮・ｨ医′蜷ｫ縺ｾ繧後ｋ[32m 85[2mms[22m[39m
 [32m笨・[39m src/features/today/widgets/ActionCard.spec.tsx[2m > [22mActionCard[2m > [22mrenders correctly with given priority[32m 119[2mms[22m[39m
 [32m笨・[39m src/features/today/widgets/ActionCard.spec.tsx[2m > [22mActionCard[2m > [22mdisplays attention elements for P0 urgency[32m 31[2mms[22m[39m
 [32m笨・[39m src/features/today/widgets/ActionCard.spec.tsx[2m > [22mActionCard[2m > [22mdisplays overdue chip when isOverdue is true[32m 32[2mms[22m[39m
 [32m笨・[39m src/features/today/widgets/ActionCard.spec.tsx[2m > [22mActionCard[2m > [22mcalls onClick when clicking the card itself[32m 45[2mms[22m[39m
 [32m笨・[39m src/features/schedules/components/__tests__/TimelineItem.spec.tsx[2m > [22mTimelineItem 窶・basic rendering[2m > [22mrenders the title[32m 176[2mms[22m[39m
 [32m笨・[39m src/features/schedules/components/__tests__/TimelineItem.spec.tsx[2m > [22mTimelineItem 窶・basic rendering[2m > [22mrenders the time label[32m 12[2mms[22m[39m
 [32m笨・[39m src/features/schedules/components/__tests__/TimelineItem.spec.tsx[2m > [22mTimelineItem 窶・basic rendering[2m > [22mrenders a secondary text when provided[32m 11[2mms[22m[39m
 [32m笨・[39m src/features/schedules/components/__tests__/TimelineItem.spec.tsx[2m > [22mTimelineItem 窶・basic rendering[2m > [22mdoes not render secondary section when omitted[32m 10[2mms[22m[39m
 [32m笨・[39m src/features/schedules/components/__tests__/TimelineItem.spec.tsx[2m > [22mTimelineItem 窶・basic rendering[2m > [22mrenders statusReason when provided[32m 11[2mms[22m[39m
 [32m笨・[39m src/features/schedules/components/__tests__/TimelineItem.spec.tsx[2m > [22mTimelineItem 窶・basic rendering[2m > [22mtrims leading/trailing whitespace from statusReason[32m 8[2mms[22m[39m
 [32m笨・[39m src/features/schedules/components/__tests__/TimelineItem.spec.tsx[2m > [22mTimelineItem 窶・status badge[2m > [22mdoes NOT render a badge for Planned status (default)[32m 30[2mms[22m[39m
 [32m笨・[39m src/features/schedules/components/__tests__/TimelineItem.spec.tsx[2m > [22mTimelineItem 窶・status badge[2m > [22mrenders 蟒ｶ譛・badge for Postponed status[32m 14[2mms[22m[39m
 [32m笨・[39m src/features/schedules/components/__tests__/TimelineItem.spec.tsx[2m > [22mTimelineItem 窶・status badge[2m > [22mrenders 荳ｭ豁｢ badge for Cancelled status[32m 9[2mms[22m[39m
 [32m笨・[39m src/features/schedules/components/__tests__/TimelineItem.spec.tsx[2m > [22mTimelineItem 窶・status badge[2m > [22mdoes not render a badge when status is undefined[32m 9[2mms[22m[39m
 [32m笨・[39m src/features/schedules/components/__tests__/TimelineItem.spec.tsx[2m > [22mTimelineItem 窶・warning indicator[2m > [22mrenders warning indicator when hasWarning is true[32m 9[2mms[22m[39m
 [32m笨・[39m src/features/schedules/components/__tests__/TimelineItem.spec.tsx[2m > [22mTimelineItem 窶・warning indicator[2m > [22mdoes NOT render warning indicator when hasWarning is false[32m 5[2mms[22m[39m
 [32m笨・[39m src/features/schedules/components/__tests__/TimelineItem.spec.tsx[2m > [22mTimelineItem 窶・warning indicator[2m > [22mdoes NOT render warning indicator when hasWarning is omitted[32m 5[2mms[22m[39m
 [32m笨・[39m src/features/schedules/components/__tests__/TimelineItem.spec.tsx[2m > [22mTimelineItem 窶・warning indicator[2m > [22muses custom warningLabel as the aria-label and title[32m 7[2mms[22m[39m
 [32m笨・[39m src/features/schedules/components/__tests__/TimelineItem.spec.tsx[2m > [22mTimelineItem 窶・warning indicator[2m > [22mfalls back to default text when warningLabel is omitted[32m 8[2mms[22m[39m
 [32m笨・[39m src/features/today/widgets/ActionCard.spec.tsx[2m > [22mActionCard[2m > [22mcalls onClick when clicking the action icon button[32m 125[2mms[22m[39m
 [32m笨・[39m src/features/today/widgets/ActionCard.spec.tsx[2m > [22mActionCard[2m > [22mcorrective_action 縺ｧ縺ｯ dismiss/snooze 繝｡繝九Η繝ｼ繧定｡ｨ遉ｺ縺励※謫堺ｽ懊〒縺阪ｋ[33m 315[2mms[22m[39m
 [32m笨・[39m src/features/schedules/components/__tests__/TimelineItem.spec.tsx[2m > [22mTimelineItem 窶・acceptance info[2m > [22mshows 蜿励￠蜈･繧・ 譛ｪ逋ｻ骭ｲ when no accepted info is given[32m 83[2mms[22m[39m
 [32m笨・[39m src/features/schedules/components/__tests__/TimelineItem.spec.tsx[2m > [22mTimelineItem 窶・acceptance info[2m > [22mrenders acceptedBy without a date[32m 7[2mms[22m[39m
 [32m笨・[39m src/features/schedules/components/__tests__/TimelineItem.spec.tsx[2m > [22mTimelineItem 窶・acceptance info[2m > [22mrenders acceptedBy and formatted date together[32m 20[2mms[22m[39m
 [32m笨・[39m src/features/schedules/components/__tests__/TimelineItem.spec.tsx[2m > [22mTimelineItem 窶・acceptance info[2m > [22mhandles unparseable acceptedOn by slicing to 16 chars[32m 14[2mms[22m[39m
 [32m笨・[39m src/features/schedules/components/__tests__/TimelineItem.spec.tsx[2m > [22mTimelineItem 窶・acceptance info[2m > [22mshows no acceptance info section when acceptedBy/acceptedOn/acceptedNote are all absent[32m 23[2mms[22m[39m
 [32m笨・[39m src/features/schedules/components/__tests__/TimelineItem.spec.tsx[2m > [22mTimelineItem 窶・compact mode[2m > [22mrenders without error in compact mode[32m 10[2mms[22m[39m
 [32m笨・[39m src/features/schedules/components/__tests__/TimelineItem.spec.tsx[2m > [22mTimelineItem 窶・compact mode[2m > [22mrenders without error in normal (non-compact) mode[32m 6[2mms[22m[39m
 [32m笨・[39m src/features/schedules/components/__tests__/TimelineItem.spec.tsx[2m > [22mTimelineItem 窶・compact mode[2m > [22mcompact mode still shows warning indicator[32m 5[2mms[22m[39m
 [32m笨・[39m src/features/schedules/components/__tests__/TimelineItem.spec.tsx[2m > [22mTimelineItem 窶・compact mode[2m > [22mcompact mode still shows status badge for Cancelled[32m 6[2mms[22m[39m
 [32m笨・[39m src/features/schedules/components/__tests__/TimelineItem.spec.tsx[2m > [22mTimelineItem 窶・accessibility[2m > [22mrenders aria-hidden decorative elements[32m 6[2mms[22m[39m
 [32m笨・[39m src/features/schedules/components/__tests__/TimelineItem.spec.tsx[2m > [22mTimelineItem 窶・accessibility[2m > [22macceptance area has aria-label 蜿励￠蜈･繧梧ュ蝣ｱ when accepted[32m 21[2mms[22m[39m
 [32m笨・[39m src/features/handoff/__tests__/HandoffWeekView.spec.tsx[2m > [22mHandoffWeekView[2m > [22m繝ｭ繝ｼ繝・ぅ繝ｳ繧ｰ譎ゅ↓繧ｹ繝斐リ繝ｼ繧定｡ｨ遉ｺ縺吶ｋ[32m 224[2mms[22m[39m
 [32m笨・[39m src/features/handoff/__tests__/HandoffWeekView.spec.tsx[2m > [22mHandoffWeekView[2m > [22m繧ｨ繝ｩ繝ｼ譎ゅ↓繧｢繝ｩ繝ｼ繝医ｒ陦ｨ遉ｺ縺吶ｋ[32m 28[2mms[22m[39m
 [32m笨・[39m src/features/nurse/routes/__tests__/NurseRoutes.spec.tsx[2m > [22mNurseObservationPage ?user= contract[2m > [22mdisplays passed user from query parameter[33m 437[2mms[22m[39m
 [32m笨・[39m src/features/nurse/routes/__tests__/NurseRoutes.spec.tsx[2m > [22mNurseObservationPage ?user= contract[2m > [22mfalls back to I000 when no user query is provided[32m 181[2mms[22m[39m
 [32m笨・[39m src/features/handoff/__tests__/HandoffWeekView.spec.tsx[2m > [22mHandoffWeekView[2m > [22m驕主悉譌･縺ｧ譛ｪ蟇ｾ蠢懊≠繧翫・譌･縺ｫ縲娯國 譛ｪ蟇ｾ蠢懊阪ヰ繝・ず繧定｡ｨ遉ｺ縺吶ｋ[32m 111[2mms[22m[39m
 [32m笨・[39m src/features/handoff/__tests__/HandoffWeekView.spec.tsx[2m > [22mHandoffWeekView[2m > [22m莉頑律縺ｮ譛ｪ蟇ｾ蠢懊・騾壼ｸｸ繝舌ャ繧ｸ (笞縺ｪ縺・ 縺ｧ陦ｨ遉ｺ縺吶ｋ[32m 40[2mms[22m[39m
 [32m笨・[39m src/features/handoff/__tests__/HandoffWeekView.spec.tsx[2m > [22mHandoffWeekView[2m > [22m驕主悉譌･縺ｧ蜈ｨ莉ｶ蟇ｾ蠢懈ｸ医∩縺ｮ譌･縺ｫ 笨・蟇ｾ蠢懈ｸ医∩繧定｡ｨ遉ｺ縺吶ｋ[32m 16[2mms[22m[39m
 [32m笨・[39m src/features/handoff/__tests__/HandoffWeekView.spec.tsx[2m > [22mHandoffWeekView[2m > [22m驕主悉譌･縺ｧ莉ｶ謨ｰ0縺ｮ譌･縺ｫ縺ｯ 笨・蟇ｾ蠢懈ｸ医∩繧定｡ｨ遉ｺ縺励↑縺・[32m 12[2mms[22m[39m
 [32m笨・[39m src/features/handoff/__tests__/HandoffWeekView.spec.tsx[2m > [22mHandoffWeekView[2m > [22m騾ｱ繧ｵ繝槭Μ繝ｼ繝舌・縺ｫ驕主悉縺ｮ谿倶ｻｶ隴ｦ蜻翫ｒ陦ｨ遉ｺ縺吶ｋ[32m 27[2mms[22m[39m
[90mstdout[2m | tests/unit/spClient.ensureList.spec.ts
[22m[39m[MSAL ENV] Validated successfully

 [32m笨・[39m src/features/handoff/__tests__/HandoffWeekView.spec.tsx[2m > [22mHandoffWeekView[2m > [22m莉頑律縺ｮ譛ｪ蟇ｾ蠢懊□縺代〒縺ｯ谿倶ｻｶ隴ｦ蜻翫ｒ蜃ｺ縺輔↑縺・[32m 18[2mms[22m[39m
 [32m笨・[39m src/features/handoff/__tests__/HandoffWeekView.spec.tsx[2m > [22mHandoffWeekView[2m > [22m譌･繧ｫ繝ｼ繝峨け繝ｪ繝・け縺ｧ繧ｳ繝ｼ繝ｫ繝舌ャ繧ｯ縺悟他縺ｰ繧後ｋ[32m 24[2mms[22m[39m
 [32m笨・[39m src/features/handoff/__tests__/HandoffWeekView.spec.tsx[2m > [22mHandoffWeekView[2m > [22m譛ｪ譚･譌･縺ｮ繧ｫ繝ｼ繝峨・繧ｯ繝ｪ繝・け縺ｧ縺阪↑縺・[32m 15[2mms[22m[39m
[90mstdout[2m | src/features/meeting/__tests__/MeetingSync.int.test.tsx
[22m[39m[MSAL ENV] Validated successfully

 [32m笨・[39m src/features/users/UsersPanel/UsersList.layout.test.tsx[2m > [22mUsersList layout contract[2m > [22mkeeps table horizontally scrollable with non-wrapping critical headers[33m 560[2mms[22m[39m
[90mstdout[2m | tests/smoke/router.flags.spec.tsx
[22m[39m[MSAL ENV] Validated successfully

[90mstdout[2m | src/features/meeting/__tests__/MeetingSync.int.test.tsx[2m > [22m[2mPhase 5B: MeetingGuidePage 竊・MeetingGuideDrawer 繝ｪ繧｢繝ｫ繧ｿ繧､繝蜷梧悄[2m > [22m[2m蜿ｸ莨壹ン繝･繝ｼ縺ｧ縺ｮ繧ｹ繝・ャ繝怜・繧頑崛縺医′Drawer縺ｫ蜊ｳ蠎ｧ縺ｫ蜿肴丐縺輔ｌ繧・[22m[39m[2026-04-04 12:18:11] [MeetingPriority] [info] priority.load - loaded 1 priority users for "2025-11-18_morning" (morning) { sessionKey: [32m'2025-11-18_morning'[39m, kind: [32m'morning'[39m, count: [33m1[39m }
[2026-04-04 12:18:11] [MeetingPriority] [info] priority.load - loaded 1 priority users for "2025-11-18_morning" (morning) { sessionKey: [32m'2025-11-18_morning'[39m, kind: [32m'morning'[39m, count: [33m1[39m }

 [32m笨・[39m src/features/meeting/__tests__/MeetingSync.int.test.tsx[2m > [22mPhase 5B: MeetingGuidePage 竊・MeetingGuideDrawer 繝ｪ繧｢繝ｫ繧ｿ繧､繝蜷梧悄[2m > [22m蜿ｸ莨壹ン繝･繝ｼ縺ｧ縺ｮ繧ｹ繝・ャ繝怜・繧頑崛縺医′Drawer縺ｫ蜊ｳ蠎ｧ縺ｫ蜿肴丐縺輔ｌ繧・[33m 710[2mms[22m[39m
[90mstdout[2m | tests/unit/weekview.service-summary.spec.tsx
[22m[39m[MSAL ENV] Validated successfully

 [32m笨・[39m src/features/meeting/__tests__/MeetingSync.int.test.tsx[2m > [22mPhase 5B: MeetingGuidePage 竊・MeetingGuideDrawer 繝ｪ繧｢繝ｫ繧ｿ繧､繝蜷梧悄[2m > [22m譛昜ｼ壹→螟穂ｼ壹・繧ｻ繝・す繝ｧ繝ｳ縺檎峡遶九＠縺ｦ縺・ｋ[32m 106[2mms[22m[39m
 [32m笨・[39m src/features/meeting/__tests__/MeetingSync.int.test.tsx[2m > [22mPhase 5B: MeetingGuidePage 竊・MeetingGuideDrawer 繝ｪ繧｢繝ｫ繧ｿ繧､繝蜷梧悄[2m > [22m繧ｨ繝ｩ繝ｼ迥ｶ諷九′荳｡繝薙Η繝ｼ縺ｫ驕ｩ蛻・↓蜿肴丐縺輔ｌ繧・[32m 51[2mms[22m[39m
[90mstdout[2m | tests/unit/spClient.ensureList.spec.ts[2m > [22m[2mspClient ensureListExists[2m > [22m[2mreturns existing list metadata when the list is already provisioned
[22m[39m[DriftActionDispatcher] Initialized and subscribed to drift events.
[DriftNotificationHandler] Webhook URL not configured. Notifications disabled.

 [32m笨・[39m tests/unit/spClient.ensureList.spec.ts[2m > [22mspClient ensureListExists[2m > [22mreturns existing list metadata when the list is already provisioned[32m 14[2mms[22m[39m
 [32m笨・[39m tests/unit/spClient.ensureList.spec.ts[2m > [22mspClient ensureListExists[2m > [22mcreates the list and adds missing fields[33m 493[2mms[22m[39m
 [32m笨・[39m tests/unit/spClient.ensureList.spec.ts[2m > [22mspClient ensureListExists[2m > [22mskips adding fields that already exist on the target list[32m 3[2mms[22m[39m
 [32m笨・[39m tests/unit/spClient.ensureList.spec.ts[2m > [22mspClient ensureListExists[2m > [22memits default values for supported field schemas[32m 1[2mms[22m[39m
 [32m笨・[39m tests/unit/spClient.ensureList.spec.ts[2m > [22mspClient ensureListExists[2m > [22mwarns when an existing field misses the required flag[32m 5[2mms[22m[39m
[90mstdout[2m | tests/unit/spClient.batch.spec.ts
[22m[39m[MSAL ENV] Validated successfully

 [32m笨・[39m tests/unit/env.coercion.more.spec.ts[2m > [22misSchedulesFeatureEnabled via process env toggles[2m > [22mcoerces VITE_FEATURE_SCHEDULES="1"[32m 34[2mms[22m[39m
 [32m笨・[39m tests/unit/env.coercion.more.spec.ts[2m > [22misSchedulesFeatureEnabled via process env toggles[2m > [22mcoerces VITE_FEATURE_SCHEDULES="0"[32m 24[2mms[22m[39m
 [32m笨・[39m tests/unit/env.coercion.more.spec.ts[2m > [22misSchedulesFeatureEnabled via process env toggles[2m > [22mcoerces VITE_FEATURE_SCHEDULES="true"[32m 25[2mms[22m[39m
 [32m笨・[39m tests/unit/env.coercion.more.spec.ts[2m > [22misSchedulesFeatureEnabled via process env toggles[2m > [22mcoerces VITE_FEATURE_SCHEDULES="false"[32m 27[2mms[22m[39m
 [32m笨・[39m tests/unit/env.coercion.more.spec.ts[2m > [22misSchedulesFeatureEnabled via process env toggles[2m > [22mcoerces VITE_FEATURE_SCHEDULES="yes"[32m 28[2mms[22m[39m
 [32m笨・[39m tests/unit/env.coercion.more.spec.ts[2m > [22misSchedulesFeatureEnabled via process env toggles[2m > [22mcoerces VITE_FEATURE_SCHEDULES="no"[32m 30[2mms[22m[39m
 [32m笨・[39m tests/unit/env.coercion.more.spec.ts[2m > [22misSchedulesFeatureEnabled via process env toggles[2m > [22mcoerces VITE_FEATURE_SCHEDULES=""[32m 29[2mms[22m[39m
 [32m笨・[39m tests/unit/contracts/contract.spec.ts[2m > [22mContract: SP Direct Access Prevention[2m > [22musers/ 窶・no spClient or @pnp/sp import outside infra/[32m 70[2mms[22m[39m
 [32m笨・[39m tests/unit/env.coercion.more.spec.ts[2m > [22misSchedulesFeatureEnabled via process env toggles[2m > [22mcoerces VITE_FEATURE_SCHEDULES=undefined[32m 27[2mms[22m[39m
 [32m笨・[39m tests/unit/env.coercion.more.spec.ts[2m > [22mSharePoint scope precedence[2m > [22mderives scope from resource when default is blank[32m 35[2mms[22m[39m
 [32m笨・[39m tests/unit/env.coercion.more.spec.ts[2m > [22mSharePoint scope precedence[2m > [22mreturns explicit default without emitting warnings[32m 29[2mms[22m[39m
 [32m笨・[39m tests/unit/env.coercion.more.spec.ts[2m > [22mSharePoint scope precedence[2m > [22mthrows when neither scope nor valid resource is provided[32m 33[2mms[22m[39m
 [32m笨・[39m tests/unit/env.coercion.more.spec.ts[2m > [22mSharePoint scope precedence[2m > [22muses placeholder scope when skip login is enabled[32m 26[2mms[22m[39m
 [32m笨・[39m tests/unit/env.coercion.more.spec.ts[2m > [22mSharePoint scope precedence[2m > [22mreuses SharePoint scope from MSAL scopes when default missing[32m 30[2mms[22m[39m
 [32m笨・[39m tests/unit/env.coercion.more.spec.ts[2m > [22mscope helpers and identity sanitization[2m > [22mlogs parse errors when scope value cannot be tokenized[32m 24[2mms[22m[39m
 [32m笨・[39m tests/unit/env.coercion.more.spec.ts[2m > [22mscope helpers and identity sanitization[2m > [22mdedupes identity scopes and ignores unsupported ones[32m 26[2mms[22m[39m
 [32m笨・[39m tests/unit/contracts/contract.spec.ts[2m > [22mContract: SP Direct Access Prevention[2m > [22mschedules/ 窶・no spClient or @pnp/sp import outside infra/[32m 55[2mms[22m[39m
 [31mﾃ・[39m tests/unit/contracts/contract.spec.ts[2m > [22mContract: SP Direct Access Prevention[2m > [22mdaily/ 窶・no spClient or @pnp/sp import outside infra/[32m 288[2mms[22m[39m
[31m   竊・SP direct access found outside infra/ in daily/:
daily\repositories\sharepoint\SharePointActivityDiaryRepository.ts:2 竊・import { createSpClient, ensureConfig } from '@/lib/spClient';: expected [ Array(1) ] to deeply equal [][39m
 [32m笨・[39m tests/unit/contracts/contract.spec.ts[2m > [22mContract: SP Direct Access Prevention[2m > [22mattendance/ 窶・no spClient or @pnp/sp import outside infra/[32m 27[2mms[22m[39m
 [32m笨・[39m tests/unit/contracts/contract.spec.ts[2m > [22mContract: Domain SSOT 窶・schema.ts is the only type source[2m > [22musers/domain/ 窶・no export interface outside schema.ts[32m 3[2mms[22m[39m
 [32m笨・[39m tests/unit/contracts/contract.spec.ts[2m > [22mContract: Domain SSOT 窶・schema.ts is the only type source[2m > [22mschedules/domain/ 窶・no export interface outside schema.ts[32m 5[2mms[22m[39m
 [31mﾃ・[39m tests/unit/contracts/contract.spec.ts[2m > [22mContract: Domain SSOT 窶・schema.ts is the only type source[2m > [22mdaily/domain/ 窶・no export interface outside schema.ts[32m 18[2mms[22m[39m
[31m   竊・Interface/type definitions found outside schema.ts in daily/domain/.
Move to schema.ts and use z.infer, or add "// contract:allow-interface":
daily\domain\builders\buildDailyRecordPayload.ts:3 竊・export interface SharePointDailyRecordPayload {
daily\domain\legacy\ActivityDiaryRepository.ts:5 竊・export interface ActivityDiaryRecord {
daily\domain\legacy\ActivityDiaryRepository.ts:23 竊・export interface ActivityDiaryUpsert {
daily\domain\legacy\ActivityDiaryRepository.ts:42 竊・export interface ActivityDiaryRepository {: expected [ 窶ｦ(4) ] to deeply equal [][39m
 [32m笨・[39m tests/unit/contracts/contract.spec.ts[2m > [22mContract: Domain SSOT 窶・schema.ts is the only type source[2m > [22mattendance/domain/ 窶・no export interface outside schema.ts[32m 3[2mms[22m[39m
 [32m笨・[39m tests/unit/contracts/contract.spec.ts[2m > [22mContract: Orchestrator/Form file size 竕､ 600 lines[2m > [22musers\UserForm.tsx 竕､ 600 lines[32m 1[2mms[22m[39m
 [32m笨・[39m tests/unit/contracts/contract.spec.ts[2m > [22mContract: Orchestrator/Form file size 竕､ 600 lines[2m > [22musers\UsersPanel\UsersCreateForm.tsx 竕､ 600 lines[32m 1[2mms[22m[39m
 [32m笨・[39m tests/unit/contracts/contract.spec.ts[2m > [22mContract: Orchestrator/Form file size 竕､ 600 lines[2m > [22mschedules\hooks\orchestrators\useScheduleActionOrchestrator.ts 竕､ 600 lines[32m 1[2mms[22m[39m
 [32m笨・[39m tests/unit/contracts/contract.spec.ts[2m > [22mContract: Orchestrator/Form file size 竕､ 600 lines[2m > [22mschedules\hooks\orchestrators\useWeekPageOrchestrator.ts 竕､ 600 lines[32m 1[2mms[22m[39m
 [32m笨・[39m tests/unit/contracts/contract.spec.ts[2m > [22mContract: Orchestrator/Form file size 竕､ 600 lines[2m > [22mdaily\components\forms\BulkDailyRecordForm.tsx 竕､ 600 lines[32m 1[2mms[22m[39m
 [32m笨・[39m tests/unit/contracts/contract.spec.ts[2m > [22mContract: Orchestrator/Form file size 竕､ 600 lines[2m > [22mdaily\components\forms\DailyRecordForm.tsx 竕､ 600 lines[32m 1[2mms[22m[39m
 [32m笨・[39m tests/unit/contracts/contract.spec.ts[2m > [22mContract: Orchestrator/Form file size 竕､ 600 lines[2m > [22mdaily\components\forms\TableDailyRecordForm.tsx 竕､ 600 lines[32m 1[2mms[22m[39m
 [32m笨・[39m tests/unit/contracts/contract.spec.ts[2m > [22mContract: Orchestrator/Form file size 竕､ 600 lines[2m > [22mdaily\forms\BulkDailyRecordForm.tsx 竕､ 600 lines[32m 1[2mms[22m[39m
 [32m笨・[39m tests/unit/contracts/contract.spec.ts[2m > [22mContract: Orchestrator/Form file size 竕､ 600 lines[2m > [22mdaily\forms\DailyRecordForm.tsx 竕､ 600 lines[32m 1[2mms[22m[39m
 [32m笨・[39m tests/unit/contracts/contract.spec.ts[2m > [22mContract: Orchestrator/Form file size 竕､ 600 lines[2m > [22mdaily\forms\TableDailyRecordForm.tsx 竕､ 600 lines[32m 1[2mms[22m[39m
 [32m笨・[39m tests/unit/contracts/contract.spec.ts[2m > [22mContract: Orchestrator/Form file size 竕､ 600 lines[2m > [22mdaily\hooks\orchestrators\useTableDailyRecordHydrationOrchestrator.ts 竕､ 600 lines[32m 1[2mms[22m[39m
 [32m笨・[39m tests/unit/contracts/contract.spec.ts[2m > [22mContract: Orchestrator/Form file size 竕､ 600 lines[2m > [22mdaily\hooks\orchestrators\useTableDailyRecordSaveOrchestrator.ts 竕､ 600 lines[32m 1[2mms[22m[39m
[90mstdout[2m | tests/unit/spClient.retry504.spec.ts
[22m[39m[MSAL ENV] Validated successfully

 [2m[90m竊・[39m[22m tests/unit/DailyTableSupportHint.spec.tsx[2m > [22mTableDailyRecordTable Support Hints[2m > [22mdisplays support icons when highlights exist (stale: UI elements removed)
 [2m[90m竊・[39m[22m tests/unit/DailyTableSupportHint.spec.tsx[2m > [22mTableDailyRecordTable Support Hints[2m > [22mshows the correct tooltip text on hover (stale: UI elements removed)
 [2m[90m竊・[39m[22m tests/unit/DailyTableSupportHint.spec.tsx[2m > [22mTableDailyRecordTable Support Hints[2m > [22mdisplays helper text and hint icon in TextField (stale: UI elements removed)
 [32m笨・[39m tests/unit/DailyTableSupportHint.spec.tsx[2m > [22mTableDailyRecordTable Support Hints[2m > [22mdoes not include hint data in the onRowDataChange payload[33m 544[2mms[22m[39m
 [32m笨・[39m tests/unit/a11y.records-users.composite.spec.tsx[2m > [22mComposite accessibility smoke (records + users)[2m > [22mhas no detectable violations when RecordList and UsersPanel render together[33m 529[2mms[22m[39m
 [32m笨・[39m tests/unit/AuditPanel.dev.spec.tsx[2m > [22mAuditPanel dev mode interactions[2m > [22mexposes dev metrics overlay and debug attributes[33m 375[2mms[22m[39m
[90mstdout[2m | tests/unit/spClient.batch.spec.ts[2m > [22m[2m$batch retry + parse[2m > [22m[2m503 -> retry then 200 success, mixed statuses returned
[22m[39m[DriftActionDispatcher] Initialized and subscribed to drift events.
[DriftNotificationHandler] Webhook URL not configured. Notifications disabled.

 [32m笨・[39m tests/unit/spClient.batch.spec.ts[2m > [22m$batch retry + parse[2m > [22m503 -> retry then 200 success, mixed statuses returned[33m 393[2mms[22m[39m
[90mstdout[2m | tests/unit/spClient.retry504.spec.ts[2m > [22m[2mspClient retry for 504 Gateway Timeout[2m > [22m[2mretries once on 504 then succeeds
[22m[39m[DriftActionDispatcher] Initialized and subscribed to drift events.
[DriftNotificationHandler] Webhook URL not configured. Notifications disabled.

 [32m笨・[39m tests/unit/spClient.retry504.spec.ts[2m > [22mspClient retry for 504 Gateway Timeout[2m > [22mretries once on 504 then succeeds[33m 437[2mms[22m[39m
[90mstdout[2m | tests/unit/spClient.postBatch.spec.ts
[22m[39m[MSAL ENV] Validated successfully

[90mstdout[2m | tests/unit/spClient.retryRetryAfterDate.spec.ts
[22m[39m[MSAL ENV] Validated successfully

[90mstdout[2m | tests/unit/DataIntegrityPage.spec.tsx
[22m[39m[MSAL ENV] Validated successfully

 [32m笨・[39m src/features/today/widgets/NextActionCard.spec.tsx[2m > [22mNextActionCard 窶・繝翫ン繧ｲ繝ｼ繧ｷ繝ｧ繝ｳ CTA[2m > [22mhas data-testid[32m 128[2mms[22m[39m
 [32m笨・[39m src/features/today/widgets/NextActionCard.spec.tsx[2m > [22mNextActionCard 窶・繝翫ン繧ｲ繝ｼ繧ｷ繝ｧ繝ｳ CTA[2m > [22mshows schedule item as context (time, title, owner)[32m 30[2mms[22m[39m
 [32m笨・[39m src/features/today/widgets/NextActionCard.spec.tsx[2m > [22mNextActionCard 窶・繝翫ン繧ｲ繝ｼ繧ｷ繝ｧ繝ｳ CTA[2m > [22mshows navigation CTA button instead of Start button[32m 14[2mms[22m[39m
 [32m笨・[39m src/features/today/widgets/NextActionCard.spec.tsx[2m > [22mNextActionCard 窶・繝翫ン繧ｲ繝ｼ繧ｷ繝ｧ繝ｳ CTA[2m > [22mcalls onNavigate with resolved href when navigation CTA is clicked[32m 23[2mms[22m[39m
 [32m笨・[39m src/features/today/widgets/NextActionCard.spec.tsx[2m > [22mNextActionCard 窶・繝翫ン繧ｲ繝ｼ繧ｷ繝ｧ繝ｳ CTA[2m > [22mformats hours correctly[32m 13[2mms[22m[39m
 [32m笨・[39m src/features/today/widgets/NextActionCard.spec.tsx[2m > [22mNextActionCard 窶・繝翫ン繧ｲ繝ｼ繧ｷ繝ｧ繝ｳ CTA[2m > [22mshows completion message when no next action[32m 13[2mms[22m[39m
 [32m笨・[39m src/features/today/widgets/NextActionCard.spec.tsx[2m > [22mNextActionCard 窶・Scene CTA[2m > [22mshows scene CTA when sceneAction has priority[32m 46[2mms[22m[39m
 [32m笨・[39m src/features/today/widgets/NextActionCard.spec.tsx[2m > [22mNextActionCard 窶・Scene CTA[2m > [22mshows scene reasons as chips[32m 21[2mms[22m[39m
 [32m笨・[39m src/features/today/widgets/NextActionCard.spec.tsx[2m > [22mNextActionCard 窶・Scene CTA[2m > [22mcalls onSceneAction when CTA is clicked[32m 18[2mms[22m[39m
 [32m笨・[39m src/features/today/widgets/NextActionCard.spec.tsx[2m > [22mNextActionCard 窶・Scene CTA[2m > [22mshows scene label chip[32m 18[2mms[22m[39m
 [32m笨・[39m src/features/today/widgets/NextActionCard.spec.tsx[2m > [22mNextActionCard 窶・Scene CTA[2m > [22mdoes NOT show scene CTA when priority is low[32m 11[2mms[22m[39m
 [32m笨・[39m src/features/today/widgets/NextActionCard.spec.tsx[2m > [22mNextActionCard 窶・overdue 陦ｨ遉ｺ (#852)[2m > [22mshows overdue chip when sceneState is overdue[32m 31[2mms[22m[39m
 [32m笨・[39m src/features/today/widgets/NextActionCard.spec.tsx[2m > [22mNextActionCard 窶・overdue 陦ｨ遉ｺ (#852)[2m > [22mshows overdue time instead of time remaining for overdue items[32m 14[2mms[22m[39m
 [32m笨・[39m src/features/today/widgets/NextActionCard.spec.tsx[2m > [22mNextActionCard 窶・overdue 陦ｨ遉ｺ (#852)[2m > [22mdoes NOT show overdue chip for pending items[32m 10[2mms[22m[39m
 [32m笨・[39m src/features/today/widgets/NextActionCard.spec.tsx[2m > [22mNextActionCard 窶・Schedule deep link[2m > [22mcalls onNavigate with scheduleDetailHref when 莠亥ｮ夊｡ｨ縺ｧ遒ｺ隱・is clicked (non-schedule opsStep)[32m 13[2mms[22m[39m
 [32m笨・[39m src/features/today/widgets/NextActionCard.spec.tsx[2m > [22mNextActionCard 窶・Schedule deep link[2m > [22muses scheduleDetailHref as main CTA href when opsStep falls back to schedule[32m 11[2mms[22m[39m
 [32m笨・[39m src/features/today/widgets/NextActionCard.spec.tsx[2m > [22mNextActionCard 窶・Schedule deep link[2m > [22mdoes not render schedule link when main CTA is already schedule navigation (avoids duplication)[32m 9[2mms[22m[39m
 [32m笨・[39m src/features/today/widgets/NextActionCard.spec.tsx[2m > [22mNextActionCard 窶・Schedule deep link[2m > [22mdoes not render schedule link when onNavigate is not provided[32m 7[2mms[22m[39m
[90mstdout[2m | tests/unit/spClient.postBatch.spec.ts[2m > [22m[2mspClient additional coverage (postBatch + list/add)[2m > [22m[2mgetListItemsByTitle builds query string with select/filter/orderby/top
[22m[39m[DriftActionDispatcher] Initialized and subscribed to drift events.
[DriftNotificationHandler] Webhook URL not configured. Notifications disabled.

 [32m笨・[39m tests/unit/spClient.postBatch.spec.ts[2m > [22mspClient additional coverage (postBatch + list/add)[2m > [22mgetListItemsByTitle builds query string with select/filter/orderby/top[32m 14[2mms[22m[39m
 [32m笨・[39m tests/unit/spClient.postBatch.spec.ts[2m > [22mspClient additional coverage (postBatch + list/add)[2m > [22maddListItemByTitle returns created item[32m 4[2mms[22m[39m
 [32m笨・[39m tests/unit/spClient.postBatch.spec.ts[2m > [22mspClient additional coverage (postBatch + list/add)[2m > [22mpostBatch success without retry[32m 5[2mms[22m[39m
 [32m笨・[39m src/features/planning-sheet/components/__tests__/PhaseNextStepBanner.spec.tsx[2m > [22mPhaseNextStepBanner[2m > [22mpdcaCycleState 譛ｪ謖・ｮ壽凾縺ｯ蠕捺擂繝舌リ繝ｼ縺ｮ縺ｿ陦ｨ遉ｺ[32m 93[2mms[22m[39m
[90mstdout[2m | src/features/staff/attendance/__tests__/useStaffAttendanceDay.spec.ts
[22m[39m[MSAL ENV] Validated successfully

 [32m笨・[39m src/features/planning-sheet/components/__tests__/PhaseNextStepBanner.spec.tsx[2m > [22mPhaseNextStepBanner[2m > [22mp0 繝ｩ繝吶Ν・域掠諤･蟇ｾ蠢懶ｼ峨ｒ陦ｨ遉ｺ縺吶ｋ[32m 128[2mms[22m[39m
 [32m笨・[39m src/features/planning-sheet/components/__tests__/PhaseNextStepBanner.spec.tsx[2m > [22mPhaseNextStepBanner[2m > [22mp1 繝ｩ繝吶Ν・域ｳｨ諢擾ｼ峨ｒ陦ｨ遉ｺ縺吶ｋ[32m 17[2mms[22m[39m
 [32m笨・[39m src/features/planning-sheet/components/__tests__/PhaseNextStepBanner.spec.tsx[2m > [22mPhaseNextStepBanner[2m > [22mp2 繝ｩ繝吶Ν・育｢ｺ隱搾ｼ峨ｒ陦ｨ遉ｺ縺吶ｋ[32m 14[2mms[22m[39m
 [32m笨・[39m src/features/planning-sheet/components/__tests__/PhaseNextStepBanner.spec.tsx[2m > [22mPhaseNextStepBanner[2m > [22m隍・焚 alert 縺ｯ priority 鬆・〒謠冗判縺輔ｌ繧・[32m 35[2mms[22m[39m
 [32m笨・[39m tests/unit/spClient.postBatch.spec.ts[2m > [22mspClient additional coverage (postBatch + list/add)[2m > [22mpostBatch retries on 429 then succeeds[33m 353[2mms[22m[39m
 [32m笨・[39m tests/unit/DataIntegrityPage.spec.tsx[2m > [22mDataIntegrityPage[2m > [22mrenders with scan button in idle state[32m 95[2mms[22m[39m
 [32m笨・[39m tests/unit/DataIntegrityPage.spec.tsx[2m > [22mDataIntegrityPage[2m > [22mshows progress during scanning[32m 23[2mms[22m[39m
 [32m笨・[39m tests/unit/DataIntegrityPage.spec.tsx[2m > [22mDataIntegrityPage[2m > [22mshows success summary when all data is valid[32m 104[2mms[22m[39m
 [32m笨・[39m tests/unit/DataIntegrityPage.spec.tsx[2m > [22mDataIntegrityPage[2m > [22mshows warning summary and issue details for invalid data[32m 64[2mms[22m[39m
 [32m笨・[39m tests/unit/DataIntegrityPage.spec.tsx[2m > [22mDataIntegrityPage[2m > [22mshows error alert on scan failure[32m 15[2mms[22m[39m
 [32m笨・[39m tests/unit/DataIntegrityPage.spec.tsx[2m > [22mDataIntegrityPage[2m > [22mcalls cancelScan when stop button clicked during scan[32m 22[2mms[22m[39m
[90mstdout[2m | tests/unit/spClient.retryRetryAfterDate.spec.ts[2m > [22m[2mspClient retry with HTTP-date Retry-After header[2m > [22m[2mparses HTTP-date Retry-After and retries
[22m[39m[DriftActionDispatcher] Initialized and subscribed to drift events.
[DriftNotificationHandler] Webhook URL not configured. Notifications disabled.

 [32m笨・[39m src/features/daily/components/split-stream/__tests__/ExecutionToggle.spec.tsx[2m > [22mExecutionToggle[2m > [22mrenders 3 toggle buttons: 螳御ｺ・/ 逋ｺ蜍・/ 繧ｹ繧ｭ繝・・[32m 176[2mms[22m[39m
 [32m笨・[39m src/features/daily/components/split-stream/__tests__/ExecutionToggle.spec.tsx[2m > [22mExecutionToggle[2m > [22mselects completed status when clicking 螳御ｺ・[32m 42[2mms[22m[39m
 [32m笨・[39m src/features/daily/components/split-stream/__tests__/ExecutionToggle.spec.tsx[2m > [22mExecutionToggle[2m > [22mselects triggered status and shows memo field[32m 82[2mms[22m[39m
 [32m笨・[39m src/features/daily/components/split-stream/__tests__/ExecutionToggle.spec.tsx[2m > [22mExecutionToggle[2m > [22mdoes NOT show memo field for completed status[32m 30[2mms[22m[39m
 [32m笨・[39m src/features/daily/components/split-stream/__tests__/ExecutionToggle.spec.tsx[2m > [22mExecutionToggle[2m > [22mdoes NOT show memo field for skipped status[32m 27[2mms[22m[39m
 [32m笨・[39m src/features/daily/components/split-stream/__tests__/ExecutionToggle.spec.tsx[2m > [22mExecutionToggle[2m > [22mpersists memo text in triggered state[32m 54[2mms[22m[39m
 [32m笨・[39m src/features/daily/components/split-stream/__tests__/ExecutionToggle.spec.tsx[2m > [22mExecutionToggle[2m > [22mhas correct displayName[32m 1[2mms[22m[39m
 [32m笨・[39m tests/unit/spClient.retryRetryAfterDate.spec.ts[2m > [22mspClient retry with HTTP-date Retry-After header[2m > [22mparses HTTP-date Retry-After and retries[33m 378[2mms[22m[39m
[90mstdout[2m | src/features/staff/attendance/__tests__/useStaffAttendanceDay.spec.ts[2m > [22m[2museStaffAttendanceDay[2m > [22m[2mreturns items on successful listByDate
[22m[39m[DataProvider] Active backend: sharepoint
笨・[SP Telemetry] provider_selected { providerName: [32m'sharepoint'[39m }

[90mstdout[2m | src/features/staff/attendance/__tests__/useStaffAttendanceDay.spec.ts[2m > [22m[2museStaffAttendanceDay[2m > [22m[2mreturns classified error on forbidden
[22m[39m[DataProvider] Active backend: sharepoint

[90mstdout[2m | src/features/staff/attendance/__tests__/useStaffAttendanceDay.spec.ts[2m > [22m[2museStaffAttendanceDay[2m > [22m[2mreturns classified error on unknown failure
[22m[39m[DataProvider] Active backend: sharepoint

 [32m笨・[39m src/features/staff/attendance/__tests__/useStaffAttendanceDay.spec.ts[2m > [22museStaffAttendanceDay[2m > [22mreturns items on successful listByDate[32m 113[2mms[22m[39m
 [32m笨・[39m src/features/staff/attendance/__tests__/useStaffAttendanceDay.spec.ts[2m > [22museStaffAttendanceDay[2m > [22mreturns classified error on forbidden[32m 94[2mms[22m[39m
[90mstdout[2m | src/features/staff/attendance/__tests__/useStaffAttendanceDay.spec.ts[2m > [22m[2museStaffAttendanceDay[2m > [22m[2mreturns empty items when no records exist
[22m[39m[DataProvider] Active backend: sharepoint

 [32m笨・[39m src/features/staff/attendance/__tests__/useStaffAttendanceDay.spec.ts[2m > [22museStaffAttendanceDay[2m > [22mreturns classified error on unknown failure[32m 94[2mms[22m[39m
 [32m笨・[39m src/features/staff/attendance/__tests__/useStaffAttendanceDay.spec.ts[2m > [22museStaffAttendanceDay[2m > [22mreturns empty items when no records exist[32m 106[2mms[22m[39m
 [32m笨・[39m src/features/schedules/hooks/__tests__/useSchedulesToday.spec.ts[2m > [22museSchedulesToday (Repository integration)[2m > [22mcalls repository.list() with a DateRange[32m 117[2mms[22m[39m
 [32m笨・[39m src/features/schedules/hooks/__tests__/useSchedulesToday.spec.ts[2m > [22museSchedulesToday (Repository integration)[2m > [22mmaps ScheduleItem to MiniSchedule correctly[32m 99[2mms[22m[39m
 [32m笨・[39m src/features/schedules/hooks/__tests__/useSchedulesToday.spec.ts[2m > [22museSchedulesToday (Repository integration)[2m > [22mreturns source from repositoryFactory kind[32m 70[2mms[22m[39m
 [32m笨・[39m src/features/schedules/hooks/__tests__/useSchedulesToday.spec.ts[2m > [22museSchedulesToday (Repository integration)[2m > [22mreturns null for deprecated fallbackKind/fallbackError[32m 61[2mms[22m[39m
 [32m笨・[39m tests/unit/EmptyStateAction.spec.tsx[2m > [22mEmptyStateAction[2m > [22mrenders title and description[32m 90[2mms[22m[39m
 [32m笨・[39m tests/unit/EmptyStateAction.spec.tsx[2m > [22mEmptyStateAction[2m > [22mrenders with default info variant when no variant specified[32m 110[2mms[22m[39m
 [32m笨・[39m tests/unit/EmptyStateAction.spec.tsx[2m > [22mEmptyStateAction[2m > [22mrenders success variant with default icon[32m 21[2mms[22m[39m
 [32m笨・[39m tests/unit/EmptyStateAction.spec.tsx[2m > [22mEmptyStateAction[2m > [22mrenders warning variant with default icon[32m 21[2mms[22m[39m
 [32m笨・[39m tests/unit/EmptyStateAction.spec.tsx[2m > [22mEmptyStateAction[2m > [22muses custom icon when provided[32m 16[2mms[22m[39m
 [32m笨・[39m tests/unit/EmptyStateAction.spec.tsx[2m > [22mEmptyStateAction[2m > [22mrenders action button when actionLabel and onAction are provided[32m 59[2mms[22m[39m
 [32m笨・[39m tests/unit/EmptyStateAction.spec.tsx[2m > [22mEmptyStateAction[2m > [22mcalls onAction when button is clicked[32m 27[2mms[22m[39m
 [32m笨・[39m tests/unit/EmptyStateAction.spec.tsx[2m > [22mEmptyStateAction[2m > [22mdoes not render action button when actionLabel is missing[32m 7[2mms[22m[39m
 [32m笨・[39m tests/unit/EmptyStateAction.spec.tsx[2m > [22mEmptyStateAction[2m > [22mdoes not render action button when onAction is missing[32m 9[2mms[22m[39m
 [32m笨・[39m tests/unit/EmptyStateAction.spec.tsx[2m > [22mEmptyStateAction[2m > [22mrenders without description[32m 8[2mms[22m[39m
 [32m笨・[39m tests/unit/EmptyStateAction.spec.tsx[2m > [22mEmptyStateAction[2m > [22mrespects custom testId[32m 7[2mms[22m[39m
 [32m笨・[39m src/features/schedules/components/__tests__/SchedulesHeaderFilterIsolation.spec.tsx[2m > [22mSchedulesHeader filter isolation[2m > [22mcalendar竊弛ps: clears calendar params (cat, q, lane)[32m 276[2mms[22m[39m
 [32m笨・[39m src/features/schedules/components/__tests__/SchedulesHeaderFilterIsolation.spec.tsx[2m > [22mSchedulesHeader filter isolation[2m > [22mops竊団alendar: clears ops params (serviceType, etc)[32m 39[2mms[22m[39m
 [32m笨・[39m src/features/schedules/components/__tests__/SchedulesHeaderFilterIsolation.spec.tsx[2m > [22mSchedulesHeader filter isolation[2m > [22msame-group: ops竊値ist preserves url shape (no param stripping)[32m 33[2mms[22m[39m
 [32m笨・[39m src/features/schedules/components/__tests__/SchedulesHeaderFilterIsolation.spec.tsx[2m > [22mSchedulesHeader filter isolation[2m > [22msame-group: day竊蜘eek preserves url shape (no param stripping)[32m 33[2mms[22m[39m
 [32m笨・[39m src/features/schedules/components/__tests__/SchedulesHeaderFilterIsolation.spec.tsx[2m > [22mSchedulesHeader filter isolation[2m > [22mno-op: clicking current tab does nothing[32m 32[2mms[22m[39m
 [32m笨・[39m tests/unit/MeetingGuidePage.spec.tsx[2m > [22mMeetingGuidePage[2m > [22mrenders meeting guide page with tab interface[33m 512[2mms[22m[39m
 [32m笨・[39m tests/unit/MeetingGuidePage.spec.tsx[2m > [22mMeetingGuidePage[2m > [22mdisplays morning steps by default[32m 46[2mms[22m[39m
 [32m笨・[39m tests/unit/users.form.spec.tsx[2m > [22mUserForm[2m > [22mblocks submit when required Title is empty and shows validation message[32m 194[2mms[22m[39m
 [32m笨・[39m tests/unit/users.form.spec.tsx[2m > [22mUserForm[2m > [22mprevents edit submit when id is missing in edit mode[32m 35[2mms[22m[39m
 [32m笨・[39m tests/unit/users.form.spec.tsx[2m > [22mUserForm[2m > [22msends trimmed values and active flag when editing an existing user[32m 58[2mms[22m[39m
 [32m笨・[39m src/features/ibd/analysis/pdca/queries/__tests__/usePdcaCycleState.spec.ts[2m > [22musePdcaCycleState helpers[2m > [22mexecutionStatus 繧・ExecutionRecord status 縺ｫ豁｣隕丞喧縺吶ｋ[32m 5[2mms[22m[39m
 [32m笨・[39m src/features/ibd/analysis/pdca/queries/__tests__/usePdcaCycleState.spec.ts[2m > [22musePdcaCycleState helpers[2m > [22mprocedure records 繧・execution records 縺ｫ螟画鋤縺吶ｋ[32m 4[2mms[22m[39m
 [32m笨・[39m src/features/ibd/analysis/pdca/queries/__tests__/usePdcaCycleState.spec.ts[2m > [22musePdcaCycleState helpers[2m > [22mbehavior monitoring 縺ｯ planningSheet 荳閾ｴ繧貞━蜈医＠縺ｦ譛譁ｰ譌･繧定ｿ斐☆[32m 1[2mms[22m[39m
 [32m笨・[39m src/features/ibd/analysis/pdca/queries/__tests__/usePdcaCycleState.spec.ts[2m > [22musePdcaCycleState helpers[2m > [22mSupportPlanningSheet 繧・WorkflowPhase 蛻､螳夂畑縺ｫ螟画鋤縺吶ｋ[32m 1[2mms[22m[39m
 [32m笨・[39m src/features/ibd/analysis/pdca/queries/__tests__/usePdcaCycleState.spec.ts[2m > [22musePdcaCycleState[2m > [22mBehaviorMonitoringRecord 萓帷ｵｦ縺ｧ Check 螳御ｺ・律縺梧峩譁ｰ縺輔ｌ繧・[32m 111[2mms[22m[39m
 [32m笨・[39m src/features/ibd/analysis/pdca/queries/__tests__/usePdcaCycleState.spec.ts[2m > [22musePdcaCycleState[2m > [22mPlanningSheetReassessment 萓帷ｵｦ縺ｧ Act 迥ｶ諷九∈驕ｷ遘ｻ縺吶ｋ[32m 108[2mms[22m[39m
 [32m笨・[39m src/features/ibd/analysis/pdca/queries/__tests__/usePdcaCycleState.spec.ts[2m > [22musePdcaCycleState[2m > [22m譏守､ｺ逧・↑遨ｺ驟榊・繝輔か繝ｼ繝ｫ繝舌ャ繧ｯ縺ｧ繧ょｾ捺擂騾壹ｊ蜍輔￥・・onitoringMeeting荳崎ｦ・ｼ・[32m 87[2mms[22m[39m
[90mstdout[2m | tests/rtl/schedules-week-route-state.test.tsx
[22m[39m[MSAL ENV] Validated successfully

 [32m笨・[39m src/features/today/widgets/ActionQueueTimelineWidget.spec.tsx[2m > [22mActionQueueTimelineWidget[2m > [22mdisplays loading skeletons when isLoading is true[32m 51[2mms[22m[39m
 [32m笨・[39m src/features/today/widgets/ActionQueueTimelineWidget.spec.tsx[2m > [22mActionQueueTimelineWidget[2m > [22mdisplays empty state when actionQueue is empty and not loading[32m 33[2mms[22m[39m
 [32m笨・[39m src/features/today/widgets/ActionQueueTimelineWidget.spec.tsx[2m > [22mActionQueueTimelineWidget[2m > [22mdisplays the list of ActionCards when actionQueue has items[32m 88[2mms[22m[39m
 [32m笨・[39m src/features/today/widgets/ActionQueueTimelineWidget.spec.tsx[2m > [22mActionQueueTimelineWidget[2m > [22mrenders ActionCards in the exact order provided by the engine without re-sorting[32m 49[2mms[22m[39m
 [32m笨・[39m tests/unit/features/today/TodayPhaseIndicator.spec.tsx[2m > [22mgetTodayPhaseHint[2m > [22m06:00 竊・record-review (豺ｱ螟懌・after_hours_review)[32m 5[2mms[22m[39m
 [32m笨・[39m tests/unit/features/today/TodayPhaseIndicator.spec.tsx[2m > [22mgetTodayPhaseHint[2m > [22m08:30 竊・preparation (staff_prep)[32m 1[2mms[22m[39m
 [32m笨・[39m tests/unit/features/today/TodayPhaseIndicator.spec.tsx[2m > [22mgetTodayPhaseHint[2m > [22m09:05 竊・morning-meeting (morning_briefing)[32m 1[2mms[22m[39m
 [32m笨・[39m tests/unit/features/today/TodayPhaseIndicator.spec.tsx[2m > [22mgetTodayPhaseHint[2m > [22m09:15 竊・am-operation (荳ｻ蠖ｹ縺ｯ /daily)[32m 1[2mms[22m[39m
 [32m笨・[39m tests/unit/features/today/TodayPhaseIndicator.spec.tsx[2m > [22mgetTodayPhaseHint[2m > [22m10:30 竊・am-operation (荳ｻ蠖ｹ縺ｯ /today)[32m 1[2mms[22m[39m
 [32m笨・[39m tests/unit/features/today/TodayPhaseIndicator.spec.tsx[2m > [22mgetTodayPhaseHint[2m > [22m12:00 竊・pm-operation (lunch_break, 荳ｻ蠖ｹ縺ｯ /today)[32m 1[2mms[22m[39m
 [32m笨・[39m tests/unit/features/today/TodayPhaseIndicator.spec.tsx[2m > [22mgetTodayPhaseHint[2m > [22m15:30 竊・pm-operation (pm_activity 13:45-15:45, 荳ｻ蠖ｹ縺ｯ /daily)[32m 1[2mms[22m[39m
 [32m笨・[39m tests/unit/features/today/TodayPhaseIndicator.spec.tsx[2m > [22mgetTodayPhaseHint[2m > [22m17:00 竊・record-review (荳ｻ蠖ｹ縺ｯ /handoff-timeline)[32m 1[2mms[22m[39m
 [32m笨・[39m tests/unit/features/today/TodayPhaseIndicator.spec.tsx[2m > [22mgetTodayPhaseHint[2m > [22m03:00 竊・record-review (豺ｱ螟・[32m 1[2mms[22m[39m
 [32m笨・[39m tests/unit/features/today/TodayPhaseIndicator.spec.tsx[2m > [22mgetTodayPhaseHint[2m > [22m縺吶∋縺ｦ縺ｮ繝輔ぉ繝ｼ繧ｺ縺ｧ label 縺ｨ message 縺悟ｮ夂ｾｩ縺輔ｌ縺ｦ縺・ｋ[32m 1[2mms[22m[39m
 [32m笨・[39m tests/unit/features/today/TodayPhaseIndicator.spec.tsx[2m > [22mgetTodayPhaseHint[2m > [22m荳ｻ蠖ｹ逕ｻ髱｢縺・/today 縺ｮ繝輔ぉ繝ｼ繧ｺ縺ｯ staff_prep, am_activity, lunch_break 縺ｮ縺ｿ[32m 1[2mms[22m[39m
 [32m笨・[39m tests/unit/features/today/TodayPhaseIndicator.spec.tsx[2m > [22mTodayPhaseIndicator[2m > [22m繝舌リ繝ｼ縺瑚｡ｨ遉ｺ縺輔ｌ繧・[32m 99[2mms[22m[39m
 [32m笨・[39m tests/unit/features/today/TodayPhaseIndicator.spec.tsx[2m > [22mTodayPhaseIndicator[2m > [22m繝輔ぉ繝ｼ繧ｺ繝ｩ繝吶Ν縺ｨ繝｡繝・そ繝ｼ繧ｸ縺瑚｡ｨ遉ｺ縺輔ｌ繧・[32m 19[2mms[22m[39m
 [32m笨・[39m tests/unit/features/today/TodayPhaseIndicator.spec.tsx[2m > [22mTodayPhaseIndicator[2m > [22m髢峨§繧九・繧ｿ繝ｳ縺ｧ髱櫁｡ｨ遉ｺ縺ｫ縺ｪ繧・[32m 23[2mms[22m[39m
 [32m笨・[39m tests/unit/features/today/TodayPhaseIndicator.spec.tsx[2m > [22mTodayPhaseIndicator[2m > [22m/today 縺御ｸｻ蠖ｹ縺ｮ繝輔ぉ繝ｼ繧ｺ縺ｧ縺ｯ繧ｵ繧ｸ繧ｧ繧ｹ繝医′陦ｨ遉ｺ縺輔ｌ縺ｪ縺・[32m 12[2mms[22m[39m
 [32m笨・[39m tests/unit/features/today/TodayPhaseIndicator.spec.tsx[2m > [22mTodayPhaseIndicator[2m > [22m/today 縺御ｸｻ蠖ｹ縺ｧ縺ｪ縺・ヵ繧ｧ繝ｼ繧ｺ縺ｧ縺ｯ繧ｵ繧ｸ繧ｧ繧ｹ繝医′陦ｨ遉ｺ縺輔ｌ繧・[32m 30[2mms[22m[39m
 [32m笨・[39m tests/unit/features/today/TodayPhaseIndicator.spec.tsx[2m > [22mTodayPhaseIndicator[2m > [22monNavigate 縺ｪ縺励〒縺ｯ繧ｵ繧ｸ繧ｧ繧ｹ繝医・繧ｿ繝ｳ縺瑚｡ｨ遉ｺ縺輔ｌ縺ｪ縺・[32m 11[2mms[22m[39m
 [32m笨・[39m tests/unit/features/today/TodayPhaseIndicator.spec.tsx[2m > [22mTodayPhaseIndicator[2m > [22m繧ｵ繧ｸ繧ｧ繧ｹ繝医・繧ｿ繝ｳ繧ｯ繝ｪ繝・け縺ｧ onNavigate 縺悟他縺ｰ繧後ｋ[32m 31[2mms[22m[39m
 [32m笨・[39m tests/unit/features/today/TodayPhaseIndicator.spec.tsx[2m > [22mTodayPhaseIndicator[2m > [22m髢峨§繧九・繧ｿ繝ｳ縺ｫ驕ｩ蛻・↑ aria-label 縺後≠繧・[32m 13[2mms[22m[39m
 [32m笨・[39m tests/unit/DataIntegrityAlert.spec.tsx[2m > [22mDataIntegrityAlert[2m > [22mrenders warning banner with issue count[32m 68[2mms[22m[39m
 [32m笨・[39m tests/unit/DataIntegrityAlert.spec.tsx[2m > [22mDataIntegrityAlert[2m > [22mhides detail toggle in normal mode (VITE_AUDIT_DEBUG=false)[32m 9[2mms[22m[39m
 [32m笨・[39m tests/unit/DataIntegrityAlert.spec.tsx[2m > [22mDataIntegrityAlert[2m > [22mshows detail toggle in admin mode (VITE_AUDIT_DEBUG=true)[32m 72[2mms[22m[39m
 [32m笨・[39m tests/unit/DataIntegrityAlert.spec.tsx[2m > [22mDataIntegrityAlert[2m > [22mexpands issue list when toggle clicked in admin mode[32m 74[2mms[22m[39m
 [32m笨・[39m tests/unit/DataIntegrityAlert.spec.tsx[2m > [22mDataIntegrityAlert[2m > [22mshows context label when provided[32m 11[2mms[22m[39m
 [32m笨・[39m tests/unit/DataIntegrityAlert.spec.tsx[2m > [22mDataIntegrityAlert[2m > [22mcalls onDismiss when close button clicked[32m 34[2mms[22m[39m
 [32m笨・[39m src/features/users/hooks/__tests__/useUsersQuery.spec.tsx[2m > [22museUsersQuery[2m > [22mdedupes fetches when multiple consumers subscribe to the same query key[32m 140[2mms[22m[39m
 [32m笨・[39m src/features/users/hooks/__tests__/useUsersQuery.spec.tsx[2m > [22museUsersQuery[2m > [22mreturns stable object reference when data has not changed[32m 92[2mms[22m[39m
 [32m笨・[39m src/features/users/hooks/__tests__/useUsersQuery.spec.tsx[2m > [22museUsersQuery[2m > [22mreturns EMPTY_ARRAY constant (not new []) when data is undefined[32m 6[2mms[22m[39m
 [32m笨・[39m src/features/users/hooks/__tests__/useUsersQuery.spec.tsx[2m > [22museUsersQuery[2m > [22mfetches independently when query params differ[32m 126[2mms[22m[39m
[90mstdout[2m | tests/smoke/router.flags.spec.tsx[2m > [22m[2mrouter future flags smoke[2m > [22m[2mnavigates across primary routes with v7 flags enabled
[22m[39m[DataProvider] Active backend: sharepoint
DriftObserver: Started monitoring drift events.
笨・[SP Telemetry] provider_selected { providerName: [32m'sharepoint'[39m }
[msal] bridge state { authReady: [33mfalse[39m, inProgress: [32m'none'[39m, accounts: [33m0[39m }

[90mstdout[2m | tests/smoke/router.flags.spec.tsx[2m > [22m[2mrouter future flags smoke[2m > [22m[2mnavigates across primary routes with v7 flags enabled
[22m[39mDriftObserver: Stopped monitoring drift events.

 [32m笨・[39m tests/smoke/router.flags.spec.tsx[2m > [22mrouter future flags smoke[2m > [22mnavigates across primary routes with v7 flags enabled[33m 588[2mms[22m[39m
 [32m笨・[39m tests/unit/operation-hub.useOperationHubData.full.spec.tsx[2m > [22museOperationHubData 窶・full branches[2m > [22mloading/ready 縺ｨ 譌｢螳壽律莉倥Λ繝吶Ν/ISO[32m 146[2mms[22m[39m
 [32m笨・[39m tests/unit/operation-hub.useOperationHubData.full.spec.tsx[2m > [22museOperationHubData 窶・full branches[2m > [22mKPI 繝医・繝ｳ (success/info/error) 縺ｨ 譛ｪ蜑ｲ蠖・謇ｿ隱榊ｾ・■謚ｽ蜃ｺ縲√ち繧､繝繝ｩ繧､繝ｳ/繧ｳ繝ｳ繝輔Μ繧ｯ繝・[32m 15[2mms[22m[39m
 [32m笨・[39m tests/unit/operation-hub.useOperationHubData.full.spec.tsx[2m > [22museOperationHubData 窶・full branches[2m > [22m繧｢繝ｩ繝ｼ繝茨ｼ壼茜逕ｨ閠・<=7譌･=error / <=30譌･=warning縲∬・蜩｡雉・ｼ/蠖ｹ蜑ｲ譛ｪ蜈･蜉帙〒 warning or info[32m 8[2mms[22m[39m
 [32m笨・[39m tests/unit/operation-hub.useOperationHubData.full.spec.tsx[2m > [22museOperationHubData 窶・full branches[2m > [22m繝｢繝舌う繝ｫ繧ｿ繧ｹ繧ｯ・喞ompleted / alert / pending 縺ｨ actions・育ｷ頑･騾｣邨｡・・[32m 9[2mms[22m[39m
 [32m笨・[39m tests/unit/operation-hub.useOperationHubData.full.spec.tsx[2m > [22museOperationHubData 窶・full branches[2m > [22mrefresh・啼nsure + 3 reload 繧貞ｮ溯｡・[32m 120[2mms[22m[39m
 [32m笨・[39m tests/unit/operation-hub.useOperationHubData.full.spec.tsx[2m > [22museOperationHubData 窶・full branches[2m > [22m繧ｿ繧､繝繝ｩ繧､繝ｳ辟｡縺励こ繝ｼ繧ｹ・壻ｺ亥ｮ壹′遨ｺ縺ｪ繧・null 繧定ｿ斐☆[32m 25[2mms[22m[39m
[90mstdout[2m | tests/unit/auth/ProtectedRoute.flags.spec.tsx[2m > [22m[2mProtectedRoute flag/skip-login behavior[2m > [22m[2mallows access when schedules flag enabled and skip-login is true
[22m[39m[ProtectedRoute] Skip-login active; bypassing auth for flag: schedules
[auth-guard] {
  shouldBypass: [33mfalse[39m,
  reason: [32m'none'[39m,
  flags: { isAutomation: [33mfalse[39m, isDemo: [33mfalse[39m, isSkip: [33mfalse[39m, isMsalOk: [33mtrue[39m }
}
[env-check] schedules list title = Schedules
[ProtectedRoute] [schedules] Checking list existence: Schedules
[DriftActionDispatcher] Initialized and subscribed to drift events.
[DriftNotificationHandler] Webhook URL not configured. Notifications disabled.
[ProtectedRoute] Skip-login active; bypassing auth for flag: schedules

[90mstdout[2m | tests/unit/auth/ProtectedRoute.flags.spec.tsx[2m > [22m[2mProtectedRoute flag/skip-login behavior[2m > [22m[2mprompts sign-in when flag enabled, skip-login false, and user not authenticated
[22m[39m[auth] {
  code: [32m'NOT_AUTHENTICATED'[39m,
  inProgress: [32m'none'[39m,
  route: [32m'/schedules/week'[39m,
  corrId: [32m'AUTH-20260404121831-NS5QDE'[39m,
  detail: {
    inProgress: [32m'none'[39m,
    isAuthenticated: [33mfalse[39m,
    loading: [33mfalse[39m,
    tokenReady: [33mtrue[39m,
    listGate: [32m'idle'[39m,
    enabled: [33mtrue[39m,
    accounts: [33m0[39m,
    route: [32m'/schedules/week'[39m
  }
}
[ProtectedRoute] User not authenticated for flag: schedules - prompting sign-in
[auth-guard] {
  shouldBypass: [33mfalse[39m,
  reason: [32m'none'[39m,
  flags: { isAutomation: [33mfalse[39m, isDemo: [33mfalse[39m, isSkip: [33mfalse[39m, isMsalOk: [33mtrue[39m }
}
[env-check] schedules list title = Schedules
[ProtectedRoute] [schedules] Checking list existence: Schedules
[ProtectedRoute] User not authenticated for flag: schedules - prompting sign-in

 [32m笨・[39m tests/unit/auth/ProtectedRoute.flags.spec.tsx[2m > [22mProtectedRoute flag/skip-login behavior[2m > [22mallows access when schedules flag enabled and skip-login is true[32m 62[2mms[22m[39m
[90mstdout[2m | tests/unit/auth/ProtectedRoute.flags.spec.tsx[2m > [22m[2mProtectedRoute flag/skip-login behavior[2m > [22m[2mredirects to fallback when schedules flag disabled (regardless of skip-login)
[22m[39m[ProtectedRoute] Skip-login active but feature disabled for flag: schedules - redirecting to /
[auth-guard] {
  shouldBypass: [33mfalse[39m,
  reason: [32m'none'[39m,
  flags: { isAutomation: [33mfalse[39m, isDemo: [33mfalse[39m, isSkip: [33mfalse[39m, isMsalOk: [33mtrue[39m }
}
[env-check] schedules list title = Schedules
[ProtectedRoute] [schedules] Checking list existence: Schedules
[ProtectedRoute] Skip-login active but feature disabled for flag: schedules - redirecting to /

[90mstdout[2m | tests/unit/auth/ProtectedRoute.flags.spec.tsx[2m > [22m[2mProtectedRoute flag/skip-login behavior[2m > [22m[2mshows loading state while auth is loading
[22m[39m[auth] {
  code: [32m'AUTH_LOADING'[39m,
  inProgress: [32m'none'[39m,
  route: [32m'/schedules/week'[39m,
  corrId: [32m'AUTH-20260404121831-RY8E11'[39m,
  detail: {
    inProgress: [32m'none'[39m,
    isAuthenticated: [33mtrue[39m,
    loading: [33mtrue[39m,
    tokenReady: [33mtrue[39m,
    listGate: [32m'idle'[39m,
    enabled: [33mtrue[39m,
    accounts: [33m0[39m,
    route: [32m'/schedules/week'[39m
  }
}
[ProtectedRoute] Auth still loading for flag: schedules
[auth-guard] {
  shouldBypass: [33mfalse[39m,
  reason: [32m'none'[39m,
  flags: { isAutomation: [33mfalse[39m, isDemo: [33mfalse[39m, isSkip: [33mfalse[39m, isMsalOk: [33mtrue[39m }
}
[env-check] schedules list title = Schedules
[ProtectedRoute] [schedules] Checking list existence: Schedules
[ProtectedRoute] Auth still loading for flag: schedules

 [32m笨・[39m tests/unit/auth/ProtectedRoute.flags.spec.tsx[2m > [22mProtectedRoute flag/skip-login behavior[2m > [22mprompts sign-in when flag enabled, skip-login false, and user not authenticated[32m 142[2mms[22m[39m
 [32m笨・[39m tests/unit/auth/ProtectedRoute.flags.spec.tsx[2m > [22mProtectedRoute flag/skip-login behavior[2m > [22mredirects to fallback when schedules flag disabled (regardless of skip-login)[32m 25[2mms[22m[39m
 [32m笨・[39m tests/unit/auth/ProtectedRoute.flags.spec.tsx[2m > [22mProtectedRoute flag/skip-login behavior[2m > [22mshows loading state while auth is loading[32m 20[2mms[22m[39m
 [32m笨・[39m src/features/staff/__tests__/useStaffForm.spec.ts[2m > [22museStaffForm[2m > [22minitial state 窶・create mode[2m > [22mstarts with empty string fields[32m 29[2mms[22m[39m
 [32m笨・[39m src/features/staff/__tests__/useStaffForm.spec.ts[2m > [22museStaffForm[2m > [22minitial state 窶・create mode[2m > [22mstarts with IsActive=true[32m 4[2mms[22m[39m
 [32m笨・[39m src/features/staff/__tests__/useStaffForm.spec.ts[2m > [22museStaffForm[2m > [22minitial state 窶・create mode[2m > [22mstarts with BASE_WEEKDAY_DEFAULTS for BaseWorkingDays[32m 5[2mms[22m[39m
 [32m笨・[39m src/features/staff/__tests__/useStaffForm.spec.ts[2m > [22museStaffForm[2m > [22minitial state 窶・create mode[2m > [22mstarts with default base shift times[32m 3[2mms[22m[39m
 [32m笨・[39m src/features/staff/__tests__/useStaffForm.spec.ts[2m > [22museStaffForm[2m > [22minitial state 窶・create mode[2m > [22mstarts with empty WorkDays and Certifications[32m 19[2mms[22m[39m
 [32m笨・[39m src/features/staff/__tests__/useStaffForm.spec.ts[2m > [22museStaffForm[2m > [22minitial state 窶・create mode[2m > [22mstarts with isDirty=false[32m 4[2mms[22m[39m
 [32m笨・[39m src/features/staff/__tests__/useStaffForm.spec.ts[2m > [22museStaffForm[2m > [22minitial state 窶・create mode[2m > [22mstarts with errors={}[32m 4[2mms[22m[39m
 [32m笨・[39m src/features/staff/__tests__/useStaffForm.spec.ts[2m > [22museStaffForm[2m > [22minitial state 窶・create mode[2m > [22mstarts with isSaving=false[32m 3[2mms[22m[39m
 [32m笨・[39m src/features/staff/__tests__/useStaffForm.spec.ts[2m > [22museStaffForm[2m > [22minitial state 窶・create mode[2m > [22mstarts with message=null[32m 4[2mms[22m[39m
 [32m笨・[39m src/features/staff/__tests__/useStaffForm.spec.ts[2m > [22museStaffForm[2m > [22minitial state 窶・create mode[2m > [22mstarts with customCertification=""[32m 24[2mms[22m[39m
 [32m笨・[39m src/features/staff/__tests__/useStaffForm.spec.ts[2m > [22museStaffForm[2m > [22minitial state 窶・update mode from staff prop[2m > [22mpre-fills FullName from staff.name[32m 3[2mms[22m[39m
 [32m笨・[39m src/features/staff/__tests__/useStaffForm.spec.ts[2m > [22museStaffForm[2m > [22minitial state 窶・update mode from staff prop[2m > [22mpre-fills Email from staff.email[32m 3[2mms[22m[39m
 [32m笨・[39m src/features/staff/__tests__/useStaffForm.spec.ts[2m > [22museStaffForm[2m > [22minitial state 窶・update mode from staff prop[2m > [22mpre-fills WorkDays from staff.workDays[32m 7[2mms[22m[39m
 [32m笨・[39m src/features/staff/__tests__/useStaffForm.spec.ts[2m > [22museStaffForm[2m > [22minitial state 窶・update mode from staff prop[2m > [22mpre-fills Certifications from staff.certifications[32m 3[2mms[22m[39m
 [32m笨・[39m src/features/staff/__tests__/useStaffForm.spec.ts[2m > [22museStaffForm[2m > [22minitial state 窶・update mode from staff prop[2m > [22mpre-fills BaseWorkingDays from staff.baseWorkingDays[32m 2[2mms[22m[39m
 [32m笨・[39m src/features/staff/__tests__/useStaffForm.spec.ts[2m > [22museStaffForm[2m > [22minitial state 窶・update mode from staff prop[2m > [22mstarts with isDirty=false when loaded from staff[32m 3[2mms[22m[39m
 [32m笨・[39m src/features/staff/__tests__/useStaffForm.spec.ts[2m > [22museStaffForm[2m > [22msetField[2m > [22mupdates a string field and marks isDirty[32m 4[2mms[22m[39m
 [32m笨・[39m src/features/staff/__tests__/useStaffForm.spec.ts[2m > [22museStaffForm[2m > [22msetField[2m > [22mupdates IsActive boolean field[32m 22[2mms[22m[39m
 [32m笨・[39m src/features/staff/__tests__/useStaffForm.spec.ts[2m > [22museStaffForm[2m > [22msetField[2m > [22mupdate mode: still isDirty after setField[32m 4[2mms[22m[39m
 [32m笨・[39m src/features/staff/__tests__/useStaffForm.spec.ts[2m > [22museStaffForm[2m > [22misDirty tracking[2m > [22mis false when value is restored to initial[32m 5[2mms[22m[39m
 [32m笨・[39m src/features/staff/__tests__/useStaffForm.spec.ts[2m > [22museStaffForm[2m > [22mtoggleWorkDay[2m > [22madds a day when not present[32m 6[2mms[22m[39m
 [32m笨・[39m src/features/staff/__tests__/useStaffForm.spec.ts[2m > [22museStaffForm[2m > [22mtoggleWorkDay[2m > [22mremoves a day when already present[32m 4[2mms[22m[39m
 [32m笨・[39m src/features/staff/__tests__/useStaffForm.spec.ts[2m > [22museStaffForm[2m > [22mtoggleWorkDay[2m > [22mpreserves DAYS order regardless of toggle order[32m 4[2mms[22m[39m
 [32m笨・[39m src/features/staff/__tests__/useStaffForm.spec.ts[2m > [22museStaffForm[2m > [22mtoggleWorkDay[2m > [22mtoggling the same day twice results in empty list[32m 6[2mms[22m[39m
 [32m笨・[39m src/features/staff/__tests__/useStaffForm.spec.ts[2m > [22museStaffForm[2m > [22mtoggleBaseWorkingDay[2m > [22mremoves a day that is initially in BASE_WEEKDAY_DEFAULTS[32m 3[2mms[22m[39m
 [32m笨・[39m src/features/staff/__tests__/useStaffForm.spec.ts[2m > [22museStaffForm[2m > [22mtoggleBaseWorkingDay[2m > [22madds a day back after removing it[32m 3[2mms[22m[39m
 [32m笨・[39m src/features/staff/__tests__/useStaffForm.spec.ts[2m > [22museStaffForm[2m > [22mtoggleBaseWorkingDay[2m > [22mpreserves 譛育↓豌ｴ譛ｨ驥・ordering[32m 3[2mms[22m[39m
 [32m笨・[39m src/features/staff/__tests__/useStaffForm.spec.ts[2m > [22museStaffForm[2m > [22mtoggleCertification[2m > [22madds a certification when not present[32m 4[2mms[22m[39m
 [32m笨・[39m src/features/staff/__tests__/useStaffForm.spec.ts[2m > [22museStaffForm[2m > [22mtoggleCertification[2m > [22mremoves a certification when already present[32m 3[2mms[22m[39m
 [32m笨・[39m src/features/staff/__tests__/useStaffForm.spec.ts[2m > [22museStaffForm[2m > [22mtoggleCertification[2m > [22mtoggling a cert twice leaves it removed[32m 3[2mms[22m[39m
 [32m笨・[39m src/features/staff/__tests__/useStaffForm.spec.ts[2m > [22museStaffForm[2m > [22mremoveCertification[2m > [22mremoves the specified certification[32m 3[2mms[22m[39m
 [32m笨・[39m src/features/staff/__tests__/useStaffForm.spec.ts[2m > [22museStaffForm[2m > [22mremoveCertification[2m > [22mno-ops when certification is not in list[32m 3[2mms[22m[39m
 [32m笨・[39m src/features/staff/__tests__/useStaffForm.spec.ts[2m > [22museStaffForm[2m > [22mremoveCertification[2m > [22mempties the list when removing the last cert[32m 16[2mms[22m[39m
 [32m笨・[39m src/features/staff/__tests__/useStaffForm.spec.ts[2m > [22museStaffForm[2m > [22mhandleAddCustomCertification[2m > [22madds trimmed custom cert and clears input[32m 3[2mms[22m[39m
 [32m笨・[39m src/features/staff/__tests__/useStaffForm.spec.ts[2m > [22museStaffForm[2m > [22mhandleAddCustomCertification[2m > [22mdoes nothing when input is blank/whitespace[32m 3[2mms[22m[39m
 [32m笨・[39m src/features/staff/__tests__/useStaffForm.spec.ts[2m > [22museStaffForm[2m > [22mhandleAddCustomCertification[2m > [22mdoes not add duplicate custom cert[32m 3[2mms[22m[39m
 [32m笨・[39m src/features/staff/__tests__/useStaffForm.spec.ts[2m > [22museStaffForm[2m > [22mhandleAddCustomCertification[2m > [22mdoes not add cert matching standard option if already present[32m 4[2mms[22m[39m
 [32m笨・[39m src/features/staff/__tests__/useStaffForm.spec.ts[2m > [22museStaffForm[2m > [22msetCustomCertification[2m > [22mupdates the customCertification field[32m 3[2mms[22m[39m
 [32m笨・[39m src/features/staff/__tests__/useStaffForm.spec.ts[2m > [22museStaffForm[2m > [22msetMessage[2m > [22mcan set a success message[32m 3[2mms[22m[39m
 [32m笨・[39m src/features/staff/__tests__/useStaffForm.spec.ts[2m > [22museStaffForm[2m > [22msetMessage[2m > [22mcan clear the message to null[32m 3[2mms[22m[39m
 [32m笨・[39m src/features/staff/__tests__/useStaffForm.spec.ts[2m > [22museStaffForm[2m > [22mhandleClose[2m > [22mcalls onClose immediately when not dirty and not saving[32m 3[2mms[22m[39m
 [32m笨・[39m src/features/staff/__tests__/useStaffForm.spec.ts[2m > [22museStaffForm[2m > [22mhandleClose[2m > [22mdoes not call onClose when isSaving=true[32m 3[2mms[22m[39m
 [32m笨・[39m src/features/staff/__tests__/useStaffForm.spec.ts[2m > [22museStaffForm[2m > [22mhandleClose[2m > [22mopens confirm dialog (not window.confirm) when dirty[32m 5[2mms[22m[39m
 [32m笨・[39m src/features/staff/__tests__/useStaffForm.spec.ts[2m > [22museStaffForm[2m > [22mhandleClose[2m > [22mcalls onClose when confirm dialog onConfirm is invoked[32m 5[2mms[22m[39m
 [32m笨・[39m src/features/staff/__tests__/useStaffForm.spec.ts[2m > [22museStaffForm[2m > [22mhandleClose[2m > [22mdoes nothing when onClose is not provided[32m 4[2mms[22m[39m
 [32m笨・[39m src/features/staff/__tests__/useStaffForm.spec.ts[2m > [22museStaffForm[2m > [22mrefs[2m > [22mformRef is a ref object (current starts null)[32m 4[2mms[22m[39m
 [32m笨・[39m src/features/staff/__tests__/useStaffForm.spec.ts[2m > [22museStaffForm[2m > [22mrefs[2m > [22merrRefs has all four keys[32m 3[2mms[22m[39m
 [32m笨・[39m tests/unit/ui.components.spec.tsx[2m > [22mUI components[2m > [22mrenders EmptyState with defaults and overrides[32m 79[2mms[22m[39m
 [32m笨・[39m tests/unit/ui.components.spec.tsx[2m > [22mUI components[2m > [22mrenders ErrorState message when provided[32m 59[2mms[22m[39m
 [32m笨・[39m tests/unit/ui.components.spec.tsx[2m > [22mUI components[2m > [22mlinks label and hint in FormField[32m 21[2mms[22m[39m
 [32m笨・[39m tests/unit/ui.components.spec.tsx[2m > [22mUI components[2m > [22mrenders sign-in button when no MSAL accounts exist[32m 125[2mms[22m[39m
 [32m笨・[39m tests/unit/useAuditSyncBatch.sync.spec.ts[2m > [22museAuditSyncBatch syncAllBatch[2m > [22mreturns zero result when no audit logs exist[32m 73[2mms[22m[39m
 [32m笨・[39m tests/unit/useAuditSyncBatch.sync.spec.ts[2m > [22museAuditSyncBatch syncAllBatch[2m > [22mflushes all logs and exposes metrics with retry on transient failures[32m 168[2mms[22m[39m
 [32m笨・[39m tests/unit/useAuditSyncBatch.sync.spec.ts[2m > [22museAuditSyncBatch syncAllBatch[2m > [22mretains failed entries when SharePoint returns hard errors[32m 8[2mms[22m[39m
 [32m笨・[39m src/app/hubs/__tests__/HubLanding.spec.tsx[2m > [22mHubLanding[2m > [22mhides admin-only entries for viewer[32m 187[2mms[22m[39m
 [32m笨・[39m src/app/hubs/__tests__/HubLanding.spec.tsx[2m > [22mHubLanding[2m > [22mshows reception entries with primary/secondary/coming soon sections[32m 81[2mms[22m[39m
 [32m笨・[39m src/app/hubs/__tests__/HubLanding.spec.tsx[2m > [22mHubLanding[2m > [22mshows dictionary-driven empty state when no entry is visible for role[32m 23[2mms[22m[39m
 [32m笨・[39m src/app/hubs/__tests__/HubLanding.spec.tsx[2m > [22mHubLanding[2m > [22mhides cards in kiosk query mode for today hub[32m 6[2mms[22m[39m
 [32m笨・[39m tests/unit/hydration/navigation.rapid.spec.tsx[2m > [22mRouteHydrationListener rapid navigation handling[2m > [22msupersedes earlier spans when navigating rapidly to the same hydration key[32m 246[2mms[22m[39m
 [32m笨・[39m tests/unit/weekview.service-summary.spec.tsx[2m > [22mWeekView service summary chips[2m > [22maggregates counts by service type for the week range[33m 553[2mms[22m[39m
 [32m笨・[39m tests/rtl/daily.table-route.test.tsx[2m > [22m/daily/table route[2m > [22mrenders the table daily record form immediately[32m 237[2mms[22m[39m
 [32m笨・[39m tests/unit/hooks.useToast.spec.tsx[2m > [22museToast[2m > [22mthrows when used outside of provider[32m 41[2mms[22m[39m
 [32m笨・[39m tests/unit/hooks.useToast.spec.tsx[2m > [22museToast[2m > [22mworks when used inside ToastProvider via renderHook wrapper[32m 14[2mms[22m[39m
 [32m笨・[39m tests/unit/hooks.useToast.spec.tsx[2m > [22museToast[2m > [22mcreates toast entries using crypto.randomUUID when available and removes after timeout[32m 129[2mms[22m[39m
 [32m笨・[39m tests/unit/hooks.useToast.spec.tsx[2m > [22museToast[2m > [22mfalls back to timestamp ids when crypto unavailable and renders info styling[32m 18[2mms[22m[39m
 [32m笨・[39m tests/unit/hooks.useToast.spec.tsx[2m > [22museToast[2m > [22mrenders warning styling branch[32m 16[2mms[22m[39m
 [32m笨・[39m src/domain/isp/__tests__/schema.spec.ts[2m > [22m隨ｬ1螻､: ISP[2m > [22mispStatusSchema[2m > [22m"assessment" 繧貞女逅・☆繧・[32m 5[2mms[22m[39m
 [32m笨・[39m src/domain/isp/__tests__/schema.spec.ts[2m > [22m隨ｬ1螻､: ISP[2m > [22mispStatusSchema[2m > [22m"proposal" 繧貞女逅・☆繧・[32m 1[2mms[22m[39m
 [32m笨・[39m src/domain/isp/__tests__/schema.spec.ts[2m > [22m隨ｬ1螻､: ISP[2m > [22mispStatusSchema[2m > [22m"meeting" 繧貞女逅・☆繧・[32m 1[2mms[22m[39m
 [32m笨・[39m src/domain/isp/__tests__/schema.spec.ts[2m > [22m隨ｬ1螻､: ISP[2m > [22mispStatusSchema[2m > [22m"consent_pending" 繧貞女逅・☆繧・[32m 1[2mms[22m[39m
 [32m笨・[39m src/domain/isp/__tests__/schema.spec.ts[2m > [22m隨ｬ1螻､: ISP[2m > [22mispStatusSchema[2m > [22m"active" 繧貞女逅・☆繧・[32m 1[2mms[22m[39m
 [32m笨・[39m src/domain/isp/__tests__/schema.spec.ts[2m > [22m隨ｬ1螻､: ISP[2m > [22mispStatusSchema[2m > [22m"monitoring" 繧貞女逅・☆繧・[32m 1[2mms[22m[39m
 [32m笨・[39m src/domain/isp/__tests__/schema.spec.ts[2m > [22m隨ｬ1螻､: ISP[2m > [22mispStatusSchema[2m > [22m"revision" 繧貞女逅・☆繧・[32m 1[2mms[22m[39m
 [32m笨・[39m src/domain/isp/__tests__/schema.spec.ts[2m > [22m隨ｬ1螻､: ISP[2m > [22mispStatusSchema[2m > [22m"closed" 繧貞女逅・☆繧・[32m 1[2mms[22m[39m
 [32m笨・[39m src/domain/isp/__tests__/schema.spec.ts[2m > [22m隨ｬ1螻､: ISP[2m > [22mispStatusSchema[2m > [22m荳肴ｭ｣縺ｪ蛟､繧呈拠蜷ｦ縺吶ｋ[32m 3[2mms[22m[39m
 [32m笨・[39m src/domain/isp/__tests__/schema.spec.ts[2m > [22m隨ｬ1螻､: ISP[2m > [22mISP_STATUS_DISPLAY[2m > [22m蜈ｨ繧ｹ繝・・繧ｿ繧ｹ縺ｫ譌･譛ｬ隱槭Λ繝吶Ν縺悟ｮ夂ｾｩ縺輔ｌ縺ｦ縺・ｋ[32m 1[2mms[22m[39m
 [32m笨・[39m src/domain/isp/__tests__/schema.spec.ts[2m > [22m隨ｬ1螻､: ISP[2m > [22mispFormSchema[2m > [22m豁｣蟶ｸ縺ｪ蜈･蜉帙ｒ蜿礼炊縺吶ｋ[32m 2[2mms[22m[39m
 [32m笨・[39m src/domain/isp/__tests__/schema.spec.ts[2m > [22m隨ｬ1螻､: ISP[2m > [22mispFormSchema[2m > [22muserId 縺檎ｩｺ縺ｧ螟ｱ謨励☆繧・[32m 1[2mms[22m[39m
 [32m笨・[39m src/domain/isp/__tests__/schema.spec.ts[2m > [22m隨ｬ1螻､: ISP[2m > [22mispFormSchema[2m > [22mtitle 縺檎ｩｺ縺ｧ螟ｱ謨励☆繧・[32m 1[2mms[22m[39m
 [32m笨・[39m src/domain/isp/__tests__/schema.spec.ts[2m > [22m隨ｬ1螻､: ISP[2m > [22mispFormSchema[2m > [22muserIntent 縺檎ｩｺ縺ｧ螟ｱ謨励☆繧・[32m 1[2mms[22m[39m
 [32m笨・[39m src/domain/isp/__tests__/schema.spec.ts[2m > [22m隨ｬ1螻､: ISP[2m > [22mispFormSchema[2m > [22moverallSupportPolicy 縺檎ｩｺ縺ｧ螟ｱ謨励☆繧・[32m 1[2mms[22m[39m
 [32m笨・[39m src/domain/isp/__tests__/schema.spec.ts[2m > [22m隨ｬ1螻､: ISP[2m > [22mispFormSchema[2m > [22mlongTermGoals 縺檎ｩｺ驟榊・縺ｧ螟ｱ謨励☆繧・[32m 1[2mms[22m[39m
 [32m笨・[39m src/domain/isp/__tests__/schema.spec.ts[2m > [22m隨ｬ1螻､: ISP[2m > [22mispFormSchema[2m > [22mshortTermGoals 縺檎ｩｺ驟榊・縺ｧ螟ｱ謨励☆繧・[32m 1[2mms[22m[39m
 [32m笨・[39m src/domain/isp/__tests__/schema.spec.ts[2m > [22m隨ｬ1螻､: ISP[2m > [22mispFormSchema[2m > [22mplanStartDate 縺・ISO 蠖｢蠑上〒縺ｪ縺・→螟ｱ謨励☆繧・[32m 1[2mms[22m[39m
 [32m笨・[39m src/domain/isp/__tests__/schema.spec.ts[2m > [22m隨ｬ1螻､: ISP[2m > [22mispFormSchema[2m > [22mstatus 縺ｮ繝・ヵ繧ｩ繝ｫ繝医・ assessment[32m 1[2mms[22m[39m
 [32m笨・[39m src/domain/isp/__tests__/schema.spec.ts[2m > [22m隨ｬ1螻､: ISP[2m > [22mindividualSupportPlanSchema[2m > [22m豁｣蟶ｸ繝・・繧ｿ繧貞女逅・☆繧・[32m 2[2mms[22m[39m
 [32m笨・[39m src/domain/isp/__tests__/schema.spec.ts[2m > [22m隨ｬ1螻､: ISP[2m > [22mindividualSupportPlanSchema[2m > [22m繧ｪ繝励す繝ｧ繝ｳ鬆・岼縺ｯ逵∫払蜿ｯ閭ｽ[32m 1[2mms[22m[39m
 [32m笨・[39m src/domain/isp/__tests__/schema.spec.ts[2m > [22m隨ｬ1螻､: ISP[2m > [22mispSpRowSchema[2m > [22m豁｣蟶ｸ縺ｪ SP 陦後ｒ蜿礼炊縺吶ｋ[32m 2[2mms[22m[39m
 [32m笨・[39m src/domain/isp/__tests__/schema.spec.ts[2m > [22m隨ｬ1螻､: ISP[2m > [22mispSpRowSchema[2m > [22mnull 繝輔ぅ繝ｼ繝ｫ繝峨ｒ繝・ヵ繧ｩ繝ｫ繝亥､縺ｫ陬懈ｭ｣縺吶ｋ[32m 1[2mms[22m[39m
 [32m笨・[39m src/domain/isp/__tests__/schema.spec.ts[2m > [22m隨ｬ1螻､: ISP[2m > [22mispSpRowSchema[2m > [22mStatus 縺梧悴螳夂ｾｩ縺ｪ繧・assessment 縺ｫ繝輔か繝ｼ繝ｫ繝舌ャ繧ｯ[32m 1[2mms[22m[39m
 [32m笨・[39m src/domain/isp/__tests__/schema.spec.ts[2m > [22m隨ｬ1螻､: ISP[2m > [22mispSpRowSchema[2m > [22mCreated / Modified 縺檎怐逡･蜿ｯ閭ｽ[32m 1[2mms[22m[39m
 [32m笨・[39m src/domain/isp/__tests__/schema.spec.ts[2m > [22m隨ｬ1螻､: ISP[2m > [22mispSpRowSchema[2m > [22mId 縺梧焚蛟､縺ｧ縺ｪ縺・→螟ｱ謨励☆繧・[32m 1[2mms[22m[39m
 [32m笨・[39m src/domain/isp/__tests__/schema.spec.ts[2m > [22m隨ｬ1螻､: ISP[2m > [22mispListItemSchema[2m > [22m豁｣蟶ｸ縺ｪ荳隕ｧ繝・・繧ｿ繧貞女逅・☆繧・[32m 1[2mms[22m[39m
 [32m笨・[39m src/domain/isp/__tests__/schema.spec.ts[2m > [22m隨ｬ1螻､: ISP[2m > [22mispListItemSchema[2m > [22mnextReviewAt 縺ｯ null 險ｱ螳ｹ[32m 1[2mms[22m[39m
 [32m笨・[39m src/domain/isp/__tests__/schema.spec.ts[2m > [22m隨ｬ2螻､: 謾ｯ謠ｴ險育判繧ｷ繝ｼ繝・[2m > [22mplanningSheetStatusSchema[2m > [22m"draft" 繧貞女逅・☆繧・[32m 1[2mms[22m[39m
 [32m笨・[39m src/domain/isp/__tests__/schema.spec.ts[2m > [22m隨ｬ2螻､: 謾ｯ謠ｴ險育判繧ｷ繝ｼ繝・[2m > [22mplanningSheetStatusSchema[2m > [22m"review" 繧貞女逅・☆繧・[32m 1[2mms[22m[39m
 [32m笨・[39m src/domain/isp/__tests__/schema.spec.ts[2m > [22m隨ｬ2螻､: 謾ｯ謠ｴ險育判繧ｷ繝ｼ繝・[2m > [22mplanningSheetStatusSchema[2m > [22m"active" 繧貞女逅・☆繧・[32m 1[2mms[22m[39m
 [32m笨・[39m src/domain/isp/__tests__/schema.spec.ts[2m > [22m隨ｬ2螻､: 謾ｯ謠ｴ險育判繧ｷ繝ｼ繝・[2m > [22mplanningSheetStatusSchema[2m > [22m"revision_pending" 繧貞女逅・☆繧・[32m 0[2mms[22m[39m
 [32m笨・[39m src/domain/isp/__tests__/schema.spec.ts[2m > [22m隨ｬ2螻､: 謾ｯ謠ｴ險育判繧ｷ繝ｼ繝・[2m > [22mplanningSheetStatusSchema[2m > [22m"archived" 繧貞女逅・☆繧・[32m 0[2mms[22m[39m
 [32m笨・[39m src/domain/isp/__tests__/schema.spec.ts[2m > [22m隨ｬ2螻､: 謾ｯ謠ｴ險育判繧ｷ繝ｼ繝・[2m > [22mplanningSheetStatusSchema[2m > [22m荳肴ｭ｣縺ｪ蛟､繧呈拠蜷ｦ縺吶ｋ[32m 22[2mms[22m[39m
 [32m笨・[39m src/domain/isp/__tests__/schema.spec.ts[2m > [22m隨ｬ2螻､: 謾ｯ謠ｴ險育判繧ｷ繝ｼ繝・[2m > [22mPLANNING_SHEET_STATUS_DISPLAY[2m > [22m蜈ｨ繧ｹ繝・・繧ｿ繧ｹ縺ｫ譌･譛ｬ隱槭Λ繝吶Ν縺悟ｮ夂ｾｩ縺輔ｌ縺ｦ縺・ｋ[32m 1[2mms[22m[39m
 [32m笨・[39m src/domain/isp/__tests__/schema.spec.ts[2m > [22m隨ｬ2螻､: 謾ｯ謠ｴ險育判繧ｷ繝ｼ繝・[2m > [22mplanningSheetFormSchema[2m > [22m豁｣蟶ｸ縺ｪ蜈･蜉帙ｒ蜿礼炊縺吶ｋ[32m 7[2mms[22m[39m
 [32m笨・[39m src/domain/isp/__tests__/schema.spec.ts[2m > [22m隨ｬ2螻､: 謾ｯ謠ｴ險育判繧ｷ繝ｼ繝・[2m > [22mplanningSheetFormSchema[2m > [22mispId 縺檎ｩｺ縺ｧ螟ｱ謨励☆繧・[32m 1[2mms[22m[39m
 [32m笨・[39m src/domain/isp/__tests__/schema.spec.ts[2m > [22m隨ｬ2螻､: 謾ｯ謠ｴ險育判繧ｷ繝ｼ繝・[2m > [22mplanningSheetFormSchema[2m > [22mobservationFacts 縺檎ｩｺ縺ｧ螟ｱ謨励☆繧・[32m 1[2mms[22m[39m
 [32m笨・[39m src/domain/isp/__tests__/schema.spec.ts[2m > [22m隨ｬ2螻､: 謾ｯ謠ｴ險育判繧ｷ繝ｼ繝・[2m > [22mplanningSheetFormSchema[2m > [22minterpretationHypothesis 縺檎ｩｺ縺ｧ螟ｱ謨励☆繧・[32m 1[2mms[22m[39m
 [32m笨・[39m src/domain/isp/__tests__/schema.spec.ts[2m > [22m隨ｬ2螻､: 謾ｯ謠ｴ險育判繧ｷ繝ｼ繝・[2m > [22mplanningSheetFormSchema[2m > [22msupportIssues 縺檎ｩｺ縺ｧ螟ｱ謨励☆繧・[32m 1[2mms[22m[39m
 [32m笨・[39m src/domain/isp/__tests__/schema.spec.ts[2m > [22m隨ｬ2螻､: 謾ｯ謠ｴ險育判繧ｷ繝ｼ繝・[2m > [22mplanningSheetFormSchema[2m > [22msupportPolicy 縺檎ｩｺ縺ｧ螟ｱ謨励☆繧・[32m 3[2mms[22m[39m
 [32m笨・[39m src/domain/isp/__tests__/schema.spec.ts[2m > [22m隨ｬ2螻､: 謾ｯ謠ｴ險育判繧ｷ繝ｼ繝・[2m > [22mplanningSheetFormSchema[2m > [22mconcreteApproaches 縺檎ｩｺ縺ｧ螟ｱ謨励☆繧・[32m 1[2mms[22m[39m
 [32m笨・[39m src/domain/isp/__tests__/schema.spec.ts[2m > [22m隨ｬ2螻､: 謾ｯ謠ｴ險育判繧ｷ繝ｼ繝・[2m > [22mplanningSheetFormSchema[2m > [22mstatus 縺ｮ繝・ヵ繧ｩ繝ｫ繝医・ draft[32m 1[2mms[22m[39m
 [32m笨・[39m src/domain/isp/__tests__/schema.spec.ts[2m > [22m隨ｬ2螻､: 謾ｯ謠ｴ險育判繧ｷ繝ｼ繝・[2m > [22msupportPlanningSheetSchema[2m > [22m豁｣蟶ｸ繝・・繧ｿ繧貞女逅・☆繧・[32m 12[2mms[22m[39m
 [32m笨・[39m src/domain/isp/__tests__/schema.spec.ts[2m > [22m隨ｬ2螻､: 謾ｯ謠ｴ險育判繧ｷ繝ｼ繝・[2m > [22mplanningSheetSpRowSchema[2m > [22m豁｣蟶ｸ縺ｪ SP 陦後ｒ蜿礼炊縺吶ｋ[32m 4[2mms[22m[39m
 [32m笨・[39m src/domain/isp/__tests__/schema.spec.ts[2m > [22m隨ｬ2螻､: 謾ｯ謠ｴ險育判繧ｷ繝ｼ繝・[2m > [22mplanningSheetSpRowSchema[2m > [22mnull 繝輔ぅ繝ｼ繝ｫ繝峨ｒ繝・ヵ繧ｩ繝ｫ繝亥､縺ｫ陬懈ｭ｣縺吶ｋ[32m 1[2mms[22m[39m
 [32m笨・[39m src/domain/isp/__tests__/schema.spec.ts[2m > [22m隨ｬ2螻､: 謾ｯ謠ｴ險育判繧ｷ繝ｼ繝・[2m > [22mplanningSheetSpRowSchema[2m > [22mStatus 縺梧悴螳夂ｾｩ縺ｪ繧・draft 縺ｫ繝輔か繝ｼ繝ｫ繝舌ャ繧ｯ[32m 1[2mms[22m[39m
 [32m笨・[39m src/domain/isp/__tests__/schema.spec.ts[2m > [22m隨ｬ2螻､: 謾ｯ謠ｴ險育判繧ｷ繝ｼ繝・[2m > [22mplanningSheetListItemSchema[2m > [22m豁｣蟶ｸ縺ｪ荳隕ｧ繝・・繧ｿ繧貞女逅・☆繧・[32m 2[2mms[22m[39m
 [32m笨・[39m src/domain/isp/__tests__/schema.spec.ts[2m > [22m蛻ｶ蠎ｦ鬆・岼 enum[2m > [22mstaffQualificationSchema[2m > [22m"practical_training" 繧貞女逅・☆繧・[32m 1[2mms[22m[39m
 [32m笨・[39m src/domain/isp/__tests__/schema.spec.ts[2m > [22m蛻ｶ蠎ｦ鬆・岼 enum[2m > [22mstaffQualificationSchema[2m > [22m"basic_training" 繧貞女逅・☆繧・[32m 1[2mms[22m[39m
 [32m笨・[39m src/domain/isp/__tests__/schema.spec.ts[2m > [22m蛻ｶ蠎ｦ鬆・岼 enum[2m > [22mstaffQualificationSchema[2m > [22m"behavior_guidance_training" 繧貞女逅・☆繧・[32m 1[2mms[22m[39m
 [32m笨・[39m src/domain/isp/__tests__/schema.spec.ts[2m > [22m蛻ｶ蠎ｦ鬆・岼 enum[2m > [22mstaffQualificationSchema[2m > [22m"core_person_training" 繧貞女逅・☆繧・[32m 1[2mms[22m[39m
 [32m笨・[39m src/domain/isp/__tests__/schema.spec.ts[2m > [22m蛻ｶ蠎ｦ鬆・岼 enum[2m > [22mstaffQualificationSchema[2m > [22m"other" 繧貞女逅・☆繧・[32m 1[2mms[22m[39m
 [32m笨・[39m src/domain/isp/__tests__/schema.spec.ts[2m > [22m蛻ｶ蠎ｦ鬆・岼 enum[2m > [22mstaffQualificationSchema[2m > [22m"unknown" 繧貞女逅・☆繧・[32m 1[2mms[22m[39m
 [32m笨・[39m src/domain/isp/__tests__/schema.spec.ts[2m > [22m蛻ｶ蠎ｦ鬆・岼 enum[2m > [22mstaffQualificationSchema[2m > [22m荳肴ｭ｣縺ｪ蛟､繧呈拠蜷ｦ縺吶ｋ[32m 1[2mms[22m[39m
 [32m笨・[39m src/domain/isp/__tests__/schema.spec.ts[2m > [22m蛻ｶ蠎ｦ鬆・岼 enum[2m > [22mstaffQualificationSchema[2m > [22m蜈ｨ蛟､縺ｫ譌･譛ｬ隱槭Λ繝吶Ν縺悟ｮ夂ｾｩ縺輔ｌ縺ｦ縺・ｋ[32m 1[2mms[22m[39m
 [32m笨・[39m src/domain/isp/__tests__/schema.spec.ts[2m > [22m蛻ｶ蠎ｦ鬆・岼 enum[2m > [22mapplicableServiceTypeSchema[2m > [22m"daily_life_care" 繧貞女逅・☆繧・[32m 1[2mms[22m[39m
 [32m笨・[39m src/domain/isp/__tests__/schema.spec.ts[2m > [22m蛻ｶ蠎ｦ鬆・岼 enum[2m > [22mapplicableServiceTypeSchema[2m > [22m"residential_support" 繧貞女逅・☆繧・[32m 1[2mms[22m[39m
 [32m笨・[39m src/domain/isp/__tests__/schema.spec.ts[2m > [22m蛻ｶ蠎ｦ鬆・岼 enum[2m > [22mapplicableServiceTypeSchema[2m > [22m"short_stay" 繧貞女逅・☆繧・[32m 1[2mms[22m[39m
 [32m笨・[39m src/domain/isp/__tests__/schema.spec.ts[2m > [22m蛻ｶ蠎ｦ鬆・岼 enum[2m > [22mapplicableServiceTypeSchema[2m > [22m"group_home" 繧貞女逅・☆繧・[32m 1[2mms[22m[39m
 [32m笨・[39m src/domain/isp/__tests__/schema.spec.ts[2m > [22m蛻ｶ蠎ｦ鬆・岼 enum[2m > [22mapplicableServiceTypeSchema[2m > [22m"behavior_support" 繧貞女逅・☆繧・[32m 1[2mms[22m[39m
 [32m笨・[39m src/domain/isp/__tests__/schema.spec.ts[2m > [22m蛻ｶ蠎ｦ鬆・岼 enum[2m > [22mapplicableServiceTypeSchema[2m > [22m"home_care" 繧貞女逅・☆繧・[32m 1[2mms[22m[39m
 [32m笨・[39m src/domain/isp/__tests__/schema.spec.ts[2m > [22m蛻ｶ蠎ｦ鬆・岼 enum[2m > [22mapplicableServiceTypeSchema[2m > [22m"other" 繧貞女逅・☆繧・[32m 1[2mms[22m[39m
 [32m笨・[39m src/domain/isp/__tests__/schema.spec.ts[2m > [22m蛻ｶ蠎ｦ鬆・岼 enum[2m > [22mapplicableServiceTypeSchema[2m > [22m蜈ｨ蛟､縺ｫ譌･譛ｬ隱槭Λ繝吶Ν縺悟ｮ夂ｾｩ縺輔ｌ縺ｦ縺・ｋ[32m 1[2mms[22m[39m
 [32m笨・[39m src/domain/isp/__tests__/schema.spec.ts[2m > [22m蛻ｶ蠎ｦ鬆・岼 enum[2m > [22mapplicableAddOnTypeSchema[2m > [22m"severe_disability_support" 繧貞女逅・☆繧・[32m 1[2mms[22m[39m
 [32m笨・[39m src/domain/isp/__tests__/schema.spec.ts[2m > [22m蛻ｶ蠎ｦ鬆・岼 enum[2m > [22mapplicableAddOnTypeSchema[2m > [22m"behavior_support_coordination" 繧貞女逅・☆繧・[32m 1[2mms[22m[39m
 [32m笨・[39m src/domain/isp/__tests__/schema.spec.ts[2m > [22m蛻ｶ蠎ｦ鬆・岼 enum[2m > [22mapplicableAddOnTypeSchema[2m > [22m"specialized_support" 繧貞女逅・☆繧・[32m 1[2mms[22m[39m
 [32m笨・[39m src/domain/isp/__tests__/schema.spec.ts[2m > [22m蛻ｶ蠎ｦ鬆・岼 enum[2m > [22mapplicableAddOnTypeSchema[2m > [22m"none" 繧貞女逅・☆繧・[32m 1[2mms[22m[39m
 [32m笨・[39m src/domain/isp/__tests__/schema.spec.ts[2m > [22m蛻ｶ蠎ｦ鬆・岼 enum[2m > [22mapplicableAddOnTypeSchema[2m > [22m蜈ｨ蛟､縺ｫ譌･譛ｬ隱槭Λ繝吶Ν縺悟ｮ夂ｾｩ縺輔ｌ縺ｦ縺・ｋ[32m 1[2mms[22m[39m
 [32m笨・[39m src/domain/isp/__tests__/schema.spec.ts[2m > [22m蛻ｶ蠎ｦ鬆・岼 enum[2m > [22mregulatoryBasisSnapshotSchema[2m > [22m螳悟・縺ｪ繧ｹ繝翫ャ繝励す繝ｧ繝・ヨ繧貞女逅・☆繧・[32m 2[2mms[22m[39m
 [32m笨・[39m src/domain/isp/__tests__/schema.spec.ts[2m > [22m蛻ｶ蠎ｦ鬆・岼 enum[2m > [22mregulatoryBasisSnapshotSchema[2m > [22m遨ｺ繧ｪ繝悶ず繧ｧ繧ｯ繝医〒繝・ヵ繧ｩ繝ｫ繝亥､繧定ｿ斐☆[32m 2[2mms[22m[39m
 [32m笨・[39m src/domain/isp/__tests__/schema.spec.ts[2m > [22m蛻ｶ蠎ｦ鬆・岼 enum[2m > [22mregulatoryBasisSnapshotSchema[2m > [22mundefined 縺ｧ繝・ヵ繧ｩ繝ｫ繝亥､繧定ｿ斐☆[32m 1[2mms[22m[39m
 [32m笨・[39m src/domain/isp/__tests__/schema.spec.ts[2m > [22m謾ｯ謠ｴ險育判繧ｷ繝ｼ繝・蛻ｶ蠎ｦ鬆・岼邨ｱ蜷・[2m > [22mplanningSheetFormSchema 蛻ｶ蠎ｦ繝・ヵ繧ｩ繝ｫ繝・[2m > [22mauthoredByQualification 縺ｮ繝・ヵ繧ｩ繝ｫ繝医・ unknown[32m 1[2mms[22m[39m
 [32m笨・[39m src/domain/isp/__tests__/schema.spec.ts[2m > [22m謾ｯ謠ｴ險育判繧ｷ繝ｼ繝・蛻ｶ蠎ｦ鬆・岼邨ｱ蜷・[2m > [22mplanningSheetFormSchema 蛻ｶ蠎ｦ繝・ヵ繧ｩ繝ｫ繝・[2m > [22mapplicableServiceType 縺ｮ繝・ヵ繧ｩ繝ｫ繝医・ other[32m 1[2mms[22m[39m
 [32m笨・[39m src/domain/isp/__tests__/schema.spec.ts[2m > [22m謾ｯ謠ｴ險育判繧ｷ繝ｼ繝・蛻ｶ蠎ｦ鬆・岼邨ｱ蜷・[2m > [22mplanningSheetFormSchema 蛻ｶ蠎ｦ繝・ヵ繧ｩ繝ｫ繝・[2m > [22mapplicableAddOnTypes 縺ｮ繝・ヵ繧ｩ繝ｫ繝医・ ["none"][32m 4[2mms[22m[39m
 [32m笨・[39m src/domain/isp/__tests__/schema.spec.ts[2m > [22m謾ｯ謠ｴ險育判繧ｷ繝ｼ繝・蛻ｶ蠎ｦ鬆・岼邨ｱ蜷・[2m > [22mplanningSheetFormSchema 蛻ｶ蠎ｦ繝・ヵ繧ｩ繝ｫ繝・[2m > [22mhasMedicalCoordination 縺ｮ繝・ヵ繧ｩ繝ｫ繝医・ false[32m 1[2mms[22m[39m
 [32m笨・[39m src/domain/isp/__tests__/schema.spec.ts[2m > [22m謾ｯ謠ｴ險育判繧ｷ繝ｼ繝・蛻ｶ蠎ｦ鬆・岼邨ｱ蜷・[2m > [22msupportPlanningSheetSchema 蛻ｶ蠎ｦ繝・ヵ繧ｩ繝ｫ繝・[2m > [22m蛻ｶ蠎ｦ鬆・岼縺後ョ繝輔か繝ｫ繝亥､縺ｧ蝓九∪繧・[32m 2[2mms[22m[39m
 [32m笨・[39m src/domain/isp/__tests__/schema.spec.ts[2m > [22m謾ｯ謠ｴ險育判繧ｷ繝ｼ繝・蛻ｶ蠎ｦ鬆・岼邨ｱ蜷・[2m > [22msupportPlanningSheetSchema 蛻ｶ蠎ｦ繝・ヵ繧ｩ繝ｫ繝・[2m > [22m蛻ｶ蠎ｦ鬆・岼繧呈・遉ｺ縺ｧ縺阪ｋ[32m 1[2mms[22m[39m
 [32m笨・[39m src/domain/isp/__tests__/schema.spec.ts[2m > [22m謾ｯ謠ｴ險育判繧ｷ繝ｼ繝・蛻ｶ蠎ｦ鬆・岼邨ｱ蜷・[2m > [22mplanningSheetSpRowSchema 蛻ｶ蠎ｦ繝輔ぅ繝ｼ繝ｫ繝・[2m > [22m蛻ｶ蠎ｦ繝輔ぅ繝ｼ繝ｫ繝峨′逵∫払蜿ｯ閭ｽ・・ull 繝・ヵ繧ｩ繝ｫ繝茨ｼ・[32m 1[2mms[22m[39m
 [32m笨・[39m src/domain/isp/__tests__/schema.spec.ts[2m > [22m謾ｯ謠ｴ險育判繧ｷ繝ｼ繝・蛻ｶ蠎ｦ鬆・岼邨ｱ蜷・[2m > [22mplanningSheetSpRowSchema 蛻ｶ蠎ｦ繝輔ぅ繝ｼ繝ｫ繝・[2m > [22m蛻ｶ蠎ｦ繝輔ぅ繝ｼ繝ｫ繝峨ｒ譏守､ｺ縺ｧ縺阪ｋ[32m 1[2mms[22m[39m
 [32m笨・[39m src/domain/isp/__tests__/schema.spec.ts[2m > [22m隨ｬ3螻､: 謾ｯ謠ｴ謇矩・嶌蜈ｼ險倬鹸[2m > [22mprocedureExecutionStatusSchema[2m > [22m"planned" 繧貞女逅・☆繧・[32m 1[2mms[22m[39m
 [32m笨・[39m src/domain/isp/__tests__/schema.spec.ts[2m > [22m隨ｬ3螻､: 謾ｯ謠ｴ謇矩・嶌蜈ｼ險倬鹸[2m > [22mprocedureExecutionStatusSchema[2m > [22m"done" 繧貞女逅・☆繧・[32m 1[2mms[22m[39m
 [32m笨・[39m src/domain/isp/__tests__/schema.spec.ts[2m > [22m隨ｬ3螻､: 謾ｯ謠ｴ謇矩・嶌蜈ｼ險倬鹸[2m > [22mprocedureExecutionStatusSchema[2m > [22m"skipped" 繧貞女逅・☆繧・[32m 1[2mms[22m[39m
 [32m笨・[39m src/domain/isp/__tests__/schema.spec.ts[2m > [22m隨ｬ3螻､: 謾ｯ謠ｴ謇矩・嶌蜈ｼ險倬鹸[2m > [22mprocedureExecutionStatusSchema[2m > [22m"partially_done" 繧貞女逅・☆繧・[32m 1[2mms[22m[39m
 [32m笨・[39m src/domain/isp/__tests__/schema.spec.ts[2m > [22m隨ｬ3螻､: 謾ｯ謠ｴ謇矩・嶌蜈ｼ險倬鹸[2m > [22mprocedureExecutionStatusSchema[2m > [22m荳肴ｭ｣縺ｪ蛟､繧呈拠蜷ｦ縺吶ｋ[32m 1[2mms[22m[39m
 [32m笨・[39m src/domain/isp/__tests__/schema.spec.ts[2m > [22m隨ｬ3螻､: 謾ｯ謠ｴ謇矩・嶌蜈ｼ險倬鹸[2m > [22mEXECUTION_STATUS_DISPLAY[2m > [22m蜈ｨ繧ｹ繝・・繧ｿ繧ｹ縺ｫ譌･譛ｬ隱槭Λ繝吶Ν縺悟ｮ夂ｾｩ縺輔ｌ縺ｦ縺・ｋ[32m 1[2mms[22m[39m
 [32m笨・[39m src/domain/isp/__tests__/schema.spec.ts[2m > [22m隨ｬ3螻､: 謾ｯ謠ｴ謇矩・嶌蜈ｼ險倬鹸[2m > [22mprocedureRecordFormSchema[2m > [22m豁｣蟶ｸ縺ｪ蜈･蜉帙ｒ蜿礼炊縺吶ｋ[32m 3[2mms[22m[39m
 [32m笨・[39m src/domain/isp/__tests__/schema.spec.ts[2m > [22m隨ｬ3螻､: 謾ｯ謠ｴ謇矩・嶌蜈ｼ險倬鹸[2m > [22mprocedureRecordFormSchema[2m > [22muserId 縺檎ｩｺ縺ｧ螟ｱ謨励☆繧・[32m 2[2mms[22m[39m
 [32m笨・[39m src/domain/isp/__tests__/schema.spec.ts[2m > [22m隨ｬ3螻､: 謾ｯ謠ｴ謇矩・嶌蜈ｼ險倬鹸[2m > [22mprocedureRecordFormSchema[2m > [22mplanningSheetId 縺檎ｩｺ縺ｧ螟ｱ謨励☆繧・[32m 1[2mms[22m[39m
 [32m笨・[39m src/domain/isp/__tests__/schema.spec.ts[2m > [22m隨ｬ3螻､: 謾ｯ謠ｴ謇矩・嶌蜈ｼ險倬鹸[2m > [22mprocedureRecordFormSchema[2m > [22mprocedureText 縺檎ｩｺ縺ｧ螟ｱ謨励☆繧・[32m 3[2mms[22m[39m
 [32m笨・[39m src/domain/isp/__tests__/schema.spec.ts[2m > [22m隨ｬ3螻､: 謾ｯ謠ｴ謇矩・嶌蜈ｼ險倬鹸[2m > [22mprocedureRecordFormSchema[2m > [22mperformedBy 縺檎ｩｺ縺ｧ螟ｱ謨励☆繧・[32m 2[2mms[22m[39m
 [32m笨・[39m src/domain/isp/__tests__/schema.spec.ts[2m > [22m隨ｬ3螻､: 謾ｯ謠ｴ謇矩・嶌蜈ｼ險倬鹸[2m > [22mprocedureRecordFormSchema[2m > [22mrecordDate 縺・ISO 蠖｢蠑上〒縺ｪ縺・→螟ｱ謨励☆繧・[32m 1[2mms[22m[39m
 [32m笨・[39m src/domain/isp/__tests__/schema.spec.ts[2m > [22m隨ｬ3螻､: 謾ｯ謠ｴ謇矩・嶌蜈ｼ險倬鹸[2m > [22mprocedureRecordFormSchema[2m > [22mexecutionStatus 縺ｮ繝・ヵ繧ｩ繝ｫ繝医・ planned[32m 5[2mms[22m[39m
 [32m笨・[39m src/domain/isp/__tests__/schema.spec.ts[2m > [22m隨ｬ3螻､: 謾ｯ謠ｴ謇矩・嶌蜈ｼ險倬鹸[2m > [22msupportProcedureRecordSchema[2m > [22m豁｣蟶ｸ繝・・繧ｿ繧貞女逅・☆繧・[32m 6[2mms[22m[39m
 [32m笨・[39m src/domain/isp/__tests__/schema.spec.ts[2m > [22m隨ｬ3螻､: 謾ｯ謠ｴ謇矩・嶌蜈ｼ險倬鹸[2m > [22mprocedureRecordSpRowSchema[2m > [22m豁｣蟶ｸ縺ｪ SP 陦後ｒ蜿礼炊縺吶ｋ[32m 2[2mms[22m[39m
 [32m笨・[39m src/domain/isp/__tests__/schema.spec.ts[2m > [22m隨ｬ3螻､: 謾ｯ謠ｴ謇矩・嶌蜈ｼ險倬鹸[2m > [22mprocedureRecordSpRowSchema[2m > [22mnull 繝輔ぅ繝ｼ繝ｫ繝峨ｒ繝・ヵ繧ｩ繝ｫ繝亥､縺ｫ陬懈ｭ｣縺吶ｋ[32m 1[2mms[22m[39m
 [32m笨・[39m src/domain/isp/__tests__/schema.spec.ts[2m > [22m隨ｬ3螻､: 謾ｯ謠ｴ謇矩・嶌蜈ｼ險倬鹸[2m > [22mprocedureRecordSpRowSchema[2m > [22mExecutionStatus 縺梧悴螳夂ｾｩ縺ｪ繧・planned 縺ｫ繝輔か繝ｼ繝ｫ繝舌ャ繧ｯ[32m 1[2mms[22m[39m
 [32m笨・[39m src/domain/isp/__tests__/schema.spec.ts[2m > [22m隨ｬ3螻､: 謾ｯ謠ｴ謇矩・嶌蜈ｼ險倬鹸[2m > [22mprocedureRecordSpRowSchema[2m > [22mCreated / Modified 縺檎怐逡･蜿ｯ閭ｽ[32m 1[2mms[22m[39m
 [32m笨・[39m src/domain/isp/__tests__/schema.spec.ts[2m > [22m隨ｬ3螻､: 謾ｯ謠ｴ謇矩・嶌蜈ｼ險倬鹸[2m > [22mprocedureRecordListItemSchema[2m > [22m豁｣蟶ｸ縺ｪ荳隕ｧ繝・・繧ｿ繧貞女逅・☆繧・[32m 9[2mms[22m[39m
 [32m笨・[39m src/domain/isp/__tests__/schema.spec.ts[2m > [22m繝ｦ繝ｼ繝・ぅ繝ｪ繝・ぅ[2m > [22misValidIspTransition (schema)[2m > [22massessment 竊・proposal 縺ｯ險ｱ蜿ｯ[32m 5[2mms[22m[39m
 [32m笨・[39m src/domain/isp/__tests__/schema.spec.ts[2m > [22m繝ｦ繝ｼ繝・ぅ繝ｪ繝・ぅ[2m > [22misValidIspTransition (schema)[2m > [22massessment 竊・active 縺ｯ荳崎ｨｱ蜿ｯ[32m 1[2mms[22m[39m
 [32m笨・[39m src/domain/isp/__tests__/schema.spec.ts[2m > [22m繝ｦ繝ｼ繝・ぅ繝ｪ繝・ぅ[2m > [22misValidIspTransition (schema)[2m > [22mmonitoring 竊・revision 縺ｯ險ｱ蜿ｯ[32m 1[2mms[22m[39m
 [32m笨・[39m src/domain/isp/__tests__/schema.spec.ts[2m > [22m繝ｦ繝ｼ繝・ぅ繝ｪ繝・ぅ[2m > [22misValidIspTransition (schema)[2m > [22mmonitoring 竊・closed 縺ｯ險ｱ蜿ｯ[32m 1[2mms[22m[39m
 [32m笨・[39m src/domain/isp/__tests__/schema.spec.ts[2m > [22m繝ｦ繝ｼ繝・ぅ繝ｪ繝・ぅ[2m > [22misValidIspTransition (schema)[2m > [22mclosed 縺九ｉ縺ｮ驕ｷ遘ｻ縺ｯ縺吶∋縺ｦ荳崎ｨｱ蜿ｯ[32m 1[2mms[22m[39m
 [32m笨・[39m src/domain/isp/__tests__/schema.spec.ts[2m > [22m繝ｦ繝ｼ繝・ぅ繝ｪ繝・ぅ[2m > [22misValidIspTransition (schema)[2m > [22mrevision 竊・proposal 縺ｯ險ｱ蜿ｯ・郁ｦ狗峩縺冷・蜀肴署譯茨ｼ・[32m 1[2mms[22m[39m
 [32m笨・[39m src/domain/isp/__tests__/schema.spec.ts[2m > [22m繝ｦ繝ｼ繝・ぅ繝ｪ繝・ぅ[2m > [22mdaysUntilIspReview[2m > [22m谺｡蝗櫁ｦ狗峩縺励∪縺ｧ縺ｮ谿区律謨ｰ繧定ｨ育ｮ励☆繧・[32m 1[2mms[22m[39m
 [32m笨・[39m src/domain/isp/__tests__/schema.spec.ts[2m > [22m繝ｦ繝ｼ繝・ぅ繝ｪ繝・ぅ[2m > [22mdaysUntilIspReview[2m > [22m譛滄剞雜・℃縺ｯ雋縺ｮ蛟､繧定ｿ斐☆[32m 1[2mms[22m[39m
 [32m笨・[39m src/domain/isp/__tests__/schema.spec.ts[2m > [22m繝ｦ繝ｼ繝・ぅ繝ｪ繝・ぅ[2m > [22mdaysUntilIspReview[2m > [22mnull 縺ｮ蝣ｴ蜷医・ null 繧定ｿ斐☆[32m 1[2mms[22m[39m
 [32m笨・[39m src/domain/isp/__tests__/schema.spec.ts[2m > [22m繝ｦ繝ｼ繝・ぅ繝ｪ繝・ぅ[2m > [22mdaysUntilIspReview[2m > [22m蜷梧律縺ｯ 0 繧定ｿ斐☆[32m 1[2mms[22m[39m
 [32m笨・[39m src/domain/isp/__tests__/schema.spec.ts[2m > [22m繝ｦ繝ｼ繝・ぅ繝ｪ繝・ぅ[2m > [22misValidISPTransition (蛻ｶ蠎ｦ繝｢繝・Ν)[2m > [22massessment 竊・draft_creation 縺ｯ險ｱ蜿ｯ[32m 1[2mms[22m[39m
 [32m笨・[39m src/domain/isp/__tests__/schema.spec.ts[2m > [22m繝ｦ繝ｼ繝・ぅ繝ｪ繝・ぅ[2m > [22misValidISPTransition (蛻ｶ蠎ｦ繝｢繝・Ν)[2m > [22massessment 竊・meeting 縺ｯ荳崎ｨｱ蜿ｯ[32m 1[2mms[22m[39m
 [32m笨・[39m src/domain/isp/__tests__/schema.spec.ts[2m > [22m繝ｦ繝ｼ繝・ぅ繝ｪ繝・ぅ[2m > [22misValidISPTransition (蛻ｶ蠎ｦ繝｢繝・Ν)[2m > [22mreview 竊・draft_creation 縺ｯ險ｱ蜿ｯ・郁ｦ狗峩縺冷・蜀堺ｽ懈・・・[32m 1[2mms[22m[39m
 [32m笨・[39m src/domain/isp/__tests__/schema.spec.ts[2m > [22m繝ｦ繝ｼ繝・ぅ繝ｪ繝・ぅ[2m > [22misValidSupportPlanSheetTransition (蛻ｶ蠎ｦ繝｢繝・Ν)[2m > [22mbehavior_assessment 竊・hypothesis_organization 縺ｯ險ｱ蜿ｯ[32m 1[2mms[22m[39m
 [32m笨・[39m src/domain/isp/__tests__/schema.spec.ts[2m > [22m繝ｦ繝ｼ繝・ぅ繝ｪ繝・ぅ[2m > [22misValidSupportPlanSheetTransition (蛻ｶ蠎ｦ繝｢繝・Ν)[2m > [22mbehavior_assessment 竊・plan_creation 縺ｯ荳崎ｨｱ蜿ｯ[32m 1[2mms[22m[39m
 [32m笨・[39m src/domain/isp/__tests__/schema.spec.ts[2m > [22m繝ｦ繝ｼ繝・ぅ繝ｪ繝・ぅ[2m > [22misValidSupportPlanSheetTransition (蛻ｶ蠎ｦ繝｢繝・Ν)[2m > [22mrevision 竊・plan_creation 縺ｯ險ｱ蜿ｯ・域隼險や・蜀崎ｨ育判・・[32m 1[2mms[22m[39m
 [32m笨・[39m src/domain/isp/__tests__/schema.spec.ts[2m > [22m繝ｦ繝ｼ繝・ぅ繝ｪ繝・ぅ[2m > [22mISP_STATUS_LABELS (蛻ｶ蠎ｦ繝｢繝・Ν)[2m > [22m蜈ｨ繧ｹ繝・・繧ｿ繧ｹ縺ｫ繝ｩ繝吶Ν縺悟ｮ夂ｾｩ縺輔ｌ縺ｦ縺・ｋ[32m 1[2mms[22m[39m
 [32m笨・[39m src/domain/isp/__tests__/schema.spec.ts[2m > [22m繝ｦ繝ｼ繝・ぅ繝ｪ繝・ぅ[2m > [22mISP_TRANSITIONS (schema)[2m > [22m蜈ｨ繧ｹ繝・・繧ｿ繧ｹ縺ｮ驕ｷ遘ｻ蜈医′螳夂ｾｩ縺輔ｌ縺ｦ縺・ｋ[32m 1[2mms[22m[39m
 [32m笨・[39m src/domain/isp/__tests__/schema.spec.ts[2m > [22m繝ｦ繝ｼ繝・ぅ繝ｪ繝・ぅ[2m > [22mISP_TRANSITIONS (schema)[2m > [22m驕ｷ遘ｻ蜈医・縺吶∋縺ｦ譛牙柑縺ｪ繧ｹ繝・・繧ｿ繧ｹ蛟､[32m 1[2mms[22m[39m
 [32m笨・[39m src/domain/isp/__tests__/schema.spec.ts[2m > [22m螳溷漁繝｢繝・Ν: 繧､繝ｳ繝・・繧ｯ[2m > [22mdraftBehaviorSchema[2m > [22m豁｣蟶ｸ縺ｪ蟇ｾ雎｡陦悟虚荳区嶌縺阪ｒ蜿礼炊縺吶ｋ[32m 1[2mms[22m[39m
 [32m笨・[39m src/domain/isp/__tests__/schema.spec.ts[2m > [22m螳溷漁繝｢繝・Ν: 繧､繝ｳ繝・・繧ｯ[2m > [22mdraftBehaviorSchema[2m > [22mname 縺檎ｩｺ縺ｧ螟ｱ謨励☆繧・[32m 2[2mms[22m[39m
 [32m笨・[39m src/domain/isp/__tests__/schema.spec.ts[2m > [22m螳溷漁繝｢繝・Ν: 繧､繝ｳ繝・・繧ｯ[2m > [22mplanningIntakeSchema[2m > [22mundefined 縺ｧ蜈ｨ繝・ヵ繧ｩ繝ｫ繝亥､繧定ｿ斐☆[32m 2[2mms[22m[39m
 [32m笨・[39m src/domain/isp/__tests__/schema.spec.ts[2m > [22m螳溷漁繝｢繝・Ν: 繧､繝ｳ繝・・繧ｯ[2m > [22mplanningIntakeSchema[2m > [22m螳悟・縺ｪ繧､繝ｳ繝・・繧ｯ繧貞女逅・☆繧・[32m 4[2mms[22m[39m
 [32m笨・[39m src/domain/isp/__tests__/schema.spec.ts[2m > [22m螳溷漁繝｢繝・Ν: 繧､繝ｳ繝・・繧ｯ[2m > [22mplanningIntakeSchema[2m > [22mbehaviorItemsTotal 縺・0縲・4 縺ｮ遽・峇螟悶〒螟ｱ謨励☆繧・[32m 1[2mms[22m[39m
 [32m笨・[39m src/domain/isp/__tests__/schema.spec.ts[2m > [22m螳溷漁繝｢繝・Ν: 繧､繝ｳ繝・・繧ｯ[2m > [22mplanningIntakeSchema[2m > [22mbehaviorItemsTotal 縺悟｢・阜蛟､縺ｧ蜿礼炊縺輔ｌ繧・[32m 1[2mms[22m[39m
 [32m笨・[39m src/domain/isp/__tests__/schema.spec.ts[2m > [22m螳溷漁繝｢繝・Ν: 繧｢繧ｻ繧ｹ繝｡繝ｳ繝・[2m > [22massessedBehaviorSchema[2m > [22m謫堺ｽ懃噪螳夂ｾｩ繧貞性繧蟇ｾ雎｡陦悟虚繧貞女逅・☆繧・[32m 1[2mms[22m[39m
 [32m笨・[39m src/domain/isp/__tests__/schema.spec.ts[2m > [22m螳溷漁繝｢繝・Ν: 繧｢繧ｻ繧ｹ繝｡繝ｳ繝・[2m > [22mabcEventSchema[2m > [22mABC 隕ｳ蟇溘う繝吶Φ繝医ｒ蜿礼炊縺吶ｋ[32m 1[2mms[22m[39m
 [32m笨・[39m src/domain/isp/__tests__/schema.spec.ts[2m > [22m螳溷漁繝｢繝・Ν: 繧｢繧ｻ繧ｹ繝｡繝ｳ繝・[2m > [22mbehaviorHypothesisSchema[2m > [22m讖溯・莉ｮ隱ｬ繧貞女逅・☆繧・[32m 1[2mms[22m[39m
 [32m笨・[39m src/domain/isp/__tests__/schema.spec.ts[2m > [22m螳溷漁繝｢繝・Ν: 繧｢繧ｻ繧ｹ繝｡繝ｳ繝・[2m > [22mbehaviorHypothesisSchema[2m > [22mconfidence 縺ｮ繝・ヵ繧ｩ繝ｫ繝医・ low[32m 1[2mms[22m[39m
 [32m笨・[39m src/domain/isp/__tests__/schema.spec.ts[2m > [22m螳溷漁繝｢繝・Ν: 繧｢繧ｻ繧ｹ繝｡繝ｳ繝・[2m > [22mriskLevelSchema[2m > [22m"low" 繧貞女逅・☆繧・[32m 1[2mms[22m[39m
 [32m笨・[39m src/domain/isp/__tests__/schema.spec.ts[2m > [22m螳溷漁繝｢繝・Ν: 繧｢繧ｻ繧ｹ繝｡繝ｳ繝・[2m > [22mriskLevelSchema[2m > [22m"medium" 繧貞女逅・☆繧・[32m 1[2mms[22m[39m
 [32m笨・[39m src/domain/isp/__tests__/schema.spec.ts[2m > [22m螳溷漁繝｢繝・Ν: 繧｢繧ｻ繧ｹ繝｡繝ｳ繝・[2m > [22mriskLevelSchema[2m > [22m"high" 繧貞女逅・☆繧・[32m 1[2mms[22m[39m
 [32m笨・[39m src/domain/isp/__tests__/schema.spec.ts[2m > [22m螳溷漁繝｢繝・Ν: 繧｢繧ｻ繧ｹ繝｡繝ｳ繝・[2m > [22mriskLevelSchema[2m > [22m荳肴ｭ｣縺ｪ蛟､繧呈拠蜷ｦ縺吶ｋ[32m 1[2mms[22m[39m
 [32m笨・[39m src/domain/isp/__tests__/schema.spec.ts[2m > [22m螳溷漁繝｢繝・Ν: 繧｢繧ｻ繧ｹ繝｡繝ｳ繝・[2m > [22mplanningAssessmentSchema[2m > [22mundefined 縺ｧ蜈ｨ繝・ヵ繧ｩ繝ｫ繝亥､繧定ｿ斐☆[32m 1[2mms[22m[39m
 [32m笨・[39m src/domain/isp/__tests__/schema.spec.ts[2m > [22m螳溷漁繝｢繝・Ν: 繧｢繧ｻ繧ｹ繝｡繝ｳ繝・[2m > [22mplanningAssessmentSchema[2m > [22m螳悟・縺ｪ繧｢繧ｻ繧ｹ繝｡繝ｳ繝医ｒ蜿礼炊縺吶ｋ[32m 2[2mms[22m[39m
 [32m笨・[39m src/domain/isp/__tests__/schema.spec.ts[2m > [22m螳溷漁繝｢繝・Ν: 繝励Λ繝ｳ繝九Φ繧ｰ[2m > [22mprocedureStepSchema[2m > [22m豁｣蟶ｸ縺ｪ謇矩・せ繝・ャ繝励ｒ蜿礼炊縺吶ｋ[32m 2[2mms[22m[39m
 [32m笨・[39m src/domain/isp/__tests__/schema.spec.ts[2m > [22m螳溷漁繝｢繝・Ν: 繝励Λ繝ｳ繝九Φ繧ｰ[2m > [22mprocedureStepSchema[2m > [22morder 縺・0 縺ｧ螟ｱ謨励☆繧・[32m 2[2mms[22m[39m
 [32m笨・[39m src/domain/isp/__tests__/schema.spec.ts[2m > [22m螳溷漁繝｢繝・Ν: 繝励Λ繝ｳ繝九Φ繧ｰ[2m > [22mprocedureStepSchema[2m > [22minstruction 縺檎ｩｺ縺ｧ螟ｱ謨励☆繧・[32m 3[2mms[22m[39m
 [32m笨・[39m src/domain/isp/__tests__/schema.spec.ts[2m > [22m螳溷漁繝｢繝・Ν: 繝励Λ繝ｳ繝九Φ繧ｰ[2m > [22mrestraintPolicySchema[2m > [22mprohibited_except_emergency 繧貞女逅・☆繧・[32m 1[2mms[22m[39m
 [32m笨・[39m src/domain/isp/__tests__/schema.spec.ts[2m > [22m螳溷漁繝｢繝・Ν: 繝励Λ繝ｳ繝九Φ繧ｰ[2m > [22mrestraintPolicySchema[2m > [22mnot_applicable 繧貞女逅・☆繧・[32m 1[2mms[22m[39m
 [32m笨・[39m src/domain/isp/__tests__/schema.spec.ts[2m > [22m螳溷漁繝｢繝・Ν: 繝励Λ繝ｳ繝九Φ繧ｰ[2m > [22mrestraintPolicySchema[2m > [22m荳肴ｭ｣縺ｪ蛟､繧呈拠蜷ｦ縺吶ｋ・・llowed 遲会ｼ・[32m 1[2mms[22m[39m
 [32m笨・[39m src/domain/isp/__tests__/schema.spec.ts[2m > [22m螳溷漁繝｢繝・Ν: 繝励Λ繝ｳ繝九Φ繧ｰ[2m > [22mplanningDesignSchema[2m > [22mundefined 縺ｧ蜈ｨ繝・ヵ繧ｩ繝ｫ繝亥､繧定ｿ斐☆[32m 1[2mms[22m[39m
 [32m笨・[39m src/domain/isp/__tests__/schema.spec.ts[2m > [22m螳溷漁繝｢繝・Ν: 繝励Λ繝ｳ繝九Φ繧ｰ[2m > [22mplanningDesignSchema[2m > [22m螳悟・縺ｪ繝励Λ繝ｳ繝九Φ繧ｰ繧貞女逅・☆繧・[32m 2[2mms[22m[39m
 [32m笨・[39m src/domain/isp/__tests__/schema.spec.ts[2m > [22m螳溷漁繝｢繝・Ν: 繝励Λ繝ｳ繝九Φ繧ｰ[2m > [22mplanningDesignSchema[2m > [22mreviewCycleDays 縺・0 縺ｧ螟ｱ謨励☆繧・[32m 1[2mms[22m[39m
 [32m笨・[39m src/domain/isp/__tests__/schema.spec.ts[2m > [22m螳溷漁繝｢繝・Ν: 繝峨Γ繧､繝ｳ繝｢繝・Ν邨ｱ蜷・[2m > [22msupportPlanningSheetSchema 縺ｫ螳溷漁繝｢繝・Ν縺後ョ繝輔か繝ｫ繝医〒蜷ｫ縺ｾ繧後ｋ[32m 2[2mms[22m[39m
 [32m笨・[39m src/domain/isp/__tests__/schema.spec.ts[2m > [22m螳溷漁繝｢繝・Ν: 繝峨Γ繧､繝ｳ繝｢繝・Ν邨ｱ蜷・[2m > [22msupportPlanningSheetSchema 縺ｫ螳溷漁繝｢繝・Ν繧呈・遉ｺ縺ｧ縺阪ｋ[32m 1[2mms[22m[39m
 [32m笨・[39m src/domain/isp/__tests__/schema.spec.ts[2m > [22m螳溷漁繝｢繝・Ν: 繝峨Γ繧､繝ｳ繝｢繝・Ν邨ｱ蜷・[2m > [22mplanningSheetSpRowSchema 縺ｮ JSON 蛻励′逵∫払蜿ｯ閭ｽ[32m 1[2mms[22m[39m
 [32m笨・[39m src/domain/isp/__tests__/schema.spec.ts[2m > [22mISP 繧ｳ繝ｳ繝励Λ繧､繧｢繝ｳ繧ｹ繝｡繧ｿ繝・・繧ｿ (A-1)[2m > [22mispConsentDetailSchema[2m > [22m遨ｺ繧ｪ繝悶ず繧ｧ繧ｯ繝医°繧峨ョ繝輔か繝ｫ繝医′逕滓・縺輔ｌ繧・[32m 1[2mms[22m[39m
 [32m笨・[39m src/domain/isp/__tests__/schema.spec.ts[2m > [22mISP 繧ｳ繝ｳ繝励Λ繧､繧｢繝ｳ繧ｹ繝｡繧ｿ繝・・繧ｿ (A-1)[2m > [22mispConsentDetailSchema[2m > [22m驛ｨ蛻・噪縺ｪ蜈･蜉帙〒繧ゅョ繝輔か繝ｫ繝郁｣懷ｮ後＆繧後ｋ[32m 2[2mms[22m[39m
 [32m笨・[39m src/domain/isp/__tests__/schema.spec.ts[2m > [22mISP 繧ｳ繝ｳ繝励Λ繧､繧｢繝ｳ繧ｹ繝｡繧ｿ繝・・繧ｿ (A-1)[2m > [22mispDeliveryDetailSchema[2m > [22m遨ｺ繧ｪ繝悶ず繧ｧ繧ｯ繝医°繧峨ョ繝輔か繝ｫ繝医′逕滓・縺輔ｌ繧・[32m 1[2mms[22m[39m
 [32m笨・[39m src/domain/isp/__tests__/schema.spec.ts[2m > [22mISP 繧ｳ繝ｳ繝励Λ繧､繧｢繝ｳ繧ｹ繝｡繧ｿ繝・・繧ｿ (A-1)[2m > [22mispDeliveryDetailSchema[2m > [22m莠､莉俶ュ蝣ｱ繧定ｨｭ螳壹〒縺阪ｋ[32m 1[2mms[22m[39m
 [32m笨・[39m src/domain/isp/__tests__/schema.spec.ts[2m > [22mISP 繧ｳ繝ｳ繝励Λ繧､繧｢繝ｳ繧ｹ繝｡繧ｿ繝・・繧ｿ (A-1)[2m > [22mispReviewControlSchema[2m > [22m遨ｺ繧ｪ繝悶ず繧ｧ繧ｯ繝医°繧峨ョ繝輔か繝ｫ繝茨ｼ・80譌･・峨′逕滓・縺輔ｌ繧・[32m 1[2mms[22m[39m
 [32m笨・[39m src/domain/isp/__tests__/schema.spec.ts[2m > [22mISP 繧ｳ繝ｳ繝励Λ繧､繧｢繝ｳ繧ｹ繝｡繧ｿ繝・・繧ｿ (A-1)[2m > [22mispReviewControlSchema[2m > [22m隕狗峩縺怜捉譛溘ｒ螟画峩縺ｧ縺阪ｋ[32m 1[2mms[22m[39m
 [32m笨・[39m src/domain/isp/__tests__/schema.spec.ts[2m > [22mISP 繧ｳ繝ｳ繝励Λ繧､繧｢繝ｳ繧ｹ繝｡繧ｿ繝・・繧ｿ (A-1)[2m > [22mispReviewControlSchema[2m > [22mreviewCycleDays 縺・0 莉･荳九・蝣ｴ蜷医お繝ｩ繝ｼ[32m 1[2mms[22m[39m
 [32m笨・[39m src/domain/isp/__tests__/schema.spec.ts[2m > [22mISP 繧ｳ繝ｳ繝励Λ繧､繧｢繝ｳ繧ｹ繝｡繧ｿ繝・・繧ｿ (A-1)[2m > [22mispComplianceMetadataSchema[2m > [22mundefined縺九ｉ繝輔Ν繝・ヵ繧ｩ繝ｫ繝医′逕滓・縺輔ｌ繧・[32m 1[2mms[22m[39m
 [32m笨・[39m src/domain/isp/__tests__/schema.spec.ts[2m > [22mISP 繧ｳ繝ｳ繝励Λ繧､繧｢繝ｳ繧ｹ繝｡繧ｿ繝・・繧ｿ (A-1)[2m > [22mispComplianceMetadataSchema[2m > [22m逕滓ｴｻ莉玖ｭｷ縺ｮ繝輔Ν蜈･蜉帙ｒ蜿励￠莉倥￠繧・[32m 1[2mms[22m[39m
 [32m笨・[39m src/domain/isp/__tests__/schema.spec.ts[2m > [22mISP 繧ｳ繝ｳ繝励Λ繧､繧｢繝ｳ繧ｹ繝｡繧ｿ繝・・繧ｿ (A-1)[2m > [22mispComplianceMetadataSchema[2m > [22m荳肴ｭ｣縺ｪ serviceType 縺ｯ繧ｨ繝ｩ繝ｼ[32m 1[2mms[22m[39m
 [32m笨・[39m src/domain/isp/__tests__/schema.spec.ts[2m > [22mISP 繧ｳ繝ｳ繝励Λ繧､繧｢繝ｳ繧ｹ繝｡繧ｿ繝・・繧ｿ (A-1)[2m > [22m蠕梧婿莠呈鋤諤ｧ[2m > [22mispFormSchema: compliance 辟｡縺励〒繧ゅヱ繝ｼ繧ｹ縺ｧ縺阪ｋ[32m 2[2mms[22m[39m
 [32m笨・[39m src/domain/isp/__tests__/schema.spec.ts[2m > [22mISP 繧ｳ繝ｳ繝励Λ繧､繧｢繝ｳ繧ｹ繝｡繧ｿ繝・・繧ｿ (A-1)[2m > [22m蠕梧婿莠呈鋤諤ｧ[2m > [22mindividualSupportPlanSchema: compliance 辟｡縺励〒繧ゅヱ繝ｼ繧ｹ縺ｧ縺阪ｋ[32m 1[2mms[22m[39m
 [32m笨・[39m src/domain/isp/__tests__/schema.spec.ts[2m > [22mISP 繧ｳ繝ｳ繝励Λ繧､繧｢繝ｳ繧ｹ繝｡繧ｿ繝・・繧ｿ (A-1)[2m > [22m蠕梧婿莠呈鋤諤ｧ[2m > [22mispFormSchema: compliance 莉倥″縺ｧ繧ゅヱ繝ｼ繧ｹ縺ｧ縺阪ｋ[32m 1[2mms[22m[39m
 [32m笨・[39m src/domain/isp/__tests__/schema.spec.ts[2m > [22mISP 繧ｳ繝ｳ繝励Λ繧､繧｢繝ｳ繧ｹ繝｡繧ｿ繝・・繧ｿ (A-1)[2m > [22mispSpRowSchema ComplianceJson[2m > [22mComplianceJson 縺・null 縺ｧ繧よｭ｣蟶ｸ[32m 1[2mms[22m[39m
 [32m笨・[39m src/domain/isp/__tests__/schema.spec.ts[2m > [22mISP 繧ｳ繝ｳ繝励Λ繧､繧｢繝ｳ繧ｹ繝｡繧ｿ繝・・繧ｿ (A-1)[2m > [22mispSpRowSchema ComplianceJson[2m > [22mComplianceJson 縺ｫ JSON 譁・ｭ怜・繧剃ｿ晏ｭ倥〒縺阪ｋ[32m 1[2mms[22m[39m
 [32m笨・[39m src/domain/isp/__tests__/schema.spec.ts[2m > [22mISP 繧ｳ繝ｳ繝励Λ繧､繧｢繝ｳ繧ｹ繝｡繧ｿ繝・・繧ｿ (A-1)[2m > [22misIspReviewOverdue[2m > [22mcompliance 縺・undefined 竊・false[32m 1[2mms[22m[39m
 [32m笨・[39m src/domain/isp/__tests__/schema.spec.ts[2m > [22mISP 繧ｳ繝ｳ繝励Λ繧､繧｢繝ｳ繧ｹ繝｡繧ｿ繝・・繧ｿ (A-1)[2m > [22misIspReviewOverdue[2m > [22mnextReviewDueAt 縺・null 竊・false[32m 1[2mms[22m[39m
 [32m笨・[39m src/domain/isp/__tests__/schema.spec.ts[2m > [22mISP 繧ｳ繝ｳ繝励Λ繧､繧｢繝ｳ繧ｹ繝｡繧ｿ繝・・繧ｿ (A-1)[2m > [22misIspReviewOverdue[2m > [22m譛滄剞蜀・竊・false[32m 1[2mms[22m[39m
 [32m笨・[39m src/domain/isp/__tests__/schema.spec.ts[2m > [22mISP 繧ｳ繝ｳ繝励Λ繧､繧｢繝ｳ繧ｹ繝｡繧ｿ繝・・繧ｿ (A-1)[2m > [22misIspReviewOverdue[2m > [22m蠖捺律 竊・false・亥ｽ捺律縺ｯ雜・℃縺ｧ縺ｯ縺ｪ縺・ｼ・[32m 1[2mms[22m[39m
 [32m笨・[39m src/domain/isp/__tests__/schema.spec.ts[2m > [22mISP 繧ｳ繝ｳ繝励Λ繧､繧｢繝ｳ繧ｹ繝｡繧ｿ繝・・繧ｿ (A-1)[2m > [22misIspReviewOverdue[2m > [22m鄙梧律 竊・true・郁ｶ・℃・・[32m 1[2mms[22m[39m
 [32m笨・[39m src/domain/isp/__tests__/schema.spec.ts[2m > [22mISP 繧ｳ繝ｳ繝励Λ繧､繧｢繝ｳ繧ｹ繝｡繧ｿ繝・・繧ｿ (A-1)[2m > [22mcomputeIspReviewOverdueDays[2m > [22mcompliance 縺・undefined 竊・null[32m 1[2mms[22m[39m
 [32m笨・[39m src/domain/isp/__tests__/schema.spec.ts[2m > [22mISP 繧ｳ繝ｳ繝励Λ繧､繧｢繝ｳ繧ｹ繝｡繧ｿ繝・・繧ｿ (A-1)[2m > [22mcomputeIspReviewOverdueDays[2m > [22m譛滄剞蜀・竊・0[32m 1[2mms[22m[39m
 [32m笨・[39m src/domain/isp/__tests__/schema.spec.ts[2m > [22mISP 繧ｳ繝ｳ繝励Λ繧､繧｢繝ｳ繧ｹ繝｡繧ｿ繝・・繧ｿ (A-1)[2m > [22mcomputeIspReviewOverdueDays[2m > [22m3譌･雜・℃ 竊・3[32m 1[2mms[22m[39m
 [32m笨・[39m src/domain/isp/__tests__/schema.spec.ts[2m > [22mISP 繧ｳ繝ｳ繝励Λ繧､繧｢繝ｳ繧ｹ繝｡繧ｿ繝・・繧ｿ (A-1)[2m > [22mvalidateStandardServiceHours[2m > [22mnull 竊・null・域悴蜈･蜉帙・險ｱ螳ｹ・・[32m 1[2mms[22m[39m
 [32m笨・[39m src/domain/isp/__tests__/schema.spec.ts[2m > [22mISP 繧ｳ繝ｳ繝励Λ繧､繧｢繝ｳ繧ｹ繝｡繧ｿ繝・・繧ｿ (A-1)[2m > [22mvalidateStandardServiceHours[2m > [22mundefined 竊・null[32m 1[2mms[22m[39m
 [32m笨・[39m src/domain/isp/__tests__/schema.spec.ts[2m > [22mISP 繧ｳ繝ｳ繝励Λ繧､繧｢繝ｳ繧ｹ繝｡繧ｿ繝・・繧ｿ (A-1)[2m > [22mvalidateStandardServiceHours[2m > [22m豁｣蟶ｸ蛟､ 竊・null[32m 1[2mms[22m[39m
 [32m笨・[39m src/domain/isp/__tests__/schema.spec.ts[2m > [22mISP 繧ｳ繝ｳ繝励Λ繧､繧｢繝ｳ繧ｹ繝｡繧ｿ繝・・繧ｿ (A-1)[2m > [22mvalidateStandardServiceHours[2m > [22m0 竊・null・・譎る俣繧よ怏蜉ｹ・・[32m 1[2mms[22m[39m
 [32m笨・[39m src/domain/isp/__tests__/schema.spec.ts[2m > [22mISP 繧ｳ繝ｳ繝励Λ繧､繧｢繝ｳ繧ｹ繝｡繧ｿ繝・・繧ｿ (A-1)[2m > [22mvalidateStandardServiceHours[2m > [22m雋縺ｮ蛟､ 竊・繧ｨ繝ｩ繝ｼ繝｡繝・そ繝ｼ繧ｸ[32m 1[2mms[22m[39m
 [32m笨・[39m src/domain/isp/__tests__/schema.spec.ts[2m > [22mISP 繧ｳ繝ｳ繝励Λ繧､繧｢繝ｳ繧ｹ繝｡繧ｿ繝・・繧ｿ (A-1)[2m > [22mvalidateStandardServiceHours[2m > [22m24雜・竊・繧ｨ繝ｩ繝ｼ繝｡繝・そ繝ｼ繧ｸ[32m 1[2mms[22m[39m
 [32m笨・[39m src/domain/isp/__tests__/schema.spec.ts[2m > [22mISP 繧ｳ繝ｳ繝励Λ繧､繧｢繝ｳ繧ｹ繝｡繧ｿ繝・・繧ｿ (A-1)[2m > [22mvalidateStandardServiceHours[2m > [22m24.0 竊・null・医■繧・≧縺ｩ24縺ｯ險ｱ螳ｹ・・[32m 1[2mms[22m[39m
[90mstdout[2m | src/features/exceptions/hooks/__tests__/useExceptionDataSources.spec.tsx
[22m[39m[MSAL ENV] Validated successfully

 [32m笨・[39m src/features/today/components/TodayExceptionAlerts.spec.tsx[2m > [22mTodayExceptionAlerts[2m > [22m蜿ｸ莉､蝪泌━蜈医メ繝・・繧偵け繝ｪ繝・け縺吶ｋ縺ｨ ExceptionCenter deep link 縺ｸ驕ｷ遘ｻ縺吶ｋ[32m 162[2mms[22m[39m
 [32m笨・[39m src/features/today/components/TodayExceptionAlerts.spec.tsx[2m > [22mTodayExceptionAlerts[2m > [22mtopPriorityItem 縺後≠繧九→縺阪・蜈磯ｭ陦後↓蜿ｸ莉､蝪泌━蜈医メ繝・・繧定｡ｨ遉ｺ縺吶ｋ[32m 52[2mms[22m[39m
 [32m笨・[39m src/features/today/components/TodayExceptionAlerts.spec.tsx[2m > [22mTodayExceptionAlerts[2m > [22mtopPriorityItem 縺・null 縺ｮ縺ｨ縺阪・蜿ｸ莉､蝪泌━蜈医メ繝・・繧定｡ｨ遉ｺ縺励↑縺・[32m 21[2mms[22m[39m
 [32m笨・[39m src/features/today/components/TodayExceptionAlerts.spec.tsx[2m > [22mTodayExceptionAlerts[2m > [22mtopPriorityItem 縺・heroItem 縺ｮ蝣ｴ蜷医・隕∫｢ｺ隱阪Μ繧ｹ繝医・荳ｦ縺ｳ繧貞ｴｩ縺輔↑縺・[32m 41[2mms[22m[39m
 [32m笨・[39m src/features/kokuhoren-preview/__tests__/useKokuhorenMonthlyPreview.spec.tsx[2m > [22museKokuhorenMonthlyPreview[2m > [22mfetches monthly records and calls validateMonthly with transformed input[32m 121[2mms[22m[39m
 [32m笨・[39m src/features/kokuhoren-preview/__tests__/useKokuhorenMonthlyPreview.spec.tsx[2m > [22museKokuhorenMonthlyPreview[2m > [22mcaptures repository errors and keeps result null[32m 79[2mms[22m[39m
 [32m笨・[39m src/features/today/widgets/AttendanceSummaryCard.spec.tsx[2m > [22mAttendanceSummaryCard[2m > [22mdisplays attendance counts with absence breakdown[32m 148[2mms[22m[39m
 [32m笨・[39m src/features/today/widgets/AttendanceSummaryCard.spec.tsx[2m > [22mAttendanceSummaryCard[2m > [22mshows 險倬鹸驥崎ｦ・label for same-day absence[32m 31[2mms[22m[39m
 [32m笨・[39m src/features/today/widgets/AttendanceSummaryCard.spec.tsx[2m > [22mAttendanceSummaryCard[2m > [22mhides 險倬鹸驥崎ｦ・when only prior absences exist[32m 10[2mms[22m[39m
 [32m笨・[39m src/features/today/widgets/AttendanceSummaryCard.spec.tsx[2m > [22mAttendanceSummaryCard[2m > [22mhides absence & late chips when counts are 0[32m 9[2mms[22m[39m
 [32m笨・[39m src/features/today/widgets/AttendanceSummaryCard.spec.tsx[2m > [22mAttendanceSummaryCard[2m > [22mhas data-testid for integration testing[32m 6[2mms[22m[39m
 [32m笨・[39m src/features/today/widgets/AttendanceSummaryCard.spec.tsx[2m > [22mAttendanceSummaryCard[2m > [22mshows empty state when all counts are 0[32m 14[2mms[22m[39m
 [32m笨・[39m src/features/meeting/__tests__/MeetingStepsChecklist.test.tsx[2m > [22mMeetingStepsChecklist[2m > [22mPhase 4B: 繧ｿ繧､繝医Ν縺ｨ蝓ｺ譛ｬ逧・↑繧ｹ繝・ャ繝玲ュ蝣ｱ繧定｡ｨ遉ｺ縺ｧ縺阪ｋ[32m 136[2mms[22m[39m
 [32m笨・[39m src/features/meeting/__tests__/MeetingStepsChecklist.test.tsx[2m > [22mMeetingStepsChecklist[2m > [22m螳御ｺ・ｸ医∩繧ｹ繝・ャ繝励↓驕ｩ蛻・↑繧ｹ繧ｿ繧､繝ｫ縺碁←逕ｨ縺輔ｌ繧・[32m 54[2mms[22m[39m
 [32m笨・[39m src/features/meeting/__tests__/MeetingStepsChecklist.test.tsx[2m > [22mMeetingStepsChecklist[2m > [22m繧ｹ繝・ャ繝励け繝ｪ繝・け縺ｧonToggleStep縺梧ｭ｣縺励＞蠑墓焚縺ｧ蜻ｼ縺ｰ繧後ｋ[32m 55[2mms[22m[39m
 [32m笨・[39m src/features/meeting/__tests__/MeetingStepsChecklist.test.tsx[2m > [22mMeetingStepsChecklist[2m > [22m螟穂ｼ壹Δ繝ｼ繝峨〒colorVariant="secondary"縺碁←逕ｨ縺輔ｌ繧・[32m 26[2mms[22m[39m
 [32m笨・[39m src/features/meeting/__tests__/MeetingStepsChecklist.test.tsx[2m > [22mMeetingStepsChecklist[2m > [22mfooterText縺梧署萓帙＆繧後◆蝣ｴ蜷医√ヵ繝・ち繝ｼ繝｡繝・そ繝ｼ繧ｸ縺瑚｡ｨ遉ｺ縺輔ｌ繧・[32m 25[2mms[22m[39m
 [32m笨・[39m src/features/meeting/__tests__/MeetingStepsChecklist.test.tsx[2m > [22mMeetingStepsChecklist[2m > [22m遨ｺ縺ｮ繧ｹ繝・ャ繝鈴・蛻励〒繧よｭ｣蟶ｸ縺ｫ繝ｬ繝ｳ繝繝ｪ繝ｳ繧ｰ縺輔ｌ繧・[32m 32[2mms[22m[39m
 [32m笨・[39m src/features/meeting/__tests__/MeetingStepsChecklist.test.tsx[2m > [22mMeetingStepsChecklist[2m > [22m繧ｹ繝・ャ繝悠D縺ｮ陦ｨ遉ｺ讖溯・繧堤｢ｺ隱・[32m 22[2mms[22m[39m
 [32m笨・[39m src/features/exceptions/hooks/__tests__/useExceptionDataSources.spec.tsx[2m > [22museExceptionDataSources - ISP hasPlan 邨仙粋[2m > [22mcurrent ISP 繧呈戟縺､ user 縺ｯ hasPlan = true, 謖√◆縺ｪ縺・user 縺ｯ hasPlan = false 縺ｫ縺ｪ繧・[32m 112[2mms[22m[39m
 [32m笨・[39m src/features/exceptions/hooks/__tests__/useExceptionDataSources.spec.tsx[2m > [22museExceptionDataSources - ISP hasPlan 邨仙粋[2m > [22mISP 蜿門ｾ怜､ｱ謨玲凾縺ｯ螳牙・蛛ｴ縺ｫ繝輔か繝ｼ繝ｫ繝舌ャ繧ｯ縺励※蜈ｨ蜩｡縺ｮ hasPlan = true 縺ｫ縺ｪ繧・[32m 83[2mms[22m[39m
 [32m笨・[39m tests/unit/features/daily/DailyPhaseHintBanner.spec.tsx[2m > [22mgetDailyPhaseHint[2m > [22m06:00 竊・record-review[32m 5[2mms[22m[39m
 [32m笨・[39m tests/unit/features/daily/DailyPhaseHintBanner.spec.tsx[2m > [22mgetDailyPhaseHint[2m > [22m07:30 竊・record-review[32m 1[2mms[22m[39m
 [32m笨・[39m tests/unit/features/daily/DailyPhaseHintBanner.spec.tsx[2m > [22mgetDailyPhaseHint[2m > [22m08:30 竊・preparation[32m 1[2mms[22m[39m
 [32m笨・[39m tests/unit/features/daily/DailyPhaseHintBanner.spec.tsx[2m > [22mgetDailyPhaseHint[2m > [22m09:00 竊・morning-meeting[32m 1[2mms[22m[39m
 [32m笨・[39m tests/unit/features/daily/DailyPhaseHintBanner.spec.tsx[2m > [22mgetDailyPhaseHint[2m > [22m09:15 竊・am-operation[32m 1[2mms[22m[39m
 [32m笨・[39m tests/unit/features/daily/DailyPhaseHintBanner.spec.tsx[2m > [22mgetDailyPhaseHint[2m > [22m11:00 竊・am-operation[32m 1[2mms[22m[39m
 [32m笨・[39m tests/unit/features/daily/DailyPhaseHintBanner.spec.tsx[2m > [22mgetDailyPhaseHint[2m > [22m12:00 竊・pm-operation[32m 1[2mms[22m[39m
 [32m笨・[39m tests/unit/features/daily/DailyPhaseHintBanner.spec.tsx[2m > [22mgetDailyPhaseHint[2m > [22m14:00 竊・pm-operation[32m 1[2mms[22m[39m
 [32m笨・[39m tests/unit/features/daily/DailyPhaseHintBanner.spec.tsx[2m > [22mgetDailyPhaseHint[2m > [22m15:30 竊・pm-operation[32m 1[2mms[22m[39m
 [32m笨・[39m tests/unit/features/daily/DailyPhaseHintBanner.spec.tsx[2m > [22mgetDailyPhaseHint[2m > [22m16:00 竊・record-review[32m 1[2mms[22m[39m
 [32m笨・[39m tests/unit/features/daily/DailyPhaseHintBanner.spec.tsx[2m > [22mgetDailyPhaseHint[2m > [22m17:00 竊・record-review[32m 1[2mms[22m[39m
 [32m笨・[39m tests/unit/features/daily/DailyPhaseHintBanner.spec.tsx[2m > [22mgetDailyPhaseHint[2m > [22m20:00 竊・record-review[32m 1[2mms[22m[39m
 [32m笨・[39m tests/unit/features/daily/DailyPhaseHintBanner.spec.tsx[2m > [22mgetDailyPhaseHint[2m > [22m03:00 竊・record-review[32m 1[2mms[22m[39m
 [32m笨・[39m tests/unit/features/daily/DailyPhaseHintBanner.spec.tsx[2m > [22mgetDailyPhaseHint[2m > [22m縺吶∋縺ｦ縺ｮ繝輔ぉ繝ｼ繧ｺ縺ｧ suggestedAction 縺ｨ color 縺悟ｮ夂ｾｩ縺輔ｌ縺ｦ縺・ｋ[32m 1[2mms[22m[39m
 [32m笨・[39m tests/unit/features/daily/DailyPhaseHintBanner.spec.tsx[2m > [22mgetDailyPhaseHint[2m > [22m譛昜ｼ壹・ warning, AM/PM activity 縺ｯ info, 謖ｯ繧願ｿ斐ｊ縺ｯ success[32m 1[2mms[22m[39m
 [32m笨・[39m tests/unit/features/daily/DailyPhaseHintBanner.spec.tsx[2m > [22mgetDailyPhaseHint[2m > [22m謗ｨ螂ｨ繧｢繧ｯ繧ｷ繝ｧ繝ｳ縺碁←蛻・↓險ｭ螳壹＆繧後※縺・ｋ[32m 1[2mms[22m[39m
 [32m笨・[39m tests/unit/features/daily/DailyPhaseHintBanner.spec.tsx[2m > [22mDailyPhaseHintBanner[2m > [22m繝舌リ繝ｼ縺瑚｡ｨ遉ｺ縺輔ｌ繧・[32m 104[2mms[22m[39m
 [32m笨・[39m tests/unit/features/daily/DailyPhaseHintBanner.spec.tsx[2m > [22mDailyPhaseHintBanner[2m > [22m繝輔ぉ繝ｼ繧ｺ繝ｩ繝吶Ν縺ｨ繝｡繝・そ繝ｼ繧ｸ縺瑚｡ｨ遉ｺ縺輔ｌ繧・[32m 20[2mms[22m[39m
 [32m笨・[39m tests/unit/features/daily/DailyPhaseHintBanner.spec.tsx[2m > [22mDailyPhaseHintBanner[2m > [22m髢峨§繧九・繧ｿ繝ｳ縺ｧ髱櫁｡ｨ遉ｺ縺ｫ縺ｪ繧・[32m 20[2mms[22m[39m
 [32m笨・[39m tests/unit/features/daily/DailyPhaseHintBanner.spec.tsx[2m > [22mDailyPhaseHintBanner[2m > [22m譛昜ｼ壹ヵ繧ｧ繝ｼ繧ｺ縺ｧ縺ｯ warning 邉ｻ縺ｮ陦ｨ遉ｺ縺ｫ縺ｪ繧・[32m 16[2mms[22m[39m
 [32m笨・[39m tests/unit/features/daily/DailyPhaseHintBanner.spec.tsx[2m > [22mDailyPhaseHintBanner[2m > [22m謖ｯ繧願ｿ斐ｊ繝輔ぉ繝ｼ繧ｺ縺ｧ縺ｯ success 邉ｻ縺ｮ陦ｨ遉ｺ縺ｫ縺ｪ繧・[32m 14[2mms[22m[39m
 [32m笨・[39m tests/unit/features/daily/DailyPhaseHintBanner.spec.tsx[2m > [22mDailyPhaseHintBanner[2m > [22m髢峨§繧九・繧ｿ繝ｳ縺ｫ驕ｩ蛻・↑ aria-label 縺後≠繧・[32m 11[2mms[22m[39m
 [32m笨・[39m src/features/action-engine/telemetry/__tests__/useSuggestionLifecycleEvents.spec.tsx[2m > [22museSuggestionLifecycleEvents[2m > [22m逶ｴ霑・譌･繧呈里螳壽悄髢薙→縺励※蜿門ｾ励＠縲・寔險育畑繧､繝吶Φ繝・shape 縺ｫ螟画鋤縺吶ｋ[32m 124[2mms[22m[39m
 [32m笨・[39m src/features/action-engine/telemetry/__tests__/useSuggestionLifecycleEvents.spec.tsx[2m > [22museSuggestionLifecycleEvents[2m > [22menabled=false 縺ｮ蝣ｴ蜷医・閾ｪ蜍募叙蠕励○縺壹〉efetch 縺ｧ蜿門ｾ励〒縺阪ｋ[32m 25[2mms[22m[39m
 [32m笨・[39m src/features/action-engine/telemetry/__tests__/useSuggestionLifecycleEvents.spec.tsx[2m > [22museSuggestionLifecycleEvents[2m > [22m蜿門ｾ怜､ｱ謨玲凾縺ｯ error 繧定ｿ斐＠縲‘vents 縺ｯ遨ｺ驟榊・縺ｫ縺吶ｋ[32m 81[2mms[22m[39m
 [32m笨・[39m src/features/action-engine/telemetry/__tests__/useSuggestionLifecycleEvents.spec.tsx[2m > [22museSuggestionLifecycleEvents[2m > [22mfrom > to 縺ｮ蝣ｴ蜷医〒繧・window 繧貞・繧梧崛縺医※蝠上＞蜷医ｏ縺帙ｋ[32m 4[2mms[22m[39m
 [32m笨・[39m src/features/today/telemetry/__tests__/TodayQueueHudPanel.spec.tsx[2m > [22mTodayQueueHudPanel[2m > [22msample 縺後↑縺・→縺・"No queue telemetry yet" 縺瑚｡ｨ遉ｺ縺輔ｌ繧・[32m 60[2mms[22m[39m
 [32m笨・[39m src/features/today/telemetry/__tests__/TodayQueueHudPanel.spec.tsx[2m > [22mTodayQueueHudPanel[2m > [22msample 縺後≠繧九→縺・items / P0 / overdue 縺ｪ縺ｩ縺瑚｡ｨ遉ｺ縺輔ｌ繧・[32m 80[2mms[22m[39m
 [32m笨・[39m src/features/today/telemetry/__tests__/TodayQueueHudPanel.spec.tsx[2m > [22mTodayQueueHudPanel[2m > [22mP0 縺後≠繧九→縺・warning 逧・↑蠑ｷ隱ｿ縺悟・繧・[32m 17[2mms[22m[39m
 [32m笨・[39m src/features/today/telemetry/__tests__/TodayQueueHudPanel.spec.tsx[2m > [22mTodayQueueHudPanel[2m > [22moverdue 縺後≠繧九→縺・overdue 蠑ｷ隱ｿ(caution)縺悟・繧・[32m 20[2mms[22m[39m
 [32m笨・[39m src/features/today/telemetry/__tests__/TodayQueueHudPanel.spec.tsx[2m > [22mTodayQueueHudPanel[2m > [22mqueueSize === 0 縺ｮ縺ｨ縺・muted / calm 縺ｫ縺ｪ繧・[32m 17[2mms[22m[39m
 [32m笨・[39m tests/unit/staff/staffAttendance.route.spec.tsx[2m > [22mstaff attendance route contract[2m > [22mshows read-only view when flag is disabled[32m 211[2mms[22m[39m
 [32m笨・[39m tests/unit/staff/staffAttendance.route.spec.tsx[2m > [22mstaff attendance route contract[2m > [22mshows input when flag is enabled[32m 12[2mms[22m[39m
 [32m笨・[39m src/auth/__tests__/useAuth.spec.ts[2m > [22museAuth[2m > [22mE2E mock mode[2m > [22mreturns isAuthenticated=true with E2E account[32m 25[2mms[22m[39m
 [32m笨・[39m src/auth/__tests__/useAuth.spec.ts[2m > [22museAuth[2m > [22mE2E mock mode[2m > [22macquireToken returns a mock token and persists it[32m 5[2mms[22m[39m
 [32m笨・[39m src/auth/__tests__/useAuth.spec.ts[2m > [22museAuth[2m > [22mE2E mock mode[2m > [22macquireToken strips trailing slashes from resource[32m 3[2mms[22m[39m
 [32m笨・[39m src/auth/__tests__/useAuth.spec.ts[2m > [22museAuth[2m > [22mE2E mock mode[2m > [22msignIn returns { success: false } (no-op in E2E)[32m 3[2mms[22m[39m
 [32m笨・[39m src/auth/__tests__/useAuth.spec.ts[2m > [22museAuth[2m > [22mE2E mock mode[2m > [22msignOut resolves without error[32m 10[2mms[22m[39m
 [32m笨・[39m src/auth/__tests__/useAuth.spec.ts[2m > [22museAuth[2m > [22mskip login mode[2m > [22mreturns isAuthenticated=true with null account[32m 5[2mms[22m[39m
 [32m笨・[39m src/auth/__tests__/useAuth.spec.ts[2m > [22museAuth[2m > [22mskip login mode[2m > [22macquireToken returns null[32m 3[2mms[22m[39m
 [32m笨・[39m src/auth/__tests__/useAuth.spec.ts[2m > [22museAuth[2m > [22mskip login mode[2m > [22msignIn returns { success: false } (no-op)[32m 11[2mms[22m[39m
 [32m笨・[39m src/auth/__tests__/useAuth.spec.ts[2m > [22museAuth[2m > [22mnormal MSAL mode 窶・auth state[2m > [22misAuthenticated=false when no accounts exist[32m 12[2mms[22m[39m
 [32m笨・[39m src/auth/__tests__/useAuth.spec.ts[2m > [22museAuth[2m > [22mnormal MSAL mode 窶・auth state[2m > [22misAuthenticated=true when account is active[32m 5[2mms[22m[39m
 [32m笨・[39m src/auth/__tests__/useAuth.spec.ts[2m > [22museAuth[2m > [22mnormal MSAL mode 窶・auth state[2m > [22mpicks first account when no active account is set[32m 3[2mms[22m[39m
 [32m笨・[39m src/auth/__tests__/useAuth.spec.ts[2m > [22museAuth[2m > [22mnormal MSAL mode 窶・auth state[2m > [22mtokenReady=true when authenticated and inProgress=none[32m 3[2mms[22m[39m
 [32m笨・[39m src/auth/__tests__/useAuth.spec.ts[2m > [22museAuth[2m > [22mnormal MSAL mode 窶・auth state[2m > [22mtokenReady=false when interaction is in progress[32m 2[2mms[22m[39m
 [32m笨・[39m src/auth/__tests__/useAuth.spec.ts[2m > [22museAuth[2m > [22mnormal MSAL mode 窶・auth state[2m > [22mloading=true when inProgress is not none[32m 10[2mms[22m[39m
 [32m笨・[39m src/auth/__tests__/useAuth.spec.ts[2m > [22museAuth[2m > [22mnormal MSAL mode 窶・auth state[2m > [22mloading=false when inProgress=none[32m 5[2mms[22m[39m
 [32m笨・[39m src/auth/__tests__/useAuth.spec.ts[2m > [22museAuth[2m > [22mnormal MSAL mode 窶・auth state[2m > [22mshouldSkipLogin=false in normal mode[32m 16[2mms[22m[39m
 [32m笨・[39m src/auth/__tests__/useAuth.spec.ts[2m > [22museAuth[2m > [22mnormal MSAL mode 窶・token acquisition[2m > [22mreturns null when no account exists[32m 5[2mms[22m[39m
 [32m笨・[39m src/auth/__tests__/useAuth.spec.ts[2m > [22museAuth[2m > [22mnormal MSAL mode 窶・token acquisition[2m > [22macquires token silently and stores it in sessionStorage[32m 5[2mms[22m[39m
 [32m笨・[39m src/auth/__tests__/useAuth.spec.ts[2m > [22museAuth[2m > [22mnormal MSAL mode 窶・token acquisition[2m > [22muses GRAPH_SCOPES when resource matches GRAPH_RESOURCE[32m 7[2mms[22m[39m
 [32m笨・[39m src/auth/__tests__/useAuth.spec.ts[2m > [22museAuth[2m > [22mnormal MSAL mode 窶・token acquisition[2m > [22mbuilds {resource}/.default scopes for non-Graph resources[32m 4[2mms[22m[39m
 [32m笨・[39m src/auth/__tests__/useAuth.spec.ts[2m > [22museAuth[2m > [22mnormal MSAL mode 窶・token acquisition[2m > [22mtriggers soft refresh when token is near expiry[32m 4[2mms[22m[39m
 [32m笨・[39m src/auth/__tests__/useAuth.spec.ts[2m > [22museAuth[2m > [22mnormal MSAL mode 窶・token acquisition[2m > [22mdoes NOT trigger refresh when token has plenty of time[32m 4[2mms[22m[39m
 [32m笨・[39m src/auth/__tests__/useAuth.spec.ts[2m > [22museAuth[2m > [22mnormal MSAL mode 窶・token acquisition[2m > [22mreturns null and removes spToken on acquireTokenSilent failure[32m 6[2mms[22m[39m
 [32m笨・[39m src/auth/__tests__/useAuth.spec.ts[2m > [22museAuth[2m > [22mnormal MSAL mode 窶・signIn[2m > [22mcalls loginRedirect with LOGIN_SCOPES[32m 5[2mms[22m[39m
 [32m笨・[39m src/auth/__tests__/useAuth.spec.ts[2m > [22museAuth[2m > [22mnormal MSAL mode 窶・signIn[2m > [22mreturns { success: false } when interaction is in progress[32m 5[2mms[22m[39m
 [32m笨・[39m src/auth/__tests__/useAuth.spec.ts[2m > [22museAuth[2m > [22mnormal MSAL mode 窶・signIn[2m > [22mreturns { success: false } when loginRedirect throws[32m 6[2mms[22m[39m
 [32m笨・[39m src/auth/__tests__/useAuth.spec.ts[2m > [22museAuth[2m > [22mnormal MSAL mode 窶・signOut[2m > [22mcalls logoutRedirect[32m 5[2mms[22m[39m
 [32m笨・[39m src/auth/__tests__/useAuth.spec.ts[2m > [22museAuth[2m > [22mlistReadyState helpers[2m > [22mgetListReadyState returns null initially[32m 4[2mms[22m[39m
 [32m笨・[39m src/auth/__tests__/useAuth.spec.ts[2m > [22museAuth[2m > [22mlistReadyState helpers[2m > [22msetListReadyState persists true/false to sessionStorage[32m 30[2mms[22m[39m
 [32m笨・[39m src/auth/__tests__/useAuth.spec.ts[2m > [22museAuth[2m > [22mlistReadyState helpers[2m > [22msetListReadyState(null) removes the key[32m 3[2mms[22m[39m
 [32m笨・[39m src/auth/__tests__/useAuth.spec.ts[2m > [22museAuth[2m > [22mlistReadyState helpers[2m > [22mgetListReadyState reads stored boolean values[32m 3[2mms[22m[39m
[90mstdout[2m | tests/unit/prefetch.navlink.viewport.spec.tsx
[22m[39m[MSAL ENV] Validated successfully

 [32m笨・[39m src/lib/graph/graphFetch.test.ts[2m > [22mgraphFetch[2m > [22mfetchJson[2m > [22m逶ｸ蟇ｾ繝代せ繧・Graph 繝吶・繧ｹURL 縺ｫ隗｣豎ｺ縺励※繝ｪ繧ｯ繧ｨ繧ｹ繝医☆繧・[32m 12[2mms[22m[39m
 [32m笨・[39m src/lib/graph/graphFetch.test.ts[2m > [22mgraphFetch[2m > [22mfetchJson[2m > [22m邨ｶ蟇ｾURL縺ｯ縺昴・縺ｾ縺ｾ菴ｿ逕ｨ縺吶ｋ[32m 2[2mms[22m[39m
 [32m笨・[39m src/lib/graph/graphFetch.test.ts[2m > [22mgraphFetch[2m > [22mfetchJson[2m > [22m霑ｽ蜉繝倥ャ繝繝ｼ縺後・繝ｼ繧ｸ縺輔ｌ繧・[32m 2[2mms[22m[39m
 [32m笨・[39m src/lib/graph/graphFetch.test.ts[2m > [22mgraphFetch[2m > [22m隱崎ｨｼ繧ｨ繝ｩ繝ｼ[2m > [22m繝医・繧ｯ繝ｳ縺・null 縺ｮ蝣ｴ蜷・GraphAuthError 繧偵せ繝ｭ繝ｼ[32m 2[2mms[22m[39m
 [32m笨・[39m src/lib/graph/graphFetch.test.ts[2m > [22mgraphFetch[2m > [22m繝ｪ繝医Λ繧､[2m > [22m429 繧貞女縺代※繝ｪ繝医Λ繧､縺玲怙邨ら噪縺ｫ謌仙粥縺吶ｋ[32m 28[2mms[22m[39m
 [32m笨・[39m src/lib/graph/graphFetch.test.ts[2m > [22mgraphFetch[2m > [22m繝ｪ繝医Λ繧､[2m > [22m500 繧貞女縺代※繝ｪ繝医Λ繧､縺玲怙邨ら噪縺ｫ謌仙粥縺吶ｋ[32m 16[2mms[22m[39m
 [32m笨・[39m src/lib/graph/graphFetch.test.ts[2m > [22mgraphFetch[2m > [22m繝ｪ繝医Λ繧､[2m > [22m繝ｪ繝医Λ繧､荳企剞繧定ｶ・∴繧九→ GraphApiError 繧偵せ繝ｭ繝ｼ[32m 55[2mms[22m[39m
 [32m笨・[39m src/lib/graph/graphFetch.test.ts[2m > [22mgraphFetch[2m > [22m繝ｪ繝医Λ繧､[2m > [22m繝ｪ繝医Λ繧､荳榊庄縺ｮ繧ｹ繝・・繧ｿ繧ｹ(404)縺ｯ蜊ｳ蠎ｧ縺ｫ繧ｨ繝ｩ繝ｼ[32m 2[2mms[22m[39m
 [32m笨・[39m src/lib/graph/graphFetch.test.ts[2m > [22mgraphFetch[2m > [22m繝ｪ繝医Λ繧､[2m > [22mRetry-After 繝倥ャ繝繝ｼ繧貞ｰ企㍾縺吶ｋ[32m 28[2mms[22m[39m
 [32m笨・[39m src/lib/graph/graphFetch.test.ts[2m > [22mgraphFetch[2m > [22m繝ｪ繝医Λ繧､[2m > [22m繝阪ャ繝医Ρ繝ｼ繧ｯ髫懷ｮｳ縺ｧ繧ゅΜ繝医Λ繧､縺吶ｋ[32m 16[2mms[22m[39m
 [32m笨・[39m src/lib/graph/graphFetch.test.ts[2m > [22mgraphFetch[2m > [22m繝ｪ繝医Λ繧､[2m > [22mAbortError 縺ｯ繝ｪ繝医Λ繧､縺帙★縺昴・縺ｾ縺ｾ蜀阪せ繝ｭ繝ｼ[32m 3[2mms[22m[39m
 [32m笨・[39m src/lib/graph/graphFetch.test.ts[2m > [22mgraphFetch[2m > [22m繧ｨ繝ｩ繝ｼ蠖｢迥ｶ[2m > [22mGraphApiError 縺ｫ status / statusText / body 縺悟性縺ｾ繧後ｋ[32m 2[2mms[22m[39m
 [32m笨・[39m src/lib/graph/graphFetch.test.ts[2m > [22mgraphFetch[2m > [22mfetchAllPages[2m > [22m蜊倅ｸ繝壹・繧ｸ縺ｮ邨先棡繧定ｿ斐☆[32m 2[2mms[22m[39m
 [32m笨・[39m src/lib/graph/graphFetch.test.ts[2m > [22mgraphFetch[2m > [22mfetchAllPages[2m > [22m隍・焚繝壹・繧ｸ繧定・蜍戊ｵｰ譟ｻ縺励※蜈ｨ莉ｶ霑斐☆[32m 2[2mms[22m[39m
 [32m笨・[39m src/lib/graph/graphFetch.test.ts[2m > [22mgraphFetch[2m > [22mfetchAllPages[2m > [22m遨ｺ繝壹・繧ｸ繧呈ｭ｣縺励￥蜃ｦ逅・☆繧・[32m 1[2mms[22m[39m
 [32m笨・[39m src/lib/graph/graphFetch.test.ts[2m > [22mgraphFetch[2m > [22mretryMax 蛟句挨荳頑嶌縺・[2m > [22moptions.retryMax 縺ｧ蛟句挨縺ｫ繝ｪ繝医Λ繧､蝗樊焚繧呈欠螳壹〒縺阪ｋ[32m 1[2mms[22m[39m
 [32m笨・[39m tests/unit/env.coercion.spec.ts[2m > [22menv boolean coercion via readBool[2m > [22mtreats undefined, null, and blanks as fallback[32m 22[2mms[22m[39m
 [32m笨・[39m tests/unit/env.coercion.spec.ts[2m > [22menv boolean coercion via readBool[2m > [22mrecognises assorted truthy and falsy string values[32m 18[2mms[22m[39m
 [32m笨・[39m tests/unit/env.coercion.spec.ts[2m > [22mscope sanitisation helpers[2m > [22mdeduplicates configured MSAL scopes while preserving original casing[32m 22[2mms[22m[39m
 [32m笨・[39m tests/unit/env.coercion.spec.ts[2m > [22mscope sanitisation helpers[2m > [22mfilters login scopes down to identity set and warns on extras[32m 23[2mms[22m[39m
 [32m笨・[39m tests/unit/env.coercion.spec.ts[2m > [22mgetSharePointDefaultScope fallbacks[2m > [22mderives scope from resource when explicit value is missing[32m 35[2mms[22m[39m
 [32m笨・[39m tests/unit/env.coercion.spec.ts[2m > [22mgetSharePointDefaultScope fallbacks[2m > [22mthrows for invalid SharePoint scope formats[32m 40[2mms[22m[39m
 [32m笨・[39m tests/unit/env.coercion.spec.ts[2m > [22mgetSharePointDefaultScope fallbacks[2m > [22mreuses SharePoint scope from MSAL configuration when present[32m 25[2mms[22m[39m
 [32m笨・[39m src/features/dashboard/hooks/__tests__/useDashboardUIState.test.ts[2m > [22museDashboardUIState[2m > [22mdailyStatusCards[2m > [22mdailyRecordStatus 縺九ｉ 3 譫壹・繧ｫ繝ｼ繝峨′逕滓・縺輔ｌ繧・[32m 87[2mms[22m[39m
 [32m笨・[39m src/features/dashboard/hooks/__tests__/useDashboardUIState.test.ts[2m > [22museDashboardUIState[2m > [22mdailyStatusCards[2m > [22mhelper 縺ｫ蟇ｾ雎｡莠ｺ謨ｰ縺悟性縺ｾ繧後ｋ[32m 4[2mms[22m[39m
 [32m笨・[39m src/features/dashboard/hooks/__tests__/useDashboardUIState.test.ts[2m > [22museDashboardUIState[2m > [22mdailyStatusCards[2m > [22m蜈ｨ蜩｡螳御ｺ・・縺ｨ縺肴悴蜈･蜉帙・ 0[32m 4[2mms[22m[39m
 [32m笨・[39m src/features/dashboard/hooks/__tests__/useDashboardUIState.test.ts[2m > [22museDashboardUIState[2m > [22mdateLabel[2m > [22m譌･譛ｬ隱槭ヵ繧ｩ繝ｼ繝槭ャ繝医・譌･莉俶枚蟄怜・縺瑚ｿ斐ｋ[32m 5[2mms[22m[39m
 [32m笨・[39m src/features/dashboard/hooks/__tests__/useDashboardUIState.test.ts[2m > [22museDashboardUIState[2m > [22mtodayChanges[2m > [22m遨ｺ驟榊・縺ｮ userChanges / staffChanges 繧定ｿ斐☆[32m 5[2mms[22m[39m
 [32m笨・[39m src/features/dashboard/hooks/__tests__/useDashboardUIState.test.ts[2m > [22museDashboardUIState[2m > [22mlifeSupport[2m > [22mvisits 縺檎ｩｺ縺ｪ繧・SS=0, 荳譎ゅこ繧｢=0[32m 4[2mms[22m[39m
 [32m笨・[39m src/features/dashboard/hooks/__tests__/useDashboardUIState.test.ts[2m > [22museDashboardUIState[2m > [22mlifeSupport[2m > [22mvisits 縺ｫ short_stay / temporary_care 縺後≠繧後・莉ｶ謨ｰ繧偵き繧ｦ繝ｳ繝・[32m 3[2mms[22m[39m
 [32m笨・[39m src/features/dashboard/hooks/__tests__/useDashboardUIState.test.ts[2m > [22museDashboardUIState[2m > [22m譎る俣蟶ｯ蛻､螳・[2m > [22m8:00 縺ｯ isMorningTime=true[32m 3[2mms[22m[39m
 [32m笨・[39m src/features/dashboard/hooks/__tests__/useDashboardUIState.test.ts[2m > [22museDashboardUIState[2m > [22m譎る俣蟶ｯ蛻､螳・[2m > [22m11:59 縺ｯ isMorningTime=true[32m 3[2mms[22m[39m
 [32m笨・[39m src/features/dashboard/hooks/__tests__/useDashboardUIState.test.ts[2m > [22museDashboardUIState[2m > [22m譎る俣蟶ｯ蛻､螳・[2m > [22m12:00 縺ｯ isMorningTime=false[32m 4[2mms[22m[39m
 [32m笨・[39m src/features/dashboard/hooks/__tests__/useDashboardUIState.test.ts[2m > [22museDashboardUIState[2m > [22m譎る俣蟶ｯ蛻､螳・[2m > [22m17:00 縺ｯ isEveningTime=true[32m 3[2mms[22m[39m
 [32m笨・[39m src/features/dashboard/hooks/__tests__/useDashboardUIState.test.ts[2m > [22museDashboardUIState[2m > [22m譎る俣蟶ｯ蛻､螳・[2m > [22m18:59 縺ｯ isEveningTime=true[32m 11[2mms[22m[39m
 [32m笨・[39m src/features/dashboard/hooks/__tests__/useDashboardUIState.test.ts[2m > [22museDashboardUIState[2m > [22m譎る俣蟶ｯ蛻､螳・[2m > [22m19:00 縺ｯ isEveningTime=false[32m 3[2mms[22m[39m
 [32m笨・[39m src/features/dashboard/hooks/__tests__/useDashboardUIState.test.ts[2m > [22museDashboardUIState[2m > [22mhandleTabChange[2m > [22m繧ｿ繝悶う繝ｳ繝・ャ繧ｯ繧ｹ繧貞､画峩縺ｧ縺阪ｋ[32m 6[2mms[22m[39m
 [32m笨・[39m src/features/dashboard/hooks/__tests__/useDashboardUIState.test.ts[2m > [22museDashboardUIState[2m > [22musers / visits 繝代せ繧ｹ繝ｫ繝ｼ[2m > [22m蠑墓焚縺ｮ users 縺後◎縺ｮ縺ｾ縺ｾ霑斐ｋ[32m 3[2mms[22m[39m
 [32m笨・[39m src/features/dashboard/hooks/__tests__/useDashboardUIState.test.ts[2m > [22museDashboardUIState[2m > [22musers / visits 繝代せ繧ｹ繝ｫ繝ｼ[2m > [22m蠑墓焚縺ｮ visits 縺後◎縺ｮ縺ｾ縺ｾ霑斐ｋ[32m 3[2mms[22m[39m
 [32m笨・[39m src/features/dashboard/hooks/__tests__/useDashboardUIState.test.ts[2m > [22museDashboardUIState[2m > [22m謌ｻ繧雁､縺ｮ讒矩[2m > [22mDashboardUIGroup 縺ｮ蜈ｨ繧ｭ繝ｼ縺悟ｭ伜惠縺吶ｋ[32m 4[2mms[22m[39m
 [32m笨・[39m tests/unit/env.feature-flags.spec.ts[2m > [22mfeature toggles backed by env/localStorage[2m > [22mprefers localStorage overrides for schedules feature flags[32m 28[2mms[22m[39m
 [32m笨・[39m tests/unit/env.feature-flags.spec.ts[2m > [22mfeature toggles backed by env/localStorage[2m > [22mtolerates storage access failures and falls back to disabled flags[32m 38[2mms[22m[39m
 [32m笨・[39m tests/unit/env.feature-flags.spec.ts[2m > [22mfeature toggles backed by env/localStorage[2m > [22mhonors demo mode and localStorage hints when skipping login[32m 20[2mms[22m[39m
 [32m笨・[39m tests/unit/env.feature-flags.spec.ts[2m > [22mgetSharePointDefaultScope[2m > [22mreturns demo scope when login is skipped[32m 19[2mms[22m[39m
 [32m笨・[39m tests/unit/env.feature-flags.spec.ts[2m > [22mgetSharePointDefaultScope[2m > [22mreuses SharePoint scope from configured MSAL scopes when default missing[32m 28[2mms[22m[39m
 [32m笨・[39m tests/unit/env.feature-flags.spec.ts[2m > [22mgetSharePointDefaultScope[2m > [22mderives SharePoint scope from resource when nothing else provided[32m 18[2mms[22m[39m
 [32m笨・[39m tests/unit/env.feature-flags.spec.ts[2m > [22mgetSharePointDefaultScope[2m > [22mrejects invalid SharePoint scopes[32m 23[2mms[22m[39m
[90mstdout[2m | tests/unit/prefetch.navlink.debounce.spec.tsx
[22m[39m[MSAL ENV] Validated successfully

 [32m笨・[39m src/features/today/widgets/ProgressStatusBar.spec.tsx[2m > [22mProgressStatusBar[2m > [22mshows pending counts when there are unfinished items[32m 137[2mms[22m[39m
 [32m笨・[39m src/features/today/widgets/ProgressStatusBar.spec.tsx[2m > [22mProgressStatusBar[2m > [22mshows completion message when all items are done[32m 11[2mms[22m[39m
 [32m笨・[39m src/features/today/widgets/ProgressStatusBar.spec.tsx[2m > [22mProgressStatusBar[2m > [22mdoes not render any CTA buttons[32m 19[2mms[22m[39m
 [32m笨・[39m src/features/today/widgets/ProgressStatusBar.spec.tsx[2m > [22mProgressStatusBar[2m > [22monly shows chips for non-zero counts[32m 16[2mms[22m[39m
 [32m笨・[39m src/features/today/widgets/ProgressStatusBar.spec.tsx[2m > [22mProgressStatusBar[2m > [22muses error color during day-closing with pending items[32m 16[2mms[22m[39m
 [32m笨・[39m src/features/today/widgets/ProgressStatusBar.spec.tsx[2m > [22mProgressStatusBar[2m > [22muses default color logic when scene is not provided (backward compat)[32m 15[2mms[22m[39m
 [32m笨・[39m tests/unit/prefetch.navlink.viewport.spec.tsx[2m > [22mNavLinkPrefetch viewport intents[2m > [22mfires a single viewport prefetch and disconnects the observer[32m 148[2mms[22m[39m
[90mstdout[2m | tests/unit/prefetch.navlink.kbd.spec.tsx
[22m[39m[MSAL ENV] Validated successfully

 [32m笨・[39m tests/unit/infra/hud.thresholds.spec.tsx[2m > [22mHUD thresholds section[2m > [22mrenders overrides from env schema[32m 213[2mms[22m[39m
 [32m笨・[39m src/features/ibd/analysis/pdca/queries/__tests__/usePdcaBehaviorMonitoringRecords.spec.ts[2m > [22musePdcaBehaviorMonitoringRecords[2m > [22mrepository 縺九ｉ planningSheet 蜊倅ｽ阪・陦悟虚繝｢繝九ち繝ｪ繝ｳ繧ｰ繧貞叙蠕励☆繧・[32m 31[2mms[22m[39m
 [32m笨・[39m src/features/ibd/analysis/pdca/queries/__tests__/usePdcaBehaviorMonitoringRecords.spec.ts[2m > [22musePdcaBehaviorMonitoringRecords[2m > [22mrepository 繧ｨ繝ｩ繝ｼ譎ゅ・ error 繧定ｿ斐＠ data 繧堤ｩｺ驟榊・縺ｫ縺吶ｋ[32m 80[2mms[22m[39m
 [32m笨・[39m src/features/ibd/analysis/pdca/queries/__tests__/usePdcaBehaviorMonitoringRecords.spec.ts[2m > [22musePdcaBehaviorMonitoringRecords[2m > [22mplanningSheetId 譛ｪ隗｣豎ｺ譎ゅ・譏守､ｺ逧・↓遨ｺ驟榊・繝輔か繝ｼ繝ｫ繝舌ャ繧ｯ[32m 22[2mms[22m[39m
 [32m笨・[39m src/features/dashboard/briefing/__tests__/useBriefingPageState.test.ts[2m > [22museBriefingPageState[2m > [22m蛻晄悄繧ｿ繝匁ｱｺ螳・[2m > [22mlocation.state.tab 縺梧欠螳壹＆繧後※縺・ｌ縺ｰ縺昴ｌ繧呈治逕ｨ縺吶ｋ[32m 96[2mms[22m[39m
 [32m笨・[39m src/features/dashboard/briefing/__tests__/useBriefingPageState.test.ts[2m > [22museBriefingPageState[2m > [22m蛻晄悄繧ｿ繝匁ｱｺ螳・[2m > [22mlocation.state.tab 縺・undefined 縺ｧ 13:59 縺ｪ繧・morning[32m 3[2mms[22m[39m
 [32m笨・[39m src/features/dashboard/briefing/__tests__/useBriefingPageState.test.ts[2m > [22museBriefingPageState[2m > [22m蛻晄悄繧ｿ繝匁ｱｺ螳・[2m > [22mlocation.state.tab 縺・undefined 縺ｧ 14:00 縺ｪ繧・evening[32m 3[2mms[22m[39m
 [32m笨・[39m src/features/dashboard/briefing/__tests__/useBriefingPageState.test.ts[2m > [22museBriefingPageState[2m > [22m蛻晄悄繧ｿ繝匁ｱｺ螳・[2m > [22mtab.set 縺ｧ繧ｿ繝悶ｒ蛻・ｊ譖ｿ縺医ｉ繧後ｋ[32m 6[2mms[22m[39m
 [32m笨・[39m src/features/dashboard/briefing/__tests__/useBriefingPageState.test.ts[2m > [22museBriefingPageState[2m > [22mTimeline 驕ｷ遘ｻ繧ｳ繝ｼ繝ｫ繝舌ャ繧ｯ[2m > [22mopenTimelineToday 縺ｯ /handoff-timeline 縺ｫ dayScope:"today" 縺ｧ驕ｷ遘ｻ縺吶ｋ[32m 5[2mms[22m[39m
 [32m笨・[39m src/features/dashboard/briefing/__tests__/useBriefingPageState.test.ts[2m > [22museBriefingPageState[2m > [22mTimeline 驕ｷ遘ｻ繧ｳ繝ｼ繝ｫ繝舌ャ繧ｯ[2m > [22mopenTimelineYesterday 縺ｯ /handoff-timeline 縺ｫ dayScope:"yesterday" 縺ｧ驕ｷ遘ｻ縺吶ｋ[32m 3[2mms[22m[39m
 [32m笨・[39m src/features/dashboard/briefing/__tests__/useBriefingPageState.test.ts[2m > [22museBriefingPageState[2m > [22mWeekly preload[2m > [22mtab 繧・"weekly" 縺ｫ蛻・ｊ譖ｿ縺医ｋ縺ｨ preload 縺悟他縺ｰ繧後ｋ[32m 4[2mms[22m[39m
 [32m笨・[39m src/features/dashboard/briefing/__tests__/useBriefingPageState.test.ts[2m > [22museBriefingPageState[2m > [22mWeekly preload[2m > [22mpreloadOnHover 縺ｯ繧ｨ繝ｩ繝ｼ繧呈兜縺偵★縺ｫ螳御ｺ・☆繧具ｼ・ire-and-forget・・[32m 5[2mms[22m[39m
 [32m笨・[39m src/features/dashboard/briefing/__tests__/useBriefingPageState.test.ts[2m > [22museBriefingPageState[2m > [22m謌ｻ繧雁､縺ｮ讒矩[2m > [22m5 縺､縺ｮ繧ｰ繝ｫ繝ｼ繝暦ｼ・ab, summary, timelines, weekly, actions・峨ｒ霑斐☆[32m 6[2mms[22m[39m
 [32m笨・[39m src/features/dashboard/briefing/__tests__/useBriefingPageState.test.ts[2m > [22museBriefingPageState[2m > [22m謌ｻ繧雁､縺ｮ讒矩[2m > [22mweekly.weekStartYYYYMMDD 縺・YYYY-MM-DD 蠖｢蠑上・譁・ｭ怜・縺ｧ縺ゅｋ[32m 4[2mms[22m[39m
 [32m笨・[39m src/features/settings/__tests__/integration.spec.tsx[2m > [22mPhase 3: Density Context Integration[2m > [22mSettings Persistence[2m > [22mloads default settings on first mount[32m 40[2mms[22m[39m
 [32m笨・[39m src/features/settings/__tests__/integration.spec.tsx[2m > [22mPhase 3: Density Context Integration[2m > [22mSettings Persistence[2m > [22mupdates density in context[32m 38[2mms[22m[39m
 [32m笨・[39m src/features/settings/__tests__/integration.spec.tsx[2m > [22mPhase 3: Density Context Integration[2m > [22mSettings Persistence[2m > [22mloads persisted settings on mount[32m 4[2mms[22m[39m
 [32m笨・[39m src/features/settings/__tests__/integration.spec.tsx[2m > [22mPhase 3: Density Context Integration[2m > [22mContext Updates[2m > [22mupdates density in context[32m 20[2mms[22m[39m
 [32m笨・[39m src/features/settings/__tests__/integration.spec.tsx[2m > [22mPhase 3: Density Context Integration[2m > [22mContext Updates[2m > [22mhandles multiple sequential density changes[32m 59[2mms[22m[39m
 [32m笨・[39m src/features/settings/__tests__/integration.spec.tsx[2m > [22mPhase 3: Density Context Integration[2m > [22mError Handling[2m > [22mgracefully handles invalid localStorage data[32m 34[2mms[22m[39m
 [32m笨・[39m src/features/settings/__tests__/integration.spec.tsx[2m > [22mPhase 3: Density Context Integration[2m > [22mError Handling[2m > [22mhandles localStorage quota exceeded gracefully[32m 7[2mms[22m[39m
 [32m笨・[39m src/features/settings/__tests__/integration.spec.tsx[2m > [22mPhase 3: Density Context Integration[2m > [22museSettingsContext Hook[2m > [22mthrows error when used outside of SettingsProvider[32m 13[2mms[22m[39m
 [32m笨・[39m src/features/today/hooks/__tests__/useTodayActionQueue.spec.ts[2m > [22museTodayActionQueue[2m > [22m蛻晄悄繝ｭ繝ｼ繝画凾縺ｫ actionQueue 縺檎函謌舌＆繧後ｋ[32m 31[2mms[22m[39m
 [32m笨・[39m src/features/today/hooks/__tests__/useTodayActionQueue.spec.ts[2m > [22museTodayActionQueue[2m > [22m1蛻・ｵ碁℃縺吶ｋ縺ｨ now 縺梧峩譁ｰ縺輔ｌ縲√が繝悶ず繧ｧ繧ｯ繝医′蜀咲函謌舌＆繧後ｋ[32m 15[2mms[22m[39m
 [32m笨・[39m src/features/today/hooks/__tests__/useTodayActionQueue.spec.ts[2m > [22museTodayActionQueue[2m > [22massessment-stale 縺ｯ騾ｱ蛻晢ｼ域怦譖懶ｼ峨〒縺ｯ Today 縺ｫ陦ｨ遉ｺ縺励↑縺・[32m 35[2mms[22m[39m
 [32m笨・[39m src/features/today/hooks/__tests__/useTodayActionQueue.spec.ts[2m > [22museTodayActionQueue[2m > [22massessment-stale 縺ｯ蟷ｳ譌･荳ｭ逶､・域ｰｴ譖懶ｼ峨〒縺ｯ Today 縺ｫ陦ｨ遉ｺ縺吶ｋ[32m 6[2mms[22m[39m
 [32m笨・[39m src/features/today/hooks/__tests__/useTodayActionQueue.spec.ts[2m > [22museTodayActionQueue[2m > [22mTelemetry Tracking[2m > [22mqueue 遒ｺ螳壽凾縺ｫ sample 繧・莉ｶ push 縺吶ｋ[32m 7[2mms[22m[39m
 [32m笨・[39m src/features/today/hooks/__tests__/useTodayActionQueue.spec.ts[2m > [22museTodayActionQueue[2m > [22mTelemetry Tracking[2m > [22m蜷御ｸ queue 蜀阪Ξ繝ｳ繝繝ｼ縺ｧ驥崎､・push 縺励↑縺・[32m 6[2mms[22m[39m
 [32m笨・[39m src/features/today/hooks/__tests__/useTodayActionQueue.spec.ts[2m > [22museTodayActionQueue[2m > [22mTelemetry Tracking[2m > [22mloading 荳ｭ縺ｯ push 縺励↑縺・[32m 6[2mms[22m[39m
 [32m笨・[39m tests/unit/prefetch.navlink.debounce.spec.tsx[2m > [22mNavLinkPrefetch debounce behaviour[2m > [22mcoalesces rapid pointer/focus/touch intents into a single prefetch[32m 231[2mms[22m[39m
 [32m笨・[39m src/features/ibd/analysis/pdca/queries/__tests__/usePdcaPlanningSheetReassessments.spec.ts[2m > [22musePdcaPlanningSheetReassessments[2m > [22mrepository 縺九ｉ planningSheet 蜀崎ｩ穂ｾ｡繧貞叙蠕励☆繧・[32m 33[2mms[22m[39m
 [32m笨・[39m src/features/ibd/analysis/pdca/queries/__tests__/usePdcaPlanningSheetReassessments.spec.ts[2m > [22musePdcaPlanningSheetReassessments[2m > [22mplanningSheetId 譛ｪ隗｣豎ｺ譎ゅ・遨ｺ驟榊・繝輔か繝ｼ繝ｫ繝舌ャ繧ｯ[32m 6[2mms[22m[39m
 [32m笨・[39m src/features/ibd/analysis/pdca/queries/__tests__/usePdcaPlanningSheetReassessments.spec.ts[2m > [22musePdcaPlanningSheetReassessments[2m > [22mrepository 繧ｨ繝ｩ繝ｼ譎ゅ・ error 繧定ｿ斐☆[32m 78[2mms[22m[39m
 [32m笨・[39m src/lib/__tests__/env.spec.ts[2m > [22mVITE_SP_ENABLED strictly resolves SP_ENABLED to true only when "true"[2m > [22mVITE_SP_ENABLED='true' -> SP_ENABLED === true[32m 24[2mms[22m[39m
 [32m笨・[39m src/lib/__tests__/env.spec.ts[2m > [22mVITE_SP_ENABLED strictly resolves SP_ENABLED to true only when "true"[2m > [22m譛ｪ險ｭ螳・-> false[32m 16[2mms[22m[39m
 [32m笨・[39m src/lib/__tests__/env.spec.ts[2m > [22mVITE_SP_ENABLED strictly resolves SP_ENABLED to true only when "true"[2m > [22m'false' -> false[32m 16[2mms[22m[39m
 [32m笨・[39m src/lib/__tests__/env.spec.ts[2m > [22mVITE_SP_ENABLED strictly resolves SP_ENABLED to true only when "true"[2m > [22m'TRUE' -> false[32m 65[2mms[22m[39m
 [32m笨・[39m src/lib/__tests__/env.spec.ts[2m > [22mVITE_SP_ENABLED strictly resolves SP_ENABLED to true only when "true"[2m > [22m'1' -> false[32m 32[2mms[22m[39m
 [32m笨・[39m tests/unit/prefetch.navlink.kbd.spec.tsx[2m > [22mNavLinkPrefetch keyboard intents[2m > [22mrecords source="kbd" when activated via Enter[32m 170[2mms[22m[39m
 [32m笨・[39m tests/unit/prefetch.navlink.kbd.spec.tsx[2m > [22mNavLinkPrefetch keyboard intents[2m > [22mignores non-activation keys for keyboard intents[32m 17[2mms[22m[39m
 [32m笨・[39m src/features/dashboard/sections/impl/__tests__/ScheduleSection.spLane.spec.tsx[2m > [22mScheduleSection (Constant SP Lane)[2m > [22malways renders schedules-sp-lane as the 4th lane frame[32m 199[2mms[22m[39m
 [32m笨・[39m src/features/dashboard/hooks/__tests__/useDashboardNavigation.test.ts[2m > [22museDashboardNavigation[2m > [22mopenTimeline[2m > [22m繝・ヵ繧ｩ繝ｫ繝医〒 /handoff-timeline 縺ｫ dayScope:"today" 縺ｧ驕ｷ遘ｻ縺吶ｋ[32m 183[2mms[22m[39m
 [32m笨・[39m src/features/dashboard/hooks/__tests__/useDashboardNavigation.test.ts[2m > [22museDashboardNavigation[2m > [22mopenTimeline[2m > [22m"yesterday" 繧呈ｸ｡縺吶→ dayScope:"yesterday" 縺ｧ驕ｷ遘ｻ縺吶ｋ[32m 4[2mms[22m[39m
 [32m笨・[39m src/features/dashboard/hooks/__tests__/useDashboardNavigation.test.ts[2m > [22museDashboardNavigation[2m > [22mopenBriefing[2m > [22misMorningTime=true 縺ｪ繧・tab:"morning" 縺ｧ /dashboard/briefing 縺ｫ驕ｷ遘ｻ[32m 5[2mms[22m[39m
 [32m笨・[39m src/features/dashboard/hooks/__tests__/useDashboardNavigation.test.ts[2m > [22museDashboardNavigation[2m > [22mopenBriefing[2m > [22misMorningTime=false 縺ｪ繧・tab:"evening" 縺ｧ /dashboard/briefing 縺ｫ驕ｷ遘ｻ[32m 3[2mms[22m[39m
 [32m笨・[39m src/features/dashboard/hooks/__tests__/useDashboardNavigation.test.ts[2m > [22museDashboardNavigation[2m > [22mlayoutMode / schedulesEnabled[2m > [22mlayoutMode 縺瑚ｿ斐ｋ[32m 3[2mms[22m[39m
 [32m笨・[39m src/features/dashboard/hooks/__tests__/useDashboardNavigation.test.ts[2m > [22museDashboardNavigation[2m > [22mlayoutMode / schedulesEnabled[2m > [22mschedulesEnabled 縺瑚ｿ斐ｋ[32m 2[2mms[22m[39m
 [32m笨・[39m src/features/dashboard/hooks/__tests__/useDashboardNavigation.test.ts[2m > [22museDashboardNavigation[2m > [22m謌ｻ繧雁､縺ｮ讒矩[2m > [22mDashboardNavGroup 縺ｮ蜈ｨ繧ｭ繝ｼ縺悟ｭ伜惠縺吶ｋ[32m 2[2mms[22m[39m
 [32m笨・[39m src/features/schedules/data/contract.spec.ts[2m > [22mschedules contract[2m > [22mresolves list title with correct precedence[32m 75[2mms[22m[39m
 [32m笨・[39m src/features/schedules/data/contract.spec.ts[2m > [22mschedules contract[2m > [22mdetects missing required fields[32m 3[2mms[22m[39m
 [32m笨・[39m src/features/schedules/data/contract.spec.ts[2m > [22mschedules contract[2m > [22mdetects missing category choices[32m 2[2mms[22m[39m
 [32m笨・[39m src/features/schedules/data/scheduleSpMappers.spec.ts[2m > [22mscheduleSpMappers[2m > [22mbuilds select set without event-only fields for default Schedules list[32m 119[2mms[22m[39m
 [32m笨・[39m src/features/schedules/data/scheduleSpMappers.spec.ts[2m > [22mscheduleSpMappers[2m > [22mbuilds ScheduleEvents-safe field selection when list title is ScheduleEvents[32m 26[2mms[22m[39m
 [32m笨・[39m src/features/dashboard/__tests__/useDashboardSummary.spec.ts[2m > [22museDashboardSummary[2m > [22mAPI Contract[2m > [22mreturns all required keys in the result object[32m 28[2mms[22m[39m
 [32m笨・[39m src/features/dashboard/__tests__/useDashboardSummary.spec.ts[2m > [22museDashboardSummary[2m > [22mAPI Contract[2m > [22mreturns correct types for each key[32m 4[2mms[22m[39m
 [32m笨・[39m src/features/dashboard/__tests__/useDashboardSummary.spec.ts[2m > [22museDashboardSummary[2m > [22mEdge Cases[2m > [22mhandles empty users array without throwing[32m 8[2mms[22m[39m
 [32m笨・[39m src/features/dashboard/__tests__/useDashboardSummary.spec.ts[2m > [22museDashboardSummary[2m > [22mEdge Cases[2m > [22mhandles minimal valid data[32m 5[2mms[22m[39m
 [32m笨・[39m src/features/dashboard/__tests__/useDashboardSummary.spec.ts[2m > [22museDashboardSummary[2m > [22mStats Shape Contract[2m > [22mstats object has required properties[32m 4[2mms[22m[39m
 [32m笨・[39m src/features/dashboard/__tests__/useDashboardSummary.spec.ts[2m > [22museDashboardSummary[2m > [22mAttendance Summary Shape Contract[2m > [22mattendanceSummary object has required properties[32m 3[2mms[22m[39m
 [32m笨・[39m src/features/dashboard/__tests__/useDashboardSummary.spec.ts[2m > [22museDashboardSummary[2m > [22mDaily Record Status Shape Contract[2m > [22mdailyRecordStatus object has required properties[32m 3[2mms[22m[39m
 [32m笨・[39m src/features/dashboard/__tests__/useDashboardSummary.spec.ts[2m > [22museDashboardSummary[2m > [22mSchedule Lanes Shape Contract[2m > [22mscheduleLanesToday has required structure[32m 4[2mms[22m[39m
 [32m笨・[39m src/features/dashboard/__tests__/useDashboardSummary.spec.ts[2m > [22museDashboardSummary[2m > [22mSchedule Lanes Shape Contract[2m > [22mscheduleLanesTomorrow has required structure[32m 22[2mms[22m[39m
 [32m笨・[39m src/features/dashboard/__tests__/useDashboardSummary.spec.ts[2m > [22museDashboardSummary[2m > [22mIntensive Support Users[2m > [22mfilters intensive support users correctly[32m 5[2mms[22m[39m
 [32m笨・[39m src/features/dashboard/__tests__/useDashboardSummary.spec.ts[2m > [22museDashboardSummary[2m > [22mIntensive Support Users[2m > [22mreturns top 3 prioritized users[32m 3[2mms[22m[39m
 [32m笨・[39m src/features/dashboard/__tests__/useDashboardSummary.spec.ts[2m > [22museDashboardSummary[2m > [22mNull/Undefined Safety (TypeError regression)[2m > [22mdoes not throw when visits is undefined (cold load scenario)[32m 2[2mms[22m[39m
 [32m笨・[39m src/features/accessibility/__tests__/moduleSmoke.spec.ts[2m > [22maccessibility modules[2m > [22mloads feature modules without runtime errors[32m 253[2mms[22m[39m
 [32m笨・[39m tests/rtl/schedules-week-route-state.test.tsx[2m > [22museWeekPageRouteState[2m > [22mfalls back to All when cat is unknown[32m 49[2mms[22m[39m
 [32m笨・[39m tests/rtl/schedules-week-route-state.test.tsx[2m > [22museWeekPageRouteState[2m > [22mnormalizes invalid date to yyyy-mm-dd[32m 31[2mms[22m[39m
 [32m笨・[39m tests/rtl/schedules-week-route-state.test.tsx[2m > [22museWeekPageRouteState[2m > [22mdoes not update URL when filter values are unchanged[32m 126[2mms[22m[39m
 [32m笨・[39m tests/rtl/schedules-week-route-state.test.tsx[2m > [22museWeekPageRouteState[2m > [22mclears q/cat params when filter is reset[32m 27[2mms[22m[39m
 [32m笨・[39m src/features/monitoring/hooks/__tests__/useMeetingEvidenceDraft.spec.ts[2m > [22museMeetingEvidenceDraft[2m > [22muserId 縺檎ｩｺ 竊・遨ｺ繝峨Λ繝輔ヨ繧定ｿ斐☆[32m 25[2mms[22m[39m
 [32m笨・[39m src/features/monitoring/hooks/__tests__/useMeetingEvidenceDraft.spec.ts[2m > [22museMeetingEvidenceDraft[2m > [22muserId 縺檎ｩｺ縺ｮ蝣ｴ蜷・繝ｪ繝昴ず繝医Μ繧貞他縺ｰ縺ｪ縺・[32m 4[2mms[22m[39m
 [32m笨・[39m src/features/monitoring/hooks/__tests__/useMeetingEvidenceDraft.spec.ts[2m > [22museMeetingEvidenceDraft[2m > [22m譌･谺｡險倬鹸縺ｮ縺ｿ 竊・daily 繧ｻ繧ｯ繧ｷ繝ｧ繝ｳ縺縺代・繝峨Λ繝輔ヨ[32m 5[2mms[22m[39m
 [32m笨・[39m src/features/monitoring/hooks/__tests__/useMeetingEvidenceDraft.spec.ts[2m > [22museMeetingEvidenceDraft[2m > [22mABC 繝ｬ繧ｳ繝ｼ繝峨≠繧・竊・alert/abc/strategy 繧ｽ繝ｼ繧ｹ縺檎函謌舌＆繧後ｋ[32m 10[2mms[22m[39m
 [32m笨・[39m src/features/monitoring/hooks/__tests__/useMeetingEvidenceDraft.spec.ts[2m > [22museMeetingEvidenceDraft[2m > [22m蜈ｨ繧ｽ繝ｼ繧ｹ縺ゅｊ 竊・蜈ｨ繧ｻ繧ｯ繧ｷ繝ｧ繝ｳ縺悟性縺ｾ繧後ｋ繝峨Λ繝輔ヨ[32m 5[2mms[22m[39m
 [32m笨・[39m src/features/monitoring/hooks/__tests__/useMeetingEvidenceDraft.spec.ts[2m > [22museMeetingEvidenceDraft[2m > [22mgetDailyTableRecords 縺御ｾ句､・竊・daily 縺ｯ null縲∽ｻ悶・逕溘″繧・[32m 3[2mms[22m[39m
 [32m笨・[39m src/features/monitoring/hooks/__tests__/useMeetingEvidenceDraft.spec.ts[2m > [22museMeetingEvidenceDraft[2m > [22mgetABCRecordsForUser 縺御ｾ句､・竊・abc/alert/strategy 縺ｯ null縲‥aily 縺ｯ逕溘″繧・[32m 7[2mms[22m[39m
 [32m笨・[39m src/features/monitoring/hooks/__tests__/useMeetingEvidenceDraft.spec.ts[2m > [22museMeetingEvidenceDraft[2m > [22mABC蜿門ｾ励・1蝗槭□縺大他縺ｰ繧後ｋ[32m 9[2mms[22m[39m
 [32m笨・[39m src/features/monitoring/hooks/__tests__/useMeetingEvidenceDraft.spec.ts[2m > [22museMeetingEvidenceDraft[2m > [22muserName 縺後ラ繝ｩ繝輔ヨ縺ｮ fullText 縺ｫ蜿肴丐縺輔ｌ繧・[32m 4[2mms[22m[39m
 [32m笨・[39m src/features/monitoring/hooks/__tests__/useMeetingEvidenceDraft.spec.ts[2m > [22museMeetingEvidenceDraft[2m > [22mreferencedStrategies 縺ｪ縺励・ ABC 竊・strategyUsage 縺ｯ null[32m 3[2mms[22m[39m
 [32m笨・[39m src/features/planning-sheet/__tests__/tokuseiToPlanningBridge.spec.ts[2m > [22mnormalizeTokuseiFromRaw[2m > [22mshould extract all fine-grained fields from SpTokuseiRawRow[32m 5[2mms[22m[39m
 [32m笨・[39m src/features/planning-sheet/__tests__/tokuseiToPlanningBridge.spec.ts[2m > [22mnormalizeTokuseiFromRaw[2m > [22mshould handle completely empty row[32m 2[2mms[22m[39m
 [32m笨・[39m src/features/planning-sheet/__tests__/tokuseiToPlanningBridge.spec.ts[2m > [22mnormalizeTokuseiFromRaw[2m > [22mshould trim whitespace from values[32m 1[2mms[22m[39m
 [32m笨・[39m src/features/planning-sheet/__tests__/tokuseiToPlanningBridge.spec.ts[2m > [22mnormalizeTokuseiFromAggregated[2m > [22mshould re-decompose aggregated personality field[32m 1[2mms[22m[39m
 [32m笨・[39m src/features/planning-sheet/__tests__/tokuseiToPlanningBridge.spec.ts[2m > [22mnormalizeTokuseiFromAggregated[2m > [22mshould re-decompose aggregated sensoryFeatures field[32m 1[2mms[22m[39m
 [32m笨・[39m src/features/planning-sheet/__tests__/tokuseiToPlanningBridge.spec.ts[2m > [22mnormalizeTokuseiFromAggregated[2m > [22mshould re-decompose aggregated behaviorFeatures field[32m 1[2mms[22m[39m
 [32m笨・[39m src/features/planning-sheet/__tests__/tokuseiToPlanningBridge.spec.ts[2m > [22mnormalizeTokuseiFromAggregated[2m > [22mshould handle response with only strengths and notes[32m 1[2mms[22m[39m
 [32m笨・[39m src/features/planning-sheet/__tests__/tokuseiToPlanningBridge.spec.ts[2m > [22mnormalizeTokuseiFromAggregated[2m > [22mshould handle completely empty response[32m 1[2mms[22m[39m
 [32m笨・[39m src/features/planning-sheet/__tests__/tokuseiToPlanningBridge.spec.ts[2m > [22mTOKUSEI_FIELD_MAP[2m > [22mshould have entries for all TokuseiSourceNormalized keys[32m 3[2mms[22m[39m
 [32m笨・[39m src/features/planning-sheet/__tests__/tokuseiToPlanningBridge.spec.ts[2m > [22mTOKUSEI_FIELD_MAP[2m > [22mshould assign all sensory fields to iceberg section[32m 1[2mms[22m[39m
 [32m笨・[39m src/features/planning-sheet/__tests__/tokuseiToPlanningBridge.spec.ts[2m > [22mTOKUSEI_FIELD_MAP[2m > [22mshould assign behaviorEpisodes as low confidence[32m 1[2mms[22m[39m
 [32m笨・[39m src/features/planning-sheet/__tests__/tokuseiToPlanningBridge.spec.ts[2m > [22mTOKUSEI_FIELD_MAP[2m > [22mshould assign communication fields to fba section[32m 1[2mms[22m[39m
 [32m笨・[39m src/features/planning-sheet/__tests__/tokuseiToPlanningBridge.spec.ts[2m > [22mgetFieldsBySection[2m > [22mshould return iceberg fields[32m 2[2mms[22m[39m
 [32m笨・[39m src/features/planning-sheet/__tests__/tokuseiToPlanningBridge.spec.ts[2m > [22mgetFieldsBySection[2m > [22mshould return fba fields[32m 1[2mms[22m[39m
 [32m笨・[39m src/features/planning-sheet/__tests__/tokuseiToPlanningBridge.spec.ts[2m > [22mgetFieldsByMinConfidence[2m > [22mshould include all fields for min=low[32m 1[2mms[22m[39m
 [32m笨・[39m src/features/planning-sheet/__tests__/tokuseiToPlanningBridge.spec.ts[2m > [22mgetFieldsByMinConfidence[2m > [22mshould exclude low-confidence fields for min=medium[32m 1[2mms[22m[39m
 [32m笨・[39m src/features/planning-sheet/__tests__/tokuseiToPlanningBridge.spec.ts[2m > [22mgetFieldsByMinConfidence[2m > [22mshould return only high-confidence fields for min=high[32m 1[2mms[22m[39m
 [32m笨・[39m src/features/planning-sheet/__tests__/tokuseiToPlanningBridge.spec.ts[2m > [22memptyBridgeResult[2m > [22mshould return all-empty result[32m 1[2mms[22m[39m
 [32m笨・[39m src/features/planning-sheet/__tests__/tokuseiToPlanningBridge.spec.ts[2m > [22memptyNormalized[2m > [22mshould return object with all empty strings[32m 1[2mms[22m[39m
 [32m笨・[39m src/features/planning-sheet/__tests__/tokuseiToPlanningBridge.spec.ts[2m > [22mtokuseiToPlanningBridge (entry function)[2m > [22mshould return empty result for all-empty input[32m 1[2mms[22m[39m
 [32m笨・[39m src/features/planning-sheet/__tests__/tokuseiToPlanningBridge.spec.ts[2m > [22mtokuseiToPlanningBridge (entry function)[2m > [22mshould process raw input and return full result[32m 5[2mms[22m[39m
 [32m笨・[39m src/features/planning-sheet/__tests__/tokuseiToPlanningBridge.spec.ts[2m > [22mtokuseiToPlanningBridge (entry function)[2m > [22mshould process aggregated input and include fallback warning[32m 1[2mms[22m[39m
 [32m笨・[39m src/features/planning-sheet/__tests__/tokuseiToPlanningBridge.spec.ts[2m > [22mbuildFormPatches[2m > [22mshould map hearing hypersensitivity to environmentFactors[32m 1[2mms[22m[39m
 [32m笨・[39m src/features/planning-sheet/__tests__/tokuseiToPlanningBridge.spec.ts[2m > [22mbuildFormPatches[2m > [22mshould map difficultyWithChanges to triggers[32m 1[2mms[22m[39m
 [32m笨・[39m src/features/planning-sheet/__tests__/tokuseiToPlanningBridge.spec.ts[2m > [22mbuildFormPatches[2m > [22mshould map sensoryFreeText to environmentalAdjustment[32m 1[2mms[22m[39m
 [32m笨・[39m src/features/planning-sheet/__tests__/tokuseiToPlanningBridge.spec.ts[2m > [22mbuildFormPatches[2m > [22mshould map notes to teamConsensusNote[32m 1[2mms[22m[39m
 [32m笨・[39m src/features/planning-sheet/__tests__/tokuseiToPlanningBridge.spec.ts[2m > [22mbuildFormPatches[2m > [22mshould map strengths to reinforcementMethod[32m 1[2mms[22m[39m
 [32m笨・[39m src/features/planning-sheet/__tests__/tokuseiToPlanningBridge.spec.ts[2m > [22mbuildFormPatches[2m > [22mshould return empty object for empty input[32m 1[2mms[22m[39m
 [32m笨・[39m src/features/planning-sheet/__tests__/tokuseiToPlanningBridge.spec.ts[2m > [22mbuildFormPatches[2m > [22mshould map relationalDifficulties to emotions[32m 1[2mms[22m[39m
 [32m笨・[39m src/features/planning-sheet/__tests__/tokuseiToPlanningBridge.spec.ts[2m > [22mbuildFormPatches[2m > [22mshould map situationalUnderstanding to cognition[32m 1[2mms[22m[39m
 [32m笨・[39m src/features/planning-sheet/__tests__/tokuseiToPlanningBridge.spec.ts[2m > [22mbuildIntakePatches[2m > [22mshould extract sensoryTriggers from hypersensitivity[32m 1[2mms[22m[39m
 [32m笨・[39m src/features/planning-sheet/__tests__/tokuseiToPlanningBridge.spec.ts[2m > [22mbuildIntakePatches[2m > [22mshould extract communicationModes from difficulties[32m 1[2mms[22m[39m
 [32m笨・[39m src/features/planning-sheet/__tests__/tokuseiToPlanningBridge.spec.ts[2m > [22mbuildIntakePatches[2m > [22mshould extract presentingProblem from behavior labels[32m 1[2mms[22m[39m
 [32m笨・[39m src/features/planning-sheet/__tests__/tokuseiToPlanningBridge.spec.ts[2m > [22mbuildIntakePatches[2m > [22mshould extract medicalFlags from medical keywords[32m 1[2mms[22m[39m
 [32m笨・[39m src/features/planning-sheet/__tests__/tokuseiToPlanningBridge.spec.ts[2m > [22mbuildIntakePatches[2m > [22mshould deduplicate communicationModes[32m 1[2mms[22m[39m
 [32m笨・[39m src/features/planning-sheet/__tests__/tokuseiToPlanningBridge.spec.ts[2m > [22mbuildIntakePatches[2m > [22mshould return empty for empty signals[32m 1[2mms[22m[39m
 [32m笨・[39m src/features/planning-sheet/__tests__/tokuseiToPlanningBridge.spec.ts[2m > [22mbuildAssessmentPatches[2m > [22mshould extract healthFactors from medical signals[32m 2[2mms[22m[39m
 [32m笨・[39m src/features/planning-sheet/__tests__/tokuseiToPlanningBridge.spec.ts[2m > [22mbuildAssessmentPatches[2m > [22mshould return empty for no medical signals[32m 1[2mms[22m[39m
 [32m笨・[39m src/features/planning-sheet/__tests__/tokuseiToPlanningBridge.spec.ts[2m > [22mbuildCandidates[2m > [22mshould generate targetBehavior candidates from behavior episode[32m 1[2mms[22m[39m
 [32m笨・[39m src/features/planning-sheet/__tests__/tokuseiToPlanningBridge.spec.ts[2m > [22mbuildCandidates[2m > [22mshould generate hypotheses from communication difficulty[32m 1[2mms[22m[39m
 [32m笨・[39m src/features/planning-sheet/__tests__/tokuseiToPlanningBridge.spec.ts[2m > [22mbuildCandidates[2m > [22mshould generate hypotheses from sensory avoidance[32m 1[2mms[22m[39m
 [32m笨・[39m src/features/planning-sheet/__tests__/tokuseiToPlanningBridge.spec.ts[2m > [22mbuildCandidates[2m > [22mshould generate abcEvent candidates from change difficulty[32m 7[2mms[22m[39m
 [32m笨・[39m src/features/planning-sheet/__tests__/tokuseiToPlanningBridge.spec.ts[2m > [22mbuildCandidates[2m > [22mshould not include low confidence in patches[32m 2[2mms[22m[39m
 [32m笨・[39m src/features/planning-sheet/__tests__/tokuseiToPlanningBridge.spec.ts[2m > [22mbuildCandidates[2m > [22mshould deduplicate candidates[32m 1[2mms[22m[39m
 [32m笨・[39m src/features/planning-sheet/__tests__/tokuseiToPlanningBridge.spec.ts[2m > [22mbuildProvenance[2m > [22mshould create provenance entries for touched fields[32m 3[2mms[22m[39m
 [32m笨・[39m src/features/planning-sheet/__tests__/tokuseiToPlanningBridge.spec.ts[2m > [22mbuildProvenance[2m > [22mshould include candidate provenance when candidates exist[32m 1[2mms[22m[39m
 [32m笨・[39m src/features/planning-sheet/__tests__/tokuseiToPlanningBridge.spec.ts[2m > [22msummarizeTokuseiBridge[2m > [22mshould count iceberg fields correctly[32m 1[2mms[22m[39m
 [32m笨・[39m src/features/planning-sheet/__tests__/tokuseiToPlanningBridge.spec.ts[2m > [22msummarizeTokuseiBridge[2m > [22mshould return zeros for empty patches[32m 1[2mms[22m[39m
 [32m笨・[39m src/features/planning-sheet/__tests__/tokuseiToPlanningBridge.spec.ts[2m > [22mbuildAudit[2m > [22mshould include aggregated fallback warning[32m 1[2mms[22m[39m
 [32m笨・[39m src/features/planning-sheet/__tests__/tokuseiToPlanningBridge.spec.ts[2m > [22mbuildAudit[2m > [22mshould include warning when only low confidence candidates exist[32m 1[2mms[22m[39m
 [32m笨・[39m src/features/planning-sheet/__tests__/tokuseiToPlanningBridge.spec.ts[2m > [22mbuildAudit[2m > [22mshould track touched fields[32m 1[2mms[22m[39m
 [32m笨・[39m src/features/planning-sheet/__tests__/tokuseiToPlanningBridge.spec.ts[2m > [22mbuildAudit[2m > [22mshould track skipped (empty) fields[32m 1[2mms[22m[39m
 [32m笨・[39m src/features/planning-sheet/__tests__/tokuseiToPlanningBridge.spec.ts[2m > [22mbuildAudit[2m > [22mshould include operational definition warning[32m 1[2mms[22m[39m
 [32m笨・[39m src/features/ibd/analysis/pdca/components/__tests__/PdcaCyclePanel.spec.tsx[2m > [22mPdcaCyclePanel[2m > [22mloading 譎ゅ・隱ｭ縺ｿ霎ｼ縺ｿ陦ｨ遉ｺ[32m 99[2mms[22m[39m
 [32m笨・[39m src/features/ibd/analysis/pdca/components/__tests__/PdcaCyclePanel.spec.tsx[2m > [22mPdcaCyclePanel[2m > [22merror 譎ゅ・繧ｨ繝ｩ繝ｼ陦ｨ遉ｺ[32m 19[2mms[22m[39m
 [32m笨・[39m src/features/ibd/analysis/pdca/components/__tests__/PdcaCyclePanel.spec.tsx[2m > [22mPdcaCyclePanel[2m > [22mstate 縺後≠繧九→荳ｻ隕・・岼繧定｡ｨ遉ｺ[32m 29[2mms[22m[39m
 [32m笨・[39m src/features/support-plan-guide/hooks/__tests__/useComplianceForm.spec.ts[2m > [22museComplianceForm[2m > [22m蛻晄悄迥ｶ諷・[2m > [22m繝峨Λ繝輔ヨ縺・undefined 縺ｮ蝣ｴ蜷医√ョ繝輔か繝ｫ繝亥､繧定ｿ斐☆[32m 25[2mms[22m[39m
 [32m笨・[39m src/features/support-plan-guide/hooks/__tests__/useComplianceForm.spec.ts[2m > [22museComplianceForm[2m > [22m蛻晄悄迥ｶ諷・[2m > [22m繝峨Λ繝輔ヨ縺ｫ compliance 縺檎┌縺・ｴ蜷医√ョ繝輔か繝ｫ繝亥､繧定ｿ斐☆[32m 5[2mms[22m[39m
 [32m笨・[39m src/features/support-plan-guide/hooks/__tests__/useComplianceForm.spec.ts[2m > [22museComplianceForm[2m > [22m蛻晄悄迥ｶ諷・[2m > [22m繝峨Λ繝輔ヨ縺ｫ compliance 縺後≠繧句ｴ蜷医√◎縺ｮ蛟､繧定ｿ斐☆[32m 6[2mms[22m[39m
 [32m笨・[39m src/features/support-plan-guide/hooks/__tests__/useComplianceForm.spec.ts[2m > [22museComplianceForm[2m > [22mmissingFields[2m > [22m繝・ヵ繧ｩ繝ｫ繝育憾諷九〒縺ｯ5莉ｶ縺ｮ譛ｪ蜈･蜉幃・岼縺後≠繧・[32m 40[2mms[22m[39m
 [32m笨・[39m src/features/support-plan-guide/hooks/__tests__/useComplianceForm.spec.ts[2m > [22museComplianceForm[2m > [22mmissingFields[2m > [22m蜈ｨ縺ｦ蜈･蜉帙☆繧九→譛ｪ蜈･蜉帙′0莉ｶ縺ｫ縺ｪ繧・[32m 4[2mms[22m[39m
 [32m笨・[39m src/features/support-plan-guide/hooks/__tests__/useComplianceForm.spec.ts[2m > [22museComplianceForm[2m > [22mupdateConsent[2m > [22m蜷梧э繝・・繧ｿ繧帝Κ蛻・峩譁ｰ縺吶ｋ[32m 3[2mms[22m[39m
 [32m笨・[39m src/features/support-plan-guide/hooks/__tests__/useComplianceForm.spec.ts[2m > [22museComplianceForm[2m > [22mupdateConsent[2m > [22misAdmin 縺・false 縺ｮ蝣ｴ蜷医・譖ｴ譁ｰ縺励↑縺・[32m 2[2mms[22m[39m
 [32m笨・[39m src/features/support-plan-guide/hooks/__tests__/useComplianceForm.spec.ts[2m > [22museComplianceForm[2m > [22mupdateDelivery[2m > [22m莠､莉倥ョ繝ｼ繧ｿ繧帝Κ蛻・峩譁ｰ縺吶ｋ[32m 3[2mms[22m[39m
 [32m笨・[39m src/features/support-plan-guide/hooks/__tests__/useComplianceForm.spec.ts[2m > [22museComplianceForm[2m > [22mupdateServiceHours[2m > [22m謠蝉ｾ帶凾髢薙ｒ譖ｴ譁ｰ縺吶ｋ[32m 4[2mms[22m[39m
 [32m笨・[39m src/features/support-plan-guide/hooks/__tests__/useComplianceForm.spec.ts[2m > [22museComplianceForm[2m > [22mupdateServiceHours[2m > [22mnull 縺ｧ謠蝉ｾ帶凾髢薙ｒ繧ｯ繝ｪ繧｢縺ｧ縺阪ｋ[32m 3[2mms[22m[39m
 [32m笨・[39m src/features/support-plan-guide/hooks/__tests__/useComplianceForm.spec.ts[2m > [22museComplianceForm[2m > [22m荳肴ｭ｣繝・・繧ｿ閠先ｧ[2m > [22mcompliance 縺御ｸ肴ｭ｣縺ｪ繧ｪ繝悶ず繧ｧ繧ｯ繝医〒繧ゅョ繝輔か繝ｫ繝医↓繝輔か繝ｼ繝ｫ繝舌ャ繧ｯ縺吶ｋ[32m 31[2mms[22m[39m
 [32m笨・[39m src/features/support-plan-guide/hooks/__tests__/useComplianceForm.spec.ts[2m > [22museComplianceForm[2m > [22mapprovalState[2m > [22m繝・ヵ繧ｩ繝ｫ繝育憾諷九〒縺ｯ譛ｪ謇ｿ隱・[32m 2[2mms[22m[39m
 [32m笨・[39m src/features/support-plan-guide/hooks/__tests__/useComplianceForm.spec.ts[2m > [22museComplianceForm[2m > [22mapprovalState[2m > [22m謇ｿ隱肴ｸ医∩縺ｮ繝峨Λ繝輔ヨ縺ｧ縺ｯ isApproved = true[32m 2[2mms[22m[39m
 [32m笨・[39m src/features/support-plan-guide/hooks/__tests__/useComplianceForm.spec.ts[2m > [22museComplianceForm[2m > [22mperformApproval[2m > [22m邂｡逅・・′謇ｿ隱阪ｒ螳溯｡後☆繧九→繝峨Λ繝輔ヨ縺ｫ蜿肴丐縺輔ｌ繧・[32m 2[2mms[22m[39m
 [32m笨・[39m src/features/support-plan-guide/hooks/__tests__/useComplianceForm.spec.ts[2m > [22museComplianceForm[2m > [22mperformApproval[2m > [22misAdmin 縺・false 縺ｮ蝣ｴ蜷医・謇ｿ隱阪＆繧後↑縺・[32m 3[2mms[22m[39m
 [32m笨・[39m src/features/support-plan-guide/hooks/__tests__/useComplianceForm.spec.ts[2m > [22museComplianceForm[2m > [22mperformApproval[2m > [22m遨ｺ縺ｮ UPN 縺ｧ縺ｯ謇ｿ隱阪＆繧後↑縺・[32m 2[2mms[22m[39m
 [32m笨・[39m src/utils/__tests__/scheduleTz.test.ts[2m > [22mscheduleTz Core Functions[2m > [22misValidTimeZone[2m > [22m譛牙柑縺ｪIANA ID 繧呈ｭ｣縺励￥隱崎ｭ・[32m 16[2mms[22m[39m
 [32m笨・[39m src/utils/__tests__/scheduleTz.test.ts[2m > [22mscheduleTz Core Functions[2m > [22misValidTimeZone[2m > [22m繧ｨ繧､繝ｪ繧｢繧ｹ繧呈ｭ｣縺励￥蜃ｦ逅・[32m 44[2mms[22m[39m
 [32m笨・[39m src/utils/__tests__/scheduleTz.test.ts[2m > [22mscheduleTz Core Functions[2m > [22misValidTimeZone[2m > [22m辟｡蜉ｹ縺ｪ繧ｿ繧､繝繧ｾ繝ｼ繝ｳ ID 繧呈拠蜷ｦ[32m 5[2mms[22m[39m
 [32m笨・[39m src/utils/__tests__/scheduleTz.test.ts[2m > [22mscheduleTz Core Functions[2m > [22misValidTimeZone[2m > [22m螟ｧ譁・ｭ怜ｰ乗枚蟄励・遨ｺ逋ｽ繧帝←蛻・↓蜃ｦ逅・[32m 4[2mms[22m[39m
 [32m笨・[39m src/utils/__tests__/scheduleTz.test.ts[2m > [22mscheduleTz Core Functions[2m > [22massertValidTz[2m > [22m譛牙柑縺ｪ繧ｿ繧､繝繧ｾ繝ｼ繝ｳ繧偵◎縺ｮ縺ｾ縺ｾ霑斐☆[32m 4[2mms[22m[39m
 [32m笨・[39m src/utils/__tests__/scheduleTz.test.ts[2m > [22mscheduleTz Core Functions[2m > [22massertValidTz[2m > [22m辟｡蜉ｹ縺ｪ繧ｿ繧､繝繧ｾ繝ｼ繝ｳ縺ｧ蛟呵｣懊メ繧ｧ繝ｼ繝ｳ繧剃ｽｿ逕ｨ[32m 2[2mms[22m[39m
 [32m笨・[39m src/utils/__tests__/scheduleTz.test.ts[2m > [22mscheduleTz Core Functions[2m > [22massertValidTz[2m > [22m遨ｺ蛟呵｣懊Μ繧ｹ繝医〒繧ｫ繧ｹ繧ｿ繝繝輔か繝ｼ繝ｫ繝舌ャ繧ｯ[32m 10[2mms[22m[39m
 [32m笨・[39m src/utils/__tests__/scheduleTz.test.ts[2m > [22mscheduleTz Core Functions[2m > [22massertValidTz[2m > [22m蜈ｨ縺ｦ辟｡蜉ｹ縺ｪ蝣ｴ蜷医・繝輔か繝ｼ繝ｫ繝舌ャ繧ｯ・・sia/Tokyo 竊・UTC・・[32m 4[2mms[22m[39m
 [32m笨・[39m src/utils/__tests__/scheduleTz.test.ts[2m > [22mscheduleTz Core Functions[2m > [22massertValidTz[2m > [22m蛟呵｣懊Μ繧ｹ繝医・驥崎､・勁蜴ｻ[32m 2[2mms[22m[39m
 [32m笨・[39m src/utils/__tests__/scheduleTz.test.ts[2m > [22mscheduleTz Core Functions[2m > [22mDEFAULT_TZ_CANDIDATES 邨ｱ蜷・[2m > [22m縺吶∋縺ｦ縺ｮ蛟呵｣懊′譛牙柑縺ｪ繧ｿ繧､繝繧ｾ繝ｼ繝ｳ[32m 2[2mms[22m[39m
 [32m笨・[39m src/utils/__tests__/scheduleTz.test.ts[2m > [22mscheduleTz Core Functions[2m > [22mDEFAULT_TZ_CANDIDATES 邨ｱ蜷・[2m > [22m辟｡蜉ｹ蜈･蜉帶凾縺ｫDEFAULT_TZ_CANDIDATES縺瑚・蜍穂ｽｿ逕ｨ[32m 3[2mms[22m[39m
 [32m笨・[39m src/utils/__tests__/scheduleTz.test.ts[2m > [22mscheduleTz Core Functions[2m > [22mIntl 繧ｵ繝昴・繝医↑縺礼腸蠅・〒縺ｮ date-fns-tz 繝輔か繝ｼ繝ｫ繝舌ャ繧ｯ[2m > [22mIntl辟｡蜉ｹ迺ｰ蠅・〒縺ｮ繝輔か繝ｼ繝ｫ繝舌ャ繧ｯ蜍穂ｽ・[32m 2[2mms[22m[39m
 [32m笨・[39m src/utils/__tests__/scheduleTz.test.ts[2m > [22mscheduleTz Core Functions[2m > [22mIntl 繧ｵ繝昴・繝医↑縺礼腸蠅・〒縺ｮ date-fns-tz 繝輔か繝ｼ繝ｫ繝舌ャ繧ｯ[2m > [22mdate-fns-tz邨檎罰縺ｧ辟｡蜉ｹ縺ｪ繧ｿ繧､繝繧ｾ繝ｼ繝ｳ繧呈拠蜷ｦ[32m 1[2mms[22m[39m
 [32m笨・[39m src/utils/__tests__/scheduleTz.test.ts[2m > [22mscheduleTz Core Functions[2m > [22m繧ｨ繧､繝ｪ繧｢繧ｹ蜃ｦ逅・・隧ｳ邏ｰ[2m > [22m譁ｰ縺励￥霑ｽ蜉縺輔ｌ縺溘お繧､繝ｪ繧｢繧ｹ縺ｮ蜍穂ｽ懃｢ｺ隱・[32m 6[2mms[22m[39m
 [32m笨・[39m src/utils/__tests__/scheduleTz.test.ts[2m > [22mscheduleTz Core Functions[2m > [22m繧ｨ繧､繝ｪ繧｢繧ｹ蜃ｦ逅・・隧ｳ邏ｰ[2m > [22m繧ｨ繧､繝ｪ繧｢繧ｹ + 螟ｧ譁・ｭ怜ｰ乗枚蟄玲ｷｷ蜷・[32m 1[2mms[22m[39m
 [32m笨・[39m src/features/today/records/__tests__/useQuickRecord.spec.tsx[2m > [22museQuickRecord[2m > [22mstarts with drawer closed and autoNext enabled by default[32m 30[2mms[22m[39m
 [32m笨・[39m src/features/today/records/__tests__/useQuickRecord.spec.tsx[2m > [22museQuickRecord[2m > [22mopenUnfilled sets mode and userId[32m 10[2mms[22m[39m
 [32m笨・[39m src/features/today/records/__tests__/useQuickRecord.spec.tsx[2m > [22museQuickRecord[2m > [22mopenUnfilled without targetUserId opens in unfilled mode[32m 4[2mms[22m[39m
 [32m笨・[39m src/features/today/records/__tests__/useQuickRecord.spec.tsx[2m > [22museQuickRecord[2m > [22mopenUser sets mode=user and userId[32m 4[2mms[22m[39m
 [32m笨・[39m src/features/today/records/__tests__/useQuickRecord.spec.tsx[2m > [22museQuickRecord[2m > [22mclose removes mode and userId[32m 4[2mms[22m[39m
 [32m笨・[39m src/features/today/records/__tests__/useQuickRecord.spec.tsx[2m > [22museQuickRecord[2m > [22msetAutoNextEnabled persists to localStorage[32m 12[2mms[22m[39m
 [32m笨・[39m src/features/today/records/__tests__/useQuickRecord.spec.tsx[2m > [22museQuickRecord[2m > [22msetAutoNextEnabled(true) writes 1 to localStorage[32m 18[2mms[22m[39m
 [32m笨・[39m src/features/today/records/__tests__/useQuickRecord.spec.tsx[2m > [22museQuickRecord[2m > [22mreads autoNext from localStorage when URL has no autoNext param[32m 4[2mms[22m[39m
 [32m笨・[39m src/features/today/records/__tests__/useQuickRecord.spec.tsx[2m > [22museQuickRecord[2m > [22mdefaults autoNext to true when localStorage is empty[32m 4[2mms[22m[39m
 [32m笨・[39m src/features/today/records/__tests__/useQuickRecord.spec.tsx[2m > [22museQuickRecord[2m > [22mrestores state from URL params on mount (reload scenario)[32m 3[2mms[22m[39m
 [32m笨・[39m src/features/today/records/__tests__/useQuickRecord.spec.tsx[2m > [22museQuickRecord[2m > [22mrestores autoNext=0 from URL params[32m 2[2mms[22m[39m
 [32m笨・[39m src/features/today/records/__tests__/useQuickRecord.spec.tsx[2m > [22museQuickRecord[2m > [22mdoes not crash when localStorage throws on read[32m 2[2mms[22m[39m
 [32m笨・[39m src/features/today/records/__tests__/useQuickRecord.spec.tsx[2m > [22museQuickRecord[2m > [22mdoes not crash when localStorage throws on write[32m 4[2mms[22m[39m
 [32m笨・[39m src/app/routes/__tests__/redirects.spec.tsx[2m > [22mDashboardRedirect[2m > [22madmin + flag ON 竊・/dashboard[32m 52[2mms[22m[39m
 [32m笨・[39m src/app/routes/__tests__/redirects.spec.tsx[2m > [22mDashboardRedirect[2m > [22mviewer + flag ON 竊・/today[32m 10[2mms[22m[39m
 [32m笨・[39m src/app/routes/__tests__/redirects.spec.tsx[2m > [22mDashboardRedirect[2m > [22mreception + flag ON 竊・/today[32m 28[2mms[22m[39m
 [32m笨・[39m src/app/routes/__tests__/redirects.spec.tsx[2m > [22mDashboardRedirect[2m > [22mviewer + flag OFF 竊・/dashboard[32m 21[2mms[22m[39m
 [32m笨・[39m src/app/routes/__tests__/redirects.spec.tsx[2m > [22mDashboardRedirect[2m > [22madmin + flag OFF 竊・/dashboard[32m 12[2mms[22m[39m
 [32m笨・[39m src/app/routes/__tests__/redirects.spec.tsx[2m > [22mDashboardRedirect[2m > [22mpreserves query params on redirect[32m 6[2mms[22m[39m
 [32m笨・[39m src/features/dashboard/selectors/__tests__/useAttendanceAnalytics.spec.ts[2m > [22museAttendanceAnalytics 窶・逋ｺ辭ｱ繧｢繝ｩ繝ｼ繝・[2m > [22m37.5邃・ｻ･荳翫・蛻ｩ逕ｨ閠・′縺・ｋ蝣ｴ蜷医↓ fever_alert 繧堤函謌舌☆繧・[32m 24[2mms[22m[39m
 [32m笨・[39m src/features/dashboard/selectors/__tests__/useAttendanceAnalytics.spec.ts[2m > [22museAttendanceAnalytics 窶・逋ｺ辭ｱ繧｢繝ｩ繝ｼ繝・[2m > [22m縺｡繧・≧縺ｩ37.5邃・〒繧ゅい繝ｩ繝ｼ繝医ｒ逕滓・縺吶ｋ (蠅・阜蛟､)[32m 3[2mms[22m[39m
 [32m笨・[39m src/features/dashboard/selectors/__tests__/useAttendanceAnalytics.spec.ts[2m > [22museAttendanceAnalytics 窶・逋ｺ辭ｱ繧｢繝ｩ繝ｼ繝・[2m > [22m37.4邃・ｻ･荳九〒縺ｯ繧｢繝ｩ繝ｼ繝医ｒ逕滓・縺励↑縺・[32m 3[2mms[22m[39m
 [32m笨・[39m src/features/dashboard/selectors/__tests__/useAttendanceAnalytics.spec.ts[2m > [22museAttendanceAnalytics 窶・逋ｺ辭ｱ繧｢繝ｩ繝ｼ繝・[2m > [22m貂ｩ蠎ｦ譛ｪ蜈･蜉・(undefined) 縺ｯ繧｢繝ｩ繝ｼ繝亥ｯｾ雎｡螟・[32m 3[2mms[22m[39m
 [32m笨・[39m src/features/dashboard/selectors/__tests__/useAttendanceAnalytics.spec.ts[2m > [22museAttendanceAnalytics 窶・逋ｺ辭ｱ繧｢繝ｩ繝ｼ繝・[2m > [22m隍・焚縺ｮ逋ｺ辭ｱ閠・ｒ豁｣縺励￥繧ｫ繧ｦ繝ｳ繝医☆繧・[32m 4[2mms[22m[39m
 [32m笨・[39m src/features/dashboard/selectors/__tests__/useAttendanceAnalytics.spec.ts[2m > [22museAttendanceAnalytics 窶・螟墓婿繝輔か繝ｭ繝ｼ譛ｪ螳御ｺ・[2m > [22m谺蟶ｭ閠・〒 eveningChecked=false 縺ｮ蝣ｴ蜷医↓繧｢繝ｩ繝ｼ繝医ｒ逕滓・縺吶ｋ[32m 3[2mms[22m[39m
 [32m笨・[39m src/features/dashboard/selectors/__tests__/useAttendanceAnalytics.spec.ts[2m > [22museAttendanceAnalytics 窶・螟墓婿繝輔か繝ｭ繝ｼ譛ｪ螳御ｺ・[2m > [22m谺蟶ｭ閠・〒 eveningChecked=undefined 縺ｧ繧ゅい繝ｩ繝ｼ繝医ｒ逕滓・縺吶ｋ (繝・ヵ繧ｩ繝ｫ繝域悴繝√ぉ繝・け)[32m 2[2mms[22m[39m
 [32m笨・[39m src/features/dashboard/selectors/__tests__/useAttendanceAnalytics.spec.ts[2m > [22museAttendanceAnalytics 窶・螟墓婿繝輔か繝ｭ繝ｼ譛ｪ螳御ｺ・[2m > [22m谺蟶ｭ閠・〒 eveningChecked=true 縺ｮ蝣ｴ蜷医・繧｢繝ｩ繝ｼ繝医ｒ逕滓・縺励↑縺・[32m 2[2mms[22m[39m
 [32m笨・[39m src/features/dashboard/selectors/__tests__/useAttendanceAnalytics.spec.ts[2m > [22museAttendanceAnalytics 窶・螟墓婿繝輔か繝ｭ繝ｼ譛ｪ螳御ｺ・[2m > [22m騾壽園荳ｭ縺ｮ蛻ｩ逕ｨ閠・・ eveningChecked=false 縺ｧ繧ゅい繝ｩ繝ｼ繝亥ｯｾ雎｡螟・(谺蟶ｭ閠・・縺ｿ蟇ｾ雎｡)[32m 2[2mms[22m[39m
 [32m笨・[39m src/features/dashboard/selectors/__tests__/useAttendanceAnalytics.spec.ts[2m > [22museAttendanceAnalytics 窶・螟墓婿繝輔か繝ｭ繝ｼ譛ｪ螳御ｺ・[2m > [22m隍・焚縺ｮ谺蟶ｭ閠・〒繝輔か繝ｭ繝ｼ譛ｪ螳御ｺ・ｒ豁｣縺励￥繧ｫ繧ｦ繝ｳ繝医☆繧・[32m 2[2mms[22m[39m
 [32m笨・[39m src/features/dashboard/selectors/__tests__/useAttendanceAnalytics.spec.ts[2m > [22museAttendanceAnalytics 窶・隍・粋繧ｱ繝ｼ繧ｹ[2m > [22m逋ｺ辭ｱ + 螟墓婿繝輔か繝ｭ繝ｼ譛ｪ螳御ｺ・+ 谺蟶ｭ縺悟酔譎ゅ↓蟄伜惠縺吶ｋ蝣ｴ蜷医∝・繧｢繝ｩ繝ｼ繝医ｒ逕滓・縺吶ｋ[32m 2[2mms[22m[39m
 [32m笨・[39m src/features/dashboard/selectors/__tests__/useAttendanceAnalytics.spec.ts[2m > [22museAttendanceAnalytics 窶・隍・粋繧ｱ繝ｼ繧ｹ[2m > [22m蜈ｨ蜩｡豁｣蟶ｸ縺ｮ蝣ｴ蜷医・繧｢繝ｩ繝ｼ繝医↑縺・[32m 7[2mms[22m[39m
 [32m笨・[39m src/features/dashboard/selectors/__tests__/useAttendanceAnalytics.spec.ts[2m > [22museAttendanceAnalytics 窶・隍・粋繧ｱ繝ｼ繧ｹ[2m > [22m譌｢蟄倥・谺蟶ｭ繝ｻ驕・綾繧｢繝ｩ繝ｼ繝医・蠑輔″邯壹″豁｣蟶ｸ縺ｫ蜍穂ｽ懊☆繧・[32m 3[2mms[22m[39m
 [32m笨・[39m src/features/dashboard/selectors/__tests__/useAttendanceAnalytics.spec.ts[2m > [22museAttendanceAnalytics 窶・section/tags 蛻・｡・[2m > [22mabsent 縺ｯ section=today, tags=[驥崎ｦ‐ 繧呈戟縺､[32m 2[2mms[22m[39m
 [32m笨・[39m src/features/dashboard/selectors/__tests__/useAttendanceAnalytics.spec.ts[2m > [22museAttendanceAnalytics 窶・section/tags 蛻・｡・[2m > [22mlate 縺ｯ section=today, tags=[譁ｰ隕従 繧呈戟縺､[32m 3[2mms[22m[39m
 [32m笨・[39m src/features/dashboard/selectors/__tests__/useAttendanceAnalytics.spec.ts[2m > [22museAttendanceAnalytics 窶・section/tags 蛻・｡・[2m > [22mfever_alert 縺ｯ section=today, tags=[驥崎ｦ‐ 繧呈戟縺､[32m 2[2mms[22m[39m
 [32m笨・[39m src/features/dashboard/selectors/__tests__/useAttendanceAnalytics.spec.ts[2m > [22museAttendanceAnalytics 窶・section/tags 蛻・｡・[2m > [22mevening_followup 縺ｯ section=ongoing, tags=[邯咏ｶ咯 繧呈戟縺､[32m 2[2mms[22m[39m
 [32m笨・[39m src/features/dashboard/selectors/__tests__/useAttendanceAnalytics.spec.ts[2m > [22museAttendanceAnalytics 窶・section/tags 蛻・｡・[2m > [22mtoday 縺ｨ ongoing 縺ｮ繧｢繝ｩ繝ｼ繝医′蜷梧凾縺ｫ逕滓・縺輔ｌ繧・[32m 2[2mms[22m[39m
[90mstdout[2m | tests/unit/ProtectedRoute.spec.tsx[2m > [22m[2mProtectedRoute[2m > [22m[2mrenders children when flag enabled
[22m[39m[ProtectedRoute] Bypass enabled (automation/demo/skip-login/msal-missing) for flag: schedules
[auth-guard] {
  shouldBypass: [33mtrue[39m,
  reason: [32m'demo'[39m,
  flags: { isAutomation: [33mfalse[39m, isDemo: [33mtrue[39m, isSkip: [33mtrue[39m, isMsalOk: [33mfalse[39m }
}
[env-check] schedules list title = Schedules
[ProtectedRoute] [schedules] Checking list existence: Schedules
[DriftActionDispatcher] Initialized and subscribed to drift events.
[DriftNotificationHandler] Webhook URL not configured. Notifications disabled.
[ProtectedRoute] Bypass enabled (automation/demo/skip-login/msal-missing) for flag: schedules

[90mstdout[2m | tests/unit/ProtectedRoute.spec.tsx[2m > [22m[2mProtectedRoute[2m > [22m[2mredirects to fallback when flag disabled
[22m[39m[ProtectedRoute] Bypass blocked: feature disabled for flag: schedules - redirecting to /
[auth-guard] {
  shouldBypass: [33mtrue[39m,
  reason: [32m'demo'[39m,
  flags: { isAutomation: [33mfalse[39m, isDemo: [33mtrue[39m, isSkip: [33mtrue[39m, isMsalOk: [33mfalse[39m }
}
[env-check] schedules list title = Schedules
[ProtectedRoute] [schedules] Checking list existence: Schedules
[ProtectedRoute] Bypass blocked: feature disabled for flag: schedules - redirecting to /

 [32m笨・[39m tests/unit/ProtectedRoute.spec.tsx[2m > [22mProtectedRoute[2m > [22mrenders children when flag enabled[32m 55[2mms[22m[39m
 [32m笨・[39m tests/unit/ProtectedRoute.spec.tsx[2m > [22mProtectedRoute[2m > [22mredirects to fallback when flag disabled[32m 43[2mms[22m[39m
[90mstdout[2m | tests/unit/pages/TodayOpsPage.spec.tsx[2m > [22m[2mTodayOpsPage (ActionQueueTimeline integration)[2m > [22m[2mpasses actionQueue and correct click handlers to TodayBentoLayout
[22m[39m[DataProvider] Active backend: sharepoint
笨・[SP Telemetry] provider_selected { providerName: [32m'sharepoint'[39m }

[90mstdout[2m | tests/unit/pages/TodayOpsPage.spec.tsx[2m > [22m[2mTodayOpsPage (ActionQueueTimeline integration)[2m > [22m[2mrecords kiosk session start telemetry when /today is opened in kiosk mode
[22m[39m[DataProvider] Active backend: sharepoint

 [32m笨・[39m tests/unit/pages/TodayOpsPage.spec.tsx[2m > [22mTodayOpsPage (ActionQueueTimeline integration)[2m > [22mpasses actionQueue and correct click handlers to TodayBentoLayout[32m 84[2mms[22m[39m
 [32m笨・[39m tests/unit/pages/TodayOpsPage.spec.tsx[2m > [22mTodayOpsPage (ActionQueueTimeline integration)[2m > [22mrecords kiosk session start telemetry when /today is opened in kiosk mode[32m 35[2mms[22m[39m
 [32m笨・[39m tests/unit/iceberg-pdca/gate.spec.tsx[2m > [22mIcebergPdcaGate[2m > [22mredirects staff to view route when edit is required[32m 58[2mms[22m[39m
 [32m笨・[39m tests/unit/iceberg-pdca/gate.spec.tsx[2m > [22mIcebergPdcaGate[2m > [22mallows admin to access edit route[32m 11[2mms[22m[39m
 [32m笨・[39m src/features/schedules/domain/__tests__/scheduleOpsLoadScore.spec.ts[2m > [22mcomputeLoadScore[2m > [22m遨ｺ縺ｮ譌･縺ｯ繧ｹ繧ｳ繧｢ 0 縺ｫ縺ｪ繧峨↑縺・ｼ育ｩｺ縺肴棧蛻・′繝槭う繝翫せ縺輔ｌ繧九′ 0 縺ｫ繧ｯ繝ｩ繝ｳ繝暦ｼ・[32m 4[2mms[22m[39m
 [32m笨・[39m src/features/schedules/domain/__tests__/scheduleOpsLoadScore.spec.ts[2m > [22mcomputeLoadScore[2m > [22m蝓ｺ譛ｬ逧・↑驥阪∩險育ｮ励′豁｣縺励＞[32m 2[2mms[22m[39m
 [32m笨・[39m src/features/schedules/domain/__tests__/scheduleOpsLoadScore.spec.ts[2m > [22mcomputeLoadScore[2m > [22m繧ｫ繧ｹ繧ｿ繝驥阪∩縺碁←逕ｨ縺輔ｌ繧・[32m 1[2mms[22m[39m
 [32m笨・[39m src/features/schedules/domain/__tests__/scheduleOpsLoadScore.spec.ts[2m > [22mcomputeLoadScore[2m > [22m0莉ｶ縺ｪ繧画里蟄俶嫌蜍輔ｒ螟峨∴縺ｪ縺・ｼ医せ繧ｳ繧｢邯ｭ謖・ｼ・[32m 1[2mms[22m[39m
 [32m笨・[39m src/features/schedules/domain/__tests__/scheduleOpsLoadScore.spec.ts[2m > [22mcomputeLoadScore[2m > [22mabsenceCount (谺蟶ｭ) 縺ｮ縺ｿ蠅励∴縺溷ｴ蜷医∥bsencePenalty(2) 縺悟刈邂励＆繧後ｋ[32m 1[2mms[22m[39m
 [32m笨・[39m src/features/schedules/domain/__tests__/scheduleOpsLoadScore.spec.ts[2m > [22mcomputeLoadScore[2m > [22mlateCount (驕・綾) 縺ｮ縺ｿ蠅励∴縺溷ｴ蜷医〕atePenalty(1) 縺悟刈邂励＆繧後ｋ[32m 1[2mms[22m[39m
 [32m笨・[39m src/features/schedules/domain/__tests__/scheduleOpsLoadScore.spec.ts[2m > [22mcomputeLoadScore[2m > [22mexistingLeaveCount (譛我ｼ・ 縺ｮ縺ｿ蠅励∴縺溷ｴ蜷医‘xistingLeavePenalty(1) 縺悟刈邂励＆繧後ｋ[32m 1[2mms[22m[39m
 [32m笨・[39m src/features/schedules/domain/__tests__/scheduleOpsLoadScore.spec.ts[2m > [22mcomputeLoadScore[2m > [22m隍・粋譎ゅ↓繧ｹ繧ｳ繧｢縺悟粋邂励＆繧後・明蛟､繧定ｷｨ縺・〒繝ｬ繝吶Ν縺悟､牙喧縺吶ｋ[32m 5[2mms[22m[39m
 [32m笨・[39m src/features/schedules/domain/__tests__/scheduleOpsLoadScore.spec.ts[2m > [22mcomputeLoadScore[2m > [22m繧ｪ繝励す繝ｧ繝翫Ν縺ｪ existingLeaveCount 縺梧悴謖・ｮ壽凾縺ｫ繧ょ｣翫ｌ縺ｪ縺・[32m 1[2mms[22m[39m
 [32m笨・[39m src/features/schedules/domain/__tests__/scheduleOpsLoadScore.spec.ts[2m > [22mcomputeLoadScore[2m > [22m螳壼藤雜・℃縺ｮ譌･縺ｯ鬮倥せ繧ｳ繧｢縺ｫ縺ｪ繧・[32m 1[2mms[22m[39m
 [32m笨・[39m src/features/schedules/domain/__tests__/scheduleOpsLoadScore.spec.ts[2m > [22mcomputeLoadScore[2m > [22m繝槭う繝翫せ縺ｫ縺ｪ繧九こ繝ｼ繧ｹ縺ｯ0縺ｫ繧ｯ繝ｩ繝ｳ繝励＆繧後ｋ[32m 1[2mms[22m[39m
 [32m笨・[39m src/features/schedules/domain/__tests__/scheduleOpsLoadScore.spec.ts[2m > [22mclassifyLoadLevel[2m > [22mscore=0 縺ｯ low[32m 1[2mms[22m[39m
 [32m笨・[39m src/features/schedules/domain/__tests__/scheduleOpsLoadScore.spec.ts[2m > [22mclassifyLoadLevel[2m > [22mscore=10 縺ｯ low・亥｢・阜蛟､・・[32m 1[2mms[22m[39m
 [32m笨・[39m src/features/schedules/domain/__tests__/scheduleOpsLoadScore.spec.ts[2m > [22mclassifyLoadLevel[2m > [22mscore=11 縺ｯ moderate[32m 0[2mms[22m[39m
 [32m笨・[39m src/features/schedules/domain/__tests__/scheduleOpsLoadScore.spec.ts[2m > [22mclassifyLoadLevel[2m > [22mscore=20 縺ｯ moderate・亥｢・阜蛟､・・[32m 1[2mms[22m[39m
 [32m笨・[39m src/features/schedules/domain/__tests__/scheduleOpsLoadScore.spec.ts[2m > [22mclassifyLoadLevel[2m > [22mscore=21 縺ｯ high[32m 1[2mms[22m[39m
 [32m笨・[39m src/features/schedules/domain/__tests__/scheduleOpsLoadScore.spec.ts[2m > [22mclassifyLoadLevel[2m > [22mscore=29 縺ｯ high[32m 1[2mms[22m[39m
 [32m笨・[39m src/features/schedules/domain/__tests__/scheduleOpsLoadScore.spec.ts[2m > [22mclassifyLoadLevel[2m > [22mscore=30 縺ｯ critical・亥｢・阜蛟､・・[32m 1[2mms[22m[39m
 [32m笨・[39m src/features/schedules/domain/__tests__/scheduleOpsLoadScore.spec.ts[2m > [22mclassifyLoadLevel[2m > [22mscore=99 縺ｯ critical[32m 1[2mms[22m[39m
 [32m笨・[39m src/features/schedules/domain/__tests__/scheduleOpsLoadScore.spec.ts[2m > [22mclassifyLoadLevel[2m > [22m繧ｫ繧ｹ繧ｿ繝髢ｾ蛟､縺碁←逕ｨ縺輔ｌ繧・[32m 1[2mms[22m[39m
 [32m笨・[39m src/features/schedules/domain/__tests__/scheduleOpsLoadScore.spec.ts[2m > [22massessLeaveEligibility[2m > [22mlow 繧ｹ繧ｳ繧｢ 竊・available・芋沺｢ 莨代ａ繧具ｼ・[32m 1[2mms[22m[39m
 [32m笨・[39m src/features/schedules/domain/__tests__/scheduleOpsLoadScore.spec.ts[2m > [22massessLeaveEligibility[2m > [22mmoderate 繧ｹ繧ｳ繧｢ 竊・caution・芋沺｡ 蠕ｮ螯呻ｼ・[32m 1[2mms[22m[39m
 [32m笨・[39m src/features/schedules/domain/__tests__/scheduleOpsLoadScore.spec.ts[2m > [22massessLeaveEligibility[2m > [22mhigh 繧ｹ繧ｳ繧｢ 竊・unavailable・芋沐ｴ 辟｡逅・ｼ・[32m 1[2mms[22m[39m
 [32m笨・[39m src/features/schedules/domain/__tests__/scheduleOpsLoadScore.spec.ts[2m > [22massessLeaveEligibility[2m > [22mcritical 繧ｹ繧ｳ繧｢ 竊・unavailable[32m 1[2mms[22m[39m
 [32m笨・[39m src/features/schedules/domain/__tests__/scheduleOpsLoadScore.spec.ts[2m > [22massessLeaveEligibility[2m > [22misOverCapacity=true 縺ｯ low 縺ｧ繧・unavailable[32m 1[2mms[22m[39m
 [32m笨・[39m src/features/schedules/domain/__tests__/scheduleOpsLoadScore.spec.ts[2m > [22massessLeaveEligibility[2m > [22misOverCapacity=true 縺ｯ moderate 縺ｧ繧・unavailable[32m 1[2mms[22m[39m
 [32m笨・[39m src/features/schedules/domain/__tests__/scheduleOpsLoadScore.spec.ts[2m > [22mcomputeWeeklyLoadScores[2m > [22m遨ｺ驟榊・ 竊・遨ｺ驟榊・[32m 1[2mms[22m[39m
 [32m笨・[39m src/features/schedules/domain/__tests__/scheduleOpsLoadScore.spec.ts[2m > [22mcomputeWeeklyLoadScores[2m > [22m7譌･蛻・・荳諡ｬ邂怜・縺梧ｭ｣縺励＞[32m 2[2mms[22m[39m
 [32m笨・[39m src/features/schedules/domain/__tests__/scheduleOpsLoadScore.spec.ts[2m > [22mcomputeWeeklyLoadScores[2m > [22m雜・℃譌･縺ｯ unavailable 縺ｫ縺ｪ繧・[32m 1[2mms[22m[39m
 [32m笨・[39m src/features/schedules/domain/__tests__/scheduleOpsLoadScore.spec.ts[2m > [22msuggestBestLeaveDays[2m > [22munavailable 縺ｪ譌･縺ｯ髯､螟悶＆繧後ｋ[32m 1[2mms[22m[39m
 [32m笨・[39m src/features/schedules/domain/__tests__/scheduleOpsLoadScore.spec.ts[2m > [22msuggestBestLeaveDays[2m > [22m繧ｹ繧ｳ繧｢縺御ｽ弱＞鬆・↓繝ｩ繝ｳ繧ｯ莉倥￠縺輔ｌ繧・[32m 1[2mms[22m[39m
 [32m笨・[39m src/features/schedules/domain/__tests__/scheduleOpsLoadScore.spec.ts[2m > [22msuggestBestLeaveDays[2m > [22mmaxSuggestions 縺ｧ荳企剞縺碁←逕ｨ縺輔ｌ繧・[32m 1[2mms[22m[39m
 [32m笨・[39m src/features/schedules/domain/__tests__/scheduleOpsLoadScore.spec.ts[2m > [22msuggestBestLeaveDays[2m > [22m蜈ｨ譌･ unavailable 竊・遨ｺ驟榊・[32m 1[2mms[22m[39m
 [32m笨・[39m src/features/schedules/domain/__tests__/scheduleOpsLoadScore.spec.ts[2m > [22msuggestBestLeaveDays[2m > [22m遨ｺ驟榊・ 竊・遨ｺ驟榊・[32m 1[2mms[22m[39m
 [32m笨・[39m src/features/schedules/domain/__tests__/scheduleOpsLoadScore.spec.ts[2m > [22mcomputeDayLoadScore[2m > [22m蜊倡峡譌･縺ｮ繧ｹ繧ｳ繧｢縺梧ｭ｣縺励￥邂怜・縺輔ｌ繧・[32m 1[2mms[22m[39m
 [32m笨・[39m src/features/schedules/domain/__tests__/scheduleOpsLoadScore.spec.ts[2m > [22mcomputeDayLoadScore[2m > [22mquiet day 縺ｯ available[32m 1[2mms[22m[39m
 [32m笨・[39m src/features/schedules/domain/__tests__/scheduleOpsLoadScore.spec.ts[2m > [22mcomputeLeaveReasons[2m > [22m遨ｺ縺ｮ譌･ 竊・蛻ｩ逕ｨ莠ｺ謨ｰ縺後→縺ｦ繧ょｰ代↑縺・+ 遨ｺ縺肴棧縺ｫ菴呵｣輔≠繧・[32m 1[2mms[22m[39m
 [32m笨・[39m src/features/schedules/domain/__tests__/scheduleOpsLoadScore.spec.ts[2m > [22mcomputeLeaveReasons[2m > [22m蛻ｩ逕ｨ閠・莠ｺ莉･荳九・ very-low-total[32m 1[2mms[22m[39m
 [32m笨・[39m src/features/schedules/domain/__tests__/scheduleOpsLoadScore.spec.ts[2m > [22mcomputeLeaveReasons[2m > [22m蛻ｩ逕ｨ閠・縲・0莠ｺ縺ｯ low-total・亥━蜈亥ｺｦ菴弱ａ・・[32m 1[2mms[22m[39m
 [32m笨・[39m src/features/schedules/domain/__tests__/scheduleOpsLoadScore.spec.ts[2m > [22mcomputeLeaveReasons[2m > [22m蛻ｩ逕ｨ閠・1莠ｺ莉･荳翫・ total 邉ｻ縺ｮ逅・罰縺悟・縺ｪ縺・[32m 1[2mms[22m[39m
 [32m笨・[39m src/features/schedules/domain/__tests__/scheduleOpsLoadScore.spec.ts[2m > [22mcomputeLeaveReasons[2m > [22m遨ｺ縺肴棧10莉･荳翫・ high-availability[32m 1[2mms[22m[39m
 [32m笨・[39m src/features/schedules/domain/__tests__/scheduleOpsLoadScore.spec.ts[2m > [22mcomputeLeaveReasons[2m > [22m豕ｨ諢丞ｯｾ雎｡0縺ｯ no-attention[32m 1[2mms[22m[39m
 [32m笨・[39m src/features/schedules/domain/__tests__/scheduleOpsLoadScore.spec.ts[2m > [22mcomputeLeaveReasons[2m > [22m繧ｷ繝ｧ繝ｼ繝医せ繝・う0縺ｯ no-short-stay[32m 1[2mms[22m[39m
 [32m笨・[39m src/features/schedules/domain/__tests__/scheduleOpsLoadScore.spec.ts[2m > [22mcomputeLeaveReasons[2m > [22m繝ｬ繧ｹ繝代う繝・縺ｯ no-respite[32m 1[2mms[22m[39m
 [32m笨・[39m src/features/schedules/domain/__tests__/scheduleOpsLoadScore.spec.ts[2m > [22mcomputeLeaveReasons[2m > [22mmaxReasons=1 縺ｧ1縺､縺縺題ｿ斐☆[32m 1[2mms[22m[39m
 [32m笨・[39m src/features/schedules/domain/__tests__/scheduleOpsLoadScore.spec.ts[2m > [22mcomputeLeaveReasons[2m > [22m縺吶∋縺ｦ隧ｲ蠖薙☆繧区律縺ｯ蜆ｪ蜈亥ｺｦ荳贋ｽ・縺､縺縺題ｿ斐☆[32m 1[2mms[22m[39m
 [32m笨・[39m src/features/schedules/domain/__tests__/scheduleOpsLoadScore.spec.ts[2m > [22msuggestBestLeaveDays with weekSummary[2m > [22mweekSummary 繧呈ｸ｡縺吶→ reasons 縺悟性縺ｾ繧後ｋ[32m 1[2mms[22m[39m
 [32m笨・[39m src/features/schedules/domain/__tests__/scheduleOpsLoadScore.spec.ts[2m > [22msuggestBestLeaveDays with weekSummary[2m > [22mweekSummary 縺ｪ縺励〒繧ょ虚菴懊☆繧具ｼ・easons 縺ｯ遨ｺ驟榊・・・[32m 1[2mms[22m[39m
 [32m笨・[39m src/features/schedules/domain/__tests__/scheduleOpsLoadScore.spec.ts[2m > [22mcomputeHighLoadReasons[2m > [22m螳壼藤雜・℃譌･ 竊・over-capacity[32m 11[2mms[22m[39m
 [32m笨・[39m src/features/schedules/domain/__tests__/scheduleOpsLoadScore.spec.ts[2m > [22mcomputeHighLoadReasons[2m > [22m遨ｺ縺肴棧縺ｪ縺・竊・no-slots[32m 1[2mms[22m[39m
 [32m笨・[39m src/features/schedules/domain/__tests__/scheduleOpsLoadScore.spec.ts[2m > [22mcomputeHighLoadReasons[2m > [22m豕ｨ諢丞ｯｾ雎｡5蜷堺ｻ･荳・竊・many-attention[32m 1[2mms[22m[39m
 [32m笨・[39m src/features/schedules/domain/__tests__/scheduleOpsLoadScore.spec.ts[2m > [22mcomputeHighLoadReasons[2m > [22m繝ｬ繧ｹ繝代う繝・蜷堺ｻ･荳・竊・many-respite[32m 2[2mms[22m[39m
 [32m笨・[39m src/features/schedules/domain/__tests__/scheduleOpsLoadScore.spec.ts[2m > [22mcomputeHighLoadReasons[2m > [22m繧ｷ繝ｧ繝ｼ繝医せ繝・う2蜷堺ｻ･荳・竊・many-short-stay[32m 1[2mms[22m[39m
 [32m笨・[39m src/features/schedules/domain/__tests__/scheduleOpsLoadScore.spec.ts[2m > [22mcomputeHighLoadReasons[2m > [22m蛻ｩ逕ｨ閠・0蜷堺ｻ･荳・竊・very-high-total[32m 1[2mms[22m[39m
 [32m笨・[39m src/features/schedules/domain/__tests__/scheduleOpsLoadScore.spec.ts[2m > [22mcomputeHighLoadReasons[2m > [22mmaxReasons=1 縺ｧ1縺､縺縺題ｿ斐☆[32m 1[2mms[22m[39m
 [32m笨・[39m src/features/schedules/domain/__tests__/scheduleOpsLoadScore.spec.ts[2m > [22mcomputeHighLoadReasons[2m > [22m蜆ｪ蜈亥ｺｦ鬆・ over-capacity > no-slots > many-attention[32m 1[2mms[22m[39m
 [32m笨・[39m src/features/schedules/domain/__tests__/scheduleOpsLoadScore.spec.ts[2m > [22mcomputeHighLoadReasons[2m > [22m譌｢蟄俶怏莨・莉ｶ莉･荳・竊・staff-on-leave[32m 2[2mms[22m[39m
 [32m笨・[39m src/features/schedules/domain/__tests__/scheduleOpsLoadScore.spec.ts[2m > [22mcomputeHighLoadReasons[2m > [22m谺蟶ｭ蟇ｾ蠢・莉ｶ莉･荳・竊・absence-handling[32m 1[2mms[22m[39m
 [32m笨・[39m src/features/schedules/domain/__tests__/scheduleOpsLoadScore.spec.ts[2m > [22mcomputeHighLoadReasons[2m > [22m驕・綾蟇ｾ蠢・莉ｶ莉･荳・竊・late-handling[32m 1[2mms[22m[39m
 [32m笨・[39m src/features/schedules/domain/__tests__/scheduleOpsLoadScore.spec.ts[2m > [22mcomputeHighLoadReasons[2m > [22m隧ｲ蠖鍋炊逕ｱ縺ｪ縺・竊・遨ｺ驟榊・[32m 1[2mms[22m[39m
 [32m笨・[39m src/features/schedules/domain/__tests__/scheduleOpsLoadScore.spec.ts[2m > [22mcomputeHighLoadWarnings[2m > [22mhigh/critical 縺ｮ縺ｿ謚ｽ蜃ｺ縺輔ｌ繧・[32m 2[2mms[22m[39m
 [32m笨・[39m src/features/schedules/domain/__tests__/scheduleOpsLoadScore.spec.ts[2m > [22mcomputeHighLoadWarnings[2m > [22m繧ｹ繧ｳ繧｢髯埼・〒繧ｽ繝ｼ繝医＆繧後ｋ[32m 2[2mms[22m[39m
 [32m笨・[39m src/features/schedules/domain/__tests__/scheduleOpsLoadScore.spec.ts[2m > [22mcomputeHighLoadWarnings[2m > [22mweekSummary 縺ゅｊ縺ｧ reasons 縺悟性縺ｾ繧後ｋ[32m 1[2mms[22m[39m
 [32m笨・[39m src/features/schedules/domain/__tests__/scheduleOpsLoadScore.spec.ts[2m > [22mcomputeHighLoadWarnings[2m > [22mweekSummary 縺ｪ縺励〒繧ょ虚菴懊☆繧具ｼ・easons 縺ｯ遨ｺ驟榊・・・[32m 1[2mms[22m[39m
 [32m笨・[39m src/features/schedules/domain/__tests__/scheduleOpsLoadScore.spec.ts[2m > [22mcomputeHighLoadWarnings[2m > [22m蜈ｨ譌･ low/moderate 竊・遨ｺ驟榊・[32m 1[2mms[22m[39m
 [32m笨・[39m src/features/schedules/domain/__tests__/scheduleOpsLoadScore.spec.ts[2m > [22mcomputeHighLoadWarnings[2m > [22m遨ｺ驟榊・ 竊・遨ｺ驟榊・[32m 1[2mms[22m[39m
 [32m笨・[39m tests/unit/hydration/navigation.popstate.spec.tsx[2m > [22mRouteHydrationListener popstate handling[2m > [22mrecords spans with source="history" when navigating via popstate[32m 95[2mms[22m[39m
 [32m笨・[39m tests/unit/infra/router.invariant.spec.tsx[2m > [22mRouteHydrationListener invariants[2m > [22mmounts inside a router context[32m 76[2mms[22m[39m
 [32m笨・[39m tests/unit/infra/router.invariant.spec.tsx[2m > [22mRouteHydrationListener invariants[2m > [22mthrows if rendered without a React Router context (expected)[32m 35[2mms[22m[39m
 [32m笨・[39m src/lib/__tests__/dataProviderObservabilityStore.spec.ts[2m > [22mDataProviderObservabilityStore Idempotency[2m > [22msetProvider should not trigger update if values are identical[32m 5[2mms[22m[39m
 [32m笨・[39m src/lib/__tests__/dataProviderObservabilityStore.spec.ts[2m > [22mDataProviderObservabilityStore Idempotency[2m > [22mreportResourceResolution should skip update for identical reports[32m 26[2mms[22m[39m
 [32m笨・[39m src/lib/__tests__/dataProviderObservabilityStore.spec.ts[2m > [22mDataProviderObservabilityStore Idempotency[2m > [22mreportResourceResolution should trigger update if status changes[32m 31[2mms[22m[39m
 [32m笨・[39m src/features/dashboard/hooks/__tests__/useDashboardHandoff.test.ts[2m > [22museDashboardHandoff[2m > [22m髮・ｨ亥､縺ｮ譚溘・[2m > [22mtotal / critical / status 縺梧ｭ｣縺励￥霑斐ｋ[32m 88[2mms[22m[39m
 [32m笨・[39m src/features/dashboard/hooks/__tests__/useDashboardHandoff.test.ts[2m > [22museDashboardHandoff[2m > [22m髮・ｨ亥､縺ｮ譚溘・[2m > [22mtotal=0 縺ｮ繧ｱ繝ｼ繧ｹ縺ｧ繧よｧ矩縺檎ｶｭ謖√＆繧後ｋ[32m 3[2mms[22m[39m
 [32m笨・[39m src/features/dashboard/hooks/__tests__/useDashboardHandoff.test.ts[2m > [22museDashboardHandoff[2m > [22m繧ｿ繧､繝繝ｩ繧､繝ｳ驟咲ｷ・[2m > [22mtimeline.items 縺ｫ繝・・繧ｿ縺悟・繧・[32m 4[2mms[22m[39m
 [32m笨・[39m src/features/dashboard/hooks/__tests__/useDashboardHandoff.test.ts[2m > [22museDashboardHandoff[2m > [22m繧ｿ繧､繝繝ｩ繧､繝ｳ驟咲ｷ・[2m > [22mloading / error 縺御ｼ晄眺縺吶ｋ[32m 3[2mms[22m[39m
 [32m笨・[39m src/features/dashboard/hooks/__tests__/useDashboardHandoff.test.ts[2m > [22museDashboardHandoff[2m > [22m繧ｿ繧､繝繝ｩ繧､繝ｳ驟咲ｷ・[2m > [22mupdateStatus / reload 縺碁未謨ｰ縺ｨ縺励※霑斐ｋ[32m 3[2mms[22m[39m
 [32m笨・[39m src/features/dashboard/hooks/__tests__/useDashboardHandoff.test.ts[2m > [22museDashboardHandoff[2m > [22mdayScope 繝代Λ繝｡繝ｼ繧ｿ[2m > [22m繝・ヵ繧ｩ繝ｫ繝医・ "today"[32m 2[2mms[22m[39m
 [32m笨・[39m src/features/dashboard/hooks/__tests__/useDashboardHandoff.test.ts[2m > [22museDashboardHandoff[2m > [22mdayScope 繝代Λ繝｡繝ｼ繧ｿ[2m > [22m"yesterday" 繧呈ｸ｡縺吶→莨晄眺縺吶ｋ[32m 2[2mms[22m[39m
 [32m笨・[39m src/features/dashboard/hooks/__tests__/useDashboardHandoff.test.ts[2m > [22museDashboardHandoff[2m > [22m謌ｻ繧雁､縺ｮ讒矩[2m > [22mDashboardHandoffGroup 縺ｮ蜈ｨ繧ｭ繝ｼ縺悟ｭ伜惠縺吶ｋ[32m 2[2mms[22m[39m
 [32m笨・[39m tests/unit/uuid.collision.spec.ts[2m > [22msafeRandomUUID uniqueness (sanity)[2m > [22mgenerates mostly unique values for 50k samples[32m 128[2mms[22m[39m
[90mstdout[2m | src/features/ibd/plans/isp-editor/hooks/__tests__/useISPComparisonEditor.spec.tsx
[22m[39m[MSAL ENV] Validated successfully

 [32m笨・[39m src/features/today/transport/__tests__/useTransportHighlight.spec.tsx[2m > [22museTransportHighlight[2m > [22mshould return null when no highlight params exist[32m 42[2mms[22m[39m
 [32m笨・[39m src/features/today/transport/__tests__/useTransportHighlight.spec.tsx[2m > [22museTransportHighlight[2m > [22mshould read highlight and direction from URL params[32m 35[2mms[22m[39m
 [32m笨・[39m src/features/today/transport/__tests__/useTransportHighlight.spec.tsx[2m > [22museTransportHighlight[2m > [22mshould read highlight without direction[32m 5[2mms[22m[39m
 [32m笨・[39m src/features/today/transport/__tests__/useTransportHighlight.spec.tsx[2m > [22museTransportHighlight[2m > [22mshould auto-dismiss after 5 seconds[32m 8[2mms[22m[39m
 [32m笨・[39m src/features/today/transport/__tests__/useTransportHighlight.spec.tsx[2m > [22museTransportHighlight[2m > [22mshould dismiss immediately when dismiss() is called[32m 9[2mms[22m[39m
 [32m笨・[39m tests/unit/domainSchema.spec.ts[2m > [22maudit/schema[2m > [22mauditInsertSchema[2m > [22mparses valid audit insert data[32m 7[2mms[22m[39m
 [32m笨・[39m tests/unit/domainSchema.spec.ts[2m > [22maudit/schema[2m > [22mauditInsertSchema[2m > [22maccepts all valid channel values[32m 3[2mms[22m[39m
 [32m笨・[39m tests/unit/domainSchema.spec.ts[2m > [22maudit/schema[2m > [22mauditInsertSchema[2m > [22mrejects invalid channel value[32m 2[2mms[22m[39m
 [32m笨・[39m tests/unit/domainSchema.spec.ts[2m > [22maudit/schema[2m > [22mauditInsertSchema[2m > [22mrejects empty Title[32m 1[2mms[22m[39m
 [32m笨・[39m tests/unit/domainSchema.spec.ts[2m > [22maudit/schema[2m > [22mauditInsertSchema[2m > [22mrejects empty actor[32m 1[2mms[22m[39m
 [32m笨・[39m tests/unit/domainSchema.spec.ts[2m > [22maudit/schema[2m > [22mauditInsertSchema[2m > [22mrejects empty action[32m 1[2mms[22m[39m
 [32m笨・[39m tests/unit/domainSchema.spec.ts[2m > [22maudit/schema[2m > [22mauditInsertSchema[2m > [22mrejects empty entry_hash[32m 1[2mms[22m[39m
 [32m笨・[39m tests/unit/domainSchema.spec.ts[2m > [22maudit/schema[2m > [22mauditInsertSchema[2m > [22mallows null entity_id[32m 1[2mms[22m[39m
 [32m笨・[39m tests/unit/domainSchema.spec.ts[2m > [22maudit/schema[2m > [22mauditInsertSchema[2m > [22mallows null after_json[32m 1[2mms[22m[39m
 [32m笨・[39m tests/unit/domainSchema.spec.ts[2m > [22maudit/schema[2m > [22mauditInsertSchema[2m > [22mrejects missing required fields[32m 1[2mms[22m[39m
 [32m笨・[39m tests/unit/domainSchema.spec.ts[2m > [22maudit/schema[2m > [22mauditListItemSchema[2m > [22mparses valid audit list item[32m 2[2mms[22m[39m
 [32m笨・[39m tests/unit/domainSchema.spec.ts[2m > [22maudit/schema[2m > [22mauditListItemSchema[2m > [22mrequires numeric Id[32m 1[2mms[22m[39m
 [32m笨・[39m tests/unit/domainSchema.spec.ts[2m > [22maudit/schema[2m > [22mauditListItemSchema[2m > [22mallows null entity_id and after_json[32m 1[2mms[22m[39m
 [32m笨・[39m tests/unit/domainSchema.spec.ts[2m > [22mschedules/domain/schema[2m > [22menum schemas[2m > [22mScheduleVisibilitySchema accepts valid values[32m 2[2mms[22m[39m
 [32m笨・[39m tests/unit/domainSchema.spec.ts[2m > [22mschedules/domain/schema[2m > [22menum schemas[2m > [22mScheduleVisibilitySchema rejects invalid value[32m 1[2mms[22m[39m
 [32m笨・[39m tests/unit/domainSchema.spec.ts[2m > [22mschedules/domain/schema[2m > [22menum schemas[2m > [22mScheduleCategorySchema accepts valid values[32m 1[2mms[22m[39m
 [32m笨・[39m tests/unit/domainSchema.spec.ts[2m > [22mschedules/domain/schema[2m > [22menum schemas[2m > [22mScheduleCategorySchema rejects invalid value[32m 1[2mms[22m[39m
 [32m笨・[39m tests/unit/domainSchema.spec.ts[2m > [22mschedules/domain/schema[2m > [22menum schemas[2m > [22mScheduleStatusSchema accepts valid values[32m 1[2mms[22m[39m
 [32m笨・[39m tests/unit/domainSchema.spec.ts[2m > [22mschedules/domain/schema[2m > [22mScheduleCoreSchema[2m > [22mparses valid core schedule[32m 1[2mms[22m[39m
 [32m笨・[39m tests/unit/domainSchema.spec.ts[2m > [22mschedules/domain/schema[2m > [22mScheduleCoreSchema[2m > [22maccepts optional category[32m 1[2mms[22m[39m
 [32m笨・[39m tests/unit/domainSchema.spec.ts[2m > [22mschedules/domain/schema[2m > [22mScheduleCoreSchema[2m > [22maccepts optional allDay boolean[32m 1[2mms[22m[39m
 [32m笨・[39m tests/unit/domainSchema.spec.ts[2m > [22mschedules/domain/schema[2m > [22mScheduleCoreSchema[2m > [22mrejects missing id[32m 1[2mms[22m[39m
 [32m笨・[39m tests/unit/domainSchema.spec.ts[2m > [22mschedules/domain/schema[2m > [22mScheduleCoreSchema[2m > [22mrejects missing etag[32m 1[2mms[22m[39m
 [32m笨・[39m tests/unit/domainSchema.spec.ts[2m > [22mschedules/domain/schema[2m > [22mScheduleCoreSchema[2m > [22mrejects missing title[32m 1[2mms[22m[39m
 [32m笨・[39m tests/unit/domainSchema.spec.ts[2m > [22mschedules/domain/schema[2m > [22mScheduleDetailSchema[2m > [22mparses core fields plus detail extensions[32m 2[2mms[22m[39m
 [32m笨・[39m tests/unit/domainSchema.spec.ts[2m > [22mschedules/domain/schema[2m > [22mScheduleDetailSchema[2m > [22mallows string or number for userLookupId[32m 1[2mms[22m[39m
 [32m笨・[39m tests/unit/domainSchema.spec.ts[2m > [22mschedules/domain/schema[2m > [22mScheduleFullSchema[2m > [22mparses full schema with metadata[32m 4[2mms[22m[39m
 [32m笨・[39m tests/unit/domainSchema.spec.ts[2m > [22mschedules/domain/schema[2m > [22mCreateScheduleInputSchema[2m > [22mparses valid create input with minimum fields[32m 2[2mms[22m[39m
 [32m笨・[39m tests/unit/domainSchema.spec.ts[2m > [22mschedules/domain/schema[2m > [22mCreateScheduleInputSchema[2m > [22mrejects missing category[32m 1[2mms[22m[39m
 [32m笨・[39m tests/unit/domainSchema.spec.ts[2m > [22mschedules/domain/schema[2m > [22mCreateScheduleInputSchema[2m > [22mrejects invalid category[32m 1[2mms[22m[39m
 [32m笨・[39m tests/unit/domainSchema.spec.ts[2m > [22mschedules/domain/schema[2m > [22mCreateScheduleInputSchema[2m > [22maccepts all optional fields[32m 1[2mms[22m[39m
 [32m笨・[39m tests/unit/domainSchema.spec.ts[2m > [22mservice-provision/domain/schema[2m > [22mrecordDateISOSchema[2m > [22maccepts valid YYYY-MM-DD format[32m 1[2mms[22m[39m
 [32m笨・[39m tests/unit/domainSchema.spec.ts[2m > [22mservice-provision/domain/schema[2m > [22mrecordDateISOSchema[2m > [22mrejects ISO datetime format (has time)[32m 1[2mms[22m[39m
 [32m笨・[39m tests/unit/domainSchema.spec.ts[2m > [22mservice-provision/domain/schema[2m > [22mrecordDateISOSchema[2m > [22mrejects invalid date format[32m 4[2mms[22m[39m
 [32m笨・[39m tests/unit/domainSchema.spec.ts[2m > [22mservice-provision/domain/schema[2m > [22mrecordDateISOSchema[2m > [22mrejects empty string[32m 2[2mms[22m[39m
 [32m笨・[39m tests/unit/domainSchema.spec.ts[2m > [22mservice-provision/domain/schema[2m > [22mupsertProvisionInputSchema[2m > [22mparses valid minimum input[32m 2[2mms[22m[39m
 [32m笨・[39m tests/unit/domainSchema.spec.ts[2m > [22mservice-provision/domain/schema[2m > [22mupsertProvisionInputSchema[2m > [22maccepts all valid status values[32m 2[2mms[22m[39m
 [32m笨・[39m tests/unit/domainSchema.spec.ts[2m > [22mservice-provision/domain/schema[2m > [22mupsertProvisionInputSchema[2m > [22mrejects invalid status[32m 1[2mms[22m[39m
 [32m笨・[39m tests/unit/domainSchema.spec.ts[2m > [22mservice-provision/domain/schema[2m > [22mupsertProvisionInputSchema[2m > [22mrejects empty userCode[32m 1[2mms[22m[39m
 [32m笨・[39m tests/unit/domainSchema.spec.ts[2m > [22mservice-provision/domain/schema[2m > [22mupsertProvisionInputSchema[2m > [22maccepts optional boolean flags[32m 1[2mms[22m[39m
 [32m笨・[39m tests/unit/domainSchema.spec.ts[2m > [22mservice-provision/domain/schema[2m > [22mupsertProvisionInputSchema[2m > [22maccepts time range as HHMM integers[32m 1[2mms[22m[39m
 [32m笨・[39m tests/unit/domainSchema.spec.ts[2m > [22mservice-provision/domain/schema[2m > [22mupsertProvisionInputSchema[2m > [22maccepts null for startHHMM and endHHMM[32m 1[2mms[22m[39m
 [32m笨・[39m tests/unit/domainSchema.spec.ts[2m > [22mservice-provision/domain/schema[2m > [22mupsertProvisionInputSchema[2m > [22mrejects startHHMM > 2359[32m 1[2mms[22m[39m
 [32m笨・[39m tests/unit/domainSchema.spec.ts[2m > [22mservice-provision/domain/schema[2m > [22mupsertProvisionInputSchema[2m > [22mrejects negative startHHMM[32m 1[2mms[22m[39m
 [32m笨・[39m tests/unit/domainSchema.spec.ts[2m > [22mservice-provision/domain/schema[2m > [22mupsertProvisionInputSchema[2m > [22mrejects non-integer startHHMM[32m 1[2mms[22m[39m
 [32m笨・[39m tests/unit/domainSchema.spec.ts[2m > [22mservice-provision/domain/schema[2m > [22mupsertProvisionInputSchema[2m > [22maccepts note up to 2000 chars[32m 1[2mms[22m[39m
 [32m笨・[39m tests/unit/domainSchema.spec.ts[2m > [22mservice-provision/domain/schema[2m > [22mupsertProvisionInputSchema[2m > [22mrejects note exceeding 2000 chars[32m 1[2mms[22m[39m
 [32m笨・[39m tests/unit/domainSchema.spec.ts[2m > [22mservice-provision/domain/schema[2m > [22mupsertProvisionInputSchema[2m > [22maccepts valid source values[32m 2[2mms[22m[39m
 [32m笨・[39m tests/unit/domainSchema.spec.ts[2m > [22mservice-provision/domain/schema[2m > [22mupsertProvisionInputSchema[2m > [22mrejects invalid source[32m 1[2mms[22m[39m
 [32m笨・[39m tests/unit/scheduleOps.spec.ts[2m > [22mtoOpsServiceType[2m > [22mreturns "normal" for falsy input: null[32m 4[2mms[22m[39m
 [32m笨・[39m tests/unit/scheduleOps.spec.ts[2m > [22mtoOpsServiceType[2m > [22mreturns "normal" for falsy input: undefined[32m 1[2mms[22m[39m
 [32m笨・[39m tests/unit/scheduleOps.spec.ts[2m > [22mtoOpsServiceType[2m > [22mreturns "normal" for falsy input: [32m 1[2mms[22m[39m
 [32m笨・[39m tests/unit/scheduleOps.spec.ts[2m > [22mtoOpsServiceType[2m > [22mmaps english key "normal" 竊・"normal"[32m 1[2mms[22m[39m
 [32m笨・[39m tests/unit/scheduleOps.spec.ts[2m > [22mtoOpsServiceType[2m > [22mmaps english key "respite" 竊・"respite"[32m 1[2mms[22m[39m
 [32m笨・[39m tests/unit/scheduleOps.spec.ts[2m > [22mtoOpsServiceType[2m > [22mmaps english key "shortStay" 竊・"shortStay"[32m 1[2mms[22m[39m
 [32m笨・[39m tests/unit/scheduleOps.spec.ts[2m > [22mtoOpsServiceType[2m > [22mmaps english key "transport" 竊・"normal"[32m 1[2mms[22m[39m
 [32m笨・[39m tests/unit/scheduleOps.spec.ts[2m > [22mtoOpsServiceType[2m > [22mmaps english key "nursing" 竊・"normal"[32m 1[2mms[22m[39m
 [32m笨・[39m tests/unit/scheduleOps.spec.ts[2m > [22mtoOpsServiceType[2m > [22mmaps Japanese label "荳譎ゅこ繧｢" 竊・"respite"[32m 1[2mms[22m[39m
 [32m笨・[39m tests/unit/scheduleOps.spec.ts[2m > [22mtoOpsServiceType[2m > [22mmaps Japanese label "繧ｷ繝ｧ繝ｼ繝医せ繝・う" 竊・"shortStay"[32m 1[2mms[22m[39m
 [32m笨・[39m tests/unit/scheduleOps.spec.ts[2m > [22mtoOpsServiceType[2m > [22mmaps Japanese label "騾壼ｸｸ蛻ｩ逕ｨ" 竊・"normal"[32m 1[2mms[22m[39m
 [32m笨・[39m tests/unit/scheduleOps.spec.ts[2m > [22mtoOpsServiceType[2m > [22mmaps Japanese label "騾∬ｿ・ 竊・"normal"[32m 1[2mms[22m[39m
 [32m笨・[39m tests/unit/scheduleOps.spec.ts[2m > [22mtoOpsServiceType[2m > [22mreturns "normal" for unknown service type[32m 1[2mms[22m[39m
 [32m笨・[39m tests/unit/scheduleOps.spec.ts[2m > [22mtoOpsServiceType[2m > [22mreturns "normal" for absence (not an ops service)[32m 1[2mms[22m[39m
 [32m笨・[39m tests/unit/scheduleOps.spec.ts[2m > [22mderiveSupportTags[2m > [22mreturns empty array when all flags are false/undefined[32m 2[2mms[22m[39m
 [32m笨・[39m tests/unit/scheduleOps.spec.ts[2m > [22mderiveSupportTags[2m > [22mreturns pickup tag when hasPickup is true[32m 1[2mms[22m[39m
 [32m笨・[39m tests/unit/scheduleOps.spec.ts[2m > [22mderiveSupportTags[2m > [22mreturns all flag-based tags in correct order[32m 1[2mms[22m[39m
 [32m笨・[39m tests/unit/scheduleOps.spec.ts[2m > [22mderiveSupportTags[2m > [22mincludes needsReview when hasAttention is true[32m 2[2mms[22m[39m
 [32m笨・[39m tests/unit/scheduleOps.spec.ts[2m > [22mderiveSupportTags[2m > [22mincludes changed when opsStatus is "changed"[32m 1[2mms[22m[39m
 [32m笨・[39m tests/unit/scheduleOps.spec.ts[2m > [22mderiveSupportTags[2m > [22mincludes medical when medicalNote has content[32m 1[2mms[22m[39m
 [32m笨・[39m tests/unit/scheduleOps.spec.ts[2m > [22mderiveSupportTags[2m > [22mdoes NOT include medical when medicalNote is whitespace only[32m 1[2mms[22m[39m
 [32m笨・[39m tests/unit/scheduleOps.spec.ts[2m > [22mderiveSupportTags[2m > [22mincludes behavioral when behavioralNote has content[32m 1[2mms[22m[39m
 [32m笨・[39m tests/unit/scheduleOps.spec.ts[2m > [22mderiveSupportTags[2m > [22mreturns multiple derived tags together[32m 1[2mms[22m[39m
 [32m笨・[39m tests/unit/scheduleOps.spec.ts[2m > [22mcomputeOpsSummary[2m > [22mreturns zero counts for empty items[32m 1[2mms[22m[39m
 [32m笨・[39m tests/unit/scheduleOps.spec.ts[2m > [22mcomputeOpsSummary[2m > [22mcounts service types correctly[32m 1[2mms[22m[39m
 [32m笨・[39m tests/unit/scheduleOps.spec.ts[2m > [22mcomputeOpsSummary[2m > [22mexcludes cancelled items from total count[32m 1[2mms[22m[39m
 [32m笨・[39m tests/unit/scheduleOps.spec.ts[2m > [22mcomputeOpsSummary[2m > [22mhandles all items cancelled[32m 1[2mms[22m[39m
 [32m笨・[39m tests/unit/scheduleOps.spec.ts[2m > [22mcomputeOpsSummary[2m > [22mcounts attention items correctly[32m 1[2mms[22m[39m
 [32m笨・[39m tests/unit/scheduleOps.spec.ts[2m > [22mcomputeOpsSummary[2m > [22mdoes not count attention for cancelled items[32m 1[2mms[22m[39m
 [32m笨・[39m tests/unit/scheduleOps.spec.ts[2m > [22mcomputeOpsSummary[2m > [22mdeduplicates staff by assignedStaffId[32m 1[2mms[22m[39m
 [32m笨・[39m tests/unit/scheduleOps.spec.ts[2m > [22mcomputeOpsSummary[2m > [22mreturns 0 assigned staff when no staff assigned[32m 1[2mms[22m[39m
 [32m笨・[39m tests/unit/scheduleOps.spec.ts[2m > [22mcomputeOpsSummary[2m > [22mcalculates available slots per service type[32m 1[2mms[22m[39m
 [32m笨・[39m tests/unit/scheduleOps.spec.ts[2m > [22mcomputeOpsSummary[2m > [22mclamps available slots at 0 when over capacity[32m 1[2mms[22m[39m
 [32m笨・[39m tests/unit/scheduleOps.spec.ts[2m > [22mcomputeOpsSummary[2m > [22mhandles capacity 0 gracefully[32m 1[2mms[22m[39m
 [32m笨・[39m tests/unit/scheduleOps.spec.ts[2m > [22mcomputeOpsSummary[2m > [22mmaps unknown serviceType to normal[32m 1[2mms[22m[39m
 [32m笨・[39m tests/unit/scheduleOps.spec.ts[2m > [22mcomputeOpsSummary[2m > [22mcalculates required staff using 5:1 ratio[32m 1[2mms[22m[39m
 [32m笨・[39m tests/unit/scheduleOps.spec.ts[2m > [22mfilterOpsItems[2m > [22mexcludes cancelled by default[32m 1[2mms[22m[39m
 [32m笨・[39m tests/unit/scheduleOps.spec.ts[2m > [22mfilterOpsItems[2m > [22mincludes cancelled when includeCancelled is true[32m 1[2mms[22m[39m
 [32m笨・[39m tests/unit/scheduleOps.spec.ts[2m > [22mfilterOpsItems[2m > [22mfilters by serviceType: respite[32m 1[2mms[22m[39m
 [32m笨・[39m tests/unit/scheduleOps.spec.ts[2m > [22mfilterOpsItems[2m > [22mfilters by serviceType: shortStay[32m 1[2mms[22m[39m
 [32m笨・[39m tests/unit/scheduleOps.spec.ts[2m > [22mfilterOpsItems[2m > [22mfilters by staffId[32m 1[2mms[22m[39m
 [32m笨・[39m tests/unit/scheduleOps.spec.ts[2m > [22mfilterOpsItems[2m > [22mfilters by hasAttention[32m 1[2mms[22m[39m
 [32m笨・[39m tests/unit/scheduleOps.spec.ts[2m > [22mfilterOpsItems[2m > [22mfilters by hasPickup[32m 1[2mms[22m[39m
 [32m笨・[39m tests/unit/scheduleOps.spec.ts[2m > [22mfilterOpsItems[2m > [22mfilters by hasBath[32m 1[2mms[22m[39m
 [32m笨・[39m tests/unit/scheduleOps.spec.ts[2m > [22mfilterOpsItems[2m > [22mfilters by hasMedication[32m 1[2mms[22m[39m
 [32m笨・[39m tests/unit/scheduleOps.spec.ts[2m > [22mfilterOpsItems[2m > [22mfilters by searchQuery (case-insensitive)[32m 1[2mms[22m[39m
 [32m笨・[39m tests/unit/scheduleOps.spec.ts[2m > [22mfilterOpsItems[2m > [22msearch matches against notes[32m 1[2mms[22m[39m
 [32m笨・[39m tests/unit/scheduleOps.spec.ts[2m > [22mfilterOpsItems[2m > [22msearch matches against attentionSummary[32m 1[2mms[22m[39m
 [32m笨・[39m tests/unit/scheduleOps.spec.ts[2m > [22mfilterOpsItems[2m > [22msearch matches against handoffSummary[32m 1[2mms[22m[39m
 [32m笨・[39m tests/unit/scheduleOps.spec.ts[2m > [22mfilterOpsItems[2m > [22msearch matches against assignedStaffName[32m 1[2mms[22m[39m
 [32m笨・[39m tests/unit/scheduleOps.spec.ts[2m > [22mfilterOpsItems[2m > [22mempty searchQuery passes all items[32m 1[2mms[22m[39m
 [32m笨・[39m tests/unit/scheduleOps.spec.ts[2m > [22mfilterOpsItems[2m > [22mcombines multiple filter conditions (AND)[32m 1[2mms[22m[39m
 [32m笨・[39m tests/unit/scheduleOps.spec.ts[2m > [22mfilterOpsItems[2m > [22mreturns empty when combined conditions match nothing[32m 1[2mms[22m[39m
 [32m笨・[39m tests/unit/scheduleOps.spec.ts[2m > [22mfilterOpsItems[2m > [22mreturns empty for empty items array[32m 1[2mms[22m[39m
 [32m笨・[39m tests/unit/scheduleOps.spec.ts[2m > [22mcomputeWeeklySummary[2m > [22mreturns entry for each weekDate[32m 1[2mms[22m[39m
 [32m笨・[39m tests/unit/scheduleOps.spec.ts[2m > [22mcomputeWeeklySummary[2m > [22mreturns 0 counts for dates with no items[32m 2[2mms[22m[39m
 [32m笨・[39m tests/unit/scheduleOps.spec.ts[2m > [22mcomputeWeeklySummary[2m > [22mcounts items per day correctly[32m 2[2mms[22m[39m
 [32m笨・[39m tests/unit/scheduleOps.spec.ts[2m > [22mcomputeWeeklySummary[2m > [22mexcludes cancelled items from count[32m 2[2mms[22m[39m
 [32m笨・[39m tests/unit/scheduleOps.spec.ts[2m > [22mcomputeWeeklySummary[2m > [22mdetects over capacity day[32m 1[2mms[22m[39m
 [32m笨・[39m tests/unit/scheduleOps.spec.ts[2m > [22mcomputeWeeklySummary[2m > [22mcalculates available slots correctly[32m 2[2mms[22m[39m
 [32m笨・[39m tests/unit/scheduleOps.spec.ts[2m > [22mcomputeWeeklySummary[2m > [22mcounts attention items[32m 1[2mms[22m[39m
 [32m笨・[39m tests/unit/scheduleOps.spec.ts[2m > [22mcomputeWeeklySummary[2m > [22mhandles empty weekDates array[32m 1[2mms[22m[39m
[90mstdout[2m | src/components/RequireAudience.spec.tsx
[22m[39m[MSAL ENV] Validated successfully

 [32m笨・[39m tests/unit/LayoutContext.spec.tsx[2m > [22mLayoutProvider[2m > [22mtransitions display mode across breakpoints[32m 51[2mms[22m[39m
 [32m笨・[39m tests/unit/LayoutContext.spec.tsx[2m > [22mLayoutProvider[2m > [22mhonors forceDensity override across updates[32m 9[2mms[22m[39m
 [32m笨・[39m tests/unit/LayoutContext.spec.tsx[2m > [22mLayoutProvider[2m > [22mexposes viewport and orientation helpers[32m 14[2mms[22m[39m
 [32m笨・[39m src/features/monitoring/domain/monitoringDailyAnalytics.spec.ts[2m > [22maggregateActivities[2m > [22m遨ｺ驟榊・ 竊・遨ｺ邨先棡[32m 5[2mms[22m[39m
 [32m笨・[39m src/features/monitoring/domain/monitoringDailyAnalytics.spec.ts[2m > [22maggregateActivities[2m > [22m蜊倅ｸ繝ｬ繧ｳ繝ｼ繝・竊・AM/PM 蜷・莉ｶ[32m 2[2mms[22m[39m
 [32m笨・[39m src/features/monitoring/domain/monitoringDailyAnalytics.spec.ts[2m > [22maggregateActivities[2m > [22mTop 豢ｻ蜍輔′髯埼・た繝ｼ繝医＆繧後ｋ[32m 1[2mms[22m[39m
 [32m笨・[39m src/features/monitoring/domain/monitoringDailyAnalytics.spec.ts[2m > [22maggregateActivities[2m > [22mAM 遨ｺ譁・ｭ・竊・繧ｫ繧ｦ繝ｳ繝医＠縺ｪ縺・[32m 1[2mms[22m[39m
 [32m笨・[39m src/features/monitoring/domain/monitoringDailyAnalytics.spec.ts[2m > [22maggregateLunch[2m > [22m遨ｺ驟榊・ 竊・螳牙ｮ壼ｺｦ0[32m 1[2mms[22m[39m
 [32m笨・[39m src/features/monitoring/domain/monitoringDailyAnalytics.spec.ts[2m > [22maggregateLunch[2m > [22mlunchIntake 譛ｪ險ｭ螳・竊・繧ｫ繧ｦ繝ｳ繝医＠縺ｪ縺・[32m 1[2mms[22m[39m
 [32m笨・[39m src/features/monitoring/domain/monitoringDailyAnalytics.spec.ts[2m > [22maggregateLunch[2m > [22m螳牙ｮ壼ｺｦ險育ｮ・ 螳碁｣・8蜑ｲ 縺ｮ蜑ｲ蜷・[32m 1[2mms[22m[39m
 [32m笨・[39m src/features/monitoring/domain/monitoringDailyAnalytics.spec.ts[2m > [22maggregateLunch[2m > [22m譏ｼ鬟滉ｸ榊ｮ牙ｮ壹ヱ繧ｿ繝ｼ繝ｳ: 蟆鷹㍼+縺ｪ縺嶺ｸｭ蠢・[32m 1[2mms[22m[39m
 [32m笨・[39m src/features/monitoring/domain/monitoringDailyAnalytics.spec.ts[2m > [22maggregateBehaviors[2m > [22m遨ｺ驟榊・ 竊・蝠城｡瑚｡悟虚縺ｪ縺・[32m 2[2mms[22m[39m
 [32m笨・[39m src/features/monitoring/domain/monitoringDailyAnalytics.spec.ts[2m > [22maggregateBehaviors[2m > [22m蝠城｡瑚｡悟虚縺ｪ縺励・繝ｬ繧ｳ繝ｼ繝・竊・totalDays=0[32m 1[2mms[22m[39m
 [32m笨・[39m src/features/monitoring/domain/monitoringDailyAnalytics.spec.ts[2m > [22maggregateBehaviors[2m > [22m遞ｮ蛻･繧ｫ繧ｦ繝ｳ繝医→髯埼・た繝ｼ繝・[32m 1[2mms[22m[39m
 [32m笨・[39m src/features/monitoring/domain/monitoringDailyAnalytics.spec.ts[2m > [22maggregateBehaviors[2m > [22m逋ｺ逕溽紫縺ｮ險育ｮ・[32m 1[2mms[22m[39m
 [32m笨・[39m src/features/monitoring/domain/monitoringDailyAnalytics.spec.ts[2m > [22maggregateBehaviors[2m > [22mrecentChange: 蠕悟濠蠅怜刈 竊・up[32m 2[2mms[22m[39m
 [32m笨・[39m src/features/monitoring/domain/monitoringDailyAnalytics.spec.ts[2m > [22mbuildMonitoringDailySummary[2m > [22m遨ｺ驟榊・ 竊・null[32m 1[2mms[22m[39m
 [32m笨・[39m src/features/monitoring/domain/monitoringDailyAnalytics.spec.ts[2m > [22mbuildMonitoringDailySummary[2m > [22m蜊倅ｸ繝ｬ繧ｳ繝ｼ繝・竊・譛牙柑縺ｪ繧ｵ繝槭Μ繝ｼ[32m 3[2mms[22m[39m
 [32m笨・[39m src/features/monitoring/domain/monitoringDailyAnalytics.spec.ts[2m > [22mbuildMonitoringDailySummary[2m > [22m隍・焚譌･ 竊・險倬鹸邇・ｒ豁｣縺励￥邂怜・[32m 1[2mms[22m[39m
 [32m笨・[39m src/features/monitoring/domain/monitoringDailyAnalytics.spec.ts[2m > [22mbuildMonitoringInsightText[2m > [22m繧ｵ繝槭Μ繝ｼ縺九ｉ謇隕区枚繧堤函謌舌〒縺阪ｋ[32m 2[2mms[22m[39m
 [32m笨・[39m src/features/monitoring/domain/monitoringDailyAnalytics.spec.ts[2m > [22mbuildMonitoringInsightText[2m > [22m蝠城｡瑚｡悟虚縺ｪ縺・竊・縲瑚ｨ倬鹸縺ｯ縺ｪ縺九▲縺溘・[32m 1[2mms[22m[39m
 [32m笨・[39m src/features/monitoring/domain/monitoringDailyAnalytics.spec.ts[2m > [22maggregateBehaviorTags[2m > [22m遨ｺ驟榊・ 竊・null[32m 1[2mms[22m[39m
 [32m笨・[39m src/features/monitoring/domain/monitoringDailyAnalytics.spec.ts[2m > [22maggregateBehaviorTags[2m > [22m繧ｿ繧ｰ縺ｪ縺励・繝ｬ繧ｳ繝ｼ繝峨・縺ｿ 竊・null[32m 1[2mms[22m[39m
 [32m笨・[39m src/features/monitoring/domain/monitoringDailyAnalytics.spec.ts[2m > [22maggregateBehaviorTags[2m > [22mTop 繧ｿ繧ｰ縺碁剄鬆・た繝ｼ繝医＆繧後ｋ[32m 1[2mms[22m[39m
 [32m笨・[39m src/features/monitoring/domain/monitoringDailyAnalytics.spec.ts[2m > [22maggregateBehaviorTags[2m > [22m繧ｫ繝・ざ繝ｪ蛻・ｸ・′豁｣縺励＞[32m 1[2mms[22m[39m
 [32m笨・[39m src/features/monitoring/domain/monitoringDailyAnalytics.spec.ts[2m > [22maggregateBehaviorTags[2m > [22mcategoryDistribution 縺ｫ percentage 縺悟性縺ｾ繧後ｋ[32m 1[2mms[22m[39m
 [32m笨・[39m src/features/monitoring/domain/monitoringDailyAnalytics.spec.ts[2m > [22maggregateBehaviorTags[2m > [22m蜷檎紫繧ｿ繧ｰ縺ｯ key 縺ｮ霎樊嶌鬆・〒螳牙ｮ壹た繝ｼ繝医＆繧後ｋ[32m 1[2mms[22m[39m
 [32m笨・[39m src/features/monitoring/domain/monitoringDailyAnalytics.spec.ts[2m > [22maggregateBehaviorTags[2m > [22m莉倅ｸ守紫縺ｨ蟷ｳ蝮・ち繧ｰ謨ｰ縺ｮ邂怜・[32m 1[2mms[22m[39m
 [32m笨・[39m src/features/monitoring/domain/monitoringDailyAnalytics.spec.ts[2m > [22maggregateBehaviorTags[2m > [22m繝医Ξ繝ｳ繝・ 蠕悟濠蠅怜刈 竊・up[32m 1[2mms[22m[39m
 [32m笨・[39m src/features/monitoring/domain/monitoringDailyAnalytics.spec.ts[2m > [22maggregateBehaviorTags[2m > [22m繝医Ξ繝ｳ繝・ 4莉ｶ譛ｪ貅 竊・flat[32m 1[2mms[22m[39m
 [32m笨・[39m src/features/monitoring/domain/monitoringDailyAnalytics.spec.ts[2m > [22mbuildMonitoringDailySummary 窶・behaviorTag integration[2m > [22m繧ｿ繧ｰ縺ｪ縺・竊・behaviorTagSummary 縺・null[32m 1[2mms[22m[39m
 [32m笨・[39m src/features/monitoring/domain/monitoringDailyAnalytics.spec.ts[2m > [22mbuildMonitoringDailySummary 窶・behaviorTag integration[2m > [22m繧ｿ繧ｰ縺ゅｊ 竊・behaviorTagSummary 縺梧怏蜉ｹ[32m 1[2mms[22m[39m
 [32m笨・[39m src/features/monitoring/domain/monitoringDailyAnalytics.spec.ts[2m > [22mbuildMonitoringInsightText 窶・behaviorTag section[2m > [22m繧ｿ繧ｰ縺ゅｊ縺ｮ蝣ｴ蜷医∵園隕九↓縲占｡悟虚繧ｿ繧ｰ縲代そ繧ｯ繧ｷ繝ｧ繝ｳ縺悟性縺ｾ繧後ｋ[32m 28[2mms[22m[39m
 [32m笨・[39m src/features/monitoring/domain/monitoringDailyAnalytics.spec.ts[2m > [22mbuildMonitoringInsightText 窶・behaviorTag section[2m > [22m繧ｿ繧ｰ縺ｪ縺励・蝣ｴ蜷医√占｡悟虚繧ｿ繧ｰ縲代そ繧ｯ繧ｷ繝ｧ繝ｳ縺悟性縺ｾ繧後↑縺・[32m 5[2mms[22m[39m
 [32m笨・[39m src/features/monitoring/domain/monitoringDailyAnalytics.spec.ts[2m > [22mbuildMonitoringDailySummary 窶・goalProgress integration[2m > [22mgoals 譛ｪ謖・ｮ・竊・goalProgress 縺ｯ undefined[32m 1[2mms[22m[39m
 [32m笨・[39m src/features/monitoring/domain/monitoringDailyAnalytics.spec.ts[2m > [22mbuildMonitoringDailySummary 窶・goalProgress integration[2m > [22mgoals 縺檎ｩｺ驟榊・ 竊・goalProgress 縺ｯ undefined[32m 1[2mms[22m[39m
 [32m笨・[39m src/features/monitoring/domain/monitoringDailyAnalytics.spec.ts[2m > [22mbuildMonitoringDailySummary 窶・goalProgress integration[2m > [22mgoals 縺ゅｊ 竊・goalProgress 縺瑚ｨ育ｮ励＆繧後ｋ[32m 2[2mms[22m[39m
 [32m笨・[39m src/features/monitoring/domain/monitoringDailyAnalytics.spec.ts[2m > [22mbuildMonitoringDailySummary 窶・goalProgress integration[2m > [22msocial 逶ｮ讓・竊・positive/communication 繧ｫ繝・ざ繝ｪ縺ｮ繧ｿ繧ｰ縺ｨ辣ｧ蜷・[32m 1[2mms[22m[39m
 [32m笨・[39m src/features/monitoring/domain/monitoringDailyAnalytics.spec.ts[2m > [22mbuildMonitoringDailySummary 窶・goalProgress integration[2m > [22mcognitive 逶ｮ讓・竊・behavior 繧ｫ繝・ざ繝ｪ縺ｮ繧ｿ繧ｰ縺ｨ辣ｧ蜷・[32m 1[2mms[22m[39m
 [32m笨・[39m src/features/monitoring/domain/monitoringDailyAnalytics.spec.ts[2m > [22mbuildMonitoringDailySummary 窶・goalProgress integration[2m > [22mdomain 縺ｪ縺励・逶ｮ讓・竊・matchedRecordCount=0, noData 縺ｫ縺ｪ繧峨★ stagnant[32m 1[2mms[22m[39m
 [32m笨・[39m src/features/monitoring/domain/monitoringDailyAnalytics.spec.ts[2m > [22mbuildMonitoringDailySummary 窶・goalProgress integration[2m > [22m隍・焚逶ｮ讓・竊・縺昴ｌ縺槭ｌ蛟句挨縺ｫ險育ｮ励＆繧後ｋ[32m 7[2mms[22m[39m
 [32m笨・[39m src/features/monitoring/domain/monitoringDailyAnalytics.spec.ts[2m > [22mbuildMonitoringDailySummary 窶・goalProgress integration[2m > [22m繧ｿ繧ｰ縺ｪ縺苓ｨ倬鹸縺ｮ縺ｿ 竊・rate=0[32m 1[2mms[22m[39m
 [32m笨・[39m src/features/monitoring/domain/monitoringDailyAnalytics.spec.ts[2m > [22mbuildMonitoringDailySummary 窶・goalProgress integration[2m > [22m譌｢蟄倥し繝槭Μ繝ｼ繝輔ぅ繝ｼ繝ｫ繝峨′ goals 譛臥┌縺ｧ螟峨ｏ繧峨↑縺・[32m 2[2mms[22m[39m
 [32m笨・[39m src/features/monitoring/domain/monitoringDailyAnalytics.spec.ts[2m > [22mgoalProgress trend[2m > [22m蠕悟濠縺ｫ髢｢騾｣繧ｿ繧ｰ縺悟｢怜刈 竊・improving[32m 2[2mms[22m[39m
 [32m笨・[39m src/features/monitoring/domain/monitoringDailyAnalytics.spec.ts[2m > [22mgoalProgress trend[2m > [22m蜑榊濠縺ｫ髢｢騾｣繧ｿ繧ｰ髮・ｸｭ 竊・declining[32m 1[2mms[22m[39m
 [32m笨・[39m src/features/monitoring/domain/monitoringDailyAnalytics.spec.ts[2m > [22mgoalProgress trend[2m > [22m4莉ｶ譛ｪ貅 竊・stable[32m 1[2mms[22m[39m
 [32m笨・[39m src/features/monitoring/domain/monitoringDailyAnalytics.spec.ts[2m > [22mbuildMonitoringInsightText 窶・goalProgress section[2m > [22mgoalProgress 縺ゅｊ 竊・縲千岼讓咎ｲ謐励代そ繧ｯ繧ｷ繝ｧ繝ｳ縺悟性縺ｾ繧後ｋ[32m 2[2mms[22m[39m
 [32m笨・[39m src/features/monitoring/domain/monitoringDailyAnalytics.spec.ts[2m > [22mbuildMonitoringInsightText 窶・goalProgress section[2m > [22mgoalProgress 縺ｪ縺・竊・縲千岼讓咎ｲ謐励代そ繧ｯ繧ｷ繝ｧ繝ｳ縺悟性縺ｾ繧後↑縺・[32m 1[2mms[22m[39m
 [32m笨・[39m src/features/monitoring/domain/monitoringDailyAnalytics.spec.ts[2m > [22mbuildMonitoringInsightText 窶・goalProgress section[2m > [22mdomain 縺ｪ縺礼岼讓吶・縲悟●貊槭阪→陦ｨ遉ｺ縺輔ｌ繧具ｼ郁ｨ倬鹸縺ｯ縺ゅｋ縺碁未騾｣繧ｿ繧ｰ縺ｪ縺暦ｼ・[32m 1[2mms[22m[39m
 [32m笨・[39m src/features/support-plan-guide/hooks/__tests__/useChangeDetection.spec.ts[2m > [22museNumberChange[2m > [22m蛻晏屓繝ｬ繝ｳ繝繝ｪ繝ｳ繧ｰ縺ｧ縺ｯ justChanged=false, delta=undefined[32m 25[2mms[22m[39m
 [32m笨・[39m src/features/support-plan-guide/hooks/__tests__/useChangeDetection.spec.ts[2m > [22museNumberChange[2m > [22m蛟､縺悟､牙喧縺吶ｋ縺ｨ justChanged=true, delta 繧堤ｮ怜・縺吶ｋ[32m 7[2mms[22m[39m
 [32m笨・[39m src/features/support-plan-guide/hooks/__tests__/useChangeDetection.spec.ts[2m > [22museNumberChange[2m > [22mHIGHLIGHT_DURATION 蠕後↓ justChanged 縺・false 縺ｫ謌ｻ繧・[32m 5[2mms[22m[39m
 [32m笨・[39m src/features/support-plan-guide/hooks/__tests__/useChangeDetection.spec.ts[2m > [22museNumberChange[2m > [22m蛟､縺梧ｸ帛ｰ代＠縺溷ｴ蜷医・ delta 縺瑚ｲ縺ｫ縺ｪ繧・[32m 5[2mms[22m[39m
 [32m笨・[39m src/features/support-plan-guide/hooks/__tests__/useChangeDetection.spec.ts[2m > [22museNumberChange[2m > [22m蜷後§蛟､縺ｧ縺ｮ蜀阪Ξ繝ｳ繝繝ｪ繝ｳ繧ｰ縺ｧ縺ｯ justChanged=false 縺ｮ縺ｾ縺ｾ[32m 3[2mms[22m[39m
 [32m笨・[39m src/features/support-plan-guide/hooks/__tests__/useChangeDetection.spec.ts[2m > [22museRateChange[2m > [22m蛻晏屓縺ｯ directionIcon 縺檎ｩｺ譁・ｭ・[32m 3[2mms[22m[39m
 [32m笨・[39m src/features/support-plan-guide/hooks/__tests__/useChangeDetection.spec.ts[2m > [22museRateChange[2m > [22m邇・′荳頑・縺励◆繧・directionIcon=竊・[32m 3[2mms[22m[39m
 [32m笨・[39m src/features/support-plan-guide/hooks/__tests__/useChangeDetection.spec.ts[2m > [22museRateChange[2m > [22m邇・′菴惹ｸ九＠縺溘ｉ directionIcon=竊・[32m 3[2mms[22m[39m
 [32m笨・[39m src/features/support-plan-guide/hooks/__tests__/useChangeDetection.spec.ts[2m > [22museRateChange[2m > [22mundefined 竊・謨ｰ蛟､縺ｸ縺ｮ螟牙喧縺ｯ讀懷・縺励↑縺・[32m 6[2mms[22m[39m
 [32m笨・[39m src/features/support-plan-guide/hooks/__tests__/useChangeDetection.spec.ts[2m > [22museRateChange[2m > [22mHIGHLIGHT_DURATION 蠕後↓繝ｪ繧ｻ繝・ヨ縺吶ｋ[32m 3[2mms[22m[39m
 [32m笨・[39m src/features/ibd/plans/isp-editor/hooks/__tests__/useISPComparisonEditor.spec.tsx[2m > [22museISPComparisonEditor[2m > [22mupdates goal text[32m 30[2mms[22m[39m
 [32m笨・[39m src/features/ibd/plans/isp-editor/hooks/__tests__/useISPComparisonEditor.spec.tsx[2m > [22museISPComparisonEditor[2m > [22mtoggles domain tag on and off[32m 7[2mms[22m[39m
 [32m笨・[39m src/features/ibd/plans/isp-editor/hooks/__tests__/useISPComparisonEditor.spec.tsx[2m > [22museISPComparisonEditor[2m > [22mcopyFromPrevious sets copiedId and clears after 1500ms[32m 7[2mms[22m[39m
 [32m笨・[39m src/features/ibd/plans/isp-editor/hooks/__tests__/useISPComparisonEditor.spec.tsx[2m > [22museISPComparisonEditor[2m > [22mprogress.pct reflects number of filled goals[32m 8[2mms[22m[39m
 [32m笨・[39m src/features/ibd/plans/isp-editor/hooks/__tests__/useISPComparisonEditor.spec.tsx[2m > [22museISPComparisonEditor[2m > [22mdomainCoverage reflects tagged domains[32m 5[2mms[22m[39m
 [32m笨・[39m src/features/ibd/plans/isp-editor/hooks/__tests__/useISPComparisonEditor.spec.tsx[2m > [22museISPComparisonEditor[2m > [22mdiff is null when showDiff is off[32m 4[2mms[22m[39m
 [32m笨・[39m src/features/ibd/plans/isp-editor/hooks/__tests__/useISPComparisonEditor.spec.tsx[2m > [22museISPComparisonEditor[2m > [22mdiff is computed when showDiff is on and text is present[32m 4[2mms[22m[39m
 [32m笨・[39m src/features/ibd/plans/isp-editor/hooks/__tests__/useISPComparisonEditor.spec.tsx[2m > [22museISPComparisonEditor[2m > [22mdaysRemaining is a positive number for future expiry[32m 3[2mms[22m[39m
 [32m笨・[39m src/features/ibd/plans/isp-editor/hooks/__tests__/useISPComparisonEditor.spec.tsx[2m > [22museISPComparisonEditor[2m > [22mtoggleSidebar flips sidebarOpen[32m 4[2mms[22m[39m
 [32m笨・[39m src/features/ibd/plans/isp-editor/hooks/__tests__/useISPComparisonEditor.spec.tsx[2m > [22museISPComparisonEditor[2m > [22mtoggleSmart flips showSmart[32m 4[2mms[22m[39m
 [32m笨・[39m src/features/handoff/__tests__/handoffActions.spec.ts[2m > [22mgetAvailableActionButtons[2m > [22mevening mode (螟穂ｼ・[2m > [22m譛ｪ蟇ｾ蠢・竊・[遒ｺ隱肴ｸ・ 螳御ｺ・ 繝懊ち繝ｳ繧定ｿ斐☆[32m 6[2mms[22m[39m
 [32m笨・[39m src/features/handoff/__tests__/handoffActions.spec.ts[2m > [22mgetAvailableActionButtons[2m > [22mevening mode (螟穂ｼ・[2m > [22m遒ｺ隱肴ｸ・竊・[譏取律縺ｸ謖∬ｶ・ 螳御ｺ・ 繝懊ち繝ｳ繧定ｿ斐☆[32m 1[2mms[22m[39m
 [32m笨・[39m src/features/handoff/__tests__/handoffActions.spec.ts[2m > [22mgetAvailableActionButtons[2m > [22mevening mode (螟穂ｼ・[2m > [22m蟇ｾ蠢應ｸｭ 竊・[蟇ｾ蠢懈ｸ・ 繝懊ち繝ｳ繧定ｿ斐☆[32m 1[2mms[22m[39m
 [32m笨・[39m src/features/handoff/__tests__/handoffActions.spec.ts[2m > [22mgetAvailableActionButtons[2m > [22mevening mode (螟穂ｼ・[2m > [22m譏取律縺ｸ謖∬ｶ・竊・遨ｺ驟榊・・亥､穂ｼ壹〒縺ｯ謫堺ｽ應ｸ榊庄・・[32m 1[2mms[22m[39m
 [32m笨・[39m src/features/handoff/__tests__/handoffActions.spec.ts[2m > [22mgetAvailableActionButtons[2m > [22mevening mode (螟穂ｼ・[2m > [22m蟇ｾ蠢懈ｸ茨ｼ育ｵらｫｯ・俄・ 遨ｺ驟榊・[32m 1[2mms[22m[39m
 [32m笨・[39m src/features/handoff/__tests__/handoffActions.spec.ts[2m > [22mgetAvailableActionButtons[2m > [22mevening mode (螟穂ｼ・[2m > [22m螳御ｺ・ｼ育ｵらｫｯ・俄・ 遨ｺ驟榊・[32m 1[2mms[22m[39m
 [32m笨・[39m src/features/handoff/__tests__/handoffActions.spec.ts[2m > [22mgetAvailableActionButtons[2m > [22mmorning mode (譛昜ｼ・[2m > [22m譏取律縺ｸ謖∬ｶ・竊・[螳御ｺ・ 繝懊ち繝ｳ繧定ｿ斐☆[32m 1[2mms[22m[39m
 [32m笨・[39m src/features/handoff/__tests__/handoffActions.spec.ts[2m > [22mgetAvailableActionButtons[2m > [22mmorning mode (譛昜ｼ・[2m > [22m譛ｪ蟇ｾ蠢・竊・[螳御ｺ・ 繝懊ち繝ｳ繧定ｿ斐☆[32m 1[2mms[22m[39m
 [32m笨・[39m src/features/handoff/__tests__/handoffActions.spec.ts[2m > [22mgetAvailableActionButtons[2m > [22mmorning mode (譛昜ｼ・[2m > [22m遒ｺ隱肴ｸ・竊・[螳御ｺ・ 繝懊ち繝ｳ繧定ｿ斐☆[32m 1[2mms[22m[39m
 [32m笨・[39m src/features/handoff/__tests__/handoffActions.spec.ts[2m > [22mgetAvailableActionButtons[2m > [22mmorning mode (譛昜ｼ・[2m > [22m蟇ｾ蠢應ｸｭ 竊・[蟇ｾ蠢懈ｸ・ 繝懊ち繝ｳ繧定ｿ斐☆[32m 1[2mms[22m[39m
 [32m笨・[39m src/features/handoff/__tests__/handoffActions.spec.ts[2m > [22mgetAvailableActionButtons[2m > [22mmorning mode (譛昜ｼ・[2m > [22m蟇ｾ蠢懈ｸ茨ｼ育ｵらｫｯ・俄・ 遨ｺ驟榊・[32m 1[2mms[22m[39m
 [32m笨・[39m src/features/handoff/__tests__/handoffActions.spec.ts[2m > [22mgetAvailableActionButtons[2m > [22mmorning mode (譛昜ｼ・[2m > [22m螳御ｺ・ｼ育ｵらｫｯ・俄・ 遨ｺ驟榊・[32m 1[2mms[22m[39m
 [32m笨・[39m src/features/handoff/__tests__/handoffActions.spec.ts[2m > [22mgetAvailableActionButtons[2m > [22mnormal mode (騾壼ｸｸ)[2m > [22m譛ｪ蟇ｾ蠢・竊・[蟇ｾ蠢應ｸｭ] 繝懊ち繝ｳ繧定ｿ斐☆[32m 1[2mms[22m[39m
 [32m笨・[39m src/features/handoff/__tests__/handoffActions.spec.ts[2m > [22mgetAvailableActionButtons[2m > [22mnormal mode (騾壼ｸｸ)[2m > [22m蟇ｾ蠢應ｸｭ 竊・遨ｺ驟榊・ (蟇ｾ蠢懈ｸ医・繝｡繧ｿ縺ｯ螳夂ｾｩ貂医∩縺縺・normal 縺ｯ toggle 繧剃ｽｿ縺・Φ螳・[32m 1[2mms[22m[39m
 [32m笨・[39m src/features/handoff/__tests__/handoffActions.spec.ts[2m > [22mgetAvailableActionButtons[2m > [22mnormal mode (騾壼ｸｸ)[2m > [22m遒ｺ隱肴ｸ・竊・[螳御ｺ・ 繝懊ち繝ｳ繧定ｿ斐☆ (繝輔か繝ｼ繝ｫ繝舌ャ繧ｯ)[32m 1[2mms[22m[39m
 [32m笨・[39m src/features/handoff/__tests__/handoffActions.spec.ts[2m > [22mgetAvailableActionButtons[2m > [22mnormal mode (騾壼ｸｸ)[2m > [22m譏取律縺ｸ謖∬ｶ・竊・[螳御ｺ・ 繝懊ち繝ｳ繧定ｿ斐☆ (繝輔か繝ｼ繝ｫ繝舌ャ繧ｯ)[32m 1[2mms[22m[39m
 [32m笨・[39m src/features/handoff/__tests__/handoffActions.spec.ts[2m > [22mgetAvailableActionButtons[2m > [22m霑斐＆繧後ｋ繝懊ち繝ｳ縺ｮ key 縺ｯ譛牙柑縺ｪ HandoffStatus 縺ｧ縺ゅｋ[32m 4[2mms[22m[39m
 [32m笨・[39m src/features/handoff/__tests__/handoffActions.spec.ts[2m > [22mgetAvailableActionButtons[2m > [22m霑斐＆繧後ｋ繝懊ち繝ｳ縺ｯ getAllowedActions 縺ｮ繧ｵ繝悶そ繝・ヨ縺ｧ縺ゅｋ[32m 2[2mms[22m[39m
 [32m笨・[39m src/features/handoff/__tests__/handoffActions.spec.ts[2m > [22mgetAvailableActionButtons[2m > [22m蜷・・繧ｿ繝ｳ縺ｯ蠢・医・繝ｭ繝代ユ繧｣繧偵☆縺ｹ縺ｦ謖√▽[32m 3[2mms[22m[39m
 [32m笨・[39m src/features/handoff/__tests__/handoffActions.spec.ts[2m > [22mcanTransition[2m > [22mevening mode 窶・險ｱ蜿ｯ縺輔ｌ繧矩・遘ｻ[2m > [22m譛ｪ蟇ｾ蠢・竊・遒ｺ隱肴ｸ・ true[32m 1[2mms[22m[39m
 [32m笨・[39m src/features/handoff/__tests__/handoffActions.spec.ts[2m > [22mcanTransition[2m > [22mevening mode 窶・險ｱ蜿ｯ縺輔ｌ繧矩・遘ｻ[2m > [22m譛ｪ蟇ｾ蠢・竊・螳御ｺ・ true[32m 1[2mms[22m[39m
 [32m笨・[39m src/features/handoff/__tests__/handoffActions.spec.ts[2m > [22mcanTransition[2m > [22mevening mode 窶・險ｱ蜿ｯ縺輔ｌ繧矩・遘ｻ[2m > [22m遒ｺ隱肴ｸ・竊・譏取律縺ｸ謖∬ｶ・ true[32m 0[2mms[22m[39m
 [32m笨・[39m src/features/handoff/__tests__/handoffActions.spec.ts[2m > [22mcanTransition[2m > [22mevening mode 窶・險ｱ蜿ｯ縺輔ｌ繧矩・遘ｻ[2m > [22m遒ｺ隱肴ｸ・竊・螳御ｺ・ true[32m 1[2mms[22m[39m
 [32m笨・[39m src/features/handoff/__tests__/handoffActions.spec.ts[2m > [22mcanTransition[2m > [22mevening mode 窶・險ｱ蜿ｯ縺輔ｌ繧矩・遘ｻ[2m > [22m蟇ｾ蠢應ｸｭ 竊・蟇ｾ蠢懈ｸ・ true[32m 0[2mms[22m[39m
 [32m笨・[39m src/features/handoff/__tests__/handoffActions.spec.ts[2m > [22mcanTransition[2m > [22mevening mode 窶・遖∵ｭ｢縺輔ｌ繧矩・遘ｻ[2m > [22m譛ｪ蟇ｾ蠢・竊・蟇ｾ蠢應ｸｭ: false[32m 1[2mms[22m[39m
 [32m笨・[39m src/features/handoff/__tests__/handoffActions.spec.ts[2m > [22mcanTransition[2m > [22mevening mode 窶・遖∵ｭ｢縺輔ｌ繧矩・遘ｻ[2m > [22m譛ｪ蟇ｾ蠢・竊・蟇ｾ蠢懈ｸ・ false[32m 0[2mms[22m[39m
 [32m笨・[39m src/features/handoff/__tests__/handoffActions.spec.ts[2m > [22mcanTransition[2m > [22mevening mode 窶・遖∵ｭ｢縺輔ｌ繧矩・遘ｻ[2m > [22m譛ｪ蟇ｾ蠢・竊・譏取律縺ｸ謖∬ｶ・ false[32m 0[2mms[22m[39m
 [32m笨・[39m src/features/handoff/__tests__/handoffActions.spec.ts[2m > [22mcanTransition[2m > [22mevening mode 窶・遖∵ｭ｢縺輔ｌ繧矩・遘ｻ[2m > [22m遒ｺ隱肴ｸ・竊・譛ｪ蟇ｾ蠢・ false[32m 0[2mms[22m[39m
 [32m笨・[39m src/features/handoff/__tests__/handoffActions.spec.ts[2m > [22mcanTransition[2m > [22mevening mode 窶・遖∵ｭ｢縺輔ｌ繧矩・遘ｻ[2m > [22m遒ｺ隱肴ｸ・竊・遒ｺ隱肴ｸ・ false[32m 0[2mms[22m[39m
 [32m笨・[39m src/features/handoff/__tests__/handoffActions.spec.ts[2m > [22mcanTransition[2m > [22mevening mode 窶・遖∵ｭ｢縺輔ｌ繧矩・遘ｻ[2m > [22m蟇ｾ蠢懈ｸ・竊・譛ｪ蟇ｾ蠢・ false[32m 0[2mms[22m[39m
 [32m笨・[39m src/features/handoff/__tests__/handoffActions.spec.ts[2m > [22mcanTransition[2m > [22mevening mode 窶・遖∵ｭ｢縺輔ｌ繧矩・遘ｻ[2m > [22m螳御ｺ・竊・譛ｪ蟇ｾ蠢・ false[32m 0[2mms[22m[39m
 [32m笨・[39m src/features/handoff/__tests__/handoffActions.spec.ts[2m > [22mcanTransition[2m > [22mmorning mode 窶・險ｱ蜿ｯ縺輔ｌ繧矩・遘ｻ[2m > [22m譏取律縺ｸ謖∬ｶ・竊・螳御ｺ・ true[32m 0[2mms[22m[39m
 [32m笨・[39m src/features/handoff/__tests__/handoffActions.spec.ts[2m > [22mcanTransition[2m > [22mmorning mode 窶・險ｱ蜿ｯ縺輔ｌ繧矩・遘ｻ[2m > [22m譛ｪ蟇ｾ蠢・竊・螳御ｺ・ true[32m 0[2mms[22m[39m
 [32m笨・[39m src/features/handoff/__tests__/handoffActions.spec.ts[2m > [22mcanTransition[2m > [22mmorning mode 窶・險ｱ蜿ｯ縺輔ｌ繧矩・遘ｻ[2m > [22m遒ｺ隱肴ｸ・竊・螳御ｺ・ true[32m 0[2mms[22m[39m
 [32m笨・[39m src/features/handoff/__tests__/handoffActions.spec.ts[2m > [22mcanTransition[2m > [22mmorning mode 窶・險ｱ蜿ｯ縺輔ｌ繧矩・遘ｻ[2m > [22m蟇ｾ蠢應ｸｭ 竊・蟇ｾ蠢懈ｸ・ true[32m 0[2mms[22m[39m
 [32m笨・[39m src/features/handoff/__tests__/handoffActions.spec.ts[2m > [22mcanTransition[2m > [22mmorning mode 窶・遖∵ｭ｢縺輔ｌ繧矩・遘ｻ[2m > [22m譛ｪ蟇ｾ蠢・竊・遒ｺ隱肴ｸ・ false[32m 0[2mms[22m[39m
 [32m笨・[39m src/features/handoff/__tests__/handoffActions.spec.ts[2m > [22mcanTransition[2m > [22mmorning mode 窶・遖∵ｭ｢縺輔ｌ繧矩・遘ｻ[2m > [22m譛ｪ蟇ｾ蠢・竊・蟇ｾ蠢應ｸｭ: false[32m 0[2mms[22m[39m
 [32m笨・[39m src/features/handoff/__tests__/handoffActions.spec.ts[2m > [22mcanTransition[2m > [22mmorning mode 窶・遖∵ｭ｢縺輔ｌ繧矩・遘ｻ[2m > [22m譏取律縺ｸ謖∬ｶ・竊・譛ｪ蟇ｾ蠢・ false[32m 0[2mms[22m[39m
 [32m笨・[39m src/features/handoff/__tests__/handoffActions.spec.ts[2m > [22mcanTransition[2m > [22mmorning mode 窶・遖∵ｭ｢縺輔ｌ繧矩・遘ｻ[2m > [22m蟇ｾ蠢懈ｸ・竊・螳御ｺ・ false[32m 0[2mms[22m[39m
 [32m笨・[39m src/features/handoff/__tests__/handoffActions.spec.ts[2m > [22mcanTransition[2m > [22mnormal mode 窶・險ｱ蜿ｯ縺輔ｌ繧矩・遘ｻ[2m > [22m譛ｪ蟇ｾ蠢・竊・蟇ｾ蠢應ｸｭ: true[32m 1[2mms[22m[39m
 [32m笨・[39m src/features/handoff/__tests__/handoffActions.spec.ts[2m > [22mcanTransition[2m > [22mnormal mode 窶・險ｱ蜿ｯ縺輔ｌ繧矩・遘ｻ[2m > [22m蟇ｾ蠢應ｸｭ 竊・蟇ｾ蠢懈ｸ・ true[32m 1[2mms[22m[39m
 [32m笨・[39m src/features/handoff/__tests__/handoffActions.spec.ts[2m > [22mcanTransition[2m > [22mnormal mode 窶・險ｱ蜿ｯ縺輔ｌ繧矩・遘ｻ[2m > [22m遒ｺ隱肴ｸ・竊・螳御ｺ・ true[32m 1[2mms[22m[39m
 [32m笨・[39m src/features/handoff/__tests__/handoffActions.spec.ts[2m > [22mcanTransition[2m > [22mnormal mode 窶・險ｱ蜿ｯ縺輔ｌ繧矩・遘ｻ[2m > [22m譏取律縺ｸ謖∬ｶ・竊・螳御ｺ・ true[32m 0[2mms[22m[39m
 [32m笨・[39m src/features/handoff/__tests__/handoffActions.spec.ts[2m > [22mcanTransition[2m > [22mnormal mode 窶・遖∵ｭ｢縺輔ｌ繧矩・遘ｻ[2m > [22m譛ｪ蟇ｾ蠢・竊・螳御ｺ・ false[32m 1[2mms[22m[39m
 [32m笨・[39m src/features/handoff/__tests__/handoffActions.spec.ts[2m > [22mcanTransition[2m > [22mnormal mode 窶・遖∵ｭ｢縺輔ｌ繧矩・遘ｻ[2m > [22m譛ｪ蟇ｾ蠢・竊・遒ｺ隱肴ｸ・ false[32m 0[2mms[22m[39m
 [32m笨・[39m src/features/handoff/__tests__/handoffActions.spec.ts[2m > [22mcanTransition[2m > [22mnormal mode 窶・遖∵ｭ｢縺輔ｌ繧矩・遘ｻ[2m > [22m譛ｪ蟇ｾ蠢・竊・蟇ｾ蠢懈ｸ・ false[32m 0[2mms[22m[39m
 [32m笨・[39m src/features/handoff/__tests__/handoffActions.spec.ts[2m > [22mcanTransition[2m > [22mnormal mode 窶・遖∵ｭ｢縺輔ｌ繧矩・遘ｻ[2m > [22m蟇ｾ蠢應ｸｭ 竊・譛ｪ蟇ｾ蠢・ false[32m 0[2mms[22m[39m
 [32m笨・[39m src/features/handoff/__tests__/handoffActions.spec.ts[2m > [22mcanTransition[2m > [22mnormal mode 窶・遖∵ｭ｢縺輔ｌ繧矩・遘ｻ[2m > [22m蟇ｾ蠢懈ｸ・竊・譛ｪ蟇ｾ蠢・ false[32m 0[2mms[22m[39m
 [32m笨・[39m src/features/handoff/__tests__/handoffActions.spec.ts[2m > [22mshouldShowWorkflowActions[2m > [22mnormal 繝｢繝ｼ繝峨〒縺ｯ蟶ｸ縺ｫ false[32m 1[2mms[22m[39m
 [32m笨・[39m src/features/handoff/__tests__/handoffActions.spec.ts[2m > [22mshouldShowWorkflowActions[2m > [22mevening 繝｢繝ｼ繝峨〒髱樒ｵらｫｯ繧ｹ繝・・繧ｿ繧ｹ縺ｪ繧・true・域・譌･縺ｸ謖∬ｶ翫ｒ髯､縺擾ｼ・[32m 1[2mms[22m[39m
 [32m笨・[39m src/features/handoff/__tests__/handoffActions.spec.ts[2m > [22mshouldShowWorkflowActions[2m > [22mevening 繝｢繝ｼ繝峨〒譏取律縺ｸ謖∬ｶ翫・ false・亥､穂ｼ壹〒縺ｯ謫堺ｽ應ｸ榊庄・・[32m 1[2mms[22m[39m
 [32m笨・[39m src/features/handoff/__tests__/handoffActions.spec.ts[2m > [22mshouldShowWorkflowActions[2m > [22mevening 繝｢繝ｼ繝峨〒邨らｫｯ繧ｹ繝・・繧ｿ繧ｹ縺ｯ false[32m 1[2mms[22m[39m
 [32m笨・[39m src/features/handoff/__tests__/handoffActions.spec.ts[2m > [22mshouldShowWorkflowActions[2m > [22mmorning 繝｢繝ｼ繝峨〒髱樒ｵらｫｯ繧ｹ繝・・繧ｿ繧ｹ縺ｪ繧・true[32m 1[2mms[22m[39m
 [32m笨・[39m src/features/handoff/__tests__/handoffActions.spec.ts[2m > [22mshouldShowWorkflowActions[2m > [22mmorning 繝｢繝ｼ繝峨〒邨らｫｯ繧ｹ繝・・繧ｿ繧ｹ縺ｯ false[32m 0[2mms[22m[39m
 [32m笨・[39m src/features/handoff/__tests__/handoffActions.spec.ts[2m > [22mhandoffStateMachine 縺ｨ縺ｮ荳閾ｴ諤ｧ[2m > [22mgetAvailableActionButtons 縺ｮ key 縺ｯ getAllowedActions 縺ｮ繧ｵ繝悶そ繝・ヨ縺ｧ縲・・ｺ上′荳閾ｴ縺吶ｋ[32m 2[2mms[22m[39m
 [32m笨・[39m src/features/handoff/__tests__/handoffActions.spec.ts[2m > [22mhandoffStateMachine 縺ｨ縺ｮ荳閾ｴ諤ｧ[2m > [22mcanTransition 縺ｯ getAllowedActions 縺ｨ螳悟・縺ｫ荳閾ｴ縺吶ｋ[32m 33[2mms[22m[39m
 [32m笨・[39m src/components/RequireAudience.spec.tsx[2m > [22mRequireAudience Component[2m > [22m1. 騾壼ｸｸ譛ｪ繝ｭ繧ｰ繧､繝ｳ: webdriver=false, authReady=false -> "繝ｭ繧ｰ繧､繝ｳ繧堤｢ｺ隱堺ｸｭ..." 縺ｨ縺ｪ繧翫・螟夜Κ縺ｮProtectedRoute縺瑚ｪ伜ｰ弱☆繧九・繧貞ｾ・ｩ溘☆繧・[32m 46[2mms[22m[39m
 [32m笨・[39m src/components/RequireAudience.spec.tsx[2m > [22mRequireAudience Component[2m > [22m2. 閾ｪ蜍募喧繝舌う繝代せ譎・ webdriver=true 遲峨↑繧峨∵悴繝ｭ繧ｰ繧､繝ｳ縺ｧ繧る壹☆ (繝・ャ繝峨Ο繝・け蝗樣∩)[32m 5[2mms[22m[39m
 [32m笨・[39m src/components/RequireAudience.spec.tsx[2m > [22mRequireAudience Component[2m > [22m3. 繝ｭ繧ｰ繧､繝ｳ貂医∩騾壼ｸｸ迺ｰ蠅・ authReady=true -> 騾壹☆[32m 37[2mms[22m[39m
 [32m笨・[39m tests/unit/ui.formField.spec.tsx[2m > [22mFormField[2m > [22mrenders required indicator and hint with custom classes[32m 48[2mms[22m[39m
 [32m笨・[39m tests/unit/ui.formField.spec.tsx[2m > [22mFormField[2m > [22momits required indicator and hint when not provided[32m 25[2mms[22m[39m
 [32m笨・[39m src/domain/timeline/__tests__/buildTimeline.spec.ts[2m > [22mbuildTimeline[2m > [22m遨ｺ繧ｽ繝ｼ繧ｹ縺ｪ繧臥ｩｺ驟榊・[32m 7[2mms[22m[39m
 [32m笨・[39m src/domain/timeline/__tests__/buildTimeline.spec.ts[2m > [22mbuildTimeline[2m > [22m蜈ｨ繝峨Γ繧､繝ｳ繧堤ｵ仙粋縺励※繧､繝吶Φ繝域焚縺梧ｭ｣縺励＞[32m 4[2mms[22m[39m
 [32m笨・[39m src/domain/timeline/__tests__/buildTimeline.spec.ts[2m > [22mbuildTimeline[2m > [22moccurredAt 髯埼・↓繧ｽ繝ｼ繝医＆繧後ｋ[32m 1[2mms[22m[39m
 [32m笨・[39m src/domain/timeline/__tests__/buildTimeline.spec.ts[2m > [22mbuildTimeline[2m > [22mresolver 縺・null 繧定ｿ斐＠縺・Handoff 縺ｯ髯､螟悶＆繧後ｋ[32m 1[2mms[22m[39m
 [32m笨・[39m src/domain/timeline/__tests__/buildTimeline.spec.ts[2m > [22mbuildTimeline[2m > [22mresolver 逵∫払譎ゅ・ identity 縺ｨ縺励※蜍穂ｽ・[32m 2[2mms[22m[39m
 [32m笨・[39m src/domain/timeline/__tests__/buildTimeline.spec.ts[2m > [22mbuildTimeline[2m > [22mfilter.sources 縺ｧ迚ｹ螳壹ラ繝｡繧､繝ｳ縺ｮ縺ｿ蜿門ｾ・[32m 1[2mms[22m[39m
 [32m笨・[39m src/domain/timeline/__tests__/buildTimeline.spec.ts[2m > [22mbuildTimeline[2m > [22mfilter.from 縺ｧ髢句ｧ区律莉･髯阪・縺ｿ蜿門ｾ・[32m 1[2mms[22m[39m
 [32m笨・[39m src/domain/timeline/__tests__/buildTimeline.spec.ts[2m > [22mbuildTimeline[2m > [22mfilter.to 縺ｧ邨ゆｺ・律莉･蜑阪・縺ｿ蜿門ｾ・[32m 1[2mms[22m[39m
 [32m笨・[39m src/domain/timeline/__tests__/buildTimeline.spec.ts[2m > [22mbuildTimeline[2m > [22mfilter.severity 縺ｧ謖・ｮ壻ｻ･荳翫・縺ｿ蜿門ｾ・[32m 2[2mms[22m[39m
 [32m笨・[39m src/domain/timeline/__tests__/buildTimeline.spec.ts[2m > [22mbuildTimeline[2m > [22mfilter.severity=critical 縺ｪ繧・critical 縺ｮ縺ｿ[32m 2[2mms[22m[39m
 [32m笨・[39m src/domain/timeline/__tests__/buildTimeline.spec.ts[2m > [22mbuildTimeline[2m > [22m隍・焚繝輔ぅ繝ｫ繧ｿ繧貞酔譎る←逕ｨ[32m 3[2mms[22m[39m
 [32m笨・[39m tests/rtl/DataLayerGuard.test.tsx[2m > [22mDataLayerGuard Component[2m > [22mshould render connecting UI when provider is not ready (null)[32m 84[2mms[22m[39m
 [32m笨・[39m tests/rtl/DataLayerGuard.test.tsx[2m > [22mDataLayerGuard Component[2m > [22mshould render children when provider is ready[32m 18[2mms[22m[39m
[90mstdout[2m | src/auth/__tests__/azureMsal.spec.ts[2m > [22m[2mazureMsal[2m > [22m[2mgetPcaSingleton[2m > [22m[2mcreates a PCA instance with msalConfig
[22m[39m[msal] singleton instance created, initialized, and cached

[90mstdout[2m | src/auth/__tests__/azureMsal.spec.ts[2m > [22m[2mazureMsal[2m > [22m[2mgetPcaSingleton[2m > [22m[2mcalls initialize() on the PCA instance
[22m[39m[msal] singleton instance created, initialized, and cached

[90mstdout[2m | src/auth/__tests__/azureMsal.spec.ts[2m > [22m[2mazureMsal[2m > [22m[2mgetPcaSingleton[2m > [22m[2mcaches the PCA in globalThis.__MSAL_PUBLIC_CLIENT__
[22m[39m[msal] singleton instance created, initialized, and cached

[90mstdout[2m | src/auth/__tests__/azureMsal.spec.ts[2m > [22m[2mazureMsal[2m > [22m[2mgetPcaSingleton[2m > [22m[2mreturns the same instance on subsequent calls (singleton)
[22m[39m[msal] singleton instance created, initialized, and cached

[90mstdout[2m | src/auth/__tests__/azureMsal.spec.ts[2m > [22m[2mazureMsal[2m > [22m[2mgetPcaSingleton[2m > [22m[2mincrements __pcaCreateCount
[22m[39m[msal] singleton instance created, initialized, and cached

[90mstdout[2m | src/auth/__tests__/azureMsal.spec.ts[2m > [22m[2mazureMsal[2m > [22m[2mgetPcaOrNull[2m > [22m[2mreturns the PCA instance after getPcaSingleton
[22m[39m[msal] singleton instance created, initialized, and cached

 [32m笨・[39m src/auth/__tests__/azureMsal.spec.ts[2m > [22mazureMsal[2m > [22mloadMsalBrowser[2m > [22mreturns PublicClientApplication and EventType from dynamic import[32m 11[2mms[22m[39m
 [32m笨・[39m src/auth/__tests__/azureMsal.spec.ts[2m > [22mazureMsal[2m > [22mgetPcaSingleton[2m > [22mcreates a PCA instance with msalConfig[32m 8[2mms[22m[39m
 [32m笨・[39m src/auth/__tests__/azureMsal.spec.ts[2m > [22mazureMsal[2m > [22mgetPcaSingleton[2m > [22mcalls initialize() on the PCA instance[32m 5[2mms[22m[39m
 [32m笨・[39m src/auth/__tests__/azureMsal.spec.ts[2m > [22mazureMsal[2m > [22mgetPcaSingleton[2m > [22mcaches the PCA in globalThis.__MSAL_PUBLIC_CLIENT__[32m 4[2mms[22m[39m
 [32m笨・[39m src/auth/__tests__/azureMsal.spec.ts[2m > [22mazureMsal[2m > [22mgetPcaSingleton[2m > [22mreturns the same instance on subsequent calls (singleton)[32m 4[2mms[22m[39m
 [32m笨・[39m src/auth/__tests__/azureMsal.spec.ts[2m > [22mazureMsal[2m > [22mgetPcaSingleton[2m > [22mincrements __pcaCreateCount[32m 5[2mms[22m[39m
 [32m笨・[39m src/auth/__tests__/azureMsal.spec.ts[2m > [22mazureMsal[2m > [22mgetPcaOrNull[2m > [22mreturns null when no PCA has been created[32m 4[2mms[22m[39m
 [32m笨・[39m src/auth/__tests__/azureMsal.spec.ts[2m > [22mazureMsal[2m > [22mgetPcaOrNull[2m > [22mreturns the PCA instance after getPcaSingleton[32m 7[2mms[22m[39m
 [32m笨・[39m src/auth/__tests__/azureMsal.spec.ts[2m > [22mazureMsal[2m > [22mgetPcaOrNull[2m > [22mfalls back to globalThis.__MSAL_PUBLIC_CLIENT__[32m 4[2mms[22m[39m
 [32m笨・[39m src/features/org/store.spec.ts[2m > [22museOrgStore: Guard -1 Contract[2m > [22mdoes not call SharePoint listItems when shouldSkipSharePoint() is true[32m 26[2mms[22m[39m
 [32m笨・[39m src/features/org/store.spec.ts[2m > [22museOrgStore: Guard -1 Contract[2m > [22mdoes not create in-flight promise when shouldSkipSharePoint() is true[32m 16[2mms[22m[39m
 [32m笨・[39m src/features/org/store.spec.ts[2m > [22museOrgStore: Guard -1 Contract[2m > [22mcalling refresh() does not trigger SharePoint when shouldSkipSharePoint() is true[32m 17[2mms[22m[39m
 [32m笨・[39m src/features/org/store.spec.ts[2m > [22museOrgStore: Guard -1 Contract[2m > [22msets loadedOnce=true immediately when shouldSkipSharePoint() is true[32m 16[2mms[22m[39m
[90mstdout[2m | src/auth/__tests__/MsalProvider.spec.tsx[2m > [22m[2mMsalProvider[2m > [22m[2mMsalProvider rendering[2m > [22m[2mrenders children in Vitest/mock mode
[22m[39m[msal] bridge state { authReady: [33mfalse[39m, inProgress: [32m'none'[39m, accounts: [33m0[39m }

[90mstdout[2m | src/auth/__tests__/MsalProvider.spec.tsx[2m > [22m[2mMsalProvider[2m > [22m[2mMsalProvider rendering[2m > [22m[2mrenders multiple children
[22m[39m[msal] bridge state { authReady: [33mfalse[39m, inProgress: [32m'none'[39m, accounts: [33m0[39m }

 [32m笨・[39m src/auth/__tests__/MsalProvider.spec.tsx[2m > [22mMsalProvider[2m > [22m__msalContextMock[2m > [22mis defined in Vitest environment[32m 4[2mms[22m[39m
 [32m笨・[39m src/auth/__tests__/MsalProvider.spec.tsx[2m > [22mMsalProvider[2m > [22m__msalContextMock[2m > [22mhas a useMsalContext mock function[32m 1[2mms[22m[39m
 [32m笨・[39m src/auth/__tests__/MsalProvider.spec.tsx[2m > [22mMsalProvider[2m > [22m__msalContextMock[2m > [22mreturns default mock values from useMsalContext[32m 2[2mms[22m[39m
 [32m笨・[39m src/auth/__tests__/MsalProvider.spec.tsx[2m > [22mMsalProvider[2m > [22m__msalContextMock[2m > [22mmock instance has required methods[32m 1[2mms[22m[39m
 [32m笨・[39m src/auth/__tests__/MsalProvider.spec.tsx[2m > [22mMsalProvider[2m > [22m__msalContextMock[2m > [22mmock instance methods return safe defaults[32m 1[2mms[22m[39m
 [32m笨・[39m src/auth/__tests__/MsalProvider.spec.tsx[2m > [22mMsalProvider[2m > [22museMsalContext (Vitest mode)[2m > [22mreturns the mock context in Vitest environment[32m 1[2mms[22m[39m
 [32m笨・[39m src/auth/__tests__/MsalProvider.spec.tsx[2m > [22mMsalProvider[2m > [22museMsalContext (Vitest mode)[2m > [22mcan be overridden via __msalContextMock for testing[32m 2[2mms[22m[39m
 [32m笨・[39m src/auth/__tests__/MsalProvider.spec.tsx[2m > [22mMsalProvider[2m > [22mMsalProvider rendering[2m > [22mrenders children in Vitest/mock mode[32m 44[2mms[22m[39m
 [32m笨・[39m src/auth/__tests__/MsalProvider.spec.tsx[2m > [22mMsalProvider[2m > [22mMsalProvider rendering[2m > [22mrenders multiple children[32m 8[2mms[22m[39m
 [32m笨・[39m tests/unit/setupNurse.flags.spec.ts[2m > [22msetupNurseFlags[2m > [22mdefaults to utc when env is not set[32m 130[2mms[22m[39m
 [32m笨・[39m tests/unit/setupNurse.flags.spec.ts[2m > [22msetupNurseFlags[2m > [22mpasses through the local basis when env is set to local[32m 2[2mms[22m[39m
[90mstdout[2m | tests/unit/app.SchedulesGate.spec.tsx[2m > [22m[2mSchedulesGate[2m > [22m[2mredirects when schedules feature is disabled and path matches schedule routes
[22m[39m[SchedulesGate] Blocking access to schedule path: /schedule

[90mstdout[2m | tests/unit/app.SchedulesGate.spec.tsx[2m > [22m[2mSchedulesGate[2m > [22m[2mredirects when nested schedules route is accessed without flag
[22m[39m[SchedulesGate] Blocking access to schedule path: /schedules/list

[90mstdout[2m | tests/unit/app.SchedulesGate.spec.tsx[2m > [22m[2mSchedulesGate[2m > [22m[2mrenders children when schedules flag is enabled
[22m[39m[SchedulesGate] Allowing access to path: /schedules/list

[90mstdout[2m | tests/unit/app.SchedulesGate.spec.tsx[2m > [22m[2mSchedulesGate[2m > [22m[2mrenders children when schedules flag is disabled but route does not match
[22m[39m[SchedulesGate] Allowing access to path: /reports

 [32m笨・[39m tests/unit/app.SchedulesGate.spec.tsx[2m > [22mSchedulesGate[2m > [22mredirects when schedules feature is disabled and path matches schedule routes[32m 42[2mms[22m[39m
 [32m笨・[39m tests/unit/app.SchedulesGate.spec.tsx[2m > [22mSchedulesGate[2m > [22mredirects when nested schedules route is accessed without flag[32m 35[2mms[22m[39m
 [32m笨・[39m tests/unit/app.SchedulesGate.spec.tsx[2m > [22mSchedulesGate[2m > [22mrenders children when schedules flag is enabled[32m 16[2mms[22m[39m
 [32m笨・[39m tests/unit/app.SchedulesGate.spec.tsx[2m > [22mSchedulesGate[2m > [22mrenders children when schedules flag is disabled but route does not match[32m 10[2mms[22m[39m
 [32m笨・[39m tests/unit/dateFormat.spec.ts[2m > [22mtoSafeDate[2m > [22mreturns Date for valid Date input[32m 5[2mms[22m[39m
 [32m笨・[39m tests/unit/dateFormat.spec.ts[2m > [22mtoSafeDate[2m > [22mreturns null for invalid Date input[32m 1[2mms[22m[39m
 [32m笨・[39m tests/unit/dateFormat.spec.ts[2m > [22mtoSafeDate[2m > [22mreturns Date for valid ISO string[32m 1[2mms[22m[39m
 [32m笨・[39m tests/unit/dateFormat.spec.ts[2m > [22mtoSafeDate[2m > [22mreturns Date for date-only string[32m 1[2mms[22m[39m
 [32m笨・[39m tests/unit/dateFormat.spec.ts[2m > [22mtoSafeDate[2m > [22mreturns Date for timestamp number[32m 1[2mms[22m[39m
 [32m笨・[39m tests/unit/dateFormat.spec.ts[2m > [22mtoSafeDate[2m > [22mreturns null for null[32m 1[2mms[22m[39m
 [32m笨・[39m tests/unit/dateFormat.spec.ts[2m > [22mtoSafeDate[2m > [22mreturns null for undefined[32m 1[2mms[22m[39m
 [32m笨・[39m tests/unit/dateFormat.spec.ts[2m > [22mtoSafeDate[2m > [22mreturns null for empty string[32m 1[2mms[22m[39m
 [32m笨・[39m tests/unit/dateFormat.spec.ts[2m > [22mtoSafeDate[2m > [22mreturns null for whitespace-only string[32m 1[2mms[22m[39m
 [32m笨・[39m tests/unit/dateFormat.spec.ts[2m > [22mtoSafeDate[2m > [22mreturns null for invalid string[32m 1[2mms[22m[39m
 [32m笨・[39m tests/unit/dateFormat.spec.ts[2m > [22mtoSafeDate[2m > [22mreturns null for NaN number[32m 1[2mms[22m[39m
 [32m笨・[39m tests/unit/dateFormat.spec.ts[2m > [22mformatDateYmd[2m > [22mformats Date object correctly[32m 1[2mms[22m[39m
 [32m笨・[39m tests/unit/dateFormat.spec.ts[2m > [22mformatDateYmd[2m > [22mpads single-digit month and day[32m 1[2mms[22m[39m
 [32m笨・[39m tests/unit/dateFormat.spec.ts[2m > [22mformatDateYmd[2m > [22mformats ISO string input[32m 1[2mms[22m[39m
 [32m笨・[39m tests/unit/dateFormat.spec.ts[2m > [22mformatDateYmd[2m > [22mformats timestamp input[32m 1[2mms[22m[39m
 [32m笨・[39m tests/unit/dateFormat.spec.ts[2m > [22mformatDateYmd[2m > [22mreturns empty string for null by default[32m 1[2mms[22m[39m
 [32m笨・[39m tests/unit/dateFormat.spec.ts[2m > [22mformatDateYmd[2m > [22mreturns empty string for undefined by default[32m 1[2mms[22m[39m
 [32m笨・[39m tests/unit/dateFormat.spec.ts[2m > [22mformatDateYmd[2m > [22mreturns custom fallback for null[32m 1[2mms[22m[39m
 [32m笨・[39m tests/unit/dateFormat.spec.ts[2m > [22mformatDateYmd[2m > [22mreturns custom fallback for invalid string[32m 1[2mms[22m[39m
 [32m笨・[39m tests/unit/dateFormat.spec.ts[2m > [22mformatDateYmd[2m > [22mreturns empty string for empty string input[32m 1[2mms[22m[39m
 [32m笨・[39m tests/unit/dateFormat.spec.ts[2m > [22mformatDateJapanese[2m > [22mformats Date object correctly[32m 1[2mms[22m[39m
 [32m笨・[39m tests/unit/dateFormat.spec.ts[2m > [22mformatDateJapanese[2m > [22mformats single-digit month without padding[32m 1[2mms[22m[39m
 [32m笨・[39m tests/unit/dateFormat.spec.ts[2m > [22mformatDateJapanese[2m > [22mformats double-digit month correctly[32m 1[2mms[22m[39m
 [32m笨・[39m tests/unit/dateFormat.spec.ts[2m > [22mformatDateJapanese[2m > [22mformats ISO string input[32m 1[2mms[22m[39m
 [32m笨・[39m tests/unit/dateFormat.spec.ts[2m > [22mformatDateJapanese[2m > [22mformats timestamp input[32m 1[2mms[22m[39m
 [32m笨・[39m tests/unit/dateFormat.spec.ts[2m > [22mformatDateJapanese[2m > [22mreturns empty string for null by default[32m 1[2mms[22m[39m
 [32m笨・[39m tests/unit/dateFormat.spec.ts[2m > [22mformatDateJapanese[2m > [22mreturns custom fallback for null[32m 2[2mms[22m[39m
 [32m笨・[39m tests/unit/dateFormat.spec.ts[2m > [22mformatDateJapanese[2m > [22mreturns custom fallback for undefined[32m 1[2mms[22m[39m
 [32m笨・[39m tests/unit/dateFormat.spec.ts[2m > [22mformatDateJapanese[2m > [22mreturns fallback for invalid string[32m 1[2mms[22m[39m
 [32m笨・[39m tests/unit/dateFormat.spec.ts[2m > [22mformatDateTimeYmdHm[2m > [22mformats Date object with time correctly[32m 1[2mms[22m[39m
 [32m笨・[39m tests/unit/dateFormat.spec.ts[2m > [22mformatDateTimeYmdHm[2m > [22mformats midnight correctly[32m 1[2mms[22m[39m
 [32m笨・[39m tests/unit/dateFormat.spec.ts[2m > [22mformatDateTimeYmdHm[2m > [22mformats 23:59 correctly[32m 1[2mms[22m[39m
 [32m笨・[39m tests/unit/dateFormat.spec.ts[2m > [22mformatDateTimeYmdHm[2m > [22mformats ISO string input[32m 1[2mms[22m[39m
 [32m笨・[39m tests/unit/dateFormat.spec.ts[2m > [22mformatDateTimeYmdHm[2m > [22mformats timestamp input[32m 1[2mms[22m[39m
 [32m笨・[39m tests/unit/dateFormat.spec.ts[2m > [22mformatDateTimeYmdHm[2m > [22mreturns empty string for null[32m 1[2mms[22m[39m
 [32m笨・[39m tests/unit/dateFormat.spec.ts[2m > [22mformatDateTimeYmdHm[2m > [22mreturns custom fallback for undefined[32m 1[2mms[22m[39m
 [32m笨・[39m tests/unit/dateFormat.spec.ts[2m > [22mformatDateTimeYmdHm[2m > [22mreturns fallback for invalid string[32m 1[2mms[22m[39m
 [32m笨・[39m tests/unit/dateFormat.spec.ts[2m > [22mformatDateTimeIntl[2m > [22mformats Date using default options[32m 1[2mms[22m[39m
 [32m笨・[39m tests/unit/dateFormat.spec.ts[2m > [22mformatDateTimeIntl[2m > [22mformats with custom options[32m 1[2mms[22m[39m
 [32m笨・[39m tests/unit/dateFormat.spec.ts[2m > [22mformatDateTimeIntl[2m > [22mreturns empty string for null[32m 1[2mms[22m[39m
 [32m笨・[39m tests/unit/dateFormat.spec.ts[2m > [22mformatDateTimeIntl[2m > [22mreturns custom fallback for undefined[32m 1[2mms[22m[39m
 [32m笨・[39m tests/unit/dateFormat.spec.ts[2m > [22mformatDateTimeIntl[2m > [22mreturns fallback for invalid string[32m 0[2mms[22m[39m
 [32m笨・[39m tests/unit/dateFormat.spec.ts[2m > [22msafeFormatDate[2m > [22mapplies custom formatter to valid input[32m 1[2mms[22m[39m
 [32m笨・[39m tests/unit/dateFormat.spec.ts[2m > [22msafeFormatDate[2m > [22mreturns fallback for null input[32m 0[2mms[22m[39m
 [32m笨・[39m tests/unit/dateFormat.spec.ts[2m > [22msafeFormatDate[2m > [22mreturns fallback for undefined input[32m 0[2mms[22m[39m
 [32m笨・[39m tests/unit/dateFormat.spec.ts[2m > [22msafeFormatDate[2m > [22mreturns fallback for invalid string input[32m 0[2mms[22m[39m
 [32m笨・[39m tests/unit/dateFormat.spec.ts[2m > [22msafeFormatDate[2m > [22mreturns fallback when formatter throws[32m 1[2mms[22m[39m
 [32m笨・[39m tests/unit/dateFormat.spec.ts[2m > [22msafeFormatDate[2m > [22mreturns empty string by default when input is null[32m 1[2mms[22m[39m
 [32m笨・[39m tests/unit/dateFormat.spec.ts[2m > [22msafeFormatDate[2m > [22mworks with Date input[32m 1[2mms[22m[39m
 [32m笨・[39m tests/unit/dateFormat.spec.ts[2m > [22msafeFormatDate[2m > [22mworks with timestamp input[32m 1[2mms[22m[39m
 [32m笨・[39m tests/unit/dateFormat.spec.ts[2m > [22mformatDateIso[2m > [22mformats Date object correctly[32m 1[2mms[22m[39m
 [32m笨・[39m tests/unit/dateFormat.spec.ts[2m > [22mformatDateIso[2m > [22mpads single-digit month and day[32m 1[2mms[22m[39m
 [32m笨・[39m tests/unit/dateFormat.spec.ts[2m > [22mformatDateIso[2m > [22mformats timestamp input[32m 1[2mms[22m[39m
 [32m笨・[39m tests/unit/dateFormat.spec.ts[2m > [22mformatDateIso[2m > [22mreturns empty string for null[32m 1[2mms[22m[39m
 [32m笨・[39m tests/unit/dateFormat.spec.ts[2m > [22mformatDateIso[2m > [22mreturns custom fallback for undefined[32m 1[2mms[22m[39m
 [32m笨・[39m tests/unit/dateFormat.spec.ts[2m > [22mformatDateIso[2m > [22mreturns empty string for empty string input[32m 1[2mms[22m[39m
 [32m笨・[39m tests/unit/dateFormat.spec.ts[2m > [22mformatDateIso[2m > [22mreturns fallback for invalid string[32m 1[2mms[22m[39m
 [32m笨・[39m tests/unit/dateFormat.spec.ts[2m > [22mformatDateIso[2m > [22muses local timezone, not UTC[32m 1[2mms[22m[39m
 [32m笨・[39m tests/unit/dateFormat.spec.ts[2m > [22mformatRelativeTime[2m > [22m< 1 minute 竊・縺溘▲縺滉ｻ・[32m 1[2mms[22m[39m
 [32m笨・[39m tests/unit/dateFormat.spec.ts[2m > [22mformatRelativeTime[2m > [22m< 1 hour 竊・N蛻・燕[32m 1[2mms[22m[39m
 [32m笨・[39m tests/unit/dateFormat.spec.ts[2m > [22mformatRelativeTime[2m > [22m< 24 hours 竊・N譎る俣蜑・[32m 1[2mms[22m[39m
 [32m笨・[39m tests/unit/dateFormat.spec.ts[2m > [22mformatRelativeTime[2m > [22m< 7 days 竊・N譌･蜑・[32m 1[2mms[22m[39m
 [32m笨・[39m tests/unit/dateFormat.spec.ts[2m > [22mformatRelativeTime[2m > [22m>= 7 days 竊・Intl fallback (default: month short + day)[32m 2[2mms[22m[39m
 [32m笨・[39m tests/unit/dateFormat.spec.ts[2m > [22mformatRelativeTime[2m > [22m>= 7 days 竊・custom fallback options[32m 3[2mms[22m[39m
 [32m笨・[39m tests/unit/dateFormat.spec.ts[2m > [22mformatRelativeTime[2m > [22minvalid input 竊・returns original string[32m 1[2mms[22m[39m
 [32m笨・[39m tests/unit/dateFormat.spec.ts[2m > [22mformatRelativeTime[2m > [22mboundary: exactly 1 minute 竊・1蛻・燕[32m 1[2mms[22m[39m
 [32m笨・[39m tests/unit/dateFormat.spec.ts[2m > [22mformatRelativeTime[2m > [22mboundary: exactly 1 hour 竊・1譎る俣蜑・[32m 1[2mms[22m[39m
 [32m笨・[39m tests/unit/dateFormat.spec.ts[2m > [22mformatRelativeTime[2m > [22mboundary: exactly 1 day 竊・1譌･蜑・[32m 3[2mms[22m[39m
 [32m笨・[39m src/features/settings/__tests__/useSettings.spec.ts[2m > [22museSettings[2m > [22minitializes with defaults[32m 26[2mms[22m[39m
 [32m笨・[39m src/features/settings/__tests__/useSettings.spec.ts[2m > [22museSettings[2m > [22mloads from localStorage on mount[32m 4[2mms[22m[39m
 [32m笨・[39m src/features/settings/__tests__/useSettings.spec.ts[2m > [22museSettings[2m > [22mupdates settings with partial object (object updater)[32m 4[2mms[22m[39m
 [32m笨・[39m src/features/settings/__tests__/useSettings.spec.ts[2m > [22museSettings[2m > [22mupdates settings with functional updater (prevents stale closure)[32m 4[2mms[22m[39m
 [32m笨・[39m src/features/settings/__tests__/useSettings.spec.ts[2m > [22museSettings[2m > [22mpersists updates to localStorage[32m 4[2mms[22m[39m
 [32m笨・[39m src/features/settings/__tests__/useSettings.spec.ts[2m > [22museSettings[2m > [22mresets all settings to defaults[32m 4[2mms[22m[39m
 [32m笨・[39m src/features/settings/__tests__/useSettings.spec.ts[2m > [22museSettings[2m > [22mhandles rapid sequential updates (concurrent safety)[32m 6[2mms[22m[39m
 [32m笨・[39m src/features/settings/__tests__/useSettings.spec.ts[2m > [22museSettings[2m > [22msets isLoaded flag after mount[32m 3[2mms[22m[39m
 [32m笨・[39m src/features/settings/__tests__/useSettings.spec.ts[2m > [22museSettings[2m > [22mupdateSettings is stable across renders[32m 22[2mms[22m[39m
 [32m笨・[39m src/features/daily/hooks/__tests__/useTableDailyRecordPersistence.spec.ts[2m > [22museTableDailyRecordPersistence[2m > [22m蛻晄悄迥ｶ諷・[2m > [22mopen=false 縺ｮ蝣ｴ蜷医∽ｸ区嶌縺阪ｒ隱ｭ縺ｿ霎ｼ縺ｾ縺ｪ縺・[32m 22[2mms[22m[39m
 [32m笨・[39m src/features/daily/hooks/__tests__/useTableDailyRecordPersistence.spec.ts[2m > [22museTableDailyRecordPersistence[2m > [22m蛻晄悄迥ｶ諷・[2m > [22mlocalStorage 縺檎ｩｺ縺ｮ蝣ｴ蜷医］ull 繧定ｿ斐☆[32m 4[2mms[22m[39m
 [32m笨・[39m src/features/daily/hooks/__tests__/useTableDailyRecordPersistence.spec.ts[2m > [22museTableDailyRecordPersistence[2m > [22m荳区嶌縺榊ｾｩ蜈・(open=true)[2m > [22m譛牙柑縺ｪ荳区嶌縺阪ョ繝ｼ繧ｿ繧呈ｭ｣縺励￥蠕ｩ蜈・☆繧・[32m 9[2mms[22m[39m
 [32m笨・[39m src/features/daily/hooks/__tests__/useTableDailyRecordPersistence.spec.ts[2m > [22museTableDailyRecordPersistence[2m > [22m荳区嶌縺榊ｾｩ蜈・(open=true)[2m > [22mopen 縺・false 竊・true 縺ｫ螟峨ｏ縺｣縺溘ち繧､繝溘Φ繧ｰ縺ｧ荳区嶌縺阪ｒ隱ｭ縺ｿ霎ｼ繧[32m 4[2mms[22m[39m
 [32m笨・[39m src/features/daily/hooks/__tests__/useTableDailyRecordPersistence.spec.ts[2m > [22museTableDailyRecordPersistence[2m > [22m荳区嶌縺榊ｾｩ蜈・(open=true)[2m > [22msearchQuery 縺梧ｬ謳阪＠縺ｦ縺・ｋ荳区嶌縺阪ョ繝ｼ繧ｿ繧堤ｩｺ譁・ｭ励〒陬懷ｮ後☆繧・[32m 3[2mms[22m[39m
 [32m笨・[39m src/features/daily/hooks/__tests__/useTableDailyRecordPersistence.spec.ts[2m > [22museTableDailyRecordPersistence[2m > [22m荳区嶌縺榊ｾｩ蜈・(open=true)[2m > [22mshowTodayOnly 縺梧ｬ謳阪＠縺ｦ縺・ｋ蝣ｴ蜷・true 繧偵ョ繝輔か繝ｫ繝医↓縺吶ｋ[32m 2[2mms[22m[39m
 [32m笨・[39m src/features/daily/hooks/__tests__/useTableDailyRecordPersistence.spec.ts[2m > [22museTableDailyRecordPersistence[2m > [22m荳区嶌縺榊ｾｩ蜈・(open=true)[2m > [22msavedAt 縺梧ｬ謳阪＠縺ｦ縺・ｋ蝣ｴ蜷医∫樟蝨ｨ譎ょ綾繧剃ｻ｣蜈･縺吶ｋ[32m 3[2mms[22m[39m
 [32m笨・[39m src/features/daily/hooks/__tests__/useTableDailyRecordPersistence.spec.ts[2m > [22museTableDailyRecordPersistence[2m > [22m荳肴ｭ｣繝・・繧ｿ縺ｮ繝上Φ繝峨Μ繝ｳ繧ｰ[2m > [22mformData 縺梧ｬ謳阪＠縺ｦ縺・ｋ蝣ｴ蜷医∬ｪｭ縺ｿ霎ｼ縺ｿ繧偵せ繧ｭ繝・・縺吶ｋ[32m 4[2mms[22m[39m
 [32m笨・[39m src/features/daily/hooks/__tests__/useTableDailyRecordPersistence.spec.ts[2m > [22museTableDailyRecordPersistence[2m > [22m荳肴ｭ｣繝・・繧ｿ縺ｮ繝上Φ繝峨Μ繝ｳ繧ｰ[2m > [22mselectedUserIds 縺碁・蛻励〒縺ｪ縺・ｴ蜷医∬ｪｭ縺ｿ霎ｼ縺ｿ繧偵せ繧ｭ繝・・縺吶ｋ[32m 3[2mms[22m[39m
 [32m笨・[39m src/features/daily/hooks/__tests__/useTableDailyRecordPersistence.spec.ts[2m > [22museTableDailyRecordPersistence[2m > [22m荳肴ｭ｣繝・・繧ｿ縺ｮ繝上Φ繝峨Μ繝ｳ繧ｰ[2m > [22mJSON 繝代・繧ｹ縺ｫ螟ｱ謨励☆繧倶ｸ肴ｭ｣縺ｪ譁・ｭ怜・縺ｮ蝣ｴ蜷医√お繝ｩ繝ｼ縺ｪ縺丞虚菴懊☆繧・[32m 22[2mms[22m[39m
 [32m笨・[39m src/features/daily/hooks/__tests__/useTableDailyRecordPersistence.spec.ts[2m > [22museTableDailyRecordPersistence[2m > [22m荳肴ｭ｣繝・・繧ｿ縺ｮ繝上Φ繝峨Μ繝ｳ繧ｰ[2m > [22m遨ｺ譁・ｭ怜・縺御ｿ晏ｭ倥＆繧後※縺・ｋ蝣ｴ蜷医］ull 繧定ｿ斐☆[32m 19[2mms[22m[39m
 [32m笨・[39m src/features/daily/hooks/__tests__/useTableDailyRecordPersistence.spec.ts[2m > [22museTableDailyRecordPersistence[2m > [22msaveDraft[2m > [22m荳区嶌縺阪ｒ localStorage 縺ｫ菫晏ｭ倥☆繧・[32m 3[2mms[22m[39m
 [32m笨・[39m src/features/daily/hooks/__tests__/useTableDailyRecordPersistence.spec.ts[2m > [22museTableDailyRecordPersistence[2m > [22msaveDraft[2m > [22m菫晏ｭ倥・縺溘・縺ｫ savedAt 縺梧峩譁ｰ縺輔ｌ繧・[32m 3[2mms[22m[39m
 [32m笨・[39m src/features/daily/hooks/__tests__/useTableDailyRecordPersistence.spec.ts[2m > [22museTableDailyRecordPersistence[2m > [22msaveDraft[2m > [22mlocalStorage.setItem 縺御ｾ句､悶ｒ謚輔￡縺溷ｴ蜷医√け繝ｩ繝・す繝･縺励↑縺・[32m 5[2mms[22m[39m
 [32m笨・[39m src/features/daily/hooks/__tests__/useTableDailyRecordPersistence.spec.ts[2m > [22museTableDailyRecordPersistence[2m > [22mclearDraft[2m > [22m荳区嶌縺阪ｒ localStorage 縺九ｉ蜑企勁縺吶ｋ[32m 25[2mms[22m[39m
 [32m笨・[39m src/features/daily/hooks/__tests__/useTableDailyRecordPersistence.spec.ts[2m > [22museTableDailyRecordPersistence[2m > [22mclearDraft[2m > [22m荳区嶌縺阪′蟄伜惠縺励↑縺・ｴ蜷医〒繧ゅお繝ｩ繝ｼ縺ｪ縺丞虚菴懊☆繧・[32m 7[2mms[22m[39m
 [32m笨・[39m tests/unit/users.deleteConfirm.spec.ts[2m > [22museUsersPanelCrud 窶・delete confirmation flow[2m > [22mdeleteTarget is null initially[32m 25[2mms[22m[39m
 [32m笨・[39m tests/unit/users.deleteConfirm.spec.ts[2m > [22museUsersPanelCrud 窶・delete confirmation flow[2m > [22mrequestDelete sets deleteTarget with id and userName[32m 5[2mms[22m[39m
 [32m笨・[39m tests/unit/users.deleteConfirm.spec.ts[2m > [22museUsersPanelCrud 窶・delete confirmation flow[2m > [22mcancelDelete clears deleteTarget without calling terminate[32m 5[2mms[22m[39m
 [32m笨・[39m tests/unit/users.deleteConfirm.spec.ts[2m > [22museUsersPanelCrud 窶・delete confirmation flow[2m > [22mconfirmDelete calls terminate with the target id and clears state[32m 6[2mms[22m[39m
 [32m笨・[39m tests/unit/users.deleteConfirm.spec.ts[2m > [22museUsersPanelCrud 窶・delete confirmation flow[2m > [22mconfirmDelete is a no-op when deleteTarget is null[32m 3[2mms[22m[39m
 [32m笨・[39m tests/unit/users.deleteConfirm.spec.ts[2m > [22museUsersPanelCrud 窶・delete confirmation flow[2m > [22mrequestDelete overwrites previous target[32m 5[2mms[22m[39m
 [32m笨・[39m tests/unit/users.deleteConfirm.spec.ts[2m > [22museUsersPanelCrud 窶・delete confirmation flow[2m > [22mbusyId is set during confirmDelete and cleared afterwards[32m 4[2mms[22m[39m
 [32m笨・[39m tests/unit/ui.recurrence-chip.spec.tsx[2m > [22mRecurrenceChip[2m > [22mreturns null when no metadata is provided[32m 22[2mms[22m[39m
 [32m笨・[39m tests/unit/ui.recurrence-chip.spec.tsx[2m > [22mRecurrenceChip[2m > [22mprefers the human friendly text over the rule and default label[32m 21[2mms[22m[39m
 [32m笨・[39m tests/unit/ui.recurrence-chip.spec.tsx[2m > [22mRecurrenceChip[2m > [22mfalls back to the recurrence rule before using the default label[32m 7[2mms[22m[39m
[90mstdout[2m | tests/unit/App.notifier.spec.tsx
[22m[39m[MSAL ENV] Validated successfully

 [32m笨・[39m src/features/today/hooks/useNextActionProgress.spec.ts[2m > [22museNextActionProgress[2m > [22mstarts with empty store when localStorage is empty[32m 24[2mms[22m[39m
 [32m笨・[39m src/features/today/hooks/useNextActionProgress.spec.ts[2m > [22museNextActionProgress[2m > [22mstart() sets startedAt and persists to localStorage[32m 6[2mms[22m[39m
 [32m笨・[39m src/features/today/hooks/useNextActionProgress.spec.ts[2m > [22museNextActionProgress[2m > [22mdone() sets doneAt while preserving startedAt[32m 4[2mms[22m[39m
 [32m笨・[39m src/features/today/hooks/useNextActionProgress.spec.ts[2m > [22museNextActionProgress[2m > [22mdone() without prior start() sets both timestamps[32m 3[2mms[22m[39m
 [32m笨・[39m src/features/today/hooks/useNextActionProgress.spec.ts[2m > [22museNextActionProgress[2m > [22mreset() removes the entry[32m 4[2mms[22m[39m
 [32m笨・[39m src/features/today/hooks/useNextActionProgress.spec.ts[2m > [22museNextActionProgress[2m > [22mhydrates from localStorage on mount[32m 2[2mms[22m[39m
 [32m笨・[39m src/features/today/hooks/useNextActionProgress.spec.ts[2m > [22mbuildProgressKey[2m > [22mcreates a key with date and event ID[32m 1[2mms[22m[39m
 [32m笨・[39m src/features/today/hooks/useNextActionProgress.spec.ts[2m > [22mbuildStableEventId[2m > [22mcombines id, time, and title[32m 1[2mms[22m[39m
 [32m笨・[39m tests/unit/useObsWorkspaceParams.spec.tsx[2m > [22museObsWorkspaceParams[2m > [22mnormalizes missing params[32m 35[2mms[22m[39m
 [32m笨・[39m tests/unit/useObsWorkspaceParams.spec.tsx[2m > [22museObsWorkspaceParams[2m > [22mrepairs invalid inputs[32m 6[2mms[22m[39m
 [32m笨・[39m tests/unit/useObsWorkspaceParams.spec.tsx[2m > [22museObsWorkspaceParams[2m > [22mrepairs 29 Feb on non-leap years[32m 4[2mms[22m[39m
 [32m笨・[39m tests/unit/useObsWorkspaceParams.spec.tsx[2m > [22museObsWorkspaceParams[2m > [22maccepts valid leap day[32m 5[2mms[22m[39m
[90mstdout[2m | src/features/exceptions/hooks/__tests__/useCorrectiveActionExceptions.spec.ts
[22m[39m[MSAL ENV] Validated successfully

 [32m笨・[39m src/features/transport-assignments/domain/__tests__/transportAssignmentDraft.spec.ts[2m > [22mbuildTransportAssignmentDraft[2m > [22mbuilds direction-specific draft with fixed vehicles and unassigned users[32m 11[2mms[22m[39m
 [32m笨・[39m src/features/transport-assignments/domain/__tests__/transportAssignmentDraft.spec.ts[2m > [22mbuildTransportAssignmentDraft[2m > [22mrestores attendant from notes marker[32m 3[2mms[22m[39m
 [32m笨・[39m src/features/transport-assignments/domain/__tests__/transportAssignmentDraft.spec.ts[2m > [22mbuildTransportAssignmentDraft[2m > [22mignores schedules from other dates[32m 2[2mms[22m[39m
 [32m笨・[39m src/features/transport-assignments/domain/__tests__/transportAssignmentDraft.spec.ts[2m > [22massignUserToVehicle / removeUserFromVehicle[2m > [22mmoves users between vehicle and unassigned without duplicates[32m 3[2mms[22m[39m
 [32m笨・[39m src/features/transport-assignments/domain/__tests__/transportAssignmentDraft.spec.ts[2m > [22mbuildSchedulePatchPayloads[2m > [22mbuilds update payloads only for changed rows in selected direction[32m 4[2mms[22m[39m
 [32m笨・[39m src/features/transport-assignments/domain/__tests__/transportAssignmentDraft.spec.ts[2m > [22mbuildSchedulePatchPayloads[2m > [22mreturns empty payload when draft matches current assignment[32m 3[2mms[22m[39m
 [32m笨・[39m src/features/transport-assignments/domain/__tests__/transportAssignmentDraft.spec.ts[2m > [22mbuildSchedulePatchPayloads[2m > [22mupdates notes marker when attendant changes[32m 2[2mms[22m[39m
 [32m笨・[39m src/features/transport-assignments/domain/__tests__/transportAssignmentDraft.spec.ts[2m > [22mbuildSchedulePatchPayloads[2m > [22mupdates notes marker when course changes[32m 2[2mms[22m[39m
 [32m笨・[39m src/features/transport-assignments/domain/__tests__/transportAssignmentDraft.spec.ts[2m > [22mbuildSchedulePatchPayloads[2m > [22mdoes not build payloads for schedules outside draft date[32m 2[2mms[22m[39m
 [32m笨・[39m src/features/transport-assignments/domain/__tests__/transportAssignmentDraft.spec.ts[2m > [22mapplyPreviousWeekdayDefaults[2m > [22mapplies latest same-weekday defaults to users who are unassigned on target date[32m 4[2mms[22m[39m
 [32m笨・[39m src/features/transport-assignments/domain/__tests__/transportAssignmentDraft.spec.ts[2m > [22mapplyPreviousWeekdayDefaults[2m > [22mdoes not override assignment already set on target date[32m 2[2mms[22m[39m
 [32m笨・[39m src/features/transport-assignments/domain/__tests__/transportAssignmentDraft.spec.ts[2m > [22mapplyPreviousWeekdayDefaults[2m > [22mprioritizes fixed user course over same-weekday history when course is unset[32m 2[2mms[22m[39m
 [32m笨・[39m src/features/transport-assignments/domain/__tests__/transportAssignmentDraft.spec.ts[2m > [22mapplyPreviousWeekdayDefaults[2m > [22mdoes not override course already set on target date even when fixed course exists[32m 2[2mms[22m[39m
 [32m笨・[39m src/features/transport-assignments/domain/__tests__/transportAssignmentDraft.spec.ts[2m > [22mresolveDefaultTransportCourse[2m > [22mreturns fixed course first, then history, then null[32m 5[2mms[22m[39m
 [32m笨・[39m src/features/transport-assignments/domain/__tests__/transportAssignmentDraft.spec.ts[2m > [22mhasVehicleMissingDriver[2m > [22mreturns true when riders exist but driver is missing[32m 1[2mms[22m[39m
 [32m笨・[39m src/features/transport-assignments/domain/__tests__/transportAssignmentDraft.spec.ts[2m > [22mhasVehicleMissingDriver[2m > [22mreturns false when driver is set or riders are empty[32m 1[2mms[22m[39m
 [32m笨・[39m src/features/schedules/domain/mappers/__tests__/userStatus.spec.ts[2m > [22misUserStatusServiceType[2m > [22mreturns true for "absence"[32m 4[2mms[22m[39m
 [32m笨・[39m src/features/schedules/domain/mappers/__tests__/userStatus.spec.ts[2m > [22misUserStatusServiceType[2m > [22mreturns true for "late"[32m 1[2mms[22m[39m
 [32m笨・[39m src/features/schedules/domain/mappers/__tests__/userStatus.spec.ts[2m > [22misUserStatusServiceType[2m > [22mreturns true for "earlyLeave"[32m 1[2mms[22m[39m
 [32m笨・[39m src/features/schedules/domain/mappers/__tests__/userStatus.spec.ts[2m > [22misUserStatusServiceType[2m > [22mreturns true for "preAbsence"[32m 1[2mms[22m[39m
 [32m笨・[39m src/features/schedules/domain/mappers/__tests__/userStatus.spec.ts[2m > [22misUserStatusServiceType[2m > [22mreturns false for non-status type "normal"[32m 1[2mms[22m[39m
 [32m笨・[39m src/features/schedules/domain/mappers/__tests__/userStatus.spec.ts[2m > [22misUserStatusServiceType[2m > [22mreturns false for non-status type "transport"[32m 1[2mms[22m[39m
 [32m笨・[39m src/features/schedules/domain/mappers/__tests__/userStatus.spec.ts[2m > [22misUserStatusServiceType[2m > [22mreturns false for non-status type "respite"[32m 1[2mms[22m[39m
 [32m笨・[39m src/features/schedules/domain/mappers/__tests__/userStatus.spec.ts[2m > [22misUserStatusServiceType[2m > [22mreturns false for non-status type "shortStay"[32m 1[2mms[22m[39m
 [32m笨・[39m src/features/schedules/domain/mappers/__tests__/userStatus.spec.ts[2m > [22misUserStatusServiceType[2m > [22mreturns false for non-status type "meeting"[32m 1[2mms[22m[39m
 [32m笨・[39m src/features/schedules/domain/mappers/__tests__/userStatus.spec.ts[2m > [22misUserStatusServiceType[2m > [22mreturns false for null[32m 1[2mms[22m[39m
 [32m笨・[39m src/features/schedules/domain/mappers/__tests__/userStatus.spec.ts[2m > [22misUserStatusServiceType[2m > [22mreturns false for undefined[32m 1[2mms[22m[39m
 [32m笨・[39m src/features/schedules/domain/mappers/__tests__/userStatus.spec.ts[2m > [22misUserStatusServiceType[2m > [22mreturns false for empty string[32m 1[2mms[22m[39m
 [32m笨・[39m src/features/schedules/domain/mappers/__tests__/userStatus.spec.ts[2m > [22mtoUserStatusRecord[2m > [22mconverts a schedule item with absence serviceType[32m 1[2mms[22m[39m
 [32m笨・[39m src/features/schedules/domain/mappers/__tests__/userStatus.spec.ts[2m > [22mtoUserStatusRecord[2m > [22mconverts late serviceType[32m 1[2mms[22m[39m
 [32m笨・[39m src/features/schedules/domain/mappers/__tests__/userStatus.spec.ts[2m > [22mtoUserStatusRecord[2m > [22mconverts earlyLeave serviceType[32m 0[2mms[22m[39m
 [32m笨・[39m src/features/schedules/domain/mappers/__tests__/userStatus.spec.ts[2m > [22mtoUserStatusRecord[2m > [22mconverts preAbsence serviceType[32m 1[2mms[22m[39m
 [32m笨・[39m src/features/schedules/domain/mappers/__tests__/userStatus.spec.ts[2m > [22mtoUserStatusRecord[2m > [22mreturns null for non-status serviceType[32m 1[2mms[22m[39m
 [32m笨・[39m src/features/schedules/domain/mappers/__tests__/userStatus.spec.ts[2m > [22mtoUserStatusRecord[2m > [22mreturns null when serviceType is null[32m 1[2mms[22m[39m
 [32m笨・[39m src/features/schedules/domain/mappers/__tests__/userStatus.spec.ts[2m > [22mtoUserStatusRecord[2m > [22mreturns null when userId is missing[32m 1[2mms[22m[39m
 [32m笨・[39m src/features/schedules/domain/mappers/__tests__/userStatus.spec.ts[2m > [22mtoUserStatusRecord[2m > [22mextracts date from ISO datetime start field[32m 1[2mms[22m[39m
 [32m笨・[39m src/features/schedules/domain/mappers/__tests__/userStatus.spec.ts[2m > [22mtoUserStatusRecord[2m > [22mpreserves notes as note field[32m 1[2mms[22m[39m
 [32m笨・[39m src/features/schedules/domain/mappers/__tests__/userStatus.spec.ts[2m > [22mtoUserStatusRecord[2m > [22mhandles missing userName gracefully[32m 1[2mms[22m[39m
 [32m笨・[39m src/features/schedules/domain/mappers/__tests__/userStatus.spec.ts[2m > [22mtoScheduleDraft[2m > [22mcreates a schedule draft from absence record[32m 1[2mms[22m[39m
 [32m笨・[39m src/features/schedules/domain/mappers/__tests__/userStatus.spec.ts[2m > [22mtoScheduleDraft[2m > [22mcreates a schedule draft from late record[32m 1[2mms[22m[39m
 [32m笨・[39m src/features/schedules/domain/mappers/__tests__/userStatus.spec.ts[2m > [22mtoScheduleDraft[2m > [22mcreates a schedule draft from earlyLeave record[32m 1[2mms[22m[39m
 [32m笨・[39m src/features/schedules/domain/mappers/__tests__/userStatus.spec.ts[2m > [22mtoScheduleDraft[2m > [22mcreates a schedule draft from preAbsence record[32m 1[2mms[22m[39m
 [32m笨・[39m src/features/schedules/domain/mappers/__tests__/userStatus.spec.ts[2m > [22mtoScheduleDraft[2m > [22mincludes source in notes[32m 1[2mms[22m[39m
 [32m笨・[39m src/features/schedules/domain/mappers/__tests__/userStatus.spec.ts[2m > [22mtoScheduleDraft[2m > [22mincludes handoffId in notes when present[32m 1[2mms[22m[39m
 [32m笨・[39m src/features/schedules/domain/mappers/__tests__/userStatus.spec.ts[2m > [22mtoScheduleDraft[2m > [22mincludes time in notes when present[32m 1[2mms[22m[39m
 [32m笨・[39m src/features/schedules/domain/mappers/__tests__/userStatus.spec.ts[2m > [22mtoScheduleDraft[2m > [22mincludes user note in notes[32m 0[2mms[22m[39m
 [32m笨・[39m src/features/schedules/domain/mappers/__tests__/userStatus.spec.ts[2m > [22mtoScheduleDraft[2m > [22mstatusReason contains source info[32m 0[2mms[22m[39m
 [32m笨・[39m src/features/schedules/domain/mappers/__tests__/userStatus.spec.ts[2m > [22mbuildUserStatusKey[2m > [22mgenerates a unique key from userId and date[32m 0[2mms[22m[39m
 [32m笨・[39m src/features/schedules/domain/mappers/__tests__/userStatus.spec.ts[2m > [22mbuildUserStatusKey[2m > [22mgenerates different keys for different users[32m 1[2mms[22m[39m
 [32m笨・[39m src/features/schedules/domain/mappers/__tests__/userStatus.spec.ts[2m > [22mbuildUserStatusKey[2m > [22mgenerates different keys for different dates[32m 1[2mms[22m[39m
 [32m笨・[39m src/features/schedules/domain/mappers/__tests__/userStatus.spec.ts[2m > [22mshouldReplaceExistingStatus[2m > [22mreturns true for same user and same date (same status)[32m 1[2mms[22m[39m
 [32m笨・[39m src/features/schedules/domain/mappers/__tests__/userStatus.spec.ts[2m > [22mshouldReplaceExistingStatus[2m > [22mreturns true for same user and same date (different status)[32m 0[2mms[22m[39m
 [32m笨・[39m src/features/schedules/domain/mappers/__tests__/userStatus.spec.ts[2m > [22mshouldReplaceExistingStatus[2m > [22mreturns false for different user[32m 1[2mms[22m[39m
 [32m笨・[39m src/features/schedules/domain/mappers/__tests__/userStatus.spec.ts[2m > [22mshouldReplaceExistingStatus[2m > [22mreturns false for different date[32m 1[2mms[22m[39m
 [32m笨・[39m src/features/schedules/domain/mappers/__tests__/userStatus.spec.ts[2m > [22mfindExistingUserStatus[2m > [22mfinds existing status for matching user and date[32m 2[2mms[22m[39m
 [32m笨・[39m src/features/schedules/domain/mappers/__tests__/userStatus.spec.ts[2m > [22mfindExistingUserStatus[2m > [22mreturns undefined when no status exists for user on date[32m 1[2mms[22m[39m
 [32m笨・[39m src/features/schedules/domain/mappers/__tests__/userStatus.spec.ts[2m > [22mfindExistingUserStatus[2m > [22mignores non-status serviceTypes[32m 1[2mms[22m[39m
 [32m笨・[39m src/features/schedules/domain/mappers/__tests__/userStatus.spec.ts[2m > [22mfindExistingUserStatus[2m > [22mmatches by date prefix[32m 1[2mms[22m[39m
 [32m笨・[39m src/features/schedules/domain/mappers/__tests__/userStatus.spec.ts[2m > [22mfindExistingUserStatus[2m > [22mfinds late status for different user[32m 1[2mms[22m[39m
 [32m笨・[39m src/features/schedules/domain/mappers/__tests__/userStatus.spec.ts[2m > [22msuggestStatusFromHandoffCategory[2m > [22msuggests absence for 菴楢ｪｿ category[32m 1[2mms[22m[39m
 [32m笨・[39m src/features/schedules/domain/mappers/__tests__/userStatus.spec.ts[2m > [22msuggestStatusFromHandoffCategory[2m > [22msuggests absence for 螳ｶ譌城｣邨｡ category[32m 1[2mms[22m[39m
 [32m笨・[39m src/features/schedules/domain/mappers/__tests__/userStatus.spec.ts[2m > [22msuggestStatusFromHandoffCategory[2m > [22mdefaults to late for other categories[32m 1[2mms[22m[39m
 [32m笨・[39m src/features/schedules/domain/mappers/__tests__/userStatus.spec.ts[2m > [22mUSER_STATUS_LABELS[2m > [22mhas labels for all status types[32m 1[2mms[22m[39m
 [32m笨・[39m src/features/schedules/domain/mappers/__tests__/userStatus.spec.ts[2m > [22mUSER_STATUS_LABELS[2m > [22mhas expected Japanese labels[32m 1[2mms[22m[39m
 [32m笨・[39m src/features/schedules/domain/mappers/__tests__/userStatus.spec.ts[2m > [22mround-trip conversion[2m > [22mpreserves essential fields through convert cycle for "absence"[32m 1[2mms[22m[39m
 [32m笨・[39m src/features/schedules/domain/mappers/__tests__/userStatus.spec.ts[2m > [22mround-trip conversion[2m > [22mpreserves essential fields through convert cycle for "late"[32m 1[2mms[22m[39m
 [32m笨・[39m src/features/schedules/domain/mappers/__tests__/userStatus.spec.ts[2m > [22mround-trip conversion[2m > [22mpreserves essential fields through convert cycle for "earlyLeave"[32m 1[2mms[22m[39m
 [32m笨・[39m src/features/schedules/domain/mappers/__tests__/userStatus.spec.ts[2m > [22mround-trip conversion[2m > [22mpreserves essential fields through convert cycle for "preAbsence"[32m 1[2mms[22m[39m
 [32m笨・[39m src/features/schedules/domain/mappers/__tests__/userStatus.spec.ts[2m > [22mresolveAbsenceType[2m > [22mkeeps absence as absence for today[32m 1[2mms[22m[39m
 [32m笨・[39m src/features/schedules/domain/mappers/__tests__/userStatus.spec.ts[2m > [22mresolveAbsenceType[2m > [22mconverts absence to preAbsence for future date[32m 1[2mms[22m[39m
 [32m笨・[39m src/features/schedules/domain/mappers/__tests__/userStatus.spec.ts[2m > [22mresolveAbsenceType[2m > [22mconverts preAbsence back to absence for today[32m 1[2mms[22m[39m
 [32m笨・[39m src/features/schedules/domain/mappers/__tests__/userStatus.spec.ts[2m > [22mresolveAbsenceType[2m > [22mkeeps preAbsence for future date[32m 1[2mms[22m[39m
 [32m笨・[39m src/features/schedules/domain/mappers/__tests__/userStatus.spec.ts[2m > [22mresolveAbsenceType[2m > [22mdoes not change late regardless of date[32m 1[2mms[22m[39m
 [32m笨・[39m src/features/schedules/domain/mappers/__tests__/userStatus.spec.ts[2m > [22mresolveAbsenceType[2m > [22mdoes not change earlyLeave regardless of date[32m 1[2mms[22m[39m
 [32m笨・[39m src/features/schedules/domain/mappers/__tests__/userStatus.spec.ts[2m > [22mtoAttendanceStatus[2m > [22mmaps absence to 蠖捺律谺蟶ｭ[32m 1[2mms[22m[39m
 [32m笨・[39m src/features/schedules/domain/mappers/__tests__/userStatus.spec.ts[2m > [22mtoAttendanceStatus[2m > [22mmaps preAbsence to 莠句燕谺蟶ｭ[32m 0[2mms[22m[39m
 [32m笨・[39m src/features/schedules/domain/mappers/__tests__/userStatus.spec.ts[2m > [22mtoAttendanceStatus[2m > [22mreturns null for late (no Attendance write needed)[32m 0[2mms[22m[39m
 [32m笨・[39m src/features/schedules/domain/mappers/__tests__/userStatus.spec.ts[2m > [22mtoAttendanceStatus[2m > [22mreturns null for earlyLeave (no Attendance write needed)[32m 0[2mms[22m[39m
 [32m笨・[39m src/features/schedules/domain/mappers/__tests__/userStatus.spec.ts[2m > [22mvalidateTargetDate[2m > [22mreturns null for today (valid)[32m 1[2mms[22m[39m
 [32m笨・[39m src/features/schedules/domain/mappers/__tests__/userStatus.spec.ts[2m > [22mvalidateTargetDate[2m > [22mreturns null for tomorrow (valid)[32m 1[2mms[22m[39m
 [32m笨・[39m src/features/schedules/domain/mappers/__tests__/userStatus.spec.ts[2m > [22mvalidateTargetDate[2m > [22mreturns null for 31 days ahead (valid, boundary)[32m 1[2mms[22m[39m
 [32m笨・[39m src/features/schedules/domain/mappers/__tests__/userStatus.spec.ts[2m > [22mvalidateTargetDate[2m > [22mreturns error for past date[32m 1[2mms[22m[39m
 [32m笨・[39m src/features/schedules/domain/mappers/__tests__/userStatus.spec.ts[2m > [22mvalidateTargetDate[2m > [22mreturns error for date beyond max future days[32m 1[2mms[22m[39m
 [32m笨・[39m src/features/schedules/domain/mappers/__tests__/userStatus.spec.ts[2m > [22mvalidateTargetDate[2m > [22mrespects custom maxFutureDays[32m 1[2mms[22m[39m
 [32m笨・[39m src/features/meeting-minutes/sp/__tests__/localStorageRepository.spec.ts[2m > [22mcreateLocalStorageMeetingMinutesRepository[2m > [22m蛻晄悄迥ｶ諷・[2m > [22mshould return empty array when localStorage is empty[32m 5[2mms[22m[39m
 [32m笨・[39m src/features/meeting-minutes/sp/__tests__/localStorageRepository.spec.ts[2m > [22mcreateLocalStorageMeetingMinutesRepository[2m > [22m蛻晄悄迥ｶ諷・[2m > [22mshould return empty array when localStorage key is missing[32m 1[2mms[22m[39m
 [32m笨・[39m src/features/meeting-minutes/sp/__tests__/localStorageRepository.spec.ts[2m > [22mcreateLocalStorageMeetingMinutesRepository[2m > [22m蛻晄悄迥ｶ諷・[2m > [22mshould return empty array when localStorage value is invalid JSON[32m 1[2mms[22m[39m
 [32m笨・[39m src/features/meeting-minutes/sp/__tests__/localStorageRepository.spec.ts[2m > [22mcreateLocalStorageMeetingMinutesRepository[2m > [22m蛻晄悄迥ｶ諷・[2m > [22mshould return empty array when localStorage value is null string[32m 1[2mms[22m[39m
 [32m笨・[39m src/features/meeting-minutes/sp/__tests__/localStorageRepository.spec.ts[2m > [22mcreateLocalStorageMeetingMinutesRepository[2m > [22mcreate[2m > [22mshould assign id=1 when storage is empty[32m 1[2mms[22m[39m
 [32m笨・[39m src/features/meeting-minutes/sp/__tests__/localStorageRepository.spec.ts[2m > [22mcreateLocalStorageMeetingMinutesRepository[2m > [22mcreate[2m > [22mshould assign nextId = max(id) + 1[32m 1[2mms[22m[39m
 [32m笨・[39m src/features/meeting-minutes/sp/__tests__/localStorageRepository.spec.ts[2m > [22mcreateLocalStorageMeetingMinutesRepository[2m > [22mcreate[2m > [22mshould persist item to localStorage[32m 2[2mms[22m[39m
 [32m笨・[39m src/features/meeting-minutes/sp/__tests__/localStorageRepository.spec.ts[2m > [22mcreateLocalStorageMeetingMinutesRepository[2m > [22mcreate[2m > [22mshould set created and modified to current ISO timestamp[32m 1[2mms[22m[39m
 [32m笨・[39m src/features/meeting-minutes/sp/__tests__/localStorageRepository.spec.ts[2m > [22mcreateLocalStorageMeetingMinutesRepository[2m > [22mcreate[2m > [22mcreated items are retrievable via getById[32m 1[2mms[22m[39m
 [32m笨・[39m src/features/meeting-minutes/sp/__tests__/localStorageRepository.spec.ts[2m > [22mcreateLocalStorageMeetingMinutesRepository[2m > [22mgetById[2m > [22mshould return the item with matching id[32m 1[2mms[22m[39m
 [32m笨・[39m src/features/meeting-minutes/sp/__tests__/localStorageRepository.spec.ts[2m > [22mcreateLocalStorageMeetingMinutesRepository[2m > [22mgetById[2m > [22mshould throw when id does not exist[32m 3[2mms[22m[39m
 [32m笨・[39m src/features/meeting-minutes/sp/__tests__/localStorageRepository.spec.ts[2m > [22mcreateLocalStorageMeetingMinutesRepository[2m > [22mupdate[2m > [22mshould update only the patched fields[32m 2[2mms[22m[39m
 [32m笨・[39m src/features/meeting-minutes/sp/__tests__/localStorageRepository.spec.ts[2m > [22mcreateLocalStorageMeetingMinutesRepository[2m > [22mupdate[2m > [22mshould NOT affect other items[32m 1[2mms[22m[39m
 [32m笨・[39m src/features/meeting-minutes/sp/__tests__/localStorageRepository.spec.ts[2m > [22mcreateLocalStorageMeetingMinutesRepository[2m > [22mupdate[2m > [22mshould update modified timestamp automatically[32m 1[2mms[22m[39m
 [32m笨・[39m src/features/meeting-minutes/sp/__tests__/localStorageRepository.spec.ts[2m > [22mcreateLocalStorageMeetingMinutesRepository[2m > [22mupdate[2m > [22mshould apply empty string update (explicit clear)[32m 1[2mms[22m[39m
 [32m笨・[39m src/features/meeting-minutes/sp/__tests__/localStorageRepository.spec.ts[2m > [22mcreateLocalStorageMeetingMinutesRepository[2m > [22mupdate[2m > [22mshould throw when updating non-existent id[32m 1[2mms[22m[39m
 [32m笨・[39m src/features/meeting-minutes/sp/__tests__/localStorageRepository.spec.ts[2m > [22mcreateLocalStorageMeetingMinutesRepository[2m > [22mlist: sort (meetingDate desc 竊・modified desc)[2m > [22mshould sort by meetingDate descending[32m 3[2mms[22m[39m
 [32m笨・[39m src/features/meeting-minutes/sp/__tests__/localStorageRepository.spec.ts[2m > [22mcreateLocalStorageMeetingMinutesRepository[2m > [22mlist: sort (meetingDate desc 竊・modified desc)[2m > [22mshould sort by modified desc when meetingDate is equal[32m 1[2mms[22m[39m
 [32m笨・[39m src/features/meeting-minutes/sp/__tests__/localStorageRepository.spec.ts[2m > [22mcreateLocalStorageMeetingMinutesRepository[2m > [22mlist: publishedOnly[2m > [22mshould exclude isPublished===false when publishedOnly is true[32m 1[2mms[22m[39m
 [32m笨・[39m src/features/meeting-minutes/sp/__tests__/localStorageRepository.spec.ts[2m > [22mcreateLocalStorageMeetingMinutesRepository[2m > [22mlist: publishedOnly[2m > [22mshould include items with isPublished===undefined when publishedOnly is true[32m 2[2mms[22m[39m
 [32m笨・[39m src/features/meeting-minutes/sp/__tests__/localStorageRepository.spec.ts[2m > [22mcreateLocalStorageMeetingMinutesRepository[2m > [22mlist: publishedOnly[2m > [22mshould return all items when publishedOnly is false/undefined[32m 1[2mms[22m[39m
 [32m笨・[39m src/features/meeting-minutes/sp/__tests__/localStorageRepository.spec.ts[2m > [22mcreateLocalStorageMeetingMinutesRepository[2m > [22mlist: category[2m > [22mshould filter by category[32m 1[2mms[22m[39m
 [32m笨・[39m src/features/meeting-minutes/sp/__tests__/localStorageRepository.spec.ts[2m > [22mcreateLocalStorageMeetingMinutesRepository[2m > [22mlist: category[2m > [22mshould return all when category is ALL[32m 1[2mms[22m[39m
 [32m笨・[39m src/features/meeting-minutes/sp/__tests__/localStorageRepository.spec.ts[2m > [22mcreateLocalStorageMeetingMinutesRepository[2m > [22mlist: from/to (boundary inclusive)[2m > [22mshould include item on from date (ge)[32m 1[2mms[22m[39m
 [32m笨・[39m src/features/meeting-minutes/sp/__tests__/localStorageRepository.spec.ts[2m > [22mcreateLocalStorageMeetingMinutesRepository[2m > [22mlist: from/to (boundary inclusive)[2m > [22mshould include item on to date (le)[32m 1[2mms[22m[39m
 [32m笨・[39m src/features/meeting-minutes/sp/__tests__/localStorageRepository.spec.ts[2m > [22mcreateLocalStorageMeetingMinutesRepository[2m > [22mlist: from/to (boundary inclusive)[2m > [22mshould return items within from/to range[32m 1[2mms[22m[39m
 [32m笨・[39m src/features/meeting-minutes/sp/__tests__/localStorageRepository.spec.ts[2m > [22mcreateLocalStorageMeetingMinutesRepository[2m > [22mlist: q (title/summary/tags 蟇ｾ雎｡)[2m > [22mshould match by title[32m 1[2mms[22m[39m
 [32m笨・[39m src/features/meeting-minutes/sp/__tests__/localStorageRepository.spec.ts[2m > [22mcreateLocalStorageMeetingMinutesRepository[2m > [22mlist: q (title/summary/tags 蟇ｾ雎｡)[2m > [22mshould match by summary[32m 1[2mms[22m[39m
 [32m笨・[39m src/features/meeting-minutes/sp/__tests__/localStorageRepository.spec.ts[2m > [22mcreateLocalStorageMeetingMinutesRepository[2m > [22mlist: q (title/summary/tags 蟇ｾ雎｡)[2m > [22mshould match by tags[32m 1[2mms[22m[39m
 [32m笨・[39m src/features/meeting-minutes/sp/__tests__/localStorageRepository.spec.ts[2m > [22mcreateLocalStorageMeetingMinutesRepository[2m > [22mlist: q (title/summary/tags 蟇ｾ雎｡)[2m > [22mshould be case-insensitive[32m 1[2mms[22m[39m
 [32m笨・[39m src/features/meeting-minutes/sp/__tests__/localStorageRepository.spec.ts[2m > [22mcreateLocalStorageMeetingMinutesRepository[2m > [22mlist: q (title/summary/tags 蟇ｾ雎｡)[2m > [22mshould return empty when q does not match any field[32m 1[2mms[22m[39m
 [32m笨・[39m src/features/meeting-minutes/sp/__tests__/localStorageRepository.spec.ts[2m > [22mcreateLocalStorageMeetingMinutesRepository[2m > [22mlist: tag[2m > [22mshould match by tag[32m 1[2mms[22m[39m
 [32m笨・[39m src/features/meeting-minutes/sp/__tests__/localStorageRepository.spec.ts[2m > [22mcreateLocalStorageMeetingMinutesRepository[2m > [22mlist: tag[2m > [22mshould be case-insensitive for tag[32m 1[2mms[22m[39m
 [32m笨・[39m src/features/meeting-minutes/sp/__tests__/localStorageRepository.spec.ts[2m > [22mcreateLocalStorageMeetingMinutesRepository[2m > [22mlist: 隍・粋譚｡莉ｶ[2m > [22mshould apply publishedOnly + category together[32m 1[2mms[22m[39m
 [32m笨・[39m src/features/meeting-minutes/sp/__tests__/localStorageRepository.spec.ts[2m > [22mcreateLocalStorageMeetingMinutesRepository[2m > [22mlist: 隍・粋譚｡莉ｶ[2m > [22mshould apply q + from/to together[32m 1[2mms[22m[39m
 [32m笨・[39m src/features/meeting-minutes/sp/__tests__/localStorageRepository.spec.ts[2m > [22mcreateLocalStorageMeetingMinutesRepository[2m > [22mpersistence: 蛻･繧､繝ｳ繧ｹ繧ｿ繝ｳ繧ｹ縺ｧ縺ｮ隱ｭ縺ｿ霎ｼ縺ｿ[2m > [22mshould persist data across different repository instances[32m 1[2mms[22m[39m
[90mstdout[2m | tests/unit/hydration/navigation.search-delta.spec.tsx[2m > [22m[2mRouteHydrationListener search delta coalescing[2m > [22m[2mcoalesces search-only updates into a single active span
[22m[39mAll spans after search operations: [
  {
    id: [32m'route:schedules:day'[39m,
    meta: {
      budget: [33m120[39m,
      path: [32m'/schedules/day'[39m,
      search: [32m'?view=day&tab=3'[39m,
      status: [32m'pending'[39m,
      source: [32m'passive'[39m,
      reason: [32m'search'[39m,
      searchUpdated: [33mtrue[39m
    }
  }
]
Search spans found: [
  {
    id: [32m'route:schedules:day'[39m,
    meta: {
      budget: [33m120[39m,
      path: [32m'/schedules/day'[39m,
      search: [32m'?view=day&tab=3'[39m,
      status: [32m'pending'[39m,
      source: [32m'passive'[39m,
      reason: [32m'search'[39m,
      searchUpdated: [33mtrue[39m
    }
  }
]

 [32m笨・[39m tests/unit/hydration/navigation.search-delta.spec.tsx[2m > [22mRouteHydrationListener search delta coalescing[2m > [22mcoalesces search-only updates into a single active span[32m 109[2mms[22m[39m
 [32m笨・[39m src/features/handoff/__tests__/useHandoffTimelineViewModel.spec.ts[2m > [22museHandoffTimelineViewModel[2m > [22minitializes state from navigation values[32m 22[2mms[22m[39m
 [32m笨・[39m src/features/handoff/__tests__/useHandoffTimelineViewModel.spec.ts[2m > [22museHandoffTimelineViewModel[2m > [22mmeetingMode defaults to normal[32m 3[2mms[22m[39m
 [32m笨・[39m src/features/handoff/__tests__/useHandoffTimelineViewModel.spec.ts[2m > [22museHandoffTimelineViewModel[2m > [22mworkflowActions is an object with 3 methods[32m 3[2mms[22m[39m
 [32m笨・[39m src/features/handoff/__tests__/useHandoffTimelineViewModel.spec.ts[2m > [22museHandoffTimelineViewModel[2m > [22minjectDI is a function[32m 3[2mms[22m[39m
 [32m笨・[39m src/features/handoff/__tests__/useHandoffTimelineViewModel.spec.ts[2m > [22museHandoffTimelineViewModel[2m > [22mhandleMeetingModeChange sets dayScope/timeFilter for evening[32m 6[2mms[22m[39m
 [32m笨・[39m src/features/handoff/__tests__/useHandoffTimelineViewModel.spec.ts[2m > [22museHandoffTimelineViewModel[2m > [22mhandleMeetingModeChange sets dayScope/timeFilter for morning[32m 3[2mms[22m[39m
 [32m笨・[39m src/features/handoff/__tests__/useHandoffTimelineViewModel.spec.ts[2m > [22museHandoffTimelineViewModel[2m > [22mcalls logWorkflowBlocked with di_not_provided when updateHandoffStatus not injected[32m 7[2mms[22m[39m
 [32m笨・[39m src/features/daily/hooks/__tests__/useTableDailyRecordRowHandlers.spec.ts[2m > [22museTableDailyRecordRowHandlers[2m > [22m陦後・蜷梧悄 (useEffect 竊・setFormData)[2m > [22mselectedUsers 謖・ｮ壽凾縺ｫ formData.userRows 縺檎函謌舌＆繧後ｋ[32m 26[2mms[22m[39m
 [32m笨・[39m src/features/daily/hooks/__tests__/useTableDailyRecordRowHandlers.spec.ts[2m > [22museTableDailyRecordRowHandlers[2m > [22m陦後・蜷梧悄 (useEffect 竊・setFormData)[2m > [22mhandoffNotesByUser 縺ゅｊ縺ｧ遨ｺ specialNotes 縺悟沂縺ｾ繧・[32m 4[2mms[22m[39m
 [32m笨・[39m src/features/daily/hooks/__tests__/useTableDailyRecordRowHandlers.spec.ts[2m > [22museTableDailyRecordRowHandlers[2m > [22mhandleRowDataChange[2m > [22m謖・ｮ・userId 縺ｮ field 繧呈ｭ｣縺励￥譖ｸ縺肴鋤縺医ｋ[32m 4[2mms[22m[39m
 [32m笨・[39m src/features/daily/hooks/__tests__/useTableDailyRecordRowHandlers.spec.ts[2m > [22museTableDailyRecordRowHandlers[2m > [22mhandleProblemBehaviorChange[2m > [22m謖・ｮ夊｡後・ behaviorType 繧呈峩譁ｰ縺吶ｋ[32m 3[2mms[22m[39m
 [32m笨・[39m src/features/daily/hooks/__tests__/useTableDailyRecordRowHandlers.spec.ts[2m > [22museTableDailyRecordRowHandlers[2m > [22mhandleBehaviorTagToggle[2m > [22m繧ｿ繧ｰ縺瑚ｿｽ蜉/蜑企勁縺輔ｌ繧・(toggle 蜍穂ｽ・[32m 5[2mms[22m[39m
 [32m笨・[39m src/features/daily/hooks/__tests__/useTableDailyRecordRowHandlers.spec.ts[2m > [22museTableDailyRecordRowHandlers[2m > [22mhandleClearRow[2m > [22m蜈ｨ繝輔ぅ繝ｼ繝ｫ繝峨′繝ｪ繧ｻ繝・ヨ縺輔ｌ繧・[32m 3[2mms[22m[39m
 [32m笨・[39m src/features/daily/hooks/__tests__/useTableDailyRecordRowHandlers.spec.ts[2m > [22museTableDailyRecordRowHandlers[2m > [22mvisibleRows[2m > [22mshowUnsentOnly=false 縺ｧ蜈ｨ陦後ｒ霑斐☆[32m 3[2mms[22m[39m
 [32m笨・[39m src/features/daily/hooks/__tests__/useTableDailyRecordRowHandlers.spec.ts[2m > [22museTableDailyRecordRowHandlers[2m > [22mvisibleRows[2m > [22mshowUnsentOnly=true 縺ｧ蜀・ｮｹ縺ゅｊ陦後・縺ｿ霑斐☆[32m 15[2mms[22m[39m
 [32m笨・[39m src/features/daily/hooks/__tests__/useTableDailyRecordRowHandlers.spec.ts[2m > [22museTableDailyRecordRowHandlers[2m > [22munsentRowCount[2m > [22m蜀・ｮｹ縺ゅｊ縺ｮ陦梧焚繧定ｿ斐☆[32m 3[2mms[22m[39m
 [32m笨・[39m src/features/daily/hooks/__tests__/useTableDailyRecordRowHandlers.spec.ts[2m > [22museTableDailyRecordRowHandlers[2m > [22munsentRowCount[2m > [22m蜈ｨ陦後′遨ｺ縺ｪ繧・selectedUserIds 縺ｮ莉ｶ謨ｰ繧定ｿ斐☆[32m 2[2mms[22m[39m
 [32m笨・[39m src/shared/domain/operationalPhase.spec.ts[2m > [22mgetCurrentPhase[2m > [22mreturns preparation at 06:00 (boundary start)[32m 4[2mms[22m[39m
 [32m笨・[39m src/shared/domain/operationalPhase.spec.ts[2m > [22mgetCurrentPhase[2m > [22mreturns preparation at 07:30 (mid)[32m 1[2mms[22m[39m
 [32m笨・[39m src/shared/domain/operationalPhase.spec.ts[2m > [22mgetCurrentPhase[2m > [22mreturns preparation at 08:29 (boundary end)[32m 1[2mms[22m[39m
 [32m笨・[39m src/shared/domain/operationalPhase.spec.ts[2m > [22mgetCurrentPhase[2m > [22mreturns morning-meeting at 08:30 (boundary start)[32m 1[2mms[22m[39m
 [32m笨・[39m src/shared/domain/operationalPhase.spec.ts[2m > [22mgetCurrentPhase[2m > [22mreturns morning-meeting at 08:45 (mid)[32m 1[2mms[22m[39m
 [32m笨・[39m src/shared/domain/operationalPhase.spec.ts[2m > [22mgetCurrentPhase[2m > [22mreturns morning-meeting at 09:14 (boundary end)[32m 1[2mms[22m[39m
 [32m笨・[39m src/shared/domain/operationalPhase.spec.ts[2m > [22mgetCurrentPhase[2m > [22mreturns am-operation at 09:15 (boundary start)[32m 1[2mms[22m[39m
 [32m笨・[39m src/shared/domain/operationalPhase.spec.ts[2m > [22mgetCurrentPhase[2m > [22mreturns am-operation at 10:30 (mid)[32m 1[2mms[22m[39m
 [32m笨・[39m src/shared/domain/operationalPhase.spec.ts[2m > [22mgetCurrentPhase[2m > [22mreturns am-operation at 11:59 (boundary end)[32m 1[2mms[22m[39m
 [32m笨・[39m src/shared/domain/operationalPhase.spec.ts[2m > [22mgetCurrentPhase[2m > [22mreturns pm-operation at 12:00 (boundary start)[32m 1[2mms[22m[39m
 [32m笨・[39m src/shared/domain/operationalPhase.spec.ts[2m > [22mgetCurrentPhase[2m > [22mreturns pm-operation at 13:30 (mid)[32m 1[2mms[22m[39m
 [32m笨・[39m src/shared/domain/operationalPhase.spec.ts[2m > [22mgetCurrentPhase[2m > [22mreturns pm-operation at 15:29 (boundary end)[32m 1[2mms[22m[39m
 [32m笨・[39m src/shared/domain/operationalPhase.spec.ts[2m > [22mgetCurrentPhase[2m > [22mreturns evening-closing at 15:30 (boundary start)[32m 1[2mms[22m[39m
 [32m笨・[39m src/shared/domain/operationalPhase.spec.ts[2m > [22mgetCurrentPhase[2m > [22mreturns evening-closing at 16:15 (mid)[32m 1[2mms[22m[39m
 [32m笨・[39m src/shared/domain/operationalPhase.spec.ts[2m > [22mgetCurrentPhase[2m > [22mreturns evening-closing at 16:59 (boundary end)[32m 1[2mms[22m[39m
 [32m笨・[39m src/shared/domain/operationalPhase.spec.ts[2m > [22mgetCurrentPhase[2m > [22mreturns record-review at 17:00 (boundary start)[32m 1[2mms[22m[39m
 [32m笨・[39m src/shared/domain/operationalPhase.spec.ts[2m > [22mgetCurrentPhase[2m > [22mreturns record-review at 20:00 (night)[32m 1[2mms[22m[39m
 [32m笨・[39m src/shared/domain/operationalPhase.spec.ts[2m > [22mgetCurrentPhase[2m > [22mreturns record-review at 23:59 (near midnight)[32m 1[2mms[22m[39m
 [32m笨・[39m src/shared/domain/operationalPhase.spec.ts[2m > [22mgetCurrentPhase[2m > [22mreturns record-review at 00:00 (midnight)[32m 1[2mms[22m[39m
 [32m笨・[39m src/shared/domain/operationalPhase.spec.ts[2m > [22mgetCurrentPhase[2m > [22mreturns record-review at 03:00 (early morning)[32m 1[2mms[22m[39m
 [32m笨・[39m src/shared/domain/operationalPhase.spec.ts[2m > [22mgetCurrentPhase[2m > [22mreturns record-review at 05:59 (before preparation)[32m 1[2mms[22m[39m
 [32m笨・[39m src/shared/domain/operationalPhase.spec.ts[2m > [22mgetCurrentPhase[2m > [22mtransitions preparation 竊・morning-meeting at 08:30[32m 1[2mms[22m[39m
 [32m笨・[39m src/shared/domain/operationalPhase.spec.ts[2m > [22mgetCurrentPhase[2m > [22mtransitions morning-meeting 竊・am-operation at 09:15[32m 1[2mms[22m[39m
 [32m笨・[39m src/shared/domain/operationalPhase.spec.ts[2m > [22mgetCurrentPhase[2m > [22mtransitions am-operation 竊・pm-operation at 12:00[32m 1[2mms[22m[39m
 [32m笨・[39m src/shared/domain/operationalPhase.spec.ts[2m > [22mgetCurrentPhase[2m > [22mtransitions pm-operation 竊・evening-closing at 15:30[32m 1[2mms[22m[39m
 [32m笨・[39m src/shared/domain/operationalPhase.spec.ts[2m > [22mgetCurrentPhase[2m > [22mtransitions evening-closing 竊・record-review at 17:00[32m 1[2mms[22m[39m
 [32m笨・[39m src/shared/domain/operationalPhase.spec.ts[2m > [22mgetCurrentPhase[2m > [22mtransitions record-review 竊・preparation at 06:00[32m 1[2mms[22m[39m
 [32m笨・[39m src/shared/domain/operationalPhase.spec.ts[2m > [22mgetPhaseLabel[2m > [22mreturns "preparation" 竊・"蜃ｺ蜍､繝ｻ譛晄ｺ門ｙ"[32m 1[2mms[22m[39m
 [32m笨・[39m src/shared/domain/operationalPhase.spec.ts[2m > [22mgetPhaseLabel[2m > [22mreturns "morning-meeting" 竊・"譛昜ｼ・[32m 1[2mms[22m[39m
 [32m笨・[39m src/shared/domain/operationalPhase.spec.ts[2m > [22mgetPhaseLabel[2m > [22mreturns "am-operation" 竊・"AM豢ｻ蜍・[32m 1[2mms[22m[39m
 [32m笨・[39m src/shared/domain/operationalPhase.spec.ts[2m > [22mgetPhaseLabel[2m > [22mreturns "pm-operation" 竊・"PM豢ｻ蜍・[32m 1[2mms[22m[39m
 [32m笨・[39m src/shared/domain/operationalPhase.spec.ts[2m > [22mgetPhaseLabel[2m > [22mreturns "evening-closing" 竊・"螟穂ｼ壹・蟶ｰ繧頑髪蠎ｦ"[32m 0[2mms[22m[39m
 [32m笨・[39m src/shared/domain/operationalPhase.spec.ts[2m > [22mgetPhaseLabel[2m > [22mreturns "record-review" 竊・"險倬鹸繝ｻ謖ｯ繧願ｿ斐ｊ"[32m 0[2mms[22m[39m
 [32m笨・[39m src/shared/domain/operationalPhase.spec.ts[2m > [22mgetPrimaryScreen[2m > [22mreturns "preparation" 竊・"/today"[32m 1[2mms[22m[39m
 [32m笨・[39m src/shared/domain/operationalPhase.spec.ts[2m > [22mgetPrimaryScreen[2m > [22mreturns "morning-meeting" 竊・"/handoff-timeline"[32m 0[2mms[22m[39m
 [32m笨・[39m src/shared/domain/operationalPhase.spec.ts[2m > [22mgetPrimaryScreen[2m > [22mreturns "am-operation" 竊・"/today"[32m 1[2mms[22m[39m
 [32m笨・[39m src/shared/domain/operationalPhase.spec.ts[2m > [22mgetPrimaryScreen[2m > [22mreturns "pm-operation" 竊・"/daily"[32m 0[2mms[22m[39m
 [32m笨・[39m src/shared/domain/operationalPhase.spec.ts[2m > [22mgetPrimaryScreen[2m > [22mreturns "evening-closing" 竊・"/handoff-timeline"[32m 0[2mms[22m[39m
 [32m笨・[39m src/shared/domain/operationalPhase.spec.ts[2m > [22mgetPrimaryScreen[2m > [22mreturns "record-review" 竊・"/dashboard"[32m 0[2mms[22m[39m
 [32m笨・[39m src/shared/domain/operationalPhase.spec.ts[2m > [22mphaseSuggestsMeetingMode[2m > [22msuggests morning mode during morning-meeting[32m 1[2mms[22m[39m
 [32m笨・[39m src/shared/domain/operationalPhase.spec.ts[2m > [22mphaseSuggestsMeetingMode[2m > [22msuggests evening mode during evening-closing[32m 1[2mms[22m[39m
 [32m笨・[39m src/shared/domain/operationalPhase.spec.ts[2m > [22mphaseSuggestsMeetingMode[2m > [22msuggests normal mode during preparation[32m 1[2mms[22m[39m
 [32m笨・[39m src/shared/domain/operationalPhase.spec.ts[2m > [22mphaseSuggestsMeetingMode[2m > [22msuggests normal mode during am-operation[32m 0[2mms[22m[39m
 [32m笨・[39m src/shared/domain/operationalPhase.spec.ts[2m > [22mphaseSuggestsMeetingMode[2m > [22msuggests normal mode during pm-operation[32m 0[2mms[22m[39m
 [32m笨・[39m src/shared/domain/operationalPhase.spec.ts[2m > [22mphaseSuggestsMeetingMode[2m > [22msuggests normal mode during record-review[32m 0[2mms[22m[39m
 [32m笨・[39m src/shared/domain/operationalPhase.spec.ts[2m > [22mphaseSuggestsTodayScene[2m > [22mmaps preparation 竊・morning-briefing[32m 1[2mms[22m[39m
 [32m笨・[39m src/shared/domain/operationalPhase.spec.ts[2m > [22mphaseSuggestsTodayScene[2m > [22mmaps morning-meeting 竊・morning-briefing[32m 0[2mms[22m[39m
 [32m笨・[39m src/shared/domain/operationalPhase.spec.ts[2m > [22mphaseSuggestsTodayScene[2m > [22mmaps am-operation 竊・am-activity[32m 0[2mms[22m[39m
 [32m笨・[39m src/shared/domain/operationalPhase.spec.ts[2m > [22mphaseSuggestsTodayScene[2m > [22mmaps pm-operation 竊・pm-activity[32m 1[2mms[22m[39m
 [32m笨・[39m src/shared/domain/operationalPhase.spec.ts[2m > [22mphaseSuggestsTodayScene[2m > [22mmaps evening-closing 竊・day-closing[32m 0[2mms[22m[39m
 [32m笨・[39m src/shared/domain/operationalPhase.spec.ts[2m > [22mphaseSuggestsTodayScene[2m > [22mmaps record-review 竊・day-closing[32m 1[2mms[22m[39m
 [32m笨・[39m src/shared/domain/operationalPhase.spec.ts[2m > [22mphaseSuggestsTimeBand[2m > [22mmaps preparation 竊・譛・[32m 1[2mms[22m[39m
 [32m笨・[39m src/shared/domain/operationalPhase.spec.ts[2m > [22mphaseSuggestsTimeBand[2m > [22mmaps morning-meeting 竊・譛・[32m 1[2mms[22m[39m
 [32m笨・[39m src/shared/domain/operationalPhase.spec.ts[2m > [22mphaseSuggestsTimeBand[2m > [22mmaps am-operation 竊・蜊亥燕[32m 1[2mms[22m[39m
 [32m笨・[39m src/shared/domain/operationalPhase.spec.ts[2m > [22mphaseSuggestsTimeBand[2m > [22mmaps pm-operation 竊・蜊亥ｾ・[32m 1[2mms[22m[39m
 [32m笨・[39m src/shared/domain/operationalPhase.spec.ts[2m > [22mphaseSuggestsTimeBand[2m > [22mmaps evening-closing 竊・螟墓婿[32m 1[2mms[22m[39m
 [32m笨・[39m src/shared/domain/operationalPhase.spec.ts[2m > [22mphaseSuggestsTimeBand[2m > [22mmaps record-review 竊・螟墓婿[32m 0[2mms[22m[39m
 [32m笨・[39m src/shared/domain/operationalPhase.spec.ts[2m > [22mphaseSuggestsDashboardTime[2m > [22mreturns isMorningTime=true for preparation[32m 2[2mms[22m[39m
 [32m笨・[39m src/shared/domain/operationalPhase.spec.ts[2m > [22mphaseSuggestsDashboardTime[2m > [22mreturns isMorningTime=true for morning-meeting[32m 1[2mms[22m[39m
 [32m笨・[39m src/shared/domain/operationalPhase.spec.ts[2m > [22mphaseSuggestsDashboardTime[2m > [22mreturns isMorningTime=true for am-operation[32m 1[2mms[22m[39m
 [32m笨・[39m src/shared/domain/operationalPhase.spec.ts[2m > [22mphaseSuggestsDashboardTime[2m > [22mreturns both false for pm-operation[32m 1[2mms[22m[39m
 [32m笨・[39m src/shared/domain/operationalPhase.spec.ts[2m > [22mphaseSuggestsDashboardTime[2m > [22mreturns both false for evening-closing[32m 1[2mms[22m[39m
 [32m笨・[39m src/shared/domain/operationalPhase.spec.ts[2m > [22mphaseSuggestsDashboardTime[2m > [22mreturns isEveningTime=true for record-review[32m 1[2mms[22m[39m
 [32m笨・[39m src/shared/domain/operationalPhase.spec.ts[2m > [22mALL_PHASES[2m > [22mcontains all 6 phases in order[32m 1[2mms[22m[39m
 [32m笨・[39m src/shared/domain/operationalPhase.spec.ts[2m > [22mALL_PHASES[2m > [22mis readonly[32m 2[2mms[22m[39m
 [32m笨・[39m src/shared/domain/operationalPhase.spec.ts[2m > [22mend-to-end: time 竊・phase 竊・mappings consistency[2m > [22m08:30 竊・morning-meeting 竊・/handoff + morning mode + 譛・[32m 1[2mms[22m[39m
 [32m笨・[39m src/shared/domain/operationalPhase.spec.ts[2m > [22mend-to-end: time 竊・phase 竊・mappings consistency[2m > [22m14:00 竊・pm-operation 竊・/daily + normal mode + 蜊亥ｾ・[32m 2[2mms[22m[39m
 [32m笨・[39m src/shared/domain/operationalPhase.spec.ts[2m > [22mend-to-end: time 竊・phase 竊・mappings consistency[2m > [22m16:30 竊・evening-closing 竊・/handoff + evening mode + 螟墓婿[32m 2[2mms[22m[39m
 [32m笨・[39m src/shared/domain/operationalPhase.spec.ts[2m > [22mend-to-end: time 竊・phase 竊・mappings consistency[2m > [22m18:00 竊・record-review 竊・/dashboard + normal mode + 螟墓婿[32m 1[2mms[22m[39m
 [32m笨・[39m src/lib/__tests__/dailyRecordLogic.test.ts[2m > [22mdailyRecordLogic[2m > [22mgenerateNewRecordId[2m > [22m遨ｺ縺ｮ驟榊・縺ｮ蝣ｴ蜷医・1繧定ｿ斐☆[32m 4[2mms[22m[39m
 [32m笨・[39m src/lib/__tests__/dailyRecordLogic.test.ts[2m > [22mdailyRecordLogic[2m > [22mgenerateNewRecordId[2m > [22m譌｢蟄倥Ξ繧ｳ繝ｼ繝峨・譛螟ｧID + 1繧定ｿ斐☆[32m 1[2mms[22m[39m
 [32m笨・[39m src/lib/__tests__/dailyRecordLogic.test.ts[2m > [22mdailyRecordLogic[2m > [22mgenerateNewRecordId[2m > [22mID縺碁｣邯壹＠縺ｦ縺・↑縺・ｴ蜷医ｂ豁｣縺励￥譛螟ｧ蛟､繧貞叙蠕・[32m 1[2mms[22m[39m
 [32m笨・[39m src/lib/__tests__/dailyRecordLogic.test.ts[2m > [22mdailyRecordLogic[2m > [22maddDailyRecord[2m > [22m譁ｰ縺励＞繝ｬ繧ｳ繝ｼ繝峨ｒ霑ｽ蜉縺励！D繧定・蜍慕函謌舌☆繧・[32m 2[2mms[22m[39m
 [32m笨・[39m src/lib/__tests__/dailyRecordLogic.test.ts[2m > [22mdailyRecordLogic[2m > [22maddDailyRecord[2m > [22m蜈・・驟榊・縺ｯ螟画峩縺輔ｌ縺ｪ縺・ｼ・mmutable・・[32m 1[2mms[22m[39m
 [32m笨・[39m src/lib/__tests__/dailyRecordLogic.test.ts[2m > [22mdailyRecordLogic[2m > [22mupdateDailyRecord[2m > [22m謖・ｮ壹＆繧後◆ID縺ｮ繝ｬ繧ｳ繝ｼ繝峨ｒ譖ｴ譁ｰ縺吶ｋ[32m 1[2mms[22m[39m
 [32m笨・[39m src/lib/__tests__/dailyRecordLogic.test.ts[2m > [22mdailyRecordLogic[2m > [22mupdateDailyRecord[2m > [22m蟄伜惠縺励↑縺ИD繧呈欠螳壹＠縺溷ｴ蜷医∝・縺ｮ驟榊・繧偵◎縺ｮ縺ｾ縺ｾ霑斐☆[32m 1[2mms[22m[39m
 [32m笨・[39m src/lib/__tests__/dailyRecordLogic.test.ts[2m > [22mdailyRecordLogic[2m > [22mdeleteDailyRecord[2m > [22m謖・ｮ壹＆繧後◆ID縺ｮ繝ｬ繧ｳ繝ｼ繝峨ｒ蜑企勁縺吶ｋ[32m 1[2mms[22m[39m
 [32m笨・[39m src/lib/__tests__/dailyRecordLogic.test.ts[2m > [22mdailyRecordLogic[2m > [22mdeleteDailyRecord[2m > [22m蟄伜惠縺励↑縺ИD繧呈欠螳壹＠縺溷ｴ蜷医∝・縺ｮ驟榊・繧偵◎縺ｮ縺ｾ縺ｾ霑斐☆[32m 1[2mms[22m[39m
 [32m笨・[39m src/lib/__tests__/dailyRecordLogic.test.ts[2m > [22mdailyRecordLogic[2m > [22msaveDailyRecord[2m > [22meditingRecordId縺梧悴螳夂ｾｩ縺ｮ蝣ｴ蜷医・譁ｰ隕剰ｿｽ蜉[32m 1[2mms[22m[39m
 [32m笨・[39m src/lib/__tests__/dailyRecordLogic.test.ts[2m > [22mdailyRecordLogic[2m > [22msaveDailyRecord[2m > [22meditingRecordId縺梧欠螳壹＆繧後※縺・ｋ蝣ｴ蜷医・譖ｴ譁ｰ[32m 1[2mms[22m[39m
 [32m笨・[39m src/lib/__tests__/dailyRecordLogic.test.ts[2m > [22mdailyRecordLogic[2m > [22mvalidateDailyRecord[2m > [22m譛牙柑縺ｪ繝ｬ繧ｳ繝ｼ繝峨・蝣ｴ蜷医√お繝ｩ繝ｼ縺ｪ縺励ｒ霑斐☆[32m 1[2mms[22m[39m
 [32m笨・[39m src/lib/__tests__/dailyRecordLogic.test.ts[2m > [22mdailyRecordLogic[2m > [22mvalidateDailyRecord[2m > [22m蛻ｩ逕ｨ閠・錐縺檎ｩｺ縺ｮ蝣ｴ蜷医√お繝ｩ繝ｼ繧定ｿ斐☆[32m 1[2mms[22m[39m
 [32m笨・[39m src/lib/__tests__/dailyRecordLogic.test.ts[2m > [22mdailyRecordLogic[2m > [22mvalidateDailyRecord[2m > [22m蛻ｩ逕ｨ閠・・驕ｸ謚槭′遨ｺ縺ｮ蝣ｴ蜷医√お繝ｩ繝ｼ繧定ｿ斐☆[32m 1[2mms[22m[39m
 [32m笨・[39m src/lib/__tests__/dailyRecordLogic.test.ts[2m > [22mdailyRecordLogic[2m > [22mvalidateDailyRecord[2m > [22m譌･莉倥′遨ｺ縺ｮ蝣ｴ蜷医√お繝ｩ繝ｼ繧定ｿ斐☆[32m 1[2mms[22m[39m
 [32m笨・[39m src/lib/__tests__/dailyRecordLogic.test.ts[2m > [22mdailyRecordLogic[2m > [22mvalidateDailyRecord[2m > [22m譌･莉伜ｽ｢蠑上′荳肴ｭ｣縺ｪ蝣ｴ蜷医√お繝ｩ繝ｼ繧定ｿ斐☆[32m 1[2mms[22m[39m
 [32m笨・[39m src/lib/__tests__/dailyRecordLogic.test.ts[2m > [22mdailyRecordLogic[2m > [22mvalidateDailyRecord[2m > [22m繧ｹ繝・・繧ｿ繧ｹ縺御ｸ肴ｭ｣縺ｪ蝣ｴ蜷医√お繝ｩ繝ｼ繧定ｿ斐☆[32m 1[2mms[22m[39m
 [32m笨・[39m src/lib/__tests__/dailyRecordLogic.test.ts[2m > [22mdailyRecordLogic[2m > [22mvalidateDailyRecord[2m > [22m逋ｺ菴懊′逋ｺ逕溘＠縺溘′譎ょ綾縺檎ｩｺ縺ｮ蝣ｴ蜷医√お繝ｩ繝ｼ繧定ｿ斐☆[32m 1[2mms[22m[39m
 [32m笨・[39m src/lib/__tests__/dailyRecordLogic.test.ts[2m > [22mdailyRecordLogic[2m > [22mvalidateDailyRecord[2m > [22m逋ｺ菴懊′逋ｺ逕溘＠縺溘′謖∫ｶ壽凾髢薙′遨ｺ縺ｮ蝣ｴ蜷医√お繝ｩ繝ｼ繧定ｿ斐☆[32m 1[2mms[22m[39m
 [32m笨・[39m src/lib/__tests__/dailyRecordLogic.test.ts[2m > [22mdailyRecordLogic[2m > [22mvalidateDailyRecord[2m > [22m縺昴・莉悶・蝠城｡瑚｡悟虚縺後≠繧九′隧ｳ邏ｰ縺檎ｩｺ縺ｮ蝣ｴ蜷医√お繝ｩ繝ｼ繧定ｿ斐☆[32m 1[2mms[22m[39m
 [32m笨・[39m src/lib/__tests__/dailyRecordLogic.test.ts[2m > [22mdailyRecordLogic[2m > [22mvalidateDailyRecord[2m > [22m隍・焚縺ｮ繧ｨ繝ｩ繝ｼ縺後≠繧句ｴ蜷医∝・縺ｦ縺ｮ繧ｨ繝ｩ繝ｼ繧定ｿ斐☆[32m 1[2mms[22m[39m
 [32m笨・[39m src/lib/__tests__/dailyRecordLogic.test.ts[2m > [22mdailyRecordLogic[2m > [22mcalculateDailyRecordStats[2m > [22m莉頑律縺ｮ邨ｱ險医ｒ豁｣縺励￥險育ｮ励☆繧・[32m 1[2mms[22m[39m
 [32m笨・[39m src/lib/__tests__/dailyRecordLogic.test.ts[2m > [22mdailyRecordLogic[2m > [22mcalculateDailyRecordStats[2m > [22m繝ｬ繧ｳ繝ｼ繝峨′縺ｪ縺・ｴ蜷医・繧定ｿ斐☆[32m 1[2mms[22m[39m
 [32m笨・[39m src/lib/__tests__/dailyRecordLogic.test.ts[2m > [22mdailyRecordLogic[2m > [22mcalculateDailyRecordStats[2m > [22m譌･莉倥ｒ謖・ｮ壹＠縺ｪ縺・ｴ蜷医∽ｻ頑律縺ｮ譌･莉倥ｒ菴ｿ逕ｨ縺吶ｋ[32m 1[2mms[22m[39m
 [32m笨・[39m src/lib/__tests__/dailyRecordLogic.test.ts[2m > [22mdailyRecordLogic[2m > [22msearchRecordsByName[2m > [22m蛻ｩ逕ｨ閠・錐縺ｧ縺ｮ驛ｨ蛻・ｸ閾ｴ讀懃ｴ｢[32m 1[2mms[22m[39m
 [32m笨・[39m src/lib/__tests__/dailyRecordLogic.test.ts[2m > [22mdailyRecordLogic[2m > [22msearchRecordsByName[2m > [22m蛻ｩ逕ｨ閠・D縺ｧ縺ｮ讀懃ｴ｢[32m 1[2mms[22m[39m
 [32m笨・[39m src/lib/__tests__/dailyRecordLogic.test.ts[2m > [22mdailyRecordLogic[2m > [22msearchRecordsByName[2m > [22m螟ｧ譁・ｭ怜ｰ乗枚蟄励ｒ辟｡隕悶＠縺ｦ讀懃ｴ｢[32m 1[2mms[22m[39m
 [32m笨・[39m src/lib/__tests__/dailyRecordLogic.test.ts[2m > [22mdailyRecordLogic[2m > [22msearchRecordsByName[2m > [22m遨ｺ縺ｮ讀懃ｴ｢繧ｯ繧ｨ繝ｪ縺ｮ蝣ｴ蜷医∝・縺ｦ縺ｮ繝ｬ繧ｳ繝ｼ繝峨ｒ霑斐☆[32m 1[2mms[22m[39m
 [32m笨・[39m src/lib/__tests__/dailyRecordLogic.test.ts[2m > [22mdailyRecordLogic[2m > [22msearchRecordsByName[2m > [22m繧ｹ繝壹・繧ｹ縺ｮ縺ｿ縺ｮ讀懃ｴ｢繧ｯ繧ｨ繝ｪ縺ｮ蝣ｴ蜷医∝・縺ｦ縺ｮ繝ｬ繧ｳ繝ｼ繝峨ｒ霑斐☆[32m 0[2mms[22m[39m
 [32m笨・[39m src/lib/__tests__/dailyRecordLogic.test.ts[2m > [22mdailyRecordLogic[2m > [22mfilterRecordsByStatus[2m > [22m螳御ｺ・せ繝・・繧ｿ繧ｹ縺ｧ繝輔ぅ繝ｫ繧ｿ繝ｪ繝ｳ繧ｰ[32m 1[2mms[22m[39m
 [32m笨・[39m src/lib/__tests__/dailyRecordLogic.test.ts[2m > [22mdailyRecordLogic[2m > [22mfilterRecordsByStatus[2m > [22m菴懈・荳ｭ繧ｹ繝・・繧ｿ繧ｹ縺ｧ繝輔ぅ繝ｫ繧ｿ繝ｪ繝ｳ繧ｰ[32m 1[2mms[22m[39m
 [32m笨・[39m src/lib/__tests__/dailyRecordLogic.test.ts[2m > [22mdailyRecordLogic[2m > [22mfilterRecordsByStatus[2m > [22mall繧呈欠螳壹＠縺溷ｴ蜷医∝・縺ｦ縺ｮ繝ｬ繧ｳ繝ｼ繝峨ｒ霑斐☆[32m 1[2mms[22m[39m
 [32m笨・[39m src/lib/__tests__/dailyRecordLogic.test.ts[2m > [22mdailyRecordLogic[2m > [22mfilterRecordsByDate[2m > [22m謖・ｮ壹＠縺滓律莉倥〒繝輔ぅ繝ｫ繧ｿ繝ｪ繝ｳ繧ｰ[32m 1[2mms[22m[39m
 [32m笨・[39m src/lib/__tests__/dailyRecordLogic.test.ts[2m > [22mdailyRecordLogic[2m > [22mfilterRecordsByDate[2m > [22m遨ｺ縺ｮ譌･莉倥ｒ謖・ｮ壹＠縺溷ｴ蜷医∝・縺ｦ縺ｮ繝ｬ繧ｳ繝ｼ繝峨ｒ霑斐☆[32m 1[2mms[22m[39m
 [32m笨・[39m src/features/exceptions/hooks/__tests__/useCorrectiveActionExceptions.spec.ts[2m > [22museCorrectiveActionExceptions[2m > [22massessment-stale 縺ｯ騾ｱ蛻晢ｼ域怦譖懶ｼ峨〒縺ｯ ExceptionCenter 縺ｫ陦ｨ遉ｺ縺励↑縺・[32m 39[2mms[22m[39m
 [32m笨・[39m src/features/exceptions/hooks/__tests__/useCorrectiveActionExceptions.spec.ts[2m > [22museCorrectiveActionExceptions[2m > [22massessment-stale 縺ｯ蟷ｳ譌･荳ｭ逶､・域ｰｴ譖懶ｼ峨〒縺ｯ ExceptionCenter 縺ｫ陦ｨ遉ｺ縺吶ｋ[32m 6[2mms[22m[39m
[90mstdout[2m | tests/unit/flushNurseQueue.upsert.spec.ts[2m > [22m[2mflushNurseQueue idempotent observation flow[2m > [22m[2mflushes a queued observation successfully
[22m[39m[telemetry:nurse] nurse_queue_flushed_total { sent: [33m1[39m, failed: [33m0[39m, remaining: [33m0[39m, durationMs: [33m0[39m, attempts: [33m1[39m }

[90mstdout[2m | tests/unit/flushNurseQueue.upsert.spec.ts[2m > [22m[2mflushNurseQueue idempotent observation flow[2m > [22m[2mtreats duplicate/idempotent errors as success
[22m[39m[telemetry:nurse] nurse_queue_flushed_total { sent: [33m1[39m, failed: [33m0[39m, remaining: [33m0[39m, durationMs: [33m0[39m, attempts: [33m1[39m }

[90mstdout[2m | tests/unit/flushNurseQueue.upsert.spec.ts[2m > [22m[2mflushNurseQueue idempotent observation flow[2m > [22m[2mschedules retry with backoff and only retries when due
[22m[39m[telemetry:nurse] nurse_queue_flushed_total { sent: [33m0[39m, failed: [33m1[39m, remaining: [33m1[39m, durationMs: [33m0[39m, attempts: [33m1[39m }
[telemetry:nurse] nurse_queue_failed_total {
  count: [33m1[39m,
  lastError: [32m'network unavailable'[39m,
  sampleKeys: [ [32m'I099:observation:2025-11-07T09:02:00.000Z:retry'[39m ]
}

[90mstdout[2m | tests/unit/flushNurseQueue.upsert.spec.ts[2m > [22m[2mflushNurseQueue idempotent observation flow[2m > [22m[2mschedules retry with backoff and only retries when due
[22m[39m[telemetry:nurse] nurse_queue_flushed_total { sent: [33m1[39m, failed: [33m0[39m, remaining: [33m0[39m, durationMs: [33m0[39m, attempts: [33m1[39m }

[90mstdout[2m | tests/unit/flushNurseQueue.upsert.spec.ts[2m > [22m[2mflushNurseQueue idempotent observation flow[2m > [22m[2mescalates retry delays to 2s, 4s, then 8s on repeated failures
[22m[39m[telemetry:nurse] nurse_queue_flushed_total { sent: [33m0[39m, failed: [33m1[39m, remaining: [33m1[39m, durationMs: [33m0[39m, attempts: [33m1[39m }
[telemetry:nurse] nurse_queue_failed_total {
  count: [33m1[39m,
  lastError: [32m'service unavailable'[39m,
  sampleKeys: [ [32m'I077:observation:2025-11-07T09:03:00.000Z:retry-chain'[39m ]
}

[90mstdout[2m | tests/unit/flushNurseQueue.upsert.spec.ts[2m > [22m[2mflushNurseQueue idempotent observation flow[2m > [22m[2mescalates retry delays to 2s, 4s, then 8s on repeated failures
[22m[39m[telemetry:nurse] nurse_queue_flushed_total { sent: [33m0[39m, failed: [33m1[39m, remaining: [33m1[39m, durationMs: [33m0[39m, attempts: [33m1[39m }
[telemetry:nurse] nurse_queue_failed_total {
  count: [33m1[39m,
  lastError: [32m'service unavailable'[39m,
  sampleKeys: [ [32m'I077:observation:2025-11-07T09:03:00.000Z:retry-chain'[39m ]
}

[90mstdout[2m | tests/unit/flushNurseQueue.upsert.spec.ts[2m > [22m[2mflushNurseQueue idempotent observation flow[2m > [22m[2mescalates retry delays to 2s, 4s, then 8s on repeated failures
[22m[39m[telemetry:nurse] nurse_queue_flushed_total { sent: [33m0[39m, failed: [33m1[39m, remaining: [33m1[39m, durationMs: [33m0[39m, attempts: [33m1[39m }
[telemetry:nurse] nurse_queue_failed_total {
  count: [33m1[39m,
  lastError: [32m'service unavailable'[39m,
  sampleKeys: [ [32m'I077:observation:2025-11-07T09:03:00.000Z:retry-chain'[39m ]
}

[90mstdout[2m | tests/unit/flushNurseQueue.upsert.spec.ts[2m > [22m[2mflushNurseQueue idempotent observation flow[2m > [22m[2mupserts the same minute twice and preserves memo changes
[22m[39m[telemetry:nurse] nurse_queue_flushed_total { sent: [33m1[39m, failed: [33m0[39m, remaining: [33m0[39m, durationMs: [33m0[39m, attempts: [33m1[39m }

[90mstdout[2m | tests/unit/flushNurseQueue.upsert.spec.ts[2m > [22m[2mflushNurseQueue idempotent observation flow[2m > [22m[2mupserts the same minute twice and preserves memo changes
[22m[39m[telemetry:nurse] nurse_queue_flushed_total { sent: [33m1[39m, failed: [33m0[39m, remaining: [33m0[39m, durationMs: [33m0[39m, attempts: [33m1[39m }

 [32m笨・[39m tests/unit/flushNurseQueue.upsert.spec.ts[2m > [22mflushNurseQueue idempotent observation flow[2m > [22mflushes a queued observation successfully[32m 13[2mms[22m[39m
 [32m笨・[39m tests/unit/flushNurseQueue.upsert.spec.ts[2m > [22mflushNurseQueue idempotent observation flow[2m > [22mtreats duplicate/idempotent errors as success[32m 5[2mms[22m[39m
 [32m笨・[39m tests/unit/flushNurseQueue.upsert.spec.ts[2m > [22mflushNurseQueue idempotent observation flow[2m > [22mschedules retry with backoff and only retries when due[32m 6[2mms[22m[39m
 [32m笨・[39m tests/unit/flushNurseQueue.upsert.spec.ts[2m > [22mflushNurseQueue idempotent observation flow[2m > [22mescalates retry delays to 2s, 4s, then 8s on repeated failures[32m 5[2mms[22m[39m
 [32m笨・[39m tests/unit/flushNurseQueue.upsert.spec.ts[2m > [22mflushNurseQueue idempotent observation flow[2m > [22mupserts the same minute twice and preserves memo changes[32m 7[2mms[22m[39m
 [32m笨・[39m src/features/daily/hooks/__tests__/useTableDailyRecordFiltering.spec.ts[2m > [22museTableDailyRecordFiltering[2m > [22m蛻晄悄迥ｶ諷・[2m > [22mshowTodayOnly=true, searchQuery="" 縺ｧ蛻晄悄蛹悶＆繧後ｋ (繝・ヵ繧ｩ繝ｫ繝・rops)[32m 26[2mms[22m[39m
 [32m笨・[39m src/features/daily/hooks/__tests__/useTableDailyRecordFiltering.spec.ts[2m > [22museTableDailyRecordFiltering[2m > [22m蛻晄悄迥ｶ諷・[2m > [22m蛻晄悄迥ｶ諷九〒縺ｯ蜃ｺ蟶ｭ繝輔ぅ繝ｫ繧ｿ縺碁←逕ｨ縺輔ｌ繧・[32m 4[2mms[22m[39m
 [32m笨・[39m src/features/daily/hooks/__tests__/useTableDailyRecordFiltering.spec.ts[2m > [22museTableDailyRecordFiltering[2m > [22m蜃ｺ蟶ｭ繝輔ぅ繝ｫ繧ｿ (showTodayOnly)[2m > [22mshowTodayOnly=false 縺ｮ蝣ｴ蜷医∝・繝ｦ繝ｼ繧ｶ繝ｼ繧定ｿ斐☆[32m 3[2mms[22m[39m
 [32m笨・[39m src/features/daily/hooks/__tests__/useTableDailyRecordFiltering.spec.ts[2m > [22museTableDailyRecordFiltering[2m > [22m蜃ｺ蟶ｭ繝輔ぅ繝ｫ繧ｿ (showTodayOnly)[2m > [22mshowTodayOnly=true 縺ｮ蝣ｴ蜷医∝ｯｾ雎｡譌･縺ｫ蜃ｺ蟶ｭ莠亥ｮ壹・繝ｦ繝ｼ繧ｶ繝ｼ縺ｮ縺ｿ霑斐☆[32m 3[2mms[22m[39m
 [32m笨・[39m src/features/daily/hooks/__tests__/useTableDailyRecordFiltering.spec.ts[2m > [22museTableDailyRecordFiltering[2m > [22m蜃ｺ蟶ｭ繝輔ぅ繝ｫ繧ｿ (showTodayOnly)[2m > [22m蜃ｺ蟶ｭ繝・・繧ｿ縺檎ｩｺ縺ｮ繝ｦ繝ｼ繧ｶ繝ｼ縺ｯ蟶ｸ縺ｫ陦ｨ遉ｺ縺輔ｌ繧具ｼ・ail-safe・・[32m 3[2mms[22m[39m
 [32m笨・[39m src/features/daily/hooks/__tests__/useTableDailyRecordFiltering.spec.ts[2m > [22museTableDailyRecordFiltering[2m > [22m讀懃ｴ｢繧ｯ繧ｨ繝ｪ繝輔ぅ繝ｫ繧ｿ (searchQuery)[2m > [22m蜷榊燕縺ｧ讀懃ｴ｢縺ｧ縺阪ｋ[32m 3[2mms[22m[39m
 [32m笨・[39m src/features/daily/hooks/__tests__/useTableDailyRecordFiltering.spec.ts[2m > [22museTableDailyRecordFiltering[2m > [22m讀懃ｴ｢繧ｯ繧ｨ繝ｪ繝輔ぅ繝ｫ繧ｿ (searchQuery)[2m > [22mUserID 縺ｧ讀懃ｴ｢縺ｧ縺阪ｋ[32m 2[2mms[22m[39m
 [32m笨・[39m src/features/daily/hooks/__tests__/useTableDailyRecordFiltering.spec.ts[2m > [22museTableDailyRecordFiltering[2m > [22m讀懃ｴ｢繧ｯ繧ｨ繝ｪ繝輔ぅ繝ｫ繧ｿ (searchQuery)[2m > [22m縺ｵ繧翫′縺ｪ (furigana) 縺ｧ讀懃ｴ｢縺ｧ縺阪ｋ[32m 17[2mms[22m[39m
 [32m笨・[39m src/features/daily/hooks/__tests__/useTableDailyRecordFiltering.spec.ts[2m > [22museTableDailyRecordFiltering[2m > [22m讀懃ｴ｢繧ｯ繧ｨ繝ｪ繝輔ぅ繝ｫ繧ｿ (searchQuery)[2m > [22mnameKana 縺ｧ讀懃ｴ｢縺ｧ縺阪ｋ[32m 3[2mms[22m[39m
 [32m笨・[39m src/features/daily/hooks/__tests__/useTableDailyRecordFiltering.spec.ts[2m > [22museTableDailyRecordFiltering[2m > [22m讀懃ｴ｢繧ｯ繧ｨ繝ｪ繝輔ぅ繝ｫ繧ｿ (searchQuery)[2m > [22m螟ｧ譁・ｭ・/ 蟆乗枚蟄励ｒ蛹ｺ蛻･縺励↑縺・[32m 4[2mms[22m[39m
 [32m笨・[39m src/features/daily/hooks/__tests__/useTableDailyRecordFiltering.spec.ts[2m > [22museTableDailyRecordFiltering[2m > [22m讀懃ｴ｢繧ｯ繧ｨ繝ｪ繝輔ぅ繝ｫ繧ｿ (searchQuery)[2m > [22m遨ｺ逋ｽ縺ｮ縺ｿ縺ｮ繧ｯ繧ｨ繝ｪ縺ｯ讀懃ｴ｢繝輔ぅ繝ｫ繧ｿ繧帝←逕ｨ縺励↑縺・[32m 4[2mms[22m[39m
 [32m笨・[39m src/features/daily/hooks/__tests__/useTableDailyRecordFiltering.spec.ts[2m > [22museTableDailyRecordFiltering[2m > [22m讀懃ｴ｢繧ｯ繧ｨ繝ｪ繝輔ぅ繝ｫ繧ｿ (searchQuery)[2m > [22m繝槭ャ繝√＠縺ｪ縺・ｴ蜷医・遨ｺ驟榊・繧定ｿ斐☆[32m 2[2mms[22m[39m
 [32m笨・[39m src/features/daily/hooks/__tests__/useTableDailyRecordFiltering.spec.ts[2m > [22museTableDailyRecordFiltering[2m > [22m讀懃ｴ｢繧ｯ繧ｨ繝ｪ繝輔ぅ繝ｫ繧ｿ (searchQuery)[2m > [22m蜃ｺ蟶ｭ繝輔ぅ繝ｫ繧ｿ縺ｮ邨先棡縺ｫ蟇ｾ縺励※讀懃ｴ｢繝輔ぅ繝ｫ繧ｿ縺碁←逕ｨ縺輔ｌ繧・[32m 2[2mms[22m[39m
 [32m笨・[39m src/features/daily/hooks/__tests__/useTableDailyRecordFiltering.spec.ts[2m > [22museTableDailyRecordFiltering[2m > [22m繧ｳ繝ｼ繝翫・繧ｱ繝ｼ繧ｹ[2m > [22m繝ｦ繝ｼ繧ｶ繝ｼ荳隕ｧ縺檎ｩｺ縺ｮ蝣ｴ蜷医∫ｩｺ驟榊・繧定ｿ斐☆[32m 3[2mms[22m[39m
 [32m笨・[39m src/features/daily/hooks/__tests__/useTableDailyRecordFiltering.spec.ts[2m > [22museTableDailyRecordFiltering[2m > [22m繧ｳ繝ｼ繝翫・繧ｱ繝ｼ繧ｹ[2m > [22m蛻､螳壽攝譁吩ｸ崎ｶｳ・・nknown・峨・繝ｦ繝ｼ繧ｶ繝ｼ縺ｯ蛟呵｣懊↓蜷ｫ繧√↑縺・[32m 3[2mms[22m[39m
 [32m笨・[39m src/features/daily/hooks/__tests__/useTableDailyRecordSelection.spec.ts[2m > [22museTableDailyRecordSelection[2m > [22m蛻晄悄迥ｶ諷・[2m > [22m驕ｸ謚槭′遨ｺ縺ｧ髢句ｧ九☆繧・[32m 23[2mms[22m[39m
 [32m笨・[39m src/features/daily/hooks/__tests__/useTableDailyRecordSelection.spec.ts[2m > [22museTableDailyRecordSelection[2m > [22mhandleUserToggle[2m > [22m繝ｦ繝ｼ繧ｶ繝ｼ繧帝∈謚槭＠縲∝・繝医げ繝ｫ縺ｧ隗｣髯､縺吶ｋ[32m 6[2mms[22m[39m
 [32m笨・[39m src/features/daily/hooks/__tests__/useTableDailyRecordSelection.spec.ts[2m > [22museTableDailyRecordSelection[2m > [22mhandleUserToggle[2m > [22m隍・焚繝ｦ繝ｼ繧ｶ繝ｼ繧貞句挨縺ｫ驕ｸ謚槭〒縺阪ｋ[32m 4[2mms[22m[39m
 [32m笨・[39m src/features/daily/hooks/__tests__/useTableDailyRecordSelection.spec.ts[2m > [22museTableDailyRecordSelection[2m > [22mhandleSelectAll / handleClearAll[2m > [22m蜈ｨ驕ｸ謚槭→蜈ｨ隗｣髯､縺梧ｭ｣縺励￥蜍穂ｽ懊☆繧・[32m 4[2mms[22m[39m
 [32m笨・[39m src/features/daily/hooks/__tests__/useTableDailyRecordSelection.spec.ts[2m > [22museTableDailyRecordSelection[2m > [22mhandleSelectAll / handleClearAll[2m > [22m遨ｺ縺ｮ filteredUsers 縺ｧ handleSelectAll 縺励※繧ょｮ牙・[32m 3[2mms[22m[39m
 [32m笨・[39m src/features/daily/hooks/__tests__/useTableDailyRecordSelection.spec.ts[2m > [22museTableDailyRecordSelection[2m > [22mselectedUsers 隗｣豎ｺ[2m > [22mselectedUserIds 縺ｫ蟇ｾ蠢懊☆繧・User 繧ｪ繝悶ず繧ｧ繧ｯ繝医ｒ霑斐☆[32m 4[2mms[22m[39m
 [32m笨・[39m src/features/daily/hooks/__tests__/useTableDailyRecordSelection.spec.ts[2m > [22museTableDailyRecordSelection[2m > [22mselectedUsers 隗｣豎ｺ[2m > [22m蟄伜惠縺励↑縺・userId 縺ｯ selectedUsers 縺ｫ蜷ｫ縺ｾ繧後↑縺・[32m 3[2mms[22m[39m
 [32m笨・[39m src/features/daily/hooks/__tests__/useTableDailyRecordSelection.spec.ts[2m > [22museTableDailyRecordSelection[2m > [22misAllSelected[2m > [22m荳驛ｨ縺ｮ縺ｿ驕ｸ謚樊凾縺ｫ false[32m 2[2mms[22m[39m
 [32m笨・[39m src/features/daily/hooks/__tests__/useTableDailyRecordSelection.spec.ts[2m > [22museTableDailyRecordSelection[2m > [22misAllSelected[2m > [22mfilteredUsers 縺檎ｩｺ縺ｮ蝣ｴ蜷・false[32m 9[2mms[22m[39m
 [32m笨・[39m src/features/daily/hooks/__tests__/useTableDailyRecordSelection.spec.ts[2m > [22museTableDailyRecordSelection[2m > [22m荳区嶌縺榊ｾｩ蜈・[2m > [22mloadedDraftSelectedUserIds 縺ｧ驕ｸ謚樒憾諷九ｒ蠕ｩ蜈・☆繧・[32m 3[2mms[22m[39m
 [32m笨・[39m src/features/daily/hooks/__tests__/useTableDailyRecordSelection.spec.ts[2m > [22museTableDailyRecordSelection[2m > [22m荳区嶌縺榊ｾｩ蜈・[2m > [22m遨ｺ驟榊・縺ｧ縺ｯ蠕ｩ蜈・＠縺ｪ縺・[32m 5[2mms[22m[39m
 [32m笨・[39m src/features/daily/hooks/__tests__/useTableDailyRecordSelection.spec.ts[2m > [22museTableDailyRecordSelection[2m > [22m荳区嶌縺榊ｾｩ蜈・[2m > [22mnull 縺ｧ縺ｯ蠕ｩ蜈・＠縺ｪ縺・[32m 10[2mms[22m[39m
 [32m笨・[39m src/features/daily/hooks/__tests__/useTableDailyRecordSelection.spec.ts[2m > [22museTableDailyRecordSelection[2m > [22msetSelectedUserIds (螟夜Κ蛻ｶ蠕｡)[2m > [22m螟夜Κ縺九ｉ逶ｴ謗･險ｭ螳壹〒縺阪ｋ[32m 2[2mms[22m[39m
 [32m笨・[39m tests/unit/useConfirmDialog.spec.ts[2m > [22museConfirmDialog[2m > [22m蛻晄悄迥ｶ諷九・髢峨§縺ｦ縺・ｋ[32m 22[2mms[22m[39m
 [32m笨・[39m tests/unit/useConfirmDialog.spec.ts[2m > [22museConfirmDialog[2m > [22mopen() 縺ｧ繝繧､繧｢繝ｭ繧ｰ縺碁幕縺阪√ヱ繝ｩ繝｡繝ｼ繧ｿ縺悟渚譏縺輔ｌ繧・[32m 6[2mms[22m[39m
 [32m笨・[39m tests/unit/useConfirmDialog.spec.ts[2m > [22museConfirmDialog[2m > [22monCancel 縺ｧ繝繧､繧｢繝ｭ繧ｰ縺碁哩縺倥ｋ[32m 4[2mms[22m[39m
 [32m笨・[39m tests/unit/useConfirmDialog.spec.ts[2m > [22museConfirmDialog[2m > [22monConfirm 縺ｧ onConfirmAction 縺悟他縺ｰ繧後√ム繧､繧｢繝ｭ繧ｰ縺碁哩縺倥ｋ[32m 4[2mms[22m[39m
 [32m笨・[39m tests/unit/useConfirmDialog.spec.ts[2m > [22museConfirmDialog[2m > [22masync onConfirm 荳ｭ縺ｯ busy=true 縺ｫ縺ｪ繧・[32m 4[2mms[22m[39m
 [32m笨・[39m tests/unit/useConfirmDialog.spec.ts[2m > [22museConfirmDialog[2m > [22m繝・ヵ繧ｩ繝ｫ繝亥､縺梧ｭ｣縺励￥險ｭ螳壹＆繧後ｋ[32m 2[2mms[22m[39m
 [32m笨・[39m tests/unit/features/ops-dashboard/hooks/useOpsMetrics.spec.tsx[2m > [22mOpsDashboard: useOpsMetrics & pure functions[2m > [22mcollectSuggestionActions()[2m > [22m泙 豁｣蟶ｸ邉ｻ: 譛牙柑縺ｪ蟇ｾ雎｡繧ｭ繝ｼ縺悟ｭ伜惠縺吶ｋ蝣ｴ蜷医∵ｭ｣縺励￥繧｢繧ｯ繧ｷ繝ｧ繝ｳ縺梧歓蜃ｺ縺輔ｌ繧九％縺ｨ[32m 11[2mms[22m[39m
 [32m笨・[39m tests/unit/features/ops-dashboard/hooks/useOpsMetrics.spec.tsx[2m > [22mOpsDashboard: useOpsMetrics & pure functions[2m > [22mcollectSuggestionActions()[2m > [22m笞ｪ 遨ｺ繝・・繧ｿ: 蟇ｾ雎｡繧ｭ繝ｼ縺後↑縺・√∪縺溘・繧ｭ繝ｼ蜀・・繝・・繧ｿ縺檎ｩｺ縺ｮ蝣ｴ蜷医√け繝ｩ繝・す繝･縺帙★遨ｺ驟榊・繧定ｿ斐☆縺薙→[32m 2[2mms[22m[39m
 [32m笨・[39m tests/unit/features/ops-dashboard/hooks/useOpsMetrics.spec.tsx[2m > [22mOpsDashboard: useOpsMetrics & pure functions[2m > [22mcollectSuggestionActions()[2m > [22m孱・・繝輔か繝ｼ繝ｫ繝舌ャ繧ｯ (繧ｨ繝ｩ繝ｼ閠先ｧ): 荳肴ｭ｣縺ｪJSON縺後≠縺｣縺ｦ繧・throw 縺帙★縲√せ繧ｭ繝・・縺励※蜃ｦ逅・ｒ邯咏ｶ壹☆繧九％縺ｨ[32m 3[2mms[22m[39m
 [32m笨・[39m tests/unit/features/ops-dashboard/hooks/useOpsMetrics.spec.tsx[2m > [22mOpsDashboard: useOpsMetrics & pure functions[2m > [22museOpsMetrics() Hook Integration[2m > [22m楳 蛻・ｲ舌・蠅・阜譚｡莉ｶ: supportStartDate 縺・null 縺ｮ蛻ｩ逕ｨ閠・′蜷ｫ縺ｾ繧後ｋ蝣ｴ蜷医‘xcludedUserCount 縺ｫ豁｣遒ｺ縺ｫ繧ｫ繧ｦ繝ｳ繝医＆繧後ｋ縺薙→[32m 25[2mms[22m[39m
 [32m笨・[39m tests/unit/features/ops-dashboard/hooks/useOpsMetrics.spec.tsx[2m > [22mOpsDashboard: useOpsMetrics & pure functions[2m > [22museOpsMetrics() Hook Integration[2m > [22m笞ｪ 遨ｺ繝・・繧ｿ (hook): 蜈･蜉幃・蛻励′遨ｺ縺ｮ蝣ｴ蜷医∝推遞ｮ繝｡繝医Μ繧ｯ繧ｹ縺ｫ null 縺御ｻ｣蜈･縺輔ｌ螳牙・縺ｫ螳御ｺ・☆繧九％縺ｨ[32m 4[2mms[22m[39m
 [32m笨・[39m src/features/support-plan-guide/hooks/__tests__/usePlannerAssistTracking.spec.ts[2m > [22musePlannerAssistTracking[2m > [22msessionId 縺・pas_ 縺ｧ蟋九∪繧・[32m 22[2mms[22m[39m
 [32m笨・[39m src/features/support-plan-guide/hooks/__tests__/usePlannerAssistTracking.spec.ts[2m > [22musePlannerAssistTracking[2m > [22mtrackPanelShown 縺ｧ panel_shown 繧､繝吶Φ繝医ｒ逋ｺ轣ｫ縺吶ｋ[32m 5[2mms[22m[39m
 [32m笨・[39m src/features/support-plan-guide/hooks/__tests__/usePlannerAssistTracking.spec.ts[2m > [22musePlannerAssistTracking[2m > [22mtrackActionClicked 縺ｧ action_clicked 繧､繝吶Φ繝医ｒ逋ｺ轣ｫ縺・interactionId 繧定ｿ斐☆[32m 4[2mms[22m[39m
 [32m笨・[39m src/features/support-plan-guide/hooks/__tests__/usePlannerAssistTracking.spec.ts[2m > [22musePlannerAssistTracking[2m > [22mtrackTabLanded 縺ｧ tab_landed 繧､繝吶Φ繝医ｒ逋ｺ轣ｫ縺・elapsedMs 繧貞性繧[32m 3[2mms[22m[39m
 [32m笨・[39m src/features/support-plan-guide/hooks/__tests__/usePlannerAssistTracking.spec.ts[2m > [22musePlannerAssistTracking[2m > [22mtrackTabLanded 縺ｯ蜈郁｡・click 縺後↑縺代ｌ縺ｰ逋ｺ轣ｫ縺励↑縺・[32m 3[2mms[22m[39m
 [32m笨・[39m src/features/support-plan-guide/hooks/__tests__/usePlannerAssistTracking.spec.ts[2m > [22musePlannerAssistTracking[2m > [22mtrackTabLanded 縺ｯ荳蠎ｦ豸郁ｲｻ縺吶ｋ縺ｨ蜀咲匱轣ｫ縺励↑縺・[32m 3[2mms[22m[39m
 [32m笨・[39m src/features/support-plan-guide/hooks/__tests__/usePlannerAssistTracking.spec.ts[2m > [22musePlannerAssistTracking[2m > [22mtrackAdoptionSnapshot 縺ｧ snapshot 繧､繝吶Φ繝医ｒ逋ｺ轣ｫ縺吶ｋ[32m 3[2mms[22m[39m
 [32m笨・[39m src/features/support-plan-guide/hooks/__tests__/usePlannerAssistTracking.spec.ts[2m > [22musePlannerAssistTracking[2m > [22m蜈ｨ繧､繝吶Φ繝医〒 sessionId 縺檎ｵｱ荳縺輔ｌ繧・[32m 2[2mms[22m[39m
 [32m笨・[39m src/features/daily/stores/__tests__/procedureStore.spec.ts[2m > [22mprocedureStore[2m > [22m譛ｪ逋ｻ骭ｲ繝ｦ繝ｼ繧ｶ繝ｼ縺ｫ縺ｯ BASE_STEPS 繧偵ヵ繧ｩ繝ｼ繝ｫ繝舌ャ繧ｯ縺ｧ霑斐☆[32m 24[2mms[22m[39m
 [32m笨・[39m src/features/daily/stores/__tests__/procedureStore.spec.ts[2m > [22mprocedureStore[2m > [22msave 竊・getByUser 繝ｩ繧ｦ繝ｳ繝峨ヨ繝ｪ繝・・[32m 5[2mms[22m[39m
 [32m笨・[39m src/features/daily/stores/__tests__/procedureStore.spec.ts[2m > [22mprocedureStore[2m > [22mhasUserData: 譛ｪ逋ｻ骭ｲ繝ｦ繝ｼ繧ｶ繝ｼ 竊・false[32m 3[2mms[22m[39m
 [32m笨・[39m src/features/daily/stores/__tests__/procedureStore.spec.ts[2m > [22mprocedureStore[2m > [22mhasUserData: 逋ｻ骭ｲ貂医∩繝ｦ繝ｼ繧ｶ繝ｼ 竊・true[32m 3[2mms[22m[39m
 [32m笨・[39m src/features/daily/stores/__tests__/procedureStore.spec.ts[2m > [22mprocedureStore[2m > [22mlocalStorage 縺ｫ豌ｸ邯壼喧縺輔ｌ繧具ｼ・_flushPersist 蠕鯉ｼ・[32m 4[2mms[22m[39m
 [32m笨・[39m src/features/daily/stores/__tests__/procedureStore.spec.ts[2m > [22mprocedureStore[2m > [22m__resetStore 縺ｧ繝ｪ繝ｭ繝ｼ繝峨ｒ繧ｷ繝溘Η繝ｬ繝ｼ繝・[32m 3[2mms[22m[39m
 [32m笨・[39m src/features/daily/stores/__tests__/procedureStore.spec.ts[2m > [22mprocedureStore[2m > [22mregisteredUserIds: 逋ｻ骭ｲ貂医∩繝ｦ繝ｼ繧ｶ繝ｼID繝ｪ繧ｹ繝・[32m 4[2mms[22m[39m
 [32m笨・[39m src/features/daily/stores/__tests__/procedureStore.spec.ts[2m > [22mprocedureStore[2m > [22m遨ｺ縺ｮ userId 縺ｧ縺ｯ save 縺檎┌隕悶＆繧後ｋ[32m 2[2mms[22m[39m
 [32m笨・[39m src/features/daily/stores/__tests__/procedureStore.spec.ts[2m > [22mprocedureStore[2m > [22m螢翫ｌ縺・localStorage 繝・・繧ｿ縺ｯ繧ｯ繝ｪ繧｢縺輔ｌ縺ｦ繝輔か繝ｼ繝ｫ繝舌ャ繧ｯ[32m 3[2mms[22m[39m
 [32m笨・[39m src/features/exceptions/hooks/__tests__/useExceptionPreferences.spec.ts[2m > [22museExceptionPreferences[2m > [22m蛻晄悄迥ｶ諷九・遨ｺ縺ｧ縺ゅｋ縺薙→[32m 24[2mms[22m[39m
 [32m笨・[39m src/features/exceptions/hooks/__tests__/useExceptionPreferences.spec.ts[2m > [22museExceptionPreferences[2m > [22mdismiss 蠕後↓ active preferences 縺九ｉ蜿門ｾ励〒縺阪∝挨萓句､悶↓縺ｯ蠖ｱ髻ｿ縺励↑縺・％縺ｨ[32m 6[2mms[22m[39m
 [32m笨・[39m src/features/exceptions/hooks/__tests__/useExceptionPreferences.spec.ts[2m > [22museExceptionPreferences[2m > [22msnooze 荳ｭ縺ｯ active preferences 縺ｫ蜈･繧翫∵悄髯仙・繧後〒蜀崎｡ｨ遉ｺ・亥､悶ｌ繧具ｼ峨＆繧後ｋ縺薙→[32m 4[2mms[22m[39m
 [32m笨・[39m src/features/exceptions/hooks/__tests__/useExceptionPreferences.spec.ts[2m > [22museExceptionPreferences[2m > [22m繝ｪ繝ｭ繝ｼ繝峨＠縺ｦ繧・localStorage 縺九ｉ菫晄戟縺輔ｌ繧九％縺ｨ[32m 4[2mms[22m[39m
 [32m笨・[39m src/features/exceptions/hooks/__tests__/useExceptionPreferences.spec.ts[2m > [22museExceptionPreferences[2m > [22mundismiss, unsnooze 縺ｧ隗｣髯､縺ｧ縺阪ｋ縺薙→[32m 4[2mms[22m[39m
 [32m笨・[39m src/features/support-plan-guide/domain/__tests__/tabRoute.spec.ts[2m > [22mTAB_GROUPS[2m > [22m5 繧ｰ繝ｫ繝ｼ繝励′螳夂ｾｩ縺輔ｌ縺ｦ縺・ｋ[32m 5[2mms[22m[39m
 [32m笨・[39m src/features/support-plan-guide/domain/__tests__/tabRoute.spec.ts[2m > [22mTAB_GROUPS[2m > [22m蜈ｨ 10 蛟九・ SectionKey 縺後き繝舌・縺輔ｌ縺ｦ縺・ｋ[32m 1[2mms[22m[39m
 [32m笨・[39m src/features/support-plan-guide/domain/__tests__/tabRoute.spec.ts[2m > [22mTAB_GROUPS[2m > [22m繧ｰ繝ｫ繝ｼ繝・key 縺御ｸ諢・[32m 1[2mms[22m[39m
 [32m笨・[39m src/features/support-plan-guide/domain/__tests__/tabRoute.spec.ts[2m > [22mTAB_GROUPS[2m > [22mbasic 繧ｰ繝ｫ繝ｼ繝・ label=蝓ｺ譛ｬ諠・ｱ, subs=["overview","assessment"][32m 2[2mms[22m[39m
 [32m笨・[39m src/features/support-plan-guide/domain/__tests__/tabRoute.spec.ts[2m > [22mTAB_GROUPS[2m > [22mplan 繧ｰ繝ｫ繝ｼ繝・ label=險育判遲門ｮ・ subs=["smart","supports","decision"][32m 1[2mms[22m[39m
 [32m笨・[39m src/features/support-plan-guide/domain/__tests__/tabRoute.spec.ts[2m > [22mTAB_GROUPS[2m > [22moperations 繧ｰ繝ｫ繝ｼ繝・ label=驕狗畑繝ｻ螳溯｡・ subs=["monitoring","risk","excellence"][32m 1[2mms[22m[39m
 [32m笨・[39m src/features/support-plan-guide/domain/__tests__/tabRoute.spec.ts[2m > [22mTAB_GROUPS[2m > [22msystem 繧ｰ繝ｫ繝ｼ繝・ label=蛻ｶ蠎ｦ驕ｩ蜷・ subs=["compliance"][32m 1[2mms[22m[39m
 [32m笨・[39m src/features/support-plan-guide/domain/__tests__/tabRoute.spec.ts[2m > [22mTAB_GROUPS[2m > [22moutput 繧ｰ繝ｫ繝ｼ繝・ label=蜃ｺ蜉・ subs=["preview"][32m 1[2mms[22m[39m
 [32m笨・[39m src/features/support-plan-guide/domain/__tests__/tabRoute.spec.ts[2m > [22mresolveTabRoute[2m > [22moverview 竊・group=basic[32m 1[2mms[22m[39m
 [32m笨・[39m src/features/support-plan-guide/domain/__tests__/tabRoute.spec.ts[2m > [22mresolveTabRoute[2m > [22massessment 竊・group=basic[32m 1[2mms[22m[39m
 [32m笨・[39m src/features/support-plan-guide/domain/__tests__/tabRoute.spec.ts[2m > [22mresolveTabRoute[2m > [22msmart 竊・group=plan[32m 1[2mms[22m[39m
 [32m笨・[39m src/features/support-plan-guide/domain/__tests__/tabRoute.spec.ts[2m > [22mresolveTabRoute[2m > [22msupports 竊・group=plan[32m 1[2mms[22m[39m
 [32m笨・[39m src/features/support-plan-guide/domain/__tests__/tabRoute.spec.ts[2m > [22mresolveTabRoute[2m > [22mdecision 竊・group=plan[32m 0[2mms[22m[39m
 [32m笨・[39m src/features/support-plan-guide/domain/__tests__/tabRoute.spec.ts[2m > [22mresolveTabRoute[2m > [22mmonitoring 竊・group=operations[32m 0[2mms[22m[39m
 [32m笨・[39m src/features/support-plan-guide/domain/__tests__/tabRoute.spec.ts[2m > [22mresolveTabRoute[2m > [22mrisk 竊・group=operations[32m 0[2mms[22m[39m
 [32m笨・[39m src/features/support-plan-guide/domain/__tests__/tabRoute.spec.ts[2m > [22mresolveTabRoute[2m > [22mexcellence 竊・group=operations[32m 0[2mms[22m[39m
 [32m笨・[39m src/features/support-plan-guide/domain/__tests__/tabRoute.spec.ts[2m > [22mresolveTabRoute[2m > [22mcompliance 竊・group=system[32m 2[2mms[22m[39m
 [32m笨・[39m src/features/support-plan-guide/domain/__tests__/tabRoute.spec.ts[2m > [22mresolveTabRoute[2m > [22mpreview 竊・group=output[32m 1[2mms[22m[39m
 [32m笨・[39m src/features/support-plan-guide/domain/__tests__/tabRoute.spec.ts[2m > [22mresolveTabRoute[2m > [22m蟄伜惠縺励↑縺・key 縺ｯ undefined[32m 1[2mms[22m[39m
 [32m笨・[39m src/features/support-plan-guide/domain/__tests__/tabRoute.spec.ts[2m > [22mserializeTabRoute[2m > [22mgroup.sub 蠖｢蠑上〒蜃ｺ蜉・[32m 1[2mms[22m[39m
 [32m笨・[39m src/features/support-plan-guide/domain/__tests__/tabRoute.spec.ts[2m > [22mserializeTabRoute[2m > [22m蜈ｨ繧ｿ繝悶・繧ｷ繝ｪ繧｢繝ｩ繧､繧ｺ縺梧ｭ｣縺励＞[32m 1[2mms[22m[39m
 [32m笨・[39m src/features/support-plan-guide/domain/__tests__/tabRoute.spec.ts[2m > [22mparseTabRoute[2m > [22m譁ｰ蠖｢蠑・(group.sub)[2m > [22mbasic.overview 竊・{group: basic, sub: overview}[32m 1[2mms[22m[39m
 [32m笨・[39m src/features/support-plan-guide/domain/__tests__/tabRoute.spec.ts[2m > [22mparseTabRoute[2m > [22m譁ｰ蠖｢蠑・(group.sub)[2m > [22mbasic.assessment 竊・{group: basic, sub: assessment}[32m 1[2mms[22m[39m
 [32m笨・[39m src/features/support-plan-guide/domain/__tests__/tabRoute.spec.ts[2m > [22mparseTabRoute[2m > [22m譁ｰ蠖｢蠑・(group.sub)[2m > [22mplan.smart 竊・{group: plan, sub: smart}[32m 1[2mms[22m[39m
 [32m笨・[39m src/features/support-plan-guide/domain/__tests__/tabRoute.spec.ts[2m > [22mparseTabRoute[2m > [22m譁ｰ蠖｢蠑・(group.sub)[2m > [22mplan.supports 竊・{group: plan, sub: supports}[32m 1[2mms[22m[39m
 [32m笨・[39m src/features/support-plan-guide/domain/__tests__/tabRoute.spec.ts[2m > [22mparseTabRoute[2m > [22m譁ｰ蠖｢蠑・(group.sub)[2m > [22mplan.decision 竊・{group: plan, sub: decision}[32m 1[2mms[22m[39m
 [32m笨・[39m src/features/support-plan-guide/domain/__tests__/tabRoute.spec.ts[2m > [22mparseTabRoute[2m > [22m譁ｰ蠖｢蠑・(group.sub)[2m > [22moperations.monitoring 竊・{group: operations, sub: monitoring}[32m 1[2mms[22m[39m
 [32m笨・[39m src/features/support-plan-guide/domain/__tests__/tabRoute.spec.ts[2m > [22mparseTabRoute[2m > [22m譁ｰ蠖｢蠑・(group.sub)[2m > [22moperations.risk 竊・{group: operations, sub: risk}[32m 1[2mms[22m[39m
 [32m笨・[39m src/features/support-plan-guide/domain/__tests__/tabRoute.spec.ts[2m > [22mparseTabRoute[2m > [22m譁ｰ蠖｢蠑・(group.sub)[2m > [22moperations.excellence 竊・{group: operations, sub: excellence}[32m 1[2mms[22m[39m
 [32m笨・[39m src/features/support-plan-guide/domain/__tests__/tabRoute.spec.ts[2m > [22mparseTabRoute[2m > [22m譁ｰ蠖｢蠑・(group.sub)[2m > [22msystem.compliance 竊・{group: system, sub: compliance}[32m 1[2mms[22m[39m
 [32m笨・[39m src/features/support-plan-guide/domain/__tests__/tabRoute.spec.ts[2m > [22mparseTabRoute[2m > [22m譁ｰ蠖｢蠑・(group.sub)[2m > [22moutput.preview 竊・{group: output, sub: preview}[32m 1[2mms[22m[39m
 [32m笨・[39m src/features/support-plan-guide/domain/__tests__/tabRoute.spec.ts[2m > [22mparseTabRoute[2m > [22m繝ｬ繧ｬ繧ｷ繝ｼ莠呈鋤 (sub 縺ｮ縺ｿ)[2m > [22mmonitoring 竊・{group: operations, sub: monitoring}[32m 1[2mms[22m[39m
 [32m笨・[39m src/features/support-plan-guide/domain/__tests__/tabRoute.spec.ts[2m > [22mparseTabRoute[2m > [22m繝ｬ繧ｬ繧ｷ繝ｼ莠呈鋤 (sub 縺ｮ縺ｿ)[2m > [22moverview 竊・{group: basic, sub: overview}[32m 1[2mms[22m[39m
 [32m笨・[39m src/features/support-plan-guide/domain/__tests__/tabRoute.spec.ts[2m > [22mparseTabRoute[2m > [22m繝ｬ繧ｬ繧ｷ繝ｼ莠呈鋤 (sub 縺ｮ縺ｿ)[2m > [22mcompliance 竊・{group: system, sub: compliance}[32m 1[2mms[22m[39m
 [32m笨・[39m src/features/support-plan-guide/domain/__tests__/tabRoute.spec.ts[2m > [22mparseTabRoute[2m > [22m繝ｬ繧ｬ繧ｷ繝ｼ莠呈鋤 (sub 縺ｮ縺ｿ)[2m > [22mpreview 竊・{group: output, sub: preview}[32m 1[2mms[22m[39m
 [32m笨・[39m src/features/support-plan-guide/domain/__tests__/tabRoute.spec.ts[2m > [22mparseTabRoute[2m > [22m荳肴ｭ｣蜈･蜉・[2m > [22mnull 竊・undefined[32m 1[2mms[22m[39m
 [32m笨・[39m src/features/support-plan-guide/domain/__tests__/tabRoute.spec.ts[2m > [22mparseTabRoute[2m > [22m荳肴ｭ｣蜈･蜉・[2m > [22m遨ｺ譁・ｭ・竊・undefined[32m 1[2mms[22m[39m
 [32m笨・[39m src/features/support-plan-guide/domain/__tests__/tabRoute.spec.ts[2m > [22mparseTabRoute[2m > [22m荳肴ｭ｣蜈･蜉・[2m > [22m遨ｺ逋ｽ縺ｮ縺ｿ 竊・undefined[32m 1[2mms[22m[39m
 [32m笨・[39m src/features/support-plan-guide/domain/__tests__/tabRoute.spec.ts[2m > [22mparseTabRoute[2m > [22m荳肴ｭ｣蜈･蜉・[2m > [22m蟄伜惠縺励↑縺・sub 竊・undefined[32m 1[2mms[22m[39m
 [32m笨・[39m src/features/support-plan-guide/domain/__tests__/tabRoute.spec.ts[2m > [22mparseTabRoute[2m > [22m荳肴ｭ｣蜈･蜉・[2m > [22m蟄伜惠縺励↑縺・group.sub 竊・undefined[32m 1[2mms[22m[39m
 [32m笨・[39m src/features/support-plan-guide/domain/__tests__/tabRoute.spec.ts[2m > [22mparseTabRoute[2m > [22m荳肴ｭ｣蜈･蜉・[2m > [22mgroup 縺ｨ sub 縺ｮ荳肴紛蜷・竊・undefined[32m 1[2mms[22m[39m
 [32m笨・[39m src/features/support-plan-guide/domain/__tests__/tabRoute.spec.ts[2m > [22mparseTabRoute[2m > [22m荳肴ｭ｣蜈･蜉・[2m > [22m繝峨ャ繝医・縺ｿ 竊・undefined[32m 1[2mms[22m[39m
 [32m笨・[39m src/features/support-plan-guide/domain/__tests__/tabRoute.spec.ts[2m > [22mparseTabRoute[2m > [22m荳肴ｭ｣蜈･蜉・[2m > [22m繝峨ャ繝医°繧牙ｧ九∪繧・竊・undefined[32m 1[2mms[22m[39m
 [32m笨・[39m src/features/support-plan-guide/domain/__tests__/tabRoute.spec.ts[2m > [22mparseTabRoute[2m > [22m繝ｩ繧ｦ繝ｳ繝峨ヨ繝ｪ繝・・[2m > [22mserialize 竊・parse 縺御ｸ閾ｴ縺吶ｋ[32m 1[2mms[22m[39m
 [32m笨・[39m src/features/support-plan-guide/domain/__tests__/tabRoute.spec.ts[2m > [22mparseTabRoute[2m > [22m繝ｩ繧ｦ繝ｳ繝峨ヨ繝ｪ繝・・[2m > [22m蜈ｨ繧ｿ繝悶・繝ｩ繧ｦ繝ｳ繝峨ヨ繝ｪ繝・・[32m 2[2mms[22m[39m
 [32m笨・[39m src/features/support-plan-guide/domain/__tests__/tabRoute.spec.ts[2m > [22mresolveLegacyTabParam[2m > [22m譛牙柑縺ｪ譌ｧ繝代Λ繝｡繝ｼ繧ｿ 竊・Route[32m 1[2mms[22m[39m
 [32m笨・[39m src/features/support-plan-guide/domain/__tests__/tabRoute.spec.ts[2m > [22mresolveLegacyTabParam[2m > [22m遨ｺ譁・ｭ・竊・undefined[32m 1[2mms[22m[39m
 [32m笨・[39m src/features/support-plan-guide/domain/__tests__/tabRoute.spec.ts[2m > [22mresolveLegacyTabParam[2m > [22m辟｡蜉ｹ縺ｪ蛟､ 竊・undefined[32m 1[2mms[22m[39m
 [32m笨・[39m src/features/support-plan-guide/domain/__tests__/tabRoute.spec.ts[2m > [22mresolveLegacyTabParam[2m > [22m蜑榊ｾ後・遨ｺ逋ｽ縺ｯ trim 縺輔ｌ繧・[32m 1[2mms[22m[39m
 [32m笨・[39m src/features/support-plan-guide/domain/__tests__/tabRoute.spec.ts[2m > [22mfindGroupDef[2m > [22m蟄伜惠縺吶ｋ繧ｰ繝ｫ繝ｼ繝励ｒ霑斐☆[32m 1[2mms[22m[39m
 [32m笨・[39m src/features/support-plan-guide/domain/__tests__/tabRoute.spec.ts[2m > [22mfindGroupDef[2m > [22m蟄伜惠縺励↑縺・げ繝ｫ繝ｼ繝励・ undefined[32m 1[2mms[22m[39m
 [32m笨・[39m src/features/support-plan-guide/domain/__tests__/tabRoute.spec.ts[2m > [22mgetGroupDefaultSub[2m > [22mbasic 竊・overview[32m 1[2mms[22m[39m
 [32m笨・[39m src/features/support-plan-guide/domain/__tests__/tabRoute.spec.ts[2m > [22mgetGroupDefaultSub[2m > [22mplan 竊・smart[32m 1[2mms[22m[39m
 [32m笨・[39m src/features/support-plan-guide/domain/__tests__/tabRoute.spec.ts[2m > [22mgetGroupDefaultSub[2m > [22moperations 竊・monitoring[32m 0[2mms[22m[39m
 [32m笨・[39m src/features/support-plan-guide/domain/__tests__/tabRoute.spec.ts[2m > [22mgetGroupDefaultSub[2m > [22msystem 竊・compliance[32m 0[2mms[22m[39m
 [32m笨・[39m src/features/support-plan-guide/domain/__tests__/tabRoute.spec.ts[2m > [22mgetGroupDefaultSub[2m > [22moutput 竊・preview[32m 1[2mms[22m[39m
 [32m笨・[39m src/features/support-plan-guide/domain/__tests__/tabRoute.spec.ts[2m > [22mgetAllSubsFlat[2m > [22m蜈ｨ 10 蛟九ｒ繝輔Λ繝・ヨ鬆・〒霑斐☆[32m 1[2mms[22m[39m
 [32m笨・[39m src/features/support-plan-guide/domain/__tests__/tabRoute.spec.ts[2m > [22mgetAllSubsFlat[2m > [22m繧ｰ繝ｫ繝ｼ繝怜ｮ夂ｾｩ鬆・↓繝輔Λ繝・ヨ螻暮幕縺輔ｌ繧具ｼ・AB_GROUPS 鬆・ｼ・[32m 1[2mms[22m[39m
 [32m笨・[39m tests/unit/users.api.spec.ts[2m > [22museUsersApi (repository-backed)[2m > [22mgetUsers delegates to repo.getAll[32m 26[2mms[22m[39m
 [32m笨・[39m tests/unit/users.api.spec.ts[2m > [22museUsersApi (repository-backed)[2m > [22mgetUserById delegates to repo.getById[32m 4[2mms[22m[39m
 [32m笨・[39m tests/unit/users.api.spec.ts[2m > [22museUsersApi (repository-backed)[2m > [22mcreateUser delegates to repo.create[32m 5[2mms[22m[39m
 [32m笨・[39m tests/unit/users.api.spec.ts[2m > [22museUsersApi (repository-backed)[2m > [22mupdateUser delegates to repo.update[32m 3[2mms[22m[39m
 [32m笨・[39m tests/unit/users.api.spec.ts[2m > [22museUsersApi (repository-backed)[2m > [22mdeleteUser delegates to repo.remove[32m 3[2mms[22m[39m
 [32m笨・[39m tests/unit/users.api.spec.ts[2m > [22museUsersApi (repository-backed)[2m > [22mterminateUser delegates to repo.terminate[32m 5[2mms[22m[39m
 [32m笨・[39m src/features/settings/hooks/__tests__/useAppTheme.spec.ts[2m > [22museAppTheme[2m > [22mreturns a theme instance with spacing function[32m 29[2mms[22m[39m
 [32m笨・[39m src/features/settings/hooks/__tests__/useAppTheme.spec.ts[2m > [22museAppTheme[2m > [22mcalls applyDensityToDocument on mount[32m 5[2mms[22m[39m
 [32m笨・[39m src/features/settings/hooks/__tests__/useAppTheme.spec.ts[2m > [22museAppTheme[2m > [22mtheme spacing returns px formatted string[32m 5[2mms[22m[39m
 [32m笨・[39m src/features/settings/hooks/__tests__/useAppTheme.spec.ts[2m > [22museAppTheme[2m > [22mtheme has components property[32m 5[2mms[22m[39m
 [32m笨・[39m src/features/planning-sheet/__tests__/tokuseiSignalExtractors.spec.ts[2m > [22mextractSensorySignals[2m > [22mshould detect hypersensitivity with coping strategy[32m 7[2mms[22m[39m
 [32m笨・[39m src/features/planning-sheet/__tests__/tokuseiSignalExtractors.spec.ts[2m > [22mextractSensorySignals[2m > [22mshould detect hypersensitivity without coping[32m 2[2mms[22m[39m
 [32m笨・[39m src/features/planning-sheet/__tests__/tokuseiSignalExtractors.spec.ts[2m > [22mextractSensorySignals[2m > [22mshould detect hyposensitivity[32m 1[2mms[22m[39m
 [32m笨・[39m src/features/planning-sheet/__tests__/tokuseiSignalExtractors.spec.ts[2m > [22mextractSensorySignals[2m > [22mshould return empty array for all-empty fields[32m 1[2mms[22m[39m
 [32m笨・[39m src/features/planning-sheet/__tests__/tokuseiSignalExtractors.spec.ts[2m > [22mextractSensorySignals[2m > [22mshould extract multiple senses simultaneously[32m 1[2mms[22m[39m
 [32m笨・[39m src/features/planning-sheet/__tests__/tokuseiSignalExtractors.spec.ts[2m > [22mextractSensorySignals[2m > [22mshould deduplicate coping strategies from sensoryFreeText[32m 1[2mms[22m[39m
 [32m笨・[39m src/features/planning-sheet/__tests__/tokuseiSignalExtractors.spec.ts[2m > [22mextractSensorySignals[2m > [22mshould return unknown level for text without keywords[32m 1[2mms[22m[39m
 [32m笨・[39m src/features/planning-sheet/__tests__/tokuseiSignalExtractors.spec.ts[2m > [22mextractSensorySignals[2m > [22mshould find coping strategy from sensoryFreeText even when not in sense field[32m 1[2mms[22m[39m
 [32m笨・[39m src/features/planning-sheet/__tests__/tokuseiSignalExtractors.spec.ts[2m > [22mextractCommunicationSignals[2m > [22mshould infer visual/gesture modes from comprehension difficulty[32m 1[2mms[22m[39m
 [32m笨・[39m src/features/planning-sheet/__tests__/tokuseiSignalExtractors.spec.ts[2m > [22mextractCommunicationSignals[2m > [22mshould infer gesture/card modes from expression difficulty[32m 1[2mms[22m[39m
 [32m笨・[39m src/features/planning-sheet/__tests__/tokuseiSignalExtractors.spec.ts[2m > [22mextractCommunicationSignals[2m > [22mshould return interaction signal[32m 1[2mms[22m[39m
 [32m笨・[39m src/features/planning-sheet/__tests__/tokuseiSignalExtractors.spec.ts[2m > [22mextractCommunicationSignals[2m > [22mshould return empty array for empty fields[32m 1[2mms[22m[39m
 [32m笨・[39m src/features/planning-sheet/__tests__/tokuseiSignalExtractors.spec.ts[2m > [22mextractCommunicationSignals[2m > [22mshould give low confidence when no mode keywords are found[32m 1[2mms[22m[39m
 [32m笨・[39m src/features/planning-sheet/__tests__/tokuseiSignalExtractors.spec.ts[2m > [22mextractCommunicationSignals[2m > [22mshould extract from all three fields simultaneously[32m 1[2mms[22m[39m
 [32m笨・[39m src/features/planning-sheet/__tests__/tokuseiSignalExtractors.spec.ts[2m > [22mextractBehaviorSignals[2m > [22mshould extract labels from behaviorMultiSelect[32m 1[2mms[22m[39m
 [32m笨・[39m src/features/planning-sheet/__tests__/tokuseiSignalExtractors.spec.ts[2m > [22mextractBehaviorSignals[2m > [22mshould extract operational hints from behaviorEpisodes[32m 1[2mms[22m[39m
 [32m笨・[39m src/features/planning-sheet/__tests__/tokuseiSignalExtractors.spec.ts[2m > [22mextractBehaviorSignals[2m > [22mshould combine both multiselect and episodes[32m 1[2mms[22m[39m
 [32m笨・[39m src/features/planning-sheet/__tests__/tokuseiSignalExtractors.spec.ts[2m > [22mextractBehaviorSignals[2m > [22mshould return null for empty fields[32m 1[2mms[22m[39m
 [32m笨・[39m src/features/planning-sheet/__tests__/tokuseiSignalExtractors.spec.ts[2m > [22mextractBehaviorSignals[2m > [22mshould deduplicate labels[32m 1[2mms[22m[39m
 [32m笨・[39m src/features/planning-sheet/__tests__/tokuseiSignalExtractors.spec.ts[2m > [22mextractChangeRigiditySignals[2m > [22mshould extract change-difficulty signal as trigger[32m 1[2mms[22m[39m
 [32m笨・[39m src/features/planning-sheet/__tests__/tokuseiSignalExtractors.spec.ts[2m > [22mextractChangeRigiditySignals[2m > [22mshould extract fixed-habit signal[32m 1[2mms[22m[39m
 [32m笨・[39m src/features/planning-sheet/__tests__/tokuseiSignalExtractors.spec.ts[2m > [22mextractChangeRigiditySignals[2m > [22mshould extract repetitive-behavior as medium confidence[32m 1[2mms[22m[39m
 [32m笨・[39m src/features/planning-sheet/__tests__/tokuseiSignalExtractors.spec.ts[2m > [22mextractChangeRigiditySignals[2m > [22mshould extract interest-in-parts signal[32m 1[2mms[22m[39m
 [32m笨・[39m src/features/planning-sheet/__tests__/tokuseiSignalExtractors.spec.ts[2m > [22mextractChangeRigiditySignals[2m > [22mshould return empty array for empty fields[32m 1[2mms[22m[39m
 [32m笨・[39m src/features/planning-sheet/__tests__/tokuseiSignalExtractors.spec.ts[2m > [22mextractChangeRigiditySignals[2m > [22mshould extract multiple signals simultaneously[32m 1[2mms[22m[39m
 [32m笨・[39m src/features/planning-sheet/__tests__/tokuseiSignalExtractors.spec.ts[2m > [22mextractMedicalSignals[2m > [22mshould extract epilepsy and medication keywords[32m 1[2mms[22m[39m
 [32m笨・[39m src/features/planning-sheet/__tests__/tokuseiSignalExtractors.spec.ts[2m > [22mextractMedicalSignals[2m > [22mshould return empty array when no medical keywords found[32m 1[2mms[22m[39m
 [32m笨・[39m src/features/planning-sheet/__tests__/tokuseiSignalExtractors.spec.ts[2m > [22mextractMedicalSignals[2m > [22mshould return empty array when notes is empty[32m 1[2mms[22m[39m
 [32m笨・[39m src/features/planning-sheet/__tests__/tokuseiSignalExtractors.spec.ts[2m > [22mextractMedicalSignals[2m > [22mshould extract context around keyword[32m 1[2mms[22m[39m
 [32m笨・[39m src/features/planning-sheet/__tests__/tokuseiSignalExtractors.spec.ts[2m > [22mextractMedicalSignals[2m > [22mshould detect allergy keyword[32m 1[2mms[22m[39m
 [32m笨・[39m src/features/planning-sheet/__tests__/tokuseiSignalExtractors.spec.ts[2m > [22mparseLabelList[2m > [22mshould parse comma-separated list[32m 1[2mms[22m[39m
 [32m笨・[39m src/features/planning-sheet/__tests__/tokuseiSignalExtractors.spec.ts[2m > [22mparseLabelList[2m > [22mshould parse semicolon-separated list[32m 1[2mms[22m[39m
 [32m笨・[39m src/features/planning-sheet/__tests__/tokuseiSignalExtractors.spec.ts[2m > [22mparseLabelList[2m > [22mshould return empty array for empty string[32m 1[2mms[22m[39m
 [32m笨・[39m src/features/planning-sheet/__tests__/tokuseiSignalExtractors.spec.ts[2m > [22mparseLabelList[2m > [22mshould trim whitespace[32m 1[2mms[22m[39m
 [32m笨・[39m src/features/planning-sheet/__tests__/tokuseiSignalExtractors.spec.ts[2m > [22mextractContextAroundKeyword[2m > [22mshould return the sentence containing the keyword[32m 1[2mms[22m[39m
 [32m笨・[39m src/features/planning-sheet/__tests__/tokuseiSignalExtractors.spec.ts[2m > [22mextractContextAroundKeyword[2m > [22mshould return full text when keyword is in single sentence[32m 1[2mms[22m[39m
 [32m笨・[39m src/features/users/__tests__/useUserFormHelpers.spec.ts[2m > [22museUserFormHelpers[2m > [22mparseTransportSchedule[2m > [22mshould return {} for null input[32m 5[2mms[22m[39m
 [32m笨・[39m src/features/users/__tests__/useUserFormHelpers.spec.ts[2m > [22museUserFormHelpers[2m > [22mparseTransportSchedule[2m > [22mshould return {} for undefined input[32m 1[2mms[22m[39m
 [32m笨・[39m src/features/users/__tests__/useUserFormHelpers.spec.ts[2m > [22museUserFormHelpers[2m > [22mparseTransportSchedule[2m > [22mshould return {} for empty string input[32m 1[2mms[22m[39m
 [32m笨・[39m src/features/users/__tests__/useUserFormHelpers.spec.ts[2m > [22museUserFormHelpers[2m > [22mparseTransportSchedule[2m > [22mshould parse valid JSON with 2 days and return the correct shape[32m 1[2mms[22m[39m
 [32m笨・[39m src/features/users/__tests__/useUserFormHelpers.spec.ts[2m > [22museUserFormHelpers[2m > [22mparseTransportSchedule[2m > [22mshould return {} for invalid JSON string[32m 1[2mms[22m[39m
 [32m笨・[39m src/features/users/__tests__/useUserFormHelpers.spec.ts[2m > [22museUserFormHelpers[2m > [22mparseTransportSchedule[2m > [22mshould return {} when JSON is an array (not an object)[32m 1[2mms[22m[39m
 [32m笨・[39m src/features/users/__tests__/useUserFormHelpers.spec.ts[2m > [22museUserFormHelpers[2m > [22mparseTransportSchedule[2m > [22mshould return {} when JSON is the literal null value[32m 1[2mms[22m[39m
 [32m笨・[39m src/features/users/__tests__/useUserFormHelpers.spec.ts[2m > [22museUserFormHelpers[2m > [22mparseTransportSchedule[2m > [22mshould return {} when JSON is a number[32m 1[2mms[22m[39m
 [32m笨・[39m src/features/users/__tests__/useUserFormHelpers.spec.ts[2m > [22museUserFormHelpers[2m > [22mserializeTransportSchedule[2m > [22mshould return null for an empty schedule[32m 1[2mms[22m[39m
 [32m笨・[39m src/features/users/__tests__/useUserFormHelpers.spec.ts[2m > [22museUserFormHelpers[2m > [22mserializeTransportSchedule[2m > [22mshould return null when a day entry has both to and from empty strings[32m 1[2mms[22m[39m
 [32m笨・[39m src/features/users/__tests__/useUserFormHelpers.spec.ts[2m > [22museUserFormHelpers[2m > [22mserializeTransportSchedule[2m > [22mshould return a JSON string when only "to" is set[32m 1[2mms[22m[39m
 [32m笨・[39m src/features/users/__tests__/useUserFormHelpers.spec.ts[2m > [22museUserFormHelpers[2m > [22mserializeTransportSchedule[2m > [22mshould return a JSON string when only "from" is set[32m 1[2mms[22m[39m
 [32m笨・[39m src/features/users/__tests__/useUserFormHelpers.spec.ts[2m > [22museUserFormHelpers[2m > [22mserializeTransportSchedule[2m > [22mshould exclude fully-empty entries and include non-empty entries[32m 1[2mms[22m[39m
 [32m笨・[39m src/features/users/__tests__/useUserFormHelpers.spec.ts[2m > [22museUserFormHelpers[2m > [22mserializeTransportSchedule[2m > [22mshould round-trip with parseTransportSchedule[32m 1[2mms[22m[39m
 [32m笨・[39m src/features/users/__tests__/useUserFormHelpers.spec.ts[2m > [22museUserFormHelpers[2m > [22mserializeTransportSchedule[2m > [22mshould return null when given an array at runtime (explicit guard 窶・mirrors Night Run 6)[32m 1[2mms[22m[39m
 [32m笨・[39m src/features/users/__tests__/useUserFormHelpers.spec.ts[2m > [22museUserFormHelpers[2m > [22mderiveTransportDays[2m > [22mshould return empty arrays for an empty schedule[32m 1[2mms[22m[39m
 [32m笨・[39m src/features/users/__tests__/useUserFormHelpers.spec.ts[2m > [22museUserFormHelpers[2m > [22mderiveTransportDays[2m > [22mshould put a day in attendanceDays AND transportToDays when to is office_shuttle[32m 2[2mms[22m[39m
 [32m笨・[39m src/features/users/__tests__/useUserFormHelpers.spec.ts[2m > [22museUserFormHelpers[2m > [22mderiveTransportDays[2m > [22mshould put a day in attendanceDays AND transportFromDays when from is office_shuttle[32m 1[2mms[22m[39m
 [32m笨・[39m src/features/users/__tests__/useUserFormHelpers.spec.ts[2m > [22museUserFormHelpers[2m > [22mderiveTransportDays[2m > [22mshould put a day in all three arrays when both to and from are office_shuttle[32m 1[2mms[22m[39m
 [32m笨・[39m src/features/users/__tests__/useUserFormHelpers.spec.ts[2m > [22museUserFormHelpers[2m > [22mderiveTransportDays[2m > [22mshould put a non-shuttle to value only in attendanceDays, not in transportToDays[32m 1[2mms[22m[39m
 [32m笨・[39m src/features/users/__tests__/useUserFormHelpers.spec.ts[2m > [22museUserFormHelpers[2m > [22mderiveTransportDays[2m > [22mshould output arrays in WEEKDAY ORDER (譛育↓豌ｴ譛ｨ驥・ regardless of key insertion order[32m 1[2mms[22m[39m
 [32m笨・[39m src/features/users/__tests__/useUserFormHelpers.spec.ts[2m > [22museUserFormHelpers[2m > [22mderiveTransportDays[2m > [22mshould ignore schedule keys that are not in WEEKDAYS (e.g. 蝨・[32m 1[2mms[22m[39m
 [32m笨・[39m src/features/users/__tests__/useUserFormHelpers.spec.ts[2m > [22museUserFormHelpers[2m > [22mderiveTransportDays[2m > [22mshould not include a day whose both to and from are empty strings[32m 1[2mms[22m[39m
 [32m笨・[39m src/features/users/__tests__/useUserFormHelpers.spec.ts[2m > [22museUserFormHelpers[2m > [22mtoCreateDto[2m > [22mshould produce correct DTO for minimal FormValues (only FullName set)[32m 2[2mms[22m[39m
 [32m笨・[39m src/features/users/__tests__/useUserFormHelpers.spec.ts[2m > [22museUserFormHelpers[2m > [22mtoCreateDto[2m > [22mshould trim surrounding whitespace from FullName[32m 1[2mms[22m[39m
 [32m笨・[39m src/features/users/__tests__/useUserFormHelpers.spec.ts[2m > [22museUserFormHelpers[2m > [22mtoCreateDto[2m > [22mshould map whitespace-only optional string fields to null[32m 1[2mms[22m[39m
 [32m笨・[39m src/features/users/__tests__/useUserFormHelpers.spec.ts[2m > [22museUserFormHelpers[2m > [22mtoCreateDto[2m > [22mshould trim and include non-empty optional string fields[32m 1[2mms[22m[39m
 [32m笨・[39m src/features/users/__tests__/useUserFormHelpers.spec.ts[2m > [22museUserFormHelpers[2m > [22mtoCreateDto[2m > [22mshould pass boolean flags through to the DTO correctly[32m 1[2mms[22m[39m
 [32m笨・[39m src/features/users/__tests__/useUserFormHelpers.spec.ts[2m > [22museUserFormHelpers[2m > [22mtoCreateDto[2m > [22mshould map transport course to canonical TransportCourse value[32m 1[2mms[22m[39m
 [32m笨・[39m src/features/users/__tests__/useUserFormHelpers.spec.ts[2m > [22museUserFormHelpers[2m > [22mtoCreateDto[2m > [22mshould populate transport arrays and serialized JSON when office_shuttle days are set[32m 1[2mms[22m[39m
 [32m笨・[39m src/features/users/__tests__/useUserFormHelpers.spec.ts[2m > [22museUserFormHelpers[2m > [22mtoCreateDto[2m > [22mshould populate AttendanceDays but keep TransportToDays null for non-shuttle to value[32m 1[2mms[22m[39m
 [32m笨・[39m src/features/users/__tests__/useUserFormHelpers.spec.ts[2m > [22museUserFormHelpers[2m > [22mtoCreateDto[2m > [22mshould always set severeFlag to false regardless of other inputs[32m 1[2mms[22m[39m
 [32m笨・[39m src/features/users/__tests__/useUserFormHelpers.spec.ts[2m > [22museUserFormHelpers[2m > [22mtransport schedule pipeline (round-trip)[2m > [22marray JSON through parseTransportSchedule yields empty schedule 窶・Night Run 6 regression[32m 1[2mms[22m[39m
 [32m笨・[39m src/features/users/__tests__/useUserFormHelpers.spec.ts[2m > [22museUserFormHelpers[2m > [22mtransport schedule pipeline (round-trip)[2m > [22marray JSON stored in FormValues produces all-null transport DTO fields[32m 1[2mms[22m[39m
 [32m笨・[39m src/features/users/__tests__/useUserFormHelpers.spec.ts[2m > [22museUserFormHelpers[2m > [22mtransport schedule pipeline (round-trip)[2m > [22mnull JSON stored in FormValues produces all-null transport DTO fields[32m 1[2mms[22m[39m
 [32m笨・[39m src/features/users/__tests__/useUserFormHelpers.spec.ts[2m > [22museUserFormHelpers[2m > [22mtransport schedule pipeline (round-trip)[2m > [22mcorrupt JSON stored in FormValues produces all-null transport DTO fields[32m 1[2mms[22m[39m
 [32m笨・[39m src/features/users/__tests__/useUserFormHelpers.spec.ts[2m > [22museUserFormHelpers[2m > [22mtransport schedule pipeline (round-trip)[2m > [22mvalid schedule round-trips: serialize 竊・parse 竊・toCreateDto produces correct DTO[32m 2[2mms[22m[39m
 [32m笨・[39m src/features/tag-analytics/domain/__tests__/tagAnalytics.spec.ts[2m > [22mcomputeTagCounts[2m > [22m遨ｺ驟榊・ 竊・遨ｺ繧ｪ繝悶ず繧ｧ繧ｯ繝・[32m 5[2mms[22m[39m
 [32m笨・[39m src/features/tag-analytics/domain/__tests__/tagAnalytics.spec.ts[2m > [22mcomputeTagCounts[2m > [22m繧ｿ繧ｰ縺ｪ縺苓ｨ倬鹸縺ｮ縺ｿ 竊・遨ｺ繧ｪ繝悶ず繧ｧ繧ｯ繝・[32m 1[2mms[22m[39m
 [32m笨・[39m src/features/tag-analytics/domain/__tests__/tagAnalytics.spec.ts[2m > [22mcomputeTagCounts[2m > [22m蜊倅ｸ繧ｿ繧ｰ 竊・繧ｫ繧ｦ繝ｳ繝・[32m 1[2mms[22m[39m
 [32m笨・[39m src/features/tag-analytics/domain/__tests__/tagAnalytics.spec.ts[2m > [22mcomputeTagCounts[2m > [22m隍・焚險倬鹸縺ｧ蜷後§繧ｿ繧ｰ 竊・蜷育ｮ・[32m 1[2mms[22m[39m
 [32m笨・[39m src/features/tag-analytics/domain/__tests__/tagAnalytics.spec.ts[2m > [22mcomputeTagCounts[2m > [22m蜷御ｸ險倬鹸縺ｫ驥崎､・ち繧ｰ 竊・蛟句挨縺ｫ繧ｫ繧ｦ繝ｳ繝・[32m 1[2mms[22m[39m
 [32m笨・[39m src/features/tag-analytics/domain/__tests__/tagAnalytics.spec.ts[2m > [22mcomputeTagCounts[2m > [22mbehaviorTags 縺・undefined 竊・繧ｹ繧ｭ繝・・[32m 1[2mms[22m[39m
 [32m笨・[39m src/features/tag-analytics/domain/__tests__/tagAnalytics.spec.ts[2m > [22mcomputeTagTrend[2m > [22m荳｡譁ｹ遨ｺ 竊・遨ｺ繧ｪ繝悶ず繧ｧ繧ｯ繝・[32m 1[2mms[22m[39m
 [32m笨・[39m src/features/tag-analytics/domain/__tests__/tagAnalytics.spec.ts[2m > [22mcomputeTagTrend[2m > [22m蜷後§繧ｫ繧ｦ繝ｳ繝・竊・flat[32m 1[2mms[22m[39m
 [32m笨・[39m src/features/tag-analytics/domain/__tests__/tagAnalytics.spec.ts[2m > [22mcomputeTagTrend[2m > [22m蠅怜刈 竊・up[32m 1[2mms[22m[39m
 [32m笨・[39m src/features/tag-analytics/domain/__tests__/tagAnalytics.spec.ts[2m > [22mcomputeTagTrend[2m > [22m貂帛ｰ・竊・down[32m 1[2mms[22m[39m
 [32m笨・[39m src/features/tag-analytics/domain/__tests__/tagAnalytics.spec.ts[2m > [22mcomputeTagTrend[2m > [22mcurrent 縺ｫ縺ｮ縺ｿ蟄伜惠 竊・diff = +count[32m 1[2mms[22m[39m
 [32m笨・[39m src/features/tag-analytics/domain/__tests__/tagAnalytics.spec.ts[2m > [22mcomputeTagTrend[2m > [22mprevious 縺ｫ縺ｮ縺ｿ蟄伜惠 竊・diff = -count[32m 1[2mms[22m[39m
 [32m笨・[39m src/features/tag-analytics/domain/__tests__/tagAnalytics.spec.ts[2m > [22mcomputeTagTrend[2m > [22m隍・焚繧ｿ繧ｰ豺ｷ蝨ｨ[32m 1[2mms[22m[39m
 [32m笨・[39m src/features/tag-analytics/domain/__tests__/tagAnalytics.spec.ts[2m > [22mcomputeTagTimeSlots[2m > [22m遨ｺ驟榊・ 竊・am/pm 荳｡譁ｹ遨ｺ[32m 1[2mms[22m[39m
 [32m笨・[39m src/features/tag-analytics/domain/__tests__/tagAnalytics.spec.ts[2m > [22mcomputeTagTimeSlots[2m > [22m繧ｿ繧ｰ縺ｪ縺・竊・am/pm 荳｡譁ｹ遨ｺ[32m 1[2mms[22m[39m
 [32m笨・[39m src/features/tag-analytics/domain/__tests__/tagAnalytics.spec.ts[2m > [22mcomputeTagTimeSlots[2m > [22m蜊亥燕縺ｮ縺ｿ豢ｻ蜍輔≠繧・竊・am 縺ｫ繧ｫ繧ｦ繝ｳ繝・[32m 1[2mms[22m[39m
 [32m笨・[39m src/features/tag-analytics/domain/__tests__/tagAnalytics.spec.ts[2m > [22mcomputeTagTimeSlots[2m > [22m蜊亥ｾ後・縺ｿ豢ｻ蜍輔≠繧・竊・pm 縺ｫ繧ｫ繧ｦ繝ｳ繝・[32m 1[2mms[22m[39m
 [32m笨・[39m src/features/tag-analytics/domain/__tests__/tagAnalytics.spec.ts[2m > [22mcomputeTagTimeSlots[2m > [22m荳｡譁ｹ豢ｻ蜍輔≠繧・竊・荳｡譁ｹ縺ｫ繧ｫ繧ｦ繝ｳ繝・[32m 1[2mms[22m[39m
 [32m笨・[39m src/features/tag-analytics/domain/__tests__/tagAnalytics.spec.ts[2m > [22mcomputeTagTimeSlots[2m > [22m隍・焚險倬鹸縺ｮ髮・ｴ・[32m 1[2mms[22m[39m
 [32m笨・[39m src/features/tag-analytics/domain/__tests__/tagAnalytics.spec.ts[2m > [22mcomputeUserTopTags[2m > [22m遨ｺ驟榊・ 竊・遨ｺ驟榊・[32m 1[2mms[22m[39m
 [32m笨・[39m src/features/tag-analytics/domain/__tests__/tagAnalytics.spec.ts[2m > [22mcomputeUserTopTags[2m > [22muserId 縺ｪ縺・竊・邨先棡縺ｪ縺・[32m 1[2mms[22m[39m
 [32m笨・[39m src/features/tag-analytics/domain/__tests__/tagAnalytics.spec.ts[2m > [22mcomputeUserTopTags[2m > [22m繧ｿ繧ｰ縺ｪ縺励Θ繝ｼ繧ｶ繝ｼ 竊・邨先棡縺ｫ蜷ｫ縺ｾ縺ｪ縺・[32m 1[2mms[22m[39m
 [32m笨・[39m src/features/tag-analytics/domain/__tests__/tagAnalytics.spec.ts[2m > [22mcomputeUserTopTags[2m > [22m蜊倅ｸ繝ｦ繝ｼ繧ｶ繝ｼ 竊・繝医ャ繝励ち繧ｰ霑泌唆[32m 2[2mms[22m[39m
 [32m笨・[39m src/features/tag-analytics/domain/__tests__/tagAnalytics.spec.ts[2m > [22mcomputeUserTopTags[2m > [22m隍・焚繝ｦ繝ｼ繧ｶ繝ｼ 竊・totalTags 髯埼・[32m 2[2mms[22m[39m
 [32m笨・[39m src/features/tag-analytics/domain/__tests__/tagAnalytics.spec.ts[2m > [22mcomputeUserTopTags[2m > [22m譛螟ｧ5莉ｶ縺ｫ蛻ｶ髯・[32m 1[2mms[22m[39m
 [32m笨・[39m src/features/tag-analytics/domain/__tests__/tagAnalytics.spec.ts[2m > [22mcomputeUserTopTags[2m > [22m繝ｩ繝吶Ν縺梧ｭ｣縺励￥繝槭ャ繝斐Φ繧ｰ縺輔ｌ繧・[32m 1[2mms[22m[39m
 [32m笨・[39m src/features/tag-analytics/domain/__tests__/tagAnalytics.spec.ts[2m > [22mgetTopTagsFromCounts[2m > [22m遨ｺ 竊・遨ｺ驟榊・[32m 1[2mms[22m[39m
 [32m笨・[39m src/features/tag-analytics/domain/__tests__/tagAnalytics.spec.ts[2m > [22mgetTopTagsFromCounts[2m > [22mcount 髯埼・〒繧ｽ繝ｼ繝・[32m 1[2mms[22m[39m
 [32m笨・[39m src/features/tag-analytics/domain/__tests__/tagAnalytics.spec.ts[2m > [22mgetTopTagsFromCounts[2m > [22m蜷檎紫譎ゅ・ key 縺ｮ霎樊嶌鬆・[32m 1[2mms[22m[39m
 [32m笨・[39m src/features/tag-analytics/domain/__tests__/tagAnalytics.spec.ts[2m > [22mgetTopTagsFromCounts[2m > [22m謖・ｮ・n 縺ｧ蛻ｶ髯・[32m 1[2mms[22m[39m
 [32m笨・[39m src/features/tag-analytics/domain/__tests__/tagAnalytics.spec.ts[2m > [22mgetTopTagsFromCounts[2m > [22m繝ｩ繝吶Ν繝ｻ繧ｫ繝・ざ繝ｪ縺梧ｭ｣縺励＞[32m 1[2mms[22m[39m
 [32m笨・[39m src/features/tag-analytics/domain/__tests__/tagAnalytics.spec.ts[2m > [22mgetTopTagsFromCounts[2m > [22m荳肴・繧ｿ繧ｰ 竊・label 縺ｯ key 縺ｮ縺ｾ縺ｾ[32m 1[2mms[22m[39m
 [32m笨・[39m src/features/tag-analytics/domain/__tests__/tagAnalytics.spec.ts[2m > [22mgetTopTagsFromCounts[2m > [22mcount = 0 縺ｮ繧ｿ繧ｰ縺ｯ繝輔ぅ繝ｫ繧ｿ縺輔ｌ繧・[32m 1[2mms[22m[39m
 [32m笨・[39m src/features/tag-analytics/domain/__tests__/tagAnalytics.spec.ts[2m > [22mpresetToDateRange[2m > [22m7d 竊・7譌･髢薙・遽・峇[32m 1[2mms[22m[39m
 [32m笨・[39m src/features/tag-analytics/domain/__tests__/tagAnalytics.spec.ts[2m > [22mpresetToDateRange[2m > [22m30d 竊・30譌･髢薙・遽・峇[32m 1[2mms[22m[39m
 [32m笨・[39m src/features/tag-analytics/domain/__tests__/tagAnalytics.spec.ts[2m > [22mpresetToDateRange[2m > [22m90d 竊・90譌･髢薙・遽・峇[32m 1[2mms[22m[39m
 [32m笨・[39m src/features/tag-analytics/domain/__tests__/tagAnalytics.spec.ts[2m > [22mpresetToDateRange[2m > [22m蟷ｴ霍ｨ縺弱〒繧よｭ｣縺励＞[32m 1[2mms[22m[39m
 [32m笨・[39m src/features/tag-analytics/domain/__tests__/tagAnalytics.spec.ts[2m > [22mpresetToDateRange[2m > [22m譛域忰縺ｧ繧よｭ｣縺励＞[32m 1[2mms[22m[39m
 [32m笨・[39m src/features/monitoring/domain/ispPlanDraftUtils.spec.ts[2m > [22mbuildIspPlanDraft[2m > [22m讒矩[2m > [22m遨ｺ蜈･蜉帙〒繧・繧ｻ繧ｯ繧ｷ繝ｧ繝ｳ霑斐☆[32m 7[2mms[22m[39m
 [32m笨・[39m src/features/monitoring/domain/ispPlanDraftUtils.spec.ts[2m > [22mbuildIspPlanDraft[2m > [22m讒矩[2m > [22m6繧ｻ繧ｯ繧ｷ繝ｧ繝ｳ縺梧ｭ｣縺励＞鬆・ｺ上〒荳ｦ縺ｶ[32m 2[2mms[22m[39m
 [32m笨・[39m src/features/monitoring/domain/ispPlanDraftUtils.spec.ts[2m > [22mbuildIspPlanDraft[2m > [22m讒矩[2m > [22m蜷・そ繧ｯ繧ｷ繝ｧ繝ｳ縺ｫ title 縺瑚ｨｭ螳壹＆繧後ｋ[32m 1[2mms[22m[39m
 [32m笨・[39m src/features/monitoring/domain/ispPlanDraftUtils.spec.ts[2m > [22mbuildIspPlanDraft[2m > [22m讒矩[2m > [22m蜷・そ繧ｯ繧ｷ繝ｧ繝ｳ縺ｮ lines 縺檎ｩｺ驟榊・縺ｫ縺ｪ繧峨↑縺・[32m 1[2mms[22m[39m
 [32m笨・[39m src/features/monitoring/domain/ispPlanDraftUtils.spec.ts[2m > [22mbuildIspPlanDraft[2m > [22moverview 繧ｻ繧ｯ繧ｷ繝ｧ繝ｳ[2m > [22m譛滄俣諠・ｱ縺後≠繧後・蟇ｾ雎｡譛滄俣繧定｡ｨ遉ｺ[32m 2[2mms[22m[39m
 [32m笨・[39m src/features/monitoring/domain/ispPlanDraftUtils.spec.ts[2m > [22mbuildIspPlanDraft[2m > [22moverview 繧ｻ繧ｯ繧ｷ繝ｧ繝ｳ[2m > [22m險倬鹸邇・ｒ陦ｨ遉ｺ[32m 1[2mms[22m[39m
 [32m笨・[39m src/features/monitoring/domain/ispPlanDraftUtils.spec.ts[2m > [22mbuildIspPlanDraft[2m > [22moverview 繧ｻ繧ｯ繧ｷ繝ｧ繝ｳ[2m > [22m逶ｮ讓呎焚繧定｡ｨ遉ｺ[32m 1[2mms[22m[39m
 [32m笨・[39m src/features/monitoring/domain/ispPlanDraftUtils.spec.ts[2m > [22mbuildIspPlanDraft[2m > [22moverview 繧ｻ繧ｯ繧ｷ繝ｧ繝ｳ[2m > [22m蛻､譁ｭ繧ｵ繝槭Μ繝ｼ縺後≠繧後・蛻､譁ｭ貂医∩/譛ｪ蛻､譁ｭ繧定｡ｨ遉ｺ[32m 1[2mms[22m[39m
 [32m笨・[39m src/features/monitoring/domain/ispPlanDraftUtils.spec.ts[2m > [22mbuildIspPlanDraft[2m > [22moverview 繧ｻ繧ｯ繧ｷ繝ｧ繝ｳ[2m > [22m譛滄俣諠・ｱ縺ｪ縺励〒縺ｯ繝・ヵ繧ｩ繝ｫ繝医Γ繝・そ繝ｼ繧ｸ[32m 1[2mms[22m[39m
 [32m笨・[39m src/features/monitoring/domain/ispPlanDraftUtils.spec.ts[2m > [22mbuildIspPlanDraft[2m > [22mmonitoring-findings 繧ｻ繧ｯ繧ｷ繝ｧ繝ｳ[2m > [22mmonitoringFindings 繧偵◎縺ｮ縺ｾ縺ｾ lines 縺ｫ豬√☆[32m 1[2mms[22m[39m
 [32m笨・[39m src/features/monitoring/domain/ispPlanDraftUtils.spec.ts[2m > [22mbuildIspPlanDraft[2m > [22mmonitoring-findings 繧ｻ繧ｯ繧ｷ繝ｧ繝ｳ[2m > [22m謇隕九ョ繝ｼ繧ｿ縺ｪ縺励〒縺ｯ繝・ヵ繧ｩ繝ｫ繝医Γ繝・そ繝ｼ繧ｸ[32m 1[2mms[22m[39m
 [32m笨・[39m src/features/monitoring/domain/ispPlanDraftUtils.spec.ts[2m > [22mbuildIspPlanDraft[2m > [22mmonitoring-findings 繧ｻ繧ｯ繧ｷ繝ｧ繝ｳ[2m > [22m遨ｺ驟榊・縺ｧ繧ゅョ繝輔か繝ｫ繝医Γ繝・そ繝ｼ繧ｸ[32m 1[2mms[22m[39m
 [32m笨・[39m src/features/monitoring/domain/ispPlanDraftUtils.spec.ts[2m > [22mbuildIspPlanDraft[2m > [22mgoal-assessment 繧ｻ繧ｯ繧ｷ繝ｧ繝ｳ[2m > [22m騾ｲ謐励ョ繝ｼ繧ｿ縺ｪ縺励〒縺ｯ繝・ヵ繧ｩ繝ｫ繝医Γ繝・そ繝ｼ繧ｸ[32m 1[2mms[22m[39m
 [32m笨・[39m src/features/monitoring/domain/ispPlanDraftUtils.spec.ts[2m > [22mbuildIspPlanDraft[2m > [22mgoal-assessment 繧ｻ繧ｯ繧ｷ繝ｧ繝ｳ[2m > [22mgoalNames 縺ｧ逶ｮ讓吝錐繧貞━蜈郁｡ｨ遉ｺ[32m 1[2mms[22m[39m
 [32m笨・[39m src/features/monitoring/domain/ispPlanDraftUtils.spec.ts[2m > [22mbuildIspPlanDraft[2m > [22mgoal-assessment 繧ｻ繧ｯ繧ｷ繝ｧ繝ｳ[2m > [22mgoalNames 縺後↑縺・ｴ蜷医・ goalId 縺ｧ陦ｨ遉ｺ[32m 1[2mms[22m[39m
 [32m笨・[39m src/features/monitoring/domain/ispPlanDraftUtils.spec.ts[2m > [22mbuildIspPlanDraft[2m > [22mgoal-assessment 繧ｻ繧ｯ繧ｷ繝ｧ繝ｳ[2m > [22m騾ｲ謐励Ξ繝吶Ν縺ｨ驕疲・邇・ｒ蜷ｫ繧[32m 1[2mms[22m[39m
 [32m笨・[39m src/features/monitoring/domain/ispPlanDraftUtils.spec.ts[2m > [22mbuildIspPlanDraft[2m > [22mgoal-assessment 繧ｻ繧ｯ繧ｷ繝ｧ繝ｳ[2m > [22m蛻､譁ｭ縺ゅｊ縺ｮ蝣ｴ蜷医・繧ｹ繝・・繧ｿ繧ｹ縺ｨ譌･莉倥ｒ蜷ｫ繧[32m 1[2mms[22m[39m
 [32m笨・[39m src/features/monitoring/domain/ispPlanDraftUtils.spec.ts[2m > [22mbuildIspPlanDraft[2m > [22mgoal-assessment 繧ｻ繧ｯ繧ｷ繝ｧ繝ｳ[2m > [22m蛻､譁ｭ縺ｪ縺励・蝣ｴ蜷医・縲梧悴蛻､譁ｭ縲崎｡ｨ遉ｺ[32m 1[2mms[22m[39m
 [32m笨・[39m src/features/monitoring/domain/ispPlanDraftUtils.spec.ts[2m > [22mbuildIspPlanDraft[2m > [22mgoal-assessment 繧ｻ繧ｯ繧ｷ繝ｧ繝ｳ[2m > [22m繝｡繝｢縺後≠繧句ｴ蜷医・繝｡繝｢繧貞性繧[32m 1[2mms[22m[39m
 [32m笨・[39m src/features/monitoring/domain/ispPlanDraftUtils.spec.ts[2m > [22mbuildIspPlanDraft[2m > [22mgoal-assessment 繧ｻ繧ｯ繧ｷ繝ｧ繝ｳ[2m > [22mISP謠先｡医′縺ゅｋ蝣ｴ蜷医・謠先｡医Ξ繝吶Ν繧貞性繧[32m 1[2mms[22m[39m
 [32m笨・[39m src/features/monitoring/domain/ispPlanDraftUtils.spec.ts[2m > [22mbuildIspPlanDraft[2m > [22mgoal-assessment 繧ｻ繧ｯ繧ｷ繝ｧ繝ｳ[2m > [22m隍・焚逶ｮ讓吶′縺ゅｋ蝣ｴ蜷医・蜷・岼讓吝・縺ｮ隧穂ｾ｡縺御ｸｦ縺ｶ[32m 1[2mms[22m[39m
 [32m笨・[39m src/features/monitoring/domain/ispPlanDraftUtils.spec.ts[2m > [22mbuildIspPlanDraft[2m > [22mdecision-summary 繧ｻ繧ｯ繧ｷ繝ｧ繝ｳ[2m > [22m蛻､譁ｭ繝・・繧ｿ縺ｪ縺励〒縺ｯ繝・ヵ繧ｩ繝ｫ繝医Γ繝・そ繝ｼ繧ｸ[32m 1[2mms[22m[39m
 [32m笨・[39m src/features/monitoring/domain/ispPlanDraftUtils.spec.ts[2m > [22mbuildIspPlanDraft[2m > [22mdecision-summary 繧ｻ繧ｯ繧ｷ繝ｧ繝ｳ[2m > [22m繧ｹ繝・・繧ｿ繧ｹ蛻･莉ｶ謨ｰ繧定｡ｨ遉ｺ[32m 1[2mms[22m[39m
 [32m笨・[39m src/features/monitoring/domain/ispPlanDraftUtils.spec.ts[2m > [22mbuildIspPlanDraft[2m > [22mdecision-summary 繧ｻ繧ｯ繧ｷ繝ｧ繝ｳ[2m > [22m譛邨ょ愛譁ｭ譌･譎ゅｒ陦ｨ遉ｺ[32m 1[2mms[22m[39m
 [32m笨・[39m src/features/monitoring/domain/ispPlanDraftUtils.spec.ts[2m > [22mbuildIspPlanDraft[2m > [22mplan-revision 繧ｻ繧ｯ繧ｷ繝ｧ繝ｳ[2m > [22m蛻､譁ｭ縺ｪ縺励〒縺ｯ繝・ヵ繧ｩ繝ｫ繝医Γ繝・そ繝ｼ繧ｸ[32m 1[2mms[22m[39m
 [32m笨・[39m src/features/monitoring/domain/ispPlanDraftUtils.spec.ts[2m > [22mbuildIspPlanDraft[2m > [22mplan-revision 繧ｻ繧ｯ繧ｷ繝ｧ繝ｳ[2m > [22m謗｡逕ｨ縺輔ｌ縺溷愛譁ｭ縺ｯ縲悟ｯｾ蠢懈｡医阪↓蜷ｫ縺ｾ繧後ｋ[32m 1[2mms[22m[39m
 [32m笨・[39m src/features/monitoring/domain/ispPlanDraftUtils.spec.ts[2m > [22mbuildIspPlanDraft[2m > [22mplan-revision 繧ｻ繧ｯ繧ｷ繝ｧ繝ｳ[2m > [22m菫晉蕗縺輔ｌ縺溷愛譁ｭ縺ｯ縲檎｢ｺ隱堺ｺ矩・阪↓蜷ｫ縺ｾ繧後ｋ[32m 1[2mms[22m[39m
 [32m笨・[39m src/features/monitoring/domain/ispPlanDraftUtils.spec.ts[2m > [22mbuildIspPlanDraft[2m > [22mplan-revision 繧ｻ繧ｯ繧ｷ繝ｧ繝ｳ[2m > [22m隕矩√ｊ縺輔ｌ縺溷愛譁ｭ縺ｯ縲瑚ｦ矩√ｊ縲阪↓蜷ｫ縺ｾ繧後ｋ[32m 1[2mms[22m[39m
 [32m笨・[39m src/features/monitoring/domain/ispPlanDraftUtils.spec.ts[2m > [22mbuildIspPlanDraft[2m > [22mplan-revision 繧ｻ繧ｯ繧ｷ繝ｧ繝ｳ[2m > [22mcontinue 繝ｬ繝吶Ν縺ｮ謠先｡医′謗｡逕ｨ縺輔ｌ縺溷ｴ蜷医・縲梧ｬ｡谿ｵ髫弱阪ｒ蜷ｫ繧[32m 1[2mms[22m[39m
 [32m笨・[39m src/features/monitoring/domain/ispPlanDraftUtils.spec.ts[2m > [22mbuildIspPlanDraft[2m > [22mplan-revision 繧ｻ繧ｯ繧ｷ繝ｧ繝ｳ[2m > [22murgent-review 繝ｬ繝吶Ν縺ｮ謠先｡医′謗｡逕ｨ縺輔ｌ縺溷ｴ蜷医・縲檎ｷ頑･縲阪ｒ蜷ｫ繧[32m 1[2mms[22m[39m
 [32m笨・[39m src/features/monitoring/domain/ispPlanDraftUtils.spec.ts[2m > [22mbuildIspPlanDraft[2m > [22mnext-actions 繧ｻ繧ｯ繧ｷ繝ｧ繝ｳ[2m > [22m繝・・繧ｿ縺ｪ縺励〒縺ｯ繝・ヵ繧ｩ繝ｫ繝医Γ繝・そ繝ｼ繧ｸ[32m 1[2mms[22m[39m
 [32m笨・[39m src/features/monitoring/domain/ispPlanDraftUtils.spec.ts[2m > [22mbuildIspPlanDraft[2m > [22mnext-actions 繧ｻ繧ｯ繧ｷ繝ｧ繝ｳ[2m > [22m謗｡逕ｨ縺輔ｌ縺溷愛譁ｭ縺ｫ蟇ｾ縺吶ｋ TODO 縺檎函謌舌＆繧後ｋ[32m 1[2mms[22m[39m
 [32m笨・[39m src/features/monitoring/domain/ispPlanDraftUtils.spec.ts[2m > [22mbuildIspPlanDraft[2m > [22mnext-actions 繧ｻ繧ｯ繧ｷ繝ｧ繝ｳ[2m > [22m菫晉蕗縺輔ｌ縺溷愛譁ｭ縺ｫ蟇ｾ縺吶ｋ蜀崎ｩ穂ｾ｡ TODO 縺檎函謌舌＆繧後ｋ[32m 1[2mms[22m[39m
 [32m笨・[39m src/features/monitoring/domain/ispPlanDraftUtils.spec.ts[2m > [22mbuildIspPlanDraft[2m > [22mnext-actions 繧ｻ繧ｯ繧ｷ繝ｧ繝ｳ[2m > [22m譛ｪ蛻､譁ｭ逶ｮ讓吶↓蟇ｾ縺吶ｋ蛻､譁ｭ遒ｺ螳・TODO 縺檎函謌舌＆繧後ｋ[32m 1[2mms[22m[39m
 [32m笨・[39m src/features/monitoring/domain/ispPlanDraftUtils.spec.ts[2m > [22mbuildIspPlanDraft[2m > [22mnext-actions 繧ｻ繧ｯ繧ｷ繝ｧ繝ｳ[2m > [22m繧｢繧ｯ繧ｷ繝ｧ繝ｳ縺ｫ逡ｪ蜿ｷ縺梧険繧峨ｌ繧・[32m 1[2mms[22m[39m
 [32m笨・[39m src/features/monitoring/domain/ispPlanDraftUtils.spec.ts[2m > [22mbuildIspPlanDraft[2m > [22mnext-actions 繧ｻ繧ｯ繧ｷ繝ｧ繝ｳ[2m > [22mrevise-goal 縺ｮ謗｡逕ｨ縺ｯ縲梧ｬ｡譛溽岼讓呎枚繧剃ｽ懈・縲阪ｒ蜷ｫ繧[32m 1[2mms[22m[39m
 [32m笨・[39m src/features/monitoring/domain/ispPlanDraftUtils.spec.ts[2m > [22mbuildIspPlanDraft[2m > [22m邨ｱ蜷医ユ繧ｹ繝茨ｼ医ヵ繝ｫ蜈･蜉幢ｼ・[2m > [22m蜈ｨ蜈･蜉帙ｒ荳弱∴縺溷ｴ蜷医↓6繧ｻ繧ｯ繧ｷ繝ｧ繝ｳ蜈ｨ縺ｦ縺ｫ蜀・ｮｹ縺後≠繧・[32m 2[2mms[22m[39m
 [32m笨・[39m src/features/daily/stores/__tests__/executionStore.spec.ts[2m > [22mexecutionStore[2m > [22mreturns empty array for unknown date/user[32m 22[2mms[22m[39m
 [32m笨・[39m src/features/daily/stores/__tests__/executionStore.spec.ts[2m > [22mexecutionStore[2m > [22minserts a new record[32m 7[2mms[22m[39m
 [32m笨・[39m src/features/daily/stores/__tests__/executionStore.spec.ts[2m > [22mexecutionStore[2m > [22mupdates an existing record by scheduleItemId[32m 4[2mms[22m[39m
 [32m笨・[39m src/features/daily/stores/__tests__/executionStore.spec.ts[2m > [22mexecutionStore[2m > [22mgets a single record by scheduleItemId[32m 3[2mms[22m[39m
 [32m笨・[39m src/features/daily/stores/__tests__/executionStore.spec.ts[2m > [22mexecutionStore[2m > [22mcalculates completion rate correctly[32m 7[2mms[22m[39m
 [32m笨・[39m src/features/daily/stores/__tests__/executionStore.spec.ts[2m > [22mexecutionStore[2m > [22mreturns 0 rate when totalSlots is 0[32m 3[2mms[22m[39m
 [32m笨・[39m src/features/daily/stores/__tests__/executionStore.spec.ts[2m > [22mexecutionStore[2m > [22mpersists to localStorage after flush[32m 8[2mms[22m[39m
 [32m笨・[39m src/features/daily/stores/__tests__/executionStore.spec.ts[2m > [22mexecutionStore[2m > [22mrecovers from corrupted localStorage[32m 2[2mms[22m[39m
 [32m笨・[39m src/features/daily/components/time-flow/hooks/__tests__/useTimeFlowState.spec.tsx[2m > [22museTimeFlowState (safety net)[2m > [22mrecordKey changes when user or date changes[32m 39[2mms[22m[39m
 [32m笨・[39m src/features/daily/components/time-flow/hooks/__tests__/useTimeFlowState.spec.tsx[2m > [22museTimeFlowState (safety net)[2m > [22mhandleUserSelect resets activeTab to "input" and clears notice[32m 6[2mms[22m[39m
 [32m笨・[39m src/features/daily/components/time-flow/hooks/__tests__/useTimeFlowState.spec.tsx[2m > [22museTimeFlowState (safety net)[2m > [22mhandleMarkComplete sets isComplete to true[32m 6[2mms[22m[39m
 [32m笨・[39m src/features/daily/hooks/legacy-stores/__tests__/procedureStore.spec.ts[2m > [22mprocedureStore[2m > [22m譛ｪ逋ｻ骭ｲ繝ｦ繝ｼ繧ｶ繝ｼ縺ｫ縺ｯ BASE_STEPS 繧偵ヵ繧ｩ繝ｼ繝ｫ繝舌ャ繧ｯ縺ｧ霑斐☆[32m 27[2mms[22m[39m
 [32m笨・[39m src/features/daily/hooks/legacy-stores/__tests__/procedureStore.spec.ts[2m > [22mprocedureStore[2m > [22msave 竊・getByUser 繝ｩ繧ｦ繝ｳ繝峨ヨ繝ｪ繝・・[32m 5[2mms[22m[39m
 [32m笨・[39m src/features/daily/hooks/legacy-stores/__tests__/procedureStore.spec.ts[2m > [22mprocedureStore[2m > [22mhasUserData: 譛ｪ逋ｻ骭ｲ繝ｦ繝ｼ繧ｶ繝ｼ 竊・false[32m 3[2mms[22m[39m
 [32m笨・[39m src/features/daily/hooks/legacy-stores/__tests__/procedureStore.spec.ts[2m > [22mprocedureStore[2m > [22mhasUserData: 逋ｻ骭ｲ貂医∩繝ｦ繝ｼ繧ｶ繝ｼ 竊・true[32m 3[2mms[22m[39m
 [32m笨・[39m src/features/daily/hooks/legacy-stores/__tests__/procedureStore.spec.ts[2m > [22mprocedureStore[2m > [22mlocalStorage 縺ｫ豌ｸ邯壼喧縺輔ｌ繧具ｼ・_flushPersist 蠕鯉ｼ・[32m 4[2mms[22m[39m
 [32m笨・[39m src/features/daily/hooks/legacy-stores/__tests__/procedureStore.spec.ts[2m > [22mprocedureStore[2m > [22m__resetStore 縺ｧ繝ｪ繝ｭ繝ｼ繝峨ｒ繧ｷ繝溘Η繝ｬ繝ｼ繝・[32m 3[2mms[22m[39m
 [32m笨・[39m src/features/daily/hooks/legacy-stores/__tests__/procedureStore.spec.ts[2m > [22mprocedureStore[2m > [22mregisteredUserIds: 逋ｻ骭ｲ貂医∩繝ｦ繝ｼ繧ｶ繝ｼID繝ｪ繧ｹ繝・[32m 14[2mms[22m[39m
 [32m笨・[39m src/features/daily/hooks/legacy-stores/__tests__/procedureStore.spec.ts[2m > [22mprocedureStore[2m > [22m遨ｺ縺ｮ userId 縺ｧ縺ｯ save 縺檎┌隕悶＆繧後ｋ[32m 9[2mms[22m[39m
 [32m笨・[39m src/features/daily/hooks/legacy-stores/__tests__/procedureStore.spec.ts[2m > [22mprocedureStore[2m > [22m螢翫ｌ縺・localStorage 繝・・繧ｿ縺ｯ繧ｯ繝ｪ繧｢縺輔ｌ縺ｦ繝輔か繝ｼ繝ｫ繝舌ャ繧ｯ[32m 3[2mms[22m[39m
 [32m笨・[39m src/features/handoff/analysis/__tests__/computeUserTrends.spec.ts[2m > [22mcomputeUserTrends[2m > [22m蝓ｺ譛ｬ蜍穂ｽ・[2m > [22mreturns empty array for empty records[32m 5[2mms[22m[39m
 [32m笨・[39m src/features/handoff/analysis/__tests__/computeUserTrends.spec.ts[2m > [22mcomputeUserTrends[2m > [22m蝓ｺ譛ｬ蜍穂ｽ・[2m > [22mgroups records by userCode[32m 7[2mms[22m[39m
 [32m笨・[39m src/features/handoff/analysis/__tests__/computeUserTrends.spec.ts[2m > [22mcomputeUserTrends[2m > [22m蝓ｺ譛ｬ蜍穂ｽ・[2m > [22msorts by totalMentions descending[32m 2[2mms[22m[39m
 [32m笨・[39m src/features/handoff/analysis/__tests__/computeUserTrends.spec.ts[2m > [22mcomputeUserTrends[2m > [22m蝓ｺ譛ｬ蜍穂ｽ・[2m > [22muses stable sort for equal totalMentions (userCode ascending)[32m 2[2mms[22m[39m
 [32m笨・[39m src/features/handoff/analysis/__tests__/computeUserTrends.spec.ts[2m > [22mcomputeUserTrends[2m > [22mtopCategories[2m > [22mreturns categories sorted by count descending[32m 2[2mms[22m[39m
 [32m笨・[39m src/features/handoff/analysis/__tests__/computeUserTrends.spec.ts[2m > [22mcomputeUserTrends[2m > [22mtopCategories[2m > [22mrespects topCategoryCount option[32m 1[2mms[22m[39m
 [32m笨・[39m src/features/handoff/analysis/__tests__/computeUserTrends.spec.ts[2m > [22mcomputeUserTrends[2m > [22mtopKeywords[2m > [22mextracts keywords using extractKeywords engine[32m 1[2mms[22m[39m
 [32m笨・[39m src/features/handoff/analysis/__tests__/computeUserTrends.spec.ts[2m > [22mcomputeUserTrends[2m > [22mtopKeywords[2m > [22mlimits to topKeywordCount (default 5)[32m 2[2mms[22m[39m
 [32m笨・[39m src/features/handoff/analysis/__tests__/computeUserTrends.spec.ts[2m > [22mcomputeUserTrends[2m > [22mtopKeywords[2m > [22mrespects topKeywordCount option[32m 1[2mms[22m[39m
 [32m笨・[39m src/features/handoff/analysis/__tests__/computeUserTrends.spec.ts[2m > [22mcomputeUserTrends[2m > [22mseverityDistribution[2m > [22mreturns zero-filled severity distribution[32m 1[2mms[22m[39m
 [32m笨・[39m src/features/handoff/analysis/__tests__/computeUserTrends.spec.ts[2m > [22mcomputeUserTrends[2m > [22mseverityDistribution[2m > [22mcounts all severity levels correctly[32m 1[2mms[22m[39m
 [32m笨・[39m src/features/handoff/analysis/__tests__/computeUserTrends.spec.ts[2m > [22mcomputeUserTrends[2m > [22mrecentTrend[2m > [22mreturns increasing when recent > prev ﾃ・1.2[32m 1[2mms[22m[39m
 [32m笨・[39m src/features/handoff/analysis/__tests__/computeUserTrends.spec.ts[2m > [22mcomputeUserTrends[2m > [22mrecentTrend[2m > [22mreturns decreasing when recent < prev ﾃ・0.8[32m 1[2mms[22m[39m
 [32m笨・[39m src/features/handoff/analysis/__tests__/computeUserTrends.spec.ts[2m > [22mcomputeUserTrends[2m > [22mrecentTrend[2m > [22mreturns stable when counts are similar[32m 1[2mms[22m[39m
 [32m笨・[39m src/features/handoff/analysis/__tests__/computeUserTrends.spec.ts[2m > [22mcomputeUserTrends[2m > [22mrecentTrend[2m > [22mreturns stable when both periods have zero records[32m 1[2mms[22m[39m
 [32m笨・[39m src/features/handoff/analysis/__tests__/computeUserTrends.spec.ts[2m > [22mcomputeUserTrends[2m > [22mrecentTrend[2m > [22mreturns increasing when prev is zero but recent has records[32m 1[2mms[22m[39m
 [32m笨・[39m src/features/handoff/analysis/__tests__/computeUserTrends.spec.ts[2m > [22mcomputeUserTrends[2m > [22mperiodDays filter[2m > [22mfilters records to specified period[32m 1[2mms[22m[39m
 [32m笨・[39m src/features/handoff/analysis/__tests__/computeUserTrends.spec.ts[2m > [22mcomputeUserTrends[2m > [22mperiodDays filter[2m > [22mreturns empty when no records in period[32m 1[2mms[22m[39m
 [32m笨・[39m src/features/handoff/analysis/__tests__/computeUserTrends.spec.ts[2m > [22mcomputeUserTrends[2m > [22medge cases[2m > [22mignores records with empty userCode[32m 1[2mms[22m[39m
 [32m笨・[39m src/features/handoff/analysis/__tests__/computeUserTrends.spec.ts[2m > [22mcomputeUserTrends[2m > [22medge cases[2m > [22mresolves displayName from most recent record[32m 1[2mms[22m[39m
 [32m笨・[39m tests/unit/users.store.spec.ts[2m > [22museUsersStore[2m > [22mdelegates to live hook when demo mode and skip-login are disabled[32m 15[2mms[22m[39m
 [32m笨・[39m tests/unit/users.store.spec.ts[2m > [22museUsersStore[2m > [22mswitches to demo hook when skip-login is enabled[32m 5[2mms[22m[39m
 [32m笨・[39m tests/unit/users.store.spec.ts[2m > [22museUsersStore[2m > [22mswitches to demo hook when demo mode flag is set[32m 4[2mms[22m[39m
 [32m笨・[39m tests/unit/users.store.spec.ts[2m > [22museUsersStore[2m > [22mswitches to demo hook when running in dev mode[32m 4[2mms[22m[39m
 [32m笨・[39m tests/unit/users.store.spec.ts[2m > [22museUsersStore[2m > [22mswitches to demo hook when running in test mode[32m 4[2mms[22m[39m
 [32m笨・[39m tests/unit/users.store.spec.ts[2m > [22museUsersStore[2m > [22mswitches to demo hook when force demo flag is set[32m 4[2mms[22m[39m
 [32m笨・[39m src/features/daily/hooks/legacy-stores/__tests__/executionStore.spec.ts[2m > [22mexecutionStore[2m > [22mreturns empty array for unknown date/user[32m 25[2mms[22m[39m
 [32m笨・[39m src/features/daily/hooks/legacy-stores/__tests__/executionStore.spec.ts[2m > [22mexecutionStore[2m > [22minserts a new record[32m 7[2mms[22m[39m
 [32m笨・[39m src/features/daily/hooks/legacy-stores/__tests__/executionStore.spec.ts[2m > [22mexecutionStore[2m > [22mupdates an existing record by scheduleItemId[32m 15[2mms[22m[39m
 [32m笨・[39m src/features/daily/hooks/legacy-stores/__tests__/executionStore.spec.ts[2m > [22mexecutionStore[2m > [22mgets a single record by scheduleItemId[32m 7[2mms[22m[39m
 [32m笨・[39m src/features/daily/hooks/legacy-stores/__tests__/executionStore.spec.ts[2m > [22mexecutionStore[2m > [22mcalculates completion rate correctly[32m 9[2mms[22m[39m
 [32m笨・[39m src/features/daily/hooks/legacy-stores/__tests__/executionStore.spec.ts[2m > [22mexecutionStore[2m > [22mreturns 0 rate when totalSlots is 0[32m 2[2mms[22m[39m
 [32m笨・[39m src/features/daily/hooks/legacy-stores/__tests__/executionStore.spec.ts[2m > [22mexecutionStore[2m > [22mpersists to localStorage after flush[32m 4[2mms[22m[39m
 [32m笨・[39m src/features/daily/hooks/legacy-stores/__tests__/executionStore.spec.ts[2m > [22mexecutionStore[2m > [22mrecovers from corrupted localStorage[32m 3[2mms[22m[39m
[90mstdout[2m | tests/unit/features/operation-hub/useOperationHubData.spec.tsx
[22m[39m[MSAL ENV] Validated successfully

[90mstdout[2m | tests/unit/app/config/navigationConfig.spec.ts
[22m[39m[MSAL ENV] Validated successfully

 [32m笨・[39m src/features/exceptions/domain/__tests__/correctiveActions.spec.ts[2m > [22mextractUserId[2m > [22m繧ｯ繧ｨ繝ｪ繝代Λ繝｡繝ｼ繧ｿ・域怙蜆ｪ蜈茨ｼ・[2m > [22mshould extract userId from ?userId= query string[32m 5[2mms[22m[39m
 [32m笨・[39m src/features/exceptions/domain/__tests__/correctiveActions.spec.ts[2m > [22mextractUserId[2m > [22m繧ｯ繧ｨ繝ｪ繝代Λ繝｡繝ｼ繧ｿ・域怙蜆ｪ蜈茨ｼ・[2m > [22mshould extract userId from &userId= in multi-param QS[32m 1[2mms[22m[39m
 [32m笨・[39m src/features/exceptions/domain/__tests__/correctiveActions.spec.ts[2m > [22mextractUserId[2m > [22m繧ｯ繧ｨ繝ｪ繝代Λ繝｡繝ｼ繧ｿ・域怙蜆ｪ蜈茨ｼ・[2m > [22mshould decode percent-encoded userId from QS[32m 1[2mms[22m[39m
 [32m笨・[39m src/features/exceptions/domain/__tests__/correctiveActions.spec.ts[2m > [22mextractUserId[2m > [22m譌｢遏･繝代せ 繝代ち繝ｼ繝ｳ[2m > [22mshould extract id from /isp-editor/:id[32m 1[2mms[22m[39m
 [32m笨・[39m src/features/exceptions/domain/__tests__/correctiveActions.spec.ts[2m > [22mextractUserId[2m > [22m譌｢遏･繝代せ 繝代ち繝ｼ繝ｳ[2m > [22mshould extract id from /users/:id[32m 1[2mms[22m[39m
 [32m笨・[39m src/features/exceptions/domain/__tests__/correctiveActions.spec.ts[2m > [22mextractUserId[2m > [22m譌｢遏･繝代せ 繝代ち繝ｼ繝ｳ[2m > [22mshould prefer QS over path pattern[32m 1[2mms[22m[39m
 [32m笨・[39m src/features/exceptions/domain/__tests__/correctiveActions.spec.ts[2m > [22mextractUserId[2m > [22mnull 繧ｱ繝ｼ繧ｹ[2m > [22mshould return null for empty string[32m 1[2mms[22m[39m
 [32m笨・[39m src/features/exceptions/domain/__tests__/correctiveActions.spec.ts[2m > [22mextractUserId[2m > [22mnull 繧ｱ繝ｼ繧ｹ[2m > [22mshould return null for path with no userId[32m 1[2mms[22m[39m
 [32m笨・[39m src/features/exceptions/domain/__tests__/correctiveActions.spec.ts[2m > [22mextractUserId[2m > [22mnull 繧ｱ繝ｼ繧ｹ[2m > [22mshould return null for unrecognized path pattern[32m 1[2mms[22m[39m
 [32m笨・[39m src/features/exceptions/domain/__tests__/correctiveActions.spec.ts[2m > [22mbuildCorrectiveActions[2m > [22mvariant 荳ｦ縺ｳ鬆・(primary > secondary > ghost)[2m > [22mmissing-record: primary 縺悟・鬆ｭ, ghost 縺梧忰蟆ｾ[32m 1[2mms[22m[39m
 [32m笨・[39m src/features/exceptions/domain/__tests__/correctiveActions.spec.ts[2m > [22mbuildCorrectiveActions[2m > [22mvariant 荳ｦ縺ｳ鬆・(primary > secondary > ghost)[2m > [22mcritical-handoff: primary 縺悟・鬆ｭ, secondary 縺・逡ｪ逶ｮ[32m 1[2mms[22m[39m
 [32m笨・[39m src/features/exceptions/domain/__tests__/correctiveActions.spec.ts[2m > [22mbuildCorrectiveActions[2m > [22mmissing-record[2m > [22mshould return 2 actions[32m 2[2mms[22m[39m
 [32m笨・[39m src/features/exceptions/domain/__tests__/correctiveActions.spec.ts[2m > [22mbuildCorrectiveActions[2m > [22mmissing-record[2m > [22mprimary: 險倬鹸繧貞・蜉帙☆繧・/ route 縺ｫ userId 縺悟沂繧∬ｾｼ縺ｾ繧後ｋ[32m 1[2mms[22m[39m
 [32m笨・[39m src/features/exceptions/domain/__tests__/correctiveActions.spec.ts[2m > [22mbuildCorrectiveActions[2m > [22mmissing-record[2m > [22mghost: 蛻ｩ逕ｨ閠・ワ繝悶ｒ髢九￥ / route 縺ｫ userId 縺悟沂繧∬ｾｼ縺ｾ繧後ｋ[32m 1[2mms[22m[39m
 [32m笨・[39m src/features/exceptions/domain/__tests__/correctiveActions.spec.ts[2m > [22mbuildCorrectiveActions[2m > [22mmissing-record[2m > [22mactionPath 縺ｪ縺玲凾: fallback route 縺・/dailysupport[32m 1[2mms[22m[39m
 [32m笨・[39m src/features/exceptions/domain/__tests__/correctiveActions.spec.ts[2m > [22mbuildCorrectiveActions[2m > [22mmissing-record[2m > [22mactionPath 縺ｪ縺玲凾: ghost fallback 縺・/users[32m 1[2mms[22m[39m
 [32m笨・[39m src/features/exceptions/domain/__tests__/correctiveActions.spec.ts[2m > [22mbuildCorrectiveActions[2m > [22mmissing-record[2m > [22mkey 縺・item.id 繧貞性繧・磯㍾隍・亟豁｢・・[32m 1[2mms[22m[39m
 [32m笨・[39m src/features/exceptions/domain/__tests__/correctiveActions.spec.ts[2m > [22mbuildCorrectiveActions[2m > [22moverdue-plan[2m > [22mshould return 2 actions[32m 1[2mms[22m[39m
 [32m笨・[39m src/features/exceptions/domain/__tests__/correctiveActions.spec.ts[2m > [22mbuildCorrectiveActions[2m > [22moverdue-plan[2m > [22mprimary: 謾ｯ謠ｴ險育判繧剃ｽ懈・縺吶ｋ / route 縺ｫ userId 縺悟沂繧∬ｾｼ縺ｾ繧後ｋ[32m 1[2mms[22m[39m
 [32m笨・[39m src/features/exceptions/domain/__tests__/correctiveActions.spec.ts[2m > [22mbuildCorrectiveActions[2m > [22moverdue-plan[2m > [22mghost: 蛻ｩ逕ｨ閠・ワ繝悶ｒ髢九￥ / severity 縺ｯ low[32m 1[2mms[22m[39m
 [32m笨・[39m src/features/exceptions/domain/__tests__/correctiveActions.spec.ts[2m > [22mbuildCorrectiveActions[2m > [22moverdue-plan[2m > [22mactionPath 縺ｪ縺玲凾: primary fallback 縺・/planning[32m 1[2mms[22m[39m
 [32m笨・[39m src/features/exceptions/domain/__tests__/correctiveActions.spec.ts[2m > [22mbuildCorrectiveActions[2m > [22mcritical-handoff[2m > [22mshould return 2 actions[32m 1[2mms[22m[39m
 [32m笨・[39m src/features/exceptions/domain/__tests__/correctiveActions.spec.ts[2m > [22mbuildCorrectiveActions[2m > [22mcritical-handoff[2m > [22mprimary: 逕ｳ縺鈴√ｊ繧堤｢ｺ隱阪☆繧・/ severity 縺ｯ critical[32m 1[2mms[22m[39m
 [32m笨・[39m src/features/exceptions/domain/__tests__/correctiveActions.spec.ts[2m > [22mbuildCorrectiveActions[2m > [22mcritical-handoff[2m > [22msecondary: 蟇ｾ蠢懆ｨ倬鹸繧呈ｮ九☆ / severity 縺ｯ high[32m 1[2mms[22m[39m
 [32m笨・[39m src/features/exceptions/domain/__tests__/correctiveActions.spec.ts[2m > [22mbuildCorrectiveActions[2m > [22mattention-user[2m > [22mshould return 2 actions[32m 1[2mms[22m[39m
 [32m笨・[39m src/features/exceptions/domain/__tests__/correctiveActions.spec.ts[2m > [22mbuildCorrectiveActions[2m > [22mattention-user[2m > [22mprimary: 謾ｯ謠ｴ謇矩・嶌繧堤｢ｺ隱阪☆繧・/ severity 縺ｯ high[32m 1[2mms[22m[39m
 [32m笨・[39m src/features/exceptions/domain/__tests__/correctiveActions.spec.ts[2m > [22mbuildCorrectiveActions[2m > [22mattention-user[2m > [22msecondary: 蛻ｩ逕ｨ閠・・隧ｳ邏ｰ繧定ｦ九ｋ / severity 縺ｯ medium[32m 1[2mms[22m[39m
 [32m笨・[39m src/features/exceptions/domain/__tests__/correctiveActions.spec.ts[2m > [22mbuildCorrectiveActions[2m > [22m譛ｪ遏･繧ｫ繝・ざ繝ｪ[2m > [22mshould return empty array for unknown category[32m 2[2mms[22m[39m
 [32m笨・[39m src/features/exceptions/domain/__tests__/correctiveActions.spec.ts[2m > [22mbuildCorrectiveActions[2m > [22mkey 縺ｮ荳諢乗ｧ[2m > [22mactions within same item have different keys[32m 1[2mms[22m[39m
 [32m笨・[39m src/features/exceptions/domain/__tests__/correctiveActions.spec.ts[2m > [22mbuildCorrectiveActions[2m > [22mkey 縺ｮ荳諢乗ｧ[2m > [22mactions from different items with same category have different keys[32m 1[2mms[22m[39m
 [32m笨・[39m src/features/exceptions/domain/__tests__/correctiveActions.spec.ts[2m > [22mbuildAllCorrectiveActions[2m > [22mshould return a Map with one entry per item[32m 1[2mms[22m[39m
 [32m笨・[39m src/features/exceptions/domain/__tests__/correctiveActions.spec.ts[2m > [22mbuildAllCorrectiveActions[2m > [22mshould return empty Map for empty input[32m 1[2mms[22m[39m
 [32m笨・[39m src/features/exceptions/domain/__tests__/correctiveActions.spec.ts[2m > [22mbuildAllCorrectiveActions[2m > [22meach map entry should have correct actions[32m 1[2mms[22m[39m
 [32m笨・[39m src/features/exceptions/domain/__tests__/correctiveActions.spec.ts[2m > [22mpickTopCorrectiveAction[2m > [22mshould return primary action of the first item[32m 1[2mms[22m[39m
 [32m笨・[39m src/features/exceptions/domain/__tests__/correctiveActions.spec.ts[2m > [22mpickTopCorrectiveAction[2m > [22mshould return null for empty items array[32m 1[2mms[22m[39m
 [32m笨・[39m src/features/exceptions/domain/__tests__/correctiveActions.spec.ts[2m > [22mpickTopCorrectiveAction[2m > [22mshould skip items with no primary action and return next[32m 1[2mms[22m[39m
 [32m笨・[39m src/features/exceptions/domain/__tests__/correctiveActions.spec.ts[2m > [22mpickTopCorrectiveAction[2m > [22mshould return null when all items have unknown category[32m 1[2mms[22m[39m
 [32m笨・[39m src/features/action-engine/telemetry/__tests__/useSuggestionVisibilityTelemetry.spec.tsx[2m > [22museSuggestionVisibilityTelemetry[2m > [22m蛻晏屓陦ｨ遉ｺ縺ｧ suggestion_shown 繧帝∽ｿ｡縺吶ｋ[32m 26[2mms[22m[39m
 [32m笨・[39m src/features/action-engine/telemetry/__tests__/useSuggestionVisibilityTelemetry.spec.tsx[2m > [22museSuggestionVisibilityTelemetry[2m > [22m蜷後§陦ｨ遉ｺ迥ｶ諷九〒蜀阪Ξ繝ｳ繝繝ｼ縺励※繧る㍾隍・∽ｿ｡縺励↑縺・[32m 5[2mms[22m[39m
 [32m笨・[39m src/features/action-engine/telemetry/__tests__/useSuggestionVisibilityTelemetry.spec.tsx[2m > [22museSuggestionVisibilityTelemetry[2m > [22msnooze 隗｣髯､縺ｧ suggestion_resurfaced 繧帝∽ｿ｡縺吶ｋ[32m 4[2mms[22m[39m
 [32m笨・[39m src/features/daily/hooks/__tests__/useLinkedStrategies.spec.ts[2m > [22museLinkedStrategies[2m > [22muserId 縺後↑縺・ｴ蜷医・遨ｺ繧定ｿ斐☆[32m 24[2mms[22m[39m
 [32m笨・[39m src/features/daily/hooks/__tests__/useLinkedStrategies.spec.ts[2m > [22museLinkedStrategies[2m > [22mactive 繧ｷ繝ｼ繝医′縺ｪ縺・ｴ蜷医・遨ｺ繧定ｿ斐☆[32m 4[2mms[22m[39m
 [32m笨・[39m src/features/daily/hooks/__tests__/useLinkedStrategies.spec.ts[2m > [22museLinkedStrategies[2m > [22mactive + isCurrent 縺ｮ繧ｷ繝ｼ繝医°繧画姶逡･繝・く繧ｹ繝医ｒ蜿門ｾ励☆繧・[32m 6[2mms[22m[39m
 [32m笨・[39m src/features/daily/hooks/__tests__/useLinkedStrategies.spec.ts[2m > [22museLinkedStrategies[2m > [22m蛻･繝ｦ繝ｼ繧ｶ繝ｼ縺ｮ繧ｷ繝ｼ繝医・蜿門ｾ励＠縺ｪ縺・[32m 3[2mms[22m[39m
 [32m笨・[39m src/features/daily/hooks/__tests__/useLinkedStrategies.spec.ts[2m > [22museLinkedStrategies[2m > [22m譛螟ｧ3莉ｶ縺ｫ邨槭ｉ繧後ｋ[32m 4[2mms[22m[39m
 [32m笨・[39m src/features/daily/hooks/__tests__/useLinkedStrategies.spec.ts[2m > [22museLinkedStrategies[2m > [22m隍・焚繝舌・繧ｸ繝ｧ繝ｳ縺ｮ縺・■譛譁ｰ繧帝∈縺ｶ[32m 3[2mms[22m[39m
 [32m笨・[39m src/features/daily/hooks/__tests__/useLinkedStrategies.spec.ts[2m > [22museLinkedStrategies[2m > [22misCurrent = false 縺ｮ繧ｷ繝ｼ繝医・辟｡隕悶☆繧・[32m 2[2mms[22m[39m
 [32m笨・[39m src/features/daily/hooks/__tests__/useLinkedStrategies.spec.ts[2m > [22museLinkedStrategies[2m > [22mlocalStorage 縺悟｣翫ｌ縺ｦ縺・※繧ゅけ繝ｩ繝・す繝･縺励↑縺・[32m 2[2mms[22m[39m
 [32m笨・[39m src/features/transport-assignments/hooks/__tests__/useTransportAssignmentSave.spec.ts[2m > [22museTransportAssignmentSave[2m > [22mupdates schedules then refetches on save success[32m 27[2mms[22m[39m
 [32m笨・[39m src/features/transport-assignments/hooks/__tests__/useTransportAssignmentSave.spec.ts[2m > [22museTransportAssignmentSave[2m > [22msets error status when update fails[32m 5[2mms[22m[39m
 [32m笨・[39m src/features/transport-assignments/hooks/__tests__/useTransportAssignmentSave.spec.ts[2m > [22museTransportAssignmentSave[2m > [22mreturns success with no-op when payload is empty[32m 4[2mms[22m[39m
 [32m笨・[39m src/domain/regulatory/__tests__/auditChecks.spec.ts[2m > [22mgetPlanningSheetMissingRisk[2m > [22m蟇ｾ雎｡蛟呵｣・+ 繧ｷ繝ｼ繝医↑縺・竊・finding[32m 5[2mms[22m[39m
 [32m笨・[39m src/domain/regulatory/__tests__/auditChecks.spec.ts[2m > [22mgetPlanningSheetMissingRisk[2m > [22m蟇ｾ雎｡蛟呵｣・+ 迴ｾ陦後す繝ｼ繝医≠繧・竊・null[32m 1[2mms[22m[39m
 [32m笨・[39m src/domain/regulatory/__tests__/auditChecks.spec.ts[2m > [22mgetPlanningSheetMissingRisk[2m > [22m轤ｹ謨ｰ荳崎ｶｳ 竊・null[32m 1[2mms[22m[39m
 [32m笨・[39m src/domain/regulatory/__tests__/auditChecks.spec.ts[2m > [22mgetPlanningSheetMissingRisk[2m > [22m蛹ｺ蛻・ｸ崎ｶｳ 竊・null[32m 1[2mms[22m[39m
 [32m笨・[39m src/domain/regulatory/__tests__/auditChecks.spec.ts[2m > [22mgetPlanningSheetMissingRisk[2m > [22m縺｡繧・≧縺ｩ10轤ｹ繝ｻ蛹ｺ蛻・ 竊・finding[32m 1[2mms[22m[39m
 [32m笨・[39m src/domain/regulatory/__tests__/auditChecks.spec.ts[2m > [22mgetPlanningSheetMissingRisk[2m > [22marchived 繧ｷ繝ｼ繝医・縺ｿ 竊・finding[32m 1[2mms[22m[39m
 [32m笨・[39m src/domain/regulatory/__tests__/auditChecks.spec.ts[2m > [22mgetAuthorQualificationRisk[2m > [22m菴懈・閠・′螳溯ｷｵ遐比ｿｮ菫ｮ莠・竊・null[32m 1[2mms[22m[39m
 [32m笨・[39m src/domain/regulatory/__tests__/auditChecks.spec.ts[2m > [22mgetAuthorQualificationRisk[2m > [22m菴懈・閠・′蝓ｺ遉守比ｿｮ縺ｮ縺ｿ 竊・finding[32m 1[2mms[22m[39m
 [32m笨・[39m src/domain/regulatory/__tests__/auditChecks.spec.ts[2m > [22mgetAuthorQualificationRisk[2m > [22m菴懈・閠・悴逋ｻ骭ｲ 竊・high finding[32m 1[2mms[22m[39m
 [32m笨・[39m src/domain/regulatory/__tests__/auditChecks.spec.ts[2m > [22mgetAuthorQualificationRisk[2m > [22m荳ｭ譬ｸ逧・ｺｺ譚・竊・null[32m 1[2mms[22m[39m
 [32m笨・[39m src/domain/regulatory/__tests__/auditChecks.spec.ts[2m > [22mgetAuthorQualificationRisk[2m > [22marchived 繧ｷ繝ｼ繝・竊・null・医メ繧ｧ繝・け蟇ｾ雎｡螟厄ｼ・[32m 1[2mms[22m[39m
 [32m笨・[39m src/domain/regulatory/__tests__/auditChecks.spec.ts[2m > [22mgetReviewOverdueRisk[2m > [22m譛滄剞雜・℃ 竊・finding[32m 1[2mms[22m[39m
 [32m笨・[39m src/domain/regulatory/__tests__/auditChecks.spec.ts[2m > [22mgetReviewOverdueRisk[2m > [22m30譌･莉･荳願ｶ・℃ 竊・high[32m 1[2mms[22m[39m
 [32m笨・[39m src/domain/regulatory/__tests__/auditChecks.spec.ts[2m > [22mgetReviewOverdueRisk[2m > [22m29譌･莉･荳玖ｶ・℃ 竊・medium[32m 1[2mms[22m[39m
 [32m笨・[39m src/domain/regulatory/__tests__/auditChecks.spec.ts[2m > [22mgetReviewOverdueRisk[2m > [22m譛滄剞蜀・竊・null[32m 1[2mms[22m[39m
 [32m笨・[39m src/domain/regulatory/__tests__/auditChecks.spec.ts[2m > [22mgetReviewOverdueRisk[2m > [22m蠖捺律 竊・null・医∪縺雜・℃縺励※縺・↑縺・ｼ・[32m 1[2mms[22m[39m
 [32m笨・[39m src/domain/regulatory/__tests__/auditChecks.spec.ts[2m > [22mgetReviewOverdueRisk[2m > [22mnextReviewAt 縺・null 竊・null[32m 1[2mms[22m[39m
 [32m笨・[39m src/domain/regulatory/__tests__/auditChecks.spec.ts[2m > [22mgetProcedureRecordGapRisk[2m > [22m險倬鹸縺ｪ縺・竊・high finding[32m 1[2mms[22m[39m
 [32m笨・[39m src/domain/regulatory/__tests__/auditChecks.spec.ts[2m > [22mgetProcedureRecordGapRisk[2m > [22m14譌･莉･荳顔ｩｺ逋ｽ 竊・finding[32m 1[2mms[22m[39m
 [32m笨・[39m src/domain/regulatory/__tests__/auditChecks.spec.ts[2m > [22mgetProcedureRecordGapRisk[2m > [22m30譌･莉･荳顔ｩｺ逋ｽ 竊・high[32m 2[2mms[22m[39m
 [32m笨・[39m src/domain/regulatory/__tests__/auditChecks.spec.ts[2m > [22mgetProcedureRecordGapRisk[2m > [22m13譌･莉･蜀・・險倬鹸縺ゅｊ 竊・null[32m 1[2mms[22m[39m
 [32m笨・[39m src/domain/regulatory/__tests__/auditChecks.spec.ts[2m > [22mgetProcedureRecordGapRisk[2m > [22m繧ｫ繧ｹ繧ｿ繝髢ｾ蛟､縺悟柑縺・[32m 1[2mms[22m[39m
 [32m笨・[39m src/domain/regulatory/__tests__/auditChecks.spec.ts[2m > [22mgetProcedureRecordGapRisk[2m > [22marchived 繧ｷ繝ｼ繝・竊・null[32m 1[2mms[22m[39m
 [32m笨・[39m src/domain/regulatory/__tests__/auditChecks.spec.ts[2m > [22mgetDeliveryMissingRisk[2m > [22mactive + 莠､莉倥↑縺・竊・finding[32m 1[2mms[22m[39m
 [32m笨・[39m src/domain/regulatory/__tests__/auditChecks.spec.ts[2m > [22mgetDeliveryMissingRisk[2m > [22mactive + 莠､莉俶ｸ医∩ 竊・null[32m 1[2mms[22m[39m
 [32m笨・[39m src/domain/regulatory/__tests__/auditChecks.spec.ts[2m > [22mgetDeliveryMissingRisk[2m > [22mdraft 竊・null・・ctive 莉･螟悶・蟇ｾ雎｡螟厄ｼ・[32m 1[2mms[22m[39m
 [32m笨・[39m src/domain/regulatory/__tests__/auditChecks.spec.ts[2m > [22mgetAddOnCandidateFindings[2m > [22m蜈ｨ隕∽ｻｶ蜈・ｶｳ 竊・finding[32m 1[2mms[22m[39m
 [32m笨・[39m src/domain/regulatory/__tests__/auditChecks.spec.ts[2m > [22mgetAddOnCandidateFindings[2m > [22m雉・ｼ荳崎ｶｳ 竊・null[32m 1[2mms[22m[39m
 [32m笨・[39m src/domain/regulatory/__tests__/auditChecks.spec.ts[2m > [22mgetAddOnCandidateFindings[2m > [22m莠､莉倥↑縺・竊・null[32m 1[2mms[22m[39m
 [32m笨・[39m src/domain/regulatory/__tests__/auditChecks.spec.ts[2m > [22mgetAddOnCandidateFindings[2m > [22m蜉邂励↑縺・竊・null[32m 1[2mms[22m[39m
 [32m笨・[39m src/domain/regulatory/__tests__/auditChecks.spec.ts[2m > [22mgetAddOnCandidateFindings[2m > [22mdraft 竊・null[32m 1[2mms[22m[39m
 [32m笨・[39m src/domain/regulatory/__tests__/auditChecks.spec.ts[2m > [22mbuildRegulatoryFindings[2m > [22m蜈ｨ譚｡莉ｶ蜈・ｶｳ繧ｷ繝ｼ繝医・蜉邂怜呵｣懊・縺ｿ霑斐☆[32m 2[2mms[22m[39m
 [32m笨・[39m src/domain/regulatory/__tests__/auditChecks.spec.ts[2m > [22mbuildRegulatoryFindings[2m > [22m繧ｷ繝ｼ繝医↑縺・+ 蟇ｾ雎｡蛟呵｣・竊・譛ｪ菴懈・繝ｪ繧ｹ繧ｯ[32m 1[2mms[22m[39m
 [32m笨・[39m src/domain/regulatory/__tests__/auditChecks.spec.ts[2m > [22mbuildRegulatoryFindings[2m > [22m隍・粋繝ｪ繧ｹ繧ｯ: 雉・ｼ荳崎ｶｳ + 譛滄剞雜・℃ + 險倬鹸縺ｪ縺・+ 莠､莉倥↑縺・[32m 2[2mms[22m[39m
 [32m笨・[39m src/domain/regulatory/__tests__/auditChecks.spec.ts[2m > [22mbuildRegulatoryFindings[2m > [22m髱槫ｯｾ雎｡蛻ｩ逕ｨ閠・+ 繧ｷ繝ｼ繝医↑縺・竊・遨ｺ[32m 2[2mms[22m[39m
 [32m笨・[39m src/domain/regulatory/__tests__/auditChecks.spec.ts[2m > [22msummarizeFindings[2m > [22m遨ｺ驟榊・ 竊・蜈ｨ繧ｼ繝ｭ[32m 1[2mms[22m[39m
 [32m笨・[39m src/domain/regulatory/__tests__/auditChecks.spec.ts[2m > [22msummarizeFindings[2m > [22m豁｣縺励￥髮・ｨ医☆繧・[32m 1[2mms[22m[39m
 [32m笨・[39m src/features/monitoring/domain/goalProgressUtils.spec.ts[2m > [22minferGoalTagLinks[2m > [22mdomain 1縺､ 竊・蟇ｾ蠢懊き繝・ざ繝ｪ繧呈耳隲悶☆繧・[32m 8[2mms[22m[39m
 [32m笨・[39m src/features/monitoring/domain/goalProgressUtils.spec.ts[2m > [22minferGoalTagLinks[2m > [22mdomain 隍・焚 竊・繧ｫ繝・ざ繝ｪ縺ｮ union 繧定ｿ斐☆[32m 2[2mms[22m[39m
 [32m笨・[39m src/features/monitoring/domain/goalProgressUtils.spec.ts[2m > [22minferGoalTagLinks[2m > [22m蜷後§繧ｫ繝・ざ繝ｪ縺ｫ驥阪↑繧・domain 竊・驥崎､・勁蜴ｻ[32m 1[2mms[22m[39m
 [32m笨・[39m src/features/monitoring/domain/goalProgressUtils.spec.ts[2m > [22minferGoalTagLinks[2m > [22msocial 竊・communication + positive[32m 1[2mms[22m[39m
 [32m笨・[39m src/features/monitoring/domain/goalProgressUtils.spec.ts[2m > [22minferGoalTagLinks[2m > [22mdomains undefined 竊・遨ｺ categories[32m 1[2mms[22m[39m
 [32m笨・[39m src/features/monitoring/domain/goalProgressUtils.spec.ts[2m > [22minferGoalTagLinks[2m > [22mdomains 遨ｺ驟榊・ 竊・遨ｺ categories[32m 1[2mms[22m[39m
 [32m笨・[39m src/features/monitoring/domain/goalProgressUtils.spec.ts[2m > [22minferGoalTagLinks[2m > [22m譛ｪ遏･縺ｮ domain ID 竊・繧ｹ繧ｭ繝・・・医お繝ｩ繝ｼ縺ｫ縺ｪ繧峨↑縺・ｼ・[32m 1[2mms[22m[39m
 [32m笨・[39m src/features/monitoring/domain/goalProgressUtils.spec.ts[2m > [22minferGoalTagLinks[2m > [22mgoals 遨ｺ驟榊・ 竊・遨ｺ驟榊・[32m 1[2mms[22m[39m
 [32m笨・[39m src/features/monitoring/domain/goalProgressUtils.spec.ts[2m > [22minferGoalTagLinks[2m > [22minferredTags 縺ｯ Phase 3-A 縺ｧ縺ｯ遨ｺ驟榊・[32m 1[2mms[22m[39m
 [32m笨・[39m src/features/monitoring/domain/goalProgressUtils.spec.ts[2m > [22minferGoalTagLinks[2m > [22m繧ｫ繝・ざ繝ｪ縺ｯ繧ｽ繝ｼ繝域ｸ医∩縺ｧ螳牙ｮ・[32m 1[2mms[22m[39m
 [32m笨・[39m src/features/monitoring/domain/goalProgressUtils.spec.ts[2m > [22minferGoalTagLinks[2m > [22m蜈ｨ5鬆伜沺縺ｮ繝槭ャ繝斐Φ繧ｰ縺悟ｮ夂ｾｩ縺輔ｌ縺ｦ縺・ｋ[32m 1[2mms[22m[39m
 [32m笨・[39m src/features/monitoring/domain/goalProgressUtils.spec.ts[2m > [22minferGoalTagLinks[2m > [22m隍・焚 goal 繧剃ｸ諡ｬ縺ｧ蜃ｦ逅・〒縺阪ｋ[32m 1[2mms[22m[39m
 [32m笨・[39m src/features/monitoring/domain/goalProgressUtils.spec.ts[2m > [22minferGoalTagLinks[2m > [22moverrideCategories 縺後≠繧後・ domain-inference 繧堤┌隕悶☆繧・[32m 1[2mms[22m[39m
 [32m笨・[39m src/features/monitoring/domain/goalProgressUtils.spec.ts[2m > [22minferGoalTagLinks[2m > [22moverrideCategories 縺檎ｩｺ驟榊・縺ｪ繧芽・蜍墓耳隲悶↓繝輔か繝ｼ繝ｫ繝舌ャ繧ｯ[32m 1[2mms[22m[39m
 [32m笨・[39m src/features/monitoring/domain/goalProgressUtils.spec.ts[2m > [22minferGoalTagLinks[2m > [22moverrideCategories 縺・undefined 縺ｪ繧芽・蜍墓耳隲・[32m 1[2mms[22m[39m
 [32m笨・[39m src/features/monitoring/domain/goalProgressUtils.spec.ts[2m > [22minferGoalTagLinks[2m > [22moverrideCategories 縺ｮ驥崎､・・繧ｽ繝ｼ繝域ｸ医∩縺ｧ髯､蜴ｻ縺輔ｌ繧・[32m 1[2mms[22m[39m
 [32m笨・[39m src/features/monitoring/domain/goalProgressUtils.spec.ts[2m > [22minferGoalTagLinks[2m > [22moverrideCategories 縺ｯ domains 螳夂ｾｩ縺ｫ髢｢繧上ｉ縺壼━蜈医＆繧後ｋ[32m 1[2mms[22m[39m
 [32m笨・[39m src/features/monitoring/domain/goalProgressUtils.spec.ts[2m > [22minferGoalTagLinks[2m > [22m隍・焚 goal 縺ｧ override 縺ｨ domain-inference 縺梧ｷｷ蝨ｨ縺ｧ縺阪ｋ[32m 1[2mms[22m[39m
 [32m笨・[39m src/features/monitoring/domain/goalProgressUtils.spec.ts[2m > [22massessGoalProgress[2m > [22mtotalRecordCount === 0 竊・noData[32m 1[2mms[22m[39m
 [32m笨・[39m src/features/monitoring/domain/goalProgressUtils.spec.ts[2m > [22massessGoalProgress[2m > [22mrate=0.6 + improving 竊・achieved[32m 1[2mms[22m[39m
 [32m笨・[39m src/features/monitoring/domain/goalProgressUtils.spec.ts[2m > [22massessGoalProgress[2m > [22mrate=0.6 + stable 竊・progressing[32m 0[2mms[22m[39m
 [32m笨・[39m src/features/monitoring/domain/goalProgressUtils.spec.ts[2m > [22massessGoalProgress[2m > [22mrate=0.5 + declining 竊・progressing[32m 0[2mms[22m[39m
 [32m笨・[39m src/features/monitoring/domain/goalProgressUtils.spec.ts[2m > [22massessGoalProgress[2m > [22mrate=0.35 + improving 竊・progressing[32m 0[2mms[22m[39m
 [32m笨・[39m src/features/monitoring/domain/goalProgressUtils.spec.ts[2m > [22massessGoalProgress[2m > [22mrate=0.35 + stable 竊・progressing[32m 1[2mms[22m[39m
 [32m笨・[39m src/features/monitoring/domain/goalProgressUtils.spec.ts[2m > [22massessGoalProgress[2m > [22mrate=0.35 + declining 竊・stagnant[32m 1[2mms[22m[39m
 [32m笨・[39m src/features/monitoring/domain/goalProgressUtils.spec.ts[2m > [22massessGoalProgress[2m > [22mrate=0.15 + improving 竊・progressing[32m 2[2mms[22m[39m
 [32m笨・[39m src/features/monitoring/domain/goalProgressUtils.spec.ts[2m > [22massessGoalProgress[2m > [22mrate=0.15 + stable 竊・stagnant[32m 1[2mms[22m[39m
 [32m笨・[39m src/features/monitoring/domain/goalProgressUtils.spec.ts[2m > [22massessGoalProgress[2m > [22mrate=0.15 + declining 竊・regressing[32m 1[2mms[22m[39m
 [32m笨・[39m src/features/monitoring/domain/goalProgressUtils.spec.ts[2m > [22massessGoalProgress[2m > [22mrate=0.05 + improving 竊・stagnant[32m 1[2mms[22m[39m
 [32m笨・[39m src/features/monitoring/domain/goalProgressUtils.spec.ts[2m > [22massessGoalProgress[2m > [22mrate=0.05 + stable 竊・stagnant[32m 1[2mms[22m[39m
 [32m笨・[39m src/features/monitoring/domain/goalProgressUtils.spec.ts[2m > [22massessGoalProgress[2m > [22mrate=0.05 + declining 竊・regressing[32m 1[2mms[22m[39m
 [32m笨・[39m src/features/monitoring/domain/goalProgressUtils.spec.ts[2m > [22massessGoalProgress[2m > [22mmatchedRecordCount / matchedTagCount 縺後◎縺ｮ縺ｾ縺ｾ霑斐ｋ[32m 1[2mms[22m[39m
 [32m笨・[39m src/features/monitoring/domain/goalProgressUtils.spec.ts[2m > [22massessGoalProgress[2m > [22mlinkedCategories 縺後◎縺ｮ縺ｾ縺ｾ霑斐ｋ[32m 1[2mms[22m[39m
 [32m笨・[39m src/features/monitoring/domain/goalProgressUtils.spec.ts[2m > [22massessGoalProgress[2m > [22mrate 縺ｯ蟆乗焚2譯√↓荳ｸ繧√ｉ繧後ｋ[32m 1[2mms[22m[39m
 [32m笨・[39m src/features/monitoring/domain/goalProgressUtils.spec.ts[2m > [22massessGoalProgress[2m > [22mrate=0.5 縺｡繧・≧縺ｩ + improving 竊・achieved[32m 1[2mms[22m[39m
 [32m笨・[39m src/features/monitoring/domain/goalProgressUtils.spec.ts[2m > [22massessGoalProgress[2m > [22mrate=0.3 縺｡繧・≧縺ｩ + declining 竊・stagnant[32m 1[2mms[22m[39m
 [32m笨・[39m src/features/monitoring/domain/goalProgressUtils.spec.ts[2m > [22massessGoalProgress[2m > [22mrate=0.1 縺｡繧・≧縺ｩ + declining 竊・regressing[32m 1[2mms[22m[39m
 [32m笨・[39m src/features/monitoring/domain/goalProgressUtils.spec.ts[2m > [22massessGoalProgress[2m > [22m蜈ｨ12繝代ち繝ｼ繝ｳ縺ｮ蛻､螳壹・繝医Μ繧ｯ繧ｹ縺梧ｭ｣縺励＞[32m 1[2mms[22m[39m
 [32m笨・[39m tests/unit/app/config/navigationConfig.spec.ts[2m > [22mnavigationConfig[2m > [22mpickGroup[2m > [22mshould classify daily routes correctly[32m 7[2mms[22m[39m
 [32m笨・[39m tests/unit/app/config/navigationConfig.spec.ts[2m > [22mnavigationConfig[2m > [22mpickGroup[2m > [22mshould classify health records as daily[32m 1[2mms[22m[39m
 [32m笨・[39m tests/unit/app/config/navigationConfig.spec.ts[2m > [22mnavigationConfig[2m > [22mpickGroup[2m > [22mshould classify handoff timeline as daily[32m 1[2mms[22m[39m
 [32m笨・[39m tests/unit/app/config/navigationConfig.spec.ts[2m > [22mnavigationConfig[2m > [22mpickGroup[2m > [22mshould classify meeting-related items as daily[32m 1[2mms[22m[39m
 [32m笨・[39m tests/unit/app/config/navigationConfig.spec.ts[2m > [22mnavigationConfig[2m > [22mpickGroup[2m > [22mshould classify records as records group[32m 1[2mms[22m[39m
 [32m笨・[39m tests/unit/app/config/navigationConfig.spec.ts[2m > [22mnavigationConfig[2m > [22mpickGroup[2m > [22mshould classify schedules as today group[32m 1[2mms[22m[39m
 [32m笨・[39m tests/unit/app/config/navigationConfig.spec.ts[2m > [22mnavigationConfig[2m > [22mpickGroup[2m > [22mshould classify analysis as ibd group[32m 1[2mms[22m[39m
 [32m笨・[39m tests/unit/app/config/navigationConfig.spec.ts[2m > [22mnavigationConfig[2m > [22mpickGroup[2m > [22mshould classify iceberg as planning group[32m 1[2mms[22m[39m
 [32m笨・[39m tests/unit/app/config/navigationConfig.spec.ts[2m > [22mnavigationConfig[2m > [22mpickGroup[2m > [22mshould classify assessment as planning group[32m 1[2mms[22m[39m
 [32m笨・[39m tests/unit/app/config/navigationConfig.spec.ts[2m > [22mnavigationConfig[2m > [22mpickGroup[2m > [22mshould classify users and staff as master group[32m 1[2mms[22m[39m
 [32m笨・[39m tests/unit/app/config/navigationConfig.spec.ts[2m > [22mnavigationConfig[2m > [22mpickGroup[2m > [22mshould classify admin items as platform group for admins only[32m 1[2mms[22m[39m
 [32m笨・[39m tests/unit/app/config/navigationConfig.spec.ts[2m > [22mnavigationConfig[2m > [22mpickGroup[2m > [22mshould classify audit log as platform group for admins only[32m 1[2mms[22m[39m
 [32m笨・[39m tests/unit/app/config/navigationConfig.spec.ts[2m > [22mnavigationConfig[2m > [22mpickGroup[2m > [22mshould default to records group for unknown items[32m 1[2mms[22m[39m
 [31mﾃ・[39m tests/unit/app/config/navigationConfig.spec.ts[2m > [22mnavigationConfig[2m > [22mcreateNavItems[2m > [22mshould create base navigation items for staff[32m 13[2mms[22m[39m
[31m   竊・expected false to be true // Object.is equality[39m
 [32m笨・[39m tests/unit/app/config/navigationConfig.spec.ts[2m > [22mnavigationConfig[2m > [22mcreateNavItems[2m > [22mshould include schedules when flag is enabled[32m 1[2mms[22m[39m
 [32m笨・[39m tests/unit/app/config/navigationConfig.spec.ts[2m > [22mnavigationConfig[2m > [22mcreateNavItems[2m > [22mshould not include schedules when flag is disabled[32m 1[2mms[22m[39m
 [32m笨・[39m tests/unit/app/config/navigationConfig.spec.ts[2m > [22mnavigationConfig[2m > [22mcreateNavItems[2m > [22mshould include compliance form when flag is enabled[32m 1[2mms[22m[39m
 [32m笨・[39m tests/unit/app/config/navigationConfig.spec.ts[2m > [22mnavigationConfig[2m > [22mcreateNavItems[2m > [22mshould include iceberg PDCA when flag is enabled[32m 1[2mms[22m[39m
 [32m笨・[39m tests/unit/app/config/navigationConfig.spec.ts[2m > [22mnavigationConfig[2m > [22mcreateNavItems[2m > [22mshould include staff attendance when flag is enabled[32m 1[2mms[22m[39m
 [32m笨・[39m tests/unit/app/config/navigationConfig.spec.ts[2m > [22mnavigationConfig[2m > [22mcreateNavItems[2m > [22mshould include admin items for admin users[32m 1[2mms[22m[39m
 [32m笨・[39m tests/unit/app/config/navigationConfig.spec.ts[2m > [22mnavigationConfig[2m > [22mcreateNavItems[2m > [22mshould not include admin items for non-admin users[32m 1[2mms[22m[39m
 [32m笨・[39m tests/unit/app/config/navigationConfig.spec.ts[2m > [22mnavigationConfig[2m > [22mcreateNavItems[2m > [22mshould filter items by audience (all items visible to all)[32m 1[2mms[22m[39m
 [32m笨・[39m tests/unit/app/config/navigationConfig.spec.ts[2m > [22mnavigationConfig[2m > [22mcreateNavItems[2m > [22mshould respect skipLogin parameter[32m 1[2mms[22m[39m
 [32m笨・[39m tests/unit/app/config/navigationConfig.spec.ts[2m > [22mnavigationConfig[2m > [22mcreateNavItems[2m > [22mshould exclude admin-audience items for staff navAudience[32m 1[2mms[22m[39m
 [32m笨・[39m tests/unit/app/config/navigationConfig.spec.ts[2m > [22mnavigationConfig[2m > [22mcreateNavItems[2m > [22mshould include reception and staff items for reception navAudience[32m 1[2mms[22m[39m
 [32m笨・[39m tests/unit/app/config/navigationConfig.spec.ts[2m > [22mnavigationConfig[2m > [22mcreateNavItems[2m > [22mshould show all items for admin navAudience (admin sees everything)[32m 1[2mms[22m[39m
 [32m笨・[39m tests/unit/app/config/navigationConfig.spec.ts[2m > [22mnavigationConfig[2m > [22mfilterNavItems[2m > [22mshould return all items when query is empty[32m 14[2mms[22m[39m
 [32m笨・[39m tests/unit/app/config/navigationConfig.spec.ts[2m > [22mnavigationConfig[2m > [22mfilterNavItems[2m > [22mshould filter items by label (case-insensitive)[32m 1[2mms[22m[39m
 [32m笨・[39m tests/unit/app/config/navigationConfig.spec.ts[2m > [22mnavigationConfig[2m > [22mfilterNavItems[2m > [22mshould handle case-insensitive search[32m 1[2mms[22m[39m
 [32m笨・[39m tests/unit/app/config/navigationConfig.spec.ts[2m > [22mnavigationConfig[2m > [22mfilterNavItems[2m > [22mshould return empty array when no matches[32m 1[2mms[22m[39m
 [32m笨・[39m tests/unit/app/config/navigationConfig.spec.ts[2m > [22mnavigationConfig[2m > [22mfilterNavItems[2m > [22mshould trim whitespace from query[32m 1[2mms[22m[39m
 [32m笨・[39m tests/unit/app/config/navigationConfig.spec.ts[2m > [22mnavigationConfig[2m > [22mgroupNavItems[2m > [22mshould group items correctly[32m 4[2mms[22m[39m
 [32m笨・[39m tests/unit/app/config/navigationConfig.spec.ts[2m > [22mnavigationConfig[2m > [22mgroupNavItems[2m > [22mshould classify admin items correctly for admin users[32m 3[2mms[22m[39m
 [32m笨・[39m tests/unit/app/config/navigationConfig.spec.ts[2m > [22mnavigationConfig[2m > [22mgroupNavItems[2m > [22mshould maintain group order[32m 2[2mms[22m[39m
 [32m笨・[39m tests/unit/app/config/navigationConfig.spec.ts[2m > [22mnavigationConfig[2m > [22mgroupNavItems[2m > [22mshould omit empty groups from the map[32m 4[2mms[22m[39m
 [32m笨・[39m tests/unit/app/config/navigationConfig.spec.ts[2m > [22mnavigationConfig[2m > [22mgroupNavItems[2m > [22mshould bring back a group automatically when items are added to it[32m 7[2mms[22m[39m
 [32m笨・[39m tests/unit/app/config/navigationConfig.spec.ts[2m > [22mnavigationConfig[2m > [22mconstants[2m > [22mshould have correct NAV_AUDIENCE values[32m 1[2mms[22m[39m
 [32m笨・[39m tests/unit/app/config/navigationConfig.spec.ts[2m > [22mnavigationConfig[2m > [22mconstants[2m > [22mshould map RBAC role to nav audience hierarchy[32m 1[2mms[22m[39m
 [32m笨・[39m tests/unit/app/config/navigationConfig.spec.ts[2m > [22mnavigationConfig[2m > [22mconstants[2m > [22mshould have correct group labels[32m 1[2mms[22m[39m
 [32m笨・[39m tests/unit/app/config/navigationConfig.spec.ts[2m > [22mnavigationConfig[2m > [22mconstants[2m > [22mshould have correct group order[32m 1[2mms[22m[39m
 [32m笨・[39m src/features/action-engine/telemetry/__tests__/useSuggestionDeepLinkArrivalTelemetry.spec.tsx[2m > [22museSuggestionDeepLinkArrivalTelemetry[2m > [22m荳閾ｴ縺吶ｋ pending deep link 縺後≠繧句ｴ蜷医↓蛻ｰ驕・telemetry 繧帝√ｋ[32m 35[2mms[22m[39m
 [32m笨・[39m src/features/action-engine/telemetry/__tests__/useSuggestionDeepLinkArrivalTelemetry.spec.tsx[2m > [22museSuggestionDeepLinkArrivalTelemetry[2m > [22mpending 縺後↑縺・ｴ蜷医・ telemetry 繧帝√ｉ縺ｪ縺・[32m 4[2mms[22m[39m
 [32m笨・[39m src/domain/isp/__tests__/planningSheetVersion.spec.ts[2m > [22mcomputeDaysOverdue[2m > [22mshould return positive days when overdue[32m 5[2mms[22m[39m
 [32m笨・[39m src/domain/isp/__tests__/planningSheetVersion.spec.ts[2m > [22mcomputeDaysOverdue[2m > [22mshould return negative days when not yet due[32m 1[2mms[22m[39m
 [32m笨・[39m src/domain/isp/__tests__/planningSheetVersion.spec.ts[2m > [22mcomputeDaysOverdue[2m > [22mshould return 0 on the due date[32m 2[2mms[22m[39m
 [32m笨・[39m src/domain/isp/__tests__/planningSheetVersion.spec.ts[2m > [22mcomputeDaysOverdue[2m > [22mshould return null when nextReviewAt is null[32m 1[2mms[22m[39m
 [32m笨・[39m src/domain/isp/__tests__/planningSheetVersion.spec.ts[2m > [22mcomputeDaysOverdue[2m > [22mshould return null for invalid date[32m 1[2mms[22m[39m
 [32m笨・[39m src/domain/isp/__tests__/planningSheetVersion.spec.ts[2m > [22misReviewOverdue[2m > [22mshould return true when past due[32m 1[2mms[22m[39m
 [32m笨・[39m src/domain/isp/__tests__/planningSheetVersion.spec.ts[2m > [22misReviewOverdue[2m > [22mshould return false when not yet due[32m 1[2mms[22m[39m
 [32m笨・[39m src/domain/isp/__tests__/planningSheetVersion.spec.ts[2m > [22misReviewOverdue[2m > [22mshould return false on the exact due date[32m 1[2mms[22m[39m
 [32m笨・[39m src/domain/isp/__tests__/planningSheetVersion.spec.ts[2m > [22misReviewOverdue[2m > [22mshould return false when nextReviewAt is null[32m 1[2mms[22m[39m
 [32m笨・[39m src/domain/isp/__tests__/planningSheetVersion.spec.ts[2m > [22mcomputeReviewAlertLevel[2m > [22mshould return critical when overdue[32m 1[2mms[22m[39m
 [32m笨・[39m src/domain/isp/__tests__/planningSheetVersion.spec.ts[2m > [22mcomputeReviewAlertLevel[2m > [22mshould return warning when within 30 days[32m 1[2mms[22m[39m
 [32m笨・[39m src/domain/isp/__tests__/planningSheetVersion.spec.ts[2m > [22mcomputeReviewAlertLevel[2m > [22mshould return good when more than 30 days away[32m 1[2mms[22m[39m
 [32m笨・[39m src/domain/isp/__tests__/planningSheetVersion.spec.ts[2m > [22mcomputeReviewAlertLevel[2m > [22mshould return none when nextReviewAt is null[32m 1[2mms[22m[39m
 [32m笨・[39m src/domain/isp/__tests__/planningSheetVersion.spec.ts[2m > [22mcreateRevisionDraft[2m > [22mshould create a draft with version incremented[32m 1[2mms[22m[39m
 [32m笨・[39m src/domain/isp/__tests__/planningSheetVersion.spec.ts[2m > [22mcreateRevisionDraft[2m > [22mshould copy content fields from current version[32m 1[2mms[22m[39m
 [32m笨・[39m src/domain/isp/__tests__/planningSheetVersion.spec.ts[2m > [22mactivatePlanningSheetVersion[2m > [22mshould promote target to active and archive old active[32m 1[2mms[22m[39m
 [32m笨・[39m src/domain/isp/__tests__/planningSheetVersion.spec.ts[2m > [22mactivatePlanningSheetVersion[2m > [22mshould not modify unrelated versions[32m 1[2mms[22m[39m
 [32m笨・[39m src/domain/isp/__tests__/planningSheetVersion.spec.ts[2m > [22mactivatePlanningSheetVersion[2m > [22mshould throw when target not found[32m 3[2mms[22m[39m
 [32m笨・[39m src/domain/isp/__tests__/planningSheetVersion.spec.ts[2m > [22marchivePlanningSheetVersion[2m > [22mshould set status to archived and isCurrent to false[32m 1[2mms[22m[39m
 [32m笨・[39m src/domain/isp/__tests__/planningSheetVersion.spec.ts[2m > [22mgetPlanningSheetVersionHistory[2m > [22mshould return versions sorted by version number descending[32m 4[2mms[22m[39m
 [32m笨・[39m src/domain/isp/__tests__/planningSheetVersion.spec.ts[2m > [22mgetPlanningSheetVersionHistory[2m > [22mshould return empty array for empty input[32m 1[2mms[22m[39m
 [32m笨・[39m src/domain/isp/__tests__/planningSheetVersion.spec.ts[2m > [22mtoVersionHistoryEntries[2m > [22mshould produce VersionHistoryEntry<SupportPlanningSheet> compatible objects[32m 1[2mms[22m[39m
 [32m笨・[39m src/domain/isp/__tests__/planningSheetVersion.spec.ts[2m > [22mcomputeVersionSummary[2m > [22mshould compute summary with active current version[32m 1[2mms[22m[39m
 [32m笨・[39m src/domain/isp/__tests__/planningSheetVersion.spec.ts[2m > [22mcomputeVersionSummary[2m > [22mshould detect overdue review[32m 1[2mms[22m[39m
 [32m笨・[39m src/domain/isp/__tests__/planningSheetVersion.spec.ts[2m > [22mcomputeVersionSummary[2m > [22mshould detect draft and review pending[32m 1[2mms[22m[39m
 [32m笨・[39m src/domain/isp/__tests__/planningSheetVersion.spec.ts[2m > [22mcomputeVersionSummary[2m > [22mshould handle empty input[32m 1[2mms[22m[39m
 [32m笨・[39m src/domain/isp/__tests__/planningSheetVersion.spec.ts[2m > [22mgetCurrentVersion[2m > [22mshould return the active + isCurrent sheet[32m 1[2mms[22m[39m
 [32m笨・[39m src/domain/isp/__tests__/planningSheetVersion.spec.ts[2m > [22mgetCurrentVersion[2m > [22mshould return null when no active version[32m 1[2mms[22m[39m
 [32m笨・[39m src/domain/isp/__tests__/planningSheetVersion.spec.ts[2m > [22mgetLatestVersion[2m > [22mshould return the highest version number[32m 1[2mms[22m[39m
 [32m笨・[39m src/domain/isp/__tests__/planningSheetVersion.spec.ts[2m > [22mgetLatestVersion[2m > [22mshould return null for empty input[32m 0[2mms[22m[39m
 [32m笨・[39m src/domain/isp/__tests__/planningSheetVersion.spec.ts[2m > [22msortByVersionDescFull[2m > [22mshould sort sheets by version descending[32m 1[2mms[22m[39m
 [32m笨・[39m src/domain/isp/__tests__/planningSheetVersion.spec.ts[2m > [22msortByVersionDescFull[2m > [22mshould not mutate original array[32m 1[2mms[22m[39m
[90mstdout[2m | tests/unit/repositoryFactory.spec.ts
[22m[39m[MSAL ENV] Validated successfully

[90mstdout[2m | tests/unit/features/compliance-checklist/api.spec.tsx
[22m[39m[MSAL ENV] Validated successfully

 [32m笨・[39m src/features/import/domain/__tests__/importHistory.spec.ts[2m > [22mimportHistoryStore[2m > [22maddEntry[2m > [22m繧ｨ繝ｳ繝医Μ繧定ｿｽ蜉縺励※閾ｪ蜍慕噪縺ｫID繧堤函謌舌☆繧・[32m 6[2mms[22m[39m
 [32m笨・[39m src/features/import/domain/__tests__/importHistory.spec.ts[2m > [22mimportHistoryStore[2m > [22maddEntry[2m > [22m謖・ｮ壹＆繧後◆ID繧剃ｽｿ逕ｨ縺吶ｋ[32m 1[2mms[22m[39m
 [32m笨・[39m src/features/import/domain/__tests__/importHistory.spec.ts[2m > [22mimportHistoryStore[2m > [22maddEntry[2m > [22m譁ｰ縺励＞繧ｨ繝ｳ繝医Μ縺悟・鬆ｭ縺ｫ霑ｽ蜉縺輔ｌ繧・[32m 3[2mms[22m[39m
 [32m笨・[39m src/features/import/domain/__tests__/importHistory.spec.ts[2m > [22mimportHistoryStore[2m > [22maddEntry[2m > [22m譛螟ｧ莉ｶ謨ｰ(100)繧定ｶ・∴縺溘ｉ蜿､縺・ｂ縺ｮ繧貞炎髯､縺吶ｋ[32m 14[2mms[22m[39m
 [32m笨・[39m src/features/import/domain/__tests__/importHistory.spec.ts[2m > [22mimportHistoryStore[2m > [22mgetAll[2m > [22m遨ｺ縺ｮ繧ｹ繝医Ξ繝ｼ繧ｸ縺ｧ縺ｯ遨ｺ驟榊・繧定ｿ斐☆[32m 2[2mms[22m[39m
 [32m笨・[39m src/features/import/domain/__tests__/importHistory.spec.ts[2m > [22mimportHistoryStore[2m > [22mgetAll[2m > [22m縺吶∋縺ｦ縺ｮ繧ｨ繝ｳ繝医Μ繧呈眠縺励＞鬆・〒霑斐☆[32m 1[2mms[22m[39m
 [32m笨・[39m src/features/import/domain/__tests__/importHistory.spec.ts[2m > [22mimportHistoryStore[2m > [22mgetAll[2m > [22m荳肴ｭ｣縺ｪJSON縺後≠繧句ｴ蜷医・遨ｺ驟榊・繧定ｿ斐☆[32m 1[2mms[22m[39m
 [32m笨・[39m src/features/import/domain/__tests__/importHistory.spec.ts[2m > [22mimportHistoryStore[2m > [22mgetByTarget[2m > [22m繧ｿ繝ｼ繧ｲ繝・ヨ蛻･縺ｫ繝輔ぅ繝ｫ繧ｿ繝ｼ縺励※霑斐☆[32m 2[2mms[22m[39m
 [32m笨・[39m src/features/import/domain/__tests__/importHistory.spec.ts[2m > [22mimportHistoryStore[2m > [22mgetByTarget[2m > [22m隧ｲ蠖薙↑縺励・蝣ｴ蜷医・遨ｺ驟榊・繧定ｿ斐☆[32m 1[2mms[22m[39m
 [32m笨・[39m src/features/import/domain/__tests__/importHistory.spec.ts[2m > [22mimportHistoryStore[2m > [22mgetLatest[2m > [22m譛譁ｰ n 莉ｶ繧定ｿ斐☆[32m 1[2mms[22m[39m
 [32m笨・[39m src/features/import/domain/__tests__/importHistory.spec.ts[2m > [22mimportHistoryStore[2m > [22mgetLatest[2m > [22mn 縺悟・莉ｶ謨ｰ繧医ｊ螟ｧ縺阪＞蝣ｴ蜷医・蜈ｨ莉ｶ霑斐☆[32m 1[2mms[22m[39m
 [32m笨・[39m src/features/import/domain/__tests__/importHistory.spec.ts[2m > [22mimportHistoryStore[2m > [22mclear[2m > [22m縺吶∋縺ｦ縺ｮ繧ｨ繝ｳ繝医Μ繧貞炎髯､縺吶ｋ[32m 1[2mms[22m[39m
 [32m笨・[39m src/features/import/domain/__tests__/importHistory.spec.ts[2m > [22mimportHistoryStore[2m > [22m繝・・繧ｿ謨ｴ蜷域ｧ[2m > [22mvalidationIssues 繧貞性繧繧ｨ繝ｳ繝医Μ繧呈ｭ｣縺励￥菫晏ｭ倥・蠕ｩ蜈・☆繧・[32m 1[2mms[22m[39m
 [32m笨・[39m src/features/import/domain/__tests__/importHistory.spec.ts[2m > [22mimportHistoryStore[2m > [22m繝・・繧ｿ謨ｴ蜷域ｧ[2m > [22mnotes 繝輔ぅ繝ｼ繝ｫ繝峨′菫晏ｭ倥＆繧後ｋ[32m 1[2mms[22m[39m
 [32m笨・[39m src/features/support-plan-guide/domain/__tests__/plannerInsights.spec.ts[2m > [22mcomputePlannerInsights[2m > [22m謠先｡医・蛻､譁ｭ繝ｻHUD 蜈ｨ遨ｺ縺ｧ goals 縺ゅｊ縺ｪ繧・actions 縺ｯ遨ｺ驟榊・[32m 6[2mms[22m[39m
 [32m笨・[39m src/features/support-plan-guide/domain/__tests__/plannerInsights.spec.ts[2m > [22mcomputePlannerInsights[2m > [22m蜈ｨ繝・・繧ｿ遨ｺ・・oals=[]・峨↑繧・missingGoals 縺ｮ縺ｿ[32m 3[2mms[22m[39m
 [32m笨・[39m src/features/support-plan-guide/domain/__tests__/plannerInsights.spec.ts[2m > [22mcomputePlannerInsights[2m > [22m譛ｪ蛻､譁ｭ縺ｮ謠先｡医′縺ゅｌ縺ｰ pendingSuggestions 繧｢繧ｯ繧ｷ繝ｧ繝ｳ繧定ｿ斐☆[32m 1[2mms[22m[39m
 [32m笨・[39m src/features/support-plan-guide/domain/__tests__/plannerInsights.spec.ts[2m > [22mcomputePlannerInsights[2m > [22m蜈ｨ謠先｡医′蛻､譁ｭ貂医∩縺ｪ繧・pendingSuggestions 繧定ｿ斐＆縺ｪ縺・[32m 1[2mms[22m[39m
 [32m笨・[39m src/features/support-plan-guide/domain/__tests__/plannerInsights.spec.ts[2m > [22mcomputePlannerInsights[2m > [22mnoted/deferred 縺ｮ繝｡繝｢縺後≠繧後・ promotionCandidates 繧定ｿ斐☆[32m 1[2mms[22m[39m
 [32m笨・[39m src/features/support-plan-guide/domain/__tests__/plannerInsights.spec.ts[2m > [22mcomputePlannerInsights[2m > [22m蜈ｨ繝｡繝｢縺・promoted 縺ｪ繧・promotionCandidates 繧定ｿ斐＆縺ｪ縺・[32m 1[2mms[22m[39m
 [32m笨・[39m src/features/support-plan-guide/domain/__tests__/plannerInsights.spec.ts[2m > [22mcomputePlannerInsights[2m > [22mgoals 縺檎ｩｺ縺ｪ繧・missingGoals 繧定ｿ斐☆[32m 1[2mms[22m[39m
 [32m笨・[39m src/features/support-plan-guide/domain/__tests__/plannerInsights.spec.ts[2m > [22mcomputePlannerInsights[2m > [22mgoals 縺悟ｭ伜惠縺吶ｌ縺ｰ missingGoals 繧定ｿ斐＆縺ｪ縺・[32m 1[2mms[22m[39m
 [32m笨・[39m src/features/support-plan-guide/domain/__tests__/plannerInsights.spec.ts[2m > [22mcomputePlannerInsights[2m > [22mwarning/danger 縺ｮ HUD 鬆・岼縺後≠繧後・ regulatoryIssues 繧定ｿ斐☆[32m 1[2mms[22m[39m
 [32m笨・[39m src/features/support-plan-guide/domain/__tests__/plannerInsights.spec.ts[2m > [22mcomputePlannerInsights[2m > [22m蜈ｨ HUD 縺・ok 縺ｪ繧・regulatoryIssues 繧定ｿ斐＆縺ｪ縺・[32m 1[2mms[22m[39m
 [32m笨・[39m src/features/support-plan-guide/domain/__tests__/plannerInsights.spec.ts[2m > [22mcomputePlannerInsights[2m > [22m0莉ｶ繧ｫ繧ｦ繝ｳ繝医・繧｢繧ｯ繧ｷ繝ｧ繝ｳ縺ｯ actions 縺ｫ蜷ｫ縺ｾ繧後↑縺・[32m 1[2mms[22m[39m
 [32m笨・[39m src/features/support-plan-guide/domain/__tests__/plannerInsights.spec.ts[2m > [22mcomputePlannerInsights[2m > [22mseverity desc 竊・count desc 縺ｮ鬆・〒 actions 繧定ｿ斐☆[32m 1[2mms[22m[39m
 [32m笨・[39m src/features/support-plan-guide/domain/__tests__/plannerInsights.spec.ts[2m > [22mcomputePlannerInsights[2m > [22m蛻､譁ｭ繝・・繧ｿ縺ｪ縺励↑繧・weeklyAcceptanceRate 縺ｯ undefined[32m 1[2mms[22m[39m
 [32m笨・[39m src/features/support-plan-guide/domain/__tests__/plannerInsights.spec.ts[2m > [22mcomputePlannerInsights[2m > [22m蛻､譁ｭ繝・・繧ｿ縺後≠繧後・ weeklyAcceptanceRate 繧堤ｮ怜・[32m 1[2mms[22m[39m
 [32m笨・[39m src/features/support-plan-guide/domain/__tests__/plannerInsights.spec.ts[2m > [22mcomputePlannerInsights[2m > [22mtotalOpenActions 縺ｯ蜈ｨ繧｢繧ｯ繧ｷ繝ｧ繝ｳ縺ｮ count 蜷郁ｨ・[32m 1[2mms[22m[39m
 [32m笨・[39m src/features/support-plan-guide/domain/__tests__/plannerInsights.spec.ts[2m > [22mcomputePlannerInsights[2m > [22m蜷後§ id 縺ｮ隍・焚繝ｬ繧ｳ繝ｼ繝峨・譛譁ｰ縺ｮ縺ｿ蜿ら・[32m 1[2mms[22m[39m
 [32m笨・[39m src/features/support-plan-guide/domain/__tests__/plannerInsights.spec.ts[2m > [22mcomputePlannerInsightDetails[2m > [22m譛ｪ蛻､譁ｭ縺ｮ謠先｡医ち繧､繝医Ν繧定ｿ斐☆[32m 2[2mms[22m[39m
 [32m笨・[39m src/features/support-plan-guide/domain/__tests__/plannerInsights.spec.ts[2m > [22mcomputePlannerInsightDetails[2m > [22m蜈ｨ謠先｡亥愛譁ｭ貂医∩縺ｪ繧・pendingSuggestions 縺ｯ undefined[32m 1[2mms[22m[39m
 [32m笨・[39m src/features/support-plan-guide/domain/__tests__/plannerInsights.spec.ts[2m > [22mcomputePlannerInsightDetails[2m > [22mnoted/deferred 縺ｮ蛟呵｣懊ｒ繧ｿ繧､繝医Ν莉倥″縺ｧ霑斐☆[32m 1[2mms[22m[39m
 [32m笨・[39m src/features/support-plan-guide/domain/__tests__/plannerInsights.spec.ts[2m > [22mcomputePlannerInsightDetails[2m > [22m蜈ｨ繝｡繝｢縺・promoted 縺ｪ繧・promotionCandidates 縺ｯ undefined[32m 1[2mms[22m[39m
 [32m笨・[39m src/features/support-plan-guide/domain/__tests__/plannerInsights.spec.ts[2m > [22mcomputePlannerInsightDetails[2m > [22mgoals 縺檎ｩｺ縺ｪ繧峨ぎ繧､繝繝ｳ繧ｹ繝｡繝・そ繝ｼ繧ｸ繧定ｿ斐☆[32m 1[2mms[22m[39m
 [32m笨・[39m src/features/support-plan-guide/domain/__tests__/plannerInsights.spec.ts[2m > [22mcomputePlannerInsightDetails[2m > [22mgoals 縺後≠繧句ｴ蜷医・ missingGoals 繧定ｿ斐＆縺ｪ縺・[32m 1[2mms[22m[39m
 [32m笨・[39m src/features/support-plan-guide/domain/__tests__/plannerInsights.spec.ts[2m > [22mcomputePlannerInsightDetails[2m > [22mwarning/danger 縺ｮ HUD 鬆・岼繧貞句挨縺ｫ霑斐☆[32m 1[2mms[22m[39m
 [32m笨・[39m src/features/support-plan-guide/domain/__tests__/plannerInsights.spec.ts[2m > [22mcomputePlannerInsightDetails[2m > [22m蜈ｨ HUD 縺・ok 縺ｪ繧・regulatoryIssues 縺ｯ undefined[32m 1[2mms[22m[39m
 [32m笨・[39m src/features/support-plan-guide/domain/__tests__/plannerInsights.spec.ts[2m > [22mcomputePlannerInsightDetails[2m > [22m蜈ｨ遨ｺ蜈･蜉帙〒 missingGoals 縺ｮ縺ｿ霑斐☆[32m 1[2mms[22m[39m
 [32m笨・[39m src/features/support-plan-guide/domain/__tests__/plannerInsights.spec.ts[2m > [22mcomputePlannerTrendSeries[2m > [22m蛻､譁ｭ縺ｪ縺励↑繧・isEmpty:true 縺ｧ蜈ｨ繝昴う繝ｳ繝・decisionCount=0[32m 1[2mms[22m[39m
 [32m笨・[39m src/features/support-plan-guide/domain/__tests__/plannerInsights.spec.ts[2m > [22mcomputePlannerTrendSeries[2m > [22mweeks 謖・ｮ壼・縺ｮ繝昴う繝ｳ繝医ｒ霑斐☆[32m 1[2mms[22m[39m
 [32m笨・[39m src/features/support-plan-guide/domain/__tests__/plannerInsights.spec.ts[2m > [22mcomputePlannerTrendSeries[2m > [22m繝昴う繝ｳ繝医・ weekStart 縺梧怦譖懊↓縺ｪ繧・[32m 1[2mms[22m[39m
 [32m笨・[39m src/features/support-plan-guide/domain/__tests__/plannerInsights.spec.ts[2m > [22mcomputePlannerTrendSeries[2m > [22m蛻､譁ｭ繧呈ｭ｣縺励＞騾ｱ繝舌こ繝・ヨ縺ｫ謖ｯ繧雁・縺代ｋ[32m 1[2mms[22m[39m
 [32m笨・[39m src/features/support-plan-guide/domain/__tests__/plannerInsights.spec.ts[2m > [22mcomputePlannerTrendSeries[2m > [22maccepted/dismissed 縺後↑縺・ｱ縺ｮ acceptanceRate 縺ｯ undefined[32m 1[2mms[22m[39m
 [32m笨・[39m src/features/support-plan-guide/domain/__tests__/plannerInsights.spec.ts[2m > [22mcomputePlannerTrendSeries[2m > [22m蛻､譁ｭ縺ゅｊ縺ｪ繧・isEmpty:false[32m 0[2mms[22m[39m
 [32m笨・[39m src/features/support-plan-guide/domain/__tests__/plannerInsights.spec.ts[2m > [22mcomputePlannerTrendSeries[2m > [22m繝舌こ繝・ヨ遽・峇螟悶・蛻､譁ｭ縺ｯ辟｡隕悶☆繧・[32m 1[2mms[22m[39m
 [32m笨・[39m src/features/support-plan-guide/domain/__tests__/plannerInsights.spec.ts[2m > [22mcomputePlannerTrendSeries[2m > [22mweekLabel 縺・"譛・譌･" 蠖｢蠑・[32m 0[2mms[22m[39m
 [32m笨・[39m tests/unit/features/operation-hub/useOperationHubData.spec.tsx[2m > [22mOperationHub: useOperationHubData & pure functions[2m > [22mpure functions[2m > [22m孱・・繝輔か繝ｼ繝ｫ繝舌ャ繧ｯ: 蠖ｹ閨ｷ role 譛ｪ蜈･蜉帙〒繧ゅけ繝ｩ繝・す繝･縺帙★縲後◎縺ｮ莉悶咲ｭ峨↓繝輔か繝ｼ繝ｫ繝舌ャ繧ｯ縺吶ｋ縺薙→[32m 8[2mms[22m[39m
 [32m笨・[39m tests/unit/features/operation-hub/useOperationHubData.spec.tsx[2m > [22mOperationHub: useOperationHubData & pure functions[2m > [22mpure functions[2m > [22m泯 蠅・阜譚｡莉ｶ: 繧ｹ繧ｱ繧ｸ繝･繝ｼ繝ｫ縺ｮ遶ｯ縺後ヴ繝・ち繝ｪ驥阪↑繧句ｴ蜷・(end === next.start) 縺ｯ conflict = false (undefined) 縺ｫ縺ｪ繧九％縺ｨ[32m 2[2mms[22m[39m
 [32m笨・[39m tests/unit/features/operation-hub/useOperationHubData.spec.tsx[2m > [22mOperationHub: useOperationHubData & pure functions[2m > [22mpure functions[2m > [22m泙 豁｣蟶ｸ邉ｻ: 諡・ｽ楢・悴蜑ｲ蠖薙・繧ｹ繧ｱ繧ｸ繝･繝ｼ繝ｫ縺後梧悴蜑ｲ蠖・(unassigned)縲阪げ繝ｫ繝ｼ繝励↓髮・ｴ・＆繧後ｋ縺薙→[32m 4[2mms[22m[39m
 [32m笨・[39m tests/unit/features/operation-hub/useOperationHubData.spec.tsx[2m > [22mOperationHub: useOperationHubData & pure functions[2m > [22mpure functions[2m > [22m泙 豁｣蟶ｸ邉ｻ: 驕ｩ蛻・↑繧ｹ繧ｱ繧ｸ繝･繝ｼ繝ｫ繝ｻ閨ｷ蜩｡繝・・繧ｿ繧剃ｸ弱∴縺溘→縺阪∵ｭ｣縺励￥繝槭ャ繝斐Φ繧ｰ縺輔ｌ繧ｳ繝ｳ繝輔Μ繧ｯ繝医′縺ｪ縺・％縺ｨ[32m 2[2mms[22m[39m
 [32m笨・[39m tests/unit/features/operation-hub/useOperationHubData.spec.tsx[2m > [22mOperationHub: useOperationHubData & pure functions[2m > [22museOperationHubData() Hook Integration[2m > [22m笞ｪ 遨ｺ繝・・繧ｿ: 蠖捺律縺ｮ莠亥ｮ壹′0莉ｶ縺ｮ蝣ｴ蜷医√お繝ｩ繝ｼ縺ｫ縺ｪ繧峨★ timeline 縺・null 縺ｨ縺励※霑泌唆縺輔ｌ繧九％縺ｨ[32m 23[2mms[22m[39m
 [32m笨・[39m tests/unit/assessmentStore.persistence.spec.ts[2m > [22massessmentStore localStorage persistence[2m > [22msaves to localStorage and restores on reload[32m 112[2mms[22m[39m
 [32m笨・[39m tests/unit/assessmentStore.persistence.spec.ts[2m > [22massessmentStore localStorage persistence[2m > [22mhandles corrupt JSON gracefully 窶・returns empty and clears storage[32m 5[2mms[22m[39m
 [32m笨・[39m tests/unit/assessmentStore.persistence.spec.ts[2m > [22massessmentStore localStorage persistence[2m > [22mrejects schema version mismatch 窶・falls back to empty[32m 6[2mms[22m[39m
 [32m笨・[39m tests/unit/assessmentStore.persistence.spec.ts[2m > [22massessmentStore localStorage persistence[2m > [22mclearAssessmentDraft removes specific user draft[32m 4[2mms[22m[39m
 [32m笨・[39m tests/unit/zodErrorUtils.translateZodIssue.spec.ts[2m > [22mtranslatePath[2m > [22mreturns (繝ｫ繝ｼ繝・ for empty path[32m 5[2mms[22m[39m
 [32m笨・[39m tests/unit/zodErrorUtils.translateZodIssue.spec.ts[2m > [22mtranslatePath[2m > [22mtranslates a known field name[32m 1[2mms[22m[39m
 [32m笨・[39m tests/unit/zodErrorUtils.translateZodIssue.spec.ts[2m > [22mtranslatePath[2m > [22mpreserves unknown field names as-is[32m 1[2mms[22m[39m
 [32m笨・[39m tests/unit/zodErrorUtils.translateZodIssue.spec.ts[2m > [22mtranslatePath[2m > [22mtranslates nested paths with > separator[32m 1[2mms[22m[39m
 [32m笨・[39m tests/unit/zodErrorUtils.translateZodIssue.spec.ts[2m > [22mtranslatePath[2m > [22mhandles array indices[32m 1[2mms[22m[39m
 [32m笨・[39m tests/unit/zodErrorUtils.translateZodIssue.spec.ts[2m > [22mtranslateZodIssue[2m > [22mtranslates invalid_type with field label[32m 3[2mms[22m[39m
 [32m笨・[39m tests/unit/zodErrorUtils.translateZodIssue.spec.ts[2m > [22mtranslateZodIssue[2m > [22mtranslates invalid_type for undefined (missing required field)[32m 2[2mms[22m[39m
 [32m笨・[39m tests/unit/zodErrorUtils.translateZodIssue.spec.ts[2m > [22mtranslateZodIssue[2m > [22mtranslates too_small with min(1) as 蠢・磯・岼[32m 2[2mms[22m[39m
 [32m笨・[39m tests/unit/zodErrorUtils.translateZodIssue.spec.ts[2m > [22mtranslateZodIssue[2m > [22mtranslates too_small with min(N>1) as 遏ｭ縺吶℃縺ｾ縺・[32m 2[2mms[22m[39m
 [32m笨・[39m tests/unit/zodErrorUtils.translateZodIssue.spec.ts[2m > [22mtranslateZodIssue[2m > [22mtranslates too_big for strings[32m 2[2mms[22m[39m
 [32m笨・[39m tests/unit/zodErrorUtils.translateZodIssue.spec.ts[2m > [22mtranslateZodIssue[2m > [22mtranslates invalid_enum_value with options[32m 10[2mms[22m[39m
 [32m笨・[39m tests/unit/zodErrorUtils.translateZodIssue.spec.ts[2m > [22mtranslateZodIssue[2m > [22mtranslates nested path correctly[32m 2[2mms[22m[39m
 [32m笨・[39m tests/unit/zodErrorUtils.translateZodIssue.spec.ts[2m > [22mtranslateZodIssue[2m > [22mpreserves unknown field names[32m 1[2mms[22m[39m
 [32m笨・[39m tests/unit/zodErrorUtils.translateZodIssue.spec.ts[2m > [22mtranslateZodIssue[2m > [22mproduces a fallback message for unrecognized issue codes[32m 1[2mms[22m[39m
 [32m笨・[39m tests/unit/zodErrorUtils.translateZodIssue.spec.ts[2m > [22mtranslateZodIssue[2m > [22mtranslates v3 invalid_string with url validation[32m 1[2mms[22m[39m
 [32m笨・[39m tests/unit/zodErrorUtils.translateZodIssue.spec.ts[2m > [22mtranslateZodIssue[2m > [22mtranslates v3 invalid_string with email validation[32m 1[2mms[22m[39m
 [32m笨・[39m tests/unit/zodErrorUtils.translateZodIssue.spec.ts[2m > [22mtranslateZodIssue[2m > [22mtranslates v3 invalid_string with regex validation[32m 1[2mms[22m[39m
 [32m笨・[39m tests/unit/zodErrorUtils.translateZodIssue.spec.ts[2m > [22mtranslateZodIssue[2m > [22mtranslates v3 invalid_string without known validation as generic[32m 1[2mms[22m[39m
 [32m笨・[39m tests/unit/zodErrorUtils.translateZodIssue.spec.ts[2m > [22mtranslateZodIssue[2m > [22mtranslates v3 invalid_enum_value with options[32m 1[2mms[22m[39m
 [32m笨・[39m tests/unit/zodErrorUtils.translateZodIssue.spec.ts[2m > [22mtranslateZodIssue[2m > [22mtranslates v3 invalid_enum_value without options[32m 1[2mms[22m[39m
 [32m笨・[39m tests/unit/zodErrorUtils.translateZodIssue.spec.ts[2m > [22mtranslateZodIssue[2m > [22mderives received via v3 received field[32m 1[2mms[22m[39m
 [32m笨・[39m tests/unit/zodErrorUtils.translateZodIssue.spec.ts[2m > [22mtranslateZodIssue[2m > [22mderives received via input field (v4 path)[32m 1[2mms[22m[39m
 [32m笨・[39m tests/unit/zodErrorUtils.translateZodIssue.spec.ts[2m > [22mtranslateZodIssue[2m > [22mderives received from message string (v4 fallback)[32m 1[2mms[22m[39m
 [32m笨・[39m tests/unit/zodErrorUtils.translateZodIssue.spec.ts[2m > [22mtranslateZodIssue[2m > [22mfalls back to unknown when no received info available[32m 1[2mms[22m[39m
 [32m笨・[39m tests/unit/zodErrorUtils.translateZodIssue.spec.ts[2m > [22mgetHumanErrorSummary[2m > [22mproduces a Japanese summary from a ZodError[32m 2[2mms[22m[39m
 [32m笨・[39m tests/unit/zodErrorUtils.translateZodIssue.spec.ts[2m > [22mgetHumanErrorSummary[2m > [22mfalls back to message for regular Error[32m 1[2mms[22m[39m
 [32m笨・[39m tests/unit/zodErrorUtils.translateZodIssue.spec.ts[2m > [22mgetHumanErrorSummary[2m > [22mfalls back to String for non-Error[32m 1[2mms[22m[39m
 [32m笨・[39m tests/unit/zodErrorUtils.translateZodIssue.spec.ts[2m > [22mFIELD_LABEL_MAP[2m > [22mhas entries for key domain fields[32m 1[2mms[22m[39m
 [32m笨・[39m src/features/kokuhoren-validation/__tests__/derive.spec.ts[2m > [22mhhmmToMinutes[2m > [22mconverts HHMM 0 竊・0 minutes[32m 4[2mms[22m[39m
 [32m笨・[39m src/features/kokuhoren-validation/__tests__/derive.spec.ts[2m > [22mhhmmToMinutes[2m > [22mconverts HHMM 100 竊・60 minutes[32m 1[2mms[22m[39m
 [32m笨・[39m src/features/kokuhoren-validation/__tests__/derive.spec.ts[2m > [22mhhmmToMinutes[2m > [22mconverts HHMM 130 竊・90 minutes[32m 1[2mms[22m[39m
 [32m笨・[39m src/features/kokuhoren-validation/__tests__/derive.spec.ts[2m > [22mhhmmToMinutes[2m > [22mconverts HHMM 930 竊・570 minutes[32m 1[2mms[22m[39m
 [32m笨・[39m src/features/kokuhoren-validation/__tests__/derive.spec.ts[2m > [22mhhmmToMinutes[2m > [22mconverts HHMM 1200 竊・720 minutes[32m 1[2mms[22m[39m
 [32m笨・[39m src/features/kokuhoren-validation/__tests__/derive.spec.ts[2m > [22mhhmmToMinutes[2m > [22mconverts HHMM 1530 竊・930 minutes[32m 1[2mms[22m[39m
 [32m笨・[39m src/features/kokuhoren-validation/__tests__/derive.spec.ts[2m > [22mhhmmToMinutes[2m > [22mconverts HHMM 2359 竊・1439 minutes[32m 1[2mms[22m[39m
 [32m笨・[39m src/features/kokuhoren-validation/__tests__/derive.spec.ts[2m > [22mcalcDurationMinutes[2m > [22mreturns null when start is null[32m 1[2mms[22m[39m
 [32m笨・[39m src/features/kokuhoren-validation/__tests__/derive.spec.ts[2m > [22mcalcDurationMinutes[2m > [22mreturns null when end is null[32m 1[2mms[22m[39m
 [32m笨・[39m src/features/kokuhoren-validation/__tests__/derive.spec.ts[2m > [22mcalcDurationMinutes[2m > [22mreturns null when both are null[32m 2[2mms[22m[39m
 [32m笨・[39m src/features/kokuhoren-validation/__tests__/derive.spec.ts[2m > [22mcalcDurationMinutes[2m > [22mreturns null when both are undefined[32m 1[2mms[22m[39m
 [32m笨・[39m src/features/kokuhoren-validation/__tests__/derive.spec.ts[2m > [22mcalcDurationMinutes[2m > [22mreturns null when start equals end[32m 1[2mms[22m[39m
 [32m笨・[39m src/features/kokuhoren-validation/__tests__/derive.spec.ts[2m > [22mcalcDurationMinutes[2m > [22mreturns null when start is after end[32m 1[2mms[22m[39m
 [32m笨・[39m src/features/kokuhoren-validation/__tests__/derive.spec.ts[2m > [22mcalcDurationMinutes[2m > [22mcalculates 900 to 1700 = 480 minutes[32m 1[2mms[22m[39m
 [32m笨・[39m src/features/kokuhoren-validation/__tests__/derive.spec.ts[2m > [22mcalcDurationMinutes[2m > [22mcalculates 930 to 1530 = 360 minutes[32m 1[2mms[22m[39m
 [32m笨・[39m src/features/kokuhoren-validation/__tests__/derive.spec.ts[2m > [22mcalcDurationMinutes[2m > [22mcalculates 900 to 910 = 10 minutes[32m 0[2mms[22m[39m
 [32m笨・[39m src/features/kokuhoren-validation/__tests__/derive.spec.ts[2m > [22mcalcDurationMinutes[2m > [22mcalculates 0 to 100 = 60 minutes[32m 1[2mms[22m[39m
 [32m笨・[39m src/features/kokuhoren-validation/__tests__/derive.spec.ts[2m > [22mdurationToTimeCode[2m > [22mreturns null for null input[32m 1[2mms[22m[39m
 [32m笨・[39m src/features/kokuhoren-validation/__tests__/derive.spec.ts[2m > [22mdurationToTimeCode[2m > [22mreturns null for 0 minutes[32m 1[2mms[22m[39m
 [32m笨・[39m src/features/kokuhoren-validation/__tests__/derive.spec.ts[2m > [22mdurationToTimeCode[2m > [22mreturns null for negative minutes[32m 1[2mms[22m[39m
 [32m笨・[39m src/features/kokuhoren-validation/__tests__/derive.spec.ts[2m > [22mdurationToTimeCode[2m > [22mmaps 1 min 竊・code 01[32m 1[2mms[22m[39m
 [32m笨・[39m src/features/kokuhoren-validation/__tests__/derive.spec.ts[2m > [22mdurationToTimeCode[2m > [22mmaps 120 min 竊・code 01[32m 1[2mms[22m[39m
 [32m笨・[39m src/features/kokuhoren-validation/__tests__/derive.spec.ts[2m > [22mdurationToTimeCode[2m > [22mmaps 121 min 竊・code 02[32m 1[2mms[22m[39m
 [32m笨・[39m src/features/kokuhoren-validation/__tests__/derive.spec.ts[2m > [22mdurationToTimeCode[2m > [22mmaps 180 min 竊・code 02[32m 1[2mms[22m[39m
 [32m笨・[39m src/features/kokuhoren-validation/__tests__/derive.spec.ts[2m > [22mdurationToTimeCode[2m > [22mmaps 181 min 竊・code 03[32m 0[2mms[22m[39m
 [32m笨・[39m src/features/kokuhoren-validation/__tests__/derive.spec.ts[2m > [22mdurationToTimeCode[2m > [22mmaps 240 min 竊・code 03[32m 0[2mms[22m[39m
 [32m笨・[39m src/features/kokuhoren-validation/__tests__/derive.spec.ts[2m > [22mdurationToTimeCode[2m > [22mmaps 241 min 竊・code 04[32m 0[2mms[22m[39m
 [32m笨・[39m src/features/kokuhoren-validation/__tests__/derive.spec.ts[2m > [22mdurationToTimeCode[2m > [22mmaps 300 min 竊・code 04[32m 0[2mms[22m[39m
 [32m笨・[39m src/features/kokuhoren-validation/__tests__/derive.spec.ts[2m > [22mdurationToTimeCode[2m > [22mmaps 301 min 竊・code 05[32m 0[2mms[22m[39m
 [32m笨・[39m src/features/kokuhoren-validation/__tests__/derive.spec.ts[2m > [22mdurationToTimeCode[2m > [22mmaps 360 min 竊・code 05[32m 0[2mms[22m[39m
 [32m笨・[39m src/features/kokuhoren-validation/__tests__/derive.spec.ts[2m > [22mdurationToTimeCode[2m > [22mmaps 361 min 竊・code 06[32m 0[2mms[22m[39m
 [32m笨・[39m src/features/kokuhoren-validation/__tests__/derive.spec.ts[2m > [22mdurationToTimeCode[2m > [22mmaps 420 min 竊・code 06[32m 0[2mms[22m[39m
 [32m笨・[39m src/features/kokuhoren-validation/__tests__/derive.spec.ts[2m > [22mdurationToTimeCode[2m > [22mmaps 421 min 竊・code 07[32m 0[2mms[22m[39m
 [32m笨・[39m src/features/kokuhoren-validation/__tests__/derive.spec.ts[2m > [22mdurationToTimeCode[2m > [22mmaps 480 min 竊・code 07[32m 1[2mms[22m[39m
 [32m笨・[39m src/features/kokuhoren-validation/__tests__/derive.spec.ts[2m > [22mdurationToTimeCode[2m > [22mmaps 481 min 竊・code 08[32m 0[2mms[22m[39m
 [32m笨・[39m src/features/kokuhoren-validation/__tests__/derive.spec.ts[2m > [22mdurationToTimeCode[2m > [22mmaps 720 min 竊・code 08[32m 0[2mms[22m[39m
 [32m笨・[39m src/features/kokuhoren-validation/__tests__/derive.spec.ts[2m > [22mdurationToTimeCode[2m > [22mmaps 1440 min 竊・code 08[32m 0[2mms[22m[39m
 [32m笨・[39m src/features/kokuhoren-validation/__tests__/derive.spec.ts[2m > [22misDurationExtreme[2m > [22mreturns false for null[32m 1[2mms[22m[39m
 [32m笨・[39m src/features/kokuhoren-validation/__tests__/derive.spec.ts[2m > [22misDurationExtreme[2m > [22misDurationExtreme(29) 竊・true[32m 1[2mms[22m[39m
 [32m笨・[39m src/features/kokuhoren-validation/__tests__/derive.spec.ts[2m > [22misDurationExtreme[2m > [22misDurationExtreme(30) 竊・false[32m 1[2mms[22m[39m
 [32m笨・[39m src/features/kokuhoren-validation/__tests__/derive.spec.ts[2m > [22misDurationExtreme[2m > [22misDurationExtreme(360) 竊・false[32m 0[2mms[22m[39m
 [32m笨・[39m src/features/kokuhoren-validation/__tests__/derive.spec.ts[2m > [22misDurationExtreme[2m > [22misDurationExtreme(720) 竊・false[32m 0[2mms[22m[39m
 [32m笨・[39m src/features/kokuhoren-validation/__tests__/derive.spec.ts[2m > [22misDurationExtreme[2m > [22misDurationExtreme(721) 竊・true[32m 0[2mms[22m[39m
 [32m笨・[39m src/features/kokuhoren-validation/__tests__/derive.spec.ts[2m > [22mhasDataOnNonProvided[2m > [22mreturns false when status is 謠蝉ｾ・[32m 1[2mms[22m[39m
 [32m笨・[39m src/features/kokuhoren-validation/__tests__/derive.spec.ts[2m > [22mhasDataOnNonProvided[2m > [22mreturns false when non-謠蝉ｾ・has no time or addons[32m 1[2mms[22m[39m
 [32m笨・[39m src/features/kokuhoren-validation/__tests__/derive.spec.ts[2m > [22mhasDataOnNonProvided[2m > [22mreturns true when non-謠蝉ｾ・has startHHMM[32m 1[2mms[22m[39m
 [32m笨・[39m src/features/kokuhoren-validation/__tests__/derive.spec.ts[2m > [22mhasDataOnNonProvided[2m > [22mreturns true when non-謠蝉ｾ・has endHHMM[32m 1[2mms[22m[39m
 [32m笨・[39m src/features/kokuhoren-validation/__tests__/derive.spec.ts[2m > [22mhasDataOnNonProvided[2m > [22mreturns true when non-謠蝉ｾ・has hasTransport[32m 1[2mms[22m[39m
 [32m笨・[39m src/features/kokuhoren-validation/__tests__/derive.spec.ts[2m > [22mhasDataOnNonProvided[2m > [22mreturns true when non-謠蝉ｾ・has hasMeal[32m 0[2mms[22m[39m
 [32m笨・[39m src/features/kokuhoren-validation/__tests__/derive.spec.ts[2m > [22mhasDataOnNonProvided[2m > [22mreturns true when non-謠蝉ｾ・has hasBath[32m 0[2mms[22m[39m
 [32m笨・[39m src/features/kokuhoren-validation/__tests__/derive.spec.ts[2m > [22mhasDataOnNonProvided[2m > [22mreturns true when non-謠蝉ｾ・has hasExtended[32m 1[2mms[22m[39m
 [32m笨・[39m src/features/kokuhoren-validation/__tests__/derive.spec.ts[2m > [22mhasDataOnNonProvided[2m > [22mreturns false when non-謠蝉ｾ・has only hasAbsentSupport[32m 1[2mms[22m[39m
 [32m笨・[39m src/features/kokuhoren-validation/__tests__/derive.spec.ts[2m > [22mderiveProvisionEntry[2m > [22mderives duration and timeCode for a normal record[32m 1[2mms[22m[39m
 [32m笨・[39m src/features/kokuhoren-validation/__tests__/derive.spec.ts[2m > [22mderiveProvisionEntry[2m > [22mreturns null duration and timeCode when times are missing[32m 1[2mms[22m[39m
 [32m笨・[39m src/features/kokuhoren-validation/__tests__/derive.spec.ts[2m > [22mderiveProvisionEntry[2m > [22mpreserves original entry fields[32m 1[2mms[22m[39m
 [32m笨・[39m src/features/support-plan-guide/domain/__tests__/planPermissions.spec.ts[2m > [22mresolvePlanRole[2m > [22misAdmin=true 竊・admin[32m 4[2mms[22m[39m
 [32m笨・[39m src/features/support-plan-guide/domain/__tests__/planPermissions.spec.ts[2m > [22mresolvePlanRole[2m > [22misAdmin=false 竊・staff[32m 1[2mms[22m[39m
 [32m笨・[39m src/features/support-plan-guide/domain/__tests__/planPermissions.spec.ts[2m > [22mresolvePlanRole[2m > [22mroleHint 縺後≠繧後・ isAdmin 繧医ｊ蜆ｪ蜈・[32m 1[2mms[22m[39m
 [32m笨・[39m src/features/support-plan-guide/domain/__tests__/planPermissions.spec.ts[2m > [22mresolvePlanRole[2m > [22mroleHint=admin + isAdmin=false 竊・admin[32m 1[2mms[22m[39m
 [32m笨・[39m src/features/support-plan-guide/domain/__tests__/planPermissions.spec.ts[2m > [22mhasCap[2m > [22mstaff capabilities[2m > [22mform.edit 縺瑚ｨｱ蜿ｯ縺輔ｌ繧・[32m 1[2mms[22m[39m
 [32m笨・[39m src/features/support-plan-guide/domain/__tests__/planPermissions.spec.ts[2m > [22mhasCap[2m > [22mstaff capabilities[2m > [22mform.save 縺瑚ｨｱ蜿ｯ縺輔ｌ繧・[32m 1[2mms[22m[39m
 [32m笨・[39m src/features/support-plan-guide/domain/__tests__/planPermissions.spec.ts[2m > [22mhasCap[2m > [22mstaff capabilities[2m > [22msuggestions.view 縺梧拠蜷ｦ縺輔ｌ繧・[32m 1[2mms[22m[39m
 [32m笨・[39m src/features/support-plan-guide/domain/__tests__/planPermissions.spec.ts[2m > [22mhasCap[2m > [22mstaff capabilities[2m > [22msuggestions.decide 縺梧拠蜷ｦ縺輔ｌ繧・[32m 1[2mms[22m[39m
 [32m笨・[39m src/features/support-plan-guide/domain/__tests__/planPermissions.spec.ts[2m > [22mhasCap[2m > [22mstaff capabilities[2m > [22msuggestions.promote 縺梧拠蜷ｦ縺輔ｌ繧・[32m 1[2mms[22m[39m
 [32m笨・[39m src/features/support-plan-guide/domain/__tests__/planPermissions.spec.ts[2m > [22mhasCap[2m > [22mstaff capabilities[2m > [22mmemo.view 縺梧拠蜷ｦ縺輔ｌ繧・[32m 1[2mms[22m[39m
 [32m笨・[39m src/features/support-plan-guide/domain/__tests__/planPermissions.spec.ts[2m > [22mhasCap[2m > [22mstaff capabilities[2m > [22mmemo.act 縺梧拠蜷ｦ縺輔ｌ繧・[32m 1[2mms[22m[39m
 [32m笨・[39m src/features/support-plan-guide/domain/__tests__/planPermissions.spec.ts[2m > [22mhasCap[2m > [22mstaff capabilities[2m > [22mmetrics.view 縺梧拠蜷ｦ縺輔ｌ繧・[32m 0[2mms[22m[39m
 [32m笨・[39m src/features/support-plan-guide/domain/__tests__/planPermissions.spec.ts[2m > [22mhasCap[2m > [22mstaff capabilities[2m > [22mruleMetrics.view 縺梧拠蜷ｦ縺輔ｌ繧・[32m 1[2mms[22m[39m
 [32m笨・[39m src/features/support-plan-guide/domain/__tests__/planPermissions.spec.ts[2m > [22mhasCap[2m > [22mstaff capabilities[2m > [22mregulatoryHud.view 縺梧拠蜷ｦ縺輔ｌ繧・[32m 0[2mms[22m[39m
 [32m笨・[39m src/features/support-plan-guide/domain/__tests__/planPermissions.spec.ts[2m > [22mhasCap[2m > [22mstaff capabilities[2m > [22msettings.manage 縺梧拠蜷ｦ縺輔ｌ繧・[32m 1[2mms[22m[39m
 [32m笨・[39m src/features/support-plan-guide/domain/__tests__/planPermissions.spec.ts[2m > [22mhasCap[2m > [22mstaff capabilities[2m > [22mcompliance.approve 縺梧拠蜷ｦ縺輔ｌ繧・[32m 0[2mms[22m[39m
 [32m笨・[39m src/features/support-plan-guide/domain/__tests__/planPermissions.spec.ts[2m > [22mhasCap[2m > [22mplanner capabilities[2m > [22mform.edit 縺瑚ｨｱ蜿ｯ縺輔ｌ繧・[32m 1[2mms[22m[39m
 [32m笨・[39m src/features/support-plan-guide/domain/__tests__/planPermissions.spec.ts[2m > [22mhasCap[2m > [22mplanner capabilities[2m > [22mform.save 縺瑚ｨｱ蜿ｯ縺輔ｌ繧・[32m 1[2mms[22m[39m
 [32m笨・[39m src/features/support-plan-guide/domain/__tests__/planPermissions.spec.ts[2m > [22mhasCap[2m > [22mplanner capabilities[2m > [22msuggestions.view 縺瑚ｨｱ蜿ｯ縺輔ｌ繧・[32m 1[2mms[22m[39m
 [32m笨・[39m src/features/support-plan-guide/domain/__tests__/planPermissions.spec.ts[2m > [22mhasCap[2m > [22mplanner capabilities[2m > [22msuggestions.decide 縺瑚ｨｱ蜿ｯ縺輔ｌ繧・[32m 0[2mms[22m[39m
 [32m笨・[39m src/features/support-plan-guide/domain/__tests__/planPermissions.spec.ts[2m > [22mhasCap[2m > [22mplanner capabilities[2m > [22msuggestions.promote 縺瑚ｨｱ蜿ｯ縺輔ｌ繧・[32m 1[2mms[22m[39m
 [32m笨・[39m src/features/support-plan-guide/domain/__tests__/planPermissions.spec.ts[2m > [22mhasCap[2m > [22mplanner capabilities[2m > [22mmemo.view 縺瑚ｨｱ蜿ｯ縺輔ｌ繧・[32m 1[2mms[22m[39m
 [32m笨・[39m src/features/support-plan-guide/domain/__tests__/planPermissions.spec.ts[2m > [22mhasCap[2m > [22mplanner capabilities[2m > [22mmemo.act 縺瑚ｨｱ蜿ｯ縺輔ｌ繧・[32m 0[2mms[22m[39m
 [32m笨・[39m src/features/support-plan-guide/domain/__tests__/planPermissions.spec.ts[2m > [22mhasCap[2m > [22mplanner capabilities[2m > [22mmetrics.view 縺瑚ｨｱ蜿ｯ縺輔ｌ繧・[32m 0[2mms[22m[39m
 [32m笨・[39m src/features/support-plan-guide/domain/__tests__/planPermissions.spec.ts[2m > [22mhasCap[2m > [22mplanner capabilities[2m > [22mcompliance.approve 縺瑚ｨｱ蜿ｯ縺輔ｌ繧・[32m 0[2mms[22m[39m
 [32m笨・[39m src/features/support-plan-guide/domain/__tests__/planPermissions.spec.ts[2m > [22mhasCap[2m > [22mplanner capabilities[2m > [22mruleMetrics.view 縺梧拠蜷ｦ縺輔ｌ繧・[32m 0[2mms[22m[39m
 [32m笨・[39m src/features/support-plan-guide/domain/__tests__/planPermissions.spec.ts[2m > [22mhasCap[2m > [22mplanner capabilities[2m > [22mregulatoryHud.view 縺梧拠蜷ｦ縺輔ｌ繧・[32m 0[2mms[22m[39m
 [32m笨・[39m src/features/support-plan-guide/domain/__tests__/planPermissions.spec.ts[2m > [22mhasCap[2m > [22mplanner capabilities[2m > [22msettings.manage 縺梧拠蜷ｦ縺輔ｌ繧・[32m 0[2mms[22m[39m
 [32m笨・[39m src/features/support-plan-guide/domain/__tests__/planPermissions.spec.ts[2m > [22mhasCap[2m > [22madmin capabilities[2m > [22mform.edit 縺瑚ｨｱ蜿ｯ縺輔ｌ繧・[32m 1[2mms[22m[39m
 [32m笨・[39m src/features/support-plan-guide/domain/__tests__/planPermissions.spec.ts[2m > [22mhasCap[2m > [22madmin capabilities[2m > [22mform.save 縺瑚ｨｱ蜿ｯ縺輔ｌ繧・[32m 1[2mms[22m[39m
 [32m笨・[39m src/features/support-plan-guide/domain/__tests__/planPermissions.spec.ts[2m > [22mhasCap[2m > [22madmin capabilities[2m > [22msuggestions.view 縺瑚ｨｱ蜿ｯ縺輔ｌ繧・[32m 0[2mms[22m[39m
 [32m笨・[39m src/features/support-plan-guide/domain/__tests__/planPermissions.spec.ts[2m > [22mhasCap[2m > [22madmin capabilities[2m > [22msuggestions.decide 縺瑚ｨｱ蜿ｯ縺輔ｌ繧・[32m 0[2mms[22m[39m
 [32m笨・[39m src/features/support-plan-guide/domain/__tests__/planPermissions.spec.ts[2m > [22mhasCap[2m > [22madmin capabilities[2m > [22msuggestions.promote 縺瑚ｨｱ蜿ｯ縺輔ｌ繧・[32m 0[2mms[22m[39m
 [32m笨・[39m src/features/support-plan-guide/domain/__tests__/planPermissions.spec.ts[2m > [22mhasCap[2m > [22madmin capabilities[2m > [22mmemo.view 縺瑚ｨｱ蜿ｯ縺輔ｌ繧・[32m 0[2mms[22m[39m
 [32m笨・[39m src/features/support-plan-guide/domain/__tests__/planPermissions.spec.ts[2m > [22mhasCap[2m > [22madmin capabilities[2m > [22mmemo.act 縺瑚ｨｱ蜿ｯ縺輔ｌ繧・[32m 0[2mms[22m[39m
 [32m笨・[39m src/features/support-plan-guide/domain/__tests__/planPermissions.spec.ts[2m > [22mhasCap[2m > [22madmin capabilities[2m > [22mmetrics.view 縺瑚ｨｱ蜿ｯ縺輔ｌ繧・[32m 0[2mms[22m[39m
 [32m笨・[39m src/features/support-plan-guide/domain/__tests__/planPermissions.spec.ts[2m > [22mhasCap[2m > [22madmin capabilities[2m > [22mruleMetrics.view 縺瑚ｨｱ蜿ｯ縺輔ｌ繧・[32m 0[2mms[22m[39m
 [32m笨・[39m src/features/support-plan-guide/domain/__tests__/planPermissions.spec.ts[2m > [22mhasCap[2m > [22madmin capabilities[2m > [22mregulatoryHud.view 縺瑚ｨｱ蜿ｯ縺輔ｌ繧・[32m 0[2mms[22m[39m
 [32m笨・[39m src/features/support-plan-guide/domain/__tests__/planPermissions.spec.ts[2m > [22mhasCap[2m > [22madmin capabilities[2m > [22msettings.manage 縺瑚ｨｱ蜿ｯ縺輔ｌ繧・[32m 0[2mms[22m[39m
 [32m笨・[39m src/features/support-plan-guide/domain/__tests__/planPermissions.spec.ts[2m > [22mhasCap[2m > [22madmin capabilities[2m > [22mcompliance.approve 縺瑚ｨｱ蜿ｯ縺輔ｌ繧・[32m 0[2mms[22m[39m
 [32m笨・[39m src/features/support-plan-guide/domain/__tests__/planPermissions.spec.ts[2m > [22mhasCap[2m > [22madmin 縺ｯ蜈ｨ capability 繧貞性繧[2m > [22madmin 竓・planner[32m 1[2mms[22m[39m
 [32m笨・[39m src/features/support-plan-guide/domain/__tests__/planPermissions.spec.ts[2m > [22mhasCap[2m > [22madmin 縺ｯ蜈ｨ capability 繧貞性繧[2m > [22madmin 竓・staff[32m 1[2mms[22m[39m
 [32m笨・[39m src/features/support-plan-guide/domain/__tests__/planPermissions.spec.ts[2m > [22mhasCap[2m > [22madmin 縺ｯ蜈ｨ capability 繧貞性繧[2m > [22mplanner 竓・staff[32m 1[2mms[22m[39m
 [32m笨・[39m src/features/support-plan-guide/domain/__tests__/planPermissions.spec.ts[2m > [22misAtLeast[2m > [22madmin 竕･ admin[32m 1[2mms[22m[39m
 [32m笨・[39m src/features/support-plan-guide/domain/__tests__/planPermissions.spec.ts[2m > [22misAtLeast[2m > [22madmin 竕･ planner[32m 1[2mms[22m[39m
 [32m笨・[39m src/features/support-plan-guide/domain/__tests__/planPermissions.spec.ts[2m > [22misAtLeast[2m > [22madmin 竕･ staff[32m 1[2mms[22m[39m
 [32m笨・[39m src/features/support-plan-guide/domain/__tests__/planPermissions.spec.ts[2m > [22misAtLeast[2m > [22mplanner 竕･ planner[32m 1[2mms[22m[39m
 [32m笨・[39m src/features/support-plan-guide/domain/__tests__/planPermissions.spec.ts[2m > [22misAtLeast[2m > [22mplanner 竕･ staff[32m 1[2mms[22m[39m
 [32m笨・[39m src/features/support-plan-guide/domain/__tests__/planPermissions.spec.ts[2m > [22misAtLeast[2m > [22mplanner < admin[32m 1[2mms[22m[39m
 [32m笨・[39m src/features/support-plan-guide/domain/__tests__/planPermissions.spec.ts[2m > [22misAtLeast[2m > [22mstaff 竕･ staff[32m 1[2mms[22m[39m
 [32m笨・[39m src/features/support-plan-guide/domain/__tests__/planPermissions.spec.ts[2m > [22misAtLeast[2m > [22mstaff < planner[32m 1[2mms[22m[39m
 [32m笨・[39m src/features/support-plan-guide/domain/__tests__/planPermissions.spec.ts[2m > [22misAtLeast[2m > [22mstaff < admin[32m 1[2mms[22m[39m
 [32m笨・[39m src/features/support-plan-guide/domain/__tests__/planPermissions.spec.ts[2m > [22mgetCapabilities[2m > [22mstaff 縺ｯ 2 capability[32m 1[2mms[22m[39m
 [32m笨・[39m src/features/support-plan-guide/domain/__tests__/planPermissions.spec.ts[2m > [22mgetCapabilities[2m > [22mplanner 縺ｯ 9 capability[32m 1[2mms[22m[39m
 [32m笨・[39m src/features/support-plan-guide/domain/__tests__/planPermissions.spec.ts[2m > [22mgetCapabilities[2m > [22madmin 縺ｯ 12 capability・亥・謨ｰ・・[32m 1[2mms[22m[39m
 [32m笨・[39m src/features/handoff/__tests__/handoffStateMachine.spec.ts[2m > [22mHANDOFF_STATUS_META[2m > [22mhas an entry for every HandoffStatus[32m 4[2mms[22m[39m
 [32m笨・[39m src/features/handoff/__tests__/handoffStateMachine.spec.ts[2m > [22mHANDOFF_STATUS_META[2m > [22meach entry has label, icon, and a valid MUI color[32m 3[2mms[22m[39m
 [32m笨・[39m src/features/handoff/__tests__/handoffStateMachine.spec.ts[2m > [22mgetNextStatus[2m > [22m譛ｪ蟇ｾ蠢・竊・蟇ｾ蠢應ｸｭ[32m 1[2mms[22m[39m
 [32m笨・[39m src/features/handoff/__tests__/handoffStateMachine.spec.ts[2m > [22mgetNextStatus[2m > [22m蟇ｾ蠢應ｸｭ 竊・蟇ｾ蠢懈ｸ・[32m 1[2mms[22m[39m
 [32m笨・[39m src/features/handoff/__tests__/handoffStateMachine.spec.ts[2m > [22mgetNextStatus[2m > [22mwraps back to 譛ｪ蟇ｾ蠢・from 蟇ｾ蠢懈ｸ・(reopen cycle)[32m 1[2mms[22m[39m
 [32m笨・[39m src/features/handoff/__tests__/handoffStateMachine.spec.ts[2m > [22mgetNextStatus[2m > [22mfull 3-step cycle: 譛ｪ蟇ｾ蠢・竊・蟇ｾ蠢應ｸｭ 竊・蟇ｾ蠢懈ｸ・竊・譛ｪ蟇ｾ蠢・[32m 1[2mms[22m[39m
 [32m笨・[39m src/features/handoff/__tests__/handoffStateMachine.spec.ts[2m > [22misTerminalStatus[2m > [22m譛ｪ蟇ｾ蠢・竊・terminal=false[32m 1[2mms[22m[39m
 [32m笨・[39m src/features/handoff/__tests__/handoffStateMachine.spec.ts[2m > [22misTerminalStatus[2m > [22m蟇ｾ蠢應ｸｭ 竊・terminal=false[32m 0[2mms[22m[39m
 [32m笨・[39m src/features/handoff/__tests__/handoffStateMachine.spec.ts[2m > [22misTerminalStatus[2m > [22m遒ｺ隱肴ｸ・竊・terminal=false[32m 1[2mms[22m[39m
 [32m笨・[39m src/features/handoff/__tests__/handoffStateMachine.spec.ts[2m > [22misTerminalStatus[2m > [22m譏取律縺ｸ謖∬ｶ・竊・terminal=false[32m 1[2mms[22m[39m
 [32m笨・[39m src/features/handoff/__tests__/handoffStateMachine.spec.ts[2m > [22misTerminalStatus[2m > [22m蟇ｾ蠢懈ｸ・竊・terminal=true[32m 0[2mms[22m[39m
 [32m笨・[39m src/features/handoff/__tests__/handoffStateMachine.spec.ts[2m > [22misTerminalStatus[2m > [22m螳御ｺ・竊・terminal=true[32m 0[2mms[22m[39m
 [32m笨・[39m src/features/handoff/__tests__/handoffStateMachine.spec.ts[2m > [22misTerminalStatus[2m > [22mterminal statuses produce no actions in ANY mode[32m 2[2mms[22m[39m
 [32m笨・[39m src/features/handoff/__tests__/handoffStateMachine.spec.ts[2m > [22mgetAllowedActions 窶・evening mode (螟穂ｼ・[2m > [22m譛ｪ蟇ｾ蠢・竊・[遒ｺ隱肴ｸ・ 螳御ｺ・[32m 1[2mms[22m[39m
 [32m笨・[39m src/features/handoff/__tests__/handoffStateMachine.spec.ts[2m > [22mgetAllowedActions 窶・evening mode (螟穂ｼ・[2m > [22m遒ｺ隱肴ｸ・竊・[譏取律縺ｸ謖∬ｶ・ 螳御ｺ・[32m 1[2mms[22m[39m
 [32m笨・[39m src/features/handoff/__tests__/handoffStateMachine.spec.ts[2m > [22mgetAllowedActions 窶・evening mode (螟穂ｼ・[2m > [22m蟇ｾ蠢應ｸｭ 竊・[蟇ｾ蠢懈ｸ・  (legacy items landing in evening)[32m 1[2mms[22m[39m
 [32m笨・[39m src/features/handoff/__tests__/handoffStateMachine.spec.ts[2m > [22mgetAllowedActions 窶・evening mode (螟穂ｼ・[2m > [22m譏取律縺ｸ謖∬ｶ・竊・[] (not actionable in evening itself)[32m 1[2mms[22m[39m
 [32m笨・[39m src/features/handoff/__tests__/handoffStateMachine.spec.ts[2m > [22mgetAllowedActions 窶・evening mode (螟穂ｼ・[2m > [22mterminal statuses return [][32m 1[2mms[22m[39m
 [32m笨・[39m src/features/handoff/__tests__/handoffStateMachine.spec.ts[2m > [22mgetAllowedActions 窶・morning mode (譛昜ｼ・[2m > [22m譏取律縺ｸ謖∬ｶ・竊・[螳御ｺ・  (primary morning workflow)[32m 1[2mms[22m[39m
 [32m笨・[39m src/features/handoff/__tests__/handoffStateMachine.spec.ts[2m > [22mgetAllowedActions 窶・morning mode (譛昜ｼ・[2m > [22m譛ｪ蟇ｾ蠢・竊・[螳御ｺ・  (leftover items)[32m 1[2mms[22m[39m
 [32m笨・[39m src/features/handoff/__tests__/handoffStateMachine.spec.ts[2m > [22mgetAllowedActions 窶・morning mode (譛昜ｼ・[2m > [22m遒ｺ隱肴ｸ・竊・[螳御ｺ・  (reviewed but not carried over)[32m 1[2mms[22m[39m
 [32m笨・[39m src/features/handoff/__tests__/handoffStateMachine.spec.ts[2m > [22mgetAllowedActions 窶・morning mode (譛昜ｼ・[2m > [22m蟇ｾ蠢應ｸｭ 竊・[蟇ｾ蠢懈ｸ・  (legacy in-progress items)[32m 1[2mms[22m[39m
 [32m笨・[39m src/features/handoff/__tests__/handoffStateMachine.spec.ts[2m > [22mgetAllowedActions 窶・morning mode (譛昜ｼ・[2m > [22mterminal statuses return [][32m 1[2mms[22m[39m
 [32m笨・[39m src/features/handoff/__tests__/handoffStateMachine.spec.ts[2m > [22mgetAllowedActions 窶・normal mode (騾壼ｸｸ)[2m > [22m譛ｪ蟇ｾ蠢・竊・[蟇ｾ蠢應ｸｭ]  (start working)[32m 1[2mms[22m[39m
 [32m笨・[39m src/features/handoff/__tests__/handoffStateMachine.spec.ts[2m > [22mgetAllowedActions 窶・normal mode (騾壼ｸｸ)[2m > [22m蟇ｾ蠢應ｸｭ 竊・[蟇ｾ蠢懈ｸ・  (mark done)[32m 1[2mms[22m[39m
 [32m笨・[39m src/features/handoff/__tests__/handoffStateMachine.spec.ts[2m > [22mgetAllowedActions 窶・normal mode (騾壼ｸｸ)[2m > [22m遒ｺ隱肴ｸ・竊・[螳御ｺ・  (fallback for v3 statuses in normal mode)[32m 0[2mms[22m[39m
 [32m笨・[39m src/features/handoff/__tests__/handoffStateMachine.spec.ts[2m > [22mgetAllowedActions 窶・normal mode (騾壼ｸｸ)[2m > [22m譏取律縺ｸ謖∬ｶ・竊・[螳御ｺ・  (fallback for v3 statuses in normal mode)[32m 1[2mms[22m[39m
 [32m笨・[39m src/features/handoff/__tests__/handoffStateMachine.spec.ts[2m > [22mgetAllowedActions 窶・normal mode (騾壼ｸｸ)[2m > [22mterminal statuses return [][32m 1[2mms[22m[39m
 [32m笨・[39m src/features/handoff/__tests__/handoffStateMachine.spec.ts[2m > [22mstate machine invariants[2m > [22mgetAllowedActions only returns valid HandoffStatus values[32m 2[2mms[22m[39m
 [32m笨・[39m src/features/handoff/__tests__/handoffStateMachine.spec.ts[2m > [22mstate machine invariants[2m > [22mno status allows transitioning to itself[32m 2[2mms[22m[39m
 [32m笨・[39m src/features/handoff/__tests__/handoffStateMachine.spec.ts[2m > [22mstate machine invariants[2m > [22mevery non-terminal status has at least one action in every mode (with known exceptions)[32m 1[2mms[22m[39m
 [32m笨・[39m src/features/handoff/__tests__/handoffStateMachine.spec.ts[2m > [22mstate machine invariants[2m > [22mevening 螟穂ｼ・workflow: 譛ｪ蟇ｾ蠢・竊・遒ｺ隱肴ｸ・竊・譏取律縺ｸ謖∬ｶ・is reachable[32m 1[2mms[22m[39m
 [32m笨・[39m src/features/handoff/__tests__/handoffStateMachine.spec.ts[2m > [22mstate machine invariants[2m > [22mmorning 譛昜ｼ・closes carry-overs: 譏取律縺ｸ謖∬ｶ・竊・螳御ｺ・is reachable[32m 1[2mms[22m[39m
 [32m笨・[39m src/features/handoff/__tests__/handoffStateMachine.spec.ts[2m > [22mstate machine invariants[2m > [22mfull evening竊知orning handoff path is possible[32m 1[2mms[22m[39m
[90mstdout[2m | tests/unit/repositoryFactory.spec.ts[2m > [22m[2mrepositoryFactory: users (forceKind)[2m > [22m[2mreturns SP repository kind when forced via forceKind
[22m[39m[DriftActionDispatcher] Initialized and subscribed to drift events.
[DriftNotificationHandler] Webhook URL not configured. Notifications disabled.
[DataProvider] Active backend: sharepoint

 [32m笨・[39m tests/unit/repositoryFactory.spec.ts[2m > [22mrepositoryFactory: 'attendance'[2m > [22mreturns demo repository in test environment (isDev=true)[32m 5[2mms[22m[39m
 [32m笨・[39m tests/unit/repositoryFactory.spec.ts[2m > [22mrepositoryFactory: 'attendance'[2m > [22mreturns demo repository when no SPFx context[32m 1[2mms[22m[39m
 [32m笨・[39m tests/unit/repositoryFactory.spec.ts[2m > [22mrepositoryFactory: 'attendance'[2m > [22mcaches repository instance across calls[32m 1[2mms[22m[39m
 [32m笨・[39m tests/unit/repositoryFactory.spec.ts[2m > [22mrepositoryFactory: 'attendance'[2m > [22mrespects override for DI in tests[32m 1[2mms[22m[39m
 [32m笨・[39m tests/unit/repositoryFactory.spec.ts[2m > [22mrepositoryFactory: 'attendance'[2m > [22mclears override on null and returns to normal resolution[32m 2[2mms[22m[39m
 [32m笨・[39m tests/unit/repositoryFactory.spec.ts[2m > [22mrepositoryFactory: 'daily'[2m > [22mreturns demo repository in test environment (isDev=true)[32m 1[2mms[22m[39m
 [32m笨・[39m tests/unit/repositoryFactory.spec.ts[2m > [22mrepositoryFactory: 'daily'[2m > [22mreturns demo repository when no SPFx context[32m 1[2mms[22m[39m
 [32m笨・[39m tests/unit/repositoryFactory.spec.ts[2m > [22mrepositoryFactory: 'daily'[2m > [22mcaches repository instance across calls[32m 1[2mms[22m[39m
 [32m笨・[39m tests/unit/repositoryFactory.spec.ts[2m > [22mrepositoryFactory: 'daily'[2m > [22mrespects override for DI in tests[32m 1[2mms[22m[39m
 [32m笨・[39m tests/unit/repositoryFactory.spec.ts[2m > [22mrepositoryFactory: 'daily'[2m > [22mclears override on null and returns to normal resolution[32m 1[2mms[22m[39m
 [32m笨・[39m tests/unit/repositoryFactory.spec.ts[2m > [22mrepositoryFactory: 'schedules'[2m > [22mreturns demo repository in test environment (isDev=true)[32m 1[2mms[22m[39m
 [32m笨・[39m tests/unit/repositoryFactory.spec.ts[2m > [22mrepositoryFactory: 'schedules'[2m > [22mreturns demo repository when no SPFx context[32m 1[2mms[22m[39m
 [32m笨・[39m tests/unit/repositoryFactory.spec.ts[2m > [22mrepositoryFactory: 'schedules'[2m > [22mcaches repository instance across calls[32m 1[2mms[22m[39m
 [32m笨・[39m tests/unit/repositoryFactory.spec.ts[2m > [22mrepositoryFactory: 'schedules'[2m > [22mrespects override for DI in tests[32m 1[2mms[22m[39m
 [32m笨・[39m tests/unit/repositoryFactory.spec.ts[2m > [22mrepositoryFactory: 'schedules'[2m > [22mclears override on null and returns to normal resolution[32m 1[2mms[22m[39m
 [32m笨・[39m tests/unit/repositoryFactory.spec.ts[2m > [22mrepositoryFactory: 'service-provision'[2m > [22mreturns demo repository in test environment (isDev=true)[32m 1[2mms[22m[39m
 [32m笨・[39m tests/unit/repositoryFactory.spec.ts[2m > [22mrepositoryFactory: 'service-provision'[2m > [22mreturns demo repository when no SPFx context[32m 1[2mms[22m[39m
 [32m笨・[39m tests/unit/repositoryFactory.spec.ts[2m > [22mrepositoryFactory: 'service-provision'[2m > [22mcaches repository instance across calls[32m 1[2mms[22m[39m
 [32m笨・[39m tests/unit/repositoryFactory.spec.ts[2m > [22mrepositoryFactory: 'service-provision'[2m > [22mrespects override for DI in tests[32m 1[2mms[22m[39m
 [32m笨・[39m tests/unit/repositoryFactory.spec.ts[2m > [22mrepositoryFactory: 'service-provision'[2m > [22mclears override on null and returns to normal resolution[32m 1[2mms[22m[39m
 [32m笨・[39m tests/unit/repositoryFactory.spec.ts[2m > [22mrepositoryFactory: 'users'[2m > [22mreturns demo repository in test environment (isDev=true)[32m 1[2mms[22m[39m
 [32m笨・[39m tests/unit/repositoryFactory.spec.ts[2m > [22mrepositoryFactory: 'users'[2m > [22mreturns demo repository when no SPFx context[32m 1[2mms[22m[39m
 [32m笨・[39m tests/unit/repositoryFactory.spec.ts[2m > [22mrepositoryFactory: 'users'[2m > [22mcaches repository instance across calls[32m 1[2mms[22m[39m
 [32m笨・[39m tests/unit/repositoryFactory.spec.ts[2m > [22mrepositoryFactory: 'users'[2m > [22mrespects override for DI in tests[32m 1[2mms[22m[39m
 [32m笨・[39m tests/unit/repositoryFactory.spec.ts[2m > [22mrepositoryFactory: 'users'[2m > [22mclears override on null and returns to normal resolution[32m 1[2mms[22m[39m
 [32m笨・[39m tests/unit/repositoryFactory.spec.ts[2m > [22mrepositoryFactory: users (forceKind)[2m > [22mreturns SP repository kind when forced via forceKind[32m 4[2mms[22m[39m
 [32m笨・[39m tests/unit/repositoryFactory.spec.ts[2m > [22mrepositoryFactory: ibd/pdca[2m > [22mreturns in-memory repository in test environment[32m 1[2mms[22m[39m
 [32m笨・[39m tests/unit/repositoryFactory.spec.ts[2m > [22mrepositoryFactory: ibd/pdca[2m > [22mcaches repository instance across calls[32m 1[2mms[22m[39m
 [32m笨・[39m tests/unit/features/compliance-checklist/api.spec.tsx[2m > [22mComplianceChecklist: types & api[2m > [22mmapToChecklistItem()[2m > [22m泙 豁｣蟶ｸ邉ｻ: 螟夜Κ縺九ｉ縺ｮDTO縺悟・繝輔ぅ繝ｼ繝ｫ繝峨ｒ謖√▽蝣ｴ蜷医∝・驛ｨ縺ｮ ChecklistItem 繝｢繝・Ν縺ｸ谺謳阪↑縺丞､画鋤縺輔ｌ繧九％縺ｨ[32m 5[2mms[22m[39m
 [32m笨・[39m tests/unit/features/compliance-checklist/api.spec.tsx[2m > [22mComplianceChecklist: types & api[2m > [22mmapToChecklistItem()[2m > [22m孱・・繝輔か繝ｼ繝ｫ繝舌ャ繧ｯ/蠅・阜譚｡莉ｶ: DTO 縺ｫ繧ｪ繝励す繝ｧ繝ｳ繝輔ぅ繝ｼ繝ｫ繝峨′ undefined 縺ｾ縺溘・辟｡縺・ｴ蜷医∵里蟄伜ｮ溯｣・・繝ｫ繝ｼ繝ｫ騾壹ｊ (null遲・ 縺ｫ蝗ｺ螳壼喧縺輔ｌ繧九％縺ｨ[32m 2[2mms[22m[39m
 [32m笨・[39m tests/unit/features/compliance-checklist/api.spec.tsx[2m > [22mComplianceChecklist: types & api[2m > [22museChecklistApi()[2m > [22m笞ｪ 遨ｺ繝・・繧ｿ: SharePoint 蛛ｴ縺ｮ霑泌唆縺・[] (0莉ｶ) 縺縺｣縺溷ｴ蜷医∽ｾ句､悶ｒ襍ｷ縺薙＆縺壹↓遨ｺ驟榊・繧定ｿ斐☆縺薙→[32m 24[2mms[22m[39m
 [32m笨・[39m tests/unit/features/compliance-checklist/api.spec.tsx[2m > [22mComplianceChecklist: types & api[2m > [22museChecklistApi()[2m > [22m泙 豁｣蟶ｸ邉ｻ: API縺九ｉ蜿門ｾ励＠縺櫂TO驟榊・縺・mapToChecklistItem 繧帝壹▲縺ｦ豁｣縺励￥霑泌唆縺輔ｌ繧九％縺ｨ[32m 5[2mms[22m[39m
 [32m笨・[39m tests/unit/features/compliance-checklist/api.spec.tsx[2m > [22mComplianceChecklist: types & api[2m > [22museChecklistApi()[2m > [22m泙 豁｣蟶ｸ邉ｻ: add() 繧貞他繧薙□髫帙∬ｿｽ蜉縺輔ｌ縺櫂TO邨先棡縺悟・驛ｨ繝｢繝・Ν縺ｨ縺励※霑泌唆縺輔ｌ繧九％縺ｨ[32m 6[2mms[22m[39m
 [32m笨・[39m src/features/today/transport/__tests__/transportStatusLogic.spec.ts[2m > [22mderiveTransportLegs[2m > [22mcreates pending legs for shuttle users[32m 7[2mms[22m[39m
 [32m笨・[39m src/features/today/transport/__tests__/transportStatusLogic.spec.ts[2m > [22mderiveTransportLegs[2m > [22mcreates self leg for self-transport users[32m 2[2mms[22m[39m
 [32m笨・[39m src/features/today/transport/__tests__/transportStatusLogic.spec.ts[2m > [22mderiveTransportLegs[2m > [22mrestores status from existing log entries[32m 1[2mms[22m[39m
 [32m笨・[39m src/features/today/transport/__tests__/transportStatusLogic.spec.ts[2m > [22mderiveTransportLegs[2m > [22muses scheduled departure time for from direction[32m 1[2mms[22m[39m
 [32m笨・[39m src/features/today/transport/__tests__/transportStatusLogic.spec.ts[2m > [22mderiveTransportLegs[2m > [22mhandles missing visit data gracefully[32m 1[2mms[22m[39m
 [32m笨・[39m src/features/today/transport/__tests__/transportStatusLogic.spec.ts[2m > [22mderiveTransportLegs[2m > [22mhandles multiple users correctly[32m 1[2mms[22m[39m
 [32m笨・[39m src/features/today/transport/__tests__/transportStatusLogic.spec.ts[2m > [22mderiveTransportLegs[2m > [22mdoes not mix logs from different directions[32m 1[2mms[22m[39m
 [32m笨・[39m src/features/today/transport/__tests__/transportStatusLogic.spec.ts[2m > [22mcanTransition[2m > [22mallows pending 竊・in-progress[32m 1[2mms[22m[39m
 [32m笨・[39m src/features/today/transport/__tests__/transportStatusLogic.spec.ts[2m > [22mcanTransition[2m > [22mallows pending 竊・absent[32m 1[2mms[22m[39m
 [32m笨・[39m src/features/today/transport/__tests__/transportStatusLogic.spec.ts[2m > [22mcanTransition[2m > [22mallows in-progress 竊・arrived[32m 1[2mms[22m[39m
 [32m笨・[39m src/features/today/transport/__tests__/transportStatusLogic.spec.ts[2m > [22mcanTransition[2m > [22mblocks arrived 竊・any[32m 1[2mms[22m[39m
 [32m笨・[39m src/features/today/transport/__tests__/transportStatusLogic.spec.ts[2m > [22mcanTransition[2m > [22mblocks absent 竊・any[32m 1[2mms[22m[39m
 [32m笨・[39m src/features/today/transport/__tests__/transportStatusLogic.spec.ts[2m > [22mcanTransition[2m > [22mblocks self 竊・any[32m 1[2mms[22m[39m
 [32m笨・[39m src/features/today/transport/__tests__/transportStatusLogic.spec.ts[2m > [22mcanTransition[2m > [22mblocks skip (pending 竊・arrived)[32m 1[2mms[22m[39m
 [32m笨・[39m src/features/today/transport/__tests__/transportStatusLogic.spec.ts[2m > [22mapplyTransition[2m > [22mreturns new leg with updated status[32m 1[2mms[22m[39m
 [32m笨・[39m src/features/today/transport/__tests__/transportStatusLogic.spec.ts[2m > [22mapplyTransition[2m > [22mauto-sets actualTime on arrival[32m 1[2mms[22m[39m
 [32m笨・[39m src/features/today/transport/__tests__/transportStatusLogic.spec.ts[2m > [22mapplyTransition[2m > [22mreturns null for invalid transition[32m 1[2mms[22m[39m
 [32m笨・[39m src/features/today/transport/__tests__/transportStatusLogic.spec.ts[2m > [22mapplyTransition[2m > [22mreturns null for self 竊・any transition[32m 1[2mms[22m[39m
 [32m笨・[39m src/features/today/transport/__tests__/transportStatusLogic.spec.ts[2m > [22misTerminalStatus[2m > [22mpending 竊・false[32m 1[2mms[22m[39m
 [32m笨・[39m src/features/today/transport/__tests__/transportStatusLogic.spec.ts[2m > [22misTerminalStatus[2m > [22min-progress 竊・false[32m 0[2mms[22m[39m
 [32m笨・[39m src/features/today/transport/__tests__/transportStatusLogic.spec.ts[2m > [22misTerminalStatus[2m > [22marrived 竊・true[32m 1[2mms[22m[39m
 [32m笨・[39m src/features/today/transport/__tests__/transportStatusLogic.spec.ts[2m > [22misTerminalStatus[2m > [22mabsent 竊・true[32m 1[2mms[22m[39m
 [32m笨・[39m src/features/today/transport/__tests__/transportStatusLogic.spec.ts[2m > [22misTerminalStatus[2m > [22mself 竊・true[32m 0[2mms[22m[39m
 [32m笨・[39m src/features/today/transport/__tests__/transportStatusLogic.spec.ts[2m > [22mTRANSPORT_TRANSITIONS[2m > [22mdefines transitions for all statuses[32m 1[2mms[22m[39m
 [32m笨・[39m src/features/today/transport/__tests__/transportStatusLogic.spec.ts[2m > [22mcomputeDirectionSummary[2m > [22mcounts statuses correctly[32m 1[2mms[22m[39m
 [32m笨・[39m src/features/today/transport/__tests__/transportStatusLogic.spec.ts[2m > [22mcomputeDirectionSummary[2m > [22mdetects overdue users (5min grace)[32m 1[2mms[22m[39m
 [32m笨・[39m src/features/today/transport/__tests__/transportStatusLogic.spec.ts[2m > [22mcomputeDirectionSummary[2m > [22mreturns empty overdueUserIds when no currentTime provided[32m 1[2mms[22m[39m
 [32m笨・[39m src/features/today/transport/__tests__/transportStatusLogic.spec.ts[2m > [22mcomputeDirectionSummary[2m > [22mfilters by direction[32m 1[2mms[22m[39m
 [32m笨・[39m src/features/today/transport/__tests__/transportStatusLogic.spec.ts[2m > [22mcomputeDirectionSummary[2m > [22mhandles empty legs array[32m 1[2mms[22m[39m
 [32m笨・[39m src/features/today/transport/__tests__/transportStatusLogic.spec.ts[2m > [22mgetDefaultDirection[2m > [22mreturns "to" in the morning[32m 1[2mms[22m[39m
 [32m笨・[39m src/features/today/transport/__tests__/transportStatusLogic.spec.ts[2m > [22mgetDefaultDirection[2m > [22mreturns "from" in the afternoon[32m 1[2mms[22m[39m
 [32m笨・[39m src/features/today/transport/__tests__/transportStatusLogic.spec.ts[2m > [22mformatHHmm[2m > [22mformats single-digit hours/minutes with padding[32m 1[2mms[22m[39m
 [32m笨・[39m src/features/today/transport/__tests__/transportStatusLogic.spec.ts[2m > [22mformatHHmm[2m > [22mformats midnight[32m 1[2mms[22m[39m
 [32m笨・[39m src/features/today/transport/__tests__/transportStatusLogic.spec.ts[2m > [22mformatHHmm[2m > [22mformats noon[32m 1[2mms[22m[39m
 [32m笨・[39m src/features/today/transport/__tests__/transportStatusLogic.spec.ts[2m > [22mparseHHmmToMinutes[2m > [22mparses valid HH:mm[32m 1[2mms[22m[39m
 [32m笨・[39m src/features/today/transport/__tests__/transportStatusLogic.spec.ts[2m > [22mparseHHmmToMinutes[2m > [22mparses single-digit hour[32m 1[2mms[22m[39m
 [32m笨・[39m src/features/today/transport/__tests__/transportStatusLogic.spec.ts[2m > [22mparseHHmmToMinutes[2m > [22mreturns null for invalid formats[32m 1[2mms[22m[39m
 [32m笨・[39m src/domain/safety/__tests__/safetyRequirements.spec.ts[2m > [22mcomputeCommitteeSummary 窶・meetsQuarterlyRequirement[2m > [22mshould return false when fiscal-year meetings = 0[32m 8[2mms[22m[39m
 [32m笨・[39m src/domain/safety/__tests__/safetyRequirements.spec.ts[2m > [22mcomputeCommitteeSummary 窶・meetsQuarterlyRequirement[2m > [22mshould return false when fiscal-year meetings = 1[32m 2[2mms[22m[39m
 [32m笨・[39m src/domain/safety/__tests__/safetyRequirements.spec.ts[2m > [22mcomputeCommitteeSummary 窶・meetsQuarterlyRequirement[2m > [22mshould return false when fiscal-year meetings = 3 (boundary minus 1)[32m 3[2mms[22m[39m
 [32m笨・[39m src/domain/safety/__tests__/safetyRequirements.spec.ts[2m > [22mcomputeCommitteeSummary 窶・meetsQuarterlyRequirement[2m > [22mshould return true when fiscal-year meetings = 4 (boundary exact)[32m 1[2mms[22m[39m
 [32m笨・[39m src/domain/safety/__tests__/safetyRequirements.spec.ts[2m > [22mcomputeCommitteeSummary 窶・meetsQuarterlyRequirement[2m > [22mshould return true when fiscal-year meetings = 5 (boundary plus 1)[32m 1[2mms[22m[39m
 [32m笨・[39m src/domain/safety/__tests__/safetyRequirements.spec.ts[2m > [22mcomputeCommitteeSummary 窶・meetsQuarterlyRequirement[2m > [22mshould NOT count meetings before fiscal year start (prev year boundary)[32m 1[2mms[22m[39m
 [32m笨・[39m src/domain/safety/__tests__/safetyRequirements.spec.ts[2m > [22mcomputeCommitteeSummary 窶・meetsQuarterlyRequirement[2m > [22mshould count meetings on fiscal year start date (4/1 boundary)[32m 1[2mms[22m[39m
 [32m笨・[39m src/domain/safety/__tests__/safetyRequirements.spec.ts[2m > [22mcomputeCommitteeSummary 窶・meetsQuarterlyRequirement[2m > [22mshould only count current fiscal year meetings, not total[32m 1[2mms[22m[39m
 [32m笨・[39m src/domain/safety/__tests__/safetyRequirements.spec.ts[2m > [22mcomputeTrainingSummary 窶・meetsBiannualRequirement[2m > [22mshould return false when fiscal-year completed trainings = 0[32m 1[2mms[22m[39m
 [32m笨・[39m src/domain/safety/__tests__/safetyRequirements.spec.ts[2m > [22mcomputeTrainingSummary 窶・meetsBiannualRequirement[2m > [22mshould return false when fiscal-year completed trainings = 1 (boundary minus 1)[32m 1[2mms[22m[39m
 [32m笨・[39m src/domain/safety/__tests__/safetyRequirements.spec.ts[2m > [22mcomputeTrainingSummary 窶・meetsBiannualRequirement[2m > [22mshould return true when fiscal-year completed trainings = 2 (boundary exact)[32m 1[2mms[22m[39m
 [32m笨・[39m src/domain/safety/__tests__/safetyRequirements.spec.ts[2m > [22mcomputeTrainingSummary 窶・meetsBiannualRequirement[2m > [22mshould return true when fiscal-year completed trainings = 3 (boundary plus 1)[32m 1[2mms[22m[39m
 [32m笨・[39m src/domain/safety/__tests__/safetyRequirements.spec.ts[2m > [22mcomputeTrainingSummary 窶・meetsBiannualRequirement[2m > [22mshould NOT count cancelled trainings toward the requirement[32m 1[2mms[22m[39m
 [32m笨・[39m src/domain/safety/__tests__/safetyRequirements.spec.ts[2m > [22mcomputeTrainingSummary 窶・meetsBiannualRequirement[2m > [22mshould NOT count planned trainings toward the requirement[32m 3[2mms[22m[39m
 [32m笨・[39m src/domain/safety/__tests__/safetyRequirements.spec.ts[2m > [22mcomputeTrainingSummary 窶・meetsBiannualRequirement[2m > [22mshould NOT count prev-year trainings toward fiscal-year requirement[32m 1[2mms[22m[39m
 [32m笨・[39m src/domain/safety/__tests__/safetyRequirements.spec.ts[2m > [22mcomputeAttendanceRate[2m > [22mshould return 0 when participants array is empty (division-by-zero safety)[32m 1[2mms[22m[39m
 [32m笨・[39m src/domain/safety/__tests__/safetyRequirements.spec.ts[2m > [22mcomputeAttendanceRate[2m > [22mshould return 100 when all participants attended[32m 1[2mms[22m[39m
 [32m笨・[39m src/domain/safety/__tests__/safetyRequirements.spec.ts[2m > [22mcomputeAttendanceRate[2m > [22mshould return 0 when no participants attended[32m 1[2mms[22m[39m
 [32m笨・[39m src/domain/safety/__tests__/safetyRequirements.spec.ts[2m > [22mcomputeAttendanceRate[2m > [22mshould return rounded percentage for partial attendance[32m 1[2mms[22m[39m
 [32m笨・[39m src/domain/safety/__tests__/safetyRequirements.spec.ts[2m > [22mcomputeAttendanceRate[2m > [22mshould return 50 for half attendance[32m 1[2mms[22m[39m
 [32m笨・[39m src/domain/safety/__tests__/safetyRequirements.spec.ts[2m > [22mcomputeTrainingSummary 窶・averageAttendanceRate[2m > [22mshould return 0 when no completed training records exist[32m 1[2mms[22m[39m
 [32m笨・[39m src/domain/safety/__tests__/safetyRequirements.spec.ts[2m > [22mcomputeTrainingSummary 窶・averageAttendanceRate[2m > [22mshould return 0 when all completed trainings have no participants[32m 1[2mms[22m[39m
 [32m笨・[39m src/domain/safety/__tests__/safetyRequirements.spec.ts[2m > [22mcomputeTrainingSummary 窶・averageAttendanceRate[2m > [22mshould compute average attendance rate across multiple trainings[32m 1[2mms[22m[39m
 [32m笨・[39m src/utils/__tests__/peakTimeAnalysis.test.ts[2m > [22mpeakTimeAnalysis[2m > [22mtimeToMinutes (internal function via getTimeSlotLabel)[2m > [22m豁｣蟶ｸ縺ｪ譎ょ綾譁・ｭ怜・繧貞・蜊倅ｽ阪↓螟画鋤[32m 5[2mms[22m[39m
 [32m笨・[39m src/utils/__tests__/peakTimeAnalysis.test.ts[2m > [22mpeakTimeAnalysis[2m > [22mtimeToMinutes (internal function via getTimeSlotLabel)[2m > [22m荳肴ｭ｣縺ｪ譎ょ綾繝輔か繝ｼ繝槭ャ繝医〒繧ゅヵ繧ｩ繝ｼ繝ｫ繝舌ャ繧ｯ[32m 8[2mms[22m[39m
 [32m笨・[39m src/utils/__tests__/peakTimeAnalysis.test.ts[2m > [22mpeakTimeAnalysis[2m > [22mgetTimeSlotLabel (via getAllTimeSlotAnalysis)[2m > [22m2譎る俣繧ｹ繝ｭ繝・ヨ・医ョ繝輔か繝ｫ繝茨ｼ峨〒縺ｮ蛻・｡・[32m 1[2mms[22m[39m
 [32m笨・[39m src/utils/__tests__/peakTimeAnalysis.test.ts[2m > [22mpeakTimeAnalysis[2m > [22mgetTimeSlotLabel (via getAllTimeSlotAnalysis)[2m > [22m1譎る俣繧ｹ繝ｭ繝・ヨ縺ｧ縺ｮ邏ｰ縺九＞蛻・｡・[32m 2[2mms[22m[39m
 [32m笨・[39m src/utils/__tests__/peakTimeAnalysis.test.ts[2m > [22mpeakTimeAnalysis[2m > [22msummarizePeakTimeSlots[2m > [22m遨ｺ驟榊・縺ｮ蝣ｴ蜷医・null繧定ｿ斐☆[32m 1[2mms[22m[39m
 [32m笨・[39m src/utils/__tests__/peakTimeAnalysis.test.ts[2m > [22mpeakTimeAnalysis[2m > [22msummarizePeakTimeSlots[2m > [22m繧ｳ繝ｳ繝輔Μ繧ｯ繝医′蟄伜惠縺励↑縺・ｴ蜷医ｂnull繧定ｿ斐☆[32m 1[2mms[22m[39m
 [32m笨・[39m src/utils/__tests__/peakTimeAnalysis.test.ts[2m > [22mpeakTimeAnalysis[2m > [22msummarizePeakTimeSlots[2m > [22m譛繧るｻ蠎ｦ縺ｮ鬮倥＞繧ｹ繝ｭ繝・ヨ繧呈ｭ｣縺励￥迚ｹ螳・[32m 1[2mms[22m[39m
 [32m笨・[39m src/utils/__tests__/peakTimeAnalysis.test.ts[2m > [22mpeakTimeAnalysis[2m > [22msummarizePeakTimeSlots[2m > [22m鬮倬ｻ蠎ｦ縺ｮ蝣ｴ蜷医・high severity[32m 16[2mms[22m[39m
 [32m笨・[39m src/utils/__tests__/peakTimeAnalysis.test.ts[2m > [22mpeakTimeAnalysis[2m > [22msummarizePeakTimeSlots[2m > [22m荳ｭ鬆ｻ蠎ｦ縺ｮ蝣ｴ蜷医・medium severity[32m 1[2mms[22m[39m
 [32m笨・[39m src/utils/__tests__/peakTimeAnalysis.test.ts[2m > [22mpeakTimeAnalysis[2m > [22msummarizePeakTimeSlots[2m > [22m菴朱ｻ蠎ｦ縺ｮ蝣ｴ蜷医・low severity[32m 1[2mms[22m[39m
 [32m笨・[39m src/utils/__tests__/peakTimeAnalysis.test.ts[2m > [22mpeakTimeAnalysis[2m > [22mgetAllTimeSlotAnalysis[2m > [22m繝偵ャ繝域焚縺ｮ髯埼・〒繧ｽ繝ｼ繝・[32m 1[2mms[22m[39m
 [32m笨・[39m src/utils/__tests__/peakTimeAnalysis.test.ts[2m > [22mpeakTimeAnalysis[2m > [22mgetAllTimeSlotAnalysis[2m > [22m蜷後§譌･縺ｮ隍・焚繧ｳ繝ｳ繝輔Μ繧ｯ繝医・1繧ｫ繧ｦ繝ｳ繝・[32m 1[2mms[22m[39m
 [32m笨・[39m src/utils/__tests__/peakTimeAnalysis.test.ts[2m > [22mpeakTimeAnalysis[2m > [22manalyzeStability[2m > [22mexcellent迥ｶ諷・ 繝斐・繧ｯ1譌･莉･荳・& 蟷ｳ蝮・.5莉･荳・[32m 1[2mms[22m[39m
 [32m笨・[39m src/utils/__tests__/peakTimeAnalysis.test.ts[2m > [22mpeakTimeAnalysis[2m > [22manalyzeStability[2m > [22mgood迥ｶ諷・ 繝斐・繧ｯ2譌･莉･荳・& 蟷ｳ蝮・.0莉･荳・[32m 1[2mms[22m[39m
 [32m笨・[39m src/utils/__tests__/peakTimeAnalysis.test.ts[2m > [22mpeakTimeAnalysis[2m > [22manalyzeStability[2m > [22mimproving迥ｶ諷・ 繝斐・繧ｯ豈皮紫0.4莉･荳・& 蟷ｳ蝮・.0莉･荳・[32m 1[2mms[22m[39m
 [32m笨・[39m src/utils/__tests__/peakTimeAnalysis.test.ts[2m > [22mpeakTimeAnalysis[2m > [22manalyzeStability[2m > [22mneeds_attention迥ｶ諷・ 鬮倥＞鬆ｻ蠎ｦ縺ｾ縺溘・鬮倥＞蟷ｳ蝮・[32m 1[2mms[22m[39m
 [32m笨・[39m src/utils/__tests__/peakTimeAnalysis.test.ts[2m > [22mpeakTimeAnalysis[2m > [22manalyzeStability[2m > [22m雋謨ｰ蜈･蜉帙・螳牙・縺ｪ蜃ｦ逅・[32m 1[2mms[22m[39m
 [32m笨・[39m src/utils/__tests__/peakTimeAnalysis.test.ts[2m > [22mpeakTimeAnalysis[2m > [22manalyzeStability[2m > [22mundefined蜈･蜉帙・螳牙・縺ｪ蜃ｦ逅・[32m 1[2mms[22m[39m
 [32m笨・[39m src/utils/__tests__/peakTimeAnalysis.test.ts[2m > [22mpeakTimeAnalysis[2m > [22manalyzeStability[2m > [22mtotalDays縺・縺ｮ蝣ｴ蜷医・螳牙・縺ｪ蜃ｦ逅・[32m 1[2mms[22m[39m
 [32m笨・[39m src/utils/__tests__/peakTimeAnalysis.test.ts[2m > [22mpeakTimeAnalysis[2m > [22mgenerateIntegratedComment[2m > [22m螳牙ｮ夂憾諷九・蝣ｴ蜷医・繝昴ず繝・ぅ繝悶Γ繝・そ繝ｼ繧ｸ蜆ｪ蜈・[32m 1[2mms[22m[39m
 [32m笨・[39m src/utils/__tests__/peakTimeAnalysis.test.ts[2m > [22mpeakTimeAnalysis[2m > [22mgenerateIntegratedComment[2m > [22m鬮倩ｲ闕ｷ繝斐・繧ｯ + 隕∵隼蝟・・蝣ｴ蜷医・繝斐・繧ｯ繝｡繝・そ繝ｼ繧ｸ蜆ｪ蜈・[32m 1[2mms[22m[39m
 [32m笨・[39m src/utils/__tests__/peakTimeAnalysis.test.ts[2m > [22mpeakTimeAnalysis[2m > [22mgenerateIntegratedComment[2m > [22m謾ｹ蝟・だ蜷代・蝣ｴ蜷医・蜉ｱ縺ｾ縺励Γ繝・そ繝ｼ繧ｸ[32m 1[2mms[22m[39m
 [32m笨・[39m src/utils/__tests__/peakTimeAnalysis.test.ts[2m > [22mpeakTimeAnalysis[2m > [22mgenerateIntegratedComment[2m > [22mactionSuggestion縺蛍ndefined縺ｧ繧ょｮ牙・[32m 1[2mms[22m[39m
 [32m笨・[39m src/features/monitoring/domain/ispRecommendationUtils.spec.ts[2m > [22mderiveIspRecommendation[2m > [22mnoData 竊・pending[32m 5[2mms[22m[39m
 [32m笨・[39m src/features/monitoring/domain/ispRecommendationUtils.spec.ts[2m > [22mderiveIspRecommendation[2m > [22machieved 竊・continue・域ｬ｡谿ｵ髫取､懆ｨ弱ｒ蜷ｫ繧・・[32m 1[2mms[22m[39m
 [32m笨・[39m src/features/monitoring/domain/ispRecommendationUtils.spec.ts[2m > [22mderiveIspRecommendation[2m > [22mprogressing 竊・continue[32m 1[2mms[22m[39m
 [32m笨・[39m src/features/monitoring/domain/ispRecommendationUtils.spec.ts[2m > [22mderiveIspRecommendation[2m > [22mstagnant + stable 竊・adjust-support[32m 1[2mms[22m[39m
 [32m笨・[39m src/features/monitoring/domain/ispRecommendationUtils.spec.ts[2m > [22mderiveIspRecommendation[2m > [22mstagnant + improving 竊・adjust-support・域・譬ｼ縺励↑縺・ｼ・[32m 1[2mms[22m[39m
 [32m笨・[39m src/features/monitoring/domain/ispRecommendationUtils.spec.ts[2m > [22mderiveIspRecommendation[2m > [22mregressing + stable 竊・revise-goal[32m 1[2mms[22m[39m
 [32m笨・[39m src/features/monitoring/domain/ispRecommendationUtils.spec.ts[2m > [22mderiveIspRecommendation[2m > [22mstagnant + declining 竊・revise-goal 縺ｫ譏・ｼ[32m 1[2mms[22m[39m
 [32m笨・[39m src/features/monitoring/domain/ispRecommendationUtils.spec.ts[2m > [22mderiveIspRecommendation[2m > [22mregressing + declining + 險倬鹸蜊∝・ 竊・urgent-review 縺ｫ譏・ｼ[32m 1[2mms[22m[39m
 [32m笨・[39m src/features/monitoring/domain/ispRecommendationUtils.spec.ts[2m > [22mderiveIspRecommendation[2m > [22mregressing + declining + 險倬鹸荳崎ｶｳ 竊・revise-goal 縺ｫ逡吶∪繧・[32m 1[2mms[22m[39m
 [32m笨・[39m src/features/monitoring/domain/ispRecommendationUtils.spec.ts[2m > [22mderiveIspRecommendation[2m > [22mgoalName 縺梧ｸ｡縺輔ｌ繧九→ reason 縺ｫ蜿肴丐縺輔ｌ繧・[32m 1[2mms[22m[39m
 [32m笨・[39m src/features/monitoring/domain/ispRecommendationUtils.spec.ts[2m > [22mderiveIspRecommendation[2m > [22mgoalName 縺後↑縺・ｴ蜷医・繝輔か繝ｼ繝ｫ繝舌ャ繧ｯ陦ｨ遉ｺ[32m 1[2mms[22m[39m
 [32m笨・[39m src/features/monitoring/domain/ispRecommendationUtils.spec.ts[2m > [22mderiveIspRecommendation[2m > [22mevidence 縺ｫ GoalProgress 縺ｮ繧ｹ繝翫ャ繝励す繝ｧ繝・ヨ縺悟性縺ｾ繧後ｋ[32m 2[2mms[22m[39m
 [32m笨・[39m src/features/monitoring/domain/ispRecommendationUtils.spec.ts[2m > [22mbuildIspRecommendations[2m > [22m遨ｺ驟榊・ 竊・pending summary[32m 5[2mms[22m[39m
 [32m笨・[39m src/features/monitoring/domain/ispRecommendationUtils.spec.ts[2m > [22mbuildIspRecommendations[2m > [22m蜈ｨ逶ｮ讓・continue 竊・overallLevel=continue[32m 1[2mms[22m[39m
 [32m笨・[39m src/features/monitoring/domain/ispRecommendationUtils.spec.ts[2m > [22mbuildIspRecommendations[2m > [22m1莉ｶ縺ｧ繧・stagnant 竊・overallLevel=adjust-support[32m 1[2mms[22m[39m
 [32m笨・[39m src/features/monitoring/domain/ispRecommendationUtils.spec.ts[2m > [22mbuildIspRecommendations[2m > [22m1莉ｶ縺ｧ繧・regressing 竊・overallLevel=revise-goal[32m 1[2mms[22m[39m
 [32m笨・[39m src/features/monitoring/domain/ispRecommendationUtils.spec.ts[2m > [22mbuildIspRecommendations[2m > [22murgent-review 縺後≠繧後・ overallLevel=urgent-review[32m 1[2mms[22m[39m
 [32m笨・[39m src/features/monitoring/domain/ispRecommendationUtils.spec.ts[2m > [22mbuildIspRecommendations[2m > [22mpending 縺ｮ縺ｿ縺ｮ蝣ｴ蜷医・ actionableCount=0[32m 1[2mms[22m[39m
 [32m笨・[39m src/features/monitoring/domain/ispRecommendationUtils.spec.ts[2m > [22mbuildIspRecommendations[2m > [22mpending + actionable 竊・overallLevel 縺ｯ actionable 縺ｮ譛螟ｧ[32m 1[2mms[22m[39m
 [32m笨・[39m src/features/monitoring/domain/ispRecommendationUtils.spec.ts[2m > [22mbuildIspRecommendations[2m > [22msummaryText 縺ｫ繝ｬ繝吶Ν蛻･莉ｶ謨ｰ縺ｨ邱丞粋蛻､螳壹′蜷ｫ縺ｾ繧後ｋ[32m 1[2mms[22m[39m
 [32m笨・[39m src/features/monitoring/domain/ispRecommendationUtils.spec.ts[2m > [22mbuildIspRecommendations[2m > [22mgoalNames 縺梧ｸ｡縺輔ｌ繧九→ reason 縺ｫ蜿肴丐縺輔ｌ繧・[32m 1[2mms[22m[39m
 [32m笨・[39m src/features/monitoring/domain/ispRecommendationUtils.spec.ts[2m > [22m蛻､螳壹・繝医Μ繧ｯ繧ｹ 窶・蜈ｨ繝代ち繝ｼ繝ｳ[2m > [22m'achieved+improving' 竊・'continue'[32m 1[2mms[22m[39m
 [32m笨・[39m src/features/monitoring/domain/ispRecommendationUtils.spec.ts[2m > [22m蛻､螳壹・繝医Μ繧ｯ繧ｹ 窶・蜈ｨ繝代ち繝ｼ繝ｳ[2m > [22m'achieved+stable' 竊・'continue'[32m 1[2mms[22m[39m
 [32m笨・[39m src/features/monitoring/domain/ispRecommendationUtils.spec.ts[2m > [22m蛻､螳壹・繝医Μ繧ｯ繧ｹ 窶・蜈ｨ繝代ち繝ｼ繝ｳ[2m > [22m'achieved+declining' 竊・'continue'[32m 1[2mms[22m[39m
 [32m笨・[39m src/features/monitoring/domain/ispRecommendationUtils.spec.ts[2m > [22m蛻､螳壹・繝医Μ繧ｯ繧ｹ 窶・蜈ｨ繝代ち繝ｼ繝ｳ[2m > [22m'progressing+improving' 竊・'continue'[32m 0[2mms[22m[39m
 [32m笨・[39m src/features/monitoring/domain/ispRecommendationUtils.spec.ts[2m > [22m蛻､螳壹・繝医Μ繧ｯ繧ｹ 窶・蜈ｨ繝代ち繝ｼ繝ｳ[2m > [22m'progressing+stable' 竊・'continue'[32m 0[2mms[22m[39m
 [32m笨・[39m src/features/monitoring/domain/ispRecommendationUtils.spec.ts[2m > [22m蛻､螳壹・繝医Μ繧ｯ繧ｹ 窶・蜈ｨ繝代ち繝ｼ繝ｳ[2m > [22m'progressing+declining' 竊・'continue'[32m 0[2mms[22m[39m
 [32m笨・[39m src/features/monitoring/domain/ispRecommendationUtils.spec.ts[2m > [22m蛻､螳壹・繝医Μ繧ｯ繧ｹ 窶・蜈ｨ繝代ち繝ｼ繝ｳ[2m > [22m'stagnant+improving' 竊・'adjust-support'[32m 0[2mms[22m[39m
 [32m笨・[39m src/features/monitoring/domain/ispRecommendationUtils.spec.ts[2m > [22m蛻､螳壹・繝医Μ繧ｯ繧ｹ 窶・蜈ｨ繝代ち繝ｼ繝ｳ[2m > [22m'stagnant+stable' 竊・'adjust-support'[32m 0[2mms[22m[39m
 [32m笨・[39m src/features/monitoring/domain/ispRecommendationUtils.spec.ts[2m > [22m蛻､螳壹・繝医Μ繧ｯ繧ｹ 窶・蜈ｨ繝代ち繝ｼ繝ｳ[2m > [22m'stagnant+declining' 竊・'revise-goal'[32m 0[2mms[22m[39m
 [32m笨・[39m src/features/monitoring/domain/ispRecommendationUtils.spec.ts[2m > [22m蛻､螳壹・繝医Μ繧ｯ繧ｹ 窶・蜈ｨ繝代ち繝ｼ繝ｳ[2m > [22m'regressing+improving' 竊・'revise-goal'[32m 0[2mms[22m[39m
 [32m笨・[39m src/features/monitoring/domain/ispRecommendationUtils.spec.ts[2m > [22m蛻､螳壹・繝医Μ繧ｯ繧ｹ 窶・蜈ｨ繝代ち繝ｼ繝ｳ[2m > [22m'regressing+stable' 竊・'revise-goal'[32m 0[2mms[22m[39m
 [32m笨・[39m src/features/monitoring/domain/ispRecommendationUtils.spec.ts[2m > [22m蛻､螳壹・繝医Μ繧ｯ繧ｹ 窶・蜈ｨ繝代ち繝ｼ繝ｳ[2m > [22m'regressing+declining(險倬鹸荳崎ｶｳ)' 竊・'revise-goal'[32m 0[2mms[22m[39m
 [32m笨・[39m src/features/monitoring/domain/ispRecommendationUtils.spec.ts[2m > [22m蛻､螳壹・繝医Μ繧ｯ繧ｹ 窶・蜈ｨ繝代ち繝ｼ繝ｳ[2m > [22m'regressing+declining(險倬鹸蜊∝・)' 竊・'urgent-review'[32m 0[2mms[22m[39m
 [32m笨・[39m src/features/monitoring/domain/ispRecommendationUtils.spec.ts[2m > [22m蛻､螳壹・繝医Μ繧ｯ繧ｹ 窶・蜈ｨ繝代ち繝ｼ繝ｳ[2m > [22m'noData+stable' 竊・'pending'[32m 0[2mms[22m[39m
 [32m笨・[39m src/features/monitoring/domain/ispRecommendationUtils.spec.ts[2m > [22m蛻､螳壹・繝医Μ繧ｯ繧ｹ 窶・蜈ｨ繝代ち繝ｼ繝ｳ[2m > [22m'noData+improving' 竊・'pending'[32m 0[2mms[22m[39m
 [32m笨・[39m src/features/monitoring/domain/ispRecommendationUtils.spec.ts[2m > [22m蛻､螳壹・繝医Μ繧ｯ繧ｹ 窶・蜈ｨ繝代ち繝ｼ繝ｳ[2m > [22m'noData+declining' 竊・'pending'[32m 0[2mms[22m[39m
 [32m笨・[39m src/features/planning-sheet/__tests__/monitoringToPlanningBridge.spec.ts[2m > [22mbridgeMonitoringToPlanning (BehaviorMonitoringRecord)[2m > [22m閾ｪ蜍戊ｿｽ險・[2m > [22msummary 竊・collectedInformation 縺ｫ霑ｽ險倥☆繧・[32m 6[2mms[22m[39m
 [32m笨・[39m src/features/planning-sheet/__tests__/monitoringToPlanningBridge.spec.ts[2m > [22mbridgeMonitoringToPlanning (BehaviorMonitoringRecord)[2m > [22m閾ｪ蜍戊ｿｽ險・[2m > [22muserFeedback 竊・collectedInformation 縺ｫ霑ｽ險倥☆繧・[32m 1[2mms[22m[39m
 [32m笨・[39m src/features/planning-sheet/__tests__/monitoringToPlanningBridge.spec.ts[2m > [22mbridgeMonitoringToPlanning (BehaviorMonitoringRecord)[2m > [22m閾ｪ蜍戊ｿｽ險・[2m > [22mfamilyFeedback 竊・collectedInformation 縺ｫ霑ｽ險倥☆繧・[32m 1[2mms[22m[39m
 [32m笨・[39m src/features/planning-sheet/__tests__/monitoringToPlanningBridge.spec.ts[2m > [22mbridgeMonitoringToPlanning (BehaviorMonitoringRecord)[2m > [22m閾ｪ蜍戊ｿｽ險・[2m > [22mdifficultiesObserved 竊・observationFacts 縺ｫ霑ｽ險倥☆繧・[32m 1[2mms[22m[39m
 [32m笨・[39m src/features/planning-sheet/__tests__/monitoringToPlanningBridge.spec.ts[2m > [22mbridgeMonitoringToPlanning (BehaviorMonitoringRecord)[2m > [22m閾ｪ蜍戊ｿｽ險・[2m > [22mmedicalSafetyNotes 竊・observationFacts 縺ｫ霑ｽ險倥☆繧・[32m 1[2mms[22m[39m
 [32m笨・[39m src/features/planning-sheet/__tests__/monitoringToPlanningBridge.spec.ts[2m > [22mbridgeMonitoringToPlanning (BehaviorMonitoringRecord)[2m > [22m閾ｪ蜍戊ｿｽ險・[2m > [22m譌｢蟄倥ユ繧ｭ繧ｹ繝医ｒ螢翫＆縺壽忰蟆ｾ縺ｫ霑ｽ險倥☆繧・[32m 1[2mms[22m[39m
 [32m笨・[39m src/features/planning-sheet/__tests__/monitoringToPlanningBridge.spec.ts[2m > [22mbridgeMonitoringToPlanning (BehaviorMonitoringRecord)[2m > [22m閾ｪ蜍戊ｿｽ險・[2m > [22m遨ｺ縺ｮ feedback/summary 縺ｯ霑ｽ險倥＠縺ｪ縺・[32m 1[2mms[22m[39m
 [32m笨・[39m src/features/planning-sheet/__tests__/monitoringToPlanningBridge.spec.ts[2m > [22mbridgeMonitoringToPlanning (BehaviorMonitoringRecord)[2m > [22m蛟呵｣懈署遉ｺ: 謾ｯ謠ｴ譁ｹ豕戊ｩ穂ｾ｡[2m > [22meffective 竊・concreteApproaches 蛟呵｣・[32m 3[2mms[22m[39m
 [32m笨・[39m src/features/planning-sheet/__tests__/monitoringToPlanningBridge.spec.ts[2m > [22mbridgeMonitoringToPlanning (BehaviorMonitoringRecord)[2m > [22m蛟呵｣懈署遉ｺ: 謾ｯ謠ｴ譁ｹ豕戊ｩ穂ｾ｡[2m > [22mmostly_effective 繧・effective_support 縺ｫ縺ｪ繧・[32m 1[2mms[22m[39m
 [32m笨・[39m src/features/planning-sheet/__tests__/monitoringToPlanningBridge.spec.ts[2m > [22mbridgeMonitoringToPlanning (BehaviorMonitoringRecord)[2m > [22m蛟呵｣懈署遉ｺ: 謾ｯ謠ｴ譁ｹ豕戊ｩ穂ｾ｡[2m > [22mnot_effective 竊・supportPolicy 蛟呵｣・[32m 1[2mms[22m[39m
 [32m笨・[39m src/features/planning-sheet/__tests__/monitoringToPlanningBridge.spec.ts[2m > [22mbridgeMonitoringToPlanning (BehaviorMonitoringRecord)[2m > [22m蛟呵｣懈署遉ｺ: 謾ｯ謠ｴ譁ｹ豕戊ｩ穂ｾ｡[2m > [22mpartial 繧・revision_needed 縺ｫ縺ｪ繧・[32m 1[2mms[22m[39m
 [32m笨・[39m src/features/planning-sheet/__tests__/monitoringToPlanningBridge.spec.ts[2m > [22mbridgeMonitoringToPlanning (BehaviorMonitoringRecord)[2m > [22m蛟呵｣懈署遉ｺ: 謾ｯ謠ｴ譁ｹ豕戊ｩ穂ｾ｡[2m > [22mnot_observed 縺ｯ蛟呵｣懊↓縺ｪ繧峨↑縺・[32m 1[2mms[22m[39m
 [32m笨・[39m src/features/planning-sheet/__tests__/monitoringToPlanningBridge.spec.ts[2m > [22mbridgeMonitoringToPlanning (BehaviorMonitoringRecord)[2m > [22m蛟呵｣懈署遉ｺ: 謾ｯ謠ｴ譁ｹ豕戊ｩ穂ｾ｡[2m > [22m遨ｺ縺ｮ methodDescription 縺ｯ繧ｹ繧ｭ繝・・[32m 1[2mms[22m[39m
 [32m笨・[39m src/features/planning-sheet/__tests__/monitoringToPlanningBridge.spec.ts[2m > [22mbridgeMonitoringToPlanning (BehaviorMonitoringRecord)[2m > [22m蛟呵｣懈署遉ｺ: 迺ｰ蠅・ｪｿ謨ｴ[2m > [22m譛牙柑縺ｪ迺ｰ蠅・ｪｿ謨ｴ 竊・environmentalAdjustments 蛟呵｣・[32m 1[2mms[22m[39m
 [32m笨・[39m src/features/planning-sheet/__tests__/monitoringToPlanningBridge.spec.ts[2m > [22mbridgeMonitoringToPlanning (BehaviorMonitoringRecord)[2m > [22m蛟呵｣懈署遉ｺ: 迺ｰ蠅・ｪｿ謨ｴ[2m > [22m蜉ｹ譫懊↑縺礼腸蠅・ｪｿ謨ｴ 竊・environmentalAdjustments 隕狗峩縺怜呵｣・[32m 1[2mms[22m[39m
 [32m笨・[39m src/features/planning-sheet/__tests__/monitoringToPlanningBridge.spec.ts[2m > [22mbridgeMonitoringToPlanning (BehaviorMonitoringRecord)[2m > [22m蛟呵｣懈署遉ｺ: 迺ｰ蠅・ｪｿ謨ｴ[2m > [22m遨ｺ縺ｮ adjustment 縺ｯ繧ｹ繧ｭ繝・・[32m 1[2mms[22m[39m
 [32m笨・[39m src/features/planning-sheet/__tests__/monitoringToPlanningBridge.spec.ts[2m > [22mbridgeMonitoringToPlanning (BehaviorMonitoringRecord)[2m > [22m蛟呵｣懈署遉ｺ: 謗ｨ螂ｨ螟画峩莠矩・[2m > [22m迺ｰ蠅・未騾｣ 竊・environmentalAdjustments 蛟呵｣・[32m 1[2mms[22m[39m
 [32m笨・[39m src/features/planning-sheet/__tests__/monitoringToPlanningBridge.spec.ts[2m > [22mbridgeMonitoringToPlanning (BehaviorMonitoringRecord)[2m > [22m蛟呵｣懈署遉ｺ: 謗ｨ螂ｨ螟画峩莠矩・[2m > [22m譁ｹ驥晞未騾｣ 竊・supportPolicy 蛟呵｣・[32m 1[2mms[22m[39m
 [32m笨・[39m src/features/planning-sheet/__tests__/monitoringToPlanningBridge.spec.ts[2m > [22mbridgeMonitoringToPlanning (BehaviorMonitoringRecord)[2m > [22m蛟呵｣懈署遉ｺ: 謗ｨ螂ｨ螟画峩莠矩・[2m > [22m蛻・｡樔ｸ崎・縺ｪ謗ｨ螂ｨ螟画峩縺ｯ繧ｹ繧ｭ繝・・[32m 1[2mms[22m[39m
 [32m笨・[39m src/features/planning-sheet/__tests__/monitoringToPlanningBridge.spec.ts[2m > [22mbridgeMonitoringToPlanning (BehaviorMonitoringRecord)[2m > [22m蜀ｪ遲画ｧ[2m > [22m蜷御ｸ summary 縺ｮ蜀榊叙霎ｼ縺ｧ驥崎､・＠縺ｪ縺・[32m 1[2mms[22m[39m
 [32m笨・[39m src/features/planning-sheet/__tests__/monitoringToPlanningBridge.spec.ts[2m > [22mbridgeMonitoringToPlanning (BehaviorMonitoringRecord)[2m > [22m蜀ｪ遲画ｧ[2m > [22m蜷御ｸ謾ｯ謠ｴ隧穂ｾ｡縺ｮ蜀榊叙霎ｼ縺ｧ蛟呵｣懊′驥崎､・＠縺ｪ縺・[32m 1[2mms[22m[39m
 [32m笨・[39m src/features/planning-sheet/__tests__/monitoringToPlanningBridge.spec.ts[2m > [22mbridgeMonitoringToPlanning (BehaviorMonitoringRecord)[2m > [22m蜀ｪ遲画ｧ[2m > [22m蜷御ｸ迺ｰ蠅・ｪｿ謨ｴ縺ｮ蜀榊叙霎ｼ縺ｧ蛟呵｣懊′驥崎､・＠縺ｪ縺・[32m 1[2mms[22m[39m
 [32m笨・[39m src/features/planning-sheet/__tests__/monitoringToPlanningBridge.spec.ts[2m > [22mbridgeMonitoringToPlanning (BehaviorMonitoringRecord)[2m > [22mprovenance[2m > [22m閾ｪ蜍戊ｿｽ險倥↓ monitoring 繧ｽ繝ｼ繧ｹ縺ｮ provenance 縺檎函謌舌＆繧後ｋ[32m 1[2mms[22m[39m
 [32m笨・[39m src/features/planning-sheet/__tests__/monitoringToPlanningBridge.spec.ts[2m > [22mbridgeMonitoringToPlanning (BehaviorMonitoringRecord)[2m > [22mprovenance[2m > [22m謾ｯ謠ｴ譁ｹ豕募呵｣懊↓ monitoring_goal 繧ｽ繝ｼ繧ｹ縺ｮ provenance 縺檎函謌舌＆繧後ｋ[32m 1[2mms[22m[39m
 [32m笨・[39m src/features/planning-sheet/__tests__/monitoringToPlanningBridge.spec.ts[2m > [22mbridgeMonitoringToPlanning (BehaviorMonitoringRecord)[2m > [22mprovenance[2m > [22m迺ｰ蠅・呵｣懊↓ monitoring_decision 繧ｽ繝ｼ繧ｹ縺ｮ provenance 縺檎函謌舌＆繧後ｋ[32m 1[2mms[22m[39m
 [32m笨・[39m src/features/planning-sheet/__tests__/monitoringToPlanningBridge.spec.ts[2m > [22mbridgeMonitoringToPlanning (BehaviorMonitoringRecord)[2m > [22m邨ｱ蜷医す繝翫Μ繧ｪ[2m > [22m隍・粋逧・↑陦悟虚繝｢繝九ち繝ｪ繝ｳ繧ｰ縺ｧ閾ｪ蜍戊ｿｽ險倥→蛟呵｣懊′蜷梧凾縺ｫ逕滓・縺輔ｌ繧・[32m 1[2mms[22m[39m
 [32m笨・[39m src/features/planning-sheet/__tests__/monitoringToPlanningBridge.spec.ts[2m > [22mbridgeMonitoringToPlanning (BehaviorMonitoringRecord)[2m > [22m邨ｱ蜷医す繝翫Μ繧ｪ[2m > [22m菴輔ｂ蜿肴丐蟇ｾ雎｡縺後↑縺・ｴ蜷医・ no-op[32m 2[2mms[22m[39m
 [32m笨・[39m src/domain/regulatory/__tests__/regulatory.spec.ts[2m > [22muserRegulatoryProfileSchema[2m > [22m豁｣蟶ｸ縺ｪ蛻ｶ蠎ｦ繝励Ο繝輔ぃ繧､繝ｫ繧貞女逅・☆繧・[32m 6[2mms[22m[39m
 [32m笨・[39m src/domain/regulatory/__tests__/regulatory.spec.ts[2m > [22muserRegulatoryProfileSchema[2m > [22m繝・ヵ繧ｩ繝ｫ繝亥､縺梧ｭ｣縺励￥險ｭ螳壹＆繧後ｋ[32m 2[2mms[22m[39m
 [32m笨・[39m src/domain/regulatory/__tests__/regulatory.spec.ts[2m > [22muserRegulatoryProfileSchema[2m > [22muserId 縺檎ｩｺ縺ｧ螟ｱ謨励☆繧・[32m 4[2mms[22m[39m
 [32m笨・[39m src/domain/regulatory/__tests__/regulatory.spec.ts[2m > [22muserRegulatoryProfileSchema[2m > [22mbehaviorScore 蠅・阜蛟､[2m > [22m0 繧貞女逅・☆繧・[32m 1[2mms[22m[39m
 [32m笨・[39m src/domain/regulatory/__tests__/regulatory.spec.ts[2m > [22muserRegulatoryProfileSchema[2m > [22mbehaviorScore 蠅・阜蛟､[2m > [22m24 繧貞女逅・☆繧・[32m 1[2mms[22m[39m
 [32m笨・[39m src/domain/regulatory/__tests__/regulatory.spec.ts[2m > [22muserRegulatoryProfileSchema[2m > [22mbehaviorScore 蠅・阜蛟､[2m > [22m-1 繧呈拠蜷ｦ縺吶ｋ[32m 1[2mms[22m[39m
 [32m笨・[39m src/domain/regulatory/__tests__/regulatory.spec.ts[2m > [22muserRegulatoryProfileSchema[2m > [22mbehaviorScore 蠅・阜蛟､[2m > [22m25 繧呈拠蜷ｦ縺吶ｋ[32m 1[2mms[22m[39m
 [32m笨・[39m src/domain/regulatory/__tests__/regulatory.spec.ts[2m > [22muserRegulatoryProfileSchema[2m > [22mbehaviorScore 蠅・阜蛟､[2m > [22mnull 繧貞女逅・☆繧・[32m 1[2mms[22m[39m
 [32m笨・[39m src/domain/regulatory/__tests__/regulatory.spec.ts[2m > [22muserRegulatoryProfileSchema[2m > [22mserviceTypes 繝舌Μ繝・・繧ｷ繝ｧ繝ｳ[2m > [22m譛牙柑縺ｪ繧ｵ繝ｼ繝薙せ遞ｮ蛻･縺ｮ驟榊・繧貞女逅・☆繧・[32m 1[2mms[22m[39m
 [32m笨・[39m src/domain/regulatory/__tests__/regulatory.spec.ts[2m > [22muserRegulatoryProfileSchema[2m > [22mserviceTypes 繝舌Μ繝・・繧ｷ繝ｧ繝ｳ[2m > [22m荳肴ｭ｣縺ｪ繧ｵ繝ｼ繝薙せ遞ｮ蛻･繧呈拠蜷ｦ縺吶ｋ[32m 1[2mms[22m[39m
 [32m笨・[39m src/domain/regulatory/__tests__/regulatory.spec.ts[2m > [22misSevereBehaviorSupportCandidate[2m > [22mscore竕･10 & level竕･4 竊・true[32m 1[2mms[22m[39m
 [32m笨・[39m src/domain/regulatory/__tests__/regulatory.spec.ts[2m > [22misSevereBehaviorSupportCandidate[2m > [22mscore<10 竊・false[32m 1[2mms[22m[39m
 [32m笨・[39m src/domain/regulatory/__tests__/regulatory.spec.ts[2m > [22misSevereBehaviorSupportCandidate[2m > [22mlevel<4 竊・false[32m 1[2mms[22m[39m
 [32m笨・[39m src/domain/regulatory/__tests__/regulatory.spec.ts[2m > [22misSevereBehaviorSupportCandidate[2m > [22mnull score 竊・false[32m 1[2mms[22m[39m
 [32m笨・[39m src/domain/regulatory/__tests__/regulatory.spec.ts[2m > [22misSevereBehaviorSupportCandidate[2m > [22mnull level 竊・false[32m 1[2mms[22m[39m
 [32m笨・[39m src/domain/regulatory/__tests__/regulatory.spec.ts[2m > [22misSevereBehaviorSupportCandidate[2m > [22m荳肴ｭ｣縺ｪ level 譁・ｭ怜・ 竊・false[32m 1[2mms[22m[39m
 [32m笨・[39m src/domain/regulatory/__tests__/regulatory.spec.ts[2m > [22mUSER_REGULATORY_FIELD_MAP[2m > [22m譌｢蟄伜・縺ｮ蜀榊茜逕ｨ縺梧ｭ｣縺励＞[32m 1[2mms[22m[39m
 [32m笨・[39m src/domain/regulatory/__tests__/regulatory.spec.ts[2m > [22mUSER_REGULATORY_FIELD_MAP[2m > [22m譁ｰ險ｭ蛻励′螳夂ｾｩ縺輔ｌ縺ｦ縺・ｋ[32m 1[2mms[22m[39m
 [32m笨・[39m src/domain/regulatory/__tests__/regulatory.spec.ts[2m > [22mstaffQualificationProfileSchema[2m > [22m豁｣蟶ｸ縺ｪ雉・ｼ繝励Ο繝輔ぃ繧､繝ｫ繧貞女逅・☆繧・[32m 2[2mms[22m[39m
 [32m笨・[39m src/domain/regulatory/__tests__/regulatory.spec.ts[2m > [22mstaffQualificationProfileSchema[2m > [22m繝・ヵ繧ｩ繝ｫ繝亥､縺梧ｭ｣縺励￥險ｭ螳壹＆繧後ｋ[32m 1[2mms[22m[39m
 [32m笨・[39m src/domain/regulatory/__tests__/regulatory.spec.ts[2m > [22mstaffQualificationProfileSchema[2m > [22mstaffId 縺檎ｩｺ縺ｧ螟ｱ謨励☆繧・[32m 1[2mms[22m[39m
 [32m笨・[39m src/domain/regulatory/__tests__/regulatory.spec.ts[2m > [22mresolveHighestQualification[2m > [22m蜈ｨ false 竊・unknown[32m 1[2mms[22m[39m
 [32m笨・[39m src/domain/regulatory/__tests__/regulatory.spec.ts[2m > [22mresolveHighestQualification[2m > [22mbasic 縺ｮ縺ｿ 竊・basic_training[32m 1[2mms[22m[39m
 [32m笨・[39m src/domain/regulatory/__tests__/regulatory.spec.ts[2m > [22mresolveHighestQualification[2m > [22mbehavior_guidance 縺ｮ縺ｿ 竊・behavior_guidance_training[32m 1[2mms[22m[39m
 [32m笨・[39m src/domain/regulatory/__tests__/regulatory.spec.ts[2m > [22mresolveHighestQualification[2m > [22mpractical 縺ｮ縺ｿ 竊・practical_training[32m 1[2mms[22m[39m
 [32m笨・[39m src/domain/regulatory/__tests__/regulatory.spec.ts[2m > [22mresolveHighestQualification[2m > [22mcore_person 竊・core_person_training・域怙鬮伜━蜈茨ｼ・[32m 1[2mms[22m[39m
 [32m笨・[39m src/domain/regulatory/__tests__/regulatory.spec.ts[2m > [22mresolveHighestQualification[2m > [22mpractical + basic 竊・practical_training 縺悟━蜈・[32m 1[2mms[22m[39m
 [32m笨・[39m src/domain/regulatory/__tests__/regulatory.spec.ts[2m > [22mmeetsAuthoringRequirement[2m > [22mpractical 縺ｮ縺ｿ 竊・true[32m 1[2mms[22m[39m
 [32m笨・[39m src/domain/regulatory/__tests__/regulatory.spec.ts[2m > [22mmeetsAuthoringRequirement[2m > [22mcore_person 縺ｮ縺ｿ 竊・true[32m 1[2mms[22m[39m
 [32m笨・[39m src/domain/regulatory/__tests__/regulatory.spec.ts[2m > [22mmeetsAuthoringRequirement[2m > [22mbasic 縺ｮ縺ｿ 竊・false[32m 1[2mms[22m[39m
 [32m笨・[39m src/domain/regulatory/__tests__/regulatory.spec.ts[2m > [22mmeetsAuthoringRequirement[2m > [22mbehavior_guidance 縺ｮ縺ｿ 竊・false[32m 1[2mms[22m[39m
 [32m笨・[39m src/domain/regulatory/__tests__/regulatory.spec.ts[2m > [22mmeetsAuthoringRequirement[2m > [22m蜈ｨ false 竊・false[32m 1[2mms[22m[39m
 [32m笨・[39m src/domain/regulatory/__tests__/regulatory.spec.ts[2m > [22mSTAFF_REGULATORY_FIELD_MAP[2m > [22m譁ｰ險ｭ蛻励′螳夂ｾｩ縺輔ｌ縺ｦ縺・ｋ[32m 1[2mms[22m[39m
 [32m笨・[39m tests/unit/useStaffAttendanceAdmin.readlist.spec.tsx[2m > [22museStaffAttendanceAdmin - fetchListByDateRange[2m > [22mlistByDateRange adapter method[2m > [22mshould return attendance records for date range[32m 6[2mms[22m[39m
 [32m笨・[39m tests/unit/useStaffAttendanceAdmin.readlist.spec.tsx[2m > [22museStaffAttendanceAdmin - fetchListByDateRange[2m > [22mlistByDateRange adapter method[2m > [22mshould handle 401 (authentication error)[32m 2[2mms[22m[39m
 [32m笨・[39m tests/unit/useStaffAttendanceAdmin.readlist.spec.tsx[2m > [22museStaffAttendanceAdmin - fetchListByDateRange[2m > [22mlistByDateRange adapter method[2m > [22mshould handle 403 (permission error)[32m 1[2mms[22m[39m
 [32m笨・[39m tests/unit/useStaffAttendanceAdmin.readlist.spec.tsx[2m > [22museStaffAttendanceAdmin - fetchListByDateRange[2m > [22mlistByDateRange adapter method[2m > [22mshould return empty array when no records match[32m 2[2mms[22m[39m
 [32m笨・[39m tests/unit/useStaffAttendanceAdmin.readlist.spec.tsx[2m > [22museStaffAttendanceAdmin - fetchListByDateRange[2m > [22mlistByDateRange adapter method[2m > [22mshould support optional top parameter for pagination[32m 1[2mms[22m[39m
 [32m笨・[39m tests/unit/useStaffAttendanceAdmin.readlist.spec.tsx[2m > [22museStaffAttendanceAdmin - fetchListByDateRange[2m > [22mlistByDateRange adapter method[2m > [22mshould preserve all attendance fields in result[32m 2[2mms[22m[39m
 [32m笨・[39m tests/unit/useStaffAttendanceAdmin.readlist.spec.tsx[2m > [22museStaffAttendanceAdmin - fetchListByDateRange[2m > [22mresults filtering and transformation[2m > [22mshould order results by recordDate desc, staffId asc[32m 1[2mms[22m[39m
 [32m笨・[39m tests/unit/useStaffAttendanceAdmin.readlist.spec.tsx[2m > [22museStaffAttendanceAdmin - fetchListByDateRange[2m > [22mresults filtering and transformation[2m > [22mshould handle null/undefined optional fields[32m 1[2mms[22m[39m
 [32m笨・[39m tests/unit/useStaffAttendanceAdmin.readlist.spec.tsx[2m > [22museStaffAttendanceAdmin - fetchListByDateRange[2m > [22mnextLink pagination (Phase 3.4-C2)[2m > [22mshould handle multi-page fetch via nextLink pagination[32m 17[2mms[22m[39m
 [32m笨・[39m tests/unit/useStaffAttendanceAdmin.readlist.spec.tsx[2m > [22museStaffAttendanceAdmin - fetchListByDateRange[2m > [22mnextLink pagination (Phase 3.4-C2)[2m > [22mshould return validation error when max items cap exceeded[32m 1[2mms[22m[39m
 [32m笨・[39m src/features/service-provision/__tests__/serviceProvisionFormHelpers.spec.ts[2m > [22mtodayISO[2m > [22mreturns a string matching YYYY-MM-DD format[32m 4[2mms[22m[39m
 [32m笨・[39m src/features/service-provision/__tests__/serviceProvisionFormHelpers.spec.ts[2m > [22mparseHHMM[2m > [22mparses "09:30" 竊・930[32m 1[2mms[22m[39m
 [32m笨・[39m src/features/service-provision/__tests__/serviceProvisionFormHelpers.spec.ts[2m > [22mparseHHMM[2m > [22mparses "17:00" 竊・1700[32m 1[2mms[22m[39m
 [32m笨・[39m src/features/service-provision/__tests__/serviceProvisionFormHelpers.spec.ts[2m > [22mparseHHMM[2m > [22mparses "00:00" 竊・0[32m 1[2mms[22m[39m
 [32m笨・[39m src/features/service-provision/__tests__/serviceProvisionFormHelpers.spec.ts[2m > [22mparseHHMM[2m > [22mparses "23:59" 竊・2359[32m 1[2mms[22m[39m
 [32m笨・[39m src/features/service-provision/__tests__/serviceProvisionFormHelpers.spec.ts[2m > [22mparseHHMM[2m > [22mparses "0:00" 竊・0 (single-digit hour allowed by regex)[32m 1[2mms[22m[39m
 [32m笨・[39m src/features/service-provision/__tests__/serviceProvisionFormHelpers.spec.ts[2m > [22mparseHHMM[2m > [22mreturns null for empty string ""[32m 1[2mms[22m[39m
 [32m笨・[39m src/features/service-provision/__tests__/serviceProvisionFormHelpers.spec.ts[2m > [22mparseHHMM[2m > [22mreturns null for "abc" (non-numeric)[32m 1[2mms[22m[39m
 [32m笨・[39m src/features/service-provision/__tests__/serviceProvisionFormHelpers.spec.ts[2m > [22mparseHHMM[2m > [22mreturns null for "9:3" (single-digit mm not allowed)[32m 1[2mms[22m[39m
 [32m笨・[39m src/features/service-provision/__tests__/serviceProvisionFormHelpers.spec.ts[2m > [22mparseHHMM[2m > [22mreturns null for "1700" (no colon)[32m 1[2mms[22m[39m
 [32m笨・[39m src/features/service-provision/__tests__/serviceProvisionFormHelpers.spec.ts[2m > [22mparseHHMM[2m > [22mreturns null for "24:00" (hh > 23)[32m 1[2mms[22m[39m
 [32m笨・[39m src/features/service-provision/__tests__/serviceProvisionFormHelpers.spec.ts[2m > [22mparseHHMM[2m > [22mreturns null for "12:60" (mm > 59)[32m 1[2mms[22m[39m
 [32m笨・[39m src/features/service-provision/__tests__/serviceProvisionFormHelpers.spec.ts[2m > [22mformatHHMM[2m > [22mreturns "窶・ for null[32m 1[2mms[22m[39m
 [32m笨・[39m src/features/service-provision/__tests__/serviceProvisionFormHelpers.spec.ts[2m > [22mformatHHMM[2m > [22mreturns "窶・ for undefined[32m 1[2mms[22m[39m
 [32m笨・[39m src/features/service-provision/__tests__/serviceProvisionFormHelpers.spec.ts[2m > [22mformatHHMM[2m > [22mformats 0 竊・"00:00"[32m 0[2mms[22m[39m
 [32m笨・[39m src/features/service-provision/__tests__/serviceProvisionFormHelpers.spec.ts[2m > [22mformatHHMM[2m > [22mformats 930 竊・"09:30"[32m 0[2mms[22m[39m
 [32m笨・[39m src/features/service-provision/__tests__/serviceProvisionFormHelpers.spec.ts[2m > [22mformatHHMM[2m > [22mformats 1700 竊・"17:00"[32m 0[2mms[22m[39m
 [32m笨・[39m src/features/service-provision/__tests__/serviceProvisionFormHelpers.spec.ts[2m > [22mformatHHMM[2m > [22mformats 2359 竊・"23:59"[32m 1[2mms[22m[39m
 [32m笨・[39m src/features/service-provision/__tests__/serviceProvisionFormHelpers.spec.ts[2m > [22mgetAddonLabels[2m > [22mreturns ["騾∬ｿ・蠕蠕ｩ"] when both hasTransportPickup and hasTransportDropoff are true[32m 2[2mms[22m[39m
 [32m笨・[39m src/features/service-provision/__tests__/serviceProvisionFormHelpers.spec.ts[2m > [22mgetAddonLabels[2m > [22mreturns ["騾∬ｿ・蠕"] when only hasTransportPickup is true[32m 1[2mms[22m[39m
 [32m笨・[39m src/features/service-provision/__tests__/serviceProvisionFormHelpers.spec.ts[2m > [22mgetAddonLabels[2m > [22mreturns ["騾∬ｿ・蠕ｩ"] when only hasTransportDropoff is true[32m 1[2mms[22m[39m
 [32m笨・[39m src/features/service-provision/__tests__/serviceProvisionFormHelpers.spec.ts[2m > [22mgetAddonLabels[2m > [22mreturns ["騾∬ｿ・] when hasTransport is true but pickup/dropoff are false[32m 1[2mms[22m[39m
 [32m笨・[39m src/features/service-provision/__tests__/serviceProvisionFormHelpers.spec.ts[2m > [22mgetAddonLabels[2m > [22mincludes "鬟滉ｺ・ when hasMeal is true[32m 2[2mms[22m[39m
 [32m笨・[39m src/features/service-provision/__tests__/serviceProvisionFormHelpers.spec.ts[2m > [22mgetAddonLabels[2m > [22mincludes "蜈･豬ｴ" when hasBath is true[32m 1[2mms[22m[39m
 [32m笨・[39m src/features/service-provision/__tests__/serviceProvisionFormHelpers.spec.ts[2m > [22mgetAddonLabels[2m > [22mincludes "蟒ｶ髟ｷ" when hasExtended is true[32m 1[2mms[22m[39m
 [32m笨・[39m src/features/service-provision/__tests__/serviceProvisionFormHelpers.spec.ts[2m > [22mgetAddonLabels[2m > [22mincludes "谺蟶ｭ蟇ｾ蠢・ when hasAbsentSupport is true[32m 1[2mms[22m[39m
 [32m笨・[39m src/features/service-provision/__tests__/serviceProvisionFormHelpers.spec.ts[2m > [22mgetAddonLabels[2m > [22mreturns empty array when all addon flags are false/absent[32m 2[2mms[22m[39m
 [32m笨・[39m src/features/service-provision/__tests__/serviceProvisionFormHelpers.spec.ts[2m > [22mSTATUS_OPTIONS[2m > [22mcontains ['謠蝉ｾ・, '谺蟶ｭ', '縺昴・莉・] in that order[32m 1[2mms[22m[39m
 [32m笨・[39m src/features/service-provision/__tests__/serviceProvisionFormHelpers.spec.ts[2m > [22mSTATUS_COLOR[2m > [22mhas keys for every status in STATUS_OPTIONS[32m 1[2mms[22m[39m
 [32m笨・[39m src/features/service-provision/__tests__/serviceProvisionFormHelpers.spec.ts[2m > [22mSERVICE_PROVISION_SAMPLE_RECORDS[2m > [22mis a non-empty array[32m 1[2mms[22m[39m
 [32m笨・[39m src/features/service-provision/__tests__/serviceProvisionFormHelpers.spec.ts[2m > [22mSERVICE_PROVISION_SAMPLE_RECORDS[2m > [22meach record has the required shape (id, entryKey, userCode, recordDateISO, status)[32m 2[2mms[22m[39m
 [32m笨・[39m tests/unit/attendance.logic.spec.ts[2m > [22mAttendance Business Logic[2m > [22mcomputeAbsenceEligibility - 谺蟶ｭ蜉邂礼ｮ怜ｮ壽擅莉ｶ[2m > [22m譛晞｣邨｡ or 螟墓婿遒ｺ隱阪′谺縺代※縺・ｋ縺ｨ false[32m 5[2mms[22m[39m
 [32m笨・[39m tests/unit/attendance.logic.spec.ts[2m > [22mAttendance Business Logic[2m > [22mcomputeAbsenceEligibility - 谺蟶ｭ蜉邂礼ｮ怜ｮ壽擅莉ｶ[2m > [22m蝗樊焚荳企剞譛ｪ貅縺ｪ繧・true, 荳企剞莉･荳翫↑繧・false[32m 1[2mms[22m[39m
 [32m笨・[39m tests/unit/attendance.logic.spec.ts[2m > [22mAttendance Business Logic[2m > [22mcomputeAbsenceEligibility - 谺蟶ｭ蜉邂礼ｮ怜ｮ壽擅莉ｶ[2m > [22m繧ｫ繧ｹ繧ｿ繝荳企剞縺ｧ縺ｮ蛻､螳・[32m 1[2mms[22m[39m
 [32m笨・[39m tests/unit/attendance.logic.spec.ts[2m > [22mAttendance Business Logic[2m > [22mcomputeAbsenceEligibility - 谺蟶ｭ蜉邂礼ｮ怜ｮ壽擅莉ｶ[2m > [22m荳｡譁ｹ縺ｮ譚｡莉ｶ繧呈ｺ縺溘☆蝣ｴ蜷医・縺ｿ true[32m 1[2mms[22m[39m
 [32m笨・[39m tests/unit/attendance.logic.spec.ts[2m > [22mAttendance Business Logic[2m > [22mbuildAbsentVisit - 谺蟶ｭ逕ｨ險倬鹸讒狗ｯ・[2m > [22m谺蟶ｭ逕ｨ縺ｮ迥ｶ諷九↓豁｣縺励￥繝槭ャ繝斐Φ繧ｰ縺輔ｌ繧・[32m 2[2mms[22m[39m
 [32m笨・[39m tests/unit/attendance.logic.spec.ts[2m > [22mAttendance Business Logic[2m > [22mbuildAbsentVisit - 谺蟶ｭ逕ｨ險倬鹸讒狗ｯ・[2m > [22m蜉邂怜ｯｾ雎｡螟悶・蝣ｴ蜷・[32m 1[2mms[22m[39m
 [32m笨・[39m tests/unit/attendance.logic.spec.ts[2m > [22mAttendance Business Logic[2m > [22mbuildAbsentVisit - 谺蟶ｭ逕ｨ險倬鹸讒狗ｯ・[2m > [22m繝吶・繧ｹ縺ｮ recordDate 繧・userCode 縺ｯ菫晄戟縺輔ｌ繧・[32m 1[2mms[22m[39m
 [32m笨・[39m tests/unit/attendance.logic.spec.ts[2m > [22mAttendance Business Logic[2m > [22mdiffMinutes - 螳滓署萓帶凾髢楢ｨ育ｮ・[2m > [22mstart/end 縺梧悴謖・ｮ壹↑繧・0[32m 1[2mms[22m[39m
 [32m笨・[39m tests/unit/attendance.logic.spec.ts[2m > [22mAttendance Business Logic[2m > [22mdiffMinutes - 螳滓署萓帶凾髢楢ｨ育ｮ・[2m > [22m豁｣縺励￥蛻・腰菴阪・蟾ｮ繧定ｿ斐☆・亥・繧頑昏縺ｦ・・[32m 1[2mms[22m[39m
 [32m笨・[39m tests/unit/attendance.logic.spec.ts[2m > [22mAttendance Business Logic[2m > [22mdiffMinutes - 螳滓署萓帶凾髢楢ｨ育ｮ・[2m > [22m1譎る俣縺｡繧・≧縺ｩ[32m 1[2mms[22m[39m
 [32m笨・[39m tests/unit/attendance.logic.spec.ts[2m > [22mAttendance Business Logic[2m > [22mdiffMinutes - 螳滓署萓帶凾髢楢ｨ育ｮ・[2m > [22m遏ｭ譎る俣・・5蛻・ｼ・[32m 1[2mms[22m[39m
 [32m笨・[39m tests/unit/attendance.logic.spec.ts[2m > [22mAttendance Business Logic[2m > [22mdiffMinutes - 螳滓署萓帶凾髢楢ｨ育ｮ・[2m > [22m蟾ｮ蛻・′繝槭う繝翫せ縺ｫ縺ｪ繧雁ｾ励ｋ蝣ｴ蜷医〒繧・0 縺ｧ荳矩剞繧ｫ繝・ヨ[32m 1[2mms[22m[39m
 [32m笨・[39m tests/unit/attendance.logic.spec.ts[2m > [22mAttendance Business Logic[2m > [22mdiffMinutes - 螳滓署萓帶凾髢楢ｨ育ｮ・[2m > [22m遘貞腰菴阪・蛻・ｊ謐ｨ縺ｦ[32m 1[2mms[22m[39m
 [32m笨・[39m tests/unit/attendance.logic.spec.ts[2m > [22mAttendance Business Logic[2m > [22mcanCheckOut - 騾謇蜿ｯ蜷ｦ蛻､螳・[2m > [22m騾壽園荳ｭ 縺九▽ cntAttendOut=0 縺ｮ縺ｨ縺・true[32m 1[2mms[22m[39m
 [32m笨・[39m tests/unit/attendance.logic.spec.ts[2m > [22mAttendance Business Logic[2m > [22mcanCheckOut - 騾謇蜿ｯ蜷ｦ蛻､螳・[2m > [22m繧ｹ繝・・繧ｿ繧ｹ縺碁壽園荳ｭ縺ｧ縺ｪ縺・ｴ蜷医・ false[32m 1[2mms[22m[39m
 [32m笨・[39m tests/unit/attendance.logic.spec.ts[2m > [22mAttendance Business Logic[2m > [22mcanCheckOut - 騾謇蜿ｯ蜷ｦ蛻､螳・[2m > [22mcntAttendOut 縺・1 縺ｮ蝣ｴ蜷医・ false・域里縺ｫ騾謇貂医∩・・[32m 1[2mms[22m[39m
 [32m笨・[39m tests/unit/attendance.logic.spec.ts[2m > [22mAttendance Business Logic[2m > [22mcanCheckOut - 騾謇蜿ｯ蜷ｦ蛻､螳・[2m > [22mundefined 繧呈ｸ｡縺励◆縺ｨ縺阪・ false[32m 1[2mms[22m[39m
 [32m笨・[39m tests/unit/attendance.logic.spec.ts[2m > [22mAttendance Business Logic[2m > [22mcanCheckOut - 騾謇蜿ｯ蜷ｦ蛻､螳・[2m > [22mcntAttendIn 縺・0 縺ｧ繧ゅ√せ繝・・繧ｿ繧ｹ縺碁壽園荳ｭ縺ｧ cntAttendOut 縺・0 縺ｪ繧・true[32m 1[2mms[22m[39m
 [32m笨・[39m tests/unit/attendance.logic.spec.ts[2m > [22mAttendance Business Logic[2m > [22mgetDiscrepancyCount - 荵夜屬莉ｶ謨ｰ繧ｫ繧ｦ繝ｳ繝・[2m > [22mvisits 縺ｾ縺溘・ users 縺檎ｩｺ縺ｪ繧・0[32m 1[2mms[22m[39m
 [32m笨・[39m tests/unit/attendance.logic.spec.ts[2m > [22mAttendance Business Logic[2m > [22mgetDiscrepancyCount - 荵夜屬莉ｶ謨ｰ繧ｫ繧ｦ繝ｳ繝・[2m > [22mprovidedMinutes 縺・0 縺ｮ陦後・繧ｫ繧ｦ繝ｳ繝医＠縺ｪ縺・[32m 1[2mms[22m[39m
 [32m笨・[39m tests/unit/attendance.logic.spec.ts[2m > [22mAttendance Business Logic[2m > [22mgetDiscrepancyCount - 荵夜屬莉ｶ謨ｰ繧ｫ繧ｦ繝ｳ繝・[2m > [22mprovidedMinutes < standardMinutes * threshold 縺ｮ陦後ｒ繧ｫ繧ｦ繝ｳ繝・[32m 1[2mms[22m[39m
 [32m笨・[39m tests/unit/attendance.logic.spec.ts[2m > [22mAttendance Business Logic[2m > [22mgetDiscrepancyCount - 荵夜屬莉ｶ謨ｰ繧ｫ繧ｦ繝ｳ繝・[2m > [22m繝ｦ繝ｼ繧ｶ繝ｼ荳隕ｧ縺ｫ蟄伜惠縺励↑縺・userCode 縺ｮ visit 縺ｯ辟｡隕・[32m 1[2mms[22m[39m
 [32m笨・[39m tests/unit/attendance.logic.spec.ts[2m > [22mAttendance Business Logic[2m > [22mgetDiscrepancyCount - 荵夜屬莉ｶ謨ｰ繧ｫ繧ｦ繝ｳ繝・[2m > [22m髢ｾ蛟､繧ｮ繝ｪ繧ｮ繝ｪ縺ｮ繧ｱ繝ｼ繧ｹ[32m 1[2mms[22m[39m
 [32m笨・[39m tests/unit/attendance.logic.spec.ts[2m > [22mAttendance Business Logic[2m > [22mbuildInitialVisits - 蛻晄悄險倬鹸讒狗ｯ・[2m > [22m繝ｦ繝ｼ繧ｶ繝ｼ荳隕ｧ縺ｫ蟇ｾ蠢懊☆繧句・譛・Visit 繧呈ｧ狗ｯ峨☆繧・[32m 2[2mms[22m[39m
 [32m笨・[39m tests/unit/attendance.logic.spec.ts[2m > [22mAttendance Business Logic[2m > [22mbuildInitialVisits - 蛻晄悄險倬鹸讒狗ｯ・[2m > [22m遨ｺ縺ｮ繝ｦ繝ｼ繧ｶ繝ｼ驟榊・縺ｮ蝣ｴ蜷医・遨ｺ繧ｪ繝悶ず繧ｧ繧ｯ繝・[32m 1[2mms[22m[39m
 [32m笨・[39m tests/unit/attendance.logic.spec.ts[2m > [22mAttendance Business Logic[2m > [22mbuildInitialVisits - 蛻晄悄險倬鹸讒狗ｯ・[2m > [22m蜊倅ｸ繝ｦ繝ｼ繧ｶ繝ｼ縺ｮ蝣ｴ蜷・[32m 1[2mms[22m[39m
 [32m笨・[39m tests/unit/attendance.logic.spec.ts[2m > [22mAttendance Business Logic[2m > [22misBeforeCloseTime - 髢画園譎る俣蜑榊愛螳・[2m > [22m髢画園譎る俣蜑阪・蝣ｴ蜷医・ true[32m 1[2mms[22m[39m
 [32m笨・[39m tests/unit/attendance.logic.spec.ts[2m > [22mAttendance Business Logic[2m > [22misBeforeCloseTime - 髢画園譎る俣蜑榊愛螳・[2m > [22m髢画園譎る俣縺｡繧・≧縺ｩ繝ｻ莉･蠕後・蝣ｴ蜷医・ false[32m 1[2mms[22m[39m
 [32m笨・[39m tests/unit/attendance.logic.spec.ts[2m > [22mAttendance Business Logic[2m > [22misBeforeCloseTime - 髢画園譎る俣蜑榊愛螳・[2m > [22m繝・ヵ繧ｩ繝ｫ繝医・髢画園譎る俣・・ACILITY_CLOSE_TIME・峨′菴ｿ逕ｨ縺輔ｌ繧・[32m 1[2mms[22m[39m
 [32m笨・[39m tests/unit/attendance.logic.spec.ts[2m > [22mAttendance Business Logic[2m > [22misBeforeCloseTime - 髢画園譎る俣蜑榊愛螳・[2m > [22m逡ｰ縺ｪ繧矩哩謇譎る俣縺ｧ縺ｮ蛻､螳・[32m 1[2mms[22m[39m
 [32m笨・[39m tests/unit/attendance.logic.spec.ts[2m > [22mAttendance Business Logic[2m > [22misBeforeCloseTime - 髢画園譎る俣蜑榊愛螳・[2m > [22m蛻・腰菴阪・邊ｾ蟇・↑蛻､螳・[32m 1[2mms[22m[39m
 [32m笨・[39m tests/unit/attendance.logic.spec.ts[2m > [22mAttendance Business Logic[2m > [22mformatTime - 譎ょ綾繝輔か繝ｼ繝槭ャ繝・[2m > [22m譛牙柑縺ｪISO譁・ｭ怜・繧辿H:mm蠖｢蠑上↓螟画鋤[32m 2[2mms[22m[39m
 [32m笨・[39m tests/unit/attendance.logic.spec.ts[2m > [22mAttendance Business Logic[2m > [22mformatTime - 譎ょ綾繝輔か繝ｼ繝槭ャ繝・[2m > [22mundefined 繧・null 縺ｮ蝣ｴ蜷医・ "--:--"[32m 1[2mms[22m[39m
 [32m笨・[39m tests/unit/attendance.logic.spec.ts[2m > [22mAttendance Business Logic[2m > [22mformatTime - 譎ょ綾繝輔か繝ｼ繝槭ャ繝・[2m > [22m辟｡蜉ｹ縺ｪ譌･莉俶枚蟄怜・縺ｮ蝣ｴ蜷・[32m 1[2mms[22m[39m
 [32m笨・[39m src/domain/bridge/__tests__/nextStepBanner.spec.ts[2m > [22mresolveNextStepBanner 窶・overview[2m > [22mmonitoring_overdue 竊・danger 繝舌リ繝ｼ陦ｨ遉ｺ[32m 5[2mms[22m[39m
 [32m笨・[39m src/domain/bridge/__tests__/nextStepBanner.spec.ts[2m > [22mresolveNextStepBanner 窶・overview[2m > [22mneeds_reassessment 竊・warning 繝舌リ繝ｼ陦ｨ遉ｺ[32m 1[2mms[22m[39m
 [32m笨・[39m src/domain/bridge/__tests__/nextStepBanner.spec.ts[2m > [22mresolveNextStepBanner 窶・overview[2m > [22mneeds_monitoring 竊・warning 繝舌リ繝ｼ陦ｨ遉ｺ[32m 1[2mms[22m[39m
 [32m笨・[39m src/domain/bridge/__tests__/nextStepBanner.spec.ts[2m > [22mresolveNextStepBanner 窶・overview[2m > [22mneeds_plan 竊・info 繝舌リ繝ｼ陦ｨ遉ｺ[32m 1[2mms[22m[39m
 [32m笨・[39m src/domain/bridge/__tests__/nextStepBanner.spec.ts[2m > [22mresolveNextStepBanner 窶・overview[2m > [22mneeds_assessment 竊・info 繝舌リ繝ｼ陦ｨ遉ｺ[32m 1[2mms[22m[39m
 [32m笨・[39m src/domain/bridge/__tests__/nextStepBanner.spec.ts[2m > [22mresolveNextStepBanner 窶・overview[2m > [22mactive_plan 竊・hidden[32m 1[2mms[22m[39m
 [32m笨・[39m src/domain/bridge/__tests__/nextStepBanner.spec.ts[2m > [22mresolveNextStepBanner 窶・overview[2m > [22mpdcaCycleState 譛ｪ謖・ｮ壹〒繧ょｾ捺擂縺ｩ縺翫ｊ・・lerts 縺ｯ遨ｺ・・[32m 2[2mms[22m[39m
 [32m笨・[39m src/domain/bridge/__tests__/nextStepBanner.spec.ts[2m > [22mresolveNextStepBanner 窶・monitoring[2m > [22m繧ｷ繧ｰ繝翫Ν縺ゅｊ 竊・warning縲悟・隧穂ｾ｡縺ｫ蜿肴丐縲・[32m 1[2mms[22m[39m
 [32m笨・[39m src/domain/bridge/__tests__/nextStepBanner.spec.ts[2m > [22mresolveNextStepBanner 窶・monitoring[2m > [22m繧ｷ繧ｰ繝翫Ν縺ｪ縺・竊・success縲悟・隧穂ｾ｡繧堤｢ｺ隱阪・[32m 1[2mms[22m[39m
 [32m笨・[39m src/domain/bridge/__tests__/nextStepBanner.spec.ts[2m > [22mresolveNextStepBanner 窶・reassessment[2m > [22m譛ｪ蜿肴丐縺ゅｊ 竊・warning縲瑚ｨ育判繧呈峩譁ｰ縲・[32m 2[2mms[22m[39m
 [32m笨・[39m src/domain/bridge/__tests__/nextStepBanner.spec.ts[2m > [22mresolveNextStepBanner 窶・reassessment[2m > [22m譛ｪ蜿肴丐縺ｪ縺・竊・info縲悟渚譏蜀・ｮｹ繧堤｢ｺ隱阪・[32m 1[2mms[22m[39m
 [32m笨・[39m src/domain/bridge/__tests__/nextStepBanner.spec.ts[2m > [22mresolveNextStepBanner 窶・planning[2m > [22mneeds_plan 竊・info縲梧焔鬆・ｒ霑ｽ蜉縲・[32m 1[2mms[22m[39m
 [32m笨・[39m src/domain/bridge/__tests__/nextStepBanner.spec.ts[2m > [22mresolveNextStepBanner 窶・planning[2m > [22mactive_plan 竊・success縲轡aily縺ｧ遒ｺ隱阪・[32m 1[2mms[22m[39m
 [32m笨・[39m src/domain/bridge/__tests__/nextStepBanner.spec.ts[2m > [22mresolveNextStepBanner 窶・繝ｫ繝ｼ繝ｫ[2m > [22mCTA 縺ｯ蠢・★1縺､・・taLabel 縺碁撼遨ｺ譁・ｭ怜・・・[32m 1[2mms[22m[39m
 [32m笨・[39m src/domain/bridge/__tests__/nextStepBanner.spec.ts[2m > [22mresolveNextStepBanner 窶・繝ｫ繝ｼ繝ｫ[2m > [22mhidden 繝舌リ繝ｼ縺ｮ title/description/ctaLabel 縺ｯ遨ｺ[32m 1[2mms[22m[39m
 [32m笨・[39m src/domain/bridge/__tests__/nextStepBanner.spec.ts[2m > [22mresolveNextStepBanner 窶・繝ｫ繝ｼ繝ｫ[2m > [22mplanningSheetId 縺・href 縺ｫ蝓九ａ霎ｼ縺ｾ繧後ｋ[32m 1[2mms[22m[39m
 [32m笨・[39m src/domain/bridge/__tests__/nextStepBanner.spec.ts[2m > [22mresolveNextStepBanner 窶・繝ｫ繝ｼ繝ｫ[2m > [22m荳肴・縺ｪ context 縺ｯ hidden 繧定ｿ斐☆[32m 1[2mms[22m[39m
 [32m笨・[39m src/domain/bridge/__tests__/nextStepBanner.spec.ts[2m > [22mresolveNextStepBanner 窶・PDCA alerts[2m > [22mcheck phase + 3譌･ 竊・p2[32m 3[2mms[22m[39m
 [32m笨・[39m src/domain/bridge/__tests__/nextStepBanner.spec.ts[2m > [22mresolveNextStepBanner 窶・PDCA alerts[2m > [22mcheck phase 縺ｧ髢句ｧ区律縺梧悴譚･譌･縺ｧ繧・0譌･謇ｱ縺・〒 p2[32m 1[2mms[22m[39m
 [32m笨・[39m src/domain/bridge/__tests__/nextStepBanner.spec.ts[2m > [22mresolveNextStepBanner 窶・PDCA alerts[2m > [22mcheck phase + 8譌･ 竊・p1[32m 1[2mms[22m[39m
 [32m笨・[39m src/domain/bridge/__tests__/nextStepBanner.spec.ts[2m > [22mresolveNextStepBanner 窶・PDCA alerts[2m > [22mcheck phase + 15譌･ 竊・p0[32m 1[2mms[22m[39m
 [32m笨・[39m src/domain/bridge/__tests__/nextStepBanner.spec.ts[2m > [22mresolveNextStepBanner 窶・PDCA alerts[2m > [22mact phase + 3譌･ 竊・p2[32m 1[2mms[22m[39m
 [32m笨・[39m src/domain/bridge/__tests__/nextStepBanner.spec.ts[2m > [22mresolveNextStepBanner 窶・PDCA alerts[2m > [22mact phase + 8譌･ 竊・p1[32m 1[2mms[22m[39m
 [32m笨・[39m src/domain/bridge/__tests__/nextStepBanner.spec.ts[2m > [22mresolveNextStepBanner 窶・PDCA alerts[2m > [22mact phase + 15譌･ 竊・p0[32m 1[2mms[22m[39m
 [32m笨・[39m src/domain/bridge/__tests__/nextStepBanner.spec.ts[2m > [22mresolveNextStepBanner 窶・PDCA alerts[2m > [22mhealthScore 0.55 竊・p2[32m 2[2mms[22m[39m
 [32m笨・[39m src/domain/bridge/__tests__/nextStepBanner.spec.ts[2m > [22mresolveNextStepBanner 窶・PDCA alerts[2m > [22mhealthScore 0.35 竊・p1[32m 1[2mms[22m[39m
 [32m笨・[39m src/domain/bridge/__tests__/nextStepBanner.spec.ts[2m > [22mresolveNextStepBanner 窶・PDCA alerts[2m > [22mhealthScore 0.15 竊・p0[32m 1[2mms[22m[39m
 [32m笨・[39m src/domain/bridge/__tests__/nextStepBanner.spec.ts[2m > [22mresolveNextStepBanner 窶・PDCA alerts[2m > [22m譌｢蟄倥ヰ繝翫・蜀・ｮｹ繧貞｣翫＆縺壹￣DCA alerts 縺ｮ縺ｿ霑ｽ蜉縺吶ｋ[32m 1[2mms[22m[39m
 [32m笨・[39m src/domain/bridge/__tests__/nextStepBanner.spec.ts[2m > [22mresolveNextStepBanner 窶・PDCA alerts[2m > [22m隍・焚 alert 縺ｯ priority 鬆・ｼ・0竊恥1竊恥2・峨↓謨ｴ蛻・[32m 1[2mms[22m[39m
 [32m笨・[39m src/features/handoff/analysis/__tests__/extractKeywords.spec.ts[2m > [22mnormalizeText[2m > [22mconverts full-width alphanumerics to half-width[32m 5[2mms[22m[39m
 [32m笨・[39m src/features/handoff/analysis/__tests__/extractKeywords.spec.ts[2m > [22mnormalizeText[2m > [22mconverts full-width spaces[32m 1[2mms[22m[39m
 [32m笨・[39m src/features/handoff/analysis/__tests__/extractKeywords.spec.ts[2m > [22mnormalizeText[2m > [22mcollapses multiple whitespace[32m 1[2mms[22m[39m
 [32m笨・[39m src/features/handoff/analysis/__tests__/extractKeywords.spec.ts[2m > [22mnormalizeText[2m > [22mstrips HTML tags[32m 1[2mms[22m[39m
 [32m笨・[39m src/features/handoff/analysis/__tests__/extractKeywords.spec.ts[2m > [22mnormalizeText[2m > [22mtrims leading/trailing whitespace[32m 1[2mms[22m[39m
 [32m笨・[39m src/features/handoff/analysis/__tests__/extractKeywords.spec.ts[2m > [22mapplySynonyms[2m > [22mnormalizes 蜀・恪 竊・譛崎脈[32m 1[2mms[22m[39m
 [32m笨・[39m src/features/handoff/analysis/__tests__/extractKeywords.spec.ts[2m > [22mapplySynonyms[2m > [22mnormalizes 縺頑ｯ阪＆繧・竊・豈崎ｦｪ[32m 1[2mms[22m[39m
 [32m笨・[39m src/features/handoff/analysis/__tests__/extractKeywords.spec.ts[2m > [22mapplySynonyms[2m > [22mhandles multiple synonyms in one text[32m 1[2mms[22m[39m
 [32m笨・[39m src/features/handoff/analysis/__tests__/extractKeywords.spec.ts[2m > [22misNegated[2m > [22mdetects 縲檎匱辭ｱ縺ｪ縺励・[32m 1[2mms[22m[39m
 [32m笨・[39m src/features/handoff/analysis/__tests__/extractKeywords.spec.ts[2m > [22misNegated[2m > [22mdetects 縲檎匱辭ｱ縺ｯ縺ｪ縺励・[32m 1[2mms[22m[39m
 [32m笨・[39m src/features/handoff/analysis/__tests__/extractKeywords.spec.ts[2m > [22misNegated[2m > [22mdetects 縲瑚ｻ｢蛟偵↑縺九▲縺溘・[32m 1[2mms[22m[39m
 [32m笨・[39m src/features/handoff/analysis/__tests__/extractKeywords.spec.ts[2m > [22misNegated[2m > [22mdetects 縲御ｸ咲ｩ剰ｦ九ｉ繧後★縲・[32m 1[2mms[22m[39m
 [32m笨・[39m src/features/handoff/analysis/__tests__/extractKeywords.spec.ts[2m > [22misNegated[2m > [22mdoes NOT negate 縲檎匱辭ｱ縺ゅｊ縲・[32m 1[2mms[22m[39m
 [32m笨・[39m src/features/handoff/analysis/__tests__/extractKeywords.spec.ts[2m > [22misNegated[2m > [22mdoes NOT negate 縲檎匱辭ｱ37.5邃・・[32m 1[2mms[22m[39m
 [32m笨・[39m src/features/handoff/analysis/__tests__/extractKeywords.spec.ts[2m > [22misNegated[2m > [22mdetects 縲檎音縺ｫ逋ｺ辭ｱ遲峨↑縺励・[32m 1[2mms[22m[39m
 [32m笨・[39m src/features/handoff/analysis/__tests__/extractKeywords.spec.ts[2m > [22mextractKeywords[2m > [22mextracts matching keywords from messages[32m 4[2mms[22m[39m
 [32m笨・[39m src/features/handoff/analysis/__tests__/extractKeywords.spec.ts[2m > [22mextractKeywords[2m > [22mcounts same keyword across multiple records[32m 2[2mms[22m[39m
 [32m笨・[39m src/features/handoff/analysis/__tests__/extractKeywords.spec.ts[2m > [22mextractKeywords[2m > [22mclassifies keywords into correct categories[32m 1[2mms[22m[39m
 [32m笨・[39m src/features/handoff/analysis/__tests__/extractKeywords.spec.ts[2m > [22mextractKeywords[2m > [22mreturns empty hits when no keywords match[32m 1[2mms[22m[39m
 [32m笨・[39m src/features/handoff/analysis/__tests__/extractKeywords.spec.ts[2m > [22mextractKeywords[2m > [22mdoes not double-count same keyword in same record[32m 1[2mms[22m[39m
 [32m笨・[39m src/features/handoff/analysis/__tests__/extractKeywords.spec.ts[2m > [22mextractKeywords[2m > [22mexcludes negated keywords[32m 1[2mms[22m[39m
 [32m笨・[39m src/features/handoff/analysis/__tests__/extractKeywords.spec.ts[2m > [22mextractKeywords[2m > [22mcounts positive mentions but not negated ones[32m 1[2mms[22m[39m
 [32m笨・[39m src/features/handoff/analysis/__tests__/extractKeywords.spec.ts[2m > [22mextractKeywords[2m > [22mapplies synonym normalization before matching[32m 1[2mms[22m[39m
 [32m笨・[39m src/features/handoff/analysis/__tests__/extractKeywords.spec.ts[2m > [22mextractKeywords[2m > [22mcomputes byCategory totals correctly[32m 1[2mms[22m[39m
 [32m笨・[39m src/features/handoff/analysis/__tests__/extractKeywords.spec.ts[2m > [22mextractKeywords[2m > [22msorts hits by count descending[32m 1[2mms[22m[39m
 [32m笨・[39m src/features/handoff/analysis/__tests__/extractKeywords.spec.ts[2m > [22mextractKeywords[2m > [22mtracks lastSeenAt correctly[32m 1[2mms[22m[39m
 [32m笨・[39m src/features/handoff/analysis/__tests__/extractKeywords.spec.ts[2m > [22mextractKeywords[2m > [22mhandles empty records array[32m 1[2mms[22m[39m
 [32m笨・[39m src/features/handoff/analysis/__tests__/extractKeywords.spec.ts[2m > [22mextractKeywords[2m > [22mhandles HTML rich text in messages[32m 1[2mms[22m[39m
 [32m笨・[39m src/features/handoff/__tests__/handoffMappers.spec.ts[2m > [22mfromSpHandoffItem[2m > [22mmaps a complete SP item to HandoffRecord with correct field names[32m 5[2mms[22m[39m
 [32m笨・[39m src/features/handoff/__tests__/handoffMappers.spec.ts[2m > [22mfromSpHandoffItem[2m > [22mprefers CreatedAt over Created for createdAt[32m 1[2mms[22m[39m
 [32m笨・[39m src/features/handoff/__tests__/handoffMappers.spec.ts[2m > [22mfromSpHandoffItem[2m > [22mfalls back to Created when CreatedAt is undefined[32m 1[2mms[22m[39m
 [32m笨・[39m src/features/handoff/__tests__/handoffMappers.spec.ts[2m > [22mfromSpHandoffItem[2m > [22mfalls back to now() when both CreatedAt and Created are missing[32m 3[2mms[22m[39m
 [32m笨・[39m src/features/handoff/__tests__/handoffMappers.spec.ts[2m > [22mfromSpHandoffItem[2m > [22mpreserves valid status: 譛ｪ蟇ｾ蠢・[32m 1[2mms[22m[39m
 [32m笨・[39m src/features/handoff/__tests__/handoffMappers.spec.ts[2m > [22mfromSpHandoffItem[2m > [22mpreserves valid status: 蟇ｾ蠢應ｸｭ[32m 1[2mms[22m[39m
 [32m笨・[39m src/features/handoff/__tests__/handoffMappers.spec.ts[2m > [22mfromSpHandoffItem[2m > [22mpreserves valid status: 蟇ｾ蠢懈ｸ・[32m 1[2mms[22m[39m
 [32m笨・[39m src/features/handoff/__tests__/handoffMappers.spec.ts[2m > [22mfromSpHandoffItem[2m > [22mpreserves valid status: 遒ｺ隱肴ｸ・[32m 1[2mms[22m[39m
 [32m笨・[39m src/features/handoff/__tests__/handoffMappers.spec.ts[2m > [22mfromSpHandoffItem[2m > [22mpreserves valid status: 譏取律縺ｸ謖∬ｶ・[32m 1[2mms[22m[39m
 [32m笨・[39m src/features/handoff/__tests__/handoffMappers.spec.ts[2m > [22mfromSpHandoffItem[2m > [22mpreserves valid status: 螳御ｺ・[32m 1[2mms[22m[39m
 [32m笨・[39m src/features/handoff/__tests__/handoffMappers.spec.ts[2m > [22mfromSpHandoffItem[2m > [22mfalls back to 譛ｪ蟇ｾ蠢・for unknown Status values (forward-compat)[32m 1[2mms[22m[39m
 [32m笨・[39m src/features/handoff/__tests__/handoffMappers.spec.ts[2m > [22mfromSpHandoffItem[2m > [22mfalls back to 譛ｪ蟇ｾ蠢・for empty string Status[32m 1[2mms[22m[39m
 [32m笨・[39m src/features/handoff/__tests__/handoffMappers.spec.ts[2m > [22mfromSpHandoffItem[2m > [22mmaps undefined optional fields as undefined (no crash)[32m 1[2mms[22m[39m
 [32m笨・[39m src/features/handoff/__tests__/handoffMappers.spec.ts[2m > [22mfromSpHandoffItem[2m > [22mpreserves numeric id without coercion[32m 1[2mms[22m[39m
 [32m笨・[39m src/features/handoff/__tests__/handoffMappers.spec.ts[2m > [22mtoSpHandoffCreatePayload[2m > [22mmaps NewHandoffInput to PascalCase SP payload[32m 1[2mms[22m[39m
 [32m笨・[39m src/features/handoff/__tests__/handoffMappers.spec.ts[2m > [22mtoSpHandoffCreatePayload[2m > [22malways sets Status to 譛ｪ蟇ｾ蠢・regardless of input[32m 1[2mms[22m[39m
 [32m笨・[39m src/features/handoff/__tests__/handoffMappers.spec.ts[2m > [22mtoSpHandoffCreatePayload[2m > [22momits server-generated fields: Id, Created, Modified, AuthorId, EditorId[32m 2[2mms[22m[39m
 [32m笨・[39m src/features/handoff/__tests__/handoffMappers.spec.ts[2m > [22mtoSpHandoffCreatePayload[2m > [22mauto-generates Title from message when title is omitted[32m 1[2mms[22m[39m
 [32m笨・[39m src/features/handoff/__tests__/handoffMappers.spec.ts[2m > [22mtoSpHandoffCreatePayload[2m > [22mdefaults CreatedByName to 繧ｷ繧ｹ繝・Β蛻ｩ逕ｨ閠・when omitted[32m 1[2mms[22m[39m
 [32m笨・[39m src/features/handoff/__tests__/handoffMappers.spec.ts[2m > [22mtoSpHandoffCreatePayload[2m > [22mdefaults IsDraft to false when omitted[32m 1[2mms[22m[39m
 [32m笨・[39m src/features/handoff/__tests__/handoffMappers.spec.ts[2m > [22mtoSpHandoffCreatePayload[2m > [22mfalls back to now() for CreatedAt when omitted[32m 1[2mms[22m[39m
 [32m笨・[39m src/features/handoff/__tests__/handoffMappers.spec.ts[2m > [22mtoSpHandoffCreatePayload[2m > [22mround-trips: create payload 竊・simulated SP response 竊・fromSpHandoffItem[32m 1[2mms[22m[39m
 [32m笨・[39m src/features/handoff/__tests__/handoffMappers.spec.ts[2m > [22mtoSpHandoffUpdatePayload[2m > [22mmaps single field update: status[32m 1[2mms[22m[39m
 [32m笨・[39m src/features/handoff/__tests__/handoffMappers.spec.ts[2m > [22mtoSpHandoffUpdatePayload[2m > [22mmaps single field update: severity[32m 1[2mms[22m[39m
 [32m笨・[39m src/features/handoff/__tests__/handoffMappers.spec.ts[2m > [22mtoSpHandoffUpdatePayload[2m > [22mmaps single field update: category[32m 1[2mms[22m[39m
 [32m笨・[39m src/features/handoff/__tests__/handoffMappers.spec.ts[2m > [22mtoSpHandoffUpdatePayload[2m > [22mmaps single field update: message[32m 1[2mms[22m[39m
 [32m笨・[39m src/features/handoff/__tests__/handoffMappers.spec.ts[2m > [22mtoSpHandoffUpdatePayload[2m > [22mmaps single field update: title[32m 1[2mms[22m[39m
 [32m笨・[39m src/features/handoff/__tests__/handoffMappers.spec.ts[2m > [22mtoSpHandoffUpdatePayload[2m > [22mmaps single field update: carryOverDate[32m 1[2mms[22m[39m
 [32m笨・[39m src/features/handoff/__tests__/handoffMappers.spec.ts[2m > [22mtoSpHandoffUpdatePayload[2m > [22mmaps multiple fields at once[32m 1[2mms[22m[39m
 [32m笨・[39m src/features/handoff/__tests__/handoffMappers.spec.ts[2m > [22mtoSpHandoffUpdatePayload[2m > [22mreturns empty object when no fields provided[32m 2[2mms[22m[39m
 [32m笨・[39m src/features/handoff/__tests__/handoffMappers.spec.ts[2m > [22mtoSpHandoffUpdatePayload[2m > [22mdoes not include fields not present in the input[32m 1[2mms[22m[39m
 [32m笨・[39m src/features/handoff/__tests__/handoffMappers.spec.ts[2m > [22mtoSpHandoffUpdatePayload[2m > [22mdoes not leak disallowed fields (id, createdAt, etc.)[32m 1[2mms[22m[39m
 [32m笨・[39m src/features/today/hooks/__tests__/useApprovalFlow.spec.ts[2m > [22museApprovalFlow 窶・referential stability[2m > [22mreturns the same object reference on rerender when state is unchanged[32m 26[2mms[22m[39m
 [32m笨・[39m src/features/today/hooks/__tests__/useApprovalFlow.spec.ts[2m > [22museApprovalFlow 窶・referential stability[2m > [22mopen/close/approve function references are stable across rerenders[32m 5[2mms[22m[39m
 [32m笨・[39m src/features/today/hooks/__tests__/useApprovalFlow.spec.ts[2m > [22museApprovalFlow 窶・referential stability[2m > [22mreturns a new reference only after state change (open)[32m 6[2mms[22m[39m
 [32m笨・[39m tests/unit/aggregateStrategyUsage.spec.ts[2m > [22maggregateStrategyUsage[2m > [22m遨ｺ驟榊・ 竊・蜈ｨ繧ｫ繧ｦ繝ｳ繝・0[32m 5[2mms[22m[39m
 [32m笨・[39m tests/unit/aggregateStrategyUsage.spec.ts[2m > [22maggregateStrategyUsage[2m > [22mreferencedStrategies 縺ｪ縺励・繝ｬ繧ｳ繝ｼ繝峨・辟｡隕・[32m 1[2mms[22m[39m
 [32m笨・[39m tests/unit/aggregateStrategyUsage.spec.ts[2m > [22maggregateStrategyUsage[2m > [22mreferencedStrategies 縺檎ｩｺ驟榊・縺ｮ繝ｬ繧ｳ繝ｼ繝峨・辟｡隕・[32m 1[2mms[22m[39m
 [32m笨・[39m tests/unit/aggregateStrategyUsage.spec.ts[2m > [22maggregateStrategyUsage[2m > [22mapplied=false 縺ｮ謌ｦ逡･縺ｯ謨ｰ縺医↑縺・[32m 1[2mms[22m[39m
 [32m笨・[39m tests/unit/aggregateStrategyUsage.spec.ts[2m > [22maggregateStrategyUsage[2m > [22mapplied=true 縺ｮ縺ｿ繧ｫ繧ｦ繝ｳ繝茨ｼ・ixed 繧ｱ繝ｼ繧ｹ・・[32m 1[2mms[22m[39m
 [32m笨・[39m tests/unit/aggregateStrategyUsage.spec.ts[2m > [22maggregateStrategyUsage[2m > [22m3繧ｫ繝・ざ繝ｪ縺ｫ豁｣縺励￥蛻・｡槭＆繧後ｋ[32m 1[2mms[22m[39m
 [32m笨・[39m tests/unit/aggregateStrategyUsage.spec.ts[2m > [22maggregateStrategyUsage[2m > [22m蜷御ｸ繧ｫ繝・ざ繝ｪ繝ｻ蜷御ｸ繝・く繧ｹ繝医・蜷育ｮ励＆繧後ｋ[32m 1[2mms[22m[39m
 [32m笨・[39m tests/unit/aggregateStrategyUsage.spec.ts[2m > [22maggregateStrategyUsage[2m > [22m蜷御ｸ繧ｫ繝・ざ繝ｪ縺ｧ繧ゅユ繧ｭ繧ｹ繝医′逡ｰ縺ｪ繧後・蛻･繧ｫ繧ｦ繝ｳ繝・[32m 1[2mms[22m[39m
 [32m笨・[39m tests/unit/aggregateStrategyUsage.spec.ts[2m > [22maggregateStrategyUsage[2m > [22mrecordsWithStrategies 縺ｯ applied 繧貞性繧繝ｬ繧ｳ繝ｼ繝画焚[32m 1[2mms[22m[39m
 [32m笨・[39m tests/unit/aggregateStrategyUsage.spec.ts[2m > [22maggregateStrategyUsage[2m > [22m繧ｫ繝・ざ繝ｪ蛻･蜷郁ｨ・= totalApplications[32m 1[2mms[22m[39m
 [32m笨・[39m tests/unit/aggregateStrategyUsage.spec.ts[2m > [22maggregateStrategyUsage[2m > [22mfromDate 謖・ｮ・ 譛滄俣螟悶Ξ繧ｳ繝ｼ繝峨・髯､螟・[32m 1[2mms[22m[39m
 [32m笨・[39m tests/unit/aggregateStrategyUsage.spec.ts[2m > [22maggregateStrategyUsage[2m > [22mtoDate 謖・ｮ・ 譛滄俣螟悶Ξ繧ｳ繝ｼ繝峨・髯､螟・[32m 1[2mms[22m[39m
 [32m笨・[39m tests/unit/aggregateStrategyUsage.spec.ts[2m > [22maggregateStrategyUsage[2m > [22mfromDate + toDate 荳｡謖・ｮ・ 遽・峇蜀・・縺ｿ髮・ｨ・[32m 1[2mms[22m[39m
 [32m笨・[39m tests/unit/aggregateStrategyUsage.spec.ts[2m > [22maggregateStrategyUsage[2m > [22m譛滄俣繝輔ぅ繝ｫ繧ｿ縺ｪ縺・ 蜈ｨ繝ｬ繧ｳ繝ｼ繝蛾寔險・[32m 1[2mms[22m[39m
 [32m笨・[39m tests/unit/aggregateStrategyUsage.spec.ts[2m > [22maggregateStrategyUsage[2m > [22m100莉ｶ繝ｬ繧ｳ繝ｼ繝・ﾃ・蜷・謌ｦ逡･ 縺ｧ繧よｭ｣縺励￥髮・ｨ・[32m 1[2mms[22m[39m
 [32m笨・[39m tests/unit/aggregateStrategyUsage.spec.ts[2m > [22mgetUsageCount[2m > [22m蟄伜惠縺吶ｋ繝・く繧ｹ繝医・繧ｫ繧ｦ繝ｳ繝医ｒ霑斐☆[32m 1[2mms[22m[39m
 [32m笨・[39m tests/unit/aggregateStrategyUsage.spec.ts[2m > [22mgetUsageCount[2m > [22m蟄伜惠縺励↑縺・ユ繧ｭ繧ｹ繝医・ 0 繧定ｿ斐☆[32m 1[2mms[22m[39m
 [32m笨・[39m tests/unit/aggregateStrategyUsage.spec.ts[2m > [22mgetUsageCount[2m > [22m繧ｫ繝・ざ繝ｪ縺檎焚縺ｪ繧後・蛻･繧ｫ繧ｦ繝ｳ繝・[32m 1[2mms[22m[39m
 [32m笨・[39m tests/unit/aggregateStrategyUsage.spec.ts[2m > [22mgetCategoryTotal[2m > [22m繧ｫ繝・ざ繝ｪ蜀・・蜈ｨ繝・く繧ｹ繝医き繧ｦ繝ｳ繝医ｒ蜷育ｮ・[32m 1[2mms[22m[39m
 [32m笨・[39m tests/unit/aggregateStrategyUsage.spec.ts[2m > [22mgetCategoryTotal[2m > [22m遨ｺ繧ｫ繝・ざ繝ｪ縺ｯ 0[32m 1[2mms[22m[39m
 [32m笨・[39m tests/unit/aggregateStrategyUsage.spec.ts[2m > [22mcompareStrategyUsage[2m > [22mcurrent 縺縺台ｻｶ謨ｰ縺ゅｊ 竊・up[32m 1[2mms[22m[39m
 [32m笨・[39m tests/unit/aggregateStrategyUsage.spec.ts[2m > [22mcompareStrategyUsage[2m > [22mprevious 縺縺台ｻｶ謨ｰ縺ゅｊ 竊・down[32m 1[2mms[22m[39m
 [32m笨・[39m tests/unit/aggregateStrategyUsage.spec.ts[2m > [22mcompareStrategyUsage[2m > [22m蜷梧焚 竊・flat[32m 1[2mms[22m[39m
 [32m笨・[39m tests/unit/aggregateStrategyUsage.spec.ts[2m > [22mcompareStrategyUsage[2m > [22mapplied=false 縺ｯ辟｡隕・[32m 2[2mms[22m[39m
 [32m笨・[39m tests/unit/aggregateStrategyUsage.spec.ts[2m > [22mcompareStrategyUsage[2m > [22mreferencedStrategies 縺ｪ縺励・辟｡隕・[32m 1[2mms[22m[39m
 [32m笨・[39m tests/unit/aggregateStrategyUsage.spec.ts[2m > [22mcompareStrategyUsage[2m > [22m蜷御ｸ謌ｦ逡･繝・く繧ｹ繝医・蜷育ｮ・[32m 1[2mms[22m[39m
 [32m笨・[39m tests/unit/aggregateStrategyUsage.spec.ts[2m > [22mcompareStrategyUsage[2m > [22m繧ｫ繝・ざ繝ｪ蛻･縺ｧ繧ょｴｩ繧後↑縺・ｼ・繧ｫ繝・ざ繝ｪ豺ｷ蝨ｨ・・[32m 1[2mms[22m[39m
 [32m笨・[39m tests/unit/aggregateStrategyUsage.spec.ts[2m > [22mcompareStrategyUsage[2m > [22m荳｡譛滄俣縺ｨ繧らｩｺ 竊・items 遨ｺ + totals flat[32m 1[2mms[22m[39m
 [32m笨・[39m tests/unit/aggregateStrategyUsage.spec.ts[2m > [22mcompareStrategyUsage[2m > [22m譛滄俣螟悶Ξ繧ｳ繝ｼ繝峨・辟｡隕悶＆繧後ｋ[32m 1[2mms[22m[39m
 [32m笨・[39m src/features/operationFlow/domain/getCurrentPhaseFromConfig.spec.ts[2m > [22mparseTimeToMinutes[2m > [22mconverts "00:00" to 0[32m 5[2mms[22m[39m
 [32m笨・[39m src/features/operationFlow/domain/getCurrentPhaseFromConfig.spec.ts[2m > [22mparseTimeToMinutes[2m > [22mconverts "08:30" to 510[32m 2[2mms[22m[39m
 [32m笨・[39m src/features/operationFlow/domain/getCurrentPhaseFromConfig.spec.ts[2m > [22mparseTimeToMinutes[2m > [22mconverts "23:59" to 1439[32m 1[2mms[22m[39m
 [32m笨・[39m src/features/operationFlow/domain/getCurrentPhaseFromConfig.spec.ts[2m > [22mparseTimeToMinutes[2m > [22mthrows on invalid format "8:30:00"[32m 1[2mms[22m[39m
 [32m笨・[39m src/features/operationFlow/domain/getCurrentPhaseFromConfig.spec.ts[2m > [22mparseTimeToMinutes[2m > [22mthrows on out-of-range hour "25:00"[32m 1[2mms[22m[39m
 [32m笨・[39m src/features/operationFlow/domain/getCurrentPhaseFromConfig.spec.ts[2m > [22mparseTimeToMinutes[2m > [22mthrows on out-of-range minute "08:60"[32m 1[2mms[22m[39m
 [32m笨・[39m src/features/operationFlow/domain/getCurrentPhaseFromConfig.spec.ts[2m > [22mparseTimeToMinutes[2m > [22mthrows on non-numeric "ab:cd"[32m 1[2mms[22m[39m
 [32m笨・[39m src/features/operationFlow/domain/getCurrentPhaseFromConfig.spec.ts[2m > [22mgetCurrentPhaseFromConfig[2m > [22m08:29 竊・after_hours_review・域険繧願ｿ斐ｊ蛛ｴ縺ｫ蜷ｫ縺ｾ繧後ｋ・・[32m 1[2mms[22m[39m
 [32m笨・[39m src/features/operationFlow/domain/getCurrentPhaseFromConfig.spec.ts[2m > [22mgetCurrentPhaseFromConfig[2m > [22m08:30 竊・staff_prep・域悃貅門ｙ縺ｮ髢句ｧ具ｼ・[32m 1[2mms[22m[39m
 [32m笨・[39m src/features/operationFlow/domain/getCurrentPhaseFromConfig.spec.ts[2m > [22mgetCurrentPhaseFromConfig[2m > [22m09:00 竊・morning_briefing・域悃莨壹・髢句ｧ具ｼ・[32m 1[2mms[22m[39m
 [32m笨・[39m src/features/operationFlow/domain/getCurrentPhaseFromConfig.spec.ts[2m > [22mgetCurrentPhaseFromConfig[2m > [22m09:15 竊・arrival_intake・磯壽園蜿怜・縺ｮ髢句ｧ具ｼ・[32m 1[2mms[22m[39m
 [32m笨・[39m src/features/operationFlow/domain/getCurrentPhaseFromConfig.spec.ts[2m > [22mgetCurrentPhaseFromConfig[2m > [22m10:30 竊・am_activity・亥壕蜑肴ｴｻ蜍輔・髢句ｧ具ｼ・[32m 1[2mms[22m[39m
 [32m笨・[39m src/features/operationFlow/domain/getCurrentPhaseFromConfig.spec.ts[2m > [22mgetCurrentPhaseFromConfig[2m > [22m15:30 竊・pm_activity・・M豢ｻ蜍輔・荳ｭ髢難ｼ・3:45-15:45・・[32m 1[2mms[22m[39m
 [32m笨・[39m src/features/operationFlow/domain/getCurrentPhaseFromConfig.spec.ts[2m > [22mgetCurrentPhaseFromConfig[2m > [22m16:00 竊・record_wrapup・郁ｨ倬鹸莉穂ｸ翫￡縺ｮ髢句ｧ具ｼ・[32m 1[2mms[22m[39m
 [32m笨・[39m src/features/operationFlow/domain/getCurrentPhaseFromConfig.spec.ts[2m > [22mgetCurrentPhaseFromConfig[2m > [22m17:00 竊・evening_briefing・亥､穂ｼ壹・髢句ｧ具ｼ・[32m 1[2mms[22m[39m
 [32m笨・[39m src/features/operationFlow/domain/getCurrentPhaseFromConfig.spec.ts[2m > [22mgetCurrentPhaseFromConfig[2m > [22m18:00 竊・after_hours_review・域険繧願ｿ斐ｊ縺ｮ髢句ｧ具ｼ・[32m 1[2mms[22m[39m
 [32m笨・[39m src/features/operationFlow/domain/getCurrentPhaseFromConfig.spec.ts[2m > [22mgetCurrentPhaseFromConfig[2m > [22m00:00 竊・after_hours_review・域ｷｱ螟・譎ゅ・譌･縺ｾ縺溘℃遽・峇蜀・ｼ・[32m 2[2mms[22m[39m
 [32m笨・[39m src/features/operationFlow/domain/getCurrentPhaseFromConfig.spec.ts[2m > [22mgetCurrentPhaseFromConfig[2m > [22m03:00 竊・after_hours_review・域ｷｱ螟・譎ゅｂ譌･縺ｾ縺溘℃遽・峇蜀・ｼ・[32m 1[2mms[22m[39m
 [32m笨・[39m src/features/operationFlow/domain/getCurrentPhaseFromConfig.spec.ts[2m > [22mgetCurrentPhaseFromConfig[2m > [22m23:59 竊・after_hours_review・・3:59繧よ律縺ｾ縺溘℃遽・峇蜀・ｼ・[32m 1[2mms[22m[39m
 [32m笨・[39m src/features/operationFlow/domain/getCurrentPhaseFromConfig.spec.ts[2m > [22mgetCurrentPhaseFromConfig[2m > [22m08:45 竊・staff_prep・域悃貅門ｙ縺ｮ荳ｭ髢難ｼ・[32m 1[2mms[22m[39m
 [32m笨・[39m src/features/operationFlow/domain/getCurrentPhaseFromConfig.spec.ts[2m > [22mgetCurrentPhaseFromConfig[2m > [22m09:10 竊・morning_briefing・域悃莨壹・荳ｭ髢難ｼ・[32m 1[2mms[22m[39m
 [32m笨・[39m src/features/operationFlow/domain/getCurrentPhaseFromConfig.spec.ts[2m > [22mgetCurrentPhaseFromConfig[2m > [22m09:50 竊・arrival_intake・磯壽園蜿怜・縺ｮ荳ｭ髢難ｼ・[32m 1[2mms[22m[39m
 [32m笨・[39m src/features/operationFlow/domain/getCurrentPhaseFromConfig.spec.ts[2m > [22mgetCurrentPhaseFromConfig[2m > [22m11:00 竊・am_activity・亥壕蜑肴ｴｻ蜍輔・荳ｭ髢難ｼ・[32m 1[2mms[22m[39m
 [32m笨・[39m src/features/operationFlow/domain/getCurrentPhaseFromConfig.spec.ts[2m > [22mgetCurrentPhaseFromConfig[2m > [22m14:00 竊・pm_activity・亥壕蠕梧ｴｻ蜍輔・荳ｭ髢難ｼ・[32m 1[2mms[22m[39m
 [32m笨・[39m src/features/operationFlow/domain/getCurrentPhaseFromConfig.spec.ts[2m > [22mgetCurrentPhaseFromConfig[2m > [22m15:45 竊・departure_support・磯謇蟇ｾ蠢懊・荳ｭ髢難ｼ・[32m 1[2mms[22m[39m
 [32m笨・[39m src/features/operationFlow/domain/getCurrentPhaseFromConfig.spec.ts[2m > [22mgetCurrentPhaseFromConfig[2m > [22m16:30 竊・record_wrapup・郁ｨ倬鹸莉穂ｸ翫￡縺ｮ荳ｭ髢難ｼ・[32m 1[2mms[22m[39m
 [32m笨・[39m src/features/operationFlow/domain/getCurrentPhaseFromConfig.spec.ts[2m > [22mgetCurrentPhaseFromConfig[2m > [22m17:30 竊・evening_briefing・亥､穂ｼ壹・荳ｭ髢難ｼ・[32m 1[2mms[22m[39m
 [32m笨・[39m src/features/operationFlow/domain/getCurrentPhaseFromConfig.spec.ts[2m > [22mgetCurrentPhaseFromConfig[2m > [22m20:00 竊・after_hours_review・域険繧願ｿ斐ｊ縺ｮ荳ｭ髢難ｼ・[32m 1[2mms[22m[39m
 [32m笨・[39m src/features/operationFlow/domain/getCurrentPhaseFromConfig.spec.ts[2m > [22mgetCurrentPhaseFromConfig[2m > [22m08:59 竊・staff_prep・域悃貅門ｙ縺ｮ邨ゆｺ・蛻・燕・・[32m 1[2mms[22m[39m
 [32m笨・[39m src/features/operationFlow/domain/getCurrentPhaseFromConfig.spec.ts[2m > [22mgetCurrentPhaseFromConfig[2m > [22m09:14 竊・morning_briefing・域悃莨壹・邨ゆｺ・蛻・燕・・[32m 1[2mms[22m[39m
 [32m笨・[39m src/features/operationFlow/domain/getCurrentPhaseFromConfig.spec.ts[2m > [22mgetCurrentPhaseFromConfig[2m > [22m10:29 竊・arrival_intake・磯壽園蜿怜・縺ｮ邨ゆｺ・蛻・燕・・[32m 1[2mms[22m[39m
 [32m笨・[39m src/features/operationFlow/domain/getCurrentPhaseFromConfig.spec.ts[2m > [22mgetCurrentPhaseFromConfig[2m > [22m11:59 竊・am_activity・亥壕蜑肴ｴｻ蜍輔・邨ゆｺ・蛻・燕・・[32m 1[2mms[22m[39m
 [32m笨・[39m src/features/operationFlow/domain/getCurrentPhaseFromConfig.spec.ts[2m > [22mgetCurrentPhaseFromConfig[2m > [22m15:29 竊・pm_activity・・M豢ｻ蜍輔・邨ゆｺ・蛻・燕・・3:45-15:45・・[32m 1[2mms[22m[39m
 [32m笨・[39m src/features/operationFlow/domain/getCurrentPhaseFromConfig.spec.ts[2m > [22mgetCurrentPhaseFromConfig[2m > [22m15:59 竊・departure_support・磯謇蟇ｾ蠢懊・邨ゆｺ・蛻・燕・・[32m 1[2mms[22m[39m
 [32m笨・[39m src/features/operationFlow/domain/getCurrentPhaseFromConfig.spec.ts[2m > [22mgetCurrentPhaseFromConfig[2m > [22m16:59 竊・record_wrapup・郁ｨ倬鹸莉穂ｸ翫￡縺ｮ邨ゆｺ・蛻・燕・・[32m 1[2mms[22m[39m
 [32m笨・[39m src/features/operationFlow/domain/getCurrentPhaseFromConfig.spec.ts[2m > [22mgetCurrentPhaseFromConfig[2m > [22m17:59 竊・evening_briefing・亥､穂ｼ壹・邨ゆｺ・蛻・燕・・[32m 1[2mms[22m[39m
 [32m笨・[39m src/features/operationFlow/domain/getCurrentPhaseFromConfig.spec.ts[2m > [22mgetCurrentPhaseFromConfig[2m > [22m遨ｺ縺ｮ config 縺ｯ undefined 繧定ｿ斐☆[32m 1[2mms[22m[39m
 [32m笨・[39m src/features/operationFlow/domain/getCurrentPhaseFromConfig.spec.ts[2m > [22mgetCurrentPhaseFromConfig[2m > [22msortOrder 縺碁・・〒繧よｭ｣縺励￥蛻､螳壹☆繧・[32m 1[2mms[22m[39m
 [32m笨・[39m src/features/operationFlow/domain/getCurrentPhaseFromConfig.spec.ts[2m > [22mgetCurrentPhaseFromConfig[2m > [22m12:00 竊・lunch_break・域乂鬟滉ｼ代∩縺ｮ髢句ｧ具ｼ・2:00-13:45・・[32m 1[2mms[22m[39m
 [32m笨・[39m tests/unit/App.notifier.spec.tsx[2m > [22mApp notifier 竊・toast bridge[2m > [22mregisters notifier and shows a toast when invoked[32m 122[2mms[22m[39m
 [32m笨・[39m src/features/today/telemetry/recordFirstNavigation.spec.ts[2m > [22mcreateFirstNavigationTracker[2m > [22mrecords first navigation to Firestore[32m 9[2mms[22m[39m
 [32m笨・[39m src/features/today/telemetry/recordFirstNavigation.spec.ts[2m > [22mcreateFirstNavigationTracker[2m > [22mrecords only once 窶・second call is noop[32m 2[2mms[22m[39m
 [32m笨・[39m src/features/today/telemetry/recordFirstNavigation.spec.ts[2m > [22mcreateFirstNavigationTracker[2m > [22mstarts with recorded=false[32m 1[2mms[22m[39m
 [32m笨・[39m src/features/today/telemetry/recordFirstNavigation.spec.ts[2m > [22mcreateFirstNavigationTracker[2m > [22msets recorded=true after first call[32m 1[2mms[22m[39m
 [32m笨・[39m src/features/today/telemetry/recordFirstNavigation.spec.ts[2m > [22mcreateFirstNavigationTracker[2m > [22mincludes dwellMs as non-negative number[32m 1[2mms[22m[39m
 [32m笨・[39m src/features/today/telemetry/recordFirstNavigation.spec.ts[2m > [22mcreateFirstNavigationTracker[2m > [22mincludes clientTs as ISO string[32m 1[2mms[22m[39m
 [32m笨・[39m src/features/today/telemetry/recordFirstNavigation.spec.ts[2m > [22mcreateFirstNavigationTracker[2m > [22mdoes not throw when addDoc rejects[32m 8[2mms[22m[39m
 [32m笨・[39m src/features/today/telemetry/recordFirstNavigation.spec.ts[2m > [22mcreateFirstNavigationTracker[2m > [22mdoes not throw when collection() throws synchronously[32m 3[2mms[22m[39m
 [32m笨・[39m src/features/today/telemetry/recordFirstNavigation.spec.ts[2m > [22mcreateFirstNavigationTracker[2m > [22maccepts trigger type: phase-suggest[32m 1[2mms[22m[39m
 [32m笨・[39m src/features/today/telemetry/recordFirstNavigation.spec.ts[2m > [22mcreateFirstNavigationTracker[2m > [22maccepts trigger type: cta-primary[32m 1[2mms[22m[39m
 [32m笨・[39m src/features/today/telemetry/recordFirstNavigation.spec.ts[2m > [22mcreateFirstNavigationTracker[2m > [22maccepts trigger type: cta-scene[32m 1[2mms[22m[39m
 [32m笨・[39m src/features/today/telemetry/recordFirstNavigation.spec.ts[2m > [22mcreateFirstNavigationTracker[2m > [22maccepts trigger type: cta-schedule[32m 1[2mms[22m[39m
 [32m笨・[39m src/features/today/telemetry/recordFirstNavigation.spec.ts[2m > [22mcreateFirstNavigationTracker[2m > [22maccepts trigger type: cta-empty[32m 1[2mms[22m[39m
 [32m笨・[39m src/features/today/telemetry/recordFirstNavigation.spec.ts[2m > [22mcreateFirstNavigationTracker[2m > [22maccepts trigger type: cta-utility[32m 1[2mms[22m[39m
 [32m笨・[39m src/features/today/telemetry/recordFirstNavigation.spec.ts[2m > [22mcreateFirstNavigationTracker[2m > [22maccepts trigger type: widget-chip[32m 2[2mms[22m[39m
 [32m笨・[39m src/features/today/telemetry/recordFirstNavigation.spec.ts[2m > [22mcreateFirstNavigationTracker[2m > [22maccepts trigger type: sidebar-nav[32m 1[2mms[22m[39m
 [32m笨・[39m src/features/today/telemetry/recordFirstNavigation.spec.ts[2m > [22mcreateFirstNavigationTracker[2m > [22maccepts trigger type: unknown[32m 1[2mms[22m[39m
 [32m笨・[39m src/features/today/telemetry/recordFirstNavigation.spec.ts[2m > [22mcreateFirstNavigationTracker[2m > [22mis no-op when Firestore is unavailable[32m 1[2mms[22m[39m
 [32m笨・[39m src/features/support-plan-guide/domain/__tests__/suggestedGoals.spec.ts[2m > [22mbuildSuggestedGoals[2m > [22m蜈･蜉帙′遨ｺ縺ｮ蝣ｴ蜷医・遨ｺ驟榊・繧定ｿ斐☆[32m 6[2mms[22m[39m
 [32m笨・[39m src/features/support-plan-guide/domain/__tests__/suggestedGoals.spec.ts[2m > [22mbuildSuggestedGoals[2m > [22m繧｢繧ｻ繧ｹ繝｡繝ｳ繝育罰譚･[2m > [22m鬮倥Μ繧ｹ繧ｯ 竊・繝ｪ繧ｹ繧ｯ霆ｽ貂帷岼讓吶ｒ謠先｡茨ｼ・riority: high・・[32m 3[2mms[22m[39m
 [32m笨・[39m src/features/support-plan-guide/domain/__tests__/suggestedGoals.spec.ts[2m > [22mbuildSuggestedGoals[2m > [22m繧｢繧ｻ繧ｹ繝｡繝ｳ繝育罰譚･[2m > [22m菴弱Μ繧ｹ繧ｯ 竊・繝ｪ繧ｹ繧ｯ霆ｽ貂帷岼讓吶ｒ謠先｡医＠縺ｪ縺・[32m 1[2mms[22m[39m
 [32m笨・[39m src/features/support-plan-guide/domain/__tests__/suggestedGoals.spec.ts[2m > [22mbuildSuggestedGoals[2m > [22m繧｢繧ｻ繧ｹ繝｡繝ｳ繝育罰譚･[2m > [22m蟇ｾ雎｡陦悟虚 竊・陦悟虚逶ｮ讓吶ｒ謠先｡・[32m 2[2mms[22m[39m
 [32m笨・[39m src/features/support-plan-guide/domain/__tests__/suggestedGoals.spec.ts[2m > [22mbuildSuggestedGoals[2m > [22m繧｢繧ｻ繧ｹ繝｡繝ｳ繝育罰譚･[2m > [22m莉ｮ隱ｬ・井ｸｭ莉･荳翫・菫｡鬆ｼ蠎ｦ・・竊・莉｣譖ｿ謇区ｮｵ縺ｮ逶ｮ讓吶ｒ謠先｡・[32m 1[2mms[22m[39m
 [32m笨・[39m src/features/support-plan-guide/domain/__tests__/suggestedGoals.spec.ts[2m > [22mbuildSuggestedGoals[2m > [22m繧｢繧ｻ繧ｹ繝｡繝ｳ繝育罰譚･[2m > [22m菫｡鬆ｼ蠎ｦ low 縺ｮ莉ｮ隱ｬ縺ｯ髯､螟悶＆繧後ｋ[32m 1[2mms[22m[39m
 [32m笨・[39m src/features/support-plan-guide/domain/__tests__/suggestedGoals.spec.ts[2m > [22mbuildSuggestedGoals[2m > [22m繧｢繧ｻ繧ｹ繝｡繝ｳ繝育罰譚･[2m > [22m蛛･蠎ｷ隕∝屏 竊・蛛･蠎ｷ邂｡逅・岼讓吶ｒ謠先｡・[32m 1[2mms[22m[39m
 [32m笨・[39m src/features/support-plan-guide/domain/__tests__/suggestedGoals.spec.ts[2m > [22mbuildSuggestedGoals[2m > [22mIceberg蛻・梵逕ｱ譚･[2m > [22msupportIssues 竊・遏ｭ譛溽岼讓吶ｒ謠先｡・[32m 1[2mms[22m[39m
 [32m笨・[39m src/features/support-plan-guide/domain/__tests__/suggestedGoals.spec.ts[2m > [22mbuildSuggestedGoals[2m > [22mIceberg蛻・梵逕ｱ譚･[2m > [22msupportPolicy 竊・髟ｷ譛溽岼讓吶ｒ謠先｡・[32m 1[2mms[22m[39m
 [32m笨・[39m src/features/support-plan-guide/domain/__tests__/suggestedGoals.spec.ts[2m > [22mbuildSuggestedGoals[2m > [22mIceberg蛻・梵逕ｱ譚･[2m > [22msupportIssues 縺梧怙螟ｧ3莉ｶ縺ｫ蛻ｶ髯舌＆繧後ｋ[32m 1[2mms[22m[39m
 [32m笨・[39m src/features/support-plan-guide/domain/__tests__/suggestedGoals.spec.ts[2m > [22mbuildSuggestedGoals[2m > [22m繝｢繝九ち繝ｪ繝ｳ繧ｰ逕ｱ譚･[2m > [22mplanChangeRequired 竊・險育判隕狗峩縺礼岼讓吶ｒ謠先｡茨ｼ・riority: high・・[32m 1[2mms[22m[39m
 [32m笨・[39m src/features/support-plan-guide/domain/__tests__/suggestedGoals.spec.ts[2m > [22mbuildSuggestedGoals[2m > [22m繝｢繝九ち繝ｪ繝ｳ繧ｰ逕ｱ譚･[2m > [22m謾ｹ蝟・Γ繝｢ 竊・謾ｯ謠ｴ蜀・ｮｹ縺ｮ蛟呵｣懊ｒ謠先｡・[32m 1[2mms[22m[39m
 [32m笨・[39m src/features/support-plan-guide/domain/__tests__/suggestedGoals.spec.ts[2m > [22mbuildSuggestedGoals[2m > [22m繝｢繝九ち繝ｪ繝ｳ繧ｰ逕ｱ譚･[2m > [22mmonitoring 縺・null 竊・繝｢繝九ち繝ｪ繝ｳ繧ｰ逕ｱ譚･縺ｮ謠先｡医↑縺・[32m 1[2mms[22m[39m
 [32m笨・[39m src/features/support-plan-guide/domain/__tests__/suggestedGoals.spec.ts[2m > [22mbuildSuggestedGoals[2m > [22m繝輔か繝ｼ繝繝・く繧ｹ繝育罰譚･[2m > [22m繧ｹ繝医Ξ繝ｳ繧ｰ繧ｹ 竊・豢ｻ蜍墓僑螟ｧ縺ｮ逶ｮ讓吶ｒ謠先｡・[32m 1[2mms[22m[39m
 [32m笨・[39m src/features/support-plan-guide/domain/__tests__/suggestedGoals.spec.ts[2m > [22mbuildSuggestedGoals[2m > [22m驥崎､・賜髯､[2m > [22m譌｢蟄・goals 縺ｮ繝ｩ繝吶Ν縺ｨ驥崎､・☆繧句呵｣懊・髯､螟悶＆繧後ｋ[32m 1[2mms[22m[39m
 [32m笨・[39m src/features/support-plan-guide/domain/__tests__/suggestedGoals.spec.ts[2m > [22mbuildSuggestedGoals[2m > [22m蜆ｪ蜈亥ｺｦ繧ｽ繝ｼ繝・[2m > [22mhigh 竊・medium 竊・low 縺ｮ鬆・↓繧ｽ繝ｼ繝医＆繧後ｋ[32m 1[2mms[22m[39m
 [32m笨・[39m src/features/support-plan-guide/domain/__tests__/suggestedGoals.spec.ts[2m > [22mbuildSuggestedGoals[2m > [22m譛螟ｧ莉ｶ謨ｰ蛻ｶ髯・[2m > [22m譛螟ｧ15莉ｶ縺ｫ蛻ｶ髯舌＆繧後ｋ[32m 1[2mms[22m[39m
 [32m笨・[39m src/features/support-plan-guide/domain/__tests__/suggestedGoals.spec.ts[2m > [22minferDomains[2m > [22m蛛･蠎ｷ髢｢騾｣繧ｭ繝ｼ繝ｯ繝ｼ繝・竊・health[32m 1[2mms[22m[39m
 [32m笨・[39m src/features/support-plan-guide/domain/__tests__/suggestedGoals.spec.ts[2m > [22minferDomains[2m > [22m繧ｳ繝溘Η繝九こ繝ｼ繧ｷ繝ｧ繝ｳ髢｢騾｣ 竊・language[32m 1[2mms[22m[39m
 [32m笨・[39m src/features/support-plan-guide/domain/__tests__/suggestedGoals.spec.ts[2m > [22minferDomains[2m > [22m遉ｾ莨夐未騾｣ 竊・social[32m 1[2mms[22m[39m
 [32m笨・[39m src/features/support-plan-guide/domain/__tests__/suggestedGoals.spec.ts[2m > [22minferDomains[2m > [22m隍・焚繝峨Γ繧､繝ｳ縺ｫ繝槭ャ繝√☆繧句ｴ蜷医・蜈ｨ縺ｦ霑斐☆[32m 1[2mms[22m[39m
 [32m笨・[39m src/features/support-plan-guide/domain/__tests__/suggestedGoals.spec.ts[2m > [22minferDomains[2m > [22m繝槭ャ繝√↑縺・竊・cognitive 縺後ョ繝輔か繝ｫ繝・[32m 1[2mms[22m[39m
 [32m笨・[39m src/features/support-plan-guide/domain/__tests__/suggestedGoals.spec.ts[2m > [22msuggestionToGoalItem[2m > [22mGoalSuggestion 竊・GoalItem 縺ｫ螟画鋤縺吶ｋ[32m 1[2mms[22m[39m
 [32m笨・[39m src/features/action-engine/telemetry/__tests__/useSuggestionTelemetrySummary.spec.tsx[2m > [22museSuggestionTelemetrySummary[2m > [22mevents 繧・pure 髮・ｨ医∈謗･邯壹＠縲《ummary + breakdown 繧定ｿ斐☆[32m 28[2mms[22m[39m
 [32m笨・[39m src/features/action-engine/telemetry/__tests__/useSuggestionTelemetrySummary.spec.tsx[2m > [22museSuggestionTelemetrySummary[2m > [22mevents 縺檎ｩｺ縺ｧ繧ょ崋螳夊｡・breakdown 繧定ｿ斐☆[32m 4[2mms[22m[39m
 [32m笨・[39m tests/unit/schedules-sharepoint-repo.unit.test.ts[2m > [22mSchedules Repository Unit Tests[2m > [22mQuery Building[2m > [22mshould build correct OData filter for date range[32m 6[2mms[22m[39m
 [32m笨・[39m tests/unit/schedules-sharepoint-repo.unit.test.ts[2m > [22mSchedules Repository Unit Tests[2m > [22mQuery Building[2m > [22mshould include person filter when specified[32m 2[2mms[22m[39m
 [32m笨・[39m tests/unit/schedules-sharepoint-repo.unit.test.ts[2m > [22mSchedules Repository Unit Tests[2m > [22mResponse Mapping[2m > [22mshould map SharePoint response to domain model[32m 3[2mms[22m[39m
 [32m笨・[39m tests/unit/schedules-sharepoint-repo.unit.test.ts[2m > [22mSchedules Repository Unit Tests[2m > [22mETag Handling[2m > [22mshould extract ETag from @odata.etag format[32m 1[2mms[22m[39m
 [32m笨・[39m tests/unit/schedules-sharepoint-repo.unit.test.ts[2m > [22mSchedules Repository Unit Tests[2m > [22mETag Handling[2m > [22mshould extract ETag from ETag field[32m 1[2mms[22m[39m
 [32m笨・[39m tests/unit/schedules-sharepoint-repo.unit.test.ts[2m > [22mSchedules Repository Unit Tests[2m > [22mETag Handling[2m > [22mshould extract ETag from __metadata.etag[32m 1[2mms[22m[39m
 [32m笨・[39m tests/unit/schedules-sharepoint-repo.unit.test.ts[2m > [22mSchedules Repository Unit Tests[2m > [22mDateTime Field Handling[2m > [22mshould normalize cr014_dayKey DateTime field[32m 1[2mms[22m[39m
 [32m笨・[39m tests/unit/schedules-sharepoint-repo.unit.test.ts[2m > [22mSchedules Repository Unit Tests[2m > [22mDateTime Field Handling[2m > [22mshould handle cr014_dayKey with various formats[32m 1[2mms[22m[39m
 [32m笨・[39m tests/unit/schedules-sharepoint-repo.unit.test.ts[2m > [22mSchedules Repository Unit Tests[2m > [22mPhase 1 Field Mapping[2m > [22mshould validate all required Phase 1 fields exist[32m 1[2mms[22m[39m
 [32m笨・[39m tests/unit/schedules-sharepoint-repo.unit.test.ts[2m > [22mSchedules Repository Unit Tests[2m > [22mPhase 1 Field Mapping[2m > [22mshould map phase 1 person type correctly[32m 2[2mms[22m[39m
 [32m笨・[39m tests/unit/schedules-sharepoint-repo.unit.test.ts[2m > [22mSchedules Repository Unit Tests[2m > [22mPayload Building[2m > [22mshould build create payload with all required fields[32m 1[2mms[22m[39m
 [32m笨・[39m tests/unit/schedules-sharepoint-repo.unit.test.ts[2m > [22mSchedules Repository Unit Tests[2m > [22mPayload Building[2m > [22mshould build update payload with only changed fields[32m 1[2mms[22m[39m
 [32m笨・[39m tests/unit/schedules-sharepoint-repo.unit.test.ts[2m > [22mSchedules Repository Unit Tests[2m > [22mConflict Detection[2m > [22mshould identify 412 Precondition Failed error[32m 1[2mms[22m[39m
 [32m笨・[39m tests/unit/schedules-sharepoint-repo.unit.test.ts[2m > [22mSchedules Repository Unit Tests[2m > [22mConflict Detection[2m > [22mshould distinguish 412 from other HTTP errors[32m 1[2mms[22m[39m
 [32m笨・[39m tests/unit/schedules-sharepoint-repo.unit.test.ts[2m > [22mSchedules Repository Unit Tests[2m > [22mIntegration: Complete Workflow[2m > [22mshould handle create 竊・read 竊・update 竊・delete workflow[32m 1[2mms[22m[39m
 [32m笨・[39m src/features/today/hooks/__tests__/useKioskAutoRefresh.spec.ts[2m > [22museKioskAutoRefresh[2m > [22mpolls while visible and refreshes immediately on visibility restore[32m 30[2mms[22m[39m
 [32m笨・[39m src/features/today/hooks/__tests__/useKioskAutoRefresh.spec.ts[2m > [22museKioskAutoRefresh[2m > [22mdoes not run when disabled[32m 4[2mms[22m[39m
 [32m笨・[39m tests/unit/config/featureFlags.spec.ts[2m > [22mfeatureFlags config[2m > [22mresolves feature flag snapshot using env helpers[32m 6[2mms[22m[39m
 [32m笨・[39m tests/unit/config/featureFlags.spec.ts[2m > [22mfeatureFlags config[2m > [22mpasses env override through to helper functions[32m 1[2mms[22m[39m
 [32m笨・[39m tests/unit/config/featureFlags.spec.ts[2m > [22mfeatureFlags config[2m > [22mexports a default snapshot computed at module load[32m 1[2mms[22m[39m
 [32m笨・[39m tests/unit/config/featureFlags.spec.ts[2m > [22mfeatureFlags config[2m > [22mreturns current snapshot from getFeatureFlags[32m 1[2mms[22m[39m
 [32m笨・[39m tests/unit/config/featureFlags.spec.ts[2m > [22mfeatureFlags config[2m > [22mrespects explicit false in automation (flag-off E2E)[32m 1[2mms[22m[39m
 [32m笨・[39m tests/unit/config/featureFlags.spec.ts[2m > [22mfeatureFlags config[2m > [22mupdates cached snapshot when provider value changes[32m 20[2mms[22m[39m
 [32m笨・[39m src/features/meeting-minutes/sp/__tests__/mapItemToMinutes.spec.ts[2m > [22mmapItemToMinutes[2m > [22m豁｣蟶ｸ繧｢繧､繝・Β[2m > [22mshould map all fields correctly from a valid SP item[32m 5[2mms[22m[39m
 [32m笨・[39m src/features/meeting-minutes/sp/__tests__/mapItemToMinutes.spec.ts[2m > [22mmapItemToMinutes[2m > [22mid[2m > [22mshould convert id string to number[32m 1[2mms[22m[39m
 [32m笨・[39m src/features/meeting-minutes/sp/__tests__/mapItemToMinutes.spec.ts[2m > [22mmapItemToMinutes[2m > [22mid[2m > [22mshould use 0 when id is undefined[32m 1[2mms[22m[39m
 [32m笨・[39m src/features/meeting-minutes/sp/__tests__/mapItemToMinutes.spec.ts[2m > [22mmapItemToMinutes[2m > [22mid[2m > [22mshould use 0 when id results in NaN[32m 1[2mms[22m[39m
 [32m笨・[39m src/features/meeting-minutes/sp/__tests__/mapItemToMinutes.spec.ts[2m > [22mmapItemToMinutes[2m > [22mid[2m > [22mshould use 0 when id is null[32m 1[2mms[22m[39m
 [32m笨・[39m src/features/meeting-minutes/sp/__tests__/mapItemToMinutes.spec.ts[2m > [22mmapItemToMinutes[2m > [22mmeetingDate[2m > [22mshould slice datetime string to YYYY-MM-DD[32m 1[2mms[22m[39m
 [32m笨・[39m src/features/meeting-minutes/sp/__tests__/mapItemToMinutes.spec.ts[2m > [22mmapItemToMinutes[2m > [22mmeetingDate[2m > [22mshould keep YYYY-MM-DD string as-is (slice is idempotent)[32m 1[2mms[22m[39m
 [32m笨・[39m src/features/meeting-minutes/sp/__tests__/mapItemToMinutes.spec.ts[2m > [22mmapItemToMinutes[2m > [22mmeetingDate[2m > [22mshould return empty string when meetingDate is missing[32m 1[2mms[22m[39m
 [32m笨・[39m src/features/meeting-minutes/sp/__tests__/mapItemToMinutes.spec.ts[2m > [22mmapItemToMinutes[2m > [22mmeetingDate[2m > [22mshould return empty string when meetingDate is null[32m 1[2mms[22m[39m
 [32m笨・[39m src/features/meeting-minutes/sp/__tests__/mapItemToMinutes.spec.ts[2m > [22mmapItemToMinutes[2m > [22mcategory[2m > [22mshould use the given category value[32m 1[2mms[22m[39m
 [32m笨・[39m src/features/meeting-minutes/sp/__tests__/mapItemToMinutes.spec.ts[2m > [22mmapItemToMinutes[2m > [22mcategory[2m > [22mshould default to 閨ｷ蜩｡莨夊ｭｰ when category is missing[32m 1[2mms[22m[39m
 [32m笨・[39m src/features/meeting-minutes/sp/__tests__/mapItemToMinutes.spec.ts[2m > [22mmapItemToMinutes[2m > [22mcategory[2m > [22mshould default to 閨ｷ蜩｡莨夊ｭｰ when category is null[32m 1[2mms[22m[39m
 [32m笨・[39m src/features/meeting-minutes/sp/__tests__/mapItemToMinutes.spec.ts[2m > [22mmapItemToMinutes[2m > [22mcategory[2m > [22mshould default to 閨ｷ蜩｡莨夊ｭｰ when category is a number[32m 1[2mms[22m[39m
 [32m笨・[39m src/features/meeting-minutes/sp/__tests__/mapItemToMinutes.spec.ts[2m > [22mmapItemToMinutes[2m > [22misPublished[2m > [22mshould return true when isPublished is true[32m 1[2mms[22m[39m
 [32m笨・[39m src/features/meeting-minutes/sp/__tests__/mapItemToMinutes.spec.ts[2m > [22mmapItemToMinutes[2m > [22misPublished[2m > [22mshould return false when isPublished is false[32m 1[2mms[22m[39m
 [32m笨・[39m src/features/meeting-minutes/sp/__tests__/mapItemToMinutes.spec.ts[2m > [22mmapItemToMinutes[2m > [22misPublished[2m > [22mshould default to true when isPublished is missing[32m 1[2mms[22m[39m
 [32m笨・[39m src/features/meeting-minutes/sp/__tests__/mapItemToMinutes.spec.ts[2m > [22mmapItemToMinutes[2m > [22misPublished[2m > [22mshould default to true when isPublished is null[32m 1[2mms[22m[39m
 [32m笨・[39m src/features/meeting-minutes/sp/__tests__/mapItemToMinutes.spec.ts[2m > [22mmapItemToMinutes[2m > [22misPublished[2m > [22mshould default to true when isPublished is a string (non-boolean)[32m 1[2mms[22m[39m
 [32m笨・[39m src/features/meeting-minutes/sp/__tests__/mapItemToMinutes.spec.ts[2m > [22mmapItemToMinutes[2m > [22mattendees[2m > [22mshould parse JSON string array[32m 2[2mms[22m[39m
 [32m笨・[39m src/features/meeting-minutes/sp/__tests__/mapItemToMinutes.spec.ts[2m > [22mmapItemToMinutes[2m > [22mattendees[2m > [22mshould return empty array on invalid JSON string[32m 1[2mms[22m[39m
 [32m笨・[39m src/features/meeting-minutes/sp/__tests__/mapItemToMinutes.spec.ts[2m > [22mmapItemToMinutes[2m > [22mattendees[2m > [22mshould return empty array on empty JSON string[32m 1[2mms[22m[39m
 [32m笨・[39m src/features/meeting-minutes/sp/__tests__/mapItemToMinutes.spec.ts[2m > [22mmapItemToMinutes[2m > [22mattendees[2m > [22mshould accept a native string array directly (no JSON encoding)[32m 1[2mms[22m[39m
 [32m笨・[39m src/features/meeting-minutes/sp/__tests__/mapItemToMinutes.spec.ts[2m > [22mmapItemToMinutes[2m > [22mattendees[2m > [22mshould filter out non-string entries from a native array[32m 1[2mms[22m[39m
 [32m笨・[39m src/features/meeting-minutes/sp/__tests__/mapItemToMinutes.spec.ts[2m > [22mmapItemToMinutes[2m > [22mattendees[2m > [22mshould return empty array when attendees is missing[32m 1[2mms[22m[39m
 [32m笨・[39m src/features/meeting-minutes/sp/__tests__/mapItemToMinutes.spec.ts[2m > [22mmapItemToMinutes[2m > [22mattendees[2m > [22mshould return empty array when attendees is null[32m 1[2mms[22m[39m
 [32m笨・[39m src/features/meeting-minutes/sp/__tests__/mapItemToMinutes.spec.ts[2m > [22mmapItemToMinutes[2m > [22m譁・ｭ怜・繝輔ぅ繝ｼ繝ｫ繝画ｬ謳肴凾縺ｮ繝・ヵ繧ｩ繝ｫ繝・[2m > [22mshould default title to '' when missing[32m 1[2mms[22m[39m
 [32m笨・[39m src/features/meeting-minutes/sp/__tests__/mapItemToMinutes.spec.ts[2m > [22mmapItemToMinutes[2m > [22m譁・ｭ怜・繝輔ぅ繝ｼ繝ｫ繝画ｬ謳肴凾縺ｮ繝・ヵ繧ｩ繝ｫ繝・[2m > [22mshould default summary to '' when missing[32m 0[2mms[22m[39m
 [32m笨・[39m src/features/meeting-minutes/sp/__tests__/mapItemToMinutes.spec.ts[2m > [22mmapItemToMinutes[2m > [22m譁・ｭ怜・繝輔ぅ繝ｼ繝ｫ繝画ｬ謳肴凾縺ｮ繝・ヵ繧ｩ繝ｫ繝・[2m > [22mshould default decisions to '' when missing[32m 1[2mms[22m[39m
 [32m笨・[39m src/features/meeting-minutes/sp/__tests__/mapItemToMinutes.spec.ts[2m > [22mmapItemToMinutes[2m > [22m譁・ｭ怜・繝輔ぅ繝ｼ繝ｫ繝画ｬ謳肴凾縺ｮ繝・ヵ繧ｩ繝ｫ繝・[2m > [22mshould default actions to '' when missing[32m 0[2mms[22m[39m
 [32m笨・[39m src/features/meeting-minutes/sp/__tests__/mapItemToMinutes.spec.ts[2m > [22mmapItemToMinutes[2m > [22m譁・ｭ怜・繝輔ぅ繝ｼ繝ｫ繝画ｬ謳肴凾縺ｮ繝・ヵ繧ｩ繝ｫ繝・[2m > [22mshould default tags to '' when missing[32m 0[2mms[22m[39m
 [32m笨・[39m src/features/meeting-minutes/sp/__tests__/mapItemToMinutes.spec.ts[2m > [22mmapItemToMinutes[2m > [22m譁・ｭ怜・繝輔ぅ繝ｼ繝ｫ繝画ｬ謳肴凾縺ｮ繝・ヵ繧ｩ繝ｫ繝・[2m > [22mshould default relatedLinks to '' when missing[32m 0[2mms[22m[39m
 [32m笨・[39m src/features/meeting-minutes/sp/__tests__/mapItemToMinutes.spec.ts[2m > [22mmapItemToMinutes[2m > [22m譁・ｭ怜・繝輔ぅ繝ｼ繝ｫ繝画ｬ謳肴凾縺ｮ繝・ヵ繧ｩ繝ｫ繝・[2m > [22mshould default chair to '' when missing[32m 0[2mms[22m[39m
 [32m笨・[39m src/features/meeting-minutes/sp/__tests__/mapItemToMinutes.spec.ts[2m > [22mmapItemToMinutes[2m > [22m譁・ｭ怜・繝輔ぅ繝ｼ繝ｫ繝画ｬ謳肴凾縺ｮ繝・ヵ繧ｩ繝ｫ繝・[2m > [22mshould default scribe to '' when missing[32m 0[2mms[22m[39m
 [32m笨・[39m src/features/meeting-minutes/sp/__tests__/mapItemToMinutes.spec.ts[2m > [22mmapItemToMinutes[2m > [22m譁・ｭ怜・繝輔ぅ繝ｼ繝ｫ繝画ｬ謳肴凾縺ｮ繝・ヵ繧ｩ繝ｫ繝・[2m > [22mshould default staffAttendance to '' when missing[32m 0[2mms[22m[39m
 [32m笨・[39m src/features/meeting-minutes/sp/__tests__/mapItemToMinutes.spec.ts[2m > [22mmapItemToMinutes[2m > [22m譁・ｭ怜・繝輔ぅ繝ｼ繝ｫ繝画ｬ謳肴凾縺ｮ繝・ヵ繧ｩ繝ｫ繝・[2m > [22mshould default userHealthNotes to '' when missing[32m 0[2mms[22m[39m
 [32m笨・[39m src/features/meeting-minutes/sp/__tests__/mapItemToMinutes.spec.ts[2m > [22mmapItemToMinutes[2m > [22mcreated / modified (逵∫払蜿ｯ閭ｽ)[2m > [22mshould return the created string when present[32m 0[2mms[22m[39m
 [32m笨・[39m src/features/meeting-minutes/sp/__tests__/mapItemToMinutes.spec.ts[2m > [22mmapItemToMinutes[2m > [22mcreated / modified (逵∫払蜿ｯ閭ｽ)[2m > [22mshould return undefined when created is missing[32m 1[2mms[22m[39m
 [32m笨・[39m src/features/meeting-minutes/sp/__tests__/mapItemToMinutes.spec.ts[2m > [22mmapItemToMinutes[2m > [22mcreated / modified (逵∫払蜿ｯ閭ｽ)[2m > [22mshould return undefined when modified is missing[32m 1[2mms[22m[39m
 [32m笨・[39m src/features/today/hooks/__tests__/useTodayScheduleLanes.spec.ts[2m > [22museTodayScheduleLanes 窶・referential stability[2m > [22mreturns the same object reference on rerender when inputs are unchanged[32m 23[2mms[22m[39m
 [32m笨・[39m src/features/today/hooks/__tests__/useTodayScheduleLanes.spec.ts[2m > [22museTodayScheduleLanes 窶・referential stability[2m > [22mreturns the same lanes reference when data is empty on every render[32m 4[2mms[22m[39m
 [32m笨・[39m src/features/today/hooks/__tests__/useTodayScheduleLanes.spec.ts[2m > [22museTodayScheduleLanes 窶・referential stability[2m > [22mreturns a new reference only when underlying data changes[32m 5[2mms[22m[39m
 [32m笨・[39m src/features/tag-analytics/domain/__tests__/tagTrendAlerts.spec.ts[2m > [22mdetectTagTrends - 蝓ｺ譛ｬ[2m > [22m遨ｺ蜈･蜉・竊・繧｢繝ｩ繝ｼ繝医↑縺・[32m 6[2mms[22m[39m
 [32m笨・[39m src/features/tag-analytics/domain/__tests__/tagTrendAlerts.spec.ts[2m > [22mdetectTagTrends - 蝓ｺ譛ｬ[2m > [22m蜷後§繧ｫ繧ｦ繝ｳ繝・竊・繧｢繝ｩ繝ｼ繝医↑縺・[32m 1[2mms[22m[39m
 [32m笨・[39m src/features/tag-analytics/domain/__tests__/tagTrendAlerts.spec.ts[2m > [22mdetectTagTrends - spike[2m > [22m譌･谺｡蟷ｳ蝮・′2蛟堺ｻ･荳・竊・spike[32m 2[2mms[22m[39m
 [32m笨・[39m src/features/tag-analytics/domain/__tests__/tagTrendAlerts.spec.ts[2m > [22mdetectTagTrends - spike[2m > [22m譌･谺｡蟷ｳ蝮・′2蛟肴悴貅 竊・spike 縺ｪ縺・[32m 1[2mms[22m[39m
 [32m笨・[39m src/features/tag-analytics/domain/__tests__/tagTrendAlerts.spec.ts[2m > [22mdetectTagTrends - spike[2m > [22mminCount 譛ｪ貅 竊・spike 髯､螟・[32m 1[2mms[22m[39m
 [32m笨・[39m src/features/tag-analytics/domain/__tests__/tagTrendAlerts.spec.ts[2m > [22mdetectTagTrends - spike[2m > [22m隍・焚 spike 竊・changeRate 髯埼・[32m 1[2mms[22m[39m
 [32m笨・[39m src/features/tag-analytics/domain/__tests__/tagTrendAlerts.spec.ts[2m > [22mdetectTagTrends - spike[2m > [22mspike 縺ｮ繝｡繝・そ繝ｼ繧ｸ縺ｫ +% 縺悟性縺ｾ繧後ｋ[32m 1[2mms[22m[39m
 [32m笨・[39m src/features/tag-analytics/domain/__tests__/tagTrendAlerts.spec.ts[2m > [22mdetectTagTrends - drop[2m > [22mbaseline 縺ｫ縺ゅｋ縺・current 縺ｫ 0 竊・drop[32m 1[2mms[22m[39m
 [32m笨・[39m src/features/tag-analytics/domain/__tests__/tagTrendAlerts.spec.ts[2m > [22mdetectTagTrends - drop[2m > [22mbaseline 縺・minCount 譛ｪ貅 竊・drop 髯､螟・[32m 1[2mms[22m[39m
 [32m笨・[39m src/features/tag-analytics/domain/__tests__/tagTrendAlerts.spec.ts[2m > [22mdetectTagTrends - drop[2m > [22mdetectDrops = false 竊・drop 繧堤┌隕・[32m 1[2mms[22m[39m
 [32m笨・[39m src/features/tag-analytics/domain/__tests__/tagTrendAlerts.spec.ts[2m > [22mdetectTagTrends - drop[2m > [22mdrop 縺ｮ繝｡繝・そ繝ｼ繧ｸ縺ｫ縲梧ｶ亥､ｱ縲阪′蜷ｫ縺ｾ繧後ｋ[32m 1[2mms[22m[39m
 [32m笨・[39m src/features/tag-analytics/domain/__tests__/tagTrendAlerts.spec.ts[2m > [22mdetectTagTrends - new[2m > [22mcurrent 縺ｫ縺ｮ縺ｿ蟄伜惠 竊・new[32m 1[2mms[22m[39m
 [32m笨・[39m src/features/tag-analytics/domain/__tests__/tagTrendAlerts.spec.ts[2m > [22mdetectTagTrends - new[2m > [22mdetectNew = false 竊・new 繧堤┌隕・[32m 1[2mms[22m[39m
 [32m笨・[39m src/features/tag-analytics/domain/__tests__/tagTrendAlerts.spec.ts[2m > [22mdetectTagTrends - new[2m > [22mnew 縺ｮ繝｡繝・そ繝ｼ繧ｸ縺ｫ縲梧眠隕丞・迴ｾ縲阪′蜷ｫ縺ｾ繧後ｋ[32m 1[2mms[22m[39m
 [32m笨・[39m src/features/tag-analytics/domain/__tests__/tagTrendAlerts.spec.ts[2m > [22mdetectTagTrends - new[2m > [22mcurrent = 0 & baseline = 0 竊・縺ｩ繧後↓繧りｩｲ蠖薙＠縺ｪ縺・[32m 1[2mms[22m[39m
 [32m笨・[39m src/features/tag-analytics/domain/__tests__/tagTrendAlerts.spec.ts[2m > [22mdetectTagTrends - all 繧ｽ繝ｼ繝・[2m > [22mwarning 縺・info 繧医ｊ蜈・[32m 1[2mms[22m[39m
 [32m笨・[39m src/features/tag-analytics/domain/__tests__/tagTrendAlerts.spec.ts[2m > [22mdetectTagTrends - all 繧ｽ繝ｼ繝・[2m > [22mhasAlerts 縺後い繝ｩ繝ｼ繝医≠繧翫・譎・true[32m 1[2mms[22m[39m
 [32m笨・[39m src/features/tag-analytics/domain/__tests__/tagTrendAlerts.spec.ts[2m > [22mdetectTagTrends - 髢ｾ蛟､繧ｫ繧ｹ繧ｿ繝槭う繧ｺ[2m > [22mspikeMultiplier 繧剃ｸ九￡繧九→讀懃衍縺励ｄ縺吶￥縺ｪ繧・[32m 1[2mms[22m[39m
 [32m笨・[39m src/features/tag-analytics/domain/__tests__/tagTrendAlerts.spec.ts[2m > [22mdetectTagTrends - 髢ｾ蛟､繧ｫ繧ｹ繧ｿ繝槭う繧ｺ[2m > [22mminCount 繧剃ｸ翫￡繧九→繝弱う繧ｺ縺碁勁螟悶＆繧後ｋ[32m 1[2mms[22m[39m
 [32m笨・[39m src/features/tag-analytics/domain/__tests__/tagTrendAlerts.spec.ts[2m > [22mdetectTagTrends - 髢ｾ蛟､繧ｫ繧ｹ繧ｿ繝槭う繧ｺ[2m > [22mDEFAULT_THRESHOLDS 縺後お繧ｯ繧ｹ繝昴・繝医＆繧後※縺・ｋ[32m 1[2mms[22m[39m
 [32m笨・[39m src/features/tag-analytics/domain/__tests__/tagTrendAlerts.spec.ts[2m > [22mdetectTagTrends - 繧ｿ繧ｰ諠・ｱ[2m > [22m譌｢遏･繧ｿ繧ｰ 竊・繝ｩ繝吶Ν縺ｨ繧ｫ繝・ざ繝ｪ縺梧ｭ｣縺励＞[32m 1[2mms[22m[39m
 [32m笨・[39m src/features/tag-analytics/domain/__tests__/tagTrendAlerts.spec.ts[2m > [22mdetectTagTrends - 繧ｿ繧ｰ諠・ｱ[2m > [22m荳肴・繧ｿ繧ｰ 竊・key 縺後◎縺ｮ縺ｾ縺ｾ label 縺ｫ[32m 1[2mms[22m[39m
 [32m笨・[39m src/features/tag-analytics/domain/__tests__/tagTrendAlerts.spec.ts[2m > [22mdetectTagTrends - F2.5 繝弱う繧ｺ蛻ｶ蠕｡[2m > [22mminNewCount 窶・1蝗槭□縺代・ new 縺ｯ繝弱う繧ｺ縺ｨ縺励※髯､螟・[32m 1[2mms[22m[39m
 [32m笨・[39m src/features/tag-analytics/domain/__tests__/tagTrendAlerts.spec.ts[2m > [22mdetectTagTrends - F2.5 繝弱う繧ｺ蛻ｶ蠕｡[2m > [22mminNewCount 窶・2蝗樔ｻ･荳翫↑繧・new 縺ｨ縺励※讀懃衍[32m 1[2mms[22m[39m
 [32m笨・[39m src/features/tag-analytics/domain/__tests__/tagTrendAlerts.spec.ts[2m > [22mdetectTagTrends - F2.5 繝弱う繧ｺ蛻ｶ蠕｡[2m > [22mminNewCount 繧ｫ繧ｹ繧ｿ繝槭う繧ｺ[32m 1[2mms[22m[39m
 [32m笨・[39m src/features/tag-analytics/domain/__tests__/tagTrendAlerts.spec.ts[2m > [22mdetectTagTrends - F2.5 繝弱う繧ｺ蛻ｶ蠕｡[2m > [22mmaxPerType 窶・蜷・ｨｮ鬘樊怙螟ｧ3莉ｶ縺ｫ蛻ｶ髯・[32m 1[2mms[22m[39m
 [32m笨・[39m src/features/tag-analytics/domain/__tests__/tagTrendAlerts.spec.ts[2m > [22mdetectTagTrends - F2.5 繝弱う繧ｺ蛻ｶ蠕｡[2m > [22mmaxPerType 繧ｫ繧ｹ繧ｿ繝槭う繧ｺ[32m 1[2mms[22m[39m
 [32m笨・[39m src/features/tag-analytics/domain/__tests__/tagTrendAlerts.spec.ts[2m > [22mdetectTagTrends - F2.5 繝弱う繧ｺ蛻ｶ蠕｡[2m > [22mmaxAlerts 窶・蜈ｨ菴薙〒譛螟ｧ5莉ｶ縺ｫ蛻ｶ髯・[32m 1[2mms[22m[39m
 [32m笨・[39m src/features/tag-analytics/domain/__tests__/tagTrendAlerts.spec.ts[2m > [22mdetectTagTrends - F2.5 繝弱う繧ｺ蛻ｶ蠕｡[2m > [22mtruncatedCount 窶・蛻・ｊ謐ｨ縺ｦ莉ｶ謨ｰ縺梧ｭ｣遒ｺ[32m 1[2mms[22m[39m
 [32m笨・[39m src/features/tag-analytics/domain/__tests__/tagTrendAlerts.spec.ts[2m > [22mdetectTagTrends - F2.5 繝弱う繧ｺ蛻ｶ蠕｡[2m > [22mtruncatedCount 窶・蛻・ｊ謐ｨ縺ｦ縺ｪ縺励・蝣ｴ蜷医・ 0[32m 1[2mms[22m[39m
 [32m笨・[39m src/features/tag-analytics/domain/__tests__/tagTrendAlerts.spec.ts[2m > [22mdetectTagTrends - F2.5 繝弱う繧ｺ蛻ｶ蠕｡[2m > [22mmaxAlerts = 0 竊・蜈ｨ縺ｦ蛻・ｊ謐ｨ縺ｦ[32m 1[2mms[22m[39m
 [32m笨・[39m src/domain/bridge/__tests__/meetingEvidenceDraft.spec.ts[2m > [22msummarizeABCPatterns[2m > [22m遨ｺ驟榊・ 竊・null[32m 4[2mms[22m[39m
 [32m笨・[39m src/domain/bridge/__tests__/meetingEvidenceDraft.spec.ts[2m > [22msummarizeABCPatterns[2m > [22m蜈郁｡御ｺ玖ｱ｡縺ｮ鬆ｻ蠎ｦ Top 繧呈ｭ｣縺励￥髮・ｨ・[32m 3[2mms[22m[39m
 [32m笨・[39m src/domain/bridge/__tests__/meetingEvidenceDraft.spec.ts[2m > [22msummarizeABCPatterns[2m > [22m邨先棡莠玖ｱ｡縺ｮ鬆ｻ蠎ｦ Top 繧呈ｭ｣縺励￥髮・ｨ・[32m 1[2mms[22m[39m
 [32m笨・[39m src/domain/bridge/__tests__/meetingEvidenceDraft.spec.ts[2m > [22msummarizeABCPatterns[2m > [22m謗ｨ螳壽ｩ溯・繧呈ｭ｣縺励￥蛻・ｸ・寔險・[32m 2[2mms[22m[39m
 [32m笨・[39m src/domain/bridge/__tests__/meetingEvidenceDraft.spec.ts[2m > [22msummarizeABCPatterns[2m > [22m遨ｺ譁・ｭ励・蜈郁｡御ｺ玖ｱ｡繝ｻ邨先棡莠玖ｱ｡縺ｯ辟｡隕・[32m 1[2mms[22m[39m
 [32m笨・[39m src/domain/bridge/__tests__/meetingEvidenceDraft.spec.ts[2m > [22msummarizeABCPatterns[2m > [22mmaxItems 縺ｧ繧ｫ繝・ヨ[32m 1[2mms[22m[39m
 [32m笨・[39m src/domain/bridge/__tests__/meetingEvidenceDraft.spec.ts[2m > [22msummarizeStrategyUsage[2m > [22m謌ｦ逡･蜿ら・縺ｪ縺・竊・null[32m 1[2mms[22m[39m
 [32m笨・[39m src/domain/bridge/__tests__/meetingEvidenceDraft.spec.ts[2m > [22msummarizeStrategyUsage[2m > [22m豁｣縺励￥螳滓命邇・ｒ險育ｮ・[32m 1[2mms[22m[39m
 [32m笨・[39m src/domain/bridge/__tests__/meetingEvidenceDraft.spec.ts[2m > [22msummarizeStrategyUsage[2m > [22m繧ｫ繝・ざ繝ｪ蛻･縺ｫ髮・ｨ・[32m 1[2mms[22m[39m
 [32m笨・[39m src/domain/bridge/__tests__/meetingEvidenceDraft.spec.ts[2m > [22msummarizeStrategyUsage[2m > [22mTop 謌ｦ逡･繧呈ｭ｣縺励￥霑斐☆[32m 1[2mms[22m[39m
 [32m笨・[39m src/domain/bridge/__tests__/meetingEvidenceDraft.spec.ts[2m > [22msummarizeStrategyUsage[2m > [22mapplied=false 縺ｮ謌ｦ逡･縺ｯ繧ｫ繝・ざ繝ｪ髮・ｨ医↓蜷ｫ縺ｾ縺ｪ縺・[32m 1[2mms[22m[39m
 [32m笨・[39m src/domain/bridge/__tests__/meetingEvidenceDraft.spec.ts[2m > [22mbuildMeetingEvidenceDraft[2m > [22m蜈ｨ繧ｽ繝ｼ繧ｹ遨ｺ 竊・sourceCount: 0, fullText 遨ｺ[32m 1[2mms[22m[39m
 [32m笨・[39m src/domain/bridge/__tests__/meetingEvidenceDraft.spec.ts[2m > [22mbuildMeetingEvidenceDraft[2m > [22m譌･谺｡險倬鹸縺ｮ縺ｿ 竊・1繧ｻ繧ｯ繧ｷ繝ｧ繝ｳ[32m 1[2mms[22m[39m
 [32m笨・[39m src/domain/bridge/__tests__/meetingEvidenceDraft.spec.ts[2m > [22mbuildMeetingEvidenceDraft[2m > [22m蝠城｡瑚｡悟虚蠅怜刈 竊・severity warning[32m 1[2mms[22m[39m
 [32m笨・[39m src/domain/bridge/__tests__/meetingEvidenceDraft.spec.ts[2m > [22mbuildMeetingEvidenceDraft[2m > [22m蝠城｡瑚｡悟虚讓ｪ縺ｰ縺・竊・severity neutral[32m 1[2mms[22m[39m
 [32m笨・[39m src/domain/bridge/__tests__/meetingEvidenceDraft.spec.ts[2m > [22mbuildMeetingEvidenceDraft[2m > [22m蝠城｡瑚｡悟虚縺ｪ縺・竊・"險倬鹸縺ｪ縺・ 繝・く繧ｹ繝・[32m 1[2mms[22m[39m
 [32m笨・[39m src/domain/bridge/__tests__/meetingEvidenceDraft.spec.ts[2m > [22mbuildMeetingEvidenceDraft[2m > [22m譏ｼ鬟溘ョ繝ｼ繧ｿ縺ゅｊ縺ｮ蝣ｴ蜷医・螳牙ｮ壼ｺｦ陦ｨ遉ｺ[32m 1[2mms[22m[39m
 [32m笨・[39m src/domain/bridge/__tests__/meetingEvidenceDraft.spec.ts[2m > [22mbuildMeetingEvidenceDraft[2m > [22m繧｢繝ｩ繝ｼ繝医・縺ｿ 竊・alert 繧ｻ繧ｯ繧ｷ繝ｧ繝ｳ[32m 1[2mms[22m[39m
 [32m笨・[39m src/domain/bridge/__tests__/meetingEvidenceDraft.spec.ts[2m > [22mbuildMeetingEvidenceDraft[2m > [22minfo 縺ｮ縺ｿ縺ｮ繧｢繝ｩ繝ｼ繝・竊・severity info[32m 1[2mms[22m[39m
 [32m笨・[39m src/domain/bridge/__tests__/meetingEvidenceDraft.spec.ts[2m > [22mbuildMeetingEvidenceDraft[2m > [22mABC繝代ち繝ｼ繝ｳ 竊・abc 繧ｻ繧ｯ繧ｷ繝ｧ繝ｳ[32m 1[2mms[22m[39m
 [32m笨・[39m src/domain/bridge/__tests__/meetingEvidenceDraft.spec.ts[2m > [22mbuildMeetingEvidenceDraft[2m > [22m謌ｦ逡･螳溽ｸｾ 竊・strategy 繧ｻ繧ｯ繧ｷ繝ｧ繝ｳ[32m 1[2mms[22m[39m
 [32m笨・[39m src/domain/bridge/__tests__/meetingEvidenceDraft.spec.ts[2m > [22mbuildMeetingEvidenceDraft[2m > [22m螳滓命邇・0%譛ｪ貅 竊・warning[32m 1[2mms[22m[39m
 [32m笨・[39m src/domain/bridge/__tests__/meetingEvidenceDraft.spec.ts[2m > [22mbuildMeetingEvidenceDraft[2m > [22m螳滓命邇・0%莉･荳・竊・info[32m 1[2mms[22m[39m
 [32m笨・[39m src/domain/bridge/__tests__/meetingEvidenceDraft.spec.ts[2m > [22mbuildMeetingEvidenceDraft[2m > [22m蜈ｨ繧ｽ繝ｼ繧ｹ縺ゅｊ 竊・4繧ｻ繧ｯ繧ｷ繝ｧ繝ｳ, fullText 縺ｫ繝倥ャ繝繝ｼ蜷ｫ繧[32m 1[2mms[22m[39m
 [32m笨・[39m src/domain/bridge/__tests__/meetingEvidenceDraft.spec.ts[2m > [22mbuildMeetingEvidenceDraft[2m > [22m繧ｻ繧ｯ繧ｷ繝ｧ繝ｳ鬆・ｺ上・蟶ｸ縺ｫ daily 竊・alert 竊・abc 竊・strategy[32m 1[2mms[22m[39m
 [32m笨・[39m src/domain/bridge/__tests__/meetingEvidenceDraft.spec.ts[2m > [22mbuildMeetingEvidenceDraft[2m > [22m髟ｷ縺・姶逡･繝・く繧ｹ繝医・30譁・ｭ励〒蛻・ｊ謐ｨ縺ｦ[32m 1[2mms[22m[39m
 [32m笨・[39m src/features/dashboard/briefing/__tests__/constants.test.ts[2m > [22mresolveDefaultTab[2m > [22mnavState.tab 縺後≠繧後・縺昴■繧峨ｒ蜆ｪ蜈医☆繧・[32m 5[2mms[22m[39m
 [32m笨・[39m src/features/dashboard/briefing/__tests__/constants.test.ts[2m > [22mresolveDefaultTab[2m > [22mnavTab=undefined 縺九▽ 13:59 竊・morning[32m 1[2mms[22m[39m
 [32m笨・[39m src/features/dashboard/briefing/__tests__/constants.test.ts[2m > [22mresolveDefaultTab[2m > [22mnavTab=undefined 縺九▽ 14:00 竊・evening[32m 1[2mms[22m[39m
 [32m笨・[39m src/features/dashboard/briefing/__tests__/constants.test.ts[2m > [22mresolveDefaultTab[2m > [22mnavTab=undefined 縺九▽ 0:00・域ｷｱ螟懶ｼ・竊・morning[32m 1[2mms[22m[39m
 [32m笨・[39m src/features/dashboard/briefing/__tests__/constants.test.ts[2m > [22mresolveDefaultTab[2m > [22mnavTab=undefined 縺九▽ 23:59 竊・evening[32m 1[2mms[22m[39m
 [32m笨・[39m src/features/dashboard/briefing/__tests__/constants.test.ts[2m > [22mresolveDefaultTab[2m > [22mnavTab=undefined 縺ｧ now 逵∫払譎ゅ・繝・ヵ繧ｩ繝ｫ繝・Date 縺御ｽｿ繧上ｌ繧具ｼ医お繝ｩ繝ｼ縺ｫ縺ｪ繧峨↑縺・ｼ・[32m 3[2mms[22m[39m
 [32m笨・[39m src/features/dashboard/briefing/__tests__/constants.test.ts[2m > [22mresolveDefaultTab[2m > [22m髱櫁｡ｨ遉ｺ繧ｿ繝門､ management 縺梧ｸ｡縺輔ｌ縺溘ｉ譎る俣蟶ｯ繝輔か繝ｼ繝ｫ繝舌ャ繧ｯ縺吶ｋ[32m 1[2mms[22m[39m
 [32m笨・[39m src/features/dashboard/briefing/__tests__/constants.test.ts[2m > [22mresolveDefaultTab[2m > [22m髱櫁｡ｨ遉ｺ繧ｿ繝門､ profile 縺梧ｸ｡縺輔ｌ縺溘ｉ譎る俣蟶ｯ繝輔か繝ｼ繝ｫ繝舌ャ繧ｯ縺吶ｋ[32m 1[2mms[22m[39m
 [32m笨・[39m src/features/dashboard/briefing/__tests__/constants.test.ts[2m > [22mstartOfWeek[2m > [22m譛域屆譌･閾ｪ霄ｫ繧呈ｸ｡縺吶→蜷梧律 00:00 繧定ｿ斐☆[32m 1[2mms[22m[39m
 [32m笨・[39m src/features/dashboard/briefing/__tests__/constants.test.ts[2m > [22mstartOfWeek[2m > [22m豌ｴ譖懈律繧呈ｸ｡縺吶→逶ｴ霑代・譛域屆繧定ｿ斐☆[32m 1[2mms[22m[39m
 [32m笨・[39m src/features/dashboard/briefing/__tests__/constants.test.ts[2m > [22mstartOfWeek[2m > [22m譌･譖懈律繧呈ｸ｡縺吶→蜑埼ｱ縺ｮ譛域屆繧定ｿ斐☆・・eekStart=1・・[32m 1[2mms[22m[39m
 [32m笨・[39m src/features/dashboard/briefing/__tests__/constants.test.ts[2m > [22mstartOfWeek[2m > [22m蝨滓屆譌･繧呈ｸ｡縺吶→蜷碁ｱ縺ｮ譛域屆繧定ｿ斐☆[32m 1[2mms[22m[39m
 [32m笨・[39m src/features/dashboard/briefing/__tests__/constants.test.ts[2m > [22mstartOfWeek[2m > [22mweekStart=0・域律譖憺幕蟋具ｼ峨〒譌･譖懆・霄ｫ繧呈ｸ｡縺吶→蜷梧律繧定ｿ斐☆[32m 1[2mms[22m[39m
 [32m笨・[39m src/features/dashboard/briefing/__tests__/constants.test.ts[2m > [22mstartOfWeek[2m > [22mweekStart=0・域律譖憺幕蟋具ｼ峨〒譛域屆繧呈ｸ｡縺吶→蜑肴律縺ｮ譌･譖懊ｒ霑斐☆[32m 1[2mms[22m[39m
 [32m笨・[39m src/features/dashboard/briefing/__tests__/constants.test.ts[2m > [22mstartOfWeek[2m > [22m譛郁ｷｨ縺弱・險育ｮ励′豁｣縺励＞・・譛・譌･ 豌ｴ譖・竊・2譛・7譌･ 譛域屆・・[32m 1[2mms[22m[39m
 [32m笨・[39m src/features/dashboard/briefing/__tests__/constants.test.ts[2m > [22mstartOfWeek[2m > [22m蜈・・ Date 繧ｪ繝悶ず繧ｧ繧ｯ繝医ｒ螟画峩縺励↑縺・ｼ・mmutable・・[32m 1[2mms[22m[39m
 [32m笨・[39m src/features/dashboard/briefing/__tests__/constants.test.ts[2m > [22mBRIEFING_TABS[2m > [22m4 繧ｿ繝門ｮ夂ｾｩ繧貞性繧[32m 1[2mms[22m[39m
 [32m笨・[39m src/features/dashboard/briefing/__tests__/constants.test.ts[2m > [22mBRIEFING_TABS[2m > [22m蜈ｨ繧ｿ繝悶・ value 縺ｯ BriefingTabValue 縺ｫ蜷ｫ縺ｾ繧後ｋ[32m 2[2mms[22m[39m
 [32m笨・[39m src/features/dashboard/briefing/__tests__/constants.test.ts[2m > [22mBRIEFING_TABS[2m > [22mlabel 縺檎ｩｺ譁・ｭ励〒縺ｪ縺・[32m 1[2mms[22m[39m
 [32m笨・[39m src/features/dashboard/briefing/__tests__/constants.test.ts[2m > [22mMEETING_GUIDES[2m > [22mmorning 縺ｨ evening 縺ｮ荳｡譁ｹ縺悟ｮ夂ｾｩ縺輔ｌ縺ｦ縺・ｋ[32m 1[2mms[22m[39m
 [32m笨・[39m src/features/dashboard/briefing/__tests__/constants.test.ts[2m > [22mMEETING_GUIDES[2m > [22msteps 縺檎ｩｺ縺ｧ縺ｪ縺・[32m 1[2mms[22m[39m
 [32m笨・[39m src/features/dashboard/briefing/__tests__/constants.test.ts[2m > [22mMEETING_GUIDES[2m > [22mtitle 縺梧悃莨・螟穂ｼ壹〒縺ゅｋ[32m 1[2mms[22m[39m
 [32m笨・[39m src/features/dashboard/briefing/__tests__/constants.test.ts[2m > [22mMEETING_CONFIG[2m > [22mmorning 縺ｨ evening 縺ｮ荳｡譁ｹ縺悟ｮ夂ｾｩ縺輔ｌ縺ｦ縺・ｋ[32m 1[2mms[22m[39m
 [32m笨・[39m src/features/dashboard/briefing/__tests__/constants.test.ts[2m > [22mMEETING_CONFIG[2m > [22mdayScope 縺梧ｭ｣縺励＞[32m 1[2mms[22m[39m
 [32m笨・[39m src/features/dashboard/briefing/__tests__/constants.test.ts[2m > [22mMEETING_CONFIG[2m > [22mchipLabel 縺梧悃莨・螟穂ｼ壹〒縺ゅｋ[32m 1[2mms[22m[39m
 [32m笨・[39m src/features/dashboard/briefing/__tests__/constants.test.ts[2m > [22mMEETING_CONFIG[2m > [22malertText 縺檎ｩｺ縺ｧ縺ｪ縺・[32m 1[2mms[22m[39m
 [32m笨・[39m src/features/dashboard/briefing/__tests__/constants.test.ts[2m > [22mMEETING_CONFIG[2m > [22mmorning 縺ｨ evening 縺ｧ alertText 縺檎焚縺ｪ繧・[32m 1[2mms[22m[39m
 [32m笨・[39m src/domain/isp/__tests__/evidencePatternAnalysis.spec.ts[2m > [22mgetEvidenceLinkCountsByStrategy[2m > [22mreturns zeros for empty map[32m 5[2mms[22m[39m
 [32m笨・[39m src/domain/isp/__tests__/evidencePatternAnalysis.spec.ts[2m > [22mgetEvidenceLinkCountsByStrategy[2m > [22mcounts correctly by type and strategy[32m 2[2mms[22m[39m
 [32m笨・[39m src/domain/isp/__tests__/evidencePatternAnalysis.spec.ts[2m > [22mgetTopLinkedAbcRecords[2m > [22mreturns empty for empty map[32m 1[2mms[22m[39m
 [32m笨・[39m src/domain/isp/__tests__/evidencePatternAnalysis.spec.ts[2m > [22mgetTopLinkedAbcRecords[2m > [22mranks by frequency across all strategies[32m 2[2mms[22m[39m
 [32m笨・[39m src/domain/isp/__tests__/evidencePatternAnalysis.spec.ts[2m > [22mgetTopLinkedAbcRecords[2m > [22mrespects topN parameter[32m 1[2mms[22m[39m
 [32m笨・[39m src/domain/isp/__tests__/evidencePatternAnalysis.spec.ts[2m > [22mgetTopLinkedAbcRecords[2m > [22mignores PDCA links[32m 1[2mms[22m[39m
 [32m笨・[39m src/domain/isp/__tests__/evidencePatternAnalysis.spec.ts[2m > [22mgetTopLinkedPdcaItems[2m > [22mreturns only PDCA links[32m 1[2mms[22m[39m
 [32m笨・[39m src/domain/isp/__tests__/evidencePatternAnalysis.spec.ts[2m > [22mgetTopSettings[2m > [22mreturns empty for empty records[32m 1[2mms[22m[39m
 [32m笨・[39m src/domain/isp/__tests__/evidencePatternAnalysis.spec.ts[2m > [22mgetTopSettings[2m > [22mranks settings by frequency[32m 1[2mms[22m[39m
 [32m笨・[39m src/domain/isp/__tests__/evidencePatternAnalysis.spec.ts[2m > [22mgetTopSettings[2m > [22mexcludes empty settings[32m 1[2mms[22m[39m
 [32m笨・[39m src/domain/isp/__tests__/evidencePatternAnalysis.spec.ts[2m > [22mgetTopBehaviors[2m > [22mranks behaviors by frequency[32m 1[2mms[22m[39m
 [32m笨・[39m src/domain/isp/__tests__/evidencePatternAnalysis.spec.ts[2m > [22mgetTopBehaviors[2m > [22mtruncates long behaviors[32m 1[2mms[22m[39m
 [32m笨・[39m src/domain/isp/__tests__/evidencePatternAnalysis.spec.ts[2m > [22mgetIntensityDistribution[2m > [22mreturns zeros for empty records[32m 1[2mms[22m[39m
 [32m笨・[39m src/domain/isp/__tests__/evidencePatternAnalysis.spec.ts[2m > [22mgetIntensityDistribution[2m > [22mcounts intensity levels correctly[32m 1[2mms[22m[39m
 [32m笨・[39m src/domain/isp/__tests__/evidencePatternAnalysis.spec.ts[2m > [22mgetStrategyIntensityProfiles[2m > [22mreturns profiles for all three strategies[32m 1[2mms[22m[39m
 [32m笨・[39m src/domain/isp/__tests__/evidencePatternAnalysis.spec.ts[2m > [22mgetStrategyIntensityProfiles[2m > [22mresolves intensity from linked ABC records[32m 1[2mms[22m[39m
 [32m笨・[39m src/domain/isp/__tests__/evidencePatternAnalysis.spec.ts[2m > [22mgetStrategyIntensityProfiles[2m > [22mskips links whose records do not exist in lookup[32m 1[2mms[22m[39m
 [32m笨・[39m src/domain/isp/__tests__/evidencePatternAnalysis.spec.ts[2m > [22mgetStrategyIntensityProfiles[2m > [22mignores PDCA links in intensity calculation[32m 1[2mms[22m[39m
 [32m笨・[39m src/domain/isp/__tests__/evidencePatternAnalysis.spec.ts[2m > [22mgetSettingBehaviorPatterns[2m > [22mreturns empty for empty data[32m 1[2mms[22m[39m
 [32m笨・[39m src/domain/isp/__tests__/evidencePatternAnalysis.spec.ts[2m > [22mgetSettingBehaviorPatterns[2m > [22midentifies setting ﾃ・behavior patterns with dominant strategy[32m 1[2mms[22m[39m
 [32m笨・[39m src/domain/isp/__tests__/evidencePatternAnalysis.spec.ts[2m > [22mgetSettingBehaviorPatterns[2m > [22mexcludes records without setting[32m 1[2mms[22m[39m
 [32m笨・[39m src/domain/isp/__tests__/evidencePatternAnalysis.spec.ts[2m > [22mbuildEvidencePatternSummary[2m > [22mgenerates a complete summary from empty data[32m 1[2mms[22m[39m
 [32m笨・[39m src/domain/isp/__tests__/evidencePatternAnalysis.spec.ts[2m > [22mbuildEvidencePatternSummary[2m > [22mgenerates a rich summary with populated data[32m 2[2mms[22m[39m
 [32m笨・[39m src/domain/isp/__tests__/evidencePatternAnalysis.spec.ts[2m > [22mbuildEvidencePatternSummary[2m > [22mrespects topN parameter[32m 1[2mms[22m[39m
 [32m笨・[39m src/domain/metrics/__tests__/proposalMetrics.spec.ts[2m > [22msafeRate[2m > [22m蛻・ｯ・0 縺ｮ縺ｨ縺・0 繧定ｿ斐☆[32m 4[2mms[22m[39m
 [32m笨・[39m src/domain/metrics/__tests__/proposalMetrics.spec.ts[2m > [22msafeRate[2m > [22m騾壼ｸｸ縺ｮ蜑ｲ蜷医ｒ蟆乗焚 1 譯√〒霑斐☆[32m 1[2mms[22m[39m
 [32m笨・[39m src/domain/metrics/__tests__/proposalMetrics.spec.ts[2m > [22msafeRate[2m > [22m100% 繧定ｿ斐☆[32m 1[2mms[22m[39m
 [32m笨・[39m src/domain/metrics/__tests__/proposalMetrics.spec.ts[2m > [22msafeRate[2m > [22m蟆乗焚繧剃ｸｸ繧√ｋ[32m 1[2mms[22m[39m
 [32m笨・[39m src/domain/metrics/__tests__/proposalMetrics.spec.ts[2m > [22mdaysBetween[2m > [22m蜷梧律縺ｯ 0 繧定ｿ斐☆[32m 1[2mms[22m[39m
 [32m笨・[39m src/domain/metrics/__tests__/proposalMetrics.spec.ts[2m > [22mdaysBetween[2m > [22m1 譌･蟾ｮ繧定ｿ斐☆[32m 1[2mms[22m[39m
 [32m笨・[39m src/domain/metrics/__tests__/proposalMetrics.spec.ts[2m > [22mdaysBetween[2m > [22m鬆・ｺ上↓萓晏ｭ倥＠縺ｪ縺・ｼ育ｵｶ蟇ｾ蛟､・・[32m 1[2mms[22m[39m
 [32m笨・[39m src/domain/metrics/__tests__/proposalMetrics.spec.ts[2m > [22mdaysBetween[2m > [22m蜊頑律蟾ｮ繧定ｿ斐☆[32m 1[2mms[22m[39m
 [32m笨・[39m src/domain/metrics/__tests__/proposalMetrics.spec.ts[2m > [22mmedian[2m > [22m遨ｺ驟榊・縺ｯ 0 繧定ｿ斐☆[32m 1[2mms[22m[39m
 [32m笨・[39m src/domain/metrics/__tests__/proposalMetrics.spec.ts[2m > [22mmedian[2m > [22m隕∫ｴ 1 縺､縺ｯ縺昴・縺ｾ縺ｾ霑斐☆[32m 1[2mms[22m[39m
 [32m笨・[39m src/domain/metrics/__tests__/proposalMetrics.spec.ts[2m > [22mmedian[2m > [22m螂・焚蛟九・荳ｭ螟ｮ蛟､繧定ｿ斐☆[32m 1[2mms[22m[39m
 [32m笨・[39m src/domain/metrics/__tests__/proposalMetrics.spec.ts[2m > [22mmedian[2m > [22m蛛ｶ謨ｰ蛟九・荳ｭ螟ｮ蛟､繧貞ｹｳ蝮・〒霑斐☆[32m 1[2mms[22m[39m
 [32m笨・[39m src/domain/metrics/__tests__/proposalMetrics.spec.ts[2m > [22mmedian[2m > [22m繧ｽ繝ｼ繝医＆繧後※縺・↑縺・・蛻励〒繧よｭ｣縺励＞[32m 1[2mms[22m[39m
 [32m笨・[39m src/domain/metrics/__tests__/proposalMetrics.spec.ts[2m > [22mcomputeProposalMetrics[2m > [22m遨ｺ驟榊・縺ｧ繧ゅお繝ｩ繝ｼ縺ｪ縺丞・謖・ｨ・0 繧定ｿ斐☆[32m 2[2mms[22m[39m
 [32m笨・[39m src/domain/metrics/__tests__/proposalMetrics.spec.ts[2m > [22mcomputeProposalMetrics[2m > [22m蝓ｺ譛ｬ逧・↑髮・ｨ医ｒ豁｣縺励￥險育ｮ励☆繧・[32m 1[2mms[22m[39m
 [32m笨・[39m src/domain/metrics/__tests__/proposalMetrics.spec.ts[2m > [22mcomputeProposalMetrics[2m > [22m蛻､譁ｭ騾溷ｺｦ繧呈ｭ｣縺励￥險育ｮ励☆繧・[32m 1[2mms[22m[39m
 [32m笨・[39m src/domain/metrics/__tests__/proposalMetrics.spec.ts[2m > [22mcomputeProposalMetrics[2m > [22mselectedFields 縺・undefined 縺ｮ accepted 縺ｧ繧ゅけ繝ｩ繝・す繝･縺励↑縺・[32m 1[2mms[22m[39m
 [32m笨・[39m src/domain/metrics/__tests__/proposalMetrics.spec.ts[2m > [22mbySource[2m > [22m3 繧ｽ繝ｼ繧ｹ縺吶∋縺ｦ縺瑚ｿ斐＆繧後ｋ[32m 3[2mms[22m[39m
 [32m笨・[39m src/domain/metrics/__tests__/proposalMetrics.spec.ts[2m > [22mbySource[2m > [22m繧ｽ繝ｼ繧ｹ蛻･縺ｮ謗｡逕ｨ邇・ｒ豁｣縺励￥險育ｮ励☆繧・[32m 1[2mms[22m[39m
 [32m笨・[39m src/domain/metrics/__tests__/proposalMetrics.spec.ts[2m > [22mdismissReasons[2m > [22m蜊ｴ荳九′縺ｪ縺・ｴ蜷医・遨ｺ驟榊・繧定ｿ斐☆[32m 1[2mms[22m[39m
 [32m笨・[39m src/domain/metrics/__tests__/proposalMetrics.spec.ts[2m > [22mdismissReasons[2m > [22m蜊ｴ荳狗炊逕ｱ繧呈ｭ｣縺励￥髮・ｨ医☆繧・[32m 1[2mms[22m[39m
 [32m笨・[39m src/domain/metrics/__tests__/proposalMetrics.spec.ts[2m > [22mdismissReasons[2m > [22mdismissReason 縺・undefined 縺ｮ蝣ｴ蜷・other 縺ｫ蛻・｡槭☆繧・[32m 1[2mms[22m[39m
 [32m笨・[39m src/domain/metrics/__tests__/proposalMetrics.spec.ts[2m > [22mbyUrgency[2m > [22m4 縺､縺ｮ邱頑･蠎ｦ縺吶∋縺ｦ縺瑚ｿ斐＆繧後ｋ[32m 1[2mms[22m[39m
 [32m笨・[39m src/domain/metrics/__tests__/proposalMetrics.spec.ts[2m > [22mbyUrgency[2m > [22m邱頑･蠎ｦ蛻･縺ｮ謗｡逕ｨ邇・ｒ豁｣縺励￥險育ｮ励☆繧・[32m 1[2mms[22m[39m
 [32m笨・[39m src/domain/metrics/__tests__/proposalMetrics.spec.ts[2m > [22mrealistic scenario[2m > [22m1 繝ｶ譛亥・縺ｮ驕狗畑繝・・繧ｿ繧呈ｭ｣縺励￥髮・ｨ医☆繧・[32m 2[2mms[22m[39m
 [32m笨・[39m src/domain/bridge/__tests__/workflowPhase.spec.ts[2m > [22mdetermineWorkflowPhase[2m > [22m蝓ｺ譛ｬ繝輔ぉ繝ｼ繧ｺ蛻､螳・[2m > [22m險育判繧ｷ繝ｼ繝医↑縺・竊・needs_assessment[32m 5[2mms[22m[39m
 [32m笨・[39m src/domain/bridge/__tests__/workflowPhase.spec.ts[2m > [22mdetermineWorkflowPhase[2m > [22m蝓ｺ譛ｬ繝輔ぉ繝ｼ繧ｺ蛻､螳・[2m > [22m險育判縺ゅｊ繝ｻ謇矩・↑縺・竊・needs_plan[32m 1[2mms[22m[39m
 [32m笨・[39m src/domain/bridge/__tests__/workflowPhase.spec.ts[2m > [22mdetermineWorkflowPhase[2m > [22m蝓ｺ譛ｬ繝輔ぉ繝ｼ繧ｺ蛻､螳・[2m > [22m險育判縺ゅｊ繝ｻ謇矩・≠繧翫・譛滄剞菴呵｣・竊・active_plan[32m 2[2mms[22m[39m
 [32m笨・[39m src/domain/bridge/__tests__/workflowPhase.spec.ts[2m > [22mdetermineWorkflowPhase[2m > [22m蝓ｺ譛ｬ繝輔ぉ繝ｼ繧ｺ蛻､螳・[2m > [22m繝｢繝九ち繝ｪ繝ｳ繧ｰ14譌･莉･蜀・竊・needs_monitoring[32m 1[2mms[22m[39m
 [32m笨・[39m src/domain/bridge/__tests__/workflowPhase.spec.ts[2m > [22mdetermineWorkflowPhase[2m > [22m蝓ｺ譛ｬ繝輔ぉ繝ｼ繧ｺ蛻､螳・[2m > [22m繝｢繝九ち繝ｪ繝ｳ繧ｰ雜・℃ 竊・monitoring_overdue[32m 1[2mms[22m[39m
 [32m笨・[39m src/domain/bridge/__tests__/workflowPhase.spec.ts[2m > [22mdetermineWorkflowPhase[2m > [22m蝓ｺ譛ｬ繝輔ぉ繝ｼ繧ｺ蛻､螳・[2m > [22m蜀崎ｩ穂ｾ｡譛ｪ蜿肴丐縺ゅｊ 竊・needs_reassessment[32m 1[2mms[22m[39m
 [32m笨・[39m src/domain/bridge/__tests__/workflowPhase.spec.ts[2m > [22mdetermineWorkflowPhase[2m > [22m蛻､螳夐・・蜆ｪ蜈亥ｺｦ[2m > [22m譛滄剞雜・℃縺ｨ蜀崎ｩ穂ｾ｡蠕・■縺御ｸ｡譁ｹ縺ゅｋ蝣ｴ蜷・竊・monitoring_overdue 縺悟━蜈・[32m 1[2mms[22m[39m
 [32m笨・[39m src/domain/bridge/__tests__/workflowPhase.spec.ts[2m > [22mdetermineWorkflowPhase[2m > [22m蛻､螳夐・・蜆ｪ蜈亥ｺｦ[2m > [22m蜀崎ｩ穂ｾ｡縺ｮ planChangeDecision 縺・no_change 縺ｪ繧・needs_reassessment 縺ｫ縺ｪ繧峨↑縺・[32m 2[2mms[22m[39m
 [32m笨・[39m src/domain/bridge/__tests__/workflowPhase.spec.ts[2m > [22mdetermineWorkflowPhase[2m > [22m蛻､螳夐・・蜆ｪ蜈亥ｺｦ[2m > [22m蜀崎ｩ穂ｾ｡譌･ <= reviewedAt 縺ｪ繧牙渚譏貂医∩縺ｨ縺ｿ縺ｪ縺・[32m 1[2mms[22m[39m
 [32m笨・[39m src/domain/bridge/__tests__/workflowPhase.spec.ts[2m > [22mdetermineWorkflowPhase[2m > [22m繧ｨ繝・ず繧ｱ繝ｼ繧ｹ[2m > [22mappliedFrom 荳榊惠譎ゅ・莉頑律繧偵ヵ繧ｩ繝ｼ繝ｫ繝舌ャ繧ｯ縺ｨ縺吶ｋ[32m 2[2mms[22m[39m
 [32m笨・[39m src/domain/bridge/__tests__/workflowPhase.spec.ts[2m > [22mdetermineWorkflowPhase[2m > [22m繧ｨ繝・ず繧ｱ繝ｼ繧ｹ[2m > [22mreviewCycleDays 譛ｪ險ｭ螳壽凾縺ｯ繝・ヵ繧ｩ繝ｫ繝・0譌･[32m 1[2mms[22m[39m
 [32m笨・[39m src/domain/bridge/__tests__/workflowPhase.spec.ts[2m > [22mdetermineWorkflowPhase[2m > [22m繧ｨ繝・ず繧ｱ繝ｼ繧ｹ[2m > [22m蠅・阜蛟､: 蠖捺律縺後Δ繝九ち繝ｪ繝ｳ繧ｰ譛滄剞譌･[32m 1[2mms[22m[39m
 [32m笨・[39m src/domain/bridge/__tests__/workflowPhase.spec.ts[2m > [22mdetermineWorkflowPhase[2m > [22m繧ｨ繝・ず繧ｱ繝ｼ繧ｹ[2m > [22m蠅・阜蛟､: 繝｢繝九ち繝ｪ繝ｳ繧ｰ14譌･縺｡繧・≧縺ｩ蜑・[32m 1[2mms[22m[39m
 [32m笨・[39m src/domain/bridge/__tests__/workflowPhase.spec.ts[2m > [22mdetermineWorkflowPhase[2m > [22m繧ｨ繝・ず繧ｱ繝ｼ繧ｹ[2m > [22m蠅・阜蛟､: 繝｢繝九ち繝ｪ繝ｳ繧ｰ15譌･蜑・竊・active_plan[32m 1[2mms[22m[39m
 [32m笨・[39m src/domain/bridge/__tests__/workflowPhase.spec.ts[2m > [22mdetermineWorkflowPhase[2m > [22m繧ｨ繝・ず繧ｱ繝ｼ繧ｹ[2m > [22m蛻ｩ逕ｨ閠・錐繧ИD谺謳肴凾縺ｧ繧り誠縺｡縺ｪ縺・[32m 1[2mms[22m[39m
 [32m笨・[39m src/domain/bridge/__tests__/workflowPhase.spec.ts[2m > [22mdetermineWorkflowPhase[2m > [22m繧ｨ繝・ず繧ｱ繝ｼ繧ｹ[2m > [22m隍・焚縺ｮ險育判繧ｷ繝ｼ繝医′縺ゅｋ蝣ｴ蜷医∥ctive + isCurrent 繧貞━蜈・[32m 1[2mms[22m[39m
 [32m笨・[39m src/domain/bridge/__tests__/workflowPhase.spec.ts[2m > [22mdetermineWorkflowPhase[2m > [22m繧ｨ繝・ず繧ｱ繝ｼ繧ｹ[2m > [22mcompleted milestone 縺後≠繧句ｴ蜷・(reviewedAt 菴ｿ逕ｨ) 縺ｮ繧ｹ繧ｱ繧ｸ繝･繝ｼ繝ｫ險育ｮ・[32m 1[2mms[22m[39m
 [32m笨・[39m src/domain/bridge/__tests__/workflowPhase.spec.ts[2m > [22mfindActiveSheet[2m > [22m遨ｺ驟榊・縺ｫ蟇ｾ縺励※ null 繧定ｿ斐☆[32m 1[2mms[22m[39m
 [32m笨・[39m src/domain/bridge/__tests__/workflowPhase.spec.ts[2m > [22mfindActiveSheet[2m > [22mactive + isCurrent 繧呈怙蜆ｪ蜈医〒霑斐☆[32m 1[2mms[22m[39m
 [32m笨・[39m src/domain/bridge/__tests__/workflowPhase.spec.ts[2m > [22mfindActiveSheet[2m > [22misCurrent 縺ｪ縺・竊・status=active 繧定ｿ斐☆[32m 1[2mms[22m[39m
 [32m笨・[39m src/domain/bridge/__tests__/workflowPhase.spec.ts[2m > [22mfindActiveSheet[2m > [22mactive 縺ｪ縺・竊・譛蛻昴・繧ｷ繝ｼ繝医ｒ霑斐☆[32m 1[2mms[22m[39m
 [32m笨・[39m src/domain/bridge/__tests__/workflowPhase.spec.ts[2m > [22msortByWorkflowPriority[2m > [22mpriority 譏・・〒繧ｽ繝ｼ繝医＆繧後ｋ[32m 1[2mms[22m[39m
 [32m笨・[39m src/domain/bridge/__tests__/workflowPhase.spec.ts[2m > [22msortByWorkflowPriority[2m > [22m蜷御ｸ priority 縺ｧ縺ｯ繝｢繝九ち繝ｪ繝ｳ繧ｰ谿区律謨ｰ縺ｮ譏・・[32m 1[2mms[22m[39m
 [32m笨・[39m src/domain/bridge/__tests__/workflowPhase.spec.ts[2m > [22mfilterActionRequired[2m > [22mactive_plan 繧帝勁螟悶☆繧・[32m 1[2mms[22m[39m
 [32m笨・[39m src/domain/bridge/__tests__/workflowPhase.spec.ts[2m > [22mtoPlanningWorkflowCardItem[2m > [22mneeds_assessment 竊・豁｣縺励＞繝ｩ繝吶Ν縺ｨ繝ｪ繝ｳ繧ｯ[32m 1[2mms[22m[39m
 [32m笨・[39m src/domain/bridge/__tests__/workflowPhase.spec.ts[2m > [22mtoPlanningWorkflowCardItem[2m > [22mneeds_plan 竊・豁｣縺励＞繝ｩ繝吶Ν縺ｨ繝ｪ繝ｳ繧ｯ[32m 1[2mms[22m[39m
 [32m笨・[39m src/domain/bridge/__tests__/workflowPhase.spec.ts[2m > [22mtoPlanningWorkflowCardItem[2m > [22mmonitoring_overdue 竊・雜・℃譌･謨ｰ縺・subtitle 縺ｫ蜷ｫ縺ｾ繧後ｋ[32m 1[2mms[22m[39m
 [32m笨・[39m src/domain/bridge/__tests__/workflowPhase.spec.ts[2m > [22mtoPlanningWorkflowCardItem[2m > [22mneeds_monitoring 竊・谿区律謨ｰ縺・subtitle 縺ｫ蜷ｫ縺ｾ繧後ｋ[32m 1[2mms[22m[39m
 [32m笨・[39m src/domain/bridge/__tests__/workflowPhase.spec.ts[2m > [22mtoPlanningWorkflowCardItem[2m > [22mneeds_reassessment 竊・豁｣縺励＞繝ｩ繝吶Ν縺ｨ繝ｪ繝ｳ繧ｯ[32m 1[2mms[22m[39m
 [32m笨・[39m src/domain/bridge/__tests__/workflowPhase.spec.ts[2m > [22mtoPlanningWorkflowCardItem[2m > [22mactive_plan 竊・Daily 險倬鹸縺ｸ縺ｮ繝ｪ繝ｳ繧ｯ[32m 1[2mms[22m[39m
 [32m笨・[39m src/domain/bridge/__tests__/workflowPhase.spec.ts[2m > [22mtoPlanningWorkflowCardItem[2m > [22muserId/userName 縺梧ｭ｣縺励￥繧ｳ繝斐・縺輔ｌ繧・[32m 1[2mms[22m[39m
 [32m笨・[39m src/domain/bridge/__tests__/workflowPhase.spec.ts[2m > [22mPHASE_PRIORITIES[2m > [22mmonitoring_overdue 縺梧怙繧るｫ倥＞蜆ｪ蜈亥ｺｦ・域怙蟆丞､・・[32m 1[2mms[22m[39m
 [32m笨・[39m src/domain/bridge/__tests__/workflowPhase.spec.ts[2m > [22mPHASE_PRIORITIES[2m > [22mactive_plan 縺梧怙繧ゆｽ弱＞蜆ｪ蜈亥ｺｦ・域怙螟ｧ蛟､・・[32m 1[2mms[22m[39m
 [32m笨・[39m src/domain/bridge/__tests__/workflowPhase.spec.ts[2m > [22mPHASE_PRIORITIES[2m > [22m蜈ｨ繝輔ぉ繝ｼ繧ｺ縺ｫ荳諢上・ priority 縺後≠繧・[32m 0[2mms[22m[39m
 [32m笨・[39m src/features/action-engine/domain/__tests__/buildCorrectiveActions.spec.ts[2m > [22mbuildCorrectiveActions[2m > [22m豁｣蟶ｸ繝・・繧ｿ縺ｧ謠先｡医′ 0 莉ｶ[32m 6[2mms[22m[39m
 [32m笨・[39m src/features/action-engine/domain/__tests__/buildCorrectiveActions.spec.ts[2m > [22mbuildCorrectiveActions[2m > [22m邨先棡縺悟━蜈亥ｺｦ鬆・↓繧ｽ繝ｼ繝医＆繧後ｋ[32m 2[2mms[22m[39m
 [32m笨・[39m src/features/action-engine/domain/__tests__/buildCorrectiveActions.spec.ts[2m > [22mbuildCorrectiveActions[2m > [22mRule 1: behaviorTrend[2m > [22m40% 蠅怜刈縺ｧ assessment_update 繧呈署譯・[32m 1[2mms[22m[39m
 [32m笨・[39m src/features/action-engine/domain/__tests__/buildCorrectiveActions.spec.ts[2m > [22mbuildCorrectiveActions[2m > [22mRule 1: behaviorTrend[2m > [22m39% 蠅怜刈縺ｧ縺ｯ謠先｡医＠縺ｪ縺・[32m 1[2mms[22m[39m
 [32m笨・[39m src/features/action-engine/domain/__tests__/buildCorrectiveActions.spec.ts[2m > [22mbuildCorrectiveActions[2m > [22mRule 1: behaviorTrend[2m > [22m蜑肴悄髢薙ョ繝ｼ繧ｿ縺ｪ縺・(previousAvg=0) 縺ｧ縺ｯ謠先｡医＠縺ｪ縺・[32m 1[2mms[22m[39m
 [32m笨・[39m src/features/action-engine/domain/__tests__/buildCorrectiveActions.spec.ts[2m > [22mbuildCorrectiveActions[2m > [22mRule 2: executionRate[2m > [22m60% 譛ｪ貅縺ｧ bip_strategy_update 繧呈署譯・[32m 1[2mms[22m[39m
 [32m笨・[39m src/features/action-engine/domain/__tests__/buildCorrectiveActions.spec.ts[2m > [22mbuildCorrectiveActions[2m > [22mRule 2: executionRate[2m > [22m60% 縺ｧ縺ｯ謠先｡医＠縺ｪ縺・[32m 1[2mms[22m[39m
 [32m笨・[39m src/features/action-engine/domain/__tests__/buildCorrectiveActions.spec.ts[2m > [22mbuildCorrectiveActions[2m > [22mRule 2: executionRate[2m > [22mtotal=0 縺ｧ縺ｯ謠先｡医＠縺ｪ縺・[32m 1[2mms[22m[39m
 [32m笨・[39m src/features/action-engine/domain/__tests__/buildCorrectiveActions.spec.ts[2m > [22mbuildCorrectiveActions[2m > [22mRule 3: highIntensity[2m > [22m鬮伜ｼｷ蠎ｦ 3 莉ｶ莉･荳翫〒 plan_update 繧呈署譯・[32m 1[2mms[22m[39m
 [32m笨・[39m src/features/action-engine/domain/__tests__/buildCorrectiveActions.spec.ts[2m > [22mbuildCorrectiveActions[2m > [22mRule 3: highIntensity[2m > [22m鬮伜ｼｷ蠎ｦ 2 莉ｶ縺ｧ縺ｯ謠先｡医＠縺ｪ縺・[32m 1[2mms[22m[39m
 [32m笨・[39m src/features/action-engine/domain/__tests__/buildCorrectiveActions.spec.ts[2m > [22mbuildCorrectiveActions[2m > [22mRule 4: timeConcentration[2m > [22m40% 莉･荳企寔荳ｭ縺ｧ plan_update 繧呈署譯・[32m 1[2mms[22m[39m
 [32m笨・[39m src/features/action-engine/domain/__tests__/buildCorrectiveActions.spec.ts[2m > [22mbuildCorrectiveActions[2m > [22mRule 4: timeConcentration[2m > [22m蟆代↑縺吶℃繧九う繝吶Φ繝・(< 5) 縺ｧ縺ｯ謠先｡医＠縺ｪ縺・[32m 1[2mms[22m[39m
 [32m笨・[39m src/features/action-engine/domain/__tests__/buildCorrectiveActions.spec.ts[2m > [22mbuildCorrectiveActions[2m > [22mRule 5: missingBip[2m > [22m陦悟虚 5 莉ｶ莉･荳翫〒 BIP 0 莉ｶ縺ｪ繧・new_bip_needed 繧呈署譯・[32m 1[2mms[22m[39m
 [32m笨・[39m src/features/action-engine/domain/__tests__/buildCorrectiveActions.spec.ts[2m > [22mbuildCorrectiveActions[2m > [22mRule 5: missingBip[2m > [22mBIP 縺後≠繧句ｴ蜷医・謠先｡医＠縺ｪ縺・[32m 1[2mms[22m[39m
 [32m笨・[39m src/features/action-engine/domain/__tests__/buildCorrectiveActions.spec.ts[2m > [22mbuildCorrectiveActions[2m > [22mRule 6: dataInsufficiency[2m > [22m14 譌･髢薙〒 2 莉ｶ + 譛邨りｨ倬鹸 8 譌･蜑阪〒 data_collection 繧呈署譯・[32m 1[2mms[22m[39m
 [32m笨・[39m src/features/action-engine/domain/__tests__/buildCorrectiveActions.spec.ts[2m > [22mbuildCorrectiveActions[2m > [22mRule 6: dataInsufficiency[2m > [22m譛邨りｨ倬鹸縺・3 譌･蜑阪〒縺ｯ謠先｡医＠縺ｪ縺・[32m 1[2mms[22m[39m
 [32m笨・[39m src/features/action-engine/domain/__tests__/buildCorrectiveActions.spec.ts[2m > [22mbuildCorrectiveActions[2m > [22mRule 6: dataInsufficiency[2m > [22m蜊∝・縺ｪ繝・・繧ｿ縺後≠繧句ｴ蜷医・謠先｡医＠縺ｪ縺・[32m 1[2mms[22m[39m
 [32m笨・[39m src/features/action-engine/domain/__tests__/buildCorrectiveActions.spec.ts[2m > [22mbuildCorrectiveActions[2m > [22mRule 6: dataInsufficiency[2m > [22m險倬鹸縺御ｸ蛻・↑縺・ｴ蜷医ｂ謠先｡医☆繧・[32m 1[2mms[22m[39m
 [32m笨・[39m src/features/action-engine/domain/__tests__/buildCorrectiveActions.spec.ts[2m > [22mbuildCorrectiveActions[2m > [22mIntegration[2m > [22m蜈ｨ繝ｫ繝ｼ繝ｫ縺悟酔譎ゅ↓繝偵ャ繝医☆繧九％縺ｨ縺後≠繧・[32m 1[2mms[22m[39m
 [32m笨・[39m src/features/action-engine/domain/__tests__/buildCorrectiveActions.spec.ts[2m > [22mbuildCorrectiveActions[2m > [22mIntegration[2m > [22m蜷・署譯医↓蠢・医ヵ繧｣繝ｼ繝ｫ繝峨′縺吶∋縺ｦ蟄伜惠縺吶ｋ[32m 1[2mms[22m[39m
 [32m笨・[39m src/features/action-engine/domain/__tests__/buildCorrectiveActions.spec.ts[2m > [22mbuildCorrectiveActions[2m > [22mstableId[2m > [22m蜷御ｸ繝ｫ繝ｼ繝ｫ繝ｻ蜷御ｸ繝ｦ繝ｼ繧ｶ繝ｼ繝ｻ蜷御ｸ騾ｱ縺ｯ蜷後§ stableId 繧堤函謌・[32m 1[2mms[22m[39m
 [32m笨・[39m src/features/action-engine/domain/__tests__/buildCorrectiveActions.spec.ts[2m > [22mbuildCorrectiveActions[2m > [22mstableId[2m > [22mstableId 縺・ruleId:userId:weekBucket 蠖｢蠑・[32m 1[2mms[22m[39m
 [32m笨・[39m src/features/action-engine/domain/__tests__/buildCorrectiveActions.spec.ts[2m > [22mbuildCorrectiveActions[2m > [22mevidence.metrics[2m > [22mbehaviorTrend 縺ｮ evidence 縺ｫ逕溘Γ繝医Μ繧ｯ繧ｹ縺悟性縺ｾ繧後ｋ[32m 1[2mms[22m[39m
 [32m笨・[39m src/features/action-engine/domain/__tests__/buildCorrectiveActions.spec.ts[2m > [22mbuildCorrectiveActions[2m > [22mevidence.metrics[2m > [22mhighIntensity 縺ｮ evidence 縺ｫ sourceRefs 縺悟性縺ｾ繧後ｋ[32m 2[2mms[22m[39m
 [32m笨・[39m src/features/action-engine/domain/__tests__/buildCorrectiveActions.spec.ts[2m > [22mbuildCorrectiveActions[2m > [22mdedupe[2m > [22m蜷御ｸ CTA 蜈医・驥崎､・′髯､蜴ｻ縺輔ｌ繧具ｼ磯ｫ倥＞蜆ｪ蜈亥ｺｦ縺梧ｮ九ｋ・・[32m 1[2mms[22m[39m
 [32m笨・[39m src/features/attendance/__tests__/useAttendanceActions.apply.spec.ts[2m > [22museAttendanceActions applyAndPersist[2m > [22mpersists optimistic updates on success[32m 27[2mms[22m[39m
 [32m笨・[39m src/features/attendance/__tests__/useAttendanceActions.apply.spec.ts[2m > [22museAttendanceActions applyAndPersist[2m > [22mrolls back and throws when persist fails[32m 5[2mms[22m[39m
 [32m笨・[39m src/features/users/domain/__tests__/userDetailHubLogic.spec.ts[2m > [22mbuildQuickActions[2m > [22m4縺､縺ｮ繧ｯ繧､繝・け繧｢繧ｯ繧ｷ繝ｧ繝ｳ繧定ｿ斐☆[32m 6[2mms[22m[39m
 [32m笨・[39m src/features/users/domain/__tests__/userDetailHubLogic.spec.ts[2m > [22mbuildQuickActions[2m > [22m蜷・い繧ｯ繧ｷ繝ｧ繝ｳ縺ｫuserId縺悟性縺ｾ繧後ｋ繝代せ繧呈戟縺､[32m 1[2mms[22m[39m
 [32m笨・[39m src/features/users/domain/__tests__/userDetailHubLogic.spec.ts[2m > [22mbuildQuickActions[2m > [22m繧ｭ繝ｼ縺御ｸ諢上〒縺ゅｋ[32m 1[2mms[22m[39m
 [32m笨・[39m src/features/users/domain/__tests__/userDetailHubLogic.spec.ts[2m > [22mbuildQuickActions[2m > [22m迚ｹ谿頑枚蟄励ｒ蜷ｫ繧userId縺後お繝ｳ繧ｳ繝ｼ繝峨＆繧後ｋ[32m 1[2mms[22m[39m
 [32m笨・[39m src/features/users/domain/__tests__/userDetailHubLogic.spec.ts[2m > [22mbuildSummaryStats[2m > [22m譛蟆上ヱ繝ｩ繝｡繝ｼ繧ｿ縺ｧ蝓ｺ譛ｬ邨ｱ險医ｒ霑斐☆[32m 1[2mms[22m[39m
 [32m笨・[39m src/features/users/domain/__tests__/userDetailHubLogic.spec.ts[2m > [22mbuildSummaryStats[2m > [22m莉頑律縺ｮ險倬鹸縺梧悴蜈･蜉帙↑繧・attention[32m 1[2mms[22m[39m
 [32m笨・[39m src/features/users/domain/__tests__/userDetailHubLogic.spec.ts[2m > [22mbuildSummaryStats[2m > [22m莉頑律縺ｮ險倬鹸縺悟・蜉帶ｸ医∩縺ｪ繧・good[32m 1[2mms[22m[39m
 [32m笨・[39m src/features/users/domain/__tests__/userDetailHubLogic.spec.ts[2m > [22mbuildSummaryStats[2m > [22m譛譁ｰ險倬鹸縺後↑縺代ｌ縺ｰ "窶・ 繧定｡ｨ遉ｺ[32m 1[2mms[22m[39m
 [32m笨・[39m src/features/users/domain/__tests__/userDetailHubLogic.spec.ts[2m > [22mbuildSummaryStats[2m > [22m譛譁ｰ險倬鹸縺後≠繧後・譌･莉倥ｒ陦ｨ遉ｺ[32m 1[2mms[22m[39m
 [32m笨・[39m src/features/users/domain/__tests__/userDetailHubLogic.spec.ts[2m > [22mbuildSummaryStats[2m > [22m逕ｳ縺鈴√ｊ諠・ｱ縺後≠繧句ｴ蜷医↓繧ｫ繝ｼ繝峨ｒ霑ｽ蜉[32m 1[2mms[22m[39m
 [32m笨・[39m src/features/users/domain/__tests__/userDetailHubLogic.spec.ts[2m > [22mbuildSummaryStats[2m > [22m逕ｳ縺鈴√ｊ縺ｮ驥崎ｦ∽ｻｶ謨ｰ縺・縺ｪ繧・normal[32m 1[2mms[22m[39m
 [32m笨・[39m src/features/users/domain/__tests__/userDetailHubLogic.spec.ts[2m > [22mbuildSummaryStats[2m > [22m蠑ｷ蠎ｦ陦悟虚髫懷ｮｳ蟇ｾ雎｡縺ｪ繧・attention[32m 1[2mms[22m[39m
 [32m笨・[39m src/features/users/domain/__tests__/userDetailHubLogic.spec.ts[2m > [22mbuildRecentRecordPreview[2m > [22mlimit 莉ｶ謨ｰ縺ｾ縺ｧ霑斐☆[32m 1[2mms[22m[39m
 [32m笨・[39m src/features/users/domain/__tests__/userDetailHubLogic.spec.ts[2m > [22mbuildRecentRecordPreview[2m > [22m迚ｹ險倅ｺ矩・′縺ゅｌ縺ｰ hasSpecialNote=true 縺九▽ excerot 繧貞性繧[32m 1[2mms[22m[39m
 [32m笨・[39m src/features/users/domain/__tests__/userDetailHubLogic.spec.ts[2m > [22mbuildRecentRecordPreview[2m > [22m迚ｹ險倅ｺ矩・′縺ｪ縺代ｌ縺ｰ hasSpecialNote=false[32m 1[2mms[22m[39m
 [32m笨・[39m src/features/users/domain/__tests__/userDetailHubLogic.spec.ts[2m > [22mbuildRecentRecordPreview[2m > [22m60譁・ｭ苓ｶ・・迚ｹ險倅ｺ矩・・蛻・ｊ隧ｰ繧√ｋ[32m 1[2mms[22m[39m
 [32m笨・[39m src/features/users/domain/__tests__/userDetailHubLogic.spec.ts[2m > [22mbuildRecentHandoffPreview[2m > [22m驥崎ｦ∫筏縺鈴√ｊ縺悟・鬆ｭ縺ｫ譚･繧・[32m 2[2mms[22m[39m
 [32m笨・[39m src/features/users/domain/__tests__/userDetailHubLogic.spec.ts[2m > [22mbuildRecentHandoffPreview[2m > [22mlimit 莉ｶ謨ｰ縺ｾ縺ｧ霑斐☆[32m 1[2mms[22m[39m
 [32m笨・[39m src/features/users/domain/__tests__/userDetailHubLogic.spec.ts[2m > [22mbuildRecentHandoffPreview[2m > [22m80譁・ｭ苓ｶ・・繝｡繝・そ繝ｼ繧ｸ縺ｯ蛻・ｊ隧ｰ繧√ｋ[32m 1[2mms[22m[39m
 [32m笨・[39m src/features/users/domain/__tests__/userDetailHubLogic.spec.ts[2m > [22mbuildTodayUserSnapshot[2m > [22m驥崎ｦ∫筏縺鈴√ｊ縺後≠繧後・ urgency=high[32m 1[2mms[22m[39m
 [32m笨・[39m src/features/users/domain/__tests__/userDetailHubLogic.spec.ts[2m > [22mbuildTodayUserSnapshot[2m > [22m險倬鹸譛ｪ蜈･蜉帙↑繧・urgency=medium 縺ｧ險倬鹸縺ｸ縺ｮ隱伜ｰ・[32m 1[2mms[22m[39m
 [32m笨・[39m src/features/users/domain/__tests__/userDetailHubLogic.spec.ts[2m > [22mbuildTodayUserSnapshot[2m > [22m險育判譛ｪ菴懈・縺ｪ繧芽ｨ育判縺ｸ縺ｮ隱伜ｰ・[32m 1[2mms[22m[39m
 [32m笨・[39m src/features/users/domain/__tests__/userDetailHubLogic.spec.ts[2m > [22mbuildTodayUserSnapshot[2m > [22m縺吶∋縺ｦ螳御ｺ・↑繧・urgency=low[32m 1[2mms[22m[39m
 [32m笨・[39m src/features/users/domain/__tests__/userDetailHubLogic.spec.ts[2m > [22mbuildPlanHighlights[2m > [22mshort > support > long 縺ｮ蜆ｪ蜈磯・〒霑斐☆[32m 1[2mms[22m[39m
 [32m笨・[39m src/features/users/domain/__tests__/userDetailHubLogic.spec.ts[2m > [22mbuildPlanHighlights[2m > [22mlimit 莉ｶ謨ｰ縺ｾ縺ｧ霑斐☆[32m 1[2mms[22m[39m
 [32m笨・[39m src/features/users/domain/__tests__/userDetailHubLogic.spec.ts[2m > [22mbuildPlanHighlights[2m > [22m遨ｺ繧ｴ繝ｼ繝ｫ縺ｪ繧臥ｩｺ驟榊・[32m 2[2mms[22m[39m
 [32m笨・[39m src/features/users/domain/__tests__/userDetailHubLogic.spec.ts[2m > [22mbuildPlanHighlights[2m > [22m繝・く繧ｹ繝医′遨ｺ縺ｪ繧・"蜀・ｮｹ譛ｪ險ｭ螳・ 繧定｡ｨ遉ｺ[32m 1[2mms[22m[39m
 [32m笨・[39m src/features/users/domain/__tests__/userDetailHubLogic.spec.ts[2m > [22mbuildPlanHighlights[2m > [22m70譁・ｭ苓ｶ・・繝・く繧ｹ繝医・蛻・ｊ隧ｰ繧√ｋ[32m 1[2mms[22m[39m
 [32m笨・[39m src/domain/regulatory/__tests__/severeDisabilityAddon.spec.ts[2m > [22mcheckUserEligibility[2m > [22m蛹ｺ蛻・繝ｻ陦悟虚10 竊・tier2 basic[32m 4[2mms[22m[39m
 [32m笨・[39m src/domain/regulatory/__tests__/severeDisabilityAddon.spec.ts[2m > [22mcheckUserEligibility[2m > [22m蛹ｺ蛻・繝ｻ陦悟虚10 竊・tier3 basic (tier2 縺ｯ NG)[32m 1[2mms[22m[39m
 [32m笨・[39m src/domain/regulatory/__tests__/severeDisabilityAddon.spec.ts[2m > [22mcheckUserEligibility[2m > [22m陦悟虚18莉･荳・竊・upper 蛻､螳・[32m 1[2mms[22m[39m
 [32m笨・[39m src/domain/regulatory/__tests__/severeDisabilityAddon.spec.ts[2m > [22mcheckUserEligibility[2m > [22m陦悟虚24・域怙螟ｧ蛟､・・竊・upper 蛻､螳・[32m 1[2mms[22m[39m
 [32m笨・[39m src/domain/regulatory/__tests__/severeDisabilityAddon.spec.ts[2m > [22mcheckUserEligibility[2m > [22m陦悟虚9・磯明蛟､譛ｪ貅・・竊・縺ｩ縺｡繧峨ｂ NG[32m 1[2mms[22m[39m
 [32m笨・[39m src/domain/regulatory/__tests__/severeDisabilityAddon.spec.ts[2m > [22mcheckUserEligibility[2m > [22m蛹ｺ蛻・ 竊・tier2/tier3 縺ｨ繧ゅ↓ NG[32m 1[2mms[22m[39m
 [32m笨・[39m src/domain/regulatory/__tests__/severeDisabilityAddon.spec.ts[2m > [22mcheckUserEligibility[2m > [22m蛹ｺ蛻・繝ｻ陦悟虚10 竊・tier3 縺ｮ縺ｿ[32m 1[2mms[22m[39m
 [32m笨・[39m src/domain/regulatory/__tests__/severeDisabilityAddon.spec.ts[2m > [22mcheckUserEligibility[2m > [22mnull 蛟､ 竊・螳牙・縺ｫ false 繧定ｿ斐☆[32m 1[2mms[22m[39m
 [32m笨・[39m src/domain/regulatory/__tests__/severeDisabilityAddon.spec.ts[2m > [22mcheckUserEligibility[2m > [22mundefined 蛟､ 竊・螳牙・縺ｫ false 繧定ｿ斐☆[32m 1[2mms[22m[39m
 [32m笨・[39m src/domain/regulatory/__tests__/severeDisabilityAddon.spec.ts[2m > [22mcheckBasicTrainingRatio[2m > [22m蝓ｺ遉守比ｿｮ豈皮紫 19% 竊・NG[32m 1[2mms[22m[39m
 [32m笨・[39m src/domain/regulatory/__tests__/severeDisabilityAddon.spec.ts[2m > [22mcheckBasicTrainingRatio[2m > [22m蝓ｺ遉守比ｿｮ豈皮紫 20% 竊・OK[32m 1[2mms[22m[39m
 [32m笨・[39m src/domain/regulatory/__tests__/severeDisabilityAddon.spec.ts[2m > [22mcheckBasicTrainingRatio[2m > [22m蝓ｺ遉守比ｿｮ豈皮紫縺｡繧・≧縺ｩ20%・・莠ｺ荳ｭ1莠ｺ・・竊・OK[32m 1[2mms[22m[39m
 [32m笨・[39m src/domain/regulatory/__tests__/severeDisabilityAddon.spec.ts[2m > [22mcheckBasicTrainingRatio[2m > [22m蝓ｺ遉守比ｿｮ豈皮紫 19.9%・・000莠ｺ荳ｭ199莠ｺ・・竊・NG[32m 1[2mms[22m[39m
 [32m笨・[39m src/domain/regulatory/__tests__/severeDisabilityAddon.spec.ts[2m > [22mcheckBasicTrainingRatio[2m > [22m蜈ｨ蜩｡菫ｮ莠・竊・OK (100%)[32m 1[2mms[22m[39m
 [32m笨・[39m src/domain/regulatory/__tests__/severeDisabilityAddon.spec.ts[2m > [22mcheckBasicTrainingRatio[2m > [22m0莠ｺ 竊・NG (繧ｼ繝ｭ髯､邂鈴亟豁｢)[32m 1[2mms[22m[39m
 [32m笨・[39m src/domain/regulatory/__tests__/severeDisabilityAddon.spec.ts[2m > [22mcheckAuthoringRequirement[2m > [22mbasic 窶・螳溯ｷｵ遐比ｿｮ菫ｮ莠・・竊・OK[32m 1[2mms[22m[39m
 [32m笨・[39m src/domain/regulatory/__tests__/severeDisabilityAddon.spec.ts[2m > [22mcheckAuthoringRequirement[2m > [22mbasic 窶・荳ｭ譬ｸ逧・ｺｺ譚・竊・OK[32m 1[2mms[22m[39m
 [32m笨・[39m src/domain/regulatory/__tests__/severeDisabilityAddon.spec.ts[2m > [22mcheckAuthoringRequirement[2m > [22mbasic 窶・蝓ｺ遉守比ｿｮ縺ｮ縺ｿ 竊・NG[32m 1[2mms[22m[39m
 [32m笨・[39m src/domain/regulatory/__tests__/severeDisabilityAddon.spec.ts[2m > [22mcheckAuthoringRequirement[2m > [22mupper 窶・荳ｭ譬ｸ逧・ｺｺ譚・竊・OK[32m 1[2mms[22m[39m
 [32m笨・[39m src/domain/regulatory/__tests__/severeDisabilityAddon.spec.ts[2m > [22mcheckAuthoringRequirement[2m > [22mupper 窶・螳溯ｷｵ遐比ｿｮ + 荳ｭ譬ｸ逧・ｺｺ譚舌・蜉ｩ險縺ゅｊ 竊・OK[32m 1[2mms[22m[39m
 [32m笨・[39m src/domain/regulatory/__tests__/severeDisabilityAddon.spec.ts[2m > [22mcheckAuthoringRequirement[2m > [22mupper 窶・core person advice 縺ｪ縺・竊・NG[32m 1[2mms[22m[39m
 [32m笨・[39m src/domain/regulatory/__tests__/severeDisabilityAddon.spec.ts[2m > [22mcheckAuthoringRequirement[2m > [22mupper 窶・雉・ｼ縺ｪ縺・竊・NG[32m 1[2mms[22m[39m
 [32m笨・[39m src/domain/regulatory/__tests__/severeDisabilityAddon.spec.ts[2m > [22mcheckQuarterlyReview[2m > [22m90譌･莉･蜀・竊・OK[32m 1[2mms[22m[39m
 [32m笨・[39m src/domain/regulatory/__tests__/severeDisabilityAddon.spec.ts[2m > [22mcheckQuarterlyReview[2m > [22m90譌･縺｡繧・≧縺ｩ 竊・OK[32m 1[2mms[22m[39m
 [32m笨・[39m src/domain/regulatory/__tests__/severeDisabilityAddon.spec.ts[2m > [22mcheckQuarterlyReview[2m > [22m3縺区怦隕狗峩縺苓ｶ・℃ 竊・NG[32m 1[2mms[22m[39m
 [32m笨・[39m src/domain/regulatory/__tests__/severeDisabilityAddon.spec.ts[2m > [22mcheckQuarterlyReview[2m > [22mlastReviewDate 縺・null 竊・NG[32m 1[2mms[22m[39m
 [32m笨・[39m src/domain/regulatory/__tests__/severeDisabilityAddon.spec.ts[2m > [22mevaluateSevereDisabilityAddOn[2m > [22m蜈ｨ隕∽ｻｶ蜈・ｶｳ 竊・eligible = true[32m 2[2mms[22m[39m
 [32m笨・[39m src/domain/regulatory/__tests__/severeDisabilityAddon.spec.ts[2m > [22mevaluateSevereDisabilityAddOn[2m > [22m騾ｱ谺｡隕ｳ蟇滉ｸ崎ｶｳ 竊・NG[32m 1[2mms[22m[39m
 [32m笨・[39m src/domain/regulatory/__tests__/severeDisabilityAddon.spec.ts[2m > [22mevaluateSevereDisabilityAddOn[2m > [22m3縺区怦隕狗峩縺苓ｶ・℃ 竊・NG[32m 1[2mms[22m[39m
 [32m笨・[39m src/domain/regulatory/__tests__/severeDisabilityAddon.spec.ts[2m > [22mevaluateSevereDisabilityAddOn[2m > [22mtier3 窶・蛹ｺ蛻・ 竊・eligible[32m 1[2mms[22m[39m
 [32m笨・[39m src/domain/regulatory/__tests__/severeDisabilityAddon.spec.ts[2m > [22mevaluateSevereDisabilityAddOn[2m > [22mupper 蛻､螳・窶・陦悟虚18莉･荳翫〒驕ｩ蛻・↑菴懈・閠・竊・OK[32m 1[2mms[22m[39m
 [32m笨・[39m src/domain/regulatory/__tests__/severeDisabilityAddon.spec.ts[2m > [22mevaluateSevereDisabilityAddOn[2m > [22mupper 蛻､螳・窶・螳溯ｷｵ遐比ｿｮ縺ｮ縺ｿ・句勧險縺ｪ縺・竊・NG[32m 2[2mms[22m[39m
 [32m笨・[39m src/domain/regulatory/__tests__/severeDisabilityAddon.spec.ts[2m > [22mevaluateSevereDisabilityAddOn[2m > [22m蝓ｺ遉守比ｿｮ豈皮紫荳崎ｶｳ 竊・NG[32m 1[2mms[22m[39m
 [32m笨・[39m src/domain/regulatory/__tests__/severeDisabilityAddon.spec.ts[2m > [22mevaluateSevereDisabilityAddOn[2m > [22m隍・焚隕∽ｻｶ縺梧悴蜈・ｶｳ 竊・蜈ｨ縺ｦ unmetRequirements 縺ｫ蛻玲嫌[32m 1[2mms[22m[39m
 [32m笨・[39m src/features/handoff/analysis/__tests__/detectRepeatingPatterns.spec.ts[2m > [22mdetectRepeatingPatterns[2m > [22m蝓ｺ譛ｬ蜍穂ｽ・[2m > [22mreturns empty array for empty records[32m 5[2mms[22m[39m
 [32m笨・[39m src/features/handoff/analysis/__tests__/detectRepeatingPatterns.spec.ts[2m > [22mdetectRepeatingPatterns[2m > [22m蝓ｺ譛ｬ蜍穂ｽ・[2m > [22mreturns empty when no patterns exceed minRepeatCount[32m 3[2mms[22m[39m
 [32m笨・[39m src/features/handoff/analysis/__tests__/detectRepeatingPatterns.spec.ts[2m > [22mdetectRepeatingPatterns[2m > [22m蝓ｺ譛ｬ蜍穂ｽ・[2m > [22mignores records with empty userCode[32m 1[2mms[22m[39m
 [32m笨・[39m src/features/handoff/analysis/__tests__/detectRepeatingPatterns.spec.ts[2m > [22mdetectRepeatingPatterns[2m > [22msame-category-repeat[2m > [22mdetects repeated category within period[32m 3[2mms[22m[39m
 [32m笨・[39m src/features/handoff/analysis/__tests__/detectRepeatingPatterns.spec.ts[2m > [22mdetectRepeatingPatterns[2m > [22msame-category-repeat[2m > [22mdoes not fire below min count[32m 1[2mms[22m[39m
 [32m笨・[39m src/features/handoff/analysis/__tests__/detectRepeatingPatterns.spec.ts[2m > [22mdetectRepeatingPatterns[2m > [22mconsecutive-days[2m > [22mdetects consecutive day patterns[32m 1[2mms[22m[39m
 [32m笨・[39m src/features/handoff/analysis/__tests__/detectRepeatingPatterns.spec.ts[2m > [22mdetectRepeatingPatterns[2m > [22mconsecutive-days[2m > [22mdetects 2-day consecutive patterns[32m 1[2mms[22m[39m
 [32m笨・[39m src/features/handoff/analysis/__tests__/detectRepeatingPatterns.spec.ts[2m > [22mdetectRepeatingPatterns[2m > [22mconsecutive-days[2m > [22mdoes not detect with gap[32m 1[2mms[22m[39m
 [32m笨・[39m src/features/handoff/analysis/__tests__/detectRepeatingPatterns.spec.ts[2m > [22mdetectRepeatingPatterns[2m > [22msame-timeband-repeat[2m > [22mdetects time band concentration[32m 1[2mms[22m[39m
 [32m笨・[39m src/features/handoff/analysis/__tests__/detectRepeatingPatterns.spec.ts[2m > [22mdetectRepeatingPatterns[2m > [22munresolved-repeat[2m > [22mdetects stale unresolved handoffs[32m 1[2mms[22m[39m
 [32m笨・[39m src/features/handoff/analysis/__tests__/detectRepeatingPatterns.spec.ts[2m > [22mdetectRepeatingPatterns[2m > [22munresolved-repeat[2m > [22mignores resolved handoffs[32m 1[2mms[22m[39m
 [32m笨・[39m src/features/handoff/analysis/__tests__/detectRepeatingPatterns.spec.ts[2m > [22mdetectRepeatingPatterns[2m > [22munresolved-repeat[2m > [22monly watches key categories[32m 1[2mms[22m[39m
 [32m笨・[39m src/features/handoff/analysis/__tests__/detectRepeatingPatterns.spec.ts[2m > [22mdetectRepeatingPatterns[2m > [22moptions[2m > [22mfilters by periodDays[32m 1[2mms[22m[39m
 [32m笨・[39m src/features/handoff/analysis/__tests__/detectRepeatingPatterns.spec.ts[2m > [22mdetectRepeatingPatterns[2m > [22moptions[2m > [22mrespects minRepeatCount[32m 1[2mms[22m[39m
 [32m笨・[39m src/features/handoff/analysis/__tests__/detectRepeatingPatterns.spec.ts[2m > [22mdetectRepeatingPatterns[2m > [22m繧ｽ繝ｼ繝磯・[2m > [22msorts by confidence desc, count desc, lastSeenAt desc[32m 1[2mms[22m[39m
 [32m笨・[39m src/features/handoff/analysis/__tests__/detectRepeatingPatterns.spec.ts[2m > [22mdetectRepeatingPatterns[2m > [22mconfidence levels[2m > [22massigns high confidence for count >= 5[32m 1[2mms[22m[39m
 [32m笨・[39m src/features/handoff/analysis/__tests__/detectRepeatingPatterns.spec.ts[2m > [22mdetectRepeatingPatterns[2m > [22mconfidence levels[2m > [22massigns medium confidence for count 3-4[32m 1[2mms[22m[39m
 [32m笨・[39m src/features/handoff/analysis/__tests__/detectRepeatingPatterns.spec.ts[2m > [22mdetectRepeatingPatterns[2m > [22mconfidence levels[2m > [22massigns high confidence for 3+ consecutive days[32m 1[2mms[22m[39m
 [32m笨・[39m src/features/operationFlow/telemetry/recordPhaseEvent.spec.ts[2m > [22mrecordPhaseEvent[2m > [22msends event to Firestore telemetry collection[32m 8[2mms[22m[39m
 [32m笨・[39m src/features/operationFlow/telemetry/recordPhaseEvent.spec.ts[2m > [22mrecordPhaseEvent[2m > [22mincludes clientTs as ISO string[32m 1[2mms[22m[39m
 [32m笨・[39m src/features/operationFlow/telemetry/recordPhaseEvent.spec.ts[2m > [22mrecordPhaseEvent[2m > [22mincludes suggestedMode for meeting-mode events[32m 1[2mms[22m[39m
 [32m笨・[39m src/features/operationFlow/telemetry/recordPhaseEvent.spec.ts[2m > [22mrecordPhaseEvent[2m > [22mincludes reason for config-load-fallback[32m 1[2mms[22m[39m
 [32m笨・[39m src/features/operationFlow/telemetry/recordPhaseEvent.spec.ts[2m > [22mrecordPhaseEvent[2m > [22mdoes not throw when addDoc rejects[32m 7[2mms[22m[39m
 [32m笨・[39m src/features/operationFlow/telemetry/recordPhaseEvent.spec.ts[2m > [22mrecordPhaseEvent[2m > [22mdoes not throw when collection() throws synchronously[32m 3[2mms[22m[39m
 [32m笨・[39m src/features/operationFlow/telemetry/recordPhaseEvent.spec.ts[2m > [22mrecordPhaseEvent[2m > [22m驥崎､・∽ｿ｡繧ｬ繝ｼ繝・(dedupe)[2m > [22msends the first event normally[32m 1[2mms[22m[39m
 [32m笨・[39m src/features/operationFlow/telemetry/recordPhaseEvent.spec.ts[2m > [22mrecordPhaseEvent[2m > [22m驥崎､・∽ｿ｡繧ｬ繝ｼ繝・(dedupe)[2m > [22mblocks duplicate shown events with same key[32m 1[2mms[22m[39m
 [32m笨・[39m src/features/operationFlow/telemetry/recordPhaseEvent.spec.ts[2m > [22mrecordPhaseEvent[2m > [22m驥崎､・∽ｿ｡繧ｬ繝ｼ繝・(dedupe)[2m > [22mallows different events for the same screen[32m 1[2mms[22m[39m
 [32m笨・[39m src/features/operationFlow/telemetry/recordPhaseEvent.spec.ts[2m > [22mrecordPhaseEvent[2m > [22m驥崎､・∽ｿ｡繧ｬ繝ｼ繝・(dedupe)[2m > [22mallows same event for different screens[32m 1[2mms[22m[39m
 [32m笨・[39m src/features/operationFlow/telemetry/recordPhaseEvent.spec.ts[2m > [22mrecordPhaseEvent[2m > [22m驥崎､・∽ｿ｡繧ｬ繝ｼ繝・(dedupe)[2m > [22mdoes not dedupe when option is not set[32m 1[2mms[22m[39m
 [32m笨・[39m src/features/operationFlow/telemetry/recordPhaseEvent.spec.ts[2m > [22mrecordPhaseEvent[2m > [22m驥崎､・∽ｿ｡繧ｬ繝ｼ繝・(dedupe)[2m > [22m_resetGuard clears the guard set[32m 1[2mms[22m[39m
 [32m笨・[39m src/features/operationFlow/telemetry/recordPhaseEvent.spec.ts[2m > [22mPHASE_EVENTS[2m > [22mhas 7 defined events[32m 1[2mms[22m[39m
 [32m笨・[39m src/features/operationFlow/telemetry/recordPhaseEvent.spec.ts[2m > [22mPHASE_EVENTS[2m > [22mhas consistent naming with hyphens[32m 1[2mms[22m[39m
 [32m笨・[39m src/features/exceptions/domain/__tests__/exceptionLogicBoundary.spec.ts[2m > [22mdetectMissingRecords 窶・蠅・阜蛟､陬懷ｮ・[2m > [22mshould format id as missing-{userId}-{targetDate}[32m 5[2mms[22m[39m
 [32m笨・[39m src/features/exceptions/domain/__tests__/exceptionLogicBoundary.spec.ts[2m > [22mdetectMissingRecords 窶・蠅・阜蛟､陬懷ｮ・[2m > [22mshould set actionPath to /daily/activity?userId={encodedUserId}[32m 1[2mms[22m[39m
 [32m笨・[39m src/features/exceptions/domain/__tests__/exceptionLogicBoundary.spec.ts[2m > [22mdetectMissingRecords 窶・蠅・阜蛟､陬懷ｮ・[2m > [22mshould encode special characters in userId for actionPath[32m 1[2mms[22m[39m
 [32m笨・[39m src/features/exceptions/domain/__tests__/exceptionLogicBoundary.spec.ts[2m > [22mdetectMissingRecords 窶・蠅・阜蛟､陬懷ｮ・[2m > [22mshould detect all users when no records exist[32m 2[2mms[22m[39m
 [32m笨・[39m src/features/exceptions/domain/__tests__/exceptionLogicBoundary.spec.ts[2m > [22mdetectMissingRecords 窶・蠅・阜蛟､陬懷ｮ・[2m > [22mshould ignore records from other dates[32m 1[2mms[22m[39m
 [32m笨・[39m src/features/exceptions/domain/__tests__/exceptionLogicBoundary.spec.ts[2m > [22mdetectMissingRecords 窶・蠅・阜蛟､陬懷ｮ・[2m > [22mshould include required ExceptionItem fields[32m 1[2mms[22m[39m
 [32m笨・[39m src/features/exceptions/domain/__tests__/exceptionLogicBoundary.spec.ts[2m > [22mdetectCriticalHandoffs 窶・蠅・阜蛟､陬懷ｮ・[2m > [22mshould format id as handoff-{id}[32m 1[2mms[22m[39m
 [32m笨・[39m src/features/exceptions/domain/__tests__/exceptionLogicBoundary.spec.ts[2m > [22mdetectCriticalHandoffs 窶・蠅・阜蛟､陬懷ｮ・[2m > [22mshould truncate message to 60 chars + 窶ｦ when over 60[32m 1[2mms[22m[39m
 [32m笨・[39m src/features/exceptions/domain/__tests__/exceptionLogicBoundary.spec.ts[2m > [22mdetectCriticalHandoffs 窶・蠅・阜蛟､陬懷ｮ・[2m > [22mshould keep message as-is when 60 chars or fewer[32m 1[2mms[22m[39m
 [32m笨・[39m src/features/exceptions/domain/__tests__/exceptionLogicBoundary.spec.ts[2m > [22mdetectCriticalHandoffs 窶・蠅・阜蛟､陬懷ｮ・[2m > [22mshould propagate userName and userId to ExceptionItem[32m 1[2mms[22m[39m
 [32m笨・[39m src/features/exceptions/domain/__tests__/exceptionLogicBoundary.spec.ts[2m > [22mdetectCriticalHandoffs 窶・蠅・阜蛟､陬懷ｮ・[2m > [22mshould set actionPath to /handoff/timeline[32m 1[2mms[22m[39m
 [32m笨・[39m src/features/exceptions/domain/__tests__/exceptionLogicBoundary.spec.ts[2m > [22mdetectCriticalHandoffs 窶・蠅・阜蛟､陬懷ｮ・[2m > [22mshould set severity to critical regardless of input severity label[32m 1[2mms[22m[39m
 [32m笨・[39m src/features/exceptions/domain/__tests__/exceptionLogicBoundary.spec.ts[2m > [22mdetectCriticalHandoffs 窶・蠅・阜蛟､陬懷ｮ・[2m > [22mshould detect multiple unresolved handoffs[32m 1[2mms[22m[39m
 [32m笨・[39m src/features/exceptions/domain/__tests__/exceptionLogicBoundary.spec.ts[2m > [22mdetectAttentionUsers 窶・蠅・阜蛟､陬懷ｮ・[2m > [22mshould format id as attention-{userId}-no-plan[32m 1[2mms[22m[39m
 [32m笨・[39m src/features/exceptions/domain/__tests__/exceptionLogicBoundary.spec.ts[2m > [22mdetectAttentionUsers 窶・蠅・阜蛟､陬懷ｮ・[2m > [22mshould set actionPath to /isp-editor/{encodedUserId}[32m 1[2mms[22m[39m
 [32m笨・[39m src/features/exceptions/domain/__tests__/exceptionLogicBoundary.spec.ts[2m > [22mdetectAttentionUsers 窶・蠅・阜蛟､陬懷ｮ・[2m > [22mshould detect multiple high-intensity users without plans[32m 1[2mms[22m[39m
 [32m笨・[39m src/features/exceptions/domain/__tests__/exceptionLogicBoundary.spec.ts[2m > [22mdetectAttentionUsers 窶・蠅・阜蛟､陬懷ｮ・[2m > [22mshould filter correctly in mixed user list[32m 1[2mms[22m[39m
 [32m笨・[39m src/features/exceptions/domain/__tests__/exceptionLogicBoundary.spec.ts[2m > [22mdetectAttentionUsers 窶・蠅・阜蛟､陬懷ｮ・[2m > [22mshould return empty array when all users have plans[32m 1[2mms[22m[39m
 [32m笨・[39m src/features/exceptions/domain/__tests__/exceptionLogicBoundary.spec.ts[2m > [22mdetectAttentionUsers 窶・蠅・阜蛟､陬懷ｮ・[2m > [22mshould return empty array for empty input[32m 1[2mms[22m[39m
 [32m笨・[39m src/features/exceptions/domain/__tests__/exceptionLogicBoundary.spec.ts[2m > [22mdetectAttentionUsers 窶・蠅・阜蛟､陬懷ｮ・[2m > [22mshould include required fields in result[32m 1[2mms[22m[39m
 [32m笨・[39m src/features/exceptions/domain/__tests__/exceptionLogicBoundary.spec.ts[2m > [22maggregateExceptions 窶・蠅・阜蛟､陬懷ｮ・[2m > [22mshould sort by category alphabetically when severity is equal[32m 3[2mms[22m[39m
 [32m笨・[39m src/features/exceptions/domain/__tests__/exceptionLogicBoundary.spec.ts[2m > [22maggregateExceptions 窶・蠅・阜蛟､陬懷ｮ・[2m > [22mshould work with a single group[32m 1[2mms[22m[39m
 [32m笨・[39m src/features/exceptions/domain/__tests__/exceptionLogicBoundary.spec.ts[2m > [22maggregateExceptions 窶・蠅・阜蛟､陬懷ｮ・[2m > [22mshould return correct total count across groups[32m 1[2mms[22m[39m
 [32m笨・[39m src/features/exceptions/domain/__tests__/exceptionLogicBoundary.spec.ts[2m > [22maggregateExceptions 窶・蠅・阜蛟､陬懷ｮ・[2m > [22mshould place medium and low after high[32m 1[2mms[22m[39m
 [32m笨・[39m src/features/exceptions/domain/__tests__/exceptionLogicBoundary.spec.ts[2m > [22mcomputeExceptionStats 窶・蠅・阜蛟､陬懷ｮ・[2m > [22mshould count medium and low severity correctly[32m 1[2mms[22m[39m
 [32m笨・[39m src/features/exceptions/domain/__tests__/exceptionLogicBoundary.spec.ts[2m > [22mcomputeExceptionStats 窶・蠅・阜蛟､陬懷ｮ・[2m > [22mshould count all four categories independently[32m 1[2mms[22m[39m
 [32m笨・[39m src/app/links/__tests__/navigationLinks.test.ts[2m > [22mbuildDailyHubFromTodayUrl[2m > [22m譌･莉倥↑縺励〒 from=today 縺ｮ縺ｿ[32m 4[2mms[22m[39m
 [32m笨・[39m src/app/links/__tests__/navigationLinks.test.ts[2m > [22mbuildDailyHubFromTodayUrl[2m > [22m譌･莉倥≠繧翫〒 from + date 繧剃ｻ倅ｸ・[32m 1[2mms[22m[39m
 [32m笨・[39m src/app/links/__tests__/navigationLinks.test.ts[2m > [22mbuildDailyHubFromTodayUrl[2m > [22m遨ｺ譁・ｭ励・ date 縺ｯ辟｡隕悶＆繧後ｋ[32m 1[2mms[22m[39m
 [32m笨・[39m src/app/links/__tests__/navigationLinks.test.ts[2m > [22mbuildTodayReturnUrl[2m > [22m譌･莉倥↑縺励〒縺ｯ繧ｯ繧ｨ繝ｪ縺ｪ縺・[32m 1[2mms[22m[39m
 [32m笨・[39m src/app/links/__tests__/navigationLinks.test.ts[2m > [22mbuildTodayReturnUrl[2m > [22m譌･莉倥≠繧翫〒 date 繧剃ｻ倅ｸ・[32m 1[2mms[22m[39m
 [32m笨・[39m src/app/links/__tests__/navigationLinks.test.ts[2m > [22mbuildTodayReturnUrl[2m > [22m遨ｺ譁・ｭ励・ date 縺ｯ辟｡隕悶＆繧後ｋ[32m 1[2mms[22m[39m
 [32m笨・[39m src/app/links/__tests__/navigationLinks.test.ts[2m > [22mparseNavQuery[2m > [22mfrom=today & date 繧呈ｭ｣縺励￥繝代・繧ｹ縺吶ｋ[32m 2[2mms[22m[39m
 [32m笨・[39m src/app/links/__tests__/navigationLinks.test.ts[2m > [22mparseNavQuery[2m > [22m遨ｺ縺ｮ繝代Λ繝｡繝ｼ繧ｿ縺ｯ undefined 繧定ｿ斐☆[32m 1[2mms[22m[39m
 [32m笨・[39m src/app/links/__tests__/navigationLinks.test.ts[2m > [22mparseNavQuery[2m > [22m險ｱ蜿ｯ繝ｪ繧ｹ繝亥､悶・ from 縺ｯ undefined 縺ｫ縺吶ｋ[32m 1[2mms[22m[39m
 [32m笨・[39m src/app/links/__tests__/navigationLinks.test.ts[2m > [22mparseNavQuery[2m > [22mdate 縺ｮ縺ｿ・・rom 縺ｪ縺暦ｼ・[32m 1[2mms[22m[39m
 [32m笨・[39m src/app/links/__tests__/navigationLinks.test.ts[2m > [22msceneToTimeBand[2m > [22mmorning-briefing 竊・morning[32m 1[2mms[22m[39m
 [32m笨・[39m src/app/links/__tests__/navigationLinks.test.ts[2m > [22msceneToTimeBand[2m > [22marrival-intake 竊・morning[32m 1[2mms[22m[39m
 [32m笨・[39m src/app/links/__tests__/navigationLinks.test.ts[2m > [22msceneToTimeBand[2m > [22mbefore-am-activity 竊・morning[32m 0[2mms[22m[39m
 [32m笨・[39m src/app/links/__tests__/navigationLinks.test.ts[2m > [22msceneToTimeBand[2m > [22mam-activity 竊・morning[32m 0[2mms[22m[39m
 [32m笨・[39m src/app/links/__tests__/navigationLinks.test.ts[2m > [22msceneToTimeBand[2m > [22mpost-activity 竊・evening[32m 1[2mms[22m[39m
 [32m笨・[39m src/app/links/__tests__/navigationLinks.test.ts[2m > [22msceneToTimeBand[2m > [22mbefore-departure 竊・evening[32m 1[2mms[22m[39m
 [32m笨・[39m src/app/links/__tests__/navigationLinks.test.ts[2m > [22msceneToTimeBand[2m > [22mday-closing 竊・evening[32m 1[2mms[22m[39m
 [32m笨・[39m src/app/links/__tests__/navigationLinks.test.ts[2m > [22msceneToTimeBand[2m > [22mlunch-transition 竊・undefined (蜈ｨ莉ｶ陦ｨ遉ｺ)[32m 1[2mms[22m[39m
 [32m笨・[39m src/app/links/__tests__/navigationLinks.test.ts[2m > [22msceneToTimeBand[2m > [22mbefore-pm-activity 竊・undefined (蜈ｨ莉ｶ陦ｨ遉ｺ)[32m 1[2mms[22m[39m
 [32m笨・[39m src/app/links/__tests__/navigationLinks.test.ts[2m > [22msceneToTimeBand[2m > [22mpm-activity 竊・undefined (蜈ｨ莉ｶ陦ｨ遉ｺ)[32m 1[2mms[22m[39m
 [32m笨・[39m src/app/links/__tests__/navigationLinks.test.ts[2m > [22mbuildHandoffFromTodayState[2m > [22m繝・ヵ繧ｩ繝ｫ繝医〒 dayScope=today, timeFilter=all, from=today[32m 1[2mms[22m[39m
 [32m笨・[39m src/app/links/__tests__/navigationLinks.test.ts[2m > [22mbuildHandoffFromTodayState[2m > [22mtimeFilter 繧呈欠螳壹〒縺阪ｋ[32m 1[2mms[22m[39m
 [32m笨・[39m src/app/links/__tests__/navigationLinks.test.ts[2m > [22mbuildHandoffFromTodayState[2m > [22mfocusUserId 繧呈欠螳壹〒縺阪ｋ[32m 1[2mms[22m[39m
 [32m笨・[39m src/app/links/__tests__/navigationLinks.test.ts[2m > [22mbuildHandoffFromTodayState[2m > [22mtimeFilter=undefined 縺ｮ蝣ｴ蜷医・ all 縺ｫ繝輔か繝ｼ繝ｫ繝舌ャ繧ｯ[32m 1[2mms[22m[39m
 [32m笨・[39m src/app/links/__tests__/navigationLinks.test.ts[2m > [22mbuildIcebergPdcaUrl[2m > [22muserId 繧・query param 縺ｫ蜷ｫ繧√ｋ[32m 1[2mms[22m[39m
 [32m笨・[39m src/app/links/__tests__/navigationLinks.test.ts[2m > [22mbuildIcebergPdcaUrl[2m > [22m迚ｹ谿頑枚蟄励ｒ蜷ｫ繧 userId 繧ゅお繝ｳ繧ｳ繝ｼ繝峨＆繧後ｋ[32m 1[2mms[22m[39m
 [32m笨・[39m src/app/links/__tests__/navigationLinks.test.ts[2m > [22mbuildIcebergPdcaUrl[2m > [22msource 繧ｪ繝励す繝ｧ繝ｳ繧呈欠螳壹☆繧九→ URL 縺ｫ蜷ｫ縺ｾ繧後ｋ[32m 1[2mms[22m[39m
 [32m笨・[39m src/app/links/__tests__/navigationLinks.test.ts[2m > [22mbuildIcebergPdcaUrl[2m > [22msource 譛ｪ謖・ｮ壹↑繧・userId 縺ｮ縺ｿ・亥ｾ梧婿莠呈鋤・・[32m 1[2mms[22m[39m
 [32m笨・[39m src/app/links/__tests__/navigationLinks.test.ts[2m > [22mbuildSupportPlanMonitoringUrl[2m > [22muserId 縺ｨ tab=operations.monitoring 繧・query param 縺ｫ蜷ｫ繧√ｋ[32m 1[2mms[22m[39m
 [32m笨・[39m src/app/links/__tests__/navigationLinks.test.ts[2m > [22mbuildSupportPlanMonitoringUrl[2m > [22mtab 縺ｯ蠢・★ operations.monitoring 蝗ｺ螳・[32m 1[2mms[22m[39m
 [32m笨・[39m src/app/links/__tests__/navigationLinks.test.ts[2m > [22mbuildAbcRecordUrl[2m > [22muserId 縺ｮ縺ｿ謖・ｮ・[32m 1[2mms[22m[39m
 [32m笨・[39m src/app/links/__tests__/navigationLinks.test.ts[2m > [22mbuildAbcRecordUrl[2m > [22mrecordId 繧呈欠螳壹☆繧九→ URL 縺ｫ蜷ｫ縺ｾ繧後ｋ[32m 1[2mms[22m[39m
 [32m笨・[39m src/app/links/__tests__/navigationLinks.test.ts[2m > [22mbuildAbcRecordUrl[2m > [22msource 繧呈欠螳壹☆繧九→ URL 縺ｫ蜷ｫ縺ｾ繧後ｋ[32m 1[2mms[22m[39m
 [32m笨・[39m src/app/links/__tests__/navigationLinks.test.ts[2m > [22mbuildAbcRecordUrl[2m > [22mrecordId + source 縺ｮ荳｡譁ｹ繧呈欠螳・[32m 1[2mms[22m[39m
 [32m笨・[39m src/app/links/__tests__/navigationLinks.test.ts[2m > [22mbuildAbcRecordUrl[2m > [22m繧ｪ繝励す繝ｧ繝ｳ譛ｪ謖・ｮ壹↑繧・userId 縺ｮ縺ｿ[32m 1[2mms[22m[39m
 [32m笨・[39m src/app/links/__tests__/navigationLinks.test.ts[2m > [22mbuildIcebergPdcaUrlWithHighlight[2m > [22muserId + pdcaId 繧・query param 縺ｫ蜷ｫ繧√ｋ[32m 1[2mms[22m[39m
 [32m笨・[39m src/app/links/__tests__/navigationLinks.test.ts[2m > [22mbuildIcebergPdcaUrlWithHighlight[2m > [22msource 繧呈欠螳壹☆繧九→ URL 縺ｫ蜷ｫ縺ｾ繧後ｋ[32m 1[2mms[22m[39m
 [32m笨・[39m src/app/links/__tests__/navigationLinks.test.ts[2m > [22mbuildIcebergPdcaUrlWithHighlight[2m > [22msource 譛ｪ謖・ｮ壹↑繧・pdcaId 縺ｨ userId 縺ｮ縺ｿ[32m 1[2mms[22m[39m
 [32m笨・[39m src/features/daily/__tests__/useTableDailyRecordViewModel.spec.ts[2m > [22museTableDailyRecordViewModel[2m > [22mreturns expected shape and closes after save[32m 29[2mms[22m[39m
 [32m笨・[39m src/features/daily/__tests__/useTableDailyRecordViewModel.spec.ts[2m > [22museTableDailyRecordViewModel[2m > [22mshows toast error on save failure[32m 14[2mms[22m[39m
 [32m笨・[39m tests/contracts/dataProvider.contract.spec.ts[2m > [22mContract: InMemoryDataProvider[2m > [22mRead Operations[2m > [22mlistItems should return an array[32m 6[2mms[22m[39m
 [32m笨・[39m tests/contracts/dataProvider.contract.spec.ts[2m > [22mContract: InMemoryDataProvider[2m > [22mRead Operations[2m > [22mlistItems for non-existent resource should return an empty array or handle gracefully[32m 1[2mms[22m[39m
 [32m笨・[39m tests/contracts/dataProvider.contract.spec.ts[2m > [22mContract: InMemoryDataProvider[2m > [22mRead Operations[2m > [22mgetItemById should throw a descriptive error for non-existent item[32m 3[2mms[22m[39m
 [32m笨・[39m tests/contracts/dataProvider.contract.spec.ts[2m > [22mContract: InMemoryDataProvider[2m > [22mWrite Operations[2m > [22mshould return the created item after createItem[32m 2[2mms[22m[39m
 [32m笨・[39m tests/contracts/dataProvider.contract.spec.ts[2m > [22mContract: InMemoryDataProvider[2m > [22mWrite Operations[2m > [22mshould be able to update an existing item[32m 1[2mms[22m[39m
 [32m笨・[39m tests/contracts/dataProvider.contract.spec.ts[2m > [22mContract: InMemoryDataProvider[2m > [22mWrite Operations[2m > [22mshould successfully delete an item[32m 1[2mms[22m[39m
 [32m笨・[39m tests/contracts/dataProvider.contract.spec.ts[2m > [22mContract: InMemoryDataProvider[2m > [22mMetadata Operations[2m > [22mgetFieldInternalNames should return a Set[32m 1[2mms[22m[39m
 [32m笨・[39m tests/contracts/dataProvider.contract.spec.ts[2m > [22mContract: InMemoryDataProvider[2m > [22mMetadata Operations[2m > [22mgetMetadata should return basic list info[32m 1[2mms[22m[39m
 [32m笨・[39m tests/contracts/dataProvider.contract.spec.ts[2m > [22mContract: LocalStorageDataProvider[2m > [22mRead Operations[2m > [22mlistItems should return an array[32m 1[2mms[22m[39m
 [32m笨・[39m tests/contracts/dataProvider.contract.spec.ts[2m > [22mContract: LocalStorageDataProvider[2m > [22mRead Operations[2m > [22mlistItems for non-existent resource should return an empty array or handle gracefully[32m 1[2mms[22m[39m
 [32m笨・[39m tests/contracts/dataProvider.contract.spec.ts[2m > [22mContract: LocalStorageDataProvider[2m > [22mRead Operations[2m > [22mgetItemById should throw a descriptive error for non-existent item[32m 1[2mms[22m[39m
 [32m笨・[39m tests/contracts/dataProvider.contract.spec.ts[2m > [22mContract: LocalStorageDataProvider[2m > [22mWrite Operations[2m > [22mshould return the created item after createItem[32m 1[2mms[22m[39m
 [32m笨・[39m tests/contracts/dataProvider.contract.spec.ts[2m > [22mContract: LocalStorageDataProvider[2m > [22mWrite Operations[2m > [22mshould be able to update an existing item[32m 1[2mms[22m[39m
 [32m笨・[39m tests/contracts/dataProvider.contract.spec.ts[2m > [22mContract: LocalStorageDataProvider[2m > [22mWrite Operations[2m > [22mshould successfully delete an item[32m 1[2mms[22m[39m
 [32m笨・[39m tests/contracts/dataProvider.contract.spec.ts[2m > [22mContract: LocalStorageDataProvider[2m > [22mMetadata Operations[2m > [22mgetFieldInternalNames should return a Set[32m 1[2mms[22m[39m
 [32m笨・[39m tests/contracts/dataProvider.contract.spec.ts[2m > [22mContract: LocalStorageDataProvider[2m > [22mMetadata Operations[2m > [22mgetMetadata should return basic list info[32m 1[2mms[22m[39m
 [32m笨・[39m tests/contracts/dataProvider.contract.spec.ts[2m > [22mContract: SharePointDataProvider (Mocked)[2m > [22mRead Operations[2m > [22mlistItems should return an array[32m 1[2mms[22m[39m
 [32m笨・[39m tests/contracts/dataProvider.contract.spec.ts[2m > [22mContract: SharePointDataProvider (Mocked)[2m > [22mRead Operations[2m > [22mlistItems for non-existent resource should return an empty array or handle gracefully[32m 1[2mms[22m[39m
 [32m笨・[39m tests/contracts/dataProvider.contract.spec.ts[2m > [22mContract: SharePointDataProvider (Mocked)[2m > [22mRead Operations[2m > [22mgetItemById should throw a descriptive error for non-existent item[32m 1[2mms[22m[39m
 [32m笨・[39m tests/contracts/dataProvider.contract.spec.ts[2m > [22mContract: SharePointDataProvider (Mocked)[2m > [22mWrite Operations[2m > [22mshould return the created item after createItem[32m 1[2mms[22m[39m
 [32m笨・[39m tests/contracts/dataProvider.contract.spec.ts[2m > [22mContract: SharePointDataProvider (Mocked)[2m > [22mWrite Operations[2m > [22mshould be able to update an existing item[32m 1[2mms[22m[39m
 [32m笨・[39m tests/contracts/dataProvider.contract.spec.ts[2m > [22mContract: SharePointDataProvider (Mocked)[2m > [22mWrite Operations[2m > [22mshould successfully delete an item[32m 1[2mms[22m[39m
 [32m笨・[39m tests/contracts/dataProvider.contract.spec.ts[2m > [22mContract: SharePointDataProvider (Mocked)[2m > [22mMetadata Operations[2m > [22mgetFieldInternalNames should return a Set[32m 1[2mms[22m[39m
 [32m笨・[39m tests/contracts/dataProvider.contract.spec.ts[2m > [22mContract: SharePointDataProvider (Mocked)[2m > [22mMetadata Operations[2m > [22mgetMetadata should return basic list info[32m 1[2mms[22m[39m
 [32m笨・[39m tests/unit/ibd.store.spec.ts[2m > [22mibdTypes utilities[2m > [22mcalculateNextReviewDueDate[2m > [22m菴懈・譌･縺九ｉ90譌･蠕後・譌･莉倥ｒ霑斐☆[32m 5[2mms[22m[39m
 [32m笨・[39m tests/unit/ibd.store.spec.ts[2m > [22mibdTypes utilities[2m > [22mcalculateNextReviewDueDate[2m > [22m譛域忰繧定ｷｨ縺仙ｴ蜷医↓豁｣縺励￥險育ｮ励☆繧・[32m 1[2mms[22m[39m
 [32m笨・[39m tests/unit/ibd.store.spec.ts[2m > [22mibdTypes utilities[2m > [22mcalculateNextReviewDueDate[2m > [22mISO 8601 datetime 縺ｧ繧・YYYY-MM-DD 繧定ｿ斐☆[32m 1[2mms[22m[39m
 [32m笨・[39m tests/unit/ibd.store.spec.ts[2m > [22mibdTypes utilities[2m > [22mdaysUntilSPSReview[2m > [22m莉頑律縺梧悄髯・4譌･蜑阪・縺ｨ縺・4繧定ｿ斐☆[32m 1[2mms[22m[39m
 [32m笨・[39m tests/unit/ibd.store.spec.ts[2m > [22mibdTypes utilities[2m > [22mdaysUntilSPSReview[2m > [22m譛滄剞蠖捺律縺ｮ縺ｨ縺・繧定ｿ斐☆[32m 1[2mms[22m[39m
 [32m笨・[39m tests/unit/ibd.store.spec.ts[2m > [22mibdTypes utilities[2m > [22mdaysUntilSPSReview[2m > [22m譛滄剞雜・℃縺ｮ縺ｨ縺崎ｲ縺ｮ蛟､繧定ｿ斐☆[32m 1[2mms[22m[39m
 [32m笨・[39m tests/unit/ibd.store.spec.ts[2m > [22mibdTypes utilities[2m > [22mgetSPSAlertLevel[2m > [22m15譌･莉･荳翫〒 ok[32m 1[2mms[22m[39m
 [32m笨・[39m tests/unit/ibd.store.spec.ts[2m > [22mibdTypes utilities[2m > [22mgetSPSAlertLevel[2m > [22m14譌･莉･蜀・〒 warning[32m 1[2mms[22m[39m
 [32m笨・[39m tests/unit/ibd.store.spec.ts[2m > [22mibdTypes utilities[2m > [22mgetSPSAlertLevel[2m > [22m雋縺ｮ蛟､・域悄髯占ｶ・℃・峨〒 error[32m 1[2mms[22m[39m
 [32m笨・[39m tests/unit/ibd.store.spec.ts[2m > [22mibdStore[2m > [22mSPS CRUD[2m > [22mSPS 繧定ｿｽ蜉縺吶ｋ縺ｨ nextReviewDueDate 縺瑚・蜍戊ｨ育ｮ励＆繧後ｋ[32m 2[2mms[22m[39m
 [32m笨・[39m tests/unit/ibd.store.spec.ts[2m > [22mibdStore[2m > [22mSPS CRUD[2m > [22mSPS 繧呈峩譁ｰ縺ｧ縺阪ｋ[32m 1[2mms[22m[39m
 [32m笨・[39m tests/unit/ibd.store.spec.ts[2m > [22mibdStore[2m > [22mSPS CRUD[2m > [22mSPS 繧貞炎髯､縺ｧ縺阪ｋ[32m 1[2mms[22m[39m
 [32m笨・[39m tests/unit/ibd.store.spec.ts[2m > [22mibdStore[2m > [22mSPS CRUD[2m > [22mSPS 遒ｺ螳壽凾縺ｫ confirmedAt 繧定ｵｷ邂礼せ縺ｨ縺励※ nextReviewDueDate 縺悟・險育ｮ励＆繧後ｋ[32m 2[2mms[22m[39m
 [32m笨・[39m tests/unit/ibd.store.spec.ts[2m > [22mibdStore[2m > [22mSPS 繧｢繝ｩ繝ｼ繝・[2m > [22mconfirmed 縺ｪ SPS 縺ｧ譛滄剞30譌･莉･蜀・・繧ゅ・繧偵い繝ｩ繝ｼ繝医→縺励※霑斐☆[32m 1[2mms[22m[39m
 [32m笨・[39m tests/unit/ibd.store.spec.ts[2m > [22mibdStore[2m > [22mSPS 繧｢繝ｩ繝ｼ繝・[2m > [22mdraft 迥ｶ諷九・ SPS 縺ｯ繧｢繝ｩ繝ｼ繝亥ｯｾ雎｡螟・[32m 1[2mms[22m[39m
 [32m笨・[39m tests/unit/ibd.store.spec.ts[2m > [22mibdStore[2m > [22m隕ｳ蟇溘き繧ｦ繝ｳ繧ｿ繝ｼ[2m > [22m蛻晄悄迥ｶ諷九〒 supportCount 縺ｯ 0[32m 1[2mms[22m[39m
 [32m笨・[39m tests/unit/ibd.store.spec.ts[2m > [22mibdStore[2m > [22m隕ｳ蟇溘き繧ｦ繝ｳ繧ｿ繝ｼ[2m > [22mincrementSupportCount 縺ｧ繧ｫ繧ｦ繝ｳ繝医′蠅怜刈縺吶ｋ[32m 1[2mms[22m[39m
 [32m笨・[39m tests/unit/ibd.store.spec.ts[2m > [22mibdStore[2m > [22m隕ｳ蟇溘き繧ｦ繝ｳ繧ｿ繝ｼ[2m > [22mresetSupportCount 縺ｧ繧ｫ繧ｦ繝ｳ繝医′0縺ｫ繝ｪ繧ｻ繝・ヨ縺輔ｌ繧・[32m 1[2mms[22m[39m
 [32m笨・[39m tests/unit/ibd.store.spec.ts[2m > [22mibdStore[2m > [22m隕ｳ蟇溘き繧ｦ繝ｳ繧ｿ繝ｼ[2m > [22maddSupervisionLog 縺ｧ繧ｫ繧ｦ繝ｳ繧ｿ繝ｼ縺瑚・蜍輔Μ繧ｻ繝・ヨ縺輔ｌ繧・[32m 1[2mms[22m[39m
 [32m笨・[39m tests/unit/ibd.store.spec.ts[2m > [22mcanConfirmSPS[2m > [22m螳溯ｷｵ遐比ｿｮ菫ｮ莠・・・遒ｺ螳壼庄閭ｽ[32m 1[2mms[22m[39m
 [32m笨・[39m tests/unit/ibd.store.spec.ts[2m > [22mcanConfirmSPS[2m > [22m髱樔ｿｮ莠・・・遒ｺ螳壻ｸ榊庄縺ｧ逅・罰繝｡繝・そ繝ｼ繧ｸ縺ゅｊ[32m 1[2mms[22m[39m
 [32m笨・[39m tests/unit/ibd.store.spec.ts[2m > [22mgetSupervisionAlertLevel[2m > [22m0蝗槭〒 ok[32m 1[2mms[22m[39m
 [32m笨・[39m tests/unit/ibd.store.spec.ts[2m > [22mgetSupervisionAlertLevel[2m > [22m1蝗槭〒 warning[32m 0[2mms[22m[39m
 [32m笨・[39m tests/unit/ibd.store.spec.ts[2m > [22mgetSupervisionAlertLevel[2m > [22m2蝗樔ｻ･荳翫〒 overdue[32m 1[2mms[22m[39m
 [32m笨・[39m tests/unit/ibd.store.spec.ts[2m > [22mgetSupervisionAlertMessage[2m > [22m0蝗槭〒遨ｺ譁・ｭ励ｒ霑斐☆[32m 1[2mms[22m[39m
 [32m笨・[39m tests/unit/ibd.store.spec.ts[2m > [22mgetSupervisionAlertMessage[2m > [22m1蝗槭〒謗ｨ螂ｨ繝｡繝・そ繝ｼ繧ｸ繧定ｿ斐☆[32m 1[2mms[22m[39m
 [32m笨・[39m tests/unit/ibd.store.spec.ts[2m > [22mgetSupervisionAlertMessage[2m > [22m2蝗樔ｻ･荳翫〒雜・℃繝｡繝・そ繝ｼ繧ｸ繧定ｿ斐☆[32m 0[2mms[22m[39m
 [32m笨・[39m src/features/meeting-minutes/sp/__tests__/buildPatchBody.spec.ts[2m > [22mbuildPatchBody[2m > [22m遨ｺ縺ｮ patch[2m > [22mshould return empty object when patch is empty {}[32m 5[2mms[22m[39m
 [32m笨・[39m src/features/meeting-minutes/sp/__tests__/buildPatchBody.spec.ts[2m > [22mbuildPatchBody[2m > [22m遨ｺ縺ｮ patch[2m > [22mshould return empty object when all fields are explicitly undefined[32m 1[2mms[22m[39m
 [32m笨・[39m src/features/meeting-minutes/sp/__tests__/buildPatchBody.spec.ts[2m > [22mbuildPatchBody[2m > [22mundefined 繝輔ぅ繝ｼ繝ｫ繝蛾勁螟・[2m > [22mshould not include title when undefined[32m 2[2mms[22m[39m
 [32m笨・[39m src/features/meeting-minutes/sp/__tests__/buildPatchBody.spec.ts[2m > [22mbuildPatchBody[2m > [22mundefined 繝輔ぅ繝ｼ繝ｫ繝蛾勁螟・[2m > [22mshould not include category when undefined[32m 1[2mms[22m[39m
 [32m笨・[39m src/features/meeting-minutes/sp/__tests__/buildPatchBody.spec.ts[2m > [22mbuildPatchBody[2m > [22mundefined 繝輔ぅ繝ｼ繝ｫ繝蛾勁螟・[2m > [22mbody should only contain keys for defined fields[32m 1[2mms[22m[39m
 [32m笨・[39m src/features/meeting-minutes/sp/__tests__/buildPatchBody.spec.ts[2m > [22mbuildPatchBody[2m > [22m遨ｺ譁・ｭ励・false 縺ｯ payload 縺ｫ蜷ｫ繧√ｋ[2m > [22mshould include title when empty string (explicit clear)[32m 1[2mms[22m[39m
 [32m笨・[39m src/features/meeting-minutes/sp/__tests__/buildPatchBody.spec.ts[2m > [22mbuildPatchBody[2m > [22m遨ｺ譁・ｭ励・false 縺ｯ payload 縺ｫ蜷ｫ繧√ｋ[2m > [22mshould include summary when empty string[32m 1[2mms[22m[39m
 [32m笨・[39m src/features/meeting-minutes/sp/__tests__/buildPatchBody.spec.ts[2m > [22mbuildPatchBody[2m > [22m遨ｺ譁・ｭ励・false 縺ｯ payload 縺ｫ蜷ｫ繧√ｋ[2m > [22mshould include isPublished when false (unpublish)[32m 1[2mms[22m[39m
 [32m笨・[39m src/features/meeting-minutes/sp/__tests__/buildPatchBody.spec.ts[2m > [22mbuildPatchBody[2m > [22m遨ｺ譁・ｭ励・false 縺ｯ payload 縺ｫ蜷ｫ繧√ｋ[2m > [22mshould include tags when empty string (clear tags)[32m 1[2mms[22m[39m
 [32m笨・[39m src/features/meeting-minutes/sp/__tests__/buildPatchBody.spec.ts[2m > [22mbuildPatchBody[2m > [22mkey 蜷阪′ SP Internal Name 縺ｫ蟇ｾ蠢懊＠縺ｦ縺・ｋ[2m > [22mtitle 竊・F.title (Title)[32m 1[2mms[22m[39m
 [32m笨・[39m src/features/meeting-minutes/sp/__tests__/buildPatchBody.spec.ts[2m > [22mbuildPatchBody[2m > [22mkey 蜷阪′ SP Internal Name 縺ｫ蟇ｾ蠢懊＠縺ｦ縺・ｋ[2m > [22mmeetingDate 竊・F.meetingDate (MeetingDate)[32m 1[2mms[22m[39m
 [32m笨・[39m src/features/meeting-minutes/sp/__tests__/buildPatchBody.spec.ts[2m > [22mbuildPatchBody[2m > [22mkey 蜷阪′ SP Internal Name 縺ｫ蟇ｾ蠢懊＠縺ｦ縺・ｋ[2m > [22mcategory 竊・F.category (Category)[32m 1[2mms[22m[39m
 [32m笨・[39m src/features/meeting-minutes/sp/__tests__/buildPatchBody.spec.ts[2m > [22mbuildPatchBody[2m > [22mkey 蜷阪′ SP Internal Name 縺ｫ蟇ｾ蠢懊＠縺ｦ縺・ｋ[2m > [22msummary 竊・F.summary (Summary)[32m 1[2mms[22m[39m
 [32m笨・[39m src/features/meeting-minutes/sp/__tests__/buildPatchBody.spec.ts[2m > [22mbuildPatchBody[2m > [22mkey 蜷阪′ SP Internal Name 縺ｫ蟇ｾ蠢懊＠縺ｦ縺・ｋ[2m > [22mdecisions 竊・F.decisions (Decisions)[32m 1[2mms[22m[39m
 [32m笨・[39m src/features/meeting-minutes/sp/__tests__/buildPatchBody.spec.ts[2m > [22mbuildPatchBody[2m > [22mkey 蜷阪′ SP Internal Name 縺ｫ蟇ｾ蠢懊＠縺ｦ縺・ｋ[2m > [22mactions 竊・F.actions (Actions)[32m 1[2mms[22m[39m
 [32m笨・[39m src/features/meeting-minutes/sp/__tests__/buildPatchBody.spec.ts[2m > [22mbuildPatchBody[2m > [22mkey 蜷阪′ SP Internal Name 縺ｫ蟇ｾ蠢懊＠縺ｦ縺・ｋ[2m > [22mtags 竊・F.tags (Tags)[32m 1[2mms[22m[39m
 [32m笨・[39m src/features/meeting-minutes/sp/__tests__/buildPatchBody.spec.ts[2m > [22mbuildPatchBody[2m > [22mkey 蜷阪′ SP Internal Name 縺ｫ蟇ｾ蠢懊＠縺ｦ縺・ｋ[2m > [22misPublished 竊・F.isPublished (IsPublished) as true[32m 1[2mms[22m[39m
 [32m笨・[39m src/features/meeting-minutes/sp/__tests__/buildPatchBody.spec.ts[2m > [22mbuildPatchBody[2m > [22mkey 蜷阪′ SP Internal Name 縺ｫ蟇ｾ蠢懊＠縺ｦ縺・ｋ[2m > [22mchair 竊・F.chair (Chair)[32m 1[2mms[22m[39m
 [32m笨・[39m src/features/meeting-minutes/sp/__tests__/buildPatchBody.spec.ts[2m > [22mbuildPatchBody[2m > [22mkey 蜷阪′ SP Internal Name 縺ｫ蟇ｾ蠢懊＠縺ｦ縺・ｋ[2m > [22mscribe 竊・F.scribe (Scribe)[32m 1[2mms[22m[39m
 [32m笨・[39m src/features/meeting-minutes/sp/__tests__/buildPatchBody.spec.ts[2m > [22mbuildPatchBody[2m > [22mkey 蜷阪′ SP Internal Name 縺ｫ蟇ｾ蠢懊＠縺ｦ縺・ｋ[2m > [22mstaffAttendance 竊・F.staffAttendance[32m 1[2mms[22m[39m
 [32m笨・[39m src/features/meeting-minutes/sp/__tests__/buildPatchBody.spec.ts[2m > [22mbuildPatchBody[2m > [22mkey 蜷阪′ SP Internal Name 縺ｫ蟇ｾ蠢懊＠縺ｦ縺・ｋ[2m > [22muserHealthNotes 竊・F.userHealthNotes[32m 1[2mms[22m[39m
 [32m笨・[39m src/features/meeting-minutes/sp/__tests__/buildPatchBody.spec.ts[2m > [22mbuildPatchBody[2m > [22mattendees (JSON.stringify)[2m > [22mshould serialize attendees array to JSON string[32m 1[2mms[22m[39m
 [32m笨・[39m src/features/meeting-minutes/sp/__tests__/buildPatchBody.spec.ts[2m > [22mbuildPatchBody[2m > [22mattendees (JSON.stringify)[2m > [22mshould serialize empty attendees array to "[]"[32m 1[2mms[22m[39m
 [32m笨・[39m src/features/meeting-minutes/sp/__tests__/buildPatchBody.spec.ts[2m > [22mbuildPatchBody[2m > [22mattendees (JSON.stringify)[2m > [22mshould NOT include attendees key when undefined[32m 1[2mms[22m[39m
 [32m笨・[39m src/features/meeting-minutes/sp/__tests__/buildPatchBody.spec.ts[2m > [22mbuildPatchBody[2m > [22mattendees (JSON.stringify)[2m > [22mserialized attendees should be parseable back to original[32m 1[2mms[22m[39m
 [32m笨・[39m src/features/meeting-minutes/sp/__tests__/buildPatchBody.spec.ts[2m > [22mbuildPatchBody[2m > [22mPATCH 蟇ｾ雎｡螟悶ヵ繧｣繝ｼ繝ｫ繝峨・髯､螟・[2m > [22mshould never include id field in patch body[32m 1[2mms[22m[39m
 [32m笨・[39m src/features/meeting-minutes/sp/__tests__/buildPatchBody.spec.ts[2m > [22mbuildPatchBody[2m > [22mPATCH 蟇ｾ雎｡螟悶ヵ繧｣繝ｼ繝ｫ繝峨・髯､螟・[2m > [22mshould never include created field in patch body[32m 1[2mms[22m[39m
 [32m笨・[39m src/features/meeting-minutes/sp/__tests__/buildPatchBody.spec.ts[2m > [22mbuildPatchBody[2m > [22mPATCH 蟇ｾ雎｡螟悶ヵ繧｣繝ｼ繝ｫ繝峨・髯､螟・[2m > [22mshould never include modified field in patch body[32m 1[2mms[22m[39m
 [32m笨・[39m src/features/meeting-minutes/sp/__tests__/buildPatchBody.spec.ts[2m > [22mbuildPatchBody[2m > [22m隍・粋譖ｴ譁ｰ[2m > [22mshould include all provided fields in one call[32m 6[2mms[22m[39m
 [32m笨・[39m src/features/meeting-minutes/sp/__tests__/buildPatchBody.spec.ts[2m > [22mbuildPatchBody[2m > [22m隍・粋譖ｴ譁ｰ[2m > [22mfull patch: all updatable fields should appear in body[32m 1[2mms[22m[39m
[90mstdout[2m | tests/unit/spClient.branches.spec.ts
[22m[39m[MSAL ENV] Validated successfully

 [32m笨・[39m src/domain/regulatory/__tests__/severeAddonFindings.spec.ts[2m > [22mbuildSevereAddonFindings[2m > [22m蝓ｺ遉守比ｿｮ豈皮紫 20% 莉･荳・竊・finding 縺ｪ縺・[32m 6[2mms[22m[39m
 [32m笨・[39m src/domain/regulatory/__tests__/severeAddonFindings.spec.ts[2m > [22mbuildSevereAddonFindings[2m > [22m蝓ｺ遉守比ｿｮ豈皮紫 20% 譛ｪ貅 竊・finding 縺ゅｊ[32m 2[2mms[22m[39m
 [32m笨・[39m src/domain/regulatory/__tests__/severeAddonFindings.spec.ts[2m > [22mbuildSevereAddonFindings[2m > [22m蜈ｨ蜩｡菫ｮ莠・竊・finding 縺ｪ縺・[32m 1[2mms[22m[39m
 [32m笨・[39m src/domain/regulatory/__tests__/severeAddonFindings.spec.ts[2m > [22mbuildSevereAddonFindings[2m > [22m蛹ｺ蛻・繝ｻ陦悟虚12 竊・tier2蛟呵｣・[32m 1[2mms[22m[39m
 [32m笨・[39m src/domain/regulatory/__tests__/severeAddonFindings.spec.ts[2m > [22mbuildSevereAddonFindings[2m > [22m蛹ｺ蛻・繝ｻ陦悟虚12 竊・tier3蛟呵｣懶ｼ・ier2縺ｧ縺ｯ縺ｪ縺・ｼ・[32m 2[2mms[22m[39m
 [32m笨・[39m src/domain/regulatory/__tests__/severeAddonFindings.spec.ts[2m > [22mbuildSevereAddonFindings[2m > [22m蛹ｺ蛻・繝ｻ陦悟虚18 竊・荳贋ｽ榊玄蛻・｡ｨ遉ｺ[32m 1[2mms[22m[39m
 [32m笨・[39m src/domain/regulatory/__tests__/severeAddonFindings.spec.ts[2m > [22mbuildSevereAddonFindings[2m > [22m蛹ｺ蛻・繝ｻ陦悟虚5 竊・蛟呵｣懊↑縺・[32m 1[2mms[22m[39m
 [32m笨・[39m src/domain/regulatory/__tests__/severeAddonFindings.spec.ts[2m > [22mbuildSevereAddonFindings[2m > [22m髱槫呵｣懷茜逕ｨ閠・・騾ｱ谺｡隕ｳ蟇溘・蜀崎ｩ穂ｾ｡繝√ぉ繝・け繧偵せ繧ｭ繝・・縺吶ｋ[32m 1[2mms[22m[39m
 [32m笨・[39m src/domain/regulatory/__tests__/severeAddonFindings.spec.ts[2m > [22mbuildSevereAddonFindings[2m > [22m蛟呵｣懷茜逕ｨ閠・〒騾ｱ谺｡隕ｳ蟇滉ｸ崎ｶｳ 竊・finding 縺ゅｊ[32m 1[2mms[22m[39m
 [32m笨・[39m src/domain/regulatory/__tests__/severeAddonFindings.spec.ts[2m > [22mbuildSevereAddonFindings[2m > [22m蛟呵｣懷茜逕ｨ閠・〒騾ｱ谺｡隕ｳ蟇溘≠繧・竊・finding 縺ｪ縺・[32m 1[2mms[22m[39m
 [32m笨・[39m src/domain/regulatory/__tests__/severeAddonFindings.spec.ts[2m > [22mbuildSevereAddonFindings[2m > [22m蛟呵｣懷茜逕ｨ閠・〒蜀崎ｩ穂ｾ｡譛ｪ螳滓命 竊・finding 縺ゅｊ (high)[32m 1[2mms[22m[39m
 [32m笨・[39m src/domain/regulatory/__tests__/severeAddonFindings.spec.ts[2m > [22mbuildSevereAddonFindings[2m > [22m蛟呵｣懷茜逕ｨ閠・〒91譌･蜑阪・蜀崎ｩ穂ｾ｡ 竊・finding 縺ゅｊ[32m 1[2mms[22m[39m
 [32m笨・[39m src/domain/regulatory/__tests__/severeAddonFindings.spec.ts[2m > [22mbuildSevereAddonFindings[2m > [22m蛟呵｣懷茜逕ｨ閠・〒89譌･蜑阪・蜀崎ｩ穂ｾ｡ 竊・finding 縺ｪ縺・[32m 1[2mms[22m[39m
 [32m笨・[39m src/domain/regulatory/__tests__/severeAddonFindings.spec.ts[2m > [22mbuildSevereAddonFindings[2m > [22m蜀崎ｩ穂ｾ｡繝槭ャ繝励↓霈峨▲縺ｦ縺・↑縺・茜逕ｨ閠・・蜀崎ｩ穂ｾ｡譛ｪ螳滓命謇ｱ縺・[32m 1[2mms[22m[39m
 [32m笨・[39m src/domain/regulatory/__tests__/severeAddonFindings.spec.ts[2m > [22mbuildSevereAddonFindings[2m > [22m隍・焚蛻ｩ逕ｨ閠・+ 豈皮紫荳崎ｶｳ 竊・隍・粋 findings[32m 1[2mms[22m[39m
 [32m笨・[39m src/domain/regulatory/__tests__/severeAddonFindings.spec.ts[2m > [22mbuildSevereAddonFindings[2m > [22muserName 縺・findings 縺ｫ莨晄眺縺吶ｋ[32m 1[2mms[22m[39m
 [32m笨・[39m src/domain/regulatory/__tests__/severeAddonFindings.spec.ts[2m > [22mbuildSevereAddonFindings[2m > [22m蜈ｨ finding 縺ｮ ID 縺御ｸ諢・[32m 1[2mms[22m[39m
 [32m笨・[39m src/domain/regulatory/__tests__/severeAddonFindings.spec.ts[2m > [22mbuildSevereAddonFindings[2m > [22m蛟呵｣懷茜逕ｨ閠・〒菴懈・閠・ｦ∽ｻｶ荳榊ｙ 竊・finding 縺ゅｊ (high)[32m 1[2mms[22m[39m
 [32m笨・[39m src/domain/regulatory/__tests__/severeAddonFindings.spec.ts[2m > [22mbuildSevereAddonFindings[2m > [22m髱槫呵｣懷茜逕ｨ閠・・菴懈・閠・ｦ∽ｻｶ繝√ぉ繝・け繧偵せ繧ｭ繝・・[32m 1[2mms[22m[39m
 [32m笨・[39m src/domain/regulatory/__tests__/severeAddonFindings.spec.ts[2m > [22mbuildSevereAddonFindings[2m > [22m蛟呵｣懷茜逕ｨ閠・〒雉・ｼ縺ｪ縺鈴・鄂ｮ 竊・finding 縺ゅｊ (medium)[32m 1[2mms[22m[39m
 [32m笨・[39m src/domain/regulatory/__tests__/severeAddonFindings.spec.ts[2m > [22mbuildSevereAddonFindings[2m > [22m髱槫呵｣懷茜逕ｨ閠・・雉・ｼ驟咲ｽｮ繝√ぉ繝・け繧偵せ繧ｭ繝・・[32m 1[2mms[22m[39m
 [32m笨・[39m src/domain/regulatory/__tests__/severeAddonFindings.spec.ts[2m > [22msummarizeSevereAddonFindings[2m > [22m遨ｺ縺ｮ findings 竊・蜈ｨ縺ｦ 0[32m 1[2mms[22m[39m
 [32m笨・[39m src/domain/regulatory/__tests__/severeAddonFindings.spec.ts[2m > [22msummarizeSevereAddonFindings[2m > [22m隍・粋 findings 縺ｮ繧ｫ繧ｦ繝ｳ繝医′豁｣縺励＞[32m 1[2mms[22m[39m
 [32m笨・[39m src/domain/regulatory/__tests__/severeAddonFindings.spec.ts[2m > [22msummarizeSevereAddonFindings[2m > [22m菴懈・閠・ｦ∽ｻｶ荳榊ｙ繝ｻ雉・ｼ縺ｪ縺鈴・鄂ｮ縺ｮ繧ｫ繧ｦ繝ｳ繧ｿ繝ｼ縺梧ｭ｣縺励＞[32m 1[2mms[22m[39m
 [32m笨・[39m src/domain/regulatory/__tests__/severeAddonFindings.spec.ts[2m > [22mSEVERE_ADDON_FINDING_TYPE_LABELS[2m > [22m蜈ｨ遞ｮ蛻･縺ｫ繝ｩ繝吶Ν縺悟ｮ夂ｾｩ縺輔ｌ縺ｦ縺・ｋ[32m 1[2mms[22m[39m
 [32m笨・[39m src/features/handoff/actions/handoffActions.logger.spec.ts[2m > [22mclassifyAuditPersistError[2m > [22mclassifies TypeError with "fetch" as audit_persist_network[32m 4[2mms[22m[39m
 [32m笨・[39m src/features/handoff/actions/handoffActions.logger.spec.ts[2m > [22mclassifyAuditPersistError[2m > [22mclassifies TypeError with "network" as audit_persist_network[32m 1[2mms[22m[39m
 [32m笨・[39m src/features/handoff/actions/handoffActions.logger.spec.ts[2m > [22mclassifyAuditPersistError[2m > [22mclassifies DOMException as audit_persist_storage[32m 1[2mms[22m[39m
 [32m笨・[39m src/features/handoff/actions/handoffActions.logger.spec.ts[2m > [22mclassifyAuditPersistError[2m > [22mclassifies DOMException (any name) as audit_persist_storage[32m 1[2mms[22m[39m
 [32m笨・[39m src/features/handoff/actions/handoffActions.logger.spec.ts[2m > [22mclassifyAuditPersistError[2m > [22mclassifies unknown errors as audit_persist_unknown[32m 1[2mms[22m[39m
 [32m笨・[39m src/features/handoff/actions/handoffActions.logger.spec.ts[2m > [22mlogHandoffCreated[2m > [22memits correct event name via auditLog.info[32m 5[2mms[22m[39m
 [32m笨・[39m src/features/handoff/actions/handoffActions.logger.spec.ts[2m > [22mlogHandoffCreated[2m > [22mdoes NOT include PII (display names)[32m 2[2mms[22m[39m
 [32m笨・[39m src/features/handoff/actions/handoffActions.logger.spec.ts[2m > [22mlogStatusChanged[2m > [22memits correct event name via auditLog.info[32m 1[2mms[22m[39m
 [32m笨・[39m src/features/handoff/actions/handoffActions.logger.spec.ts[2m > [22mlogStatusChanged[2m > [22mdoes NOT include PII[32m 1[2mms[22m[39m
 [32m笨・[39m src/features/handoff/actions/handoffActions.logger.spec.ts[2m > [22mlogWorkflowBlocked[2m > [22memits correct event name via auditLog.warn[32m 1[2mms[22m[39m
 [32m笨・[39m src/features/handoff/actions/handoffActions.logger.spec.ts[2m > [22mlogWorkflowBlocked[2m > [22msupports di_not_provided reason[32m 1[2mms[22m[39m
 [32m笨・[39m src/features/handoff/actions/handoffActions.logger.spec.ts[2m > [22mlogAuditPersistFailed[2m > [22mcalls both auditLog.error and persistentLogger.error[32m 2[2mms[22m[39m
 [32m笨・[39m src/features/handoff/actions/handoffActions.logger.spec.ts[2m > [22mlogAuditPersistFailed[2m > [22mincludes errorClass in persisted error message[32m 1[2mms[22m[39m
 [32m笨・[39m src/features/handoff/actions/handoffActions.logger.spec.ts[2m > [22mlogAuditPersistFailed[2m > [22mdoes NOT include PII in error event[32m 1[2mms[22m[39m
 [32m笨・[39m src/features/handoff/actions/handoffActions.logger.spec.ts[2m > [22mfire-and-forget safety[2m > [22mlogHandoffCreated does not throw when auditLog throws[32m 4[2mms[22m[39m
 [32m笨・[39m src/features/handoff/actions/handoffActions.logger.spec.ts[2m > [22mfire-and-forget safety[2m > [22mlogStatusChanged does not throw when auditLog throws[32m 1[2mms[22m[39m
 [32m笨・[39m src/features/handoff/actions/handoffActions.logger.spec.ts[2m > [22mfire-and-forget safety[2m > [22mlogWorkflowBlocked does not throw when auditLog throws[32m 1[2mms[22m[39m
 [32m笨・[39m src/features/handoff/actions/handoffActions.logger.spec.ts[2m > [22mfire-and-forget safety[2m > [22mlogAuditPersistFailed does not throw when auditLog throws[32m 1[2mms[22m[39m
 [32m笨・[39m src/lib/__tests__/classifyError.spec.ts[2m > [22mclassifyError[2m > [22mreturns auth for status 401[32m 4[2mms[22m[39m
 [32m笨・[39m src/lib/__tests__/classifyError.spec.ts[2m > [22mclassifyError[2m > [22mreturns auth for status 403[32m 1[2mms[22m[39m
 [32m笨・[39m src/lib/__tests__/classifyError.spec.ts[2m > [22mclassifyError[2m > [22mreturns auth for statusCode 401[32m 1[2mms[22m[39m
 [32m笨・[39m src/lib/__tests__/classifyError.spec.ts[2m > [22mclassifyError[2m > [22mreturns auth for MSAL interaction_required[32m 1[2mms[22m[39m
 [32m笨・[39m src/lib/__tests__/classifyError.spec.ts[2m > [22mclassifyError[2m > [22mreturns auth for consent_required[32m 1[2mms[22m[39m
 [32m笨・[39m src/lib/__tests__/classifyError.spec.ts[2m > [22mclassifyError[2m > [22mreturns auth for login_required[32m 1[2mms[22m[39m
 [32m笨・[39m src/lib/__tests__/classifyError.spec.ts[2m > [22mclassifyError[2m > [22mreturns auth for "no signed-in account"[32m 1[2mms[22m[39m
 [32m笨・[39m src/lib/__tests__/classifyError.spec.ts[2m > [22mclassifyError[2m > [22mreturns auth for AADSTS70011 code[32m 1[2mms[22m[39m
 [32m笨・[39m src/lib/__tests__/classifyError.spec.ts[2m > [22mclassifyError[2m > [22mreturns auth for ".default scope can't be combined"[32m 1[2mms[22m[39m
 [32m笨・[39m src/lib/__tests__/classifyError.spec.ts[2m > [22mclassifyError[2m > [22mreturns auth for "unauthorized" keyword[32m 1[2mms[22m[39m
 [32m笨・[39m src/lib/__tests__/classifyError.spec.ts[2m > [22mclassifyError[2m > [22mreturns auth for "forbidden" keyword[32m 1[2mms[22m[39m
 [32m笨・[39m src/lib/__tests__/classifyError.spec.ts[2m > [22mclassifyError[2m > [22mreturns auth when code contains auth keyword[32m 1[2mms[22m[39m
 [32m笨・[39m src/lib/__tests__/classifyError.spec.ts[2m > [22mclassifyError[2m > [22mreturns timeout for "timeout" keyword[32m 1[2mms[22m[39m
 [32m笨・[39m src/lib/__tests__/classifyError.spec.ts[2m > [22mclassifyError[2m > [22mreturns timeout for "timed out" keyword[32m 1[2mms[22m[39m
 [32m笨・[39m src/lib/__tests__/classifyError.spec.ts[2m > [22mclassifyError[2m > [22mreturns timeout for "deadline" keyword[32m 1[2mms[22m[39m
 [32m笨・[39m src/lib/__tests__/classifyError.spec.ts[2m > [22mclassifyError[2m > [22mreturns timeout for status 504[32m 1[2mms[22m[39m
 [32m笨・[39m src/lib/__tests__/classifyError.spec.ts[2m > [22mclassifyError[2m > [22mreturns network for "failed to fetch"[32m 1[2mms[22m[39m
 [32m笨・[39m src/lib/__tests__/classifyError.spec.ts[2m > [22mclassifyError[2m > [22mreturns network for "network error"[32m 1[2mms[22m[39m
 [32m笨・[39m src/lib/__tests__/classifyError.spec.ts[2m > [22mclassifyError[2m > [22mreturns network for "connectivity"[32m 1[2mms[22m[39m
 [32m笨・[39m src/lib/__tests__/classifyError.spec.ts[2m > [22mclassifyError[2m > [22mreturns network for 429 rate limit[32m 1[2mms[22m[39m
 [32m笨・[39m src/lib/__tests__/classifyError.spec.ts[2m > [22mclassifyError[2m > [22mreturns network for 503 service unavailable[32m 1[2mms[22m[39m
 [32m笨・[39m src/lib/__tests__/classifyError.spec.ts[2m > [22mclassifyError[2m > [22mreturns schema for "does not exist"[32m 1[2mms[22m[39m
 [32m笨・[39m src/lib/__tests__/classifyError.spec.ts[2m > [22mclassifyError[2m > [22mreturns schema for "property" keyword[32m 1[2mms[22m[39m
 [32m笨・[39m src/lib/__tests__/classifyError.spec.ts[2m > [22mclassifyError[2m > [22mreturns schema for "field" keyword[32m 1[2mms[22m[39m
 [32m笨・[39m src/lib/__tests__/classifyError.spec.ts[2m > [22mclassifyError[2m > [22mreturns schema for "schema" keyword[32m 1[2mms[22m[39m
 [32m笨・[39m src/lib/__tests__/classifyError.spec.ts[2m > [22mclassifyError[2m > [22mreturns schema for "invalid" keyword[32m 1[2mms[22m[39m
 [32m笨・[39m src/lib/__tests__/classifyError.spec.ts[2m > [22mclassifyError[2m > [22mreturns server for status 500[32m 1[2mms[22m[39m
 [32m笨・[39m src/lib/__tests__/classifyError.spec.ts[2m > [22mclassifyError[2m > [22mreturns server for status 502[32m 1[2mms[22m[39m
 [32m笨・[39m src/lib/__tests__/classifyError.spec.ts[2m > [22mclassifyError[2m > [22mreturns unknown for unrecognised error[32m 1[2mms[22m[39m
 [32m笨・[39m src/lib/__tests__/classifyError.spec.ts[2m > [22mclassifyError[2m > [22mreturns unknown for empty error[32m 1[2mms[22m[39m
 [32m笨・[39m src/lib/__tests__/classifyError.spec.ts[2m > [22mclassifyError[2m > [22mprioritises timeout over network when message has timeout keywords[32m 1[2mms[22m[39m
 [32m笨・[39m src/lib/__tests__/classifyError.spec.ts[2m > [22mclassifyError[2m > [22mprioritises auth over timeout for status 401[32m 1[2mms[22m[39m
 [32m笨・[39m src/lib/__tests__/classifyError.spec.ts[2m > [22mclassifyErrorWithHint[2m > [22mreturns { kind, hint } for classified error[32m 1[2mms[22m[39m
 [32m笨・[39m src/lib/__tests__/classifyError.spec.ts[2m > [22mclassifyErrorWithHint[2m > [22mreturns unknown with hint for null[32m 1[2mms[22m[39m
 [32m笨・[39m src/lib/__tests__/classifyError.spec.ts[2m > [22mclassifyErrorWithHint[2m > [22mreturns unknown with hint for undefined[32m 1[2mms[22m[39m
 [32m笨・[39m src/lib/__tests__/classifyError.spec.ts[2m > [22mclassifyErrorWithHint[2m > [22mreturns Japanese hint for each error kind[32m 1[2mms[22m[39m
 [32m笨・[39m src/domain/regulatory/__tests__/findingToHandoff.spec.ts[2m > [22mbuildHandoffFromRegularFinding[2m > [22mtitle 縺ｫ蛻ｶ蠎ｦ繝√ぉ繝・け縺ｨ遞ｮ蛻･繝ｩ繝吶Ν縺悟・繧・[32m 5[2mms[22m[39m
 [32m笨・[39m src/domain/regulatory/__tests__/findingToHandoff.spec.ts[2m > [22mbuildHandoffFromRegularFinding[2m > [22msourceType 縺・regulatory-finding[32m 1[2mms[22m[39m
 [32m笨・[39m src/domain/regulatory/__tests__/findingToHandoff.spec.ts[2m > [22mbuildHandoffFromRegularFinding[2m > [22msourceKey 縺ｫ finding ID 縺悟性縺ｾ繧後ｋ[32m 1[2mms[22m[39m
 [32m笨・[39m src/domain/regulatory/__tests__/findingToHandoff.spec.ts[2m > [22mbuildHandoffFromRegularFinding[2m > [22mhigh severity 竊・驥崎ｦ・[32m 1[2mms[22m[39m
 [32m笨・[39m src/domain/regulatory/__tests__/findingToHandoff.spec.ts[2m > [22mbuildHandoffFromRegularFinding[2m > [22mmedium severity 竊・隕∵ｳｨ諢・[32m 1[2mms[22m[39m
 [32m笨・[39m src/domain/regulatory/__tests__/findingToHandoff.spec.ts[2m > [22mbuildHandoffFromRegularFinding[2m > [22mlow severity 竊・騾壼ｸｸ[32m 1[2mms[22m[39m
 [32m笨・[39m src/domain/regulatory/__tests__/findingToHandoff.spec.ts[2m > [22mbuildHandoffFromRegularFinding[2m > [22mreview_overdue 竊・body 縺ｫ雜・℃譌･謨ｰ縺悟性縺ｾ繧後ｋ[32m 1[2mms[22m[39m
 [32m笨・[39m src/domain/regulatory/__tests__/findingToHandoff.spec.ts[2m > [22mbuildHandoffFromRegularFinding[2m > [22mplanning_sheet_missing 竊・body 縺ｫ繧ｷ繝ｼ繝域悴菴懈・縺悟性縺ｾ繧後ｋ[32m 1[2mms[22m[39m
 [32m笨・[39m src/domain/regulatory/__tests__/findingToHandoff.spec.ts[2m > [22mbuildHandoffFromRegularFinding[2m > [22mdelivery_missing 竊・body 縺ｫ譛ｪ莠､莉倥′蜷ｫ縺ｾ繧後ｋ[32m 1[2mms[22m[39m
 [32m笨・[39m src/domain/regulatory/__tests__/findingToHandoff.spec.ts[2m > [22mbuildHandoffFromRegularFinding[2m > [22mprocedure_record_gap 竊・category 縺御ｺ区腐繝ｻ繝偵Ζ繝ｪ[32m 1[2mms[22m[39m
 [32m笨・[39m src/domain/regulatory/__tests__/findingToHandoff.spec.ts[2m > [22mbuildHandoffFromRegularFinding[2m > [22mplanning_sheet_missing 竊・category 縺梧髪謠ｴ縺ｮ蟾･螟ｫ[32m 1[2mms[22m[39m
 [32m笨・[39m src/domain/regulatory/__tests__/findingToHandoff.spec.ts[2m > [22mbuildHandoffFromRegularFinding[2m > [22madd_on_candidate 竊・category 縺後◎縺ｮ莉・[32m 1[2mms[22m[39m
 [32m笨・[39m src/domain/regulatory/__tests__/findingToHandoff.spec.ts[2m > [22mbuildHandoffFromRegularFinding[2m > [22muserName 縺・undefined 縺ｮ蝣ｴ蜷・userId 繧剃ｽｿ逕ｨ縺吶ｋ[32m 1[2mms[22m[39m
 [32m笨・[39m src/domain/regulatory/__tests__/findingToHandoff.spec.ts[2m > [22mbuildHandoffFromAddonFinding[2m > [22mtitle 縺ｫ蜉邂励メ繧ｧ繝・け縺ｨ遞ｮ蛻･繝ｩ繝吶Ν縺悟・繧・[32m 1[2mms[22m[39m
 [32m笨・[39m src/domain/regulatory/__tests__/findingToHandoff.spec.ts[2m > [22mbuildHandoffFromAddonFinding[2m > [22msourceType 縺・severe-addon-finding[32m 1[2mms[22m[39m
 [32m笨・[39m src/domain/regulatory/__tests__/findingToHandoff.spec.ts[2m > [22mbuildHandoffFromAddonFinding[2m > [22msourceKey 縺ｫ finding ID 縺悟性縺ｾ繧後ｋ[32m 1[2mms[22m[39m
 [32m笨・[39m src/domain/regulatory/__tests__/findingToHandoff.spec.ts[2m > [22mbuildHandoffFromAddonFinding[2m > [22mweekly_observation_shortage 竊・body 縺ｫ隕ｳ蟇溘・蜉ｩ險險倬鹸縺ｨ遒ｺ隱阪′蜷ｫ縺ｾ繧後ｋ[32m 1[2mms[22m[39m
 [32m笨・[39m src/domain/regulatory/__tests__/findingToHandoff.spec.ts[2m > [22mbuildHandoffFromAddonFinding[2m > [22mplanning_sheet_reassessment_overdue 竊・body 縺ｫ蜀崎ｩ穂ｾ｡縺悟性縺ｾ繧後ｋ[32m 1[2mms[22m[39m
 [32m笨・[39m src/domain/regulatory/__tests__/findingToHandoff.spec.ts[2m > [22mbuildHandoffFromAddonFinding[2m > [22mauthoring_requirement_unmet 竊・body 縺ｫ螳溯ｷｵ遐比ｿｮ縺悟性縺ｾ繧後ｋ[32m 1[2mms[22m[39m
 [32m笨・[39m src/domain/regulatory/__tests__/findingToHandoff.spec.ts[2m > [22mbuildHandoffFromAddonFinding[2m > [22massignment_without_required_qualification 竊・body 縺ｫ蝓ｺ遉守比ｿｮ譛ｪ菫ｮ莠・′蜷ｫ縺ｾ繧後ｋ[32m 1[2mms[22m[39m
 [32m笨・[39m src/domain/regulatory/__tests__/findingToHandoff.spec.ts[2m > [22mbuildHandoffFromAddonFinding[2m > [22mbasic_training_ratio_insufficient 竊・body 縺ｫ20%縺悟性縺ｾ繧後ｋ[32m 1[2mms[22m[39m
 [32m笨・[39m src/domain/regulatory/__tests__/findingToHandoff.spec.ts[2m > [22mbuildHandoffFromAddonFinding[2m > [22m__facility__ userId 竊・title 縺ｫ莠区･ｭ謇蜈ｨ菴薙→陦ｨ遉ｺ[32m 1[2mms[22m[39m
 [32m笨・[39m src/domain/regulatory/__tests__/findingToHandoff.spec.ts[2m > [22mbuildHandoffFromAddonFinding[2m > [22mweekly_observation_shortage 竊・category 縺御ｺ区腐繝ｻ繝偵Ζ繝ｪ[32m 1[2mms[22m[39m
 [32m笨・[39m src/domain/regulatory/__tests__/findingToHandoff.spec.ts[2m > [22mbuildHandoffFromAddonFinding[2m > [22msevere_addon_tier2_candidate 竊・category 縺後◎縺ｮ莉・[32m 1[2mms[22m[39m
 [32m笨・[39m src/features/handoff/__tests__/handoffWorkflow.spec.ts[2m > [22misTerminalStatus[2m > [22misTerminalStatus(譛ｪ蟇ｾ蠢・ 竊・false[32m 4[2mms[22m[39m
 [32m笨・[39m src/features/handoff/__tests__/handoffWorkflow.spec.ts[2m > [22misTerminalStatus[2m > [22misTerminalStatus(蟇ｾ蠢應ｸｭ) 竊・false[32m 1[2mms[22m[39m
 [32m笨・[39m src/features/handoff/__tests__/handoffWorkflow.spec.ts[2m > [22misTerminalStatus[2m > [22misTerminalStatus(遒ｺ隱肴ｸ・ 竊・false[32m 1[2mms[22m[39m
 [32m笨・[39m src/features/handoff/__tests__/handoffWorkflow.spec.ts[2m > [22misTerminalStatus[2m > [22misTerminalStatus(譏取律縺ｸ謖∬ｶ・ 竊・false[32m 1[2mms[22m[39m
 [32m笨・[39m src/features/handoff/__tests__/handoffWorkflow.spec.ts[2m > [22misTerminalStatus[2m > [22misTerminalStatus(蟇ｾ蠢懈ｸ・ 竊・true[32m 1[2mms[22m[39m
 [32m笨・[39m src/features/handoff/__tests__/handoffWorkflow.spec.ts[2m > [22misTerminalStatus[2m > [22misTerminalStatus(螳御ｺ・ 竊・true[32m 1[2mms[22m[39m
 [32m笨・[39m src/features/handoff/__tests__/handoffWorkflow.spec.ts[2m > [22mgetAllowedActions[2m > [22mterminal statuses[2m > [22mgetAllowedActions('蟇ｾ蠢懈ｸ・, 'normal') 竊・[][32m 2[2mms[22m[39m
 [32m笨・[39m src/features/handoff/__tests__/handoffWorkflow.spec.ts[2m > [22mgetAllowedActions[2m > [22mterminal statuses[2m > [22mgetAllowedActions('蟇ｾ蠢懈ｸ・, 'evening') 竊・[][32m 1[2mms[22m[39m
 [32m笨・[39m src/features/handoff/__tests__/handoffWorkflow.spec.ts[2m > [22mgetAllowedActions[2m > [22mterminal statuses[2m > [22mgetAllowedActions('蟇ｾ蠢懈ｸ・, 'morning') 竊・[][32m 1[2mms[22m[39m
 [32m笨・[39m src/features/handoff/__tests__/handoffWorkflow.spec.ts[2m > [22mgetAllowedActions[2m > [22mterminal statuses[2m > [22mgetAllowedActions('螳御ｺ・, 'normal') 竊・[][32m 1[2mms[22m[39m
 [32m笨・[39m src/features/handoff/__tests__/handoffWorkflow.spec.ts[2m > [22mgetAllowedActions[2m > [22mterminal statuses[2m > [22mgetAllowedActions('螳御ｺ・, 'evening') 竊・[][32m 0[2mms[22m[39m
 [32m笨・[39m src/features/handoff/__tests__/handoffWorkflow.spec.ts[2m > [22mgetAllowedActions[2m > [22mterminal statuses[2m > [22mgetAllowedActions('螳御ｺ・, 'morning') 竊・[][32m 1[2mms[22m[39m
 [32m笨・[39m src/features/handoff/__tests__/handoffWorkflow.spec.ts[2m > [22mgetAllowedActions[2m > [22mnormal mode[2m > [22m譛ｪ蟇ｾ蠢・竊・[蟇ｾ蠢應ｸｭ][32m 1[2mms[22m[39m
 [32m笨・[39m src/features/handoff/__tests__/handoffWorkflow.spec.ts[2m > [22mgetAllowedActions[2m > [22mnormal mode[2m > [22m蟇ｾ蠢應ｸｭ 竊・[蟇ｾ蠢懈ｸ・[32m 1[2mms[22m[39m
 [32m笨・[39m src/features/handoff/__tests__/handoffWorkflow.spec.ts[2m > [22mgetAllowedActions[2m > [22mnormal mode[2m > [22m遒ｺ隱肴ｸ・竊・[螳御ｺ・ (繝輔か繝ｼ繝ｫ繝舌ャ繧ｯ)[32m 1[2mms[22m[39m
 [32m笨・[39m src/features/handoff/__tests__/handoffWorkflow.spec.ts[2m > [22mgetAllowedActions[2m > [22mnormal mode[2m > [22m譏取律縺ｸ謖∬ｶ・竊・[螳御ｺ・ (繝輔か繝ｼ繝ｫ繝舌ャ繧ｯ)[32m 1[2mms[22m[39m
 [32m笨・[39m src/features/handoff/__tests__/handoffWorkflow.spec.ts[2m > [22mgetAllowedActions[2m > [22mevening mode[2m > [22m譛ｪ蟇ｾ蠢・竊・[遒ｺ隱肴ｸ・ 螳御ｺ・[32m 1[2mms[22m[39m
 [32m笨・[39m src/features/handoff/__tests__/handoffWorkflow.spec.ts[2m > [22mgetAllowedActions[2m > [22mevening mode[2m > [22m遒ｺ隱肴ｸ・竊・[譏取律縺ｸ謖∬ｶ・ 螳御ｺ・[32m 1[2mms[22m[39m
 [32m笨・[39m src/features/handoff/__tests__/handoffWorkflow.spec.ts[2m > [22mgetAllowedActions[2m > [22mevening mode[2m > [22m蟇ｾ蠢應ｸｭ 竊・[蟇ｾ蠢懈ｸ・[32m 1[2mms[22m[39m
 [32m笨・[39m src/features/handoff/__tests__/handoffWorkflow.spec.ts[2m > [22mgetAllowedActions[2m > [22mevening mode[2m > [22m譏取律縺ｸ謖∬ｶ・竊・[][32m 1[2mms[22m[39m
 [32m笨・[39m src/features/handoff/__tests__/handoffWorkflow.spec.ts[2m > [22mgetAllowedActions[2m > [22mmorning mode[2m > [22m譏取律縺ｸ謖∬ｶ・竊・[螳御ｺ・[32m 1[2mms[22m[39m
 [32m笨・[39m src/features/handoff/__tests__/handoffWorkflow.spec.ts[2m > [22mgetAllowedActions[2m > [22mmorning mode[2m > [22m譛ｪ蟇ｾ蠢・竊・[螳御ｺ・[32m 1[2mms[22m[39m
 [32m笨・[39m src/features/handoff/__tests__/handoffWorkflow.spec.ts[2m > [22mgetAllowedActions[2m > [22mmorning mode[2m > [22m遒ｺ隱肴ｸ・竊・[螳御ｺ・[32m 1[2mms[22m[39m
 [32m笨・[39m src/features/handoff/__tests__/handoffWorkflow.spec.ts[2m > [22mgetAllowedActions[2m > [22mmorning mode[2m > [22m蟇ｾ蠢應ｸｭ 竊・[蟇ｾ蠢懈ｸ・[32m 1[2mms[22m[39m
 [32m笨・[39m src/features/handoff/__tests__/handoffWorkflow.spec.ts[2m > [22mgetAllowedActions[2m > [22mexhaustiveness[2m > [22mgetAllowedActions('譛ｪ蟇ｾ蠢・, 'normal') returns an array[32m 1[2mms[22m[39m
 [32m笨・[39m src/features/handoff/__tests__/handoffWorkflow.spec.ts[2m > [22mgetAllowedActions[2m > [22mexhaustiveness[2m > [22mgetAllowedActions('譛ｪ蟇ｾ蠢・, 'evening') returns an array[32m 0[2mms[22m[39m
 [32m笨・[39m src/features/handoff/__tests__/handoffWorkflow.spec.ts[2m > [22mgetAllowedActions[2m > [22mexhaustiveness[2m > [22mgetAllowedActions('譛ｪ蟇ｾ蠢・, 'morning') returns an array[32m 0[2mms[22m[39m
 [32m笨・[39m src/features/handoff/__tests__/handoffWorkflow.spec.ts[2m > [22mgetAllowedActions[2m > [22mexhaustiveness[2m > [22mgetAllowedActions('蟇ｾ蠢應ｸｭ', 'normal') returns an array[32m 0[2mms[22m[39m
 [32m笨・[39m src/features/handoff/__tests__/handoffWorkflow.spec.ts[2m > [22mgetAllowedActions[2m > [22mexhaustiveness[2m > [22mgetAllowedActions('蟇ｾ蠢應ｸｭ', 'evening') returns an array[32m 0[2mms[22m[39m
 [32m笨・[39m src/features/handoff/__tests__/handoffWorkflow.spec.ts[2m > [22mgetAllowedActions[2m > [22mexhaustiveness[2m > [22mgetAllowedActions('蟇ｾ蠢應ｸｭ', 'morning') returns an array[32m 0[2mms[22m[39m
 [32m笨・[39m src/features/handoff/__tests__/handoffWorkflow.spec.ts[2m > [22mgetAllowedActions[2m > [22mexhaustiveness[2m > [22mgetAllowedActions('蟇ｾ蠢懈ｸ・, 'normal') returns an array[32m 0[2mms[22m[39m
 [32m笨・[39m src/features/handoff/__tests__/handoffWorkflow.spec.ts[2m > [22mgetAllowedActions[2m > [22mexhaustiveness[2m > [22mgetAllowedActions('蟇ｾ蠢懈ｸ・, 'evening') returns an array[32m 0[2mms[22m[39m
 [32m笨・[39m src/features/handoff/__tests__/handoffWorkflow.spec.ts[2m > [22mgetAllowedActions[2m > [22mexhaustiveness[2m > [22mgetAllowedActions('蟇ｾ蠢懈ｸ・, 'morning') returns an array[32m 0[2mms[22m[39m
 [32m笨・[39m src/features/handoff/__tests__/handoffWorkflow.spec.ts[2m > [22mgetAllowedActions[2m > [22mexhaustiveness[2m > [22mgetAllowedActions('遒ｺ隱肴ｸ・, 'normal') returns an array[32m 0[2mms[22m[39m
 [32m笨・[39m src/features/handoff/__tests__/handoffWorkflow.spec.ts[2m > [22mgetAllowedActions[2m > [22mexhaustiveness[2m > [22mgetAllowedActions('遒ｺ隱肴ｸ・, 'evening') returns an array[32m 0[2mms[22m[39m
 [32m笨・[39m src/features/handoff/__tests__/handoffWorkflow.spec.ts[2m > [22mgetAllowedActions[2m > [22mexhaustiveness[2m > [22mgetAllowedActions('遒ｺ隱肴ｸ・, 'morning') returns an array[32m 0[2mms[22m[39m
 [32m笨・[39m src/features/handoff/__tests__/handoffWorkflow.spec.ts[2m > [22mgetAllowedActions[2m > [22mexhaustiveness[2m > [22mgetAllowedActions('譏取律縺ｸ謖∬ｶ・, 'normal') returns an array[32m 0[2mms[22m[39m
 [32m笨・[39m src/features/handoff/__tests__/handoffWorkflow.spec.ts[2m > [22mgetAllowedActions[2m > [22mexhaustiveness[2m > [22mgetAllowedActions('譏取律縺ｸ謖∬ｶ・, 'evening') returns an array[32m 0[2mms[22m[39m
 [32m笨・[39m src/features/handoff/__tests__/handoffWorkflow.spec.ts[2m > [22mgetAllowedActions[2m > [22mexhaustiveness[2m > [22mgetAllowedActions('譏取律縺ｸ謖∬ｶ・, 'morning') returns an array[32m 0[2mms[22m[39m
 [32m笨・[39m src/features/handoff/__tests__/handoffWorkflow.spec.ts[2m > [22mgetAllowedActions[2m > [22mexhaustiveness[2m > [22mgetAllowedActions('螳御ｺ・, 'normal') returns an array[32m 0[2mms[22m[39m
 [32m笨・[39m src/features/handoff/__tests__/handoffWorkflow.spec.ts[2m > [22mgetAllowedActions[2m > [22mexhaustiveness[2m > [22mgetAllowedActions('螳御ｺ・, 'evening') returns an array[32m 0[2mms[22m[39m
 [32m笨・[39m src/features/handoff/__tests__/handoffWorkflow.spec.ts[2m > [22mgetAllowedActions[2m > [22mexhaustiveness[2m > [22mgetAllowedActions('螳御ｺ・, 'morning') returns an array[32m 0[2mms[22m[39m
 [32m笨・[39m src/domain/user/__tests__/userRelation.spec.ts[2m > [22mtoUserRef[2m > [22mIUserMaster 縺九ｉ UserRef 繧堤函謌舌☆繧・[32m 5[2mms[22m[39m
 [32m笨・[39m src/domain/user/__tests__/userRelation.spec.ts[2m > [22mtoUserRef[2m > [22m譛蟆城剞縺ｮ繝輔ぅ繝ｼ繝ｫ繝峨〒繧ら函謌舌〒縺阪ｋ[32m 1[2mms[22m[39m
 [32m笨・[39m src/domain/user/__tests__/userRelation.spec.ts[2m > [22mtoUserSnapshot[2m > [22m蜈ｨ繝輔ぅ繝ｼ繝ｫ繝峨ｒ蜷ｫ繧繧ｹ繝翫ャ繝励す繝ｧ繝・ヨ繧堤函謌舌☆繧・[32m 2[2mms[22m[39m
 [32m笨・[39m src/domain/user/__tests__/userRelation.spec.ts[2m > [22mtoUserSnapshot[2m > [22m逵∫払縺輔ｌ縺溘ヵ繧｣繝ｼ繝ｫ繝峨・ null/false 縺ｧ繝・ヵ繧ｩ繝ｫ繝医↓縺ｪ繧・[32m 1[2mms[22m[39m
 [32m笨・[39m src/domain/user/__tests__/userRelation.spec.ts[2m > [22mtoUserSnapshot[2m > [22msnapshotAt 縺ｯ ISO 8601 蠖｢蠑・[32m 2[2mms[22m[39m
 [32m笨・[39m src/domain/user/__tests__/userRelation.spec.ts[2m > [22mbuildUserRefLookup[2m > [22m蛻ｩ逕ｨ閠・・繧ｹ繧ｿ驟榊・縺九ｉ繝ｫ繝・け繧｢繝・・繝槭ャ繝励ｒ讒狗ｯ峨☆繧・[32m 1[2mms[22m[39m
 [32m笨・[39m src/domain/user/__tests__/userRelation.spec.ts[2m > [22mbuildUserRefLookup[2m > [22mUserID 縺檎ｩｺ縺ｮ繧ｨ繝ｳ繝医Μ縺ｯ辟｡隕悶☆繧・[32m 1[2mms[22m[39m
 [32m笨・[39m src/domain/user/__tests__/userRelation.spec.ts[2m > [22mbuildUserRefLookup[2m > [22m遨ｺ驟榊・縺ｪ繧峨し繧､繧ｺ 0[32m 1[2mms[22m[39m
 [32m笨・[39m src/domain/user/__tests__/userRelation.spec.ts[2m > [22mbuildUserSnapshotLookup[2m > [22mUserSnapshot 縺ｮ繝ｫ繝・け繧｢繝・・繝槭ャ繝励ｒ讒狗ｯ峨☆繧・[32m 1[2mms[22m[39m
 [32m笨・[39m src/domain/user/__tests__/userRelation.spec.ts[2m > [22mresolveUserNames[2m > [22m繝ｬ繧ｳ繝ｼ繝蛾・蛻励↓蛻ｩ逕ｨ閠・錐繧剃ｻ倅ｸ弱☆繧・[32m 1[2mms[22m[39m
 [32m笨・[39m src/domain/user/__tests__/userRelation.spec.ts[2m > [22mresolveUserNames[2m > [22m繝ｫ繝・け繧｢繝・・縺ｫ縺ｪ縺・ｴ蜷医・ userId 縺後ヵ繧ｩ繝ｼ繝ｫ繝舌ャ繧ｯ[32m 1[2mms[22m[39m
 [32m笨・[39m src/domain/user/__tests__/userRelation.spec.ts[2m > [22mcreateUserNameResolver[2m > [22muserId 竊・userName 縺ｮ髢｢謨ｰ繧定ｿ斐☆[32m 1[2mms[22m[39m
 [32m笨・[39m src/domain/user/__tests__/userRelation.spec.ts[2m > [22mcreateUserNameResolver[2m > [22m譛ｪ逋ｻ骭ｲ縺ｮ userId 縺ｯ縺昴・縺ｾ縺ｾ霑斐☆[32m 1[2mms[22m[39m
 [32m笨・[39m src/domain/user/__tests__/userRelation.spec.ts[2m > [22mcreateUserNameResolver[2m > [22mTodayEngine 縺ｮ resolveUserName 縺ｫ逶ｴ謗･貂｡縺帙ｋ[32m 1[2mms[22m[39m
 [32m笨・[39m src/domain/user/__tests__/userRelation.spec.ts[2m > [22menrichWithUserRef[2m > [22m繝ｬ繧ｳ繝ｼ繝峨↓ UserRef 繧剃ｻ倅ｸ弱☆繧・[32m 1[2mms[22m[39m
 [32m笨・[39m src/domain/user/__tests__/userRelation.spec.ts[2m > [22menrichWithUserRef[2m > [22m繝ｦ繝ｼ繧ｶ繝ｼ縺瑚ｦ九▽縺九ｉ縺ｪ縺・ｴ蜷医・ null[32m 1[2mms[22m[39m
 [32m笨・[39m src/domain/user/__tests__/userRelation.spec.ts[2m > [22menrichAllWithUserRef[2m > [22m繝ｬ繧ｳ繝ｼ繝蛾・蛻励↓繝舌ャ繝√〒 UserRef 繧剃ｻ倅ｸ弱☆繧・[32m 1[2mms[22m[39m
 [32m笨・[39m src/domain/user/__tests__/userRelation.spec.ts[2m > [22menrichAllWithUserRef[2m > [22m繝ｫ繝・け繧｢繝・・縺ｫ縺ｪ縺・Θ繝ｼ繧ｶ繝ｼ縺ｯ userId 繧偵ヵ繧ｩ繝ｼ繝ｫ繝舌ャ繧ｯ繝ｦ繝ｼ繧ｶ繝ｼ蜷阪↓縺吶ｋ[32m 1[2mms[22m[39m
 [32m笨・[39m src/domain/user/__tests__/userRelation.spec.ts[2m > [22muserRefSchema[2m > [22m譛牙柑縺ｪ繝・・繧ｿ繧貞女縺大・繧後ｋ[32m 1[2mms[22m[39m
 [32m笨・[39m src/domain/user/__tests__/userRelation.spec.ts[2m > [22muserRefSchema[2m > [22muserId 縺檎ｩｺ譁・ｭ励・蝣ｴ蜷医・繧ｨ繝ｩ繝ｼ[32m 2[2mms[22m[39m
 [32m笨・[39m src/domain/user/__tests__/userRelation.spec.ts[2m > [22muserRefSchema[2m > [22muserId 縺梧ｬ謳阪・蝣ｴ蜷医・繧ｨ繝ｩ繝ｼ[32m 1[2mms[22m[39m
 [32m笨・[39m src/domain/user/__tests__/userRelation.spec.ts[2m > [22muserSnapshotSchema[2m > [22m蜈ｨ繝輔ぅ繝ｼ繝ｫ繝画欠螳壹〒蜿励￠蜈･繧後ｋ[32m 2[2mms[22m[39m
 [32m笨・[39m src/domain/user/__tests__/userRelation.spec.ts[2m > [22muserSnapshotSchema[2m > [22m繧ｪ繝励す繝ｧ繝翫Ν繝輔ぅ繝ｼ繝ｫ繝峨ｒ逵∫払縺励※繧ゅョ繝輔か繝ｫ繝医〒陬懷ｮ・[32m 1[2mms[22m[39m
 [32m笨・[39m tests/unit/errors.spec.ts[2m > [22merrors: custom error classes[2m > [22mAuthRequiredError sets name and default message[32m 4[2mms[22m[39m
 [32m笨・[39m tests/unit/errors.spec.ts[2m > [22merrors: custom error classes[2m > [22mSharePoint errors expose explicit names[32m 1[2mms[22m[39m
 [32m笨・[39m tests/unit/errors.spec.ts[2m > [22merrors: toSafeError[2m > [22mwraps Error instances and preserves code/name/cause[32m 3[2mms[22m[39m
 [32m笨・[39m tests/unit/errors.spec.ts[2m > [22merrors: toSafeError[2m > [22mreturns message from plain object error-like payloads[32m 1[2mms[22m[39m
 [32m笨・[39m tests/unit/errors.spec.ts[2m > [22merrors: toSafeError[2m > [22mstringifies objects without message properties[32m 1[2mms[22m[39m
 [32m笨・[39m tests/unit/errors.spec.ts[2m > [22merrors: toSafeError[2m > [22mhandles circular objects by falling back to default string conversion[32m 15[2mms[22m[39m
 [32m笨・[39m tests/unit/errors.spec.ts[2m > [22merrors: toSafeError[2m > [22mwraps string inputs directly[32m 2[2mms[22m[39m
 [32m笨・[39m tests/unit/errors.spec.ts[2m > [22merrors: toSafeError[2m > [22mstringifies non-object primitives[32m 1[2mms[22m[39m
[90mstdout[2m | tests/unit/spClient.branches.spec.ts[2m > [22m[2mspClient 窶・retry & paging branches[2m > [22m[2mretries on 503 then succeeds and emits retry metadata
[22m[39m[DriftActionDispatcher] Initialized and subscribed to drift events.
[DriftNotificationHandler] Webhook URL not configured. Notifications disabled.

 [32m笨・[39m tests/unit/spClient.branches.spec.ts[2m > [22mspClient 窶・retry & paging branches[2m > [22mretries on 503 then succeeds and emits retry metadata[32m 21[2mms[22m[39m
 [32m笨・[39m tests/unit/spClient.branches.spec.ts[2m > [22mspClient 窶・retry & paging branches[2m > [22mfollows @odata.nextLink pagination until exhaustion[32m 4[2mms[22m[39m
 [32m笨・[39m tests/unit/spClient.branches.spec.ts[2m > [22mspClient 窶・retry & paging branches[2m > [22msurface text errors from non-JSON 500 responses[32m 6[2mms[22m[39m
 [32m笨・[39m src/features/exceptions/__tests__/buildTransportExceptions.test.ts[2m > [22mbuildTransportExceptions (legacy 2-arg)[2m > [22m遨ｺ縺ｮ繧｢繝ｩ繝ｼ繝磯・蛻励・遨ｺ縺ｮ萓句､夜・蛻励ｒ霑斐☆[32m 5[2mms[22m[39m
 [32m笨・[39m src/features/exceptions/__tests__/buildTransportExceptions.test.ts[2m > [22mbuildTransportExceptions (legacy 2-arg)[2m > [22msync-fail-count 繧｢繝ｩ繝ｼ繝医ｒ critical 萓句､悶↓螟画鋤縺吶ｋ[32m 3[2mms[22m[39m
 [32m笨・[39m src/features/exceptions/__tests__/buildTransportExceptions.test.ts[2m > [22mbuildTransportExceptions (legacy 2-arg)[2m > [22mfallback-active 繧｢繝ｩ繝ｼ繝医ｒ high 萓句､悶↓螟画鋤縺吶ｋ[32m 1[2mms[22m[39m
 [32m笨・[39m src/features/exceptions/__tests__/buildTransportExceptions.test.ts[2m > [22mbuildTransportExceptions (legacy 2-arg)[2m > [22mstale-count 繧｢繝ｩ繝ｼ繝医ｒ medium 萓句､悶↓螟画鋤縺吶ｋ[32m 1[2mms[22m[39m
 [32m笨・[39m src/features/exceptions/__tests__/buildTransportExceptions.test.ts[2m > [22mbuildTransportExceptions (legacy 2-arg)[2m > [22mlow-completion 繧｢繝ｩ繝ｼ繝医ｒ medium 萓句､悶↓螟画鋤縺吶ｋ[32m 1[2mms[22m[39m
 [32m笨・[39m src/features/exceptions/__tests__/buildTransportExceptions.test.ts[2m > [22mbuildTransportExceptions (legacy 2-arg)[2m > [22mmissing-driver 繧｢繝ｩ繝ｼ繝医ｒ high 萓句､悶↓螟画鋤縺吶ｋ[32m 1[2mms[22m[39m
 [32m笨・[39m src/features/exceptions/__tests__/buildTransportExceptions.test.ts[2m > [22mbuildTransportExceptions (legacy 2-arg)[2m > [22m譛ｪ遏･縺ｮ繧｢繝ｩ繝ｼ繝・D縺ｯ繧ｹ繧ｭ繝・・縺吶ｋ[32m 1[2mms[22m[39m
 [32m笨・[39m src/features/exceptions/__tests__/buildTransportExceptions.test.ts[2m > [22mbuildTransportExceptions (legacy 2-arg)[2m > [22m隍・焚繧｢繝ｩ繝ｼ繝医ｒ荳諡ｬ螟画鋤縺吶ｋ[32m 1[2mms[22m[39m
 [32m笨・[39m src/features/exceptions/__tests__/buildTransportExceptions.test.ts[2m > [22mbuildTransportExceptions (legacy 2-arg)[2m > [22mdescription 縺ｫ繧｢繝ｩ繝ｼ繝医・ message 縺悟・繧・[32m 1[2mms[22m[39m
 [32m笨・[39m src/features/exceptions/__tests__/buildTransportExceptions.test.ts[2m > [22mbuildTransportExceptions (legacy 2-arg)[2m > [22mupdatedAt 縺ｫ today 縺瑚ｨｭ螳壹＆繧後ｋ[32m 1[2mms[22m[39m
 [32m笨・[39m src/features/exceptions/__tests__/buildTransportExceptions.test.ts[2m > [22mbuildTransportExceptions (options object)[2m > [22moptions 蠖｢蠑上〒蝓ｺ譛ｬ螟画鋤縺悟虚菴懊☆繧・[32m 1[2mms[22m[39m
 [32m笨・[39m src/features/exceptions/__tests__/buildTransportExceptions.test.ts[2m > [22mbuildTransportExceptions (per-user enrichment)[2m > [22mstale 繧｢繝ｩ繝ｼ繝医〒 per-user 蟄蝉ｾ句､悶ｒ逕滓・縺吶ｋ[32m 2[2mms[22m[39m
 [32m笨・[39m src/features/exceptions/__tests__/buildTransportExceptions.test.ts[2m > [22mbuildTransportExceptions (per-user enrichment)[2m > [22m60蛻・ｻ･荳翫・ stale 縺ｯ severity 繧・high 縺ｫ譏・ｼ縺吶ｋ[32m 1[2mms[22m[39m
 [32m笨・[39m src/features/exceptions/__tests__/buildTransportExceptions.test.ts[2m > [22mbuildTransportExceptions (per-user enrichment)[2m > [22msync-failed 繧｢繝ｩ繝ｼ繝医〒 per-user 蟄蝉ｾ句､悶ｒ逕滓・縺吶ｋ[32m 1[2mms[22m[39m
 [32m笨・[39m src/features/exceptions/__tests__/buildTransportExceptions.test.ts[2m > [22mbuildTransportExceptions (per-user enrichment)[2m > [22muserNames 繝槭ャ繝励〒繧ｳ繝ｼ繝・竊・蜷榊燕螟画鋤縺悟柑縺・[32m 1[2mms[22m[39m
 [32m笨・[39m src/features/exceptions/__tests__/buildTransportExceptions.test.ts[2m > [22mbuildTransportExceptions (per-user enrichment)[2m > [22mper-user 縺ｯ譛螟ｧ5莉ｶ縺ｫ蛻ｶ髯舌＆繧後ｋ[32m 1[2mms[22m[39m
 [32m笨・[39m src/features/exceptions/__tests__/buildTransportExceptions.test.ts[2m > [22mbuildTransportExceptions (per-user enrichment)[2m > [22mdetails 縺ゅｊ縺ｧ繧・fallback/low-completion 縺ｫ縺ｯ per-user 逕滓・縺励↑縺・[32m 1[2mms[22m[39m
 [32m笨・[39m src/features/exceptions/__tests__/buildTransportExceptions.test.ts[2m > [22mbuildTransportExceptions (per-user enrichment)[2m > [22mdeep link 縺ｫ direction 繝代Λ繝｡繝ｼ繧ｿ縺悟性縺ｾ繧後ｋ[32m 1[2mms[22m[39m
 [32m笨・[39m src/features/exceptions/__tests__/buildTransportExceptions.test.ts[2m > [22mbuildTransportExceptions (per-user enrichment)[2m > [22m蟄蝉ｾ句､悶↓ parentId 縺瑚ｨｭ螳壹＆繧後・寔邏・ｾ句､悶↓縺ｯ parentId 縺檎┌縺・[32m 1[2mms[22m[39m
 [32m笨・[39m src/features/exceptions/__tests__/buildTransportExceptions.test.ts[2m > [22mbuildTransportExceptions (per-user enrichment)[2m > [22msync-failed 縺ｮ蟄蝉ｾ句､悶↓繧・parentId 縺瑚ｨｭ螳壹＆繧後ｋ[32m 1[2mms[22m[39m
 [32m笨・[39m src/features/exceptions/__tests__/buildTransportExceptions.test.ts[2m > [22mbuildTransportExceptions (per-user enrichment)[2m > [22mmissing-driver 繧｢繝ｩ繝ｼ繝医〒 per-user 蟄蝉ｾ句､悶ｒ逕滓・縺吶ｋ[32m 1[2mms[22m[39m
 [32m笨・[39m src/features/exceptions/__tests__/buildTransportExceptions.test.ts[2m > [22mbuildTransportExceptions (per-user enrichment)[2m > [22mmissing-driver 縺ｮ蟄蝉ｾ句､悶ｂ譛螟ｧ5莉ｶ縺ｫ蛻ｶ髯舌＆繧後ｋ[32m 1[2mms[22m[39m
 [32m笨・[39m src/features/handoff/analysis/__tests__/riskScoring.spec.ts[2m > [22mcomputeRiskScores[2m > [22m蝓ｺ譛ｬ蜍穂ｽ・[2m > [22mreturns empty result for empty records[32m 6[2mms[22m[39m
 [32m笨・[39m src/features/handoff/analysis/__tests__/riskScoring.spec.ts[2m > [22mcomputeRiskScores[2m > [22m蝓ｺ譛ｬ蜍穂ｽ・[2m > [22mreturns score for single quiet user[32m 5[2mms[22m[39m
 [32m笨・[39m src/features/handoff/analysis/__tests__/riskScoring.spec.ts[2m > [22mcomputeRiskScores[2m > [22mbreakdown[2m > [22mincludes alertScore from triggered alerts[32m 3[2mms[22m[39m
 [32m笨・[39m src/features/handoff/analysis/__tests__/riskScoring.spec.ts[2m > [22mcomputeRiskScores[2m > [22mbreakdown[2m > [22mincludes patternScore from detected patterns[32m 1[2mms[22m[39m
 [32m笨・[39m src/features/handoff/analysis/__tests__/riskScoring.spec.ts[2m > [22mcomputeRiskScores[2m > [22mbreakdown[2m > [22mincludes volumeScore based on handoff count[32m 2[2mms[22m[39m
 [32m笨・[39m src/features/handoff/analysis/__tests__/riskScoring.spec.ts[2m > [22mcomputeRiskScores[2m > [22mbreakdown[2m > [22mcaps total score at 100[32m 2[2mms[22m[39m
 [32m笨・[39m src/features/handoff/analysis/__tests__/riskScoring.spec.ts[2m > [22mcomputeRiskScores[2m > [22mrisk levels[2m > [22massigns critical level for high-risk user[32m 7[2mms[22m[39m
 [32m笨・[39m src/features/handoff/analysis/__tests__/riskScoring.spec.ts[2m > [22mcomputeRiskScores[2m > [22mrisk levels[2m > [22massigns low level for quiet user[32m 1[2mms[22m[39m
 [32m笨・[39m src/features/handoff/analysis/__tests__/riskScoring.spec.ts[2m > [22mcomputeRiskScores[2m > [22m螟壼茜逕ｨ閠・[2m > [22mscores each user independently[32m 1[2mms[22m[39m
 [32m笨・[39m src/features/handoff/analysis/__tests__/riskScoring.spec.ts[2m > [22mcomputeRiskScores[2m > [22m螟壼茜逕ｨ閠・[2m > [22mcounts byLevel correctly[32m 2[2mms[22m[39m
 [32m笨・[39m src/features/handoff/analysis/__tests__/riskScoring.spec.ts[2m > [22mcomputeRiskScores[2m > [22m繧ｽ繝ｼ繝磯・[2m > [22msorts by score descending[32m 1[2mms[22m[39m
 [32m笨・[39m src/features/handoff/analysis/__tests__/riskScoring.spec.ts[2m > [22mcomputeRiskScores[2m > [22mtopSuggestion[2m > [22mpicks suggestion from most severe alert[32m 1[2mms[22m[39m
 [32m笨・[39m src/features/handoff/analysis/__tests__/riskScoring.spec.ts[2m > [22mcomputeRiskScores[2m > [22mtopSuggestion[2m > [22mfalls back to pattern-based suggestion[32m 1[2mms[22m[39m
 [32m笨・[39m src/features/handoff/analysis/__tests__/riskScoring.spec.ts[2m > [22mcomputeRiskScores[2m > [22maverageScore[2m > [22mcomputes rounded average[32m 1[2mms[22m[39m
 [32m笨・[39m src/features/handoff/analysis/__tests__/riskScoring.spec.ts[2m > [22mcomputeRiskScores[2m > [22medge cases[2m > [22mignores records with empty userCode[32m 1[2mms[22m[39m
 [32m笨・[39m src/hydration/__tests__/routes.spec.ts[2m > [22mhydration/routes[2m > [22mresolveHydrationEntry[2m > [22mshould match dashboard routes[32m 5[2mms[22m[39m
 [32m笨・[39m src/hydration/__tests__/routes.spec.ts[2m > [22mhydration/routes[2m > [22mresolveHydrationEntry[2m > [22mshould match today route[32m 1[2mms[22m[39m
 [32m笨・[39m src/hydration/__tests__/routes.spec.ts[2m > [22mhydration/routes[2m > [22mresolveHydrationEntry[2m > [22mshould match admin dashboard route[32m 1[2mms[22m[39m
 [32m笨・[39m src/hydration/__tests__/routes.spec.ts[2m > [22mhydration/routes[2m > [22mresolveHydrationEntry[2m > [22mshould match admin integrated resource calendar route[32m 1[2mms[22m[39m
 [32m笨・[39m src/hydration/__tests__/routes.spec.ts[2m > [22mhydration/routes[2m > [22mresolveHydrationEntry[2m > [22mshould match admin management routes[32m 1[2mms[22m[39m
 [32m笨・[39m src/hydration/__tests__/routes.spec.ts[2m > [22mhydration/routes[2m > [22mresolveHydrationEntry[2m > [22mshould match handoff timeline route[32m 1[2mms[22m[39m
 [32m笨・[39m src/hydration/__tests__/routes.spec.ts[2m > [22mhydration/routes[2m > [22mresolveHydrationEntry[2m > [22mshould match schedules routes with query parameters[32m 1[2mms[22m[39m
 [32m笨・[39m src/hydration/__tests__/routes.spec.ts[2m > [22mhydration/routes[2m > [22mresolveHydrationEntry[2m > [22mshould handle path normalization[32m 1[2mms[22m[39m
 [32m笨・[39m src/hydration/__tests__/routes.spec.ts[2m > [22mhydration/routes[2m > [22mresolveHydrationEntry[2m > [22mshould match specific routes in correct order[32m 1[2mms[22m[39m
 [32m笨・[39m src/hydration/__tests__/routes.spec.ts[2m > [22mhydration/routes[2m > [22mresolveHydrationEntry[2m > [22mshould map day-specific schedules path[32m 1[2mms[22m[39m
 [32m笨・[39m src/hydration/__tests__/routes.spec.ts[2m > [22mhydration/routes[2m > [22mresolveHydrationEntry[2m > [22mshould return null for unmatched paths[32m 1[2mms[22m[39m
 [32m笨・[39m src/hydration/__tests__/routes.spec.ts[2m > [22mhydration/routes[2m > [22mgetUnmatchedHydrationKeys[2m > [22mshould detect unmatched hydration keys[32m 2[2mms[22m[39m
 [32m笨・[39m src/hydration/__tests__/routes.spec.ts[2m > [22mhydration/routes[2m > [22mgetUnmatchedHydrationKeys[2m > [22mshould not include matched keys[32m 2[2mms[22m[39m
 [32m笨・[39m src/hydration/__tests__/routes.spec.ts[2m > [22mhydration/routes[2m > [22mHydrationRouteId type[2m > [22mshould include all route IDs from HYDRATION_KEYS[32m 1[2mms[22m[39m
 [32m笨・[39m src/hydration/__tests__/routes.spec.ts[2m > [22mhydration/routes[2m > [22mBudget validation[2m > [22mshould have reasonable budget values[32m 2[2mms[22m[39m
 [32m笨・[39m src/hydration/__tests__/routes.spec.ts[2m > [22mhydration/routes[2m > [22mBudget validation[2m > [22mshould have higher budgets for complex pages[32m 1[2mms[22m[39m
 [32m笨・[39m src/hydration/__tests__/routes.spec.ts[2m > [22mhydration/routes[2m > [22mRoute ID consistency[2m > [22mshould follow consistent ID naming patterns[32m 3[2mms[22m[39m
 [32m笨・[39m src/hydration/__tests__/routes.spec.ts[2m > [22mhydration/routes[2m > [22mRoute ID consistency[2m > [22mshould have unique IDs[32m 1[2mms[22m[39m
 [32m笨・[39m src/features/daily/domain/__tests__/ispCandidateMapper.spec.ts[2m > [22mmapAcceptedToCandidate[2m > [22maccept 繧｢繧ｯ繧ｷ繝ｧ繝ｳ縺九ｉ ISPCandidate 縺梧ｭ｣縺励￥逕滓・縺輔ｌ繧・[32m 8[2mms[22m[39m
 [32m笨・[39m src/features/daily/domain/__tests__/ispCandidateMapper.spec.ts[2m > [22mmapAcceptedToCandidate[2m > [22mdismiss 繧｢繧ｯ繧ｷ繝ｧ繝ｳ縺ｯ null 繧定ｿ斐☆[32m 2[2mms[22m[39m
 [32m笨・[39m src/features/daily/domain/__tests__/ispCandidateMapper.spec.ts[2m > [22mmapAcceptedToCandidate[2m > [22mpositive-signal 繧ｫ繝・ざ繝ｪ縺ｯ null 繧定ｿ斐☆[32m 1[2mms[22m[39m
 [32m笨・[39m src/features/daily/domain/__tests__/ispCandidateMapper.spec.ts[2m > [22mmapAcceptedToCandidate[2m > [22m譌｢蟄伜呵｣懊→蜷後§ ruleId+userId+message 縺ｯ null 繧定ｿ斐☆・磯㍾隍・亟豁｢・・[32m 1[2mms[22m[39m
 [32m笨・[39m src/features/daily/domain/__tests__/ispCandidateMapper.spec.ts[2m > [22mmapAcceptedToCandidate[2m > [22mco-occurrence 竊・suggestedGoalType: support[32m 1[2mms[22m[39m
 [32m笨・[39m src/features/daily/domain/__tests__/ispCandidateMapper.spec.ts[2m > [22mmapAcceptedToCandidate[2m > [22mslot-bias 竊・suggestedGoalType: short[32m 1[2mms[22m[39m
 [32m笨・[39m src/features/daily/domain/__tests__/ispCandidateMapper.spec.ts[2m > [22mmapAcceptedToCandidate[2m > [22mtag-density 竊・suggestedGoalType: support[32m 1[2mms[22m[39m
 [32m笨・[39m src/features/daily/domain/__tests__/ispCandidateMapper.spec.ts[2m > [22mmapAcceptedToCandidate[2m > [22m繝｡繝・そ繝ｼ繧ｸ縺ｫ panic 髢｢騾｣繧ｭ繝ｼ繝ｯ繝ｼ繝峨′縺ゅｌ縺ｰ cognitive 繧貞性繧 domainHints[32m 2[2mms[22m[39m
 [32m笨・[39m src/features/daily/domain/__tests__/ispCandidateMapper.spec.ts[2m > [22mcollectISPCandidates[2m > [22m隍・焚縺ｮ accept 繧｢繧ｯ繧ｷ繝ｧ繝ｳ縺九ｉ蛟呵｣懊ｒ蜿朱寔縺吶ｋ[32m 2[2mms[22m[39m
 [32m笨・[39m src/features/daily/domain/__tests__/ispCandidateMapper.spec.ts[2m > [22mcollectISPCandidates[2m > [22mdismiss 繧貞性繧蝣ｴ蜷医・蛟呵｣懷喧縺励↑縺・[32m 2[2mms[22m[39m
 [32m笨・[39m src/features/daily/domain/__tests__/ispCandidateMapper.spec.ts[2m > [22mcollectISPCandidates[2m > [22m蜷御ｸ ruleId+userId+message 縺ｮ驥崎､・ｒ髯､螟悶☆繧・[32m 2[2mms[22m[39m
 [32m笨・[39m src/features/daily/domain/__tests__/ispCandidateMapper.spec.ts[2m > [22mcollectISPCandidates[2m > [22m譌｢蟄伜呵｣懊→縺ｮ驥崎､・ｂ髯､螟悶☆繧・[32m 2[2mms[22m[39m
 [32m笨・[39m src/features/daily/domain/__tests__/ispCandidateMapper.spec.ts[2m > [22mbuildCandidateText[2m > [22m繝輔か繝ｼ繝槭ャ繝磯壹ｊ縺ｮ繝・く繧ｹ繝医ｒ逕滓・縺吶ｋ[32m 1[2mms[22m[39m
 [32m笨・[39m src/features/daily/domain/__tests__/ispCandidateMapper.spec.ts[2m > [22mbuildCandidateText[2m > [22mshort 蛟呵｣懊・蝣ｴ蜷医・縲檎洒譛溽岼讓吝呵｣懊阪Λ繝吶Ν[32m 1[2mms[22m[39m
 [32m笨・[39m src/features/daily/domain/__tests__/ispCandidateMapper.spec.ts[2m > [22mappendCandidateToImprovementIdeas[2m > [22m遨ｺ縺ｮ improvementIdeas 縺ｫ霑ｽ險倥〒縺阪ｋ[32m 1[2mms[22m[39m
 [32m笨・[39m src/features/daily/domain/__tests__/ispCandidateMapper.spec.ts[2m > [22mappendCandidateToImprovementIdeas[2m > [22mundefined 逶ｸ蠖難ｼ育ｩｺ譁・ｭ暦ｼ峨〒繧ょｮ牙・縺ｫ霑ｽ險倥〒縺阪ｋ[32m 1[2mms[22m[39m
 [32m笨・[39m src/features/daily/domain/__tests__/ispCandidateMapper.spec.ts[2m > [22mappendCandidateToImprovementIdeas[2m > [22m譌｢蟄倥ユ繧ｭ繧ｹ繝医′縺ゅｋ蝣ｴ蜷医・繧ｻ繝代Ξ繝ｼ繧ｿ莉倥″縺ｧ霑ｽ險倥☆繧・[32m 1[2mms[22m[39m
 [32m笨・[39m src/features/daily/domain/__tests__/ispCandidateMapper.spec.ts[2m > [22misAlreadyCandidated[2m > [22m蜷御ｸ ruleId+userId+text 縺ｯ true[32m 1[2mms[22m[39m
 [32m笨・[39m src/features/daily/domain/__tests__/ispCandidateMapper.spec.ts[2m > [22misAlreadyCandidated[2m > [22mruleId 縺檎焚縺ｪ繧後・ false[32m 1[2mms[22m[39m
 [32m笨・[39m src/features/daily/domain/__tests__/ispCandidateMapper.spec.ts[2m > [22misAlreadyCandidated[2m > [22muserId 縺檎焚縺ｪ繧後・ false[32m 1[2mms[22m[39m
 [32m笨・[39m src/features/daily/domain/__tests__/ispCandidateMapper.spec.ts[2m > [22misAlreadyCandidated[2m > [22m遨ｺ縺ｮ驟榊・縺ｯ false[32m 1[2mms[22m[39m
 [32m笨・[39m src/features/daily/domain/__tests__/ispCandidateMapper.spec.ts[2m > [22misAlreadyInImprovementIdeas[2m > [22m繝｡繧ｿ蜊ｰ縺悟性縺ｾ繧後※縺・ｋ蝣ｴ蜷医・ true[32m 1[2mms[22m[39m
 [32m笨・[39m src/features/daily/domain/__tests__/ispCandidateMapper.spec.ts[2m > [22misAlreadyInImprovementIdeas[2m > [22m繝｡繧ｿ蜊ｰ縺悟性縺ｾ繧後※縺・↑縺・ｴ蜷医・ false[32m 1[2mms[22m[39m
 [32m笨・[39m src/features/daily/domain/__tests__/ispCandidateMapper.spec.ts[2m > [22misAlreadyInImprovementIdeas[2m > [22mruleId 縺ｯ蜷郁・縺吶ｋ縺・userId 縺檎焚縺ｪ繧句ｴ蜷医・ false[32m 1[2mms[22m[39m
 [32m笨・[39m src/features/callLogs/data/__tests__/InMemoryCallLogRepository.spec.ts[2m > [22mInMemoryCallLogRepository.list[2m > [22mshould return all logs when no filter is specified[32m 7[2mms[22m[39m
 [32m笨・[39m src/features/callLogs/data/__tests__/InMemoryCallLogRepository.spec.ts[2m > [22mInMemoryCallLogRepository.list[2m > [22mshould filter by status[32m 2[2mms[22m[39m
 [32m笨・[39m src/features/callLogs/data/__tests__/InMemoryCallLogRepository.spec.ts[2m > [22mInMemoryCallLogRepository.list[2m > [22mshould filter by targetStaffName[32m 1[2mms[22m[39m
 [32m笨・[39m src/features/callLogs/data/__tests__/InMemoryCallLogRepository.spec.ts[2m > [22mInMemoryCallLogRepository.list[2m > [22mshould sort results by receivedAt descending[32m 2[2mms[22m[39m
 [32m笨・[39m src/features/callLogs/data/__tests__/InMemoryCallLogRepository.spec.ts[2m > [22mInMemoryCallLogRepository.list[2m > [22mshould return empty array when no logs exist[32m 1[2mms[22m[39m
 [32m笨・[39m src/features/callLogs/data/__tests__/InMemoryCallLogRepository.spec.ts[2m > [22mInMemoryCallLogRepository shared store option[2m > [22mshares state between repository instances when useSharedStore=true[32m 2[2mms[22m[39m
 [32m笨・[39m src/features/callLogs/data/__tests__/InMemoryCallLogRepository.spec.ts[2m > [22mInMemoryCallLogRepository.create[2m > [22mshould create a callback_pending log when needCallback is true[32m 1[2mms[22m[39m
 [32m笨・[39m src/features/callLogs/data/__tests__/InMemoryCallLogRepository.spec.ts[2m > [22mInMemoryCallLogRepository.create[2m > [22mshould create a new log when callback requirement is absent[32m 1[2mms[22m[39m
 [32m笨・[39m src/features/callLogs/data/__tests__/InMemoryCallLogRepository.spec.ts[2m > [22mInMemoryCallLogRepository.create[2m > [22mshould inject receivedByName from argument[32m 1[2mms[22m[39m
 [32m笨・[39m src/features/callLogs/data/__tests__/InMemoryCallLogRepository.spec.ts[2m > [22mInMemoryCallLogRepository.create[2m > [22mshould default urgency to "normal" when not provided[32m 1[2mms[22m[39m
 [32m笨・[39m src/features/callLogs/data/__tests__/InMemoryCallLogRepository.spec.ts[2m > [22mInMemoryCallLogRepository.create[2m > [22mshould use provided urgency when specified[32m 1[2mms[22m[39m
 [32m笨・[39m src/features/callLogs/data/__tests__/InMemoryCallLogRepository.spec.ts[2m > [22mInMemoryCallLogRepository.create[2m > [22mshould assign a unique id to each created log[32m 1[2mms[22m[39m
 [32m笨・[39m src/features/callLogs/data/__tests__/InMemoryCallLogRepository.spec.ts[2m > [22mInMemoryCallLogRepository.create[2m > [22mshould make the created log appear in list()[32m 1[2mms[22m[39m
 [32m笨・[39m src/features/callLogs/data/__tests__/InMemoryCallLogRepository.spec.ts[2m > [22mInMemoryCallLogRepository.updateStatus[2m > [22mshould change status to "done"[32m 1[2mms[22m[39m
 [32m笨・[39m src/features/callLogs/data/__tests__/InMemoryCallLogRepository.spec.ts[2m > [22mInMemoryCallLogRepository.updateStatus[2m > [22mshould set completedAt when status becomes "done"[32m 1[2mms[22m[39m
 [32m笨・[39m src/features/callLogs/data/__tests__/InMemoryCallLogRepository.spec.ts[2m > [22mInMemoryCallLogRepository.updateStatus[2m > [22mshould not set completedAt when status is "callback_pending"[32m 1[2mms[22m[39m
 [32m笨・[39m src/features/callLogs/data/__tests__/InMemoryCallLogRepository.spec.ts[2m > [22mInMemoryCallLogRepository.updateStatus[2m > [22mshould clear completedAt when reopening from done to callback_pending[32m 1[2mms[22m[39m
 [32m笨・[39m src/features/callLogs/data/__tests__/InMemoryCallLogRepository.spec.ts[2m > [22mInMemoryCallLogRepository.updateStatus[2m > [22mshould change status to "callback_pending"[32m 1[2mms[22m[39m
 [32m笨・[39m src/features/callLogs/data/__tests__/InMemoryCallLogRepository.spec.ts[2m > [22mInMemoryCallLogRepository.updateStatus[2m > [22mshould throw an error when log is not found[32m 3[2mms[22m[39m
 [32m笨・[39m src/features/dashboard/__tests__/useDashboardViewModel.spec.ts[2m > [22museDashboardViewModel[2m > [22mstaff role enables staff section and disables admin section[32m 23[2mms[22m[39m
 [32m笨・[39m src/features/dashboard/__tests__/useDashboardViewModel.spec.ts[2m > [22museDashboardViewModel[2m > [22mprovides titles and preserves default order[32m 4[2mms[22m[39m
 [32m笨・[39m src/features/dashboard/__tests__/useDashboardViewModel.spec.ts[2m > [22museDashboardViewModel[2m > [22mreturns full section key set for staff role[32m 3[2mms[22m[39m
 [32m笨・[39m src/features/exceptions/hooks/__tests__/useDailyRecordExceptions.spec.ts[2m > [22museDailyRecordExceptions[2m > [22mdaily-record missing 繧・parent + child 縺ｧ霑斐☆[32m 24[2mms[22m[39m
 [32m笨・[39m src/features/exceptions/hooks/__tests__/useDailyRecordExceptions.spec.ts[2m > [22museDailyRecordExceptions[2m > [22mmissing 縺後↑縺・ｴ蜷医・遨ｺ[32m 4[2mms[22m[39m
 [32m笨・[39m src/features/schedules/routes/__tests__/dayViewHelpers.spec.ts[2m > [22mtoLocalDateIso[2m > [22mreturns empty string for undefined[32m 4[2mms[22m[39m
 [32m笨・[39m src/features/schedules/routes/__tests__/dayViewHelpers.spec.ts[2m > [22mtoLocalDateIso[2m > [22mreturns empty string for empty string[32m 1[2mms[22m[39m
 [32m笨・[39m src/features/schedules/routes/__tests__/dayViewHelpers.spec.ts[2m > [22mtoLocalDateIso[2m > [22mconverts a UTC ISO datetime string to local YYYY-MM-DD[32m 1[2mms[22m[39m
 [32m笨・[39m src/features/schedules/routes/__tests__/dayViewHelpers.spec.ts[2m > [22mtoLocalDateIso[2m > [22mconverts a date-only string via Date constructor[32m 1[2mms[22m[39m
 [32m笨・[39m src/features/schedules/routes/__tests__/dayViewHelpers.spec.ts[2m > [22mtoLocalDateIso[2m > [22mfalls back to slicing first 10 chars for unparseable strings[32m 1[2mms[22m[39m
 [32m笨・[39m src/features/schedules/routes/__tests__/dayViewHelpers.spec.ts[2m > [22mtoLocalDateIso[2m > [22mreturns the full value sliced to 10 when Date is NaN[32m 1[2mms[22m[39m
 [32m笨・[39m src/features/schedules/routes/__tests__/dayViewHelpers.spec.ts[2m > [22mtoLocalDateIso[2m > [22mreturns YYYY-MM-DD format with zero-padded month and day[32m 1[2mms[22m[39m
 [32m笨・[39m src/features/schedules/routes/__tests__/dayViewHelpers.spec.ts[2m > [22mformatDayLabel[2m > [22mformats a Monday date with 譛・weekday[32m 1[2mms[22m[39m
 [32m笨・[39m src/features/schedules/routes/__tests__/dayViewHelpers.spec.ts[2m > [22mformatDayLabel[2m > [22mformats a Sunday date with 譌･ weekday[32m 1[2mms[22m[39m
 [32m笨・[39m src/features/schedules/routes/__tests__/dayViewHelpers.spec.ts[2m > [22mformatDayLabel[2m > [22mformats a Saturday date with 蝨・weekday[32m 1[2mms[22m[39m
 [32m笨・[39m src/features/schedules/routes/__tests__/dayViewHelpers.spec.ts[2m > [22mformatDayLabel[2m > [22mincludes the year in Japanese format[32m 1[2mms[22m[39m
 [32m笨・[39m src/features/schedules/routes/__tests__/dayViewHelpers.spec.ts[2m > [22mformatDayLabel[2m > [22mwraps the weekday in Japanese parentheses ・茨ｼ・[32m 1[2mms[22m[39m
 [32m笨・[39m src/features/schedules/routes/__tests__/dayViewHelpers.spec.ts[2m > [22mformatTimeRange[2m > [22mreturns a single time when toIso is omitted[32m 1[2mms[22m[39m
 [32m笨・[39m src/features/schedules/routes/__tests__/dayViewHelpers.spec.ts[2m > [22mformatTimeRange[2m > [22mreturns "from縲徼o" when both args are given[32m 2[2mms[22m[39m
 [32m笨・[39m src/features/schedules/routes/__tests__/dayViewHelpers.spec.ts[2m > [22mformatTimeRange[2m > [22mformats times in HH:MM two-digit form[32m 1[2mms[22m[39m
 [32m笨・[39m src/features/schedules/routes/__tests__/dayViewHelpers.spec.ts[2m > [22mformatTimeRange[2m > [22mhandles midnight correctly[32m 1[2mms[22m[39m
 [32m笨・[39m src/features/schedules/routes/__tests__/dayViewHelpers.spec.ts[2m > [22mformatTimeRange[2m > [22mfrom and to times are ordered correctly in the range string[32m 1[2mms[22m[39m
 [32m笨・[39m src/features/schedules/routes/__tests__/dayViewHelpers.spec.ts[2m > [22mstartOfDay[2m > [22mreturns a Date with time set to 00:00:00.000[32m 1[2mms[22m[39m
 [32m笨・[39m src/features/schedules/routes/__tests__/dayViewHelpers.spec.ts[2m > [22mstartOfDay[2m > [22mdoes not mutate the original date[32m 1[2mms[22m[39m
 [32m笨・[39m src/features/schedules/routes/__tests__/dayViewHelpers.spec.ts[2m > [22mstartOfDay[2m > [22mreturns a new Date object (not the same reference)[32m 2[2mms[22m[39m
 [32m笨・[39m src/features/schedules/routes/__tests__/dayViewHelpers.spec.ts[2m > [22mstartOfDay[2m > [22mpreserves the date (year, month, day)[32m 1[2mms[22m[39m
 [32m笨・[39m src/features/schedules/routes/__tests__/dayViewHelpers.spec.ts[2m > [22mendOfDay[2m > [22mreturns a Date with time set to next midnight (24:00 = setHours(24,0,0,0))[32m 1[2mms[22m[39m
 [32m笨・[39m src/features/schedules/routes/__tests__/dayViewHelpers.spec.ts[2m > [22mendOfDay[2m > [22mdoes not mutate the original date[32m 1[2mms[22m[39m
 [32m笨・[39m src/features/schedules/routes/__tests__/dayViewHelpers.spec.ts[2m > [22mendOfDay[2m > [22mreturns a new Date object (not the same reference)[32m 1[2mms[22m[39m
 [32m笨・[39m src/features/schedules/routes/__tests__/dayViewHelpers.spec.ts[2m > [22mendOfDay[2m > [22mendOfDay is strictly after startOfDay for the same date[32m 1[2mms[22m[39m
 [32m笨・[39m src/features/schedules/routes/__tests__/dayViewHelpers.spec.ts[2m > [22mendOfDay[2m > [22mend of day for March 31 rolls into April 1[32m 1[2mms[22m[39m
 [32m笨・[39m tests/unit/spWriteResilient.spec.ts[2m > [22mspWriteResilient[2m > [22msucceeds with parsed payload and etag[32m 11[2mms[22m[39m
 [32m笨・[39m tests/unit/spWriteResilient.spec.ts[2m > [22mspWriteResilient[2m > [22mreturns conflict errors without retries[32m 2[2mms[22m[39m
 [32m笨・[39m tests/unit/spWriteResilient.spec.ts[2m > [22mspWriteResilient[2m > [22mtreats precondition failures as hard errors[32m 1[2mms[22m[39m
 [32m笨・[39m tests/unit/spWriteResilient.spec.ts[2m > [22mspWriteResilient[2m > [22mretries transient errors before succeeding[32m 5[2mms[22m[39m
 [32m笨・[39m tests/unit/spWriteResilient.spec.ts[2m > [22mspWriteResilient[2m > [22mwraps fetch exceptions after exhausting retries[32m 2[2mms[22m[39m
 [32m笨・[39m tests/unit/spWriteResilient.spec.ts[2m > [22mspWriteResilient[2m > [22mapplies conditional headers and MERGE override for patch methods[32m 2[2mms[22m[39m
 [32m笨・[39m tests/unit/spWriteResilient.spec.ts[2m > [22mspWriteResilient[2m > [22mpropagates non-transient server errors without retrying[32m 1[2mms[22m[39m
 [32m笨・[39m tests/unit/spWriteResilient.spec.ts[2m > [22mspWriteResilient[2m > [22muses custom url builder and skips body serialization for null payloads[32m 2[2mms[22m[39m
 [32m笨・[39m tests/unit/spWriteResilient.spec.ts[2m > [22mspWriteResilient[2m > [22mfalls back to parseJsonSafe when parse is not provided[32m 1[2mms[22m[39m
 [32m笨・[39m tests/unit/spWriteResilient.spec.ts[2m > [22mspWriteResilient[2m > [22mthrows when fetcher is missing[32m 3[2mms[22m[39m
 [32m笨・[39m tests/unit/spWriteResilient.spec.ts[2m > [22mspWriteResilient[2m > [22mwraps non-error rejection with fallback message[32m 1[2mms[22m[39m
 [32m笨・[39m src/features/planning-sheet/__tests__/assessmentBridge.spec.ts[2m > [22msensoryProfileToTriggers[2m > [22mreturns empty array when no sensory values >= 4[32m 5[2mms[22m[39m
 [32m笨・[39m src/features/planning-sheet/__tests__/assessmentBridge.spec.ts[2m > [22msensoryProfileToTriggers[2m > [22mreturns triggers for values >= 4[32m 3[2mms[22m[39m
 [32m笨・[39m src/features/planning-sheet/__tests__/assessmentBridge.spec.ts[2m > [22msensoryProfileToTriggers[2m > [22mignores values < 4[32m 1[2mms[22m[39m
 [32m笨・[39m src/features/planning-sheet/__tests__/assessmentBridge.spec.ts[2m > [22mtokuseiToObservationText[2m > [22mreturns empty string when no relevant data[32m 1[2mms[22m[39m
 [32m笨・[39m src/features/planning-sheet/__tests__/assessmentBridge.spec.ts[2m > [22mtokuseiToObservationText[2m > [22mextracts personality features[32m 1[2mms[22m[39m
 [32m笨・[39m src/features/planning-sheet/__tests__/assessmentBridge.spec.ts[2m > [22mtokuseiToObservationText[2m > [22mextracts behavior features[32m 1[2mms[22m[39m
 [32m笨・[39m src/features/planning-sheet/__tests__/assessmentBridge.spec.ts[2m > [22mtokuseiToCollectedInfo[2m > [22mreturns empty string when no data[32m 1[2mms[22m[39m
 [32m笨・[39m src/features/planning-sheet/__tests__/assessmentBridge.spec.ts[2m > [22mtokuseiToCollectedInfo[2m > [22mincludes sensory features, strengths, and notes[32m 1[2mms[22m[39m
 [32m笨・[39m src/features/planning-sheet/__tests__/assessmentBridge.spec.ts[2m > [22mbridgeAssessmentToPlanningSheet[2m > [22mmaps sensory profile to intake sensoryTriggers[32m 2[2mms[22m[39m
 [32m笨・[39m src/features/planning-sheet/__tests__/assessmentBridge.spec.ts[2m > [22mbridgeAssessmentToPlanningSheet[2m > [22mdoes not duplicate existing sensory triggers[32m 1[2mms[22m[39m
 [32m笨・[39m src/features/planning-sheet/__tests__/assessmentBridge.spec.ts[2m > [22mbridgeAssessmentToPlanningSheet[2m > [22mappends ICF assessment items to observationFacts[32m 1[2mms[22m[39m
 [32m笨・[39m src/features/planning-sheet/__tests__/assessmentBridge.spec.ts[2m > [22mbridgeAssessmentToPlanningSheet[2m > [22mincludes tokusei response in observationFacts when provided[32m 1[2mms[22m[39m
 [32m笨・[39m src/features/planning-sheet/__tests__/assessmentBridge.spec.ts[2m > [22mbridgeAssessmentToPlanningSheet[2m > [22mextracts medical-related analysis tags to medicalFlags[32m 2[2mms[22m[39m
 [32m笨・[39m src/features/planning-sheet/__tests__/assessmentBridge.spec.ts[2m > [22mbridgeAssessmentToPlanningSheet[2m > [22mdoes not modify form when no data to bridge[32m 1[2mms[22m[39m
 [32m笨・[39m src/features/planning-sheet/__tests__/assessmentBridge.spec.ts[2m > [22mbridgeAssessmentToPlanningSheet[2m > [22mdoes not duplicate observation text on re-import[32m 1[2mms[22m[39m
 [32m笨・[39m src/features/planning-sheet/__tests__/assessmentBridge.spec.ts[2m > [22mprovenance tracking[2m > [22mgenerates sensory provenance entries with correct source and reason[32m 1[2mms[22m[39m
 [32m笨・[39m src/features/planning-sheet/__tests__/assessmentBridge.spec.ts[2m > [22mprovenance tracking[2m > [22mgenerates ICF provenance entries for body and activity items[32m 1[2mms[22m[39m
 [32m笨・[39m src/features/planning-sheet/__tests__/assessmentBridge.spec.ts[2m > [22mprovenance tracking[2m > [22mgenerates medical flag provenance with matched keyword[32m 1[2mms[22m[39m
 [32m笨・[39m src/features/planning-sheet/__tests__/assessmentBridge.spec.ts[2m > [22mprovenance tracking[2m > [22mgenerates tokusei provenance entries[32m 1[2mms[22m[39m
 [32m笨・[39m src/features/planning-sheet/__tests__/assessmentBridge.spec.ts[2m > [22mprovenance tracking[2m > [22mreturns empty provenance when no data to bridge[32m 1[2mms[22m[39m
 [32m笨・[39m src/features/dashboard/__tests__/attendanceSummary.spec.ts[2m > [22mbuildAttendanceSummary[2m > [22m蝓ｺ譛ｬ逧・↑髮・ｨ域ｩ溯・[2m > [22m騾壽園邂｡逅・・蝓ｺ譛ｬ繧ｵ繝槭Μ繝ｼ繧堤函謌舌☆繧・[32m 5[2mms[22m[39m
 [32m笨・[39m src/features/dashboard/__tests__/attendanceSummary.spec.ts[2m > [22mbuildAttendanceSummary[2m > [22m蝓ｺ譛ｬ逧・↑髮・ｨ域ｩ溯・[2m > [22m蛻ｩ逕ｨ閠・′0莠ｺ縺ｮ蝣ｴ蜷医ｒ蜃ｦ逅・☆繧・[32m 3[2mms[22m[39m
 [32m笨・[39m src/features/dashboard/__tests__/attendanceSummary.spec.ts[2m > [22mbuildAttendanceSummary[2m > [22m蝓ｺ譛ｬ逧・↑髮・ｨ域ｩ溯・[2m > [22m蜈ｨ蜩｡騾謇貂医∩縺ｮ蝣ｴ蜷医・100%繧定ｿ斐☆[32m 1[2mms[22m[39m
 [32m笨・[39m src/features/dashboard/__tests__/attendanceSummary.spec.ts[2m > [22mbuildAttendanceSummary[2m > [22m荵夜屬繧｢繝ｩ繝ｼ繝育函謌・[2m > [22m謠蝉ｾ帶凾髢薙′邂怜ｮ壼渕貅悶・80%譛ｪ貅縺ｮ蝣ｴ蜷医・warning alert繧堤函謌舌☆繧・[32m 1[2mms[22m[39m
 [32m笨・[39m src/features/dashboard/__tests__/attendanceSummary.spec.ts[2m > [22mbuildAttendanceSummary[2m > [22m荵夜屬繧｢繝ｩ繝ｼ繝育函謌・[2m > [22m荵夜屬縺・莉ｶ莉･荳翫・蝣ｴ蜷医・error alert繧堤函謌舌☆繧・[32m 1[2mms[22m[39m
 [32m笨・[39m src/features/dashboard/__tests__/attendanceSummary.spec.ts[2m > [22mbuildAttendanceSummary[2m > [22m荵夜屬繧｢繝ｩ繝ｼ繝育函謌・[2m > [22m謠蝉ｾ帶凾髢薙′80%莉･荳翫・蝣ｴ蜷医・荵夜屬繧｢繝ｩ繝ｼ繝医ｒ逕滓・縺励↑縺・[32m 1[2mms[22m[39m
 [32m笨・[39m src/features/dashboard/__tests__/attendanceSummary.spec.ts[2m > [22mbuildAttendanceSummary[2m > [22m譌ｩ騾繧｢繝ｩ繝ｼ繝育函謌・[2m > [22m譌ｩ騾閠・′縺・ｋ蝣ｴ蜷医・info alert繧堤函謌舌☆繧・[32m 1[2mms[22m[39m
 [32m笨・[39m src/features/dashboard/__tests__/attendanceSummary.spec.ts[2m > [22mbuildAttendanceSummary[2m > [22m譌ｩ騾繧｢繝ｩ繝ｼ繝育函謌・[2m > [22m譌ｩ騾閠・′縺・↑縺・ｴ蜷医・繧｢繝ｩ繝ｼ繝医ｒ逕滓・縺励↑縺・[32m 1[2mms[22m[39m
 [32m笨・[39m src/features/dashboard/__tests__/attendanceSummary.spec.ts[2m > [22mbuildAttendanceSummary[2m > [22m隍・粋繧ｱ繝ｼ繧ｹ[2m > [22m荵夜屬縺ｨ譌ｩ騾縺悟酔譎ゅ↓蟄伜惠縺吶ｋ蝣ｴ蜷医・荳｡譁ｹ縺ｮ繧｢繝ｩ繝ｼ繝医ｒ逕滓・縺吶ｋ[32m 1[2mms[22m[39m
 [32m笨・[39m src/features/dashboard/__tests__/attendanceSummary.spec.ts[2m > [22mbuildAttendanceSummary[2m > [22m隍・粋繧ｱ繝ｼ繧ｹ[2m > [22m縺吶∋縺ｦ豁｣蟶ｸ縺ｪ蝣ｴ蜷医・繧｢繝ｩ繝ｼ繝医ｒ逕滓・縺励↑縺・[32m 1[2mms[22m[39m
 [32m笨・[39m src/features/dashboard/__tests__/attendanceSummary.spec.ts[2m > [22mbuildAttendanceSummary[2m > [22m蝓ｺ譛ｬ逧・↑髮・ｨ域ｩ溯・[2m > [22m騾壽園邂｡逅・・蝓ｺ譛ｬ繧ｵ繝槭Μ繝ｼ繧堤函謌舌☆繧・[32m 1[2mms[22m[39m
 [32m笨・[39m src/features/dashboard/__tests__/attendanceSummary.spec.ts[2m > [22mbuildAttendanceSummary[2m > [22m蝓ｺ譛ｬ逧・↑髮・ｨ域ｩ溯・[2m > [22m蛻ｩ逕ｨ閠・′0莠ｺ縺ｮ蝣ｴ蜷医ｒ蜃ｦ逅・☆繧・[32m 1[2mms[22m[39m
 [32m笨・[39m src/features/dashboard/__tests__/attendanceSummary.spec.ts[2m > [22mbuildAttendanceSummary[2m > [22m蝓ｺ譛ｬ逧・↑髮・ｨ域ｩ溯・[2m > [22m蜈ｨ蜩｡騾謇貂医∩縺ｮ蝣ｴ蜷医・100%繧定ｿ斐☆[32m 1[2mms[22m[39m
 [32m笨・[39m src/features/dashboard/__tests__/attendanceSummary.spec.ts[2m > [22mbuildAttendanceSummary[2m > [22m蝓ｺ譛ｬ逧・↑髮・ｨ域ｩ溯・[2m > [22mvisit險倬鹸縺後↑縺・茜逕ｨ閠・ｂ豁｣縺励￥繧ｫ繧ｦ繝ｳ繝医☆繧・[32m 1[2mms[22m[39m
 [32m笨・[39m src/features/dashboard/__tests__/attendanceSummary.spec.ts[2m > [22mbuildAttendanceSummary[2m > [22m荵夜屬繧｢繝ｩ繝ｼ繝育函謌・[2m > [22m謠蝉ｾ帶凾髢薙′邂怜ｮ壼渕貅悶・80%譛ｪ貅縺ｮ蝣ｴ蜷医・warning alert繧堤函謌舌☆繧・[32m 1[2mms[22m[39m
 [32m笨・[39m src/features/dashboard/__tests__/attendanceSummary.spec.ts[2m > [22mbuildAttendanceSummary[2m > [22m荵夜屬繧｢繝ｩ繝ｼ繝育函謌・[2m > [22m荵夜屬縺・莉ｶ莉･荳翫・蝣ｴ蜷医・error alert繧堤函謌舌☆繧・[32m 2[2mms[22m[39m
 [32m笨・[39m src/features/dashboard/__tests__/attendanceSummary.spec.ts[2m > [22mbuildAttendanceSummary[2m > [22m荵夜屬繧｢繝ｩ繝ｼ繝育函謌・[2m > [22m謠蝉ｾ帶凾髢薙′80%莉･荳翫・蝣ｴ蜷医・荵夜屬繧｢繝ｩ繝ｼ繝医ｒ逕滓・縺励↑縺・[32m 1[2mms[22m[39m
 [32m笨・[39m src/features/dashboard/__tests__/attendanceSummary.spec.ts[2m > [22mbuildAttendanceSummary[2m > [22m荵夜屬繧｢繝ｩ繝ｼ繝育函謌・[2m > [22m謠蝉ｾ帶凾髢薙′0縺ｾ縺溘・undefined縺ｮ蝣ｴ蜷医・荵夜屬蟇ｾ雎｡螟悶→縺吶ｋ[32m 1[2mms[22m[39m
 [32m笨・[39m src/features/dashboard/__tests__/attendanceSummary.spec.ts[2m > [22mbuildAttendanceSummary[2m > [22m譌ｩ騾繧｢繝ｩ繝ｼ繝育函謌・[2m > [22m譌ｩ騾閠・′縺・ｋ蝣ｴ蜷医・info alert繧堤函謌舌☆繧・[32m 1[2mms[22m[39m
 [32m笨・[39m src/features/dashboard/__tests__/attendanceSummary.spec.ts[2m > [22mbuildAttendanceSummary[2m > [22m譌ｩ騾繧｢繝ｩ繝ｼ繝育函謌・[2m > [22m譌ｩ騾閠・′縺・↑縺・ｴ蜷医・繧｢繝ｩ繝ｼ繝医ｒ逕滓・縺励↑縺・[32m 1[2mms[22m[39m
 [32m笨・[39m src/features/dashboard/__tests__/attendanceSummary.spec.ts[2m > [22mbuildAttendanceSummary[2m > [22m隍・粋繧ｱ繝ｼ繧ｹ[2m > [22m荵夜屬縺ｨ譌ｩ騾縺悟酔譎ゅ↓蟄伜惠縺吶ｋ蝣ｴ蜷医・荳｡譁ｹ縺ｮ繧｢繝ｩ繝ｼ繝医ｒ逕滓・縺吶ｋ[32m 1[2mms[22m[39m
 [32m笨・[39m src/features/dashboard/__tests__/attendanceSummary.spec.ts[2m > [22mbuildAttendanceSummary[2m > [22m隍・粋繧ｱ繝ｼ繧ｹ[2m > [22m縺吶∋縺ｦ豁｣蟶ｸ縺ｪ蝣ｴ蜷医・繧｢繝ｩ繝ｼ繝医ｒ逕滓・縺励↑縺・[32m 1[2mms[22m[39m
 [32m笨・[39m src/features/dashboard/__tests__/attendanceSummary.spec.ts[2m > [22mbuildAttendanceSummary[2m > [22m繧ｨ繝・ず繧ｱ繝ｼ繧ｹ[2m > [22m隧ｲ蠖灘茜逕ｨ閠・′隕九▽縺九ｉ縺ｪ縺・ｴ蜷医ｂ螳牙・縺ｫ蜃ｦ逅・☆繧・[32m 1[2mms[22m[39m
 [32m笨・[39m src/features/dashboard/__tests__/attendanceSummary.spec.ts[2m > [22mbuildAttendanceSummary[2m > [22m繧ｨ繝・ず繧ｱ繝ｼ繧ｹ[2m > [22mstandardMinutes縺・縺ｮ蛻ｩ逕ｨ閠・ｂ螳牙・縺ｫ蜃ｦ逅・☆繧・[32m 1[2mms[22m[39m
[90mstdout[2m | src/features/handoff/__tests__/useHandoffWeekViewModel.spec.ts
[22m[39m[MSAL ENV] Validated successfully

 [32m笨・[39m src/features/handoff/analysis/ai/__tests__/parseInsightReport.spec.ts[2m > [22mextractJsonFromResponse[2m > [22m```json 繝悶Ο繝・け縺九ｉJSON繧呈歓蜃ｺ縺吶ｋ[32m 4[2mms[22m[39m
 [32m笨・[39m src/features/handoff/analysis/ai/__tests__/parseInsightReport.spec.ts[2m > [22mextractJsonFromResponse[2m > [22m``` 繝悶Ο繝・け・郁ｨ隱樊欠螳壹↑縺暦ｼ峨°繧雨SON繧呈歓蜃ｺ縺吶ｋ[32m 1[2mms[22m[39m
 [32m笨・[39m src/features/handoff/analysis/ai/__tests__/parseInsightReport.spec.ts[2m > [22mextractJsonFromResponse[2m > [22m逶ｴ謗･JSON繧呈歓蜃ｺ縺吶ｋ[32m 1[2mms[22m[39m
 [32m笨・[39m src/features/handoff/analysis/ai/__tests__/parseInsightReport.spec.ts[2m > [22mextractJsonFromResponse[2m > [22m繝阪せ繝医＆繧後◆JSON繧呈ｭ｣縺励￥謚ｽ蜃ｺ縺吶ｋ[32m 1[2mms[22m[39m
 [32m笨・[39m src/features/handoff/analysis/ai/__tests__/parseInsightReport.spec.ts[2m > [22mextractJsonFromResponse[2m > [22m遨ｺ譁・ｭ怜・縺ｯ遨ｺ譁・ｭ怜・繧定ｿ斐☆[32m 1[2mms[22m[39m
 [32m笨・[39m src/features/handoff/analysis/ai/__tests__/parseInsightReport.spec.ts[2m > [22mextractJsonFromResponse[2m > [22mJSON縺悟性縺ｾ繧後↑縺・ｴ蜷医・繝医Μ繝縺励◆譁・ｭ怜・繧定ｿ斐☆[32m 1[2mms[22m[39m
 [32m笨・[39m src/features/handoff/analysis/ai/__tests__/parseInsightReport.spec.ts[2m > [22mparseInsightReport[2m > [22m豁｣蟶ｸ縺ｪJSON繧偵ヱ繝ｼ繧ｹ縺ｧ縺阪ｋ[32m 3[2mms[22m[39m
 [32m笨・[39m src/features/handoff/analysis/ai/__tests__/parseInsightReport.spec.ts[2m > [22mparseInsightReport[2m > [22m```json 繝悶Ο繝・け蜀・・JSON繧偵ヱ繝ｼ繧ｹ縺ｧ縺阪ｋ[32m 1[2mms[22m[39m
 [32m笨・[39m src/features/handoff/analysis/ai/__tests__/parseInsightReport.spec.ts[2m > [22mparseInsightReport[2m > [22msummary 縺・00蟄苓ｶ・・蛻・ｊ隧ｰ繧√ｉ繧後ｋ[32m 1[2mms[22m[39m
 [32m笨・[39m src/features/handoff/analysis/ai/__tests__/parseInsightReport.spec.ts[2m > [22mparseInsightReport[2m > [22mkeyPoints 縺・莉ｶ莉･荳翫・3莉ｶ縺ｫ蛻ｶ髯舌＆繧後ｋ[32m 2[2mms[22m[39m
 [32m笨・[39m src/features/handoff/analysis/ai/__tests__/parseInsightReport.spec.ts[2m > [22mparseInsightReport[2m > [22msuggestedActions 縺・莉ｶ莉･荳翫・3莉ｶ縺ｫ蛻ｶ髯舌＆繧後ｋ[32m 1[2mms[22m[39m
 [32m笨・[39m src/features/handoff/analysis/ai/__tests__/parseInsightReport.spec.ts[2m > [22mparseInsightReport[2m > [22muserHighlights 縺・莉ｶ莉･荳翫・5莉ｶ縺ｫ蛻ｶ髯舌＆繧後ｋ[32m 1[2mms[22m[39m
 [32m笨・[39m src/features/handoff/analysis/ai/__tests__/parseInsightReport.spec.ts[2m > [22mparseInsightReport[2m > [22m荳肴ｭ｣縺ｪJSON縺ｯ null 繧定ｿ斐☆[32m 1[2mms[22m[39m
 [32m笨・[39m src/features/handoff/analysis/ai/__tests__/parseInsightReport.spec.ts[2m > [22mparseInsightReport[2m > [22m遨ｺ譁・ｭ励・ null 繧定ｿ斐☆[32m 1[2mms[22m[39m
 [32m笨・[39m src/features/handoff/analysis/ai/__tests__/parseInsightReport.spec.ts[2m > [22mparseInsightReport[2m > [22m遨ｺ逋ｽ縺ｮ縺ｿ縺ｯ null 繧定ｿ斐☆[32m 1[2mms[22m[39m
 [32m笨・[39m src/features/handoff/analysis/ai/__tests__/parseInsightReport.spec.ts[2m > [22mparseInsightReport[2m > [22msummary 縺檎ｩｺ縺ｮ蝣ｴ蜷医・ null 繧定ｿ斐☆[32m 1[2mms[22m[39m
 [32m笨・[39m src/features/handoff/analysis/ai/__tests__/parseInsightReport.spec.ts[2m > [22mparseInsightReport[2m > [22msummary 縺後↑縺・ｴ蜷医・ null 繧定ｿ斐☆[32m 1[2mms[22m[39m
 [32m笨・[39m src/features/handoff/analysis/ai/__tests__/parseInsightReport.spec.ts[2m > [22mparseInsightReport[2m > [22mkeyPoints 縺碁・蛻励〒縺ｪ縺・ｴ蜷医・ null 繧定ｿ斐☆[32m 1[2mms[22m[39m
 [32m笨・[39m src/features/handoff/analysis/ai/__tests__/parseInsightReport.spec.ts[2m > [22mparseInsightReport[2m > [22msuggestedActions 縺檎怐逡･縺輔ｌ縺溷ｴ蜷医・遨ｺ驟榊・縺ｫ縺ｪ繧・[32m 1[2mms[22m[39m
 [32m笨・[39m src/features/handoff/analysis/ai/__tests__/parseInsightReport.spec.ts[2m > [22mparseInsightReport[2m > [22muserHighlights 縺檎怐逡･縺輔ｌ縺溷ｴ蜷医・遨ｺ驟榊・縺ｫ縺ｪ繧・[32m 1[2mms[22m[39m
 [32m笨・[39m src/features/handoff/analysis/ai/__tests__/parseInsightReport.spec.ts[2m > [22mparseInsightReport[2m > [22mkeyPoints 蜀・・遨ｺ譁・ｭ怜・縺ｯ繝輔ぅ繝ｫ繧ｿ縺輔ｌ繧・[32m 1[2mms[22m[39m
 [32m笨・[39m src/features/handoff/analysis/ai/__tests__/parseInsightReport.spec.ts[2m > [22mparseInsightReport[2m > [22muserHighlights 縺ｮ userDisplayName 縺檎ｩｺ縺ｮ繧ゅ・縺ｯ繝輔ぅ繝ｫ繧ｿ縺輔ｌ繧・[32m 1[2mms[22m[39m
 [32m笨・[39m src/features/handoff/analysis/ai/__tests__/parseInsightReport.spec.ts[2m > [22mparseInsightReport[2m > [22muserHighlights 縺ｮ note 縺檎怐逡･縺輔ｌ縺溷ｴ蜷医・遨ｺ譁・ｭ励↓縺ｪ繧・[32m 1[2mms[22m[39m
 [32m笨・[39m src/features/handoff/analysis/ai/__tests__/parseInsightReport.spec.ts[2m > [22mparseInsightReport[2m > [22mmodel 縺後Γ繧ｿ繝・・繧ｿ縺ｫ蜷ｫ縺ｾ繧後ｋ[32m 1[2mms[22m[39m
 [32m笨・[39m src/features/handoff/analysis/ai/__tests__/parseInsightReport.spec.ts[2m > [22mparseInsightReport[2m > [22mgeneratedAt 繧堤怐逡･縺吶ｋ縺ｨ迴ｾ蝨ｨ譎ょ綾縺後そ繝・ヨ縺輔ｌ繧・[32m 1[2mms[22m[39m
 [32m笨・[39m src/features/exceptions/hooks/__tests__/useHandoffExceptions.spec.ts[2m > [22museHandoffExceptions[2m > [22mhandoff summary 繧・parent + child 縺ｫ螟画鋤縺吶ｋ[32m 26[2mms[22m[39m
 [32m笨・[39m src/features/exceptions/hooks/__tests__/useHandoffExceptions.spec.ts[2m > [22museHandoffExceptions[2m > [22m螳御ｺ・ｸ医∩縺ｮ縺ｿ縺ｮ蝣ｴ蜷医・遨ｺ縺ｫ縺ｪ繧・[32m 6[2mms[22m[39m
 [32m笨・[39m src/features/handoff/__tests__/useHandoffDateNav.spec.ts[2m > [22museHandoffDateNav pure helpers[2m > [22mformatDateIso[2m > [22mreturns YYYY-MM-DD format[32m 5[2mms[22m[39m
 [32m笨・[39m src/features/handoff/__tests__/useHandoffDateNav.spec.ts[2m > [22museHandoffDateNav pure helpers[2m > [22mformatDateIso[2m > [22mzero-pads month and day[32m 1[2mms[22m[39m
 [32m笨・[39m src/features/handoff/__tests__/useHandoffDateNav.spec.ts[2m > [22museHandoffDateNav pure helpers[2m > [22mparseDateString[2m > [22mparses valid YYYY-MM-DD[32m 1[2mms[22m[39m
 [32m笨・[39m src/features/handoff/__tests__/useHandoffDateNav.spec.ts[2m > [22museHandoffDateNav pure helpers[2m > [22mparseDateString[2m > [22mreturns null for invalid format[32m 1[2mms[22m[39m
 [32m笨・[39m src/features/handoff/__tests__/useHandoffDateNav.spec.ts[2m > [22museHandoffDateNav pure helpers[2m > [22maddDays[2m > [22madds positive days[32m 1[2mms[22m[39m
 [32m笨・[39m src/features/handoff/__tests__/useHandoffDateNav.spec.ts[2m > [22museHandoffDateNav pure helpers[2m > [22maddDays[2m > [22msubtracts days[32m 1[2mms[22m[39m
 [32m笨・[39m src/features/handoff/__tests__/useHandoffDateNav.spec.ts[2m > [22museHandoffDateNav pure helpers[2m > [22maddDays[2m > [22mcrosses month boundary[32m 1[2mms[22m[39m
 [32m笨・[39m src/features/handoff/__tests__/useHandoffDateNav.spec.ts[2m > [22museHandoffDateNav pure helpers[2m > [22maddDays[2m > [22mreturns original for invalid input[32m 1[2mms[22m[39m
 [32m笨・[39m src/features/handoff/__tests__/useHandoffDateNav.spec.ts[2m > [22museHandoffDateNav pure helpers[2m > [22mdayScopeToDate[2m > [22mtoday returns today's date[32m 1[2mms[22m[39m
 [32m笨・[39m src/features/handoff/__tests__/useHandoffDateNav.spec.ts[2m > [22museHandoffDateNav pure helpers[2m > [22mdayScopeToDate[2m > [22myesterday returns yesterday's date[32m 1[2mms[22m[39m
 [32m笨・[39m src/features/handoff/__tests__/useHandoffDateNav.spec.ts[2m > [22museHandoffDateNav pure helpers[2m > [22mdateToDayScope[2m > [22mreturns "today" for today's date[32m 1[2mms[22m[39m
 [32m笨・[39m src/features/handoff/__tests__/useHandoffDateNav.spec.ts[2m > [22museHandoffDateNav pure helpers[2m > [22mdateToDayScope[2m > [22mreturns "yesterday" for yesterday[32m 1[2mms[22m[39m
 [32m笨・[39m src/features/handoff/__tests__/useHandoffDateNav.spec.ts[2m > [22museHandoffDateNav pure helpers[2m > [22mdateToDayScope[2m > [22mreturns "today" for arbitrary past date (compatibility fallback)[32m 1[2mms[22m[39m
 [32m笨・[39m src/features/handoff/__tests__/useHandoffDateNav.spec.ts[2m > [22museHandoffDateNav pure helpers[2m > [22mformatDateLabel[2m > [22mshows 莉頑律 for today[32m 1[2mms[22m[39m
 [32m笨・[39m src/features/handoff/__tests__/useHandoffDateNav.spec.ts[2m > [22museHandoffDateNav pure helpers[2m > [22mformatDateLabel[2m > [22mshows 譏ｨ譌･ for yesterday[32m 1[2mms[22m[39m
 [32m笨・[39m src/features/handoff/__tests__/useHandoffDateNav.spec.ts[2m > [22museHandoffDateNav pure helpers[2m > [22mformatDateLabel[2m > [22mformats arbitrary date with Japanese month/day/dow[32m 1[2mms[22m[39m
 [32m笨・[39m src/features/handoff/__tests__/useHandoffDateNav.spec.ts[2m > [22museHandoffDateNav pure helpers[2m > [22mparseRange[2m > [22mreturns "day" for null or unknown[32m 1[2mms[22m[39m
 [32m笨・[39m src/features/handoff/__tests__/useHandoffDateNav.spec.ts[2m > [22museHandoffDateNav pure helpers[2m > [22mparseRange[2m > [22maccepts valid ranges[32m 1[2mms[22m[39m
 [32m笨・[39m src/features/handoff/__tests__/useHandoffDateNav.spec.ts[2m > [22museHandoffDateNav pure helpers[2m > [22mgetWeekRange[2m > [22m譛域屆蜈･蜉・竊・閾ｪ霄ｫ縺・start[32m 2[2mms[22m[39m
 [32m笨・[39m src/features/handoff/__tests__/useHandoffDateNav.spec.ts[2m > [22museHandoffDateNav pure helpers[2m > [22mgetWeekRange[2m > [22m豌ｴ譖懷・蜉・竊・譛域屆縲懈律譖・[32m 1[2mms[22m[39m
 [32m笨・[39m src/features/handoff/__tests__/useHandoffDateNav.spec.ts[2m > [22museHandoffDateNav pure helpers[2m > [22mgetWeekRange[2m > [22m譌･譖懷・蜉・竊・蜑阪・譛域屆縲懆・霄ｫ縺・end[32m 1[2mms[22m[39m
 [32m笨・[39m src/features/handoff/__tests__/useHandoffDateNav.spec.ts[2m > [22museHandoffDateNav pure helpers[2m > [22mgetWeekRange[2m > [22m蝨滓屆蜈･蜉・竊・譛域屆縲懈律譖・[32m 1[2mms[22m[39m
 [32m笨・[39m src/features/handoff/__tests__/useHandoffDateNav.spec.ts[2m > [22museHandoffDateNav pure helpers[2m > [22mgetWeekRange[2m > [22m譛郁ｷｨ縺主ｯｾ蠢・[32m 1[2mms[22m[39m
 [32m笨・[39m src/features/handoff/__tests__/useHandoffDateNav.spec.ts[2m > [22museHandoffDateNav pure helpers[2m > [22mgetWeekRange[2m > [22m蟷ｴ霍ｨ縺主ｯｾ蠢・[32m 1[2mms[22m[39m
 [32m笨・[39m src/features/handoff/__tests__/useHandoffDateNav.spec.ts[2m > [22museHandoffDateNav pure helpers[2m > [22maddWeeks[2m > [22m+1 week = +7 days[32m 1[2mms[22m[39m
 [32m笨・[39m src/features/handoff/__tests__/useHandoffDateNav.spec.ts[2m > [22museHandoffDateNav pure helpers[2m > [22maddWeeks[2m > [22m-1 week = -7 days[32m 1[2mms[22m[39m
 [32m笨・[39m src/features/handoff/__tests__/useHandoffDateNav.spec.ts[2m > [22museHandoffDateNav pure helpers[2m > [22maddWeeks[2m > [22mcrosses month boundary[32m 1[2mms[22m[39m
 [32m笨・[39m src/features/handoff/__tests__/useHandoffDateNav.spec.ts[2m > [22museHandoffDateNav pure helpers[2m > [22mformatWeekLabel[2m > [22mformats week range in Japanese[32m 1[2mms[22m[39m
 [32m笨・[39m src/features/handoff/__tests__/useHandoffDateNav.spec.ts[2m > [22museHandoffDateNav pure helpers[2m > [22mformatWeekLabel[2m > [22mhandles month-crossing label[32m 1[2mms[22m[39m
 [32m笨・[39m src/features/handoff/__tests__/useHandoffDateNav.spec.ts[2m > [22museHandoffDateNav pure helpers[2m > [22mformatWeekLabel[2m > [22mfalls back for invalid input[32m 1[2mms[22m[39m
 [32m笨・[39m tests/unit/schedules/schedules.schema.spec.ts[2m > [22mSchedules Schema[2m > [22mCore 竓・Detail 竓・Full inclusion[2m > [22mCore parses minimal required fields[32m 5[2mms[22m[39m
 [32m笨・[39m tests/unit/schedules/schedules.schema.spec.ts[2m > [22mSchedules Schema[2m > [22mCore 竓・Detail 竓・Full inclusion[2m > [22mDetail parses Core + assignment/approval fields[32m 3[2mms[22m[39m
 [32m笨・[39m tests/unit/schedules/schedules.schema.spec.ts[2m > [22mSchedules Schema[2m > [22mCore 竓・Detail 竓・Full inclusion[2m > [22mFull parses Detail + metadata fields[32m 3[2mms[22m[39m
 [32m笨・[39m tests/unit/schedules/schedules.schema.spec.ts[2m > [22mSchedules Schema[2m > [22mCore 竓・Detail 竓・Full inclusion[2m > [22mCore data passes Detail parse (Detail 竓・Core)[32m 1[2mms[22m[39m
 [32m笨・[39m tests/unit/schedules/schedules.schema.spec.ts[2m > [22mSchedules Schema[2m > [22mCore 竓・Detail 竓・Full inclusion[2m > [22mCore data passes Full parse (Full 竓・Core)[32m 1[2mms[22m[39m
 [32m笨・[39m tests/unit/schedules/schedules.schema.spec.ts[2m > [22mSchedules Schema[2m > [22mrequired fields[2m > [22mrejects missing id[32m 2[2mms[22m[39m
 [32m笨・[39m tests/unit/schedules/schedules.schema.spec.ts[2m > [22mSchedules Schema[2m > [22mrequired fields[2m > [22mrejects missing title[32m 1[2mms[22m[39m
 [32m笨・[39m tests/unit/schedules/schedules.schema.spec.ts[2m > [22mSchedules Schema[2m > [22mrequired fields[2m > [22mrejects missing start[32m 1[2mms[22m[39m
 [32m笨・[39m tests/unit/schedules/schedules.schema.spec.ts[2m > [22mSchedules Schema[2m > [22mrequired fields[2m > [22mrejects missing end[32m 1[2mms[22m[39m
 [32m笨・[39m tests/unit/schedules/schedules.schema.spec.ts[2m > [22mSchedules Schema[2m > [22mrequired fields[2m > [22mrejects missing etag[32m 1[2mms[22m[39m
 [32m笨・[39m tests/unit/schedules/schedules.schema.spec.ts[2m > [22mSchedules Schema[2m > [22menum validation[2m > [22maccepts valid visibility values[32m 1[2mms[22m[39m
 [32m笨・[39m tests/unit/schedules/schedules.schema.spec.ts[2m > [22mSchedules Schema[2m > [22menum validation[2m > [22mrejects invalid visibility[32m 1[2mms[22m[39m
 [32m笨・[39m tests/unit/schedules/schedules.schema.spec.ts[2m > [22mSchedules Schema[2m > [22menum validation[2m > [22maccepts valid category values[32m 1[2mms[22m[39m
 [32m笨・[39m tests/unit/schedules/schedules.schema.spec.ts[2m > [22mSchedules Schema[2m > [22menum validation[2m > [22maccepts valid status values[32m 1[2mms[22m[39m
 [32m笨・[39m tests/unit/schedules/schedules.schema.spec.ts[2m > [22mSchedules Schema[2m > [22mCreateScheduleInputSchema[2m > [22mvalidates a complete create input[32m 2[2mms[22m[39m
 [32m笨・[39m tests/unit/schedules/schedules.schema.spec.ts[2m > [22mSchedules Schema[2m > [22mCreateScheduleInputSchema[2m > [22mrejects missing required fields[32m 1[2mms[22m[39m
 [32m笨・[39m tests/unit/schedules/schedules.schema.spec.ts[2m > [22mSchedules Schema[2m > [22mUpdateScheduleInputSchema[2m > [22mrequires id in addition to create fields[32m 2[2mms[22m[39m
 [32m笨・[39m tests/unit/schedules/schedules.schema.spec.ts[2m > [22mSchedules Schema[2m > [22mUpdateScheduleInputSchema[2m > [22mrejects without id[32m 1[2mms[22m[39m
[90mstdout[2m | tests/unit/timeBasedSupport.planSlotKey.spec.ts
[22m[39m[MSAL ENV] Validated successfully

 [32m笨・[39m src/features/today/telemetry/recordCtaClick.spec.ts[2m > [22mrecordCtaClick[2m > [22msends CTA event to Firestore telemetry collection[32m 10[2mms[22m[39m
 [32m笨・[39m src/features/today/telemetry/recordCtaClick.spec.ts[2m > [22mrecordCtaClick[2m > [22mincludes clientTs as ISO string[32m 1[2mms[22m[39m
 [32m笨・[39m src/features/today/telemetry/recordCtaClick.spec.ts[2m > [22mrecordCtaClick[2m > [22mdoes not throw when addDoc rejects[32m 7[2mms[22m[39m
 [32m笨・[39m src/features/today/telemetry/recordCtaClick.spec.ts[2m > [22mrecordCtaClick[2m > [22mdoes not throw when collection() throws synchronously[32m 4[2mms[22m[39m
 [32m笨・[39m src/features/today/telemetry/recordCtaClick.spec.ts[2m > [22mrecordCtaClick[2m > [22mpasses optional fields when provided[32m 1[2mms[22m[39m
 [32m笨・[39m src/features/today/telemetry/recordCtaClick.spec.ts[2m > [22mrecordCtaClick[2m > [22mis no-op when Firestore is unavailable[32m 1[2mms[22m[39m
 [32m笨・[39m src/features/today/telemetry/recordCtaClick.spec.ts[2m > [22mCTA_EVENTS[2m > [22mhas consistent naming convention[32m 2[2mms[22m[39m
 [32m笨・[39m src/features/today/telemetry/recordCtaClick.spec.ts[2m > [22mCTA_EVENTS[2m > [22mhas 29 defined events[32m 1[2mms[22m[39m
 [32m笨・[39m src/domain/bridge/__tests__/pdcaCycleOrchestrator.spec.ts[2m > [22mresolveCurrentPhase[2m > [22mneeds_assessment 竊・plan[32m 5[2mms[22m[39m
 [32m笨・[39m src/domain/bridge/__tests__/pdcaCycleOrchestrator.spec.ts[2m > [22mresolveCurrentPhase[2m > [22mneeds_plan 竊・plan[32m 1[2mms[22m[39m
 [32m笨・[39m src/domain/bridge/__tests__/pdcaCycleOrchestrator.spec.ts[2m > [22mresolveCurrentPhase[2m > [22mactive_plan 竊・do[32m 1[2mms[22m[39m
 [32m笨・[39m src/domain/bridge/__tests__/pdcaCycleOrchestrator.spec.ts[2m > [22mresolveCurrentPhase[2m > [22mneeds_monitoring 竊・check[32m 1[2mms[22m[39m
 [32m笨・[39m src/domain/bridge/__tests__/pdcaCycleOrchestrator.spec.ts[2m > [22mresolveCurrentPhase[2m > [22mmonitoring_overdue 竊・check[32m 1[2mms[22m[39m
 [32m笨・[39m src/domain/bridge/__tests__/pdcaCycleOrchestrator.spec.ts[2m > [22mresolveCurrentPhase[2m > [22mneeds_reassessment 竊・act[32m 1[2mms[22m[39m
 [32m笨・[39m src/domain/bridge/__tests__/pdcaCycleOrchestrator.spec.ts[2m > [22mbuildPhaseCompletionMap[2m > [22m蜈ｨ繝輔ぅ繝ｼ繝ｫ繝峨′ null 縺ｮ蝣ｴ蜷医∥ll null 繧定ｿ斐☆[32m 2[2mms[22m[39m
 [32m笨・[39m src/domain/bridge/__tests__/pdcaCycleOrchestrator.spec.ts[2m > [22mbuildPhaseCompletionMap[2m > [22m驛ｨ蛻・噪縺ｫ螳御ｺ・＠縺ｦ縺・ｋ蝣ｴ蜷医∵ｭ｣縺励￥繝槭ャ繝斐Φ繧ｰ縺吶ｋ[32m 1[2mms[22m[39m
 [32m笨・[39m src/domain/bridge/__tests__/pdcaCycleOrchestrator.spec.ts[2m > [22mbuildPhaseCompletionMap[2m > [22m蜈ｨ繝輔ぅ繝ｼ繝ｫ繝峨′螳御ｺ・＠縺ｦ縺・ｋ蝣ｴ蜷医√☆縺ｹ縺ｦ譌･莉倥′蜈･繧・[32m 1[2mms[22m[39m
 [32m笨・[39m src/domain/bridge/__tests__/pdcaCycleOrchestrator.spec.ts[2m > [22mcomputeCycleHealth[2m > [22m蜈ｨ繝輔ぉ繝ｼ繧ｺ螳御ｺ・・鬮伜ｮ滓命邇・・菴呵｣輔≠繧・竊・繧ｹ繧ｳ繧｢ 竕・1.0[32m 1[2mms[22m[39m
 [32m笨・[39m src/domain/bridge/__tests__/pdcaCycleOrchestrator.spec.ts[2m > [22mcomputeCycleHealth[2m > [22m蜈ｨ繝輔ぉ繝ｼ繧ｺ譛ｪ螳御ｺ・・菴主ｮ滓命邇・・雜・℃ 竊・繧ｹ繧ｳ繧｢ 竕・0[32m 1[2mms[22m[39m
 [32m笨・[39m src/domain/bridge/__tests__/pdcaCycleOrchestrator.spec.ts[2m > [22mcomputeCycleHealth[2m > [22m繝｢繝九ち繝ｪ繝ｳ繧ｰ14譌･莉･蜀・竊・繧ｹ繧ｳ繧｢縺後ｄ繧・ｸ帛ｰ・[32m 1[2mms[22m[39m
 [32m笨・[39m src/domain/bridge/__tests__/pdcaCycleOrchestrator.spec.ts[2m > [22mcomputeCycleHealth[2m > [22mprocedureCompletionRate 縺・null 竊・繧ｹ繧ｳ繧｢ 1 縺ｨ縺励※謇ｱ縺・[32m 1[2mms[22m[39m
 [32m笨・[39m src/domain/bridge/__tests__/pdcaCycleOrchestrator.spec.ts[2m > [22mcomputeCycleHealth[2m > [22mmonitoringDaysRemaining 縺・null 竊・繝・・繧ｿ縺ｪ縺励→縺励※謇ｱ縺・[32m 1[2mms[22m[39m
 [32m笨・[39m src/domain/bridge/__tests__/pdcaCycleOrchestrator.spec.ts[2m > [22mcomputeCycleHealth[2m > [22m繧ｹ繧ｳ繧｢縺ｯ蟶ｸ縺ｫ 0.0 窶・1.0 縺ｮ遽・峇[32m 1[2mms[22m[39m
 [32m笨・[39m src/domain/bridge/__tests__/pdcaCycleOrchestrator.spec.ts[2m > [22mdeterminePdcaCycleState[2m > [22m蛻晏屓繧ｵ繧､繧ｯ繝ｫ繝ｻ險育判螳滓命荳ｭ 竊・cycleNumber=1, phase=do[32m 1[2mms[22m[39m
 [32m笨・[39m src/domain/bridge/__tests__/pdcaCycleOrchestrator.spec.ts[2m > [22mdeterminePdcaCycleState[2m > [22m繧｢繧ｻ繧ｹ繝｡繝ｳ繝域悴螳滓命 竊・phase=plan, cycleNumber=1[32m 2[2mms[22m[39m
 [32m笨・[39m src/domain/bridge/__tests__/pdcaCycleOrchestrator.spec.ts[2m > [22mdeterminePdcaCycleState[2m > [22m繝｢繝九ち繝ｪ繝ｳ繧ｰ雜・℃ 竊・phase=check[32m 1[2mms[22m[39m
 [32m笨・[39m src/domain/bridge/__tests__/pdcaCycleOrchestrator.spec.ts[2m > [22mdeterminePdcaCycleState[2m > [22m蜀崎ｩ穂ｾ｡蠕・■ 竊・phase=act[32m 1[2mms[22m[39m
 [32m笨・[39m src/domain/bridge/__tests__/pdcaCycleOrchestrator.spec.ts[2m > [22mdeterminePdcaCycleState[2m > [22mreferenceDate 逵∫払譎・竊・computedAt 縺ｫ莉頑律縺ｮ譌･莉・[32m 1[2mms[22m[39m
 [32m笨・[39m src/domain/bridge/__tests__/pdcaCycleOrchestrator.spec.ts[2m > [22mPDCA 繧ｵ繧､繧ｯ繝ｫ蠕ｪ迺ｰ[2m > [22m蜀崎ｩ穂ｾ｡1蝗槫ｮ御ｺ・竊・cycleNumber=2[32m 1[2mms[22m[39m
 [32m笨・[39m src/domain/bridge/__tests__/pdcaCycleOrchestrator.spec.ts[2m > [22mPDCA 繧ｵ繧､繧ｯ繝ｫ蠕ｪ迺ｰ[2m > [22m蜀崎ｩ穂ｾ｡3蝗槫ｮ御ｺ・竊・cycleNumber=4[32m 1[2mms[22m[39m
 [32m笨・[39m src/domain/bridge/__tests__/pdcaCycleOrchestrator.spec.ts[2m > [22mPDCA 繧ｵ繧､繧ｯ繝ｫ蠕ｪ迺ｰ[2m > [22mAct螳御ｺ・ｾ後↓ needs_plan 繝輔ぉ繝ｼ繧ｺ 竊・谺｡繧ｵ繧､繧ｯ繝ｫ縺ｮ Plan[32m 1[2mms[22m[39m
 [32m笨・[39m tests/unit/domain/tokusei.spec.ts[2m > [22mparseAggregatedFeatures[2m > [22mparses labeled lines into entries[32m 5[2mms[22m[39m
 [32m笨・[39m tests/unit/domain/tokusei.spec.ts[2m > [22mparseAggregatedFeatures[2m > [22mreturns empty array for undefined/empty[32m 1[2mms[22m[39m
 [32m笨・[39m tests/unit/domain/tokusei.spec.ts[2m > [22mparseAggregatedFeatures[2m > [22mhandles unlabeled lines with fallback label[32m 1[2mms[22m[39m
 [32m笨・[39m tests/unit/domain/tokusei.spec.ts[2m > [22mparseAggregatedFeatures[2m > [22mtrims whitespace and skips blank lines[32m 2[2mms[22m[39m
 [32m笨・[39m tests/unit/domain/tokusei.spec.ts[2m > [22mparseAggregatedFeatures[2m > [22mhandles single entry[32m 1[2mms[22m[39m
 [32m笨・[39m tests/unit/domain/tokusei.spec.ts[2m > [22mparseNumeric[2m > [22mreturns number for finite number input[32m 1[2mms[22m[39m
 [32m笨・[39m tests/unit/domain/tokusei.spec.ts[2m > [22mparseNumeric[2m > [22mreturns null for NaN / Infinity[32m 1[2mms[22m[39m
 [32m笨・[39m tests/unit/domain/tokusei.spec.ts[2m > [22mparseNumeric[2m > [22mparses numeric strings[32m 1[2mms[22m[39m
 [32m笨・[39m tests/unit/domain/tokusei.spec.ts[2m > [22mparseNumeric[2m > [22mreturns null for empty / non-numeric strings[32m 1[2mms[22m[39m
 [32m笨・[39m tests/unit/domain/tokusei.spec.ts[2m > [22mparseNumeric[2m > [22mreturns null for null / undefined[32m 1[2mms[22m[39m
 [32m笨・[39m tests/unit/domain/tokusei.spec.ts[2m > [22mmapSpRowToTokuseiResponse[2m > [22mmaps basic fields with trimming[32m 1[2mms[22m[39m
 [32m笨・[39m tests/unit/domain/tokusei.spec.ts[2m > [22mmapSpRowToTokuseiResponse[2m > [22mfalls back to Created when FillDate is missing[32m 1[2mms[22m[39m
 [32m笨・[39m tests/unit/domain/tokusei.spec.ts[2m > [22mmapSpRowToTokuseiResponse[2m > [22mreturns 0 for invalid Id[32m 1[2mms[22m[39m
 [32m笨・[39m tests/unit/domain/tokusei.spec.ts[2m > [22mmapSpRowToTokuseiResponse[2m > [22mpasses through optional basic fields[32m 1[2mms[22m[39m
 [32m笨・[39m tests/unit/domain/tokusei.spec.ts[2m > [22mmapSpRowToTokuseiResponse[2m > [22mreturns undefined for empty/missing optional strings[32m 1[2mms[22m[39m
 [32m笨・[39m tests/unit/domain/tokusei.spec.ts[2m > [22mmapSpRowToTokuseiResponse 窶・sensoryFeatures aggregation[2m > [22maggregates 5 sense columns with labels[32m 1[2mms[22m[39m
 [32m笨・[39m tests/unit/domain/tokusei.spec.ts[2m > [22mmapSpRowToTokuseiResponse 窶・sensoryFeatures aggregation[2m > [22mincludes SensoryMultiSelect and SensoryFreeText[32m 1[2mms[22m[39m
 [32m笨・[39m tests/unit/domain/tokusei.spec.ts[2m > [22mmapSpRowToTokuseiResponse 窶・sensoryFeatures aggregation[2m > [22mreturns undefined when all sensory columns are empty[32m 1[2mms[22m[39m
 [32m笨・[39m tests/unit/domain/tokusei.spec.ts[2m > [22mmapSpRowToTokuseiResponse 窶・personality aggregation[2m > [22maggregates relational + situational columns[32m 1[2mms[22m[39m
 [32m笨・[39m tests/unit/domain/tokusei.spec.ts[2m > [22mmapSpRowToTokuseiResponse 窶・personality aggregation[2m > [22mreturns undefined when both columns are empty[32m 1[2mms[22m[39m
 [32m笨・[39m tests/unit/domain/tokusei.spec.ts[2m > [22mmapSpRowToTokuseiResponse 窶・behaviorFeatures aggregation[2m > [22maggregates fixation + communication + behavior columns[32m 1[2mms[22m[39m
 [32m笨・[39m tests/unit/domain/tokusei.spec.ts[2m > [22mmapSpRowToTokuseiResponse 窶・behaviorFeatures aggregation[2m > [22mreturns undefined when all behavior columns are empty[32m 1[2mms[22m[39m
 [32m笨・[39m src/features/handoff/__tests__/useHandoffWeekViewModel.spec.ts[2m > [22museHandoffWeekViewModel pure helpers[2m > [22mbuildWeekBuckets[2m > [22m譛医懈律縺ｮ7譌･蛻・・繝舌こ繝・ヨ繧堤函謌舌☆繧・[32m 6[2mms[22m[39m
 [32m笨・[39m src/features/handoff/__tests__/useHandoffWeekViewModel.spec.ts[2m > [22museHandoffWeekViewModel pure helpers[2m > [22mbuildWeekBuckets[2m > [22m譖懈律繧､繝ｳ繝・ャ繧ｯ繧ｹ縺梧ｭ｣縺励＞ (譛・1, 譌･=0)[32m 1[2mms[22m[39m
 [32m笨・[39m src/features/handoff/__tests__/useHandoffWeekViewModel.spec.ts[2m > [22museHandoffWeekViewModel pure helpers[2m > [22mbuildWeekBuckets[2m > [22m蛻晄悄蛟､縺ｯ蜈ｨ縺ｦ 0[32m 2[2mms[22m[39m
 [32m笨・[39m src/features/handoff/__tests__/useHandoffWeekViewModel.spec.ts[2m > [22museHandoffWeekViewModel pure helpers[2m > [22mbuildWeekBuckets[2m > [22m譛郁ｷｨ縺弱〒繧よｭ｣縺励￥逕滓・[32m 1[2mms[22m[39m
 [32m笨・[39m src/features/handoff/__tests__/useHandoffWeekViewModel.spec.ts[2m > [22museHandoffWeekViewModel pure helpers[2m > [22mbuildWeekBuckets[2m > [22m譛ｪ譚･譌･繝輔Λ繧ｰ縺御ｻ倥￥[32m 1[2mms[22m[39m
 [32m笨・[39m src/features/handoff/__tests__/useHandoffWeekViewModel.spec.ts[2m > [22museHandoffWeekViewModel pure helpers[2m > [22mbuildWeekBuckets[2m > [22m辟｡蜉ｹ蜈･蜉帙〒遨ｺ驟榊・[32m 2[2mms[22m[39m
 [32m笨・[39m src/features/handoff/__tests__/useHandoffWeekViewModel.spec.ts[2m > [22museHandoffWeekViewModel pure helpers[2m > [22mgroupHandoffsByDate[2m > [22m繝ｬ繧ｳ繝ｼ繝峨ｒ譌･莉倥〒繝舌こ繝・ヨ縺ｫ謖ｯ繧雁・縺代ｋ[32m 2[2mms[22m[39m
 [32m笨・[39m src/features/handoff/__tests__/useHandoffWeekViewModel.spec.ts[2m > [22museHandoffWeekViewModel pure helpers[2m > [22mgroupHandoffsByDate[2m > [22mseverity=驥崎ｦ・繧・criticalCount 縺ｫ繧ｫ繧ｦ繝ｳ繝医☆繧・[32m 1[2mms[22m[39m
 [32m笨・[39m src/features/handoff/__tests__/useHandoffWeekViewModel.spec.ts[2m > [22museHandoffWeekViewModel pure helpers[2m > [22mgroupHandoffsByDate[2m > [22mstatus=譛ｪ蟇ｾ蠢・繧・unhandledCount 縺ｫ繧ｫ繧ｦ繝ｳ繝医☆繧・[32m 1[2mms[22m[39m
 [32m笨・[39m src/features/handoff/__tests__/useHandoffWeekViewModel.spec.ts[2m > [22museHandoffWeekViewModel pure helpers[2m > [22mgroupHandoffsByDate[2m > [22m騾ｱ遽・峇螟悶・繝ｬ繧ｳ繝ｼ繝峨・辟｡隕悶＆繧後ｋ[32m 1[2mms[22m[39m
 [32m笨・[39m src/features/handoff/__tests__/useHandoffWeekViewModel.spec.ts[2m > [22museHandoffWeekViewModel pure helpers[2m > [22mgroupHandoffsByDate[2m > [22m遨ｺ驟榊・縺ｧ繧・譌･蛻・・繝舌こ繝・ヨ縺瑚ｿ斐ｋ[32m 1[2mms[22m[39m
 [32m笨・[39m src/features/handoff/__tests__/useHandoffWeekViewModel.spec.ts[2m > [22museHandoffWeekViewModel pure helpers[2m > [22mgroupHandoffsByDate[2m > [22m繧ｫ繝・ざ繝ｪ蛻･縺ｮ荳贋ｽ・莉ｶ縺・topCategories 縺ｫ蜈･繧・[32m 1[2mms[22m[39m
 [32m笨・[39m src/features/handoff/__tests__/useHandoffWeekViewModel.spec.ts[2m > [22museHandoffWeekViewModel pure helpers[2m > [22mgroupHandoffsByDate[2m > [22m莠区腐繝ｻ繝偵Ζ繝ｪ縺後≠繧区律縺ｯ hasIncident=true[32m 1[2mms[22m[39m
 [32m笨・[39m src/features/handoff/__tests__/useHandoffWeekViewModel.spec.ts[2m > [22museHandoffWeekViewModel pure helpers[2m > [22mbuildWeekSummary[2m > [22m蜈ｨ譌･縺ｮ蜷郁ｨ医ｒ險育ｮ励☆繧・[32m 2[2mms[22m[39m
 [32m笨・[39m src/features/handoff/__tests__/useHandoffWeekViewModel.spec.ts[2m > [22museHandoffWeekViewModel pure helpers[2m > [22mbuildWeekSummary[2m > [22m蜈ｨ莉ｶ0縺ｪ繧・hasAnyItems=false[32m 1[2mms[22m[39m
 [32m笨・[39m src/features/handoff/__tests__/useHandoffWeekViewModel.spec.ts[2m > [22museHandoffWeekViewModel pure helpers[2m > [22mbuildWeekSummary[2m > [22m騾ｱ蜈ｨ菴薙・ topCategories 縺碁寔險医＆繧後ｋ[32m 1[2mms[22m[39m
 [32m笨・[39m src/features/handoff/__tests__/useHandoffWeekViewModel.spec.ts[2m > [22museHandoffWeekViewModel pure helpers[2m > [22mbuildTopCategories[2m > [22m莉ｶ謨ｰ髯埼・〒荳贋ｽ康莉ｶ繧定ｿ斐☆[32m 1[2mms[22m[39m
 [32m笨・[39m src/features/handoff/__tests__/useHandoffWeekViewModel.spec.ts[2m > [22museHandoffWeekViewModel pure helpers[2m > [22mbuildTopCategories[2m > [22m蜷御ｻｶ謨ｰ縺ｪ繧牙━蜈亥ｺｦ縺碁ｫ倥＞繧ｫ繝・ざ繝ｪ縺御ｸ・[32m 1[2mms[22m[39m
 [32m笨・[39m src/features/handoff/__tests__/useHandoffWeekViewModel.spec.ts[2m > [22museHandoffWeekViewModel pure helpers[2m > [22mbuildTopCategories[2m > [22m0莉ｶ縺ｮ繧ｫ繝・ざ繝ｪ縺ｯ髯､螟・[32m 1[2mms[22m[39m
 [32m笨・[39m src/features/analysis/hooks/__tests__/useAnalysisDashboardViewModel.spec.ts[2m > [22mbuildHourlyHeatmap[2m > [22mreturns 24 cells[32m 6[2mms[22m[39m
 [32m笨・[39m src/features/analysis/hooks/__tests__/useAnalysisDashboardViewModel.spec.ts[2m > [22mbuildHourlyHeatmap[2m > [22mcounts records by hour and normalises intensity[32m 2[2mms[22m[39m
 [32m笨・[39m src/features/analysis/hooks/__tests__/useAnalysisDashboardViewModel.spec.ts[2m > [22mbuildHourlyHeatmap[2m > [22mignores records with invalid dates[32m 1[2mms[22m[39m
 [32m笨・[39m src/features/analysis/hooks/__tests__/useAnalysisDashboardViewModel.spec.ts[2m > [22mbuildDonutData[2m > [22mreturns zero percentages when all counts are 0[32m 1[2mms[22m[39m
 [32m笨・[39m src/features/analysis/hooks/__tests__/useAnalysisDashboardViewModel.spec.ts[2m > [22mbuildDonutData[2m > [22mcalculates correct percentages[32m 1[2mms[22m[39m
 [32m笨・[39m src/features/analysis/hooks/__tests__/useAnalysisDashboardViewModel.spec.ts[2m > [22mbuildDonutData[2m > [22mhandles uneven splits[32m 1[2mms[22m[39m
 [32m笨・[39m src/features/analysis/hooks/__tests__/useAnalysisDashboardViewModel.spec.ts[2m > [22mbuildRecentEvents[2m > [22mreturns empty array for no records[32m 2[2mms[22m[39m
 [32m笨・[39m src/features/analysis/hooks/__tests__/useAnalysisDashboardViewModel.spec.ts[2m > [22mbuildRecentEvents[2m > [22mlimits to 10 events and sorts newest first[32m 3[2mms[22m[39m
 [32m笨・[39m src/features/analysis/hooks/__tests__/useAnalysisDashboardViewModel.spec.ts[2m > [22mbuildRecentEvents[2m > [22mrespects custom limit[32m 2[2mms[22m[39m
 [32m笨・[39m src/features/analysis/hooks/__tests__/useAnalysisDashboardViewModel.spec.ts[2m > [22mbuildAttendanceSummaryData[2m > [22m遨ｺ縺ｮ visits 縺ｧ縺ｯ蜈ｨ縺ｦ繧ｼ繝ｭ繧定ｿ斐☆[32m 1[2mms[22m[39m
 [32m笨・[39m src/features/analysis/hooks/__tests__/useAnalysisDashboardViewModel.spec.ts[2m > [22mbuildAttendanceSummaryData[2m > [22m騾壽園荳ｭ繝ｻ騾謇貂医ｒ attending 縺ｫ蛻・｡槭☆繧・[32m 1[2mms[22m[39m
 [32m笨・[39m src/features/analysis/hooks/__tests__/useAnalysisDashboardViewModel.spec.ts[2m > [22mbuildAttendanceSummaryData[2m > [22m蠖捺律谺蟶ｭ繝ｻ莠句燕谺蟶ｭ繧・absent 縺ｫ蛻・｡槭☆繧・[32m 1[2mms[22m[39m
 [32m笨・[39m src/features/analysis/hooks/__tests__/useAnalysisDashboardViewModel.spec.ts[2m > [22mbuildAttendanceSummaryData[2m > [22m縺昴・莉悶・繧ｹ繝・・繧ｿ繧ｹ繧・undecided 縺ｫ蛻・｡槭☆繧・[32m 1[2mms[22m[39m
 [32m笨・[39m src/features/analysis/hooks/__tests__/useAnalysisDashboardViewModel.spec.ts[2m > [22mbuildAttendanceSummaryData[2m > [22m37.5邃・ｻ･荳翫ｒ逋ｺ辭ｱ縺ｨ縺励※繧ｫ繧ｦ繝ｳ繝医☆繧・[32m 1[2mms[22m[39m
 [32m笨・[39m src/features/analysis/hooks/__tests__/useAnalysisDashboardViewModel.spec.ts[2m > [22mbuildAttendanceSummaryData[2m > [22mtemperature 縺・undefined 縺ｮ蝣ｴ蜷医・逋ｺ辭ｱ蟇ｾ雎｡螟・[32m 1[2mms[22m[39m
 [32m笨・[39m src/features/analysis/hooks/__tests__/useAnalysisDashboardViewModel.spec.ts[2m > [22mbuildAttendanceSummaryData[2m > [22m谺蟶ｭ閠・〒 eveningChecked !== true 縺ｮ蝣ｴ蜷医↓ eveningPending 繧偵き繧ｦ繝ｳ繝医☆繧・[32m 1[2mms[22m[39m
 [32m笨・[39m src/features/analysis/hooks/__tests__/useAnalysisDashboardViewModel.spec.ts[2m > [22mbuildAttendanceSummaryData[2m > [22m騾壽園荳ｭ縺ｮ蛻ｩ逕ｨ閠・・ eveningChecked !== true 縺ｧ繧・eveningPending 蟇ｾ雎｡螟・[32m 1[2mms[22m[39m
 [32m笨・[39m src/features/analysis/hooks/__tests__/useAnalysisDashboardViewModel.spec.ts[2m > [22mbuildAttendanceSummaryData[2m > [22m繝峨・繝翫ヤ縺ｮ蜑ｲ蜷医′豁｣縺励￥險育ｮ励＆繧後ｋ[32m 1[2mms[22m[39m
 [32m笨・[39m src/features/analysis/hooks/__tests__/useAnalysisDashboardViewModel.spec.ts[2m > [22mbuildAttendanceSummaryData[2m > [22m隍・粋繧ｱ繝ｼ繧ｹ・夂匱辭ｱ+谺蟶ｭ+螟墓婿繝輔か繝ｭ繝ｼ譛ｪ螳御ｺ・[32m 1[2mms[22m[39m
 [32m笨・[39m src/features/settings/__tests__/settingsModel.spec.ts[2m > [22msettingsModel[2m > [22mloadSettingsFromStorage[2m > [22mreturns defaults when localStorage is empty[32m 5[2mms[22m[39m
 [32m笨・[39m src/features/settings/__tests__/settingsModel.spec.ts[2m > [22msettingsModel[2m > [22mloadSettingsFromStorage[2m > [22mloads valid settings from storage[32m 1[2mms[22m[39m
 [32m笨・[39m src/features/settings/__tests__/settingsModel.spec.ts[2m > [22msettingsModel[2m > [22mloadSettingsFromStorage[2m > [22mreturns defaults when JSON is invalid[32m 7[2mms[22m[39m
 [32m笨・[39m src/features/settings/__tests__/settingsModel.spec.ts[2m > [22msettingsModel[2m > [22mloadSettingsFromStorage[2m > [22mreturns defaults when schema is incomplete[32m 1[2mms[22m[39m
 [32m笨・[39m src/features/settings/__tests__/settingsModel.spec.ts[2m > [22msettingsModel[2m > [22mloadSettingsFromStorage[2m > [22mpreserves colorPreset field with fallback to default[32m 1[2mms[22m[39m
 [32m笨・[39m src/features/settings/__tests__/settingsModel.spec.ts[2m > [22msettingsModel[2m > [22mloadSettingsFromStorage[2m > [22mloads kiosk layoutMode correctly[32m 1[2mms[22m[39m
 [32m笨・[39m src/features/settings/__tests__/settingsModel.spec.ts[2m > [22msettingsModel[2m > [22mloadSettingsFromStorage[2m > [22mfalls back to normal for unknown layoutMode values[32m 1[2mms[22m[39m
 [32m笨・[39m src/features/settings/__tests__/settingsModel.spec.ts[2m > [22msettingsModel[2m > [22msaveSettingsToStorage[2m > [22msaves settings to localStorage[32m 1[2mms[22m[39m
 [32m笨・[39m src/features/settings/__tests__/settingsModel.spec.ts[2m > [22msettingsModel[2m > [22msaveSettingsToStorage[2m > [22mupdates lastModified timestamp on save[32m 1[2mms[22m[39m
 [32m笨・[39m src/features/settings/__tests__/settingsModel.spec.ts[2m > [22msettingsModel[2m > [22msaveSettingsToStorage[2m > [22mreturns true on success[32m 1[2mms[22m[39m
 [32m笨・[39m src/features/settings/__tests__/settingsModel.spec.ts[2m > [22msettingsModel[2m > [22msaveSettingsToStorage[2m > [22mreturns false gracefully on quota exceeded[32m 1[2mms[22m[39m
 [32m笨・[39m src/features/settings/__tests__/settingsModel.spec.ts[2m > [22msettingsModel[2m > [22mmergeSettings[2m > [22mmerges partial updates with current state[32m 1[2mms[22m[39m
 [32m笨・[39m src/features/settings/__tests__/settingsModel.spec.ts[2m > [22msettingsModel[2m > [22mmergeSettings[2m > [22mupdates lastModified timestamp[32m 1[2mms[22m[39m
 [32m笨・[39m src/features/settings/__tests__/settingsModel.spec.ts[2m > [22msettingsModel[2m > [22mmergeSettings[2m > [22mhandles empty partial updates[32m 1[2mms[22m[39m
 [32m笨・[39m src/domain/todayEngine.spec.ts[2m > [22mbuildTodayTasks[2m > [22mreturns empty array for empty input[32m 5[2mms[22m[39m
 [32m笨・[39m src/domain/todayEngine.spec.ts[2m > [22mbuildTodayTasks[2m > [22msorts by priority: unrecorded > handoff > briefing > schedule[32m 2[2mms[22m[39m
 [32m笨・[39m src/domain/todayEngine.spec.ts[2m > [22mbuildTodayTasks[2m > [22msorts same priority by dueTime ascending[32m 3[2mms[22m[39m
 [32m笨・[39m src/domain/todayEngine.spec.ts[2m > [22mbuildTodayTasks[2m > [22mtasks with dueTime come before tasks without dueTime at same priority[32m 1[2mms[22m[39m
 [32m笨・[39m src/domain/todayEngine.spec.ts[2m > [22mbuildTodayTasks[2m > [22mapplies resolveUserName to unrecorded tasks[32m 1[2mms[22m[39m
 [32m笨・[39m src/domain/todayEngine.spec.ts[2m > [22mbuildTodayTasks[2m > [22msets correct actionType for each source[32m 1[2mms[22m[39m
 [32m笨・[39m src/domain/todayEngine.spec.ts[2m > [22mbuildTodayTasks[2m > [22mwarns and truncates when exceeding MAX_TASKS[32m 5[2mms[22m[39m
 [32m笨・[39m src/domain/todayEngine.spec.ts[2m > [22mdedupeTasks[2m > [22mkeeps higher priority task when same userId appears multiple times[32m 1[2mms[22m[39m
 [32m笨・[39m src/domain/todayEngine.spec.ts[2m > [22mdedupeTasks[2m > [22mdoes not dedup tasks with empty userId (e.g. schedule)[32m 1[2mms[22m[39m
 [32m笨・[39m src/domain/todayEngine.spec.ts[2m > [22mdedupeTasks[2m > [22mkeeps lower priority task when it appears first but replaces with later higher[32m 1[2mms[22m[39m
 [32m笨・[39m src/domain/todayEngine.spec.ts[2m > [22msummarizeTasks[2m > [22mreturns zeroes for empty list[32m 1[2mms[22m[39m
 [32m笨・[39m src/domain/todayEngine.spec.ts[2m > [22msummarizeTasks[2m > [22mcounts completed and remaining correctly[32m 1[2mms[22m[39m
 [32m笨・[39m src/domain/todayEngine.spec.ts[2m > [22mpickFocusTask[2m > [22mreturns null for empty array[32m 1[2mms[22m[39m
 [32m笨・[39m src/domain/todayEngine.spec.ts[2m > [22mpickFocusTask[2m > [22mreturns null when all tasks are completed[32m 1[2mms[22m[39m
 [32m笨・[39m src/domain/todayEngine.spec.ts[2m > [22mpickFocusTask[2m > [22mpicks highest priority incomplete task with reason message[32m 1[2mms[22m[39m
 [32m笨・[39m src/domain/todayEngine.spec.ts[2m > [22mpickFocusTask[2m > [22mskips completed tasks even if they have higher priority[32m 1[2mms[22m[39m
 [32m笨・[39m src/domain/isp/__tests__/planningSheetReassessment.spec.ts[2m > [22mPlanningSheetReassessment 蝙・[2m > [22m蜈ｨ繝輔ぅ繝ｼ繝ｫ繝峨ｒ謖√▲縺溘が繝悶ず繧ｧ繧ｯ繝医′蝙九↓驕ｩ蜷医☆繧・[32m 5[2mms[22m[39m
 [32m笨・[39m src/domain/isp/__tests__/planningSheetReassessment.spec.ts[2m > [22mPlanningSheetReassessment 蝙・[2m > [22mtriggerType 縺ｮ縺吶∋縺ｦ縺ｮ繝舌Μ繧｢繝ｳ繝医′繝ｩ繝吶Ν繧呈戟縺､[32m 1[2mms[22m[39m
 [32m笨・[39m src/domain/isp/__tests__/planningSheetReassessment.spec.ts[2m > [22mPlanningSheetReassessment 蝙・[2m > [22mplanChangeDecision 縺ｮ縺吶∋縺ｦ縺ｮ繝舌Μ繧｢繝ｳ繝医′繝ｩ繝吶Ν繧呈戟縺､[32m 1[2mms[22m[39m
 [32m笨・[39m src/domain/isp/__tests__/planningSheetReassessment.spec.ts[2m > [22mcomputeDaysSinceReassessment[2m > [22mnull 竊・null[32m 1[2mms[22m[39m
 [32m笨・[39m src/domain/isp/__tests__/planningSheetReassessment.spec.ts[2m > [22mcomputeDaysSinceReassessment[2m > [22mundefined 竊・null[32m 2[2mms[22m[39m
 [32m笨・[39m src/domain/isp/__tests__/planningSheetReassessment.spec.ts[2m > [22mcomputeDaysSinceReassessment[2m > [22m蜷梧律 竊・0[32m 1[2mms[22m[39m
 [32m笨・[39m src/domain/isp/__tests__/planningSheetReassessment.spec.ts[2m > [22mcomputeDaysSinceReassessment[2m > [22m30譌･蜑・竊・30[32m 1[2mms[22m[39m
 [32m笨・[39m src/domain/isp/__tests__/planningSheetReassessment.spec.ts[2m > [22mcomputeDaysSinceReassessment[2m > [22m90譌･蜑・竊・90[32m 1[2mms[22m[39m
 [32m笨・[39m src/domain/isp/__tests__/planningSheetReassessment.spec.ts[2m > [22mcomputeDaysSinceReassessment[2m > [22m91譌･蜑・竊・91[32m 1[2mms[22m[39m
 [32m笨・[39m src/domain/isp/__tests__/planningSheetReassessment.spec.ts[2m > [22mcomputeDaysSinceReassessment[2m > [22m譛ｪ譚･譌･ 竊・雋縺ｮ蛟､[32m 1[2mms[22m[39m
 [32m笨・[39m src/domain/isp/__tests__/planningSheetReassessment.spec.ts[2m > [22misQuarterlyReassessmentOverdue[2m > [22m蜀崎ｩ穂ｾ｡譛ｪ螳滓命 竊・overdue = true, daysSince = null[32m 1[2mms[22m[39m
 [32m笨・[39m src/domain/isp/__tests__/planningSheetReassessment.spec.ts[2m > [22misQuarterlyReassessmentOverdue[2m > [22m90譌･縺｡繧・≧縺ｩ 竊・overdue = false[32m 1[2mms[22m[39m
 [32m笨・[39m src/domain/isp/__tests__/planningSheetReassessment.spec.ts[2m > [22misQuarterlyReassessmentOverdue[2m > [22m91譌･ 竊・overdue = true[32m 1[2mms[22m[39m
 [32m笨・[39m src/domain/isp/__tests__/planningSheetReassessment.spec.ts[2m > [22misQuarterlyReassessmentOverdue[2m > [22m89譌･ 竊・overdue = false[32m 1[2mms[22m[39m
 [32m笨・[39m src/domain/isp/__tests__/planningSheetReassessment.spec.ts[2m > [22misQuarterlyReassessmentOverdue[2m > [22m繧ｫ繧ｹ繧ｿ繝蜻ｨ譛・60譌･縺ｧ61譌･邨碁℃ 竊・overdue = true[32m 1[2mms[22m[39m
 [32m笨・[39m src/domain/isp/__tests__/planningSheetReassessment.spec.ts[2m > [22misQuarterlyReassessmentOverdue[2m > [22m蠖捺律 竊・overdue = false[32m 1[2mms[22m[39m
 [32m笨・[39m src/domain/isp/__tests__/planningSheetReassessment.spec.ts[2m > [22misQuarterlyReassessmentOverdue[2m > [22m繝・ヵ繧ｩ繝ｫ繝亥捉譛溘・90譌･[32m 0[2mms[22m[39m
 [32m笨・[39m src/domain/isp/__tests__/planningSheetReassessment.spec.ts[2m > [22misReassessmentDueDateOverdue[2m > [22m譛滄剞譛ｪ險ｭ螳・竊・false[32m 1[2mms[22m[39m
 [32m笨・[39m src/domain/isp/__tests__/planningSheetReassessment.spec.ts[2m > [22misReassessmentDueDateOverdue[2m > [22mundefined 竊・false[32m 1[2mms[22m[39m
 [32m笨・[39m src/domain/isp/__tests__/planningSheetReassessment.spec.ts[2m > [22misReassessmentDueDateOverdue[2m > [22m譛滄剞蠖捺律 竊・false・・ 譛ｪ雜・℃・・[32m 1[2mms[22m[39m
 [32m笨・[39m src/domain/isp/__tests__/planningSheetReassessment.spec.ts[2m > [22misReassessmentDueDateOverdue[2m > [22m譛滄剞鄙梧律 竊・true[32m 1[2mms[22m[39m
 [32m笨・[39m src/domain/isp/__tests__/planningSheetReassessment.spec.ts[2m > [22misReassessmentDueDateOverdue[2m > [22m譛滄剞蜑肴律 竊・false[32m 1[2mms[22m[39m
 [32m笨・[39m src/domain/isp/__tests__/planningSheetReassessment.spec.ts[2m > [22mdaysUntilReassessment[2m > [22m譛滄剞譛ｪ險ｭ螳・竊・null[32m 1[2mms[22m[39m
 [32m笨・[39m src/domain/isp/__tests__/planningSheetReassessment.spec.ts[2m > [22mdaysUntilReassessment[2m > [22m10譌･蠕・竊・10[32m 1[2mms[22m[39m
 [32m笨・[39m src/domain/isp/__tests__/planningSheetReassessment.spec.ts[2m > [22mdaysUntilReassessment[2m > [22m蠖捺律 竊・0[32m 1[2mms[22m[39m
 [32m笨・[39m src/domain/isp/__tests__/planningSheetReassessment.spec.ts[2m > [22mdaysUntilReassessment[2m > [22m3譌･雜・℃ 竊・-3[32m 1[2mms[22m[39m
 [32m笨・[39m src/domain/isp/__tests__/planningSheetReassessment.spec.ts[2m > [22mcomputeNextReassessmentDueDate[2m > [22m2026-01-01 + 90譌･ 竊・2026-04-01[32m 1[2mms[22m[39m
 [32m笨・[39m src/domain/isp/__tests__/planningSheetReassessment.spec.ts[2m > [22mcomputeNextReassessmentDueDate[2m > [22m2026-01-01 + 繝・ヵ繧ｩ繝ｫ繝・0譌･ 竊・2026-04-01[32m 1[2mms[22m[39m
 [32m笨・[39m src/domain/isp/__tests__/planningSheetReassessment.spec.ts[2m > [22mcomputeNextReassessmentDueDate[2m > [22m2026-03-15 + 90譌･ 竊・2026-06-13[32m 1[2mms[22m[39m
 [32m笨・[39m src/domain/isp/__tests__/planningSheetReassessment.spec.ts[2m > [22mcomputeNextReassessmentDueDate[2m > [22m譛域忰霍ｨ縺・ 2026-11-15 + 90譌･ 竊・2027-02-13[32m 1[2mms[22m[39m
 [32m笨・[39m src/domain/isp/__tests__/planningSheetReassessment.spec.ts[2m > [22mcomputeNextReassessmentDueDate[2m > [22m繧ｫ繧ｹ繧ｿ繝蜻ｨ譛・ 2026-01-01 + 60譌･ 竊・2026-03-02[32m 1[2mms[22m[39m
 [32m笨・[39m src/domain/isp/__tests__/planningSheetReassessment.spec.ts[2m > [22mISP MonitoringRecord 縺ｨ縺ｮ蛻・屬[2m > [22mPlanningSheetReassessment 縺ｯ goalAchievements 繧呈戟縺溘↑縺・ｼ・SP蟆ら畑・・[32m 1[2mms[22m[39m
 [32m笨・[39m tests/unit/timeBasedSupport.planSlotKey.spec.ts[2m > [22museTimeBasedSupportRecordPage planSlotKey matching[2m > [22mmarks plan row as filled when observation has planSlotKey (even if recorded time differs)[32m 22[2mms[22m[39m
 [32m笨・[39m tests/unit/timeBasedSupport.planSlotKey.spec.ts[2m > [22museTimeBasedSupportRecordPage planSlotKey matching[2m > [22mkeeps backward compatibility via timeSlot+plannedActivity when planSlotKey is missing[32m 4[2mms[22m[39m
[90mstdout[2m | src/sharepoint/__tests__/holidayLoader.spec.ts[2m > [22m[2mholidayLoader[2m > [22m[2mloadHolidaysFromSharePoint[2m > [22m[2mloads holidays and updates dynamic cache
[22m[39m[HolidayLoader] 笨・2 莉ｶ縺ｮ逾晄律繧・SP 繝ｪ繧ｹ繝医°繧芽ｪｭ縺ｿ霎ｼ縺ｿ縺ｾ縺励◆

[90mstdout[2m | src/sharepoint/__tests__/holidayLoader.spec.ts[2m > [22m[2mholidayLoader[2m > [22m[2mloadHolidaysFromSharePoint[2m > [22m[2mpasses correct OData parameters
[22m[39m[HolidayLoader] Holiday_Master 縺九ｉ0莉ｶ蜿門ｾ・窶・髱咏噪繝輔か繝ｼ繝ｫ繝舌ャ繧ｯ繧剃ｽｿ逕ｨ

[90mstdout[2m | src/sharepoint/__tests__/holidayLoader.spec.ts[2m > [22m[2mholidayLoader[2m > [22m[2mloadHolidaysFromSharePoint[2m > [22m[2mreturns 0 when no rows are returned
[22m[39m[HolidayLoader] Holiday_Master 縺九ｉ0莉ｶ蜿門ｾ・窶・髱咏噪繝輔か繝ｼ繝ｫ繝舌ャ繧ｯ繧剃ｽｿ逕ｨ

[90mstdout[2m | src/sharepoint/__tests__/holidayLoader.spec.ts[2m > [22m[2mholidayLoader[2m > [22m[2mloadHolidaysFromSharePoint[2m > [22m[2muses Label over Title when both exist
[22m[39m[HolidayLoader] 笨・1 莉ｶ縺ｮ逾晄律繧・SP 繝ｪ繧ｹ繝医°繧芽ｪｭ縺ｿ霎ｼ縺ｿ縺ｾ縺励◆

[90mstdout[2m | src/sharepoint/__tests__/holidayLoader.spec.ts[2m > [22m[2mholidayLoader[2m > [22m[2mloadHolidaysFromSharePoint[2m > [22m[2mfalls back to Title when Label is empty
[22m[39m[HolidayLoader] 笨・1 莉ｶ縺ｮ逾晄律繧・SP 繝ｪ繧ｹ繝医°繧芽ｪｭ縺ｿ霎ｼ縺ｿ縺ｾ縺励◆

[90mstdout[2m | src/sharepoint/__tests__/holidayLoader.spec.ts[2m > [22m[2mholidayLoader[2m > [22m[2mloadHolidaysFromSharePoint[2m > [22m[2mskips rows with invalid dates
[22m[39m[HolidayLoader] 笨・1 莉ｶ縺ｮ逾晄律繧・SP 繝ｪ繧ｹ繝医°繧芽ｪｭ縺ｿ霎ｼ縺ｿ縺ｾ縺励◆

[90mstdout[2m | src/sharepoint/__tests__/holidayLoader.spec.ts[2m > [22m[2mholidayLoader[2m > [22m[2mloadHolidaysFromSharePoint[2m > [22m[2mdisables activeOnly filter when set to false
[22m[39m[HolidayLoader] Holiday_Master 縺九ｉ0莉ｶ蜿門ｾ・窶・髱咏噪繝輔か繝ｼ繝ｫ繝舌ャ繧ｯ繧剃ｽｿ逕ｨ

 [32m笨・[39m src/sharepoint/__tests__/holidayLoader.spec.ts[2m > [22mholidayLoader[2m > [22mnormalizeDate[2m > [22mextracts date from ISO datetime[32m 5[2mms[22m[39m
 [32m笨・[39m src/sharepoint/__tests__/holidayLoader.spec.ts[2m > [22mholidayLoader[2m > [22mnormalizeDate[2m > [22mhandles plain date string[32m 1[2mms[22m[39m
 [32m笨・[39m src/sharepoint/__tests__/holidayLoader.spec.ts[2m > [22mholidayLoader[2m > [22mnormalizeDate[2m > [22mreturns null for null/undefined/empty[32m 1[2mms[22m[39m
 [32m笨・[39m src/sharepoint/__tests__/holidayLoader.spec.ts[2m > [22mholidayLoader[2m > [22mnormalizeDate[2m > [22mreturns null for invalid format[32m 1[2mms[22m[39m
 [32m笨・[39m src/sharepoint/__tests__/holidayLoader.spec.ts[2m > [22mholidayLoader[2m > [22mloadHolidaysFromSharePoint[2m > [22mloads holidays and updates dynamic cache[32m 3[2mms[22m[39m
 [32m笨・[39m src/sharepoint/__tests__/holidayLoader.spec.ts[2m > [22mholidayLoader[2m > [22mloadHolidaysFromSharePoint[2m > [22mpasses correct OData parameters[32m 5[2mms[22m[39m
 [32m笨・[39m src/sharepoint/__tests__/holidayLoader.spec.ts[2m > [22mholidayLoader[2m > [22mloadHolidaysFromSharePoint[2m > [22mreturns 0 when no rows are returned[32m 1[2mms[22m[39m
 [32m笨・[39m src/sharepoint/__tests__/holidayLoader.spec.ts[2m > [22mholidayLoader[2m > [22mloadHolidaysFromSharePoint[2m > [22mfalls back gracefully on SP error[32m 6[2mms[22m[39m
 [32m笨・[39m src/sharepoint/__tests__/holidayLoader.spec.ts[2m > [22mholidayLoader[2m > [22mloadHolidaysFromSharePoint[2m > [22muses Label over Title when both exist[32m 1[2mms[22m[39m
 [32m笨・[39m src/sharepoint/__tests__/holidayLoader.spec.ts[2m > [22mholidayLoader[2m > [22mloadHolidaysFromSharePoint[2m > [22mfalls back to Title when Label is empty[32m 1[2mms[22m[39m
 [32m笨・[39m src/sharepoint/__tests__/holidayLoader.spec.ts[2m > [22mholidayLoader[2m > [22mloadHolidaysFromSharePoint[2m > [22mskips rows with invalid dates[32m 1[2mms[22m[39m
 [32m笨・[39m src/sharepoint/__tests__/holidayLoader.spec.ts[2m > [22mholidayLoader[2m > [22mloadHolidaysFromSharePoint[2m > [22mdisables activeOnly filter when set to false[32m 2[2mms[22m[39m
 [32m笨・[39m src/features/today/domain/deriveCurrentScene.spec.ts[2m > [22mderiveSceneState[2m > [22mreturns "done" when doneAt is set[32m 4[2mms[22m[39m
 [32m笨・[39m src/features/today/domain/deriveCurrentScene.spec.ts[2m > [22mderiveSceneState[2m > [22mreturns "active" when startedAt is set (no doneAt)[32m 1[2mms[22m[39m
 [32m笨・[39m src/features/today/domain/deriveCurrentScene.spec.ts[2m > [22mderiveSceneState[2m > [22mreturns "overdue" when current time >= scheduled and no progress[32m 1[2mms[22m[39m
 [32m笨・[39m src/features/today/domain/deriveCurrentScene.spec.ts[2m > [22mderiveSceneState[2m > [22mreturns "pending" when current time < scheduled and no progress[32m 1[2mms[22m[39m
 [32m笨・[39m src/features/today/domain/deriveCurrentScene.spec.ts[2m > [22mderiveSceneState[2m > [22mreturns "done" even if current time is before scheduled[32m 1[2mms[22m[39m
 [32m笨・[39m src/features/today/domain/deriveCurrentScene.spec.ts[2m > [22mderiveSceneState[2m > [22mreturns "pending" when progress is null and time is future[32m 1[2mms[22m[39m
 [32m笨・[39m src/features/today/domain/deriveCurrentScene.spec.ts[2m > [22mparseTimeToMinutes[2m > [22mparses "09:00" to 540[32m 1[2mms[22m[39m
 [32m笨・[39m src/features/today/domain/deriveCurrentScene.spec.ts[2m > [22mparseTimeToMinutes[2m > [22mparses "16:30" to 990[32m 1[2mms[22m[39m
 [32m笨・[39m src/features/today/domain/deriveCurrentScene.spec.ts[2m > [22mparseTimeToMinutes[2m > [22mhandles "00:00"[32m 1[2mms[22m[39m
 [32m笨・[39m src/features/today/domain/deriveCurrentScene.spec.ts[2m > [22mparseTimeToMinutes[2m > [22mhandles malformed input gracefully[32m 1[2mms[22m[39m
 [32m笨・[39m src/features/today/domain/deriveCurrentScene.spec.ts[2m > [22mselectNextScene[2m > [22mreturns null when all entries are done[32m 2[2mms[22m[39m
 [32m笨・[39m src/features/today/domain/deriveCurrentScene.spec.ts[2m > [22mselectNextScene[2m > [22mreturns null for empty array[32m 1[2mms[22m[39m
 [32m笨・[39m src/features/today/domain/deriveCurrentScene.spec.ts[2m > [22mselectNextScene[2m > [22mkeeps fresh active over overdue[32m 1[2mms[22m[39m
 [32m笨・[39m src/features/today/domain/deriveCurrentScene.spec.ts[2m > [22mselectNextScene[2m > [22mdemotes stale active when overdue exists[32m 1[2mms[22m[39m
 [32m笨・[39m src/features/today/domain/deriveCurrentScene.spec.ts[2m > [22mselectNextScene[2m > [22mprioritizes overdue over pending[32m 1[2mms[22m[39m
 [32m笨・[39m src/features/today/domain/deriveCurrentScene.spec.ts[2m > [22mselectNextScene[2m > [22mprioritizes more delayed overdue entry[32m 1[2mms[22m[39m
 [32m笨・[39m src/features/today/domain/deriveCurrentScene.spec.ts[2m > [22mselectNextScene[2m > [22mselects nearest pending when no active/overdue[32m 1[2mms[22m[39m
 [32m笨・[39m src/features/today/domain/deriveCurrentScene.spec.ts[2m > [22mselectNextScene[2m > [22muses opsStep order as tie-breaker for same time pending[32m 1[2mms[22m[39m
 [32m笨・[39m src/features/today/domain/deriveCurrentScene.spec.ts[2m > [22mselectNextScene[2m > [22mfalls back to id for deterministic ordering on complete tie[32m 2[2mms[22m[39m
 [32m笨・[39m src/features/today/domain/deriveCurrentScene.spec.ts[2m > [22mselectNextScene[2m > [22mfull workflow: intake 竊・done 竊・selects next pending[32m 1[2mms[22m[39m
 [32m笨・[39m src/features/today/domain/deriveCurrentScene.spec.ts[2m > [22mscoreSceneEntry[2m > [22madds overdue bonus for larger delay[32m 1[2mms[22m[39m
 [32m笨・[39m src/features/today/domain/deriveCurrentScene.spec.ts[2m > [22mscoreSceneEntry[2m > [22mpenalizes stale active when overdue exists[32m 1[2mms[22m[39m
 [32m笨・[39m src/features/today/domain/deriveCurrentScene.spec.ts[2m > [22mselectNextScene scenario checks[2m > [22mmorning ops: stale intake(active) is bypassed and overdue temperature is selected[32m 1[2mms[22m[39m
 [32m笨・[39m src/features/today/domain/deriveCurrentScene.spec.ts[2m > [22mselectNextScene scenario checks[2m > [22mbefore opening: nearest pending task is selected across lanes[32m 1[2mms[22m[39m
 [32m笨・[39m src/features/today/domain/deriveCurrentScene.spec.ts[2m > [22mselectNextScene scenario checks[2m > [22msame-time pending ops picks earlier opsStep (temperature before amRecord)[32m 1[2mms[22m[39m
 [32m笨・[39m tests/unit/userStatusUtils.spec.ts[2m > [22mgetGrantPeriodUrgency[2m > [22mreturns "unknown" when GrantPeriodEnd is null/undefined[32m 4[2mms[22m[39m
 [32m笨・[39m tests/unit/userStatusUtils.spec.ts[2m > [22mgetGrantPeriodUrgency[2m > [22mreturns "expired" when date is in the past[32m 1[2mms[22m[39m
 [32m笨・[39m tests/unit/userStatusUtils.spec.ts[2m > [22mgetGrantPeriodUrgency[2m > [22mreturns "critical" when 竕､ 7 days[32m 1[2mms[22m[39m
 [32m笨・[39m tests/unit/userStatusUtils.spec.ts[2m > [22mgetGrantPeriodUrgency[2m > [22mreturns "warning" when 8-30 days[32m 1[2mms[22m[39m
 [32m笨・[39m tests/unit/userStatusUtils.spec.ts[2m > [22mgetGrantPeriodUrgency[2m > [22mreturns "ok" when > 30 days[32m 2[2mms[22m[39m
 [32m笨・[39m tests/unit/userStatusUtils.spec.ts[2m > [22misUserInactive[2m > [22mreturns true when IsActive is false[32m 1[2mms[22m[39m
 [32m笨・[39m tests/unit/userStatusUtils.spec.ts[2m > [22misUserInactive[2m > [22mreturns true when UsageStatus is 螂醍ｴ・ｵゆｺ・[32m 1[2mms[22m[39m
 [32m笨・[39m tests/unit/userStatusUtils.spec.ts[2m > [22misUserInactive[2m > [22mreturns true when UsageStatus is 蛻ｩ逕ｨ莨第ｭ｢荳ｭ[32m 1[2mms[22m[39m
 [32m笨・[39m tests/unit/userStatusUtils.spec.ts[2m > [22misUserInactive[2m > [22mreturns false for active user[32m 1[2mms[22m[39m
 [32m笨・[39m tests/unit/userStatusUtils.spec.ts[2m > [22mgetUserStatusChips[2m > [22malways includes usage status chip[32m 1[2mms[22m[39m
 [32m笨・[39m tests/unit/userStatusUtils.spec.ts[2m > [22mgetUserStatusChips[2m > [22mshows 迥ｶ諷区悴遒ｺ螳・when lifecycle signals are missing[32m 1[2mms[22m[39m
 [32m笨・[39m tests/unit/userStatusUtils.spec.ts[2m > [22mgetUserStatusChips[2m > [22mshows 莨第ｭ｢ for inactive user[32m 1[2mms[22m[39m
 [32m笨・[39m tests/unit/userStatusUtils.spec.ts[2m > [22mgetUserStatusChips[2m > [22mshows 驥榊ｺｦ chip when severeFlag is true[32m 1[2mms[22m[39m
 [32m笨・[39m tests/unit/userStatusUtils.spec.ts[2m > [22mgetUserStatusChips[2m > [22mshows urgency chip when grant period is near[32m 1[2mms[22m[39m
 [32m笨・[39m tests/unit/userStatusUtils.spec.ts[2m > [22mgetUserStatusChips[2m > [22mshows CORE chip when __selectMode is core[32m 1[2mms[22m[39m
 [32m笨・[39m tests/unit/userStatusUtils.spec.ts[2m > [22mgetUserStatusChips[2m > [22mdoes not show selectMode chip when full[32m 1[2mms[22m[39m
 [32m笨・[39m tests/unit/userStatusUtils.spec.ts[2m > [22mgetUserStatusChips[2m > [22mlimits visible chips to 3, puts rest in overflow[32m 1[2mms[22m[39m
 [32m笨・[39m tests/unit/userStatusUtils.spec.ts[2m > [22msortUsersByPriority[2m > [22mputs expired grant period first[32m 1[2mms[22m[39m
 [32m笨・[39m tests/unit/userStatusUtils.spec.ts[2m > [22msortUsersByPriority[2m > [22mputs core selectMode before full[32m 1[2mms[22m[39m
 [32m笨・[39m tests/unit/userStatusUtils.spec.ts[2m > [22msortUsersByPriority[2m > [22mputs severe before non-severe at same priority[32m 1[2mms[22m[39m
 [32m笨・[39m tests/unit/userStatusUtils.spec.ts[2m > [22msortUsersByPriority[2m > [22mpushes inactive to bottom[32m 1[2mms[22m[39m
 [32m笨・[39m tests/unit/userStatusUtils.spec.ts[2m > [22msortUsersByPriority[2m > [22mtie-breaks by UserID then Id[32m 2[2mms[22m[39m
 [32m笨・[39m src/features/recommendation/domain/__tests__/unifiedRecommendationBoundary.spec.ts[2m > [22mbuildUnifiedRecommendation 窶・蜆ｪ蜈亥ｺｦ蠅・阜陬懷ｮ・[2m > [22mP2 > P3: missing-record 縺ｯ high-intensity 繧医ｊ蜆ｪ蜈医＆繧後ｋ[32m 4[2mms[22m[39m
 [32m笨・[39m src/features/recommendation/domain/__tests__/unifiedRecommendationBoundary.spec.ts[2m > [22mbuildUnifiedRecommendation 窶・蜆ｪ蜈亥ｺｦ蠅・阜陬懷ｮ・[2m > [22mP3 > P4: high-intensity 縺ｯ snapshot-urgent 繧医ｊ蜆ｪ蜈医＆繧後ｋ[32m 3[2mms[22m[39m
 [32m笨・[39m src/features/recommendation/domain/__tests__/unifiedRecommendationBoundary.spec.ts[2m > [22mbuildUnifiedRecommendation 窶・蜆ｪ蜈亥ｺｦ蠅・阜陬懷ｮ・[2m > [22mP4 > P5: snapshot-urgent 縺ｯ missing-plan 繧医ｊ蜆ｪ蜈医＆繧後ｋ[32m 1[2mms[22m[39m
 [32m笨・[39m src/features/recommendation/domain/__tests__/unifiedRecommendationBoundary.spec.ts[2m > [22mbuildUnifiedRecommendation 窶・蜆ｪ蜈亥ｺｦ蠅・阜陬懷ｮ・[2m > [22mP1 > all: criticalHandoffCount > 0 縺ｯ蜈ｨ譚｡莉ｶ繧剃ｸ雁屓繧・[32m 1[2mms[22m[39m
 [32m笨・[39m src/features/recommendation/domain/__tests__/unifiedRecommendationBoundary.spec.ts[2m > [22mbuildUnifiedRecommendation 窶・蜆ｪ蜈亥ｺｦ蠅・阜陬懷ｮ・[2m > [22mtodaySnapshot urgency=medium 竊・snapshot-urgent 縺ｫ縺ｪ繧峨↑縺・[32m 2[2mms[22m[39m
 [32m笨・[39m src/features/recommendation/domain/__tests__/unifiedRecommendationBoundary.spec.ts[2m > [22mbuildUnifiedRecommendation 窶・蜆ｪ蜈亥ｺｦ蠅・阜陬懷ｮ・[2m > [22mtodaySnapshot urgency=low 竊・snapshot-urgent 縺ｫ縺ｪ繧峨↑縺・[32m 1[2mms[22m[39m
 [32m笨・[39m src/features/recommendation/domain/__tests__/unifiedRecommendationBoundary.spec.ts[2m > [22mbuildUnifiedRecommendation 窶・蜆ｪ蜈亥ｺｦ蠅・阜陬懷ｮ・[2m > [22mtodaySnapshot 縺・null 縺ｧ繧ゅけ繝ｩ繝・す繝･縺励↑縺・[32m 2[2mms[22m[39m
 [32m笨・[39m src/features/recommendation/domain/__tests__/unifiedRecommendationBoundary.spec.ts[2m > [22mbuildUnifiedRecommendation 窶・factor 蜈ｷ菴灘､[2m > [22mcritical-handoff: headline / suggestedAction / actionRoute 縺ｮ蜈ｷ菴灘､[32m 1[2mms[22m[39m
 [32m笨・[39m src/features/recommendation/domain/__tests__/unifiedRecommendationBoundary.spec.ts[2m > [22mbuildUnifiedRecommendation 窶・factor 蜈ｷ菴灘､[2m > [22mmissing-record: headline / suggestedAction 縺ｮ蜈ｷ菴灘､[32m 1[2mms[22m[39m
 [32m笨・[39m src/features/recommendation/domain/__tests__/unifiedRecommendationBoundary.spec.ts[2m > [22mbuildUnifiedRecommendation 窶・factor 蜈ｷ菴灘､[2m > [22mhigh-intensity: headline / suggestedAction / actionRoute 縺ｮ蜈ｷ菴灘､[32m 1[2mms[22m[39m
 [32m笨・[39m src/features/recommendation/domain/__tests__/unifiedRecommendationBoundary.spec.ts[2m > [22mbuildUnifiedRecommendation 窶・factor 蜈ｷ菴灘､[2m > [22msnapshot-urgent: headline / suggestedAction / actionRoute 縺ｮ蜈ｷ菴灘､[32m 1[2mms[22m[39m
 [32m笨・[39m src/features/recommendation/domain/__tests__/unifiedRecommendationBoundary.spec.ts[2m > [22mbuildUnifiedRecommendation 窶・factor 蜈ｷ菴灘､[2m > [22mmissing-plan: headline / suggestedAction / actionRoute 縺ｮ蜈ｷ菴灘､[32m 1[2mms[22m[39m
 [32m笨・[39m src/features/recommendation/domain/__tests__/unifiedRecommendationBoundary.spec.ts[2m > [22mbuildUnifiedRecommendation 窶・factor 蜈ｷ菴灘､[2m > [22mno-issues: headline / suggestedAction / actionRoute 縺ｮ蜈ｷ菴灘､[32m 1[2mms[22m[39m
 [32m笨・[39m src/features/recommendation/domain/__tests__/unifiedRecommendationBoundary.spec.ts[2m > [22mbuildUnifiedRecommendation 窶・userId 繧ｨ繝ｳ繧ｳ繝ｼ繝・[2m > [22m騾壼ｸｸ userId 縺ｯ縺昴・縺ｾ縺ｾ actionRoute 縺ｫ蝓九ａ霎ｼ縺ｾ繧後ｋ[32m 1[2mms[22m[39m
 [32m笨・[39m src/features/recommendation/domain/__tests__/unifiedRecommendationBoundary.spec.ts[2m > [22mbuildUnifiedRecommendation 窶・userId 繧ｨ繝ｳ繧ｳ繝ｼ繝・[2m > [22m繧ｹ繝壹・繧ｹ繧貞性繧 userId 縺ｯ繧ｨ繝ｳ繧ｳ繝ｼ繝峨＆繧後ｋ[32m 1[2mms[22m[39m
 [32m笨・[39m src/features/recommendation/domain/__tests__/unifiedRecommendationBoundary.spec.ts[2m > [22mbuildUnifiedRecommendation 窶・userId 繧ｨ繝ｳ繧ｳ繝ｼ繝・[2m > [22mcritical-handoff 縺ｧ縺ｯ userId 繧・actionRoute 縺ｫ蜷ｫ繧√↑縺・[32m 1[2mms[22m[39m
 [32m笨・[39m src/features/recommendation/domain/__tests__/unifiedRecommendationBoundary.spec.ts[2m > [22mbuildUnifiedRecommendation 窶・secondaryNotes 邨・∩蜷医ｏ縺・[2m > [22m蝠城｡後↑縺励↑繧・secondaryNotes 縺ｯ 0莉ｶ[32m 2[2mms[22m[39m
 [32m笨・[39m src/features/recommendation/domain/__tests__/unifiedRecommendationBoundary.spec.ts[2m > [22mbuildUnifiedRecommendation 窶・secondaryNotes 邨・∩蜷医ｏ縺・[2m > [22mprimary 縺ｫ蜉縺医※1莉ｶ縺ｮ蜑ｯ谺｡蝠城｡・竊・secondaryNotes 縺ｯ 1莉ｶ[32m 1[2mms[22m[39m
 [32m笨・[39m src/features/recommendation/domain/__tests__/unifiedRecommendationBoundary.spec.ts[2m > [22mbuildUnifiedRecommendation 窶・secondaryNotes 邨・∩蜷医ｏ縺・[2m > [22msecondary 縺・莉ｶ莉･荳翫≠縺｣縺ｦ繧よ怙螟ｧ2莉ｶ縺ｫ蛻・ｊ謐ｨ縺ｦ繧峨ｌ繧・[32m 1[2mms[22m[39m
 [32m笨・[39m src/features/recommendation/domain/__tests__/unifiedRecommendationBoundary.spec.ts[2m > [22mbuildUnifiedRecommendation 窶・secondaryNotes 邨・∩蜷医ｏ縺・[2m > [22mprimary 縺・missing-record 縺ｮ縺ｨ縺・secondaryNotes 縺ｫ "險倬鹸" 縺ｯ蜷ｫ縺ｾ繧後↑縺・[32m 1[2mms[22m[39m
 [32m笨・[39m src/features/recommendation/domain/__tests__/unifiedRecommendationBoundary.spec.ts[2m > [22mbuildUnifiedRecommendation 窶・secondaryNotes 邨・∩蜷医ｏ縺・[2m > [22misHighIntensity 縺・true 縺九▽ primary 縺ｧ縺ｪ縺・ｴ蜷・secondaryNotes 縺ｫ蜈･繧・[32m 1[2mms[22m[39m
 [32m笨・[39m src/features/recommendation/domain/__tests__/unifiedRecommendationBoundary.spec.ts[2m > [22mbuildUnifiedRecommendation 窶・secondaryNotes 邨・∩蜷医ｏ縺・[2m > [22mcriticalHandoffCount 縺・secondary 縺ｫ莉ｶ謨ｰ莉倥″縺ｧ蜈･繧・[32m 1[2mms[22m[39m
 [32m笨・[39m src/features/recommendation/domain/__tests__/unifiedRecommendationBoundary.spec.ts[2m > [22mbuildUnifiedRecommendations 窶・陬懷ｮ・[2m > [22m蜊倅ｸ繝ｦ繝ｼ繧ｶ繝ｼ縺ｮ Map 繧定ｿ斐☆[32m 1[2mms[22m[39m
 [32m笨・[39m src/features/recommendation/domain/__tests__/unifiedRecommendationBoundary.spec.ts[2m > [22mbuildUnifiedRecommendations 窶・陬懷ｮ・[2m > [22m蜷・お繝ｳ繝医Μ縺ｮprimaryFactor 縺梧ｭ｣縺励￥險ｭ螳壹＆繧後ｋ[32m 1[2mms[22m[39m
 [32m笨・[39m src/app/__tests__/createAppTheme.spec.ts[2m > [22mcreateAppTheme[2m > [22mDensity Spacing[2m > [22mcreates theme with comfortable density spacing (8px)[32m 6[2mms[22m[39m
 [32m笨・[39m src/app/__tests__/createAppTheme.spec.ts[2m > [22mcreateAppTheme[2m > [22mDensity Spacing[2m > [22mcreates theme with compact density spacing (4px)[32m 2[2mms[22m[39m
 [32m笨・[39m src/app/__tests__/createAppTheme.spec.ts[2m > [22mcreateAppTheme[2m > [22mDensity Spacing[2m > [22mcreates theme with spacious density spacing (12px)[32m 2[2mms[22m[39m
 [32m笨・[39m src/app/__tests__/createAppTheme.spec.ts[2m > [22mcreateAppTheme[2m > [22mComponent Overrides[2m > [22mapplies density to button padding[32m 2[2mms[22m[39m
 [32m笨・[39m src/app/__tests__/createAppTheme.spec.ts[2m > [22mcreateAppTheme[2m > [22mComponent Overrides[2m > [22mapplies density to DialogActions padding[32m 2[2mms[22m[39m
 [32m笨・[39m src/app/__tests__/createAppTheme.spec.ts[2m > [22mcreateAppTheme[2m > [22mComponent Overrides[2m > [22mapplies TextField size based on density[32m 3[2mms[22m[39m
 [32m笨・[39m src/app/__tests__/createAppTheme.spec.ts[2m > [22mcreateAppTheme[2m > [22mComponent Overrides[2m > [22mapplies Card padding override[32m 2[2mms[22m[39m
 [32m笨・[39m src/app/__tests__/createAppTheme.spec.ts[2m > [22mcreateAppTheme[2m > [22mComponent Overrides[2m > [22mapplies Stack default spacing[32m 1[2mms[22m[39m
 [32m笨・[39m src/app/__tests__/createAppTheme.spec.ts[2m > [22mcreateAppTheme[2m > [22mPure Function Properties[2m > [22mreturns new theme object on each call (immutability)[32m 3[2mms[22m[39m
 [32m笨・[39m src/app/__tests__/createAppTheme.spec.ts[2m > [22mcreateAppTheme[2m > [22mPure Function Properties[2m > [22mdoes not mutate input settings[32m 2[2mms[22m[39m
[90mstdout[2m | src/features/handoff/__tests__/useHandoffMonthViewModel.spec.ts
[22m[39m[MSAL ENV] Validated successfully

 [32m笨・[39m tests/unit/usePrefersReducedMotion.spec.ts[2m > [22musePrefersReducedMotion[2m > [22mreflects the initial preference and reacts to changes[32m 26[2mms[22m[39m
 [32m笨・[39m src/features/kokuhoren-validation/__tests__/validateMonthly.spec.ts[2m > [22mvalidateMonthly 窶・豁｣蟶ｸ邉ｻ[2m > [22m豁｣蟶ｸ縺ｪ繝ｬ繧ｳ繝ｼ繝峨〒縺ｯ issues 縺檎ｩｺ縺ｫ縺ｪ繧・[32m 6[2mms[22m[39m
 [32m笨・[39m src/features/kokuhoren-validation/__tests__/validateMonthly.spec.ts[2m > [22mvalidateMonthly 窶・豁｣蟶ｸ邉ｻ[2m > [22m遨ｺ繝ｬ繧ｳ繝ｼ繝蛾・蛻励〒縺ｯ繝舌Μ繝・・繧ｷ繝ｧ繝ｳ縺碁壹ｋ[32m 1[2mms[22m[39m
 [32m笨・[39m src/features/kokuhoren-validation/__tests__/validateMonthly.spec.ts[2m > [22mvalidateMonthly 窶・豁｣蟶ｸ邉ｻ[2m > [22myearMonth縺梧ｭ｣縺励￥險ｭ螳壹＆繧後ｋ[32m 1[2mms[22m[39m
 [32m笨・[39m src/features/kokuhoren-validation/__tests__/validateMonthly.spec.ts[2m > [22mvalidateMonthly 窶・豁｣蟶ｸ邉ｻ[2m > [22mvalidRecords = totalRecords - blockCount[32m 1[2mms[22m[39m
 [32m笨・[39m src/features/kokuhoren-validation/__tests__/validateMonthly.spec.ts[2m > [22mKOKU-71-001: 蜿礼ｵｦ閠・ｨｼ逡ｪ蜿ｷ譛ｪ逋ｻ骭ｲ[2m > [22m蜿礼ｵｦ閠・ｨｼ逡ｪ蜿ｷ縺梧悴險ｭ螳壹〒BLOCK[32m 1[2mms[22m[39m
 [32m笨・[39m src/features/kokuhoren-validation/__tests__/validateMonthly.spec.ts[2m > [22mKOKU-71-001: 蜿礼ｵｦ閠・ｨｼ逡ｪ蜿ｷ譛ｪ逋ｻ骭ｲ[2m > [22m蜿礼ｵｦ閠・ｨｼ逡ｪ蜿ｷ縺系ull縺ｧBLOCK[32m 1[2mms[22m[39m
 [32m笨・[39m src/features/kokuhoren-validation/__tests__/validateMonthly.spec.ts[2m > [22mKOKU-71-001: 蜿礼ｵｦ閠・ｨｼ逡ｪ蜿ｷ譛ｪ逋ｻ骭ｲ[2m > [22m蜿礼ｵｦ閠・ｨｼ逡ｪ蜿ｷ縺檎ｩｺ譁・ｭ励〒BLOCK[32m 1[2mms[22m[39m
 [32m笨・[39m src/features/kokuhoren-validation/__tests__/validateMonthly.spec.ts[2m > [22mKOKU-71-001: 蜿礼ｵｦ閠・ｨｼ逡ｪ蜿ｷ譛ｪ逋ｻ骭ｲ[2m > [22m蜿礼ｵｦ閠・ｨｼ逡ｪ蜿ｷ縺・譯√〒BLOCK[32m 1[2mms[22m[39m
 [32m笨・[39m src/features/kokuhoren-validation/__tests__/validateMonthly.spec.ts[2m > [22mKOKU-71-001: 蜿礼ｵｦ閠・ｨｼ逡ｪ蜿ｷ譛ｪ逋ｻ骭ｲ[2m > [22m蜿礼ｵｦ閠・ｨｼ逡ｪ蜿ｷ縺・0譯√〒豁｣蟶ｸ[32m 1[2mms[22m[39m
 [32m笨・[39m src/features/kokuhoren-validation/__tests__/validateMonthly.spec.ts[2m > [22mKOKU-71-001: 蜿礼ｵｦ閠・ｨｼ逡ｪ蜿ｷ譛ｪ逋ｻ骭ｲ[2m > [22m蜿礼ｵｦ閠・ｨｼ逡ｪ蜿ｷ縺ｫ譁・ｭ励′蜷ｫ縺ｾ繧後ｋ縺ｨBLOCK[32m 1[2mms[22m[39m
 [32m笨・[39m src/features/kokuhoren-validation/__tests__/validateMonthly.spec.ts[2m > [22mKOKU-71-002: 謠蝉ｾ帶凾蛻ｻ荳榊ｮ悟・[2m > [22m謠蝉ｾ帙〒髢句ｧ区凾蛻ｻ縺ｮ縺ｿ谺縺腺LOCK[32m 1[2mms[22m[39m
 [32m笨・[39m src/features/kokuhoren-validation/__tests__/validateMonthly.spec.ts[2m > [22mKOKU-71-002: 謠蝉ｾ帶凾蛻ｻ荳榊ｮ悟・[2m > [22m謠蝉ｾ帙〒邨ゆｺ・凾蛻ｻ縺ｮ縺ｿ谺縺腺LOCK[32m 1[2mms[22m[39m
 [32m笨・[39m src/features/kokuhoren-validation/__tests__/validateMonthly.spec.ts[2m > [22mKOKU-71-002: 謠蝉ｾ帶凾蛻ｻ荳榊ｮ悟・[2m > [22m謠蝉ｾ帙〒荳｡譁ｹ谺縺腺LOCK[32m 1[2mms[22m[39m
 [32m笨・[39m src/features/kokuhoren-validation/__tests__/validateMonthly.spec.ts[2m > [22mKOKU-71-002: 謠蝉ｾ帶凾蛻ｻ荳榊ｮ悟・[2m > [22m謠蝉ｾ帙〒荳｡譁ｹ縺ゅｌ縺ｰ豁｣蟶ｸ[32m 1[2mms[22m[39m
 [32m笨・[39m src/features/kokuhoren-validation/__tests__/validateMonthly.spec.ts[2m > [22mKOKU-71-003: 髢句ｧ銀鴬邨ゆｺ・[2m > [22m髢句ｧ・> 邨ゆｺ・〒BLOCK[32m 1[2mms[22m[39m
 [32m笨・[39m src/features/kokuhoren-validation/__tests__/validateMonthly.spec.ts[2m > [22mKOKU-71-003: 髢句ｧ銀鴬邨ゆｺ・[2m > [22m髢句ｧ・=== 邨ゆｺ・〒BLOCK[32m 1[2mms[22m[39m
 [32m笨・[39m src/features/kokuhoren-validation/__tests__/validateMonthly.spec.ts[2m > [22mKOKU-71-003: 髢句ｧ銀鴬邨ゆｺ・[2m > [22m髢句ｧ・< 邨ゆｺ・〒豁｣蟶ｸ[32m 1[2mms[22m[39m
 [32m笨・[39m src/features/kokuhoren-validation/__tests__/validateMonthly.spec.ts[2m > [22mKOKU-71-004: 髱樊署萓帙Ξ繧ｳ繝ｼ繝峨↓譎る俣/蜉邂・[2m > [22m谺蟶ｭ繝ｬ繧ｳ繝ｼ繝峨↓譎ょ綾縺瑚ｨｭ螳壹＆繧後ｋ縺ｨBLOCK[32m 1[2mms[22m[39m
 [32m笨・[39m src/features/kokuhoren-validation/__tests__/validateMonthly.spec.ts[2m > [22mKOKU-71-004: 髱樊署萓帙Ξ繧ｳ繝ｼ繝峨↓譎る俣/蜉邂・[2m > [22m谺蟶ｭ繝ｬ繧ｳ繝ｼ繝峨↓騾∬ｿ弱≠繧翫〒BLOCK[32m 1[2mms[22m[39m
 [32m笨・[39m src/features/kokuhoren-validation/__tests__/validateMonthly.spec.ts[2m > [22mKOKU-71-004: 髱樊署萓帙Ξ繧ｳ繝ｼ繝峨↓譎る俣/蜉邂・[2m > [22m谺蟶ｭ繝ｬ繧ｳ繝ｼ繝峨〒譎る俣/蜉邂励↑縺励↑繧画ｭ｣蟶ｸ[32m 1[2mms[22m[39m
 [32m笨・[39m src/features/kokuhoren-validation/__tests__/validateMonthly.spec.ts[2m > [22mKOKU-71-101: 騾∬ｿ弱≠繧翫□縺梧凾髢捺悴蜈･蜉・[2m > [22m騾∬ｿ弱≠繧翫〒譎ょ綾縺檎援譁ｹ谺縺代ｋ縺ｨWARNING[32m 1[2mms[22m[39m
 [32m笨・[39m src/features/kokuhoren-validation/__tests__/validateMonthly.spec.ts[2m > [22mKOKU-71-101: 騾∬ｿ弱≠繧翫□縺梧凾髢捺悴蜈･蜉・[2m > [22m騾∬ｿ弱≠繧翫〒譎ょ綾縺御ｸ｡譁ｹ縺ゅｌ縺ｰ豁｣蟶ｸ[32m 1[2mms[22m[39m
 [32m笨・[39m src/features/kokuhoren-validation/__tests__/validateMonthly.spec.ts[2m > [22mKOKU-71-102: 貊槫惠譎る俣縺梧･ｵ遶ｯ[2m > [22m貊槫惠10蛻・〒WARNING[32m 1[2mms[22m[39m
 [32m笨・[39m src/features/kokuhoren-validation/__tests__/validateMonthly.spec.ts[2m > [22mKOKU-71-102: 貊槫惠譎る俣縺梧･ｵ遶ｯ[2m > [22m貊槫惠6h縺ｧ豁｣蟶ｸ[32m 1[2mms[22m[39m
 [32m笨・[39m src/features/kokuhoren-validation/__tests__/validateMonthly.spec.ts[2m > [22mKOKU-71-103: 谺蟶ｭ譎ょｯｾ蠢懊・譛磯俣蝗樊焚荳企剞[2m > [22m5蝗橸ｼ井ｸ企剞雜・℃・峨〒WARNING[32m 1[2mms[22m[39m
 [32m笨・[39m src/features/kokuhoren-validation/__tests__/validateMonthly.spec.ts[2m > [22mKOKU-71-103: 谺蟶ｭ譎ょｯｾ蠢懊・譛磯俣蝗樊焚荳企剞[2m > [22m4蝗橸ｼ井ｸ企剞莉･蜀・ｼ峨〒豁｣蟶ｸ[32m 1[2mms[22m[39m
 [32m笨・[39m src/features/kokuhoren-validation/__tests__/validateMonthly.spec.ts[2m > [22m髮・ｨ医・豁｣遒ｺ諤ｧ[2m > [22mBLOCK 縺悟性縺ｾ繧後ｋ縺ｨ isValidForExport 縺・false[32m 1[2mms[22m[39m
 [32m笨・[39m src/features/kokuhoren-validation/__tests__/validateMonthly.spec.ts[2m > [22m髮・ｨ医・豁｣遒ｺ諤ｧ[2m > [22mWARNING 縺ｮ縺ｿ縺ｧ縺ｯ isValidForExport 縺ｯ true[32m 1[2mms[22m[39m
 [32m笨・[39m src/features/kokuhoren-validation/__tests__/validateMonthly.spec.ts[2m > [22m髮・ｨ医・豁｣遒ｺ諤ｧ[2m > [22mtotalRecords 縺後Ξ繧ｳ繝ｼ繝画焚縺ｨ荳閾ｴ[32m 1[2mms[22m[39m
 [32m笨・[39m src/features/handoff/analysis/__tests__/alertRules.spec.ts[2m > [22mcountConsecutiveDays[2m > [22mcounts consecutive days from baseDate[32m 6[2mms[22m[39m
 [32m笨・[39m src/features/handoff/analysis/__tests__/alertRules.spec.ts[2m > [22mcountConsecutiveDays[2m > [22mbreaks on gap[32m 1[2mms[22m[39m
 [32m笨・[39m src/features/handoff/analysis/__tests__/alertRules.spec.ts[2m > [22mcountConsecutiveDays[2m > [22mfilters by category[32m 1[2mms[22m[39m
 [32m笨・[39m src/features/handoff/analysis/__tests__/alertRules.spec.ts[2m > [22mcountConsecutiveDays[2m > [22mreturns 0 for empty records[32m 1[2mms[22m[39m
 [32m笨・[39m src/features/handoff/analysis/__tests__/alertRules.spec.ts[2m > [22mcountInPeriod[2m > [22mcounts records in period[32m 1[2mms[22m[39m
 [32m笨・[39m src/features/handoff/analysis/__tests__/alertRules.spec.ts[2m > [22mcountInPeriod[2m > [22mfilters by category[32m 1[2mms[22m[39m
 [32m笨・[39m src/features/handoff/analysis/__tests__/alertRules.spec.ts[2m > [22mfindStaleHandoffs[2m > [22mdetects stale handoffs[32m 1[2mms[22m[39m
 [32m笨・[39m src/features/handoff/analysis/__tests__/alertRules.spec.ts[2m > [22mfindStaleHandoffs[2m > [22mignores completed handoffs[32m 1[2mms[22m[39m
 [32m笨・[39m src/features/handoff/analysis/__tests__/alertRules.spec.ts[2m > [22mfindStaleHandoffs[2m > [22mignores recent handoffs[32m 1[2mms[22m[39m
 [32m笨・[39m src/features/handoff/analysis/__tests__/alertRules.spec.ts[2m > [22mevaluateAlertRules[2m > [22m蝓ｺ譛ｬ蜍穂ｽ・[2m > [22mreturns empty result for empty records[32m 2[2mms[22m[39m
 [32m笨・[39m src/features/handoff/analysis/__tests__/alertRules.spec.ts[2m > [22mevaluateAlertRules[2m > [22m蝓ｺ譛ｬ蜍穂ｽ・[2m > [22mreturns empty when no rules fire[32m 1[2mms[22m[39m
 [32m笨・[39m src/features/handoff/analysis/__tests__/alertRules.spec.ts[2m > [22mevaluateAlertRules[2m > [22mconsecutive-health-3d rule[2m > [22mfires when health reported 3+ consecutive days[32m 1[2mms[22m[39m
 [32m笨・[39m src/features/handoff/analysis/__tests__/alertRules.spec.ts[2m > [22mevaluateAlertRules[2m > [22mconsecutive-health-3d rule[2m > [22mdoes NOT fire with only 2 consecutive days[32m 1[2mms[22m[39m
 [32m笨・[39m src/features/handoff/analysis/__tests__/alertRules.spec.ts[2m > [22mevaluateAlertRules[2m > [22mbehavior-3-in-7d rule[2m > [22mfires when behavior reported 3+ times in 7 days[32m 1[2mms[22m[39m
 [32m笨・[39m src/features/handoff/analysis/__tests__/alertRules.spec.ts[2m > [22mevaluateAlertRules[2m > [22mfamily-stale-3d rule[2m > [22mfires when family contact is stale 3+ days[32m 1[2mms[22m[39m
 [32m笨・[39m src/features/handoff/analysis/__tests__/alertRules.spec.ts[2m > [22mevaluateAlertRules[2m > [22m螟壼茜逕ｨ閠・・隍・焚繝ｫ繝ｼ繝ｫ[2m > [22mevaluates each user independently[32m 1[2mms[22m[39m
 [32m笨・[39m src/features/handoff/analysis/__tests__/alertRules.spec.ts[2m > [22mevaluateAlertRules[2m > [22m螟壼茜逕ｨ閠・・隍・焚繝ｫ繝ｼ繝ｫ[2m > [22mcounts affected users correctly[32m 1[2mms[22m[39m
 [32m笨・[39m src/features/handoff/analysis/__tests__/alertRules.spec.ts[2m > [22mevaluateAlertRules[2m > [22m繧ｽ繝ｼ繝磯・[2m > [22msorts by severity descending, then userCode ascending[32m 1[2mms[22m[39m
 [32m笨・[39m src/features/handoff/analysis/__tests__/alertRules.spec.ts[2m > [22mevaluateAlertRules[2m > [22mbySeverity 繧ｫ繧ｦ繝ｳ繝・[2m > [22mcounts alerts per severity level[32m 1[2mms[22m[39m
 [32m笨・[39m src/features/handoff/analysis/__tests__/alertRules.spec.ts[2m > [22mevaluateAlertRules[2m > [22m繧ｫ繧ｹ繧ｿ繝繝ｫ繝ｼ繝ｫ[2m > [22maccepts custom rules via options[32m 1[2mms[22m[39m
 [32m笨・[39m src/features/handoff/analysis/__tests__/alertRules.spec.ts[2m > [22mevaluateAlertRules[2m > [22mexports DEFAULT_ALERT_RULES with expected count[32m 1[2mms[22m[39m
 [32m笨・[39m src/domain/isp/bridge/__tests__/toDailyProcedureSteps.spec.ts[2m > [22mparseTimingToTime[2m > [22mparses valid HH:MM[32m 5[2mms[22m[39m
 [32m笨・[39m src/domain/isp/bridge/__tests__/toDailyProcedureSteps.spec.ts[2m > [22mparseTimingToTime[2m > [22mrejects invalid formats[32m 3[2mms[22m[39m
 [32m笨・[39m src/domain/isp/bridge/__tests__/toDailyProcedureSteps.spec.ts[2m > [22mgenerateDefaultTime[2m > [22mgenerates 09:00 for order 1[32m 1[2mms[22m[39m
 [32m笨・[39m src/domain/isp/bridge/__tests__/toDailyProcedureSteps.spec.ts[2m > [22mgenerateDefaultTime[2m > [22mgenerates 09:30 for order 2[32m 1[2mms[22m[39m
 [32m笨・[39m src/domain/isp/bridge/__tests__/toDailyProcedureSteps.spec.ts[2m > [22mgenerateDefaultTime[2m > [22mgenerates 10:00 for order 3[32m 1[2mms[22m[39m
 [32m笨・[39m src/domain/isp/bridge/__tests__/toDailyProcedureSteps.spec.ts[2m > [22mgenerateDefaultTime[2m > [22mgenerates 12:00 for order 7[32m 1[2mms[22m[39m
 [32m笨・[39m src/domain/isp/bridge/__tests__/toDailyProcedureSteps.spec.ts[2m > [22mgenerateDefaultTime[2m > [22mcaps at 23:xx for very large orders[32m 1[2mms[22m[39m
 [32m笨・[39m src/domain/isp/bridge/__tests__/toDailyProcedureSteps.spec.ts[2m > [22mextractActivityLabel[2m > [22mprefers activityLabel when provided[32m 1[2mms[22m[39m
 [32m笨・[39m src/domain/isp/bridge/__tests__/toDailyProcedureSteps.spec.ts[2m > [22mextractActivityLabel[2m > [22mextracts first sentence before 縲・[32m 1[2mms[22m[39m
 [32m笨・[39m src/domain/isp/bridge/__tests__/toDailyProcedureSteps.spec.ts[2m > [22mextractActivityLabel[2m > [22mextracts first sentence before .[32m 1[2mms[22m[39m
 [32m笨・[39m src/domain/isp/bridge/__tests__/toDailyProcedureSteps.spec.ts[2m > [22mextractActivityLabel[2m > [22mtruncates at 40 chars[32m 1[2mms[22m[39m
 [32m笨・[39m src/domain/isp/bridge/__tests__/toDailyProcedureSteps.spec.ts[2m > [22mextractActivityLabel[2m > [22mreturns full instruction if no sentence break and short[32m 1[2mms[22m[39m
 [32m笨・[39m src/domain/isp/bridge/__tests__/toDailyProcedureSteps.spec.ts[2m > [22mextractActivityLabel[2m > [22mfalls back to first 40 chars if no sentence break and instruction is only whitespace[32m 1[2mms[22m[39m
 [32m笨・[39m src/domain/isp/bridge/__tests__/toDailyProcedureSteps.spec.ts[2m > [22mtoDailyProcedureSteps[2m > [22mreturns empty array for empty procedureSteps[32m 2[2mms[22m[39m
 [32m笨・[39m src/domain/isp/bridge/__tests__/toDailyProcedureSteps.spec.ts[2m > [22mtoDailyProcedureSteps[2m > [22mconverts a single step correctly[32m 2[2mms[22m[39m
 [32m笨・[39m src/domain/isp/bridge/__tests__/toDailyProcedureSteps.spec.ts[2m > [22mtoDailyProcedureSteps[2m > [22mmaps timing to time correctly[32m 1[2mms[22m[39m
 [32m笨・[39m src/domain/isp/bridge/__tests__/toDailyProcedureSteps.spec.ts[2m > [22mtoDailyProcedureSteps[2m > [22muses default time when timing is empty[32m 1[2mms[22m[39m
 [32m笨・[39m src/domain/isp/bridge/__tests__/toDailyProcedureSteps.spec.ts[2m > [22mtoDailyProcedureSteps[2m > [22muses default time when timing is non-HH:MM[32m 3[2mms[22m[39m
 [32m笨・[39m src/domain/isp/bridge/__tests__/toDailyProcedureSteps.spec.ts[2m > [22mtoDailyProcedureSteps[2m > [22msorts by order regardless of input order[32m 1[2mms[22m[39m
 [32m笨・[39m src/domain/isp/bridge/__tests__/toDailyProcedureSteps.spec.ts[2m > [22mtoDailyProcedureSteps[2m > [22msets isKey true only for first and last steps[32m 1[2mms[22m[39m
 [32m笨・[39m src/domain/isp/bridge/__tests__/toDailyProcedureSteps.spec.ts[2m > [22mtoDailyProcedureSteps[2m > [22mpreserves planningSheetId on all steps[32m 1[2mms[22m[39m
 [32m笨・[39m src/domain/isp/bridge/__tests__/toDailyProcedureSteps.spec.ts[2m > [22mtoDailyProcedureSteps[2m > [22muses activityLabels when provided[32m 1[2mms[22m[39m
 [32m笨・[39m src/domain/isp/bridge/__tests__/toDailyProcedureSteps.spec.ts[2m > [22mtoDailyProcedureSteps[2m > [22mfalls back to instruction extraction when activityLabels is partial[32m 1[2mms[22m[39m
 [32m笨・[39m src/domain/isp/bridge/__tests__/toDailyProcedureSteps.spec.ts[2m > [22mtoDailyProcedureSteps[2m > [22mhandles many steps correctly[32m 2[2mms[22m[39m
 [32m笨・[39m tests/unit/kokuhoren-validation/derive.spec.ts[2m > [22mhhmmToMinutes[2m > [22m930 竊・570蛻・[32m 4[2mms[22m[39m
 [32m笨・[39m tests/unit/kokuhoren-validation/derive.spec.ts[2m > [22mhhmmToMinutes[2m > [22m1530 竊・930蛻・[32m 1[2mms[22m[39m
 [32m笨・[39m tests/unit/kokuhoren-validation/derive.spec.ts[2m > [22mhhmmToMinutes[2m > [22m0 竊・0蛻・[32m 3[2mms[22m[39m
 [32m笨・[39m tests/unit/kokuhoren-validation/derive.spec.ts[2m > [22mhhmmToMinutes[2m > [22m2359 竊・1439蛻・[32m 1[2mms[22m[39m
 [32m笨・[39m tests/unit/kokuhoren-validation/derive.spec.ts[2m > [22mcalcDurationMinutes[2m > [22m930竊・530 = 360蛻・[32m 1[2mms[22m[39m
 [32m笨・[39m tests/unit/kokuhoren-validation/derive.spec.ts[2m > [22mcalcDurationMinutes[2m > [22m900竊・700 = 480蛻・[32m 1[2mms[22m[39m
 [32m笨・[39m tests/unit/kokuhoren-validation/derive.spec.ts[2m > [22mcalcDurationMinutes[2m > [22mstart null 竊・null[32m 1[2mms[22m[39m
 [32m笨・[39m tests/unit/kokuhoren-validation/derive.spec.ts[2m > [22mcalcDurationMinutes[2m > [22mend null 竊・null[32m 1[2mms[22m[39m
 [32m笨・[39m tests/unit/kokuhoren-validation/derive.spec.ts[2m > [22mcalcDurationMinutes[2m > [22mstart >= end 竊・null[32m 1[2mms[22m[39m
 [32m笨・[39m tests/unit/kokuhoren-validation/derive.spec.ts[2m > [22mcalcDurationMinutes[2m > [22mstart == end 竊・null[32m 1[2mms[22m[39m
 [32m笨・[39m tests/unit/kokuhoren-validation/derive.spec.ts[2m > [22mdurationToTimeCode[2m > [22mnull 竊・null[32m 1[2mms[22m[39m
 [32m笨・[39m tests/unit/kokuhoren-validation/derive.spec.ts[2m > [22mdurationToTimeCode[2m > [22m0 竊・null[32m 1[2mms[22m[39m
 [32m笨・[39m tests/unit/kokuhoren-validation/derive.spec.ts[2m > [22mdurationToTimeCode[2m > [22m60蛻・竊・01[32m 1[2mms[22m[39m
 [32m笨・[39m tests/unit/kokuhoren-validation/derive.spec.ts[2m > [22mdurationToTimeCode[2m > [22m120蛻・竊・01[32m 1[2mms[22m[39m
 [32m笨・[39m tests/unit/kokuhoren-validation/derive.spec.ts[2m > [22mdurationToTimeCode[2m > [22m121蛻・竊・02[32m 1[2mms[22m[39m
 [32m笨・[39m tests/unit/kokuhoren-validation/derive.spec.ts[2m > [22mdurationToTimeCode[2m > [22m180蛻・竊・02[32m 1[2mms[22m[39m
 [32m笨・[39m tests/unit/kokuhoren-validation/derive.spec.ts[2m > [22mdurationToTimeCode[2m > [22m240蛻・竊・03[32m 1[2mms[22m[39m
 [32m笨・[39m tests/unit/kokuhoren-validation/derive.spec.ts[2m > [22mdurationToTimeCode[2m > [22m300蛻・竊・04[32m 1[2mms[22m[39m
 [32m笨・[39m tests/unit/kokuhoren-validation/derive.spec.ts[2m > [22mdurationToTimeCode[2m > [22m360蛻・竊・05[32m 1[2mms[22m[39m
 [32m笨・[39m tests/unit/kokuhoren-validation/derive.spec.ts[2m > [22mdurationToTimeCode[2m > [22m420蛻・竊・06[32m 1[2mms[22m[39m
 [32m笨・[39m tests/unit/kokuhoren-validation/derive.spec.ts[2m > [22mdurationToTimeCode[2m > [22m480蛻・竊・07[32m 3[2mms[22m[39m
 [32m笨・[39m tests/unit/kokuhoren-validation/derive.spec.ts[2m > [22mdurationToTimeCode[2m > [22m481蛻・竊・08[32m 1[2mms[22m[39m
 [32m笨・[39m tests/unit/kokuhoren-validation/derive.spec.ts[2m > [22mdurationToTimeCode[2m > [22m600蛻・竊・08[32m 1[2mms[22m[39m
 [32m笨・[39m tests/unit/kokuhoren-validation/derive.spec.ts[2m > [22misDurationExtreme[2m > [22mnull 竊・false[32m 1[2mms[22m[39m
 [32m笨・[39m tests/unit/kokuhoren-validation/derive.spec.ts[2m > [22misDurationExtreme[2m > [22m29蛻・竊・true・育洒縺吶℃・・[32m 1[2mms[22m[39m
 [32m笨・[39m tests/unit/kokuhoren-validation/derive.spec.ts[2m > [22misDurationExtreme[2m > [22m30蛻・竊・false[32m 1[2mms[22m[39m
 [32m笨・[39m tests/unit/kokuhoren-validation/derive.spec.ts[2m > [22misDurationExtreme[2m > [22m360蛻・竊・false[32m 1[2mms[22m[39m
 [32m笨・[39m tests/unit/kokuhoren-validation/derive.spec.ts[2m > [22misDurationExtreme[2m > [22m720蛻・竊・false[32m 1[2mms[22m[39m
 [32m笨・[39m tests/unit/kokuhoren-validation/derive.spec.ts[2m > [22misDurationExtreme[2m > [22m721蛻・竊・true・磯聞縺吶℃・・[32m 1[2mms[22m[39m
 [32m笨・[39m tests/unit/kokuhoren-validation/derive.spec.ts[2m > [22mhasDataOnNonProvided[2m > [22m謠蝉ｾ・竊・false・医Ν繝ｼ繝ｫ蟇ｾ雎｡螟厄ｼ・[32m 1[2mms[22m[39m
 [32m笨・[39m tests/unit/kokuhoren-validation/derive.spec.ts[2m > [22mhasDataOnNonProvided[2m > [22m谺蟶ｭ + 譎ょ綾縺ゅｊ 竊・true[32m 1[2mms[22m[39m
 [32m笨・[39m tests/unit/kokuhoren-validation/derive.spec.ts[2m > [22mhasDataOnNonProvided[2m > [22m谺蟶ｭ + 鬟滉ｺ九≠繧・竊・true[32m 1[2mms[22m[39m
 [32m笨・[39m tests/unit/kokuhoren-validation/derive.spec.ts[2m > [22mhasDataOnNonProvided[2m > [22m谺蟶ｭ + 谺蟶ｭ譎ょｯｾ蠢懊・縺ｿ 竊・false・磯勁螟門ｯｾ雎｡・・[32m 1[2mms[22m[39m
 [32m笨・[39m tests/unit/kokuhoren-validation/derive.spec.ts[2m > [22mhasDataOnNonProvided[2m > [22m谺蟶ｭ + 繝・・繧ｿ縺ｪ縺・竊・false[32m 1[2mms[22m[39m
 [32m笨・[39m tests/unit/kokuhoren-validation/derive.spec.ts[2m > [22mderiveProvisionEntry[2m > [22m謠蝉ｾ帙Ξ繧ｳ繝ｼ繝峨↓ duration + timeCode 繧剃ｻ倅ｸ・[32m 1[2mms[22m[39m
 [32m笨・[39m tests/unit/kokuhoren-validation/derive.spec.ts[2m > [22mderiveProvisionEntry[2m > [22m譎ょ綾縺ｪ縺・竊・null/null[32m 1[2mms[22m[39m
 [32m笨・[39m src/auth/__tests__/msalEvents.spec.ts[2m > [22mmsalEvents 窶・wireMsalRoleInvalidation[2m > [22mdoes nothing when instance has no addEventCallback method[32m 6[2mms[22m[39m
 [32m笨・[39m src/auth/__tests__/msalEvents.spec.ts[2m > [22mmsalEvents 窶・wireMsalRoleInvalidation[2m > [22mregisters exactly one event callback[32m 2[2mms[22m[39m
 [32m笨・[39m src/auth/__tests__/msalEvents.spec.ts[2m > [22mmsalEvents 窶・wireMsalRoleInvalidation[2m > [22mignores null events[32m 2[2mms[22m[39m
 [32m笨・[39m src/auth/__tests__/msalEvents.spec.ts[2m > [22mmsalEvents 窶・wireMsalRoleInvalidation[2m > [22mclears stored role on LOGOUT_SUCCESS[32m 3[2mms[22m[39m
 [32m笨・[39m src/auth/__tests__/msalEvents.spec.ts[2m > [22mmsalEvents 窶・wireMsalRoleInvalidation[2m > [22mclears stored role on ACCOUNT_REMOVED[32m 1[2mms[22m[39m
 [32m笨・[39m src/auth/__tests__/msalEvents.spec.ts[2m > [22mmsalEvents 窶・wireMsalRoleInvalidation[2m > [22mclears stored role on ACQUIRE_TOKEN_FAILURE[32m 1[2mms[22m[39m
 [32m笨・[39m src/auth/__tests__/msalEvents.spec.ts[2m > [22mmsalEvents 窶・wireMsalRoleInvalidation[2m > [22mdoes not clear role for non-clearing events (LOGIN_SUCCESS)[32m 1[2mms[22m[39m
 [32m笨・[39m src/auth/__tests__/msalEvents.spec.ts[2m > [22mmsalEvents 窶・wireMsalRoleInvalidation[2m > [22msets active account from event payload on LOGIN_SUCCESS[32m 2[2mms[22m[39m
 [32m笨・[39m src/auth/__tests__/msalEvents.spec.ts[2m > [22mmsalEvents 窶・wireMsalRoleInvalidation[2m > [22msets active account from event payload on ACQUIRE_TOKEN_SUCCESS[32m 1[2mms[22m[39m
 [32m笨・[39m src/auth/__tests__/msalEvents.spec.ts[2m > [22mmsalEvents 窶・wireMsalRoleInvalidation[2m > [22mfalls back to getActiveAccount when payload has no account[32m 1[2mms[22m[39m
 [32m笨・[39m src/auth/__tests__/msalEvents.spec.ts[2m > [22mmsalEvents 窶・wireMsalRoleInvalidation[2m > [22mfalls back to first account from getAllAccounts when no active account[32m 1[2mms[22m[39m
 [32m笨・[39m src/auth/__tests__/msalEvents.spec.ts[2m > [22mmsalEvents 窶・wireMsalRoleInvalidation[2m > [22mdoes NOT call setActiveAccount when no account is resolvable[32m 1[2mms[22m[39m
 [32m笨・[39m src/auth/__tests__/msalEvents.spec.ts[2m > [22mmsalEvents 窶・wireMsalRoleInvalidation[2m > [22mlogs account info in dev mode on LOGIN_SUCCESS[32m 2[2mms[22m[39m
 [32m笨・[39m src/auth/__tests__/msalEvents.spec.ts[2m > [22mmsalEvents 窶・wireMsalRoleInvalidation[2m > [22mdoes NOT log in production mode[32m 2[2mms[22m[39m
 [32m笨・[39m src/auth/__tests__/msalEvents.spec.ts[2m > [22mmsalEvents 窶・wireMsalRoleInvalidation[2m > [22mwarns in dev mode when LOGIN_SUCCESS but no account is resolvable[32m 1[2mms[22m[39m
 [32m笨・[39m src/features/nurse/medication/__tests__/medicationRoundHelpers.spec.ts[2m > [22mcategorizeStatus[2m > [22mreturns "ok" when expiry is 31+ days away[32m 4[2mms[22m[39m
 [32m笨・[39m src/features/nurse/medication/__tests__/medicationRoundHelpers.spec.ts[2m > [22mcategorizeStatus[2m > [22mreturns "expiring" when expiry is 30 days away[32m 1[2mms[22m[39m
 [32m笨・[39m src/features/nurse/medication/__tests__/medicationRoundHelpers.spec.ts[2m > [22mcategorizeStatus[2m > [22mreturns "expiring" when expiry is 1 day away[32m 1[2mms[22m[39m
 [32m笨・[39m src/features/nurse/medication/__tests__/medicationRoundHelpers.spec.ts[2m > [22mcategorizeStatus[2m > [22mreturns "expired" when expiry was yesterday[32m 1[2mms[22m[39m
 [32m笨・[39m src/features/nurse/medication/__tests__/medicationRoundHelpers.spec.ts[2m > [22mcategorizeStatus[2m > [22mreturns "expired" when expiry was far in the past[32m 1[2mms[22m[39m
 [32m笨・[39m src/features/nurse/medication/__tests__/medicationRoundHelpers.spec.ts[2m > [22mstatusLabel[2m > [22mstatusLabel("ok") === "濶ｯ螂ｽ"[32m 1[2mms[22m[39m
 [32m笨・[39m src/features/nurse/medication/__tests__/medicationRoundHelpers.spec.ts[2m > [22mstatusLabel[2m > [22mstatusLabel("expiring") === "30譌･莉･蜀・[32m 1[2mms[22m[39m
 [32m笨・[39m src/features/nurse/medication/__tests__/medicationRoundHelpers.spec.ts[2m > [22mstatusLabel[2m > [22mstatusLabel("expired") === "譛滄剞蛻・ｌ"[32m 1[2mms[22m[39m
 [32m笨・[39m src/features/nurse/medication/__tests__/medicationRoundHelpers.spec.ts[2m > [22mstatusLabel[2m > [22mstatusLabel("all") === "縺吶∋縺ｦ"[32m 1[2mms[22m[39m
 [32m笨・[39m src/features/nurse/medication/__tests__/medicationRoundHelpers.spec.ts[2m > [22mfilterInventory[2m > [22mreturns all when filter is "all" and search is empty[32m 2[2mms[22m[39m
 [32m笨・[39m src/features/nurse/medication/__tests__/medicationRoundHelpers.spec.ts[2m > [22mfilterInventory[2m > [22mreturns only ok entries when filter is "ok"[32m 1[2mms[22m[39m
 [32m笨・[39m src/features/nurse/medication/__tests__/medicationRoundHelpers.spec.ts[2m > [22mfilterInventory[2m > [22mreturns only expiring entries when filter is "expiring"[32m 1[2mms[22m[39m
 [32m笨・[39m src/features/nurse/medication/__tests__/medicationRoundHelpers.spec.ts[2m > [22mfilterInventory[2m > [22mreturns only expired entries when filter is "expired"[32m 1[2mms[22m[39m
 [32m笨・[39m src/features/nurse/medication/__tests__/medicationRoundHelpers.spec.ts[2m > [22mfilterInventory[2m > [22mfilters by name search (case-insensitive)[32m 1[2mms[22m[39m
 [32m笨・[39m src/features/nurse/medication/__tests__/medicationRoundHelpers.spec.ts[2m > [22mfilterInventory[2m > [22mreturns empty when search matches nothing[32m 1[2mms[22m[39m
 [32m笨・[39m src/features/nurse/medication/__tests__/medicationRoundHelpers.spec.ts[2m > [22mfilterInventory[2m > [22mcombines status filter and search[32m 1[2mms[22m[39m
 [32m笨・[39m src/features/nurse/medication/__tests__/medicationRoundHelpers.spec.ts[2m > [22msummarizeInventory[2m > [22mcounts correctly with mixed statuses[32m 1[2mms[22m[39m
 [32m笨・[39m src/features/nurse/medication/__tests__/medicationRoundHelpers.spec.ts[2m > [22msummarizeInventory[2m > [22mreturns all zeros for empty inventory[32m 2[2mms[22m[39m
 [32m笨・[39m src/features/nurse/medication/__tests__/medicationRoundHelpers.spec.ts[2m > [22mmergeInventory[2m > [22mreturns base entries when no overrides provided[32m 1[2mms[22m[39m
 [32m笨・[39m src/features/nurse/medication/__tests__/medicationRoundHelpers.spec.ts[2m > [22mmergeInventory[2m > [22moverrides per-user entries when override is provided[32m 1[2mms[22m[39m
 [32m笨・[39m src/features/nurse/medication/__tests__/medicationRoundHelpers.spec.ts[2m > [22mmergeInventory[2m > [22mauto-assigns id when override entry has id undefined[32m 1[2mms[22m[39m
 [32m笨・[39m src/features/nurse/medication/__tests__/medicationRoundHelpers.spec.ts[2m > [22mmergeInventory[2m > [22madds new user id that does not exist in base[32m 1[2mms[22m[39m
 [32m笨・[39m src/features/nurse/medication/__tests__/medicationRoundHelpers.spec.ts[2m > [22mcreateDefaultInventoryByUser[2m > [22mreturns empty array for users without seed entries[32m 1[2mms[22m[39m
 [32m笨・[39m src/features/nurse/medication/__tests__/medicationRoundHelpers.spec.ts[2m > [22mcreateDefaultInventoryByUser[2m > [22mclones seed entries (no shared reference)[32m 1[2mms[22m[39m
 [32m笨・[39m tests/unit/scheduleTz.spec.ts[2m > [22mscheduleTz utilities[2m > [22mreturns trimmed schedulesTz when configuration is valid[32m 8[2mms[22m[39m
 [32m笨・[39m tests/unit/scheduleTz.spec.ts[2m > [22mscheduleTz utilities[2m > [22mlogs and falls back to Intl resolved zone when config is invalid[32m 10[2mms[22m[39m
 [32m笨・[39m tests/unit/scheduleTz.spec.ts[2m > [22mscheduleTz utilities[2m > [22muses Intl resolved zone when configuration is empty[32m 47[2mms[22m[39m
 [32m笨・[39m tests/unit/scheduleTz.spec.ts[2m > [22mscheduleTz utilities[2m > [22mfalls back to default timezone when nothing is resolvable[32m 2[2mms[22m[39m
 [32m笨・[39m tests/unit/scheduleTz.spec.ts[2m > [22mscheduleTz utilities[2m > [22massertValidTz[2m > [22mreturns the provided timezone when valid[32m 1[2mms[22m[39m
 [32m笨・[39m tests/unit/scheduleTz.spec.ts[2m > [22mscheduleTz utilities[2m > [22massertValidTz[2m > [22mwarns and returns fallback when provided timezone is invalid but fallback is valid[32m 2[2mms[22m[39m
 [32m笨・[39m tests/unit/scheduleTz.spec.ts[2m > [22mscheduleTz utilities[2m > [22massertValidTz[2m > [22mreturns default timezone when neither value is valid[32m 2[2mms[22m[39m
 [32m笨・[39m src/features/support-plan-guide/domain/__tests__/suggestionRuleMetrics.spec.ts[2m > [22mclassifyProvenance[2m > [22m["繧｢繧ｻ繧ｹ繝｡繝ｳ繝・ 繝ｪ繧ｹ繧ｯ繝ｬ繝吶Ν・晞ｫ・] 竊・assessment[32m 4[2mms[22m[39m
 [32m笨・[39m src/features/support-plan-guide/domain/__tests__/suggestionRuleMetrics.spec.ts[2m > [22mclassifyProvenance[2m > [22m["繧｢繧ｻ繧ｹ繝｡繝ｳ繝・ 蟇ｾ雎｡陦悟虚縲瑚・蛯ｷ縲・] 竊・assessment[32m 1[2mms[22m[39m
 [32m笨・[39m src/features/support-plan-guide/domain/__tests__/suggestionRuleMetrics.spec.ts[2m > [22mclassifyProvenance[2m > [22m["繧｢繧ｻ繧ｹ繝｡繝ｳ繝・ 讖溯・莉ｮ隱ｬ縲梧ｳｨ逶ｮ迯ｲ蠕励搾ｼ・igh・・] 竊・assessment[32m 1[2mms[22m[39m
 [32m笨・[39m src/features/support-plan-guide/domain/__tests__/suggestionRuleMetrics.spec.ts[2m > [22mclassifyProvenance[2m > [22m["繧｢繧ｻ繧ｹ繝｡繝ｳ繝・ 蛛･蠎ｷ隕∝屏・医※繧薙°繧難ｼ・] 竊・assessment[32m 1[2mms[22m[39m
 [32m笨・[39m src/features/support-plan-guide/domain/__tests__/suggestionRuleMetrics.spec.ts[2m > [22mclassifyProvenance[2m > [22m["Iceberg: 謾ｯ謠ｴ隱ｲ鬘・] 竊・iceberg[32m 1[2mms[22m[39m
 [32m笨・[39m src/features/support-plan-guide/domain/__tests__/suggestionRuleMetrics.spec.ts[2m > [22mclassifyProvenance[2m > [22m["Iceberg: 蟇ｾ蠢懈婿驥・] 竊・iceberg[32m 1[2mms[22m[39m
 [32m笨・[39m src/features/support-plan-guide/domain/__tests__/suggestionRuleMetrics.spec.ts[2m > [22mclassifyProvenance[2m > [22m["繝｢繝九ち繝ｪ繝ｳ繧ｰ: 險育判螟画峩謗ｨ螂ｨ"] 竊・monitoring[32m 1[2mms[22m[39m
 [32m笨・[39m src/features/support-plan-guide/domain/__tests__/suggestionRuleMetrics.spec.ts[2m > [22mclassifyProvenance[2m > [22m["謾ｹ蝟・Γ繝｢"] 竊・monitoring[32m 1[2mms[22m[39m
 [32m笨・[39m src/features/support-plan-guide/domain/__tests__/suggestionRuleMetrics.spec.ts[2m > [22mclassifyProvenance[2m > [22m["繝輔か繝ｼ繝: 繧ｹ繝医Ξ繝ｳ繧ｰ繧ｹ"] 竊・form[32m 1[2mms[22m[39m
 [32m笨・[39m src/features/support-plan-guide/domain/__tests__/suggestionRuleMetrics.spec.ts[2m > [22mclassifyProvenance[2m > [22m[] 竊・unknown[32m 1[2mms[22m[39m
 [32m笨・[39m src/features/support-plan-guide/domain/__tests__/suggestionRuleMetrics.spec.ts[2m > [22mclassifyProvenance[2m > [22m["菴輔°繧医￥繧上°繧峨↑縺・・蜈ｸ"] 竊・unknown[32m 1[2mms[22m[39m
 [32m笨・[39m src/features/support-plan-guide/domain/__tests__/suggestionRuleMetrics.spec.ts[2m > [22mRULE_LABELS[2m > [22m蜈ｨ繝ｫ繝ｼ繝ｫ繧ｭ繝ｼ縺ｫ譌･譛ｬ隱槭Λ繝吶Ν縺後≠繧・[32m 1[2mms[22m[39m
 [32m笨・[39m src/features/support-plan-guide/domain/__tests__/suggestionRuleMetrics.spec.ts[2m > [22mcomputeSuggestionRuleMetrics[2m > [22m遨ｺ繝・・繧ｿ 竊・遨ｺ邨先棡[32m 2[2mms[22m[39m
 [32m笨・[39m src/features/support-plan-guide/domain/__tests__/suggestionRuleMetrics.spec.ts[2m > [22mcomputeSuggestionRuleMetrics[2m > [22m謠先｡医≠繧翫・蛻､譁ｭ縺ｪ縺・竊・蜈ｨ縺ｦ pending[32m 1[2mms[22m[39m
 [32m笨・[39m src/features/support-plan-guide/domain/__tests__/suggestionRuleMetrics.spec.ts[2m > [22mcomputeSuggestionRuleMetrics[2m > [22m蜊倅ｸ繝ｫ繝ｼ繝ｫ繝ｻ蜈ｨ謗｡逕ｨ 竊・acceptanceRate = 1[32m 1[2mms[22m[39m
 [32m笨・[39m src/features/support-plan-guide/domain/__tests__/suggestionRuleMetrics.spec.ts[2m > [22mcomputeSuggestionRuleMetrics[2m > [22m豺ｷ蜷亥愛譁ｭ 竊・蜷・Ν繝ｼ繝ｫ縺ｫ蛻・・縺輔ｌ繧・[32m 2[2mms[22m[39m
 [32m笨・[39m src/features/support-plan-guide/domain/__tests__/suggestionRuleMetrics.spec.ts[2m > [22mcomputeSuggestionRuleMetrics[2m > [22mbestRule 縺ｯ謗｡逕ｨ邇・′譛繧るｫ倥＞繝ｫ繝ｼ繝ｫ[32m 1[2mms[22m[39m
 [32m笨・[39m src/features/support-plan-guide/domain/__tests__/suggestionRuleMetrics.spec.ts[2m > [22mcomputeSuggestionRuleMetrics[2m > [22mnoisyRule 縺ｯ dismissed 縺梧怙繧ょ､壹＞繝ｫ繝ｼ繝ｫ[32m 1[2mms[22m[39m
 [32m笨・[39m src/features/support-plan-guide/domain/__tests__/suggestionRuleMetrics.spec.ts[2m > [22mcomputeSuggestionRuleMetrics[2m > [22mnoisyRule 縺ｯ dismissed 縺・莉ｶ縺ｪ繧・null[32m 1[2mms[22m[39m
 [32m笨・[39m src/features/support-plan-guide/domain/__tests__/suggestionRuleMetrics.spec.ts[2m > [22mcomputeSuggestionRuleMetrics[2m > [22mranked 縺ｯ譛牙柑邇・剄鬆・竊・逕滓・謨ｰ髯埼・[32m 1[2mms[22m[39m
 [32m笨・[39m src/features/support-plan-guide/domain/__tests__/suggestionRuleMetrics.spec.ts[2m > [22mcomputeSuggestionRuleMetrics[2m > [22m蜷御ｸ suggestionId 縺ｫ隍・焚 decision 竊・latest 縺御ｽｿ繧上ｌ繧・[32m 1[2mms[22m[39m
 [32m笨・[39m src/features/support-plan-guide/domain/__tests__/suggestionRuleMetrics.spec.ts[2m > [22mcomputeSuggestionRuleMetrics[2m > [22m蛻､譁ｭ縺ｯ縺ゅｋ縺・suggestion 縺瑚ｦ九▽縺九ｉ縺ｪ縺・ｴ蜷・竊・辟｡隕悶＆繧後ｋ[32m 1[2mms[22m[39m
 [32m笨・[39m src/features/support-plan-guide/domain/__tests__/suggestionRuleMetrics.spec.ts[2m > [22mcomputeSuggestionRuleMetrics[2m > [22mdeferred 縺ｯ memoized 縺ｫ繧ｫ繧ｦ繝ｳ繝医＆繧後ｋ[32m 1[2mms[22m[39m
 [32m笨・[39m src/features/support-plan-guide/domain/__tests__/suggestionRuleMetrics.spec.ts[2m > [22mcomputeSuggestionRuleMetrics[2m > [22m蜈ｨ繝ｫ繝ｼ繝ｫ縺梧ｷｷ蝨ｨ縺吶ｋ螟ｧ隕乗ｨ｡繝・・繧ｿ[32m 1[2mms[22m[39m
 [32m笨・[39m src/features/handoff/__tests__/useHandoffMonthViewModel.spec.ts[2m > [22museHandoffMonthViewModel pure helpers[2m > [22mbuildMonthGrid[2m > [22m2026蟷ｴ3譛医・繧ｰ繝ｪ繝・ラ繧堤函謌舌☆繧・[32m 7[2mms[22m[39m
 [32m笨・[39m src/features/handoff/__tests__/useHandoffMonthViewModel.spec.ts[2m > [22museHandoffMonthViewModel pure helpers[2m > [22mbuildMonthGrid[2m > [22m譛域屆蟋九∪繧翫〒蜷・｡後′譛医懈律縺ｮ鬆・[32m 2[2mms[22m[39m
 [32m笨・[39m src/features/handoff/__tests__/useHandoffMonthViewModel.spec.ts[2m > [22museHandoffMonthViewModel pure helpers[2m > [22mbuildMonthGrid[2m > [22m蟇ｾ雎｡譛医・譌･縺ｯ isCurrentMonth=true[32m 1[2mms[22m[39m
 [32m笨・[39m src/features/handoff/__tests__/useHandoffMonthViewModel.spec.ts[2m > [22museHandoffMonthViewModel pure helpers[2m > [22mbuildMonthGrid[2m > [22m繝代ョ繧｣繝ｳ繧ｰ譌･縺ｯ isCurrentMonth=false[32m 2[2mms[22m[39m
 [32m笨・[39m src/features/handoff/__tests__/useHandoffMonthViewModel.spec.ts[2m > [22museHandoffMonthViewModel pure helpers[2m > [22mbuildMonthGrid[2m > [22m2譛・(髢丞ｹｴ2024) 繧よｭ｣縺励￥逕滓・[32m 1[2mms[22m[39m
 [32m笨・[39m src/features/handoff/__tests__/useHandoffMonthViewModel.spec.ts[2m > [22museHandoffMonthViewModel pure helpers[2m > [22mbuildMonthGrid[2m > [22m蛻晄悄蛟､縺ｯ蜈ｨ縺ｦ count=0[32m 3[2mms[22m[39m
 [32m笨・[39m src/features/handoff/__tests__/useHandoffMonthViewModel.spec.ts[2m > [22museHandoffMonthViewModel pure helpers[2m > [22mpopulateMonthGrid[2m > [22m繝ｬ繧ｳ繝ｼ繝峨ｒ譌･莉倥〒繧ｻ繝ｫ縺ｫ謖ｯ繧雁・縺代ｋ[32m 2[2mms[22m[39m
 [32m笨・[39m src/features/handoff/__tests__/useHandoffMonthViewModel.spec.ts[2m > [22museHandoffMonthViewModel pure helpers[2m > [22mpopulateMonthGrid[2m > [22m繧ｫ繝・ざ繝ｪ繝√ャ繝励′髮・ｨ医＆繧後ｋ[32m 2[2mms[22m[39m
 [32m笨・[39m src/features/handoff/__tests__/useHandoffMonthViewModel.spec.ts[2m > [22museHandoffMonthViewModel pure helpers[2m > [22mpopulateMonthGrid[2m > [22m莠区腐繝ｻ繝偵Ζ繝ｪ縺後≠繧区律縺ｯ hasIncident=true[32m 1[2mms[22m[39m
 [32m笨・[39m src/features/handoff/__tests__/useHandoffMonthViewModel.spec.ts[2m > [22museHandoffMonthViewModel pure helpers[2m > [22mpopulateMonthGrid[2m > [22m譛ｪ蟇ｾ蠢應ｻｶ謨ｰ縺後き繧ｦ繝ｳ繝医＆繧後ｋ[32m 1[2mms[22m[39m
 [32m笨・[39m src/features/handoff/__tests__/useHandoffMonthViewModel.spec.ts[2m > [22museHandoffMonthViewModel pure helpers[2m > [22mbuildMonthSummary[2m > [22m譛亥・菴薙・髮・ｨ医′豁｣縺励＞[32m 1[2mms[22m[39m
 [32m笨・[39m src/features/handoff/__tests__/useHandoffMonthViewModel.spec.ts[2m > [22museHandoffMonthViewModel pure helpers[2m > [22mbuildMonthSummary[2m > [22m繝代ョ繧｣繝ｳ繧ｰ譌･縺ｮ繝・・繧ｿ縺ｯ髮・ｨ医↓蜷ｫ縺ｾ繧後↑縺・[32m 1[2mms[22m[39m
 [32m笨・[39m src/features/handoff/__tests__/useHandoffMonthViewModel.spec.ts[2m > [22museHandoffMonthViewModel pure helpers[2m > [22mbuildMonthSummary[2m > [22m遨ｺ繝・・繧ｿ縺ｪ繧・hasAnyItems=false[32m 1[2mms[22m[39m
 [32m笨・[39m src/features/handoff/__tests__/useHandoffMonthViewModel.spec.ts[2m > [22museHandoffMonthViewModel pure helpers[2m > [22mbuildMonthSummary[2m > [22m譛亥・菴薙・ topCategories 縺碁寔險医＆繧後ｋ[32m 1[2mms[22m[39m
 [32m笨・[39m src/features/planDeployment/__tests__/supportFlow.spec.ts[2m > [22mresolveSupportFlowForUser[2m > [22mwith storedProcedures (priority 1)[2m > [22mreturns deployment from stored procedures[32m 6[2mms[22m[39m
 [32m笨・[39m src/features/planDeployment/__tests__/supportFlow.spec.ts[2m > [22mresolveSupportFlowForUser[2m > [22mwith storedProcedures (priority 1)[2m > [22msets planName with userId[32m 1[2mms[22m[39m
 [32m笨・[39m src/features/planDeployment/__tests__/supportFlow.spec.ts[2m > [22mresolveSupportFlowForUser[2m > [22mwith storedProcedures (priority 1)[2m > [22msets author as CSV繧､繝ｳ繝昴・繝・[32m 1[2mms[22m[39m
 [32m笨・[39m src/features/planDeployment/__tests__/supportFlow.spec.ts[2m > [22mresolveSupportFlowForUser[2m > [22mwith storedProcedures (priority 1)[2m > [22mparses activity with " - " separator for title/personTodo[32m 1[2mms[22m[39m
 [32m笨・[39m src/features/planDeployment/__tests__/supportFlow.spec.ts[2m > [22mresolveSupportFlowForUser[2m > [22mwith storedProcedures (priority 1)[2m > [22muses full activity as title and personTodo when no separator[32m 1[2mms[22m[39m
 [32m笨・[39m src/features/planDeployment/__tests__/supportFlow.spec.ts[2m > [22mresolveSupportFlowForUser[2m > [22mwith storedProcedures (priority 1)[2m > [22muses instruction as supporterTodo[32m 1[2mms[22m[39m
 [32m笨・[39m src/features/planDeployment/__tests__/supportFlow.spec.ts[2m > [22mresolveSupportFlowForUser[2m > [22mwith storedProcedures (priority 1)[2m > [22mfalls back supporterTodo when instruction is empty[32m 1[2mms[22m[39m
 [32m笨・[39m src/features/planDeployment/__tests__/supportFlow.spec.ts[2m > [22mresolveSupportFlowForUser[2m > [22mwith storedProcedures (priority 1)[2m > [22mignores null storedProcedures[32m 1[2mms[22m[39m
 [32m笨・[39m src/features/planDeployment/__tests__/supportFlow.spec.ts[2m > [22mresolveSupportFlowForUser[2m > [22mwith storedProcedures (priority 1)[2m > [22mignores empty storedProcedures array[32m 1[2mms[22m[39m
 [32m笨・[39m src/features/planDeployment/__tests__/supportFlow.spec.ts[2m > [22mresolveSupportFlowForUser[2m > [22mhardcoded fallback (priority 2)[2m > [22mreturns plan for userId 001[32m 1[2mms[22m[39m
 [32m笨・[39m src/features/planDeployment/__tests__/supportFlow.spec.ts[2m > [22mresolveSupportFlowForUser[2m > [22mhardcoded fallback (priority 2)[2m > [22mreturns plan for userId 012[32m 1[2mms[22m[39m
 [32m笨・[39m src/features/planDeployment/__tests__/supportFlow.spec.ts[2m > [22mresolveSupportFlowForUser[2m > [22mhardcoded fallback (priority 2)[2m > [22mreturns null for unknown userId[32m 1[2mms[22m[39m
 [32m笨・[39m src/features/planDeployment/__tests__/supportFlow.spec.ts[2m > [22mstage inference from time[2m > [22mtime 09:00 竊・stage proactive[32m 1[2mms[22m[39m
 [32m笨・[39m src/features/planDeployment/__tests__/supportFlow.spec.ts[2m > [22mstage inference from time[2m > [22mtime 10:59 竊・stage proactive[32m 1[2mms[22m[39m
 [32m笨・[39m src/features/planDeployment/__tests__/supportFlow.spec.ts[2m > [22mstage inference from time[2m > [22mtime 11:00 竊・stage earlyResponse[32m 1[2mms[22m[39m
 [32m笨・[39m src/features/planDeployment/__tests__/supportFlow.spec.ts[2m > [22mstage inference from time[2m > [22mtime 12:30 竊・stage earlyResponse[32m 1[2mms[22m[39m
 [32m笨・[39m src/features/planDeployment/__tests__/supportFlow.spec.ts[2m > [22mstage inference from time[2m > [22mtime 13:00 竊・stage proactive[32m 1[2mms[22m[39m
 [32m笨・[39m src/features/planDeployment/__tests__/supportFlow.spec.ts[2m > [22mstage inference from time[2m > [22mtime 14:59 竊・stage proactive[32m 1[2mms[22m[39m
 [32m笨・[39m src/features/planDeployment/__tests__/supportFlow.spec.ts[2m > [22mstage inference from time[2m > [22mtime 15:00 竊・stage postCrisis[32m 1[2mms[22m[39m
 [32m笨・[39m src/features/planDeployment/__tests__/supportFlow.spec.ts[2m > [22mstage inference from time[2m > [22mtime 16:30 竊・stage postCrisis[32m 1[2mms[22m[39m
 [32m笨・[39m src/features/planDeployment/__tests__/supportFlow.spec.ts[2m > [22mstage inference from time[2m > [22mdefaults to proactive for invalid time format[32m 1[2mms[22m[39m
 [32m笨・[39m src/features/planDeployment/__tests__/supportFlow.spec.ts[2m > [22mfallbackSupportActivities[2m > [22mhas 6 default activities[32m 1[2mms[22m[39m
 [32m笨・[39m src/features/planDeployment/__tests__/supportFlow.spec.ts[2m > [22mfallbackSupportActivities[2m > [22mfirst activity starts at 09:00[32m 1[2mms[22m[39m
 [32m笨・[39m src/features/planDeployment/__tests__/supportFlow.spec.ts[2m > [22mfallbackSupportActivities[2m > [22meach activity has required fields[32m 1[2mms[22m[39m
 [32m笨・[39m tests/unit/navshell.hud.kbd.spec.ts[2m > [22mshouldTriggerNavShellHud[2m > [22mreturns true only for Alt+P without other modifiers[32m 6[2mms[22m[39m
 [32m笨・[39m tests/unit/navshell.hud.kbd.spec.ts[2m > [22mshouldTriggerNavShellHud[2m > [22mreturns false when editable targets are focused[32m 6[2mms[22m[39m
 [32m笨・[39m src/features/daily/__tests__/useDailyRecordViewModel.spec.ts[2m > [22museDailyRecordViewModel[2m > [22mprefers highlight from nav state over query params[32m 23[2mms[22m[39m
 [32m笨・[39m src/features/daily/__tests__/useDailyRecordViewModel.spec.ts[2m > [22museDailyRecordViewModel[2m > [22mfilters records by search/status/date[32m 6[2mms[22m[39m
 [32m笨・[39m src/features/daily/hooks/__tests__/useDailyIntegrityExceptions.spec.ts[2m > [22museDailyIntegrityExceptions 窶・referential stability[2m > [22mreturns the same object reference on rerender when state has not changed[32m 29[2mms[22m[39m
 [32m笨・[39m src/features/daily/hooks/__tests__/useDailyIntegrityExceptions.spec.ts[2m > [22museDailyIntegrityExceptions 窶・referential stability[2m > [22mreturns a stable empty items array (not new []) before scan completes[32m 6[2mms[22m[39m
 [32m笨・[39m src/domain/isp/bridge/__tests__/resolveProcedureSteps.spec.ts[2m > [22mresolveProcedureSteps[2m > [22mresolves from planning_sheet when planningDesign has steps[32m 7[2mms[22m[39m
 [32m笨・[39m src/domain/isp/bridge/__tests__/resolveProcedureSteps.spec.ts[2m > [22mresolveProcedureSteps[2m > [22mfalls back to csv_import when planningDesign is null[32m 2[2mms[22m[39m
 [32m笨・[39m src/domain/isp/bridge/__tests__/resolveProcedureSteps.spec.ts[2m > [22mresolveProcedureSteps[2m > [22mfalls back to csv_import when planningDesign has no steps[32m 1[2mms[22m[39m
 [32m笨・[39m src/domain/isp/bridge/__tests__/resolveProcedureSteps.spec.ts[2m > [22mresolveProcedureSteps[2m > [22mfalls back to base_steps when no store data and no planning design[32m 1[2mms[22m[39m
 [32m笨・[39m src/domain/isp/bridge/__tests__/resolveProcedureSteps.spec.ts[2m > [22mresolveProcedureSteps[2m > [22mreturns empty steps when all sources are empty[32m 1[2mms[22m[39m
 [32m笨・[39m src/domain/isp/bridge/__tests__/resolveProcedureSteps.spec.ts[2m > [22mresolveProcedureSteps[2m > [22mprefers planning_sheet over csv_import[32m 1[2mms[22m[39m
 [32m笨・[39m src/domain/isp/bridge/__tests__/resolveProcedureSteps.spec.ts[2m > [22mresolveProcedureSteps[2m > [22mpasses activityLabels to toDailyProcedureSteps[32m 1[2mms[22m[39m
 [32m笨・[39m src/domain/isp/bridge/__tests__/resolveProcedureSteps.spec.ts[2m > [22mresolveProcedureSteps[2m > [22mrequires planningSheetId for planning_sheet resolution[32m 1[2mms[22m[39m
 [32m笨・[39m src/domain/isp/bridge/__tests__/resolveProcedureSteps.spec.ts[2m > [22mderiveExecutionStatus[2m > [22mreturns done when actualObservation is present[32m 1[2mms[22m[39m
 [32m笨・[39m src/domain/isp/bridge/__tests__/resolveProcedureSteps.spec.ts[2m > [22mderiveExecutionStatus[2m > [22mreturns partially_done when only staffResponse[32m 1[2mms[22m[39m
 [32m笨・[39m src/domain/isp/bridge/__tests__/resolveProcedureSteps.spec.ts[2m > [22mderiveExecutionStatus[2m > [22mreturns skipped when followUpNote contains 譛ｪ螳滓命[32m 1[2mms[22m[39m
 [32m笨・[39m src/domain/isp/bridge/__tests__/resolveProcedureSteps.spec.ts[2m > [22mderiveExecutionStatus[2m > [22mreturns skipped when followUpNote contains 繧ｹ繧ｭ繝・・[32m 1[2mms[22m[39m
 [32m笨・[39m src/domain/isp/bridge/__tests__/resolveProcedureSteps.spec.ts[2m > [22mderiveExecutionStatus[2m > [22mreturns planned when no observations[32m 1[2mms[22m[39m
 [32m笨・[39m src/domain/isp/bridge/__tests__/resolveProcedureSteps.spec.ts[2m > [22mderiveExecutionStatus[2m > [22mreturns done even when staffResponse is also present[32m 1[2mms[22m[39m
 [32m笨・[39m src/domain/isp/bridge/__tests__/resolveProcedureSteps.spec.ts[2m > [22mtoProcedureRecord[2m > [22mconverts ABCRecord + ProcedureStep to ProcedureRecordInput[32m 1[2mms[22m[39m
 [32m笨・[39m src/domain/isp/bridge/__tests__/resolveProcedureSteps.spec.ts[2m > [22mtoProcedureRecord[2m > [22mreturns null when step has no planningSheetId[32m 1[2mms[22m[39m
 [32m笨・[39m src/domain/isp/bridge/__tests__/resolveProcedureSteps.spec.ts[2m > [22mtoProcedureRecord[2m > [22mallows executionStatus override[32m 1[2mms[22m[39m
 [32m笨・[39m src/domain/isp/bridge/__tests__/resolveProcedureSteps.spec.ts[2m > [22mtoProcedureRecord[2m > [22mallows ispId in options[32m 1[2mms[22m[39m
 [32m笨・[39m src/domain/isp/bridge/__tests__/resolveProcedureSteps.spec.ts[2m > [22mtoProcedureRecord[2m > [22mextracts date-only from ISO datetime[32m 1[2mms[22m[39m
 [32m笨・[39m src/domain/isp/bridge/__tests__/resolveProcedureSteps.spec.ts[2m > [22mtoProcedureRecord[2m > [22mdefaults userResponse/specialNotes/handoffNotes to empty string[32m 1[2mms[22m[39m
 [32m笨・[39m src/domain/isp/bridge/__tests__/resolveProcedureSteps.spec.ts[2m > [22mcanConvertToRecord[2m > [22mreturns true for planning_sheet steps with planningSheetId[32m 1[2mms[22m[39m
 [32m笨・[39m src/domain/isp/bridge/__tests__/resolveProcedureSteps.spec.ts[2m > [22mcanConvertToRecord[2m > [22mreturns false for base_steps[32m 1[2mms[22m[39m
 [32m笨・[39m src/domain/isp/bridge/__tests__/resolveProcedureSteps.spec.ts[2m > [22mcanConvertToRecord[2m > [22mreturns false when planningSheetId is missing[32m 1[2mms[22m[39m
 [32m笨・[39m src/domain/isp/bridge/__tests__/resolveProcedureSteps.spec.ts[2m > [22mcanConvertToRecord[2m > [22mreturns false for csv_import[32m 1[2mms[22m[39m
 [32m笨・[39m src/features/handoff/analysis/__tests__/proposalBundle.spec.ts[2m > [22madaptReviewProposal[2m > [22mReviewProposal 繧貞・騾壹ヰ繝ｳ繝峨Ν縺ｫ螟画鋤[32m 6[2mms[22m[39m
 [32m笨・[39m src/features/handoff/analysis/__tests__/proposalBundle.spec.ts[2m > [22madaptAbcComparison[2m > [22mAbcPatternComparison 繧貞・騾壹ヰ繝ｳ繝峨Ν縺ｫ螟画鋤[32m 2[2mms[22m[39m
 [32m笨・[39m src/features/handoff/analysis/__tests__/proposalBundle.spec.ts[2m > [22madaptAbcComparison[2m > [22m譁ｰ蜃ｺ蝣ｴ髱｢ 竊・迺ｰ蠅・ｪｿ謨ｴ縺ｮ append 謠先｡・[32m 1[2mms[22m[39m
 [32m笨・[39m src/features/handoff/analysis/__tests__/proposalBundle.spec.ts[2m > [22madaptAbcComparison[2m > [22m蠑ｷ蠎ｦ謔ｪ蛹・竊・蜊ｱ讖溷ｯｾ蠢懊・ replace 謠先｡・[32m 1[2mms[22m[39m
 [32m笨・[39m src/features/handoff/analysis/__tests__/proposalBundle.spec.ts[2m > [22madaptAbcComparison[2m > [22m豸亥､ｱ蝣ｴ髱｢ 竊・繝｢繝九ち繝ｪ繝ｳ繧ｰ謖・ｨ吶∈謌仙粥莠倶ｾ・[32m 1[2mms[22m[39m
 [32m笨・[39m src/features/handoff/analysis/__tests__/proposalBundle.spec.ts[2m > [22madaptRevisionDraft[2m > [22mRevisionDraft 繧貞・騾壹ヰ繝ｳ繝峨Ν縺ｫ螟画鋤[32m 1[2mms[22m[39m
 [32m笨・[39m src/features/handoff/analysis/__tests__/proposalBundle.spec.ts[2m > [22madaptRevisionDraft[2m > [22mchangeType 竊・action 縺ｮ繝槭ャ繝斐Φ繧ｰ縺梧ｭ｣縺励＞[32m 2[2mms[22m[39m
 [32m笨・[39m src/features/handoff/analysis/__tests__/proposalBundle.spec.ts[2m > [22madaptRevisionDraft[2m > [22mrevise 竊・urgent 縺ｫ繝槭ャ繝斐Φ繧ｰ[32m 1[2mms[22m[39m
 [32m笨・[39m src/features/handoff/analysis/__tests__/proposalBundle.spec.ts[2m > [22mbuildProposalPreview[2m > [22m3邉ｻ邨ｱ縺ｮ繝舌Φ繝峨Ν繧堤ｵｱ荳繝励Ξ繝薙Η繝ｼ縺ｫ螟画鋤[32m 3[2mms[22m[39m
 [32m笨・[39m src/features/handoff/analysis/__tests__/proposalBundle.spec.ts[2m > [22mbuildProposalPreview[2m > [22m繧ｻ繧ｯ繧ｷ繝ｧ繝ｳ鬆・〒繧ｽ繝ｼ繝・[32m 1[2mms[22m[39m
 [32m笨・[39m src/features/handoff/analysis/__tests__/proposalBundle.spec.ts[2m > [22mbuildProposalPreview[2m > [22mkeep 縺ｯ繝・ヵ繧ｩ繝ｫ繝医〒 selected=false[32m 1[2mms[22m[39m
 [32m笨・[39m src/features/handoff/analysis/__tests__/proposalBundle.spec.ts[2m > [22mbuildProposalPreview[2m > [22mkeep 莉･螟悶・繝・ヵ繧ｩ繝ｫ繝医〒 selected=true[32m 1[2mms[22m[39m
 [32m笨・[39m src/features/handoff/analysis/__tests__/proposalBundle.spec.ts[2m > [22mbuildProposalPreview[2m > [22m遨ｺ繝舌Φ繝峨Ν 竊・遨ｺ繝励Ξ繝薙Η繝ｼ[32m 1[2mms[22m[39m
 [32m笨・[39m src/features/handoff/analysis/__tests__/proposalBundle.spec.ts[2m > [22mbuildAdoptionRecords[2m > [22m驕ｸ謚槭＆繧後◆鬆・岼縺九ｉ謗｡逕ｨ險倬鹸繧堤函謌・[32m 1[2mms[22m[39m
 [32m笨・[39m src/features/handoff/analysis/__tests__/proposalBundle.spec.ts[2m > [22mbuildAdoptionRecords[2m > [22mkeep 縺ｯ謗｡逕ｨ險倬鹸縺ｫ蜷ｫ縺ｾ縺ｪ縺・[32m 1[2mms[22m[39m
 [32m笨・[39m src/features/handoff/analysis/__tests__/proposalBundle.spec.ts[2m > [22mbuildAdoptionRecords[2m > [22mselected=false 縺ｯ謗｡逕ｨ險倬鹸縺ｫ蜷ｫ縺ｾ縺ｪ縺・[32m 1[2mms[22m[39m
 [32m笨・[39m tests/unit/kokuhoren-validation/validateMonthly.spec.ts[2m > [22mvalidateMonthly 窶・豁｣蟶ｸ邉ｻ[2m > [22m豁｣蟶ｸ繝ｬ繧ｳ繝ｼ繝・竊・issues 0縲（sValidForExport true[32m 5[2mms[22m[39m
 [32m笨・[39m tests/unit/kokuhoren-validation/validateMonthly.spec.ts[2m > [22mvalidateMonthly 窶・豁｣蟶ｸ邉ｻ[2m > [22m遨ｺ繝ｬ繧ｳ繝ｼ繝・竊・issues 0[32m 2[2mms[22m[39m
 [32m笨・[39m tests/unit/kokuhoren-validation/validateMonthly.spec.ts[2m > [22mKOKU-71-001: 蜿礼ｵｦ閠・ｨｼ逡ｪ蜿ｷ譛ｪ逋ｻ骭ｲ[2m > [22m蜿礼ｵｦ閠・ｨｼ逡ｪ蜿ｷ null 竊・BLOCK[32m 1[2mms[22m[39m
 [32m笨・[39m tests/unit/kokuhoren-validation/validateMonthly.spec.ts[2m > [22mKOKU-71-001: 蜿礼ｵｦ閠・ｨｼ逡ｪ蜿ｷ譛ｪ逋ｻ骭ｲ[2m > [22m蜿礼ｵｦ閠・ｨｼ逡ｪ蜿ｷ 9譯・竊・BLOCK[32m 1[2mms[22m[39m
 [32m笨・[39m tests/unit/kokuhoren-validation/validateMonthly.spec.ts[2m > [22mKOKU-71-001: 蜿礼ｵｦ閠・ｨｼ逡ｪ蜿ｷ譛ｪ逋ｻ骭ｲ[2m > [22m蜿礼ｵｦ閠・ｨｼ逡ｪ蜿ｷ 10譯・竊・OK[32m 1[2mms[22m[39m
 [32m笨・[39m tests/unit/kokuhoren-validation/validateMonthly.spec.ts[2m > [22mKOKU-71-001: 蜿礼ｵｦ閠・ｨｼ逡ｪ蜿ｷ譛ｪ逋ｻ骭ｲ[2m > [22m繝ｬ繧ｳ繝ｼ繝峨・縺ｪ縺・Θ繝ｼ繧ｶ繝ｼ縺ｯ繝√ぉ繝・け縺励↑縺・[32m 1[2mms[22m[39m
 [32m笨・[39m tests/unit/kokuhoren-validation/validateMonthly.spec.ts[2m > [22mKOKU-71-002: 謠蝉ｾ帶凾蛻ｻ荳榊ｮ悟・[2m > [22m謠蝉ｾ・+ start null 竊・BLOCK[32m 1[2mms[22m[39m
 [32m笨・[39m tests/unit/kokuhoren-validation/validateMonthly.spec.ts[2m > [22mKOKU-71-002: 謠蝉ｾ帶凾蛻ｻ荳榊ｮ悟・[2m > [22m謠蝉ｾ・+ end null 竊・BLOCK[32m 1[2mms[22m[39m
 [32m笨・[39m tests/unit/kokuhoren-validation/validateMonthly.spec.ts[2m > [22mKOKU-71-002: 謠蝉ｾ帶凾蛻ｻ荳榊ｮ悟・[2m > [22m谺蟶ｭ + 譎ょ綾縺ｪ縺・竊・002縺ｯ逋ｺ轣ｫ縺励↑縺・[32m 1[2mms[22m[39m
 [32m笨・[39m tests/unit/kokuhoren-validation/validateMonthly.spec.ts[2m > [22mKOKU-71-003: 髢句ｧ銀鴬邨ゆｺ・[2m > [22mstart > end 竊・BLOCK[32m 1[2mms[22m[39m
 [32m笨・[39m tests/unit/kokuhoren-validation/validateMonthly.spec.ts[2m > [22mKOKU-71-003: 髢句ｧ銀鴬邨ゆｺ・[2m > [22mstart == end 竊・BLOCK[32m 1[2mms[22m[39m
 [32m笨・[39m tests/unit/kokuhoren-validation/validateMonthly.spec.ts[2m > [22mKOKU-71-004: 髱樊署萓帙Ξ繧ｳ繝ｼ繝峨↓譎る俣/蜉邂・[2m > [22m谺蟶ｭ + 譎ょ綾縺ゅｊ 竊・BLOCK[32m 1[2mms[22m[39m
 [32m笨・[39m tests/unit/kokuhoren-validation/validateMonthly.spec.ts[2m > [22mKOKU-71-004: 髱樊署萓帙Ξ繧ｳ繝ｼ繝峨↓譎る俣/蜉邂・[2m > [22m谺蟶ｭ + 鬟滉ｺ九≠繧・竊・BLOCK[32m 1[2mms[22m[39m
 [32m笨・[39m tests/unit/kokuhoren-validation/validateMonthly.spec.ts[2m > [22mKOKU-71-004: 髱樊署萓帙Ξ繧ｳ繝ｼ繝峨↓譎る俣/蜉邂・[2m > [22m谺蟶ｭ + 谺蟶ｭ譎ょｯｾ蠢懊・縺ｿ 竊・004縺ｯ逋ｺ轣ｫ縺励↑縺・[32m 1[2mms[22m[39m
 [32m笨・[39m tests/unit/kokuhoren-validation/validateMonthly.spec.ts[2m > [22mKOKU-71-101: 騾∬ｿ弱≠繧翫□縺梧凾髢捺悴蜈･蜉・[2m > [22m騾∬ｿ弱≠繧・+ 譎ょ綾迚・婿谺縺・竊・WARNING[32m 1[2mms[22m[39m
 [32m笨・[39m tests/unit/kokuhoren-validation/validateMonthly.spec.ts[2m > [22mKOKU-71-101: 騾∬ｿ弱≠繧翫□縺梧凾髢捺悴蜈･蜉・[2m > [22m騾∬ｿ弱≠繧・+ 譎ょ綾螳悟・ 竊・OK[32m 1[2mms[22m[39m
 [32m笨・[39m tests/unit/kokuhoren-validation/validateMonthly.spec.ts[2m > [22mKOKU-71-102: 貊槫惠譎る俣縺梧･ｵ遶ｯ[2m > [22m20蛻・ｻ槫惠 竊・WARNING[32m 1[2mms[22m[39m
 [32m笨・[39m tests/unit/kokuhoren-validation/validateMonthly.spec.ts[2m > [22mKOKU-71-102: 貊槫惠譎る俣縺梧･ｵ遶ｯ[2m > [22m360蛻・ｼ・h・俄・ OK[32m 1[2mms[22m[39m
 [32m笨・[39m tests/unit/kokuhoren-validation/validateMonthly.spec.ts[2m > [22mKOKU-71-103: 谺蟶ｭ譎ょｯｾ蠢懊・譛磯俣蝗樊焚荳企剞[2m > [22m4蝗樔ｻ･荳・竊・OK[32m 1[2mms[22m[39m
 [32m笨・[39m tests/unit/kokuhoren-validation/validateMonthly.spec.ts[2m > [22mKOKU-71-103: 谺蟶ｭ譎ょｯｾ蠢懊・譛磯俣蝗樊焚荳企剞[2m > [22m5蝗・竊・WARNING[32m 1[2mms[22m[39m
 [32m笨・[39m tests/unit/kokuhoren-validation/validateMonthly.spec.ts[2m > [22misValidForExport[2m > [22mBLOCK縺ゅｊ 竊・false[32m 1[2mms[22m[39m
 [32m笨・[39m tests/unit/kokuhoren-validation/validateMonthly.spec.ts[2m > [22misValidForExport[2m > [22mWARNING縺ｮ縺ｿ 竊・true[32m 1[2mms[22m[39m
 [32m笨・[39m tests/unit/checklist.hook.spec.ts[2m > [22museChecklistApi[2m > [22mlist maps DTO to domain shape[32m 22[2mms[22m[39m
 [32m笨・[39m tests/unit/checklist.hook.spec.ts[2m > [22museChecklistApi[2m > [22madd returns mapped created item[32m 3[2mms[22m[39m
 [32m笨・[39m src/features/meeting-minutes/sp/__tests__/buildFilter.spec.ts[2m > [22mbuildFilter[2m > [22m譚｡莉ｶ縺ｪ縺・[2m > [22mshould return empty string when no params given[32m 6[2mms[22m[39m
 [32m笨・[39m src/features/meeting-minutes/sp/__tests__/buildFilter.spec.ts[2m > [22mbuildFilter[2m > [22m譚｡莉ｶ縺ｪ縺・[2m > [22mshould return empty string when all params are undefined[32m 2[2mms[22m[39m
 [32m笨・[39m src/features/meeting-minutes/sp/__tests__/buildFilter.spec.ts[2m > [22mbuildFilter[2m > [22mpublishedOnly[2m > [22mshould include isPublished eq true when publishedOnly is true[32m 1[2mms[22m[39m
 [32m笨・[39m src/features/meeting-minutes/sp/__tests__/buildFilter.spec.ts[2m > [22mbuildFilter[2m > [22mpublishedOnly[2m > [22mshould not include isPublished filter when publishedOnly is false[32m 1[2mms[22m[39m
 [32m笨・[39m src/features/meeting-minutes/sp/__tests__/buildFilter.spec.ts[2m > [22mbuildFilter[2m > [22mcategory[2m > [22mshould include category eq condition for specific category[32m 1[2mms[22m[39m
 [32m笨・[39m src/features/meeting-minutes/sp/__tests__/buildFilter.spec.ts[2m > [22mbuildFilter[2m > [22mcategory[2m > [22mshould NOT include category filter when category is ALL[32m 1[2mms[22m[39m
 [32m笨・[39m src/features/meeting-minutes/sp/__tests__/buildFilter.spec.ts[2m > [22mbuildFilter[2m > [22mcategory[2m > [22mshould NOT include category filter when category is undefined[32m 1[2mms[22m[39m
 [32m笨・[39m src/features/meeting-minutes/sp/__tests__/buildFilter.spec.ts[2m > [22mbuildFilter[2m > [22mfrom[2m > [22mshould include ge condition for from date (inclusive lower bound)[32m 1[2mms[22m[39m
 [32m笨・[39m src/features/meeting-minutes/sp/__tests__/buildFilter.spec.ts[2m > [22mbuildFilter[2m > [22mfrom[2m > [22mshould use the exact date string without transformation[32m 2[2mms[22m[39m
 [32m笨・[39m src/features/meeting-minutes/sp/__tests__/buildFilter.spec.ts[2m > [22mbuildFilter[2m > [22mto[2m > [22mshould include le condition for to date (inclusive upper bound)[32m 2[2mms[22m[39m
 [32m笨・[39m src/features/meeting-minutes/sp/__tests__/buildFilter.spec.ts[2m > [22mbuildFilter[2m > [22mto[2m > [22mshould use the exact date string without transformation[32m 1[2mms[22m[39m
 [32m笨・[39m src/features/meeting-minutes/sp/__tests__/buildFilter.spec.ts[2m > [22mbuildFilter[2m > [22mq (client-side 繝輔ぅ繝ｫ繧ｿ)[2m > [22mshould NOT include q in SP filter string (client-side processing)[32m 1[2mms[22m[39m
 [32m笨・[39m src/features/meeting-minutes/sp/__tests__/buildFilter.spec.ts[2m > [22mbuildFilter[2m > [22mq (client-side 繝輔ぅ繝ｫ繧ｿ)[2m > [22mshould NOT include q even in combination with other params[32m 1[2mms[22m[39m
 [32m笨・[39m src/features/meeting-minutes/sp/__tests__/buildFilter.spec.ts[2m > [22mbuildFilter[2m > [22mtag (client-side 繝輔ぅ繝ｫ繧ｿ)[2m > [22mshould NOT include tag in SP filter string (client-side processing)[32m 1[2mms[22m[39m
 [32m笨・[39m src/features/meeting-minutes/sp/__tests__/buildFilter.spec.ts[2m > [22mbuildFilter[2m > [22mtag (client-side 繝輔ぅ繝ｫ繧ｿ)[2m > [22mshould NOT include tag even in combination with other params[32m 1[2mms[22m[39m
 [32m笨・[39m src/features/meeting-minutes/sp/__tests__/buildFilter.spec.ts[2m > [22mbuildFilter[2m > [22mfrom + to (譌･莉倡ｯ・峇)[2m > [22mshould join from and to with AND[32m 1[2mms[22m[39m
 [32m笨・[39m src/features/meeting-minutes/sp/__tests__/buildFilter.spec.ts[2m > [22mbuildFilter[2m > [22mfrom + to (譌･莉倡ｯ・峇)[2m > [22mshould handle same date for from and to (single day)[32m 1[2mms[22m[39m
 [32m笨・[39m src/features/meeting-minutes/sp/__tests__/buildFilter.spec.ts[2m > [22mbuildFilter[2m > [22mpublishedOnly + category[2m > [22mshould join publishedOnly and category with AND[32m 1[2mms[22m[39m
 [32m笨・[39m src/features/meeting-minutes/sp/__tests__/buildFilter.spec.ts[2m > [22mbuildFilter[2m > [22mfull combination (publishedOnly + category + from + to)[2m > [22mshould join all SP-side conditions with AND in order[32m 1[2mms[22m[39m
 [32m笨・[39m src/features/meeting-minutes/sp/__tests__/buildFilter.spec.ts[2m > [22mbuildFilter[2m > [22mfull combination (publishedOnly + category + from + to)[2m > [22mshould ignore q and tag in full combination[32m 1[2mms[22m[39m
 [32m笨・[39m src/features/meeting-minutes/sp/__tests__/buildFilter.spec.ts[2m > [22mescapeODataString[2m > [22mshould return the string unchanged when no single quotes[32m 1[2mms[22m[39m
 [32m笨・[39m src/features/meeting-minutes/sp/__tests__/buildFilter.spec.ts[2m > [22mescapeODataString[2m > [22mshould escape a single quote to double single quotes[32m 1[2mms[22m[39m
 [32m笨・[39m src/features/meeting-minutes/sp/__tests__/buildFilter.spec.ts[2m > [22mescapeODataString[2m > [22mshould escape multiple single quotes[32m 1[2mms[22m[39m
 [32m笨・[39m src/features/meeting-minutes/sp/__tests__/buildFilter.spec.ts[2m > [22mescapeODataString[2m > [22mshould handle string with only single quotes[32m 0[2mms[22m[39m
 [32m笨・[39m src/features/meeting-minutes/sp/__tests__/buildFilter.spec.ts[2m > [22mescapeODataString[2m > [22mshould handle consecutive single quotes[32m 0[2mms[22m[39m
 [32m笨・[39m src/features/meeting-minutes/sp/__tests__/buildFilter.spec.ts[2m > [22mescapeODataString[2m > [22mshould handle empty string[32m 0[2mms[22m[39m
 [32m笨・[39m src/features/meeting-minutes/sp/__tests__/buildFilter.spec.ts[2m > [22mescapeODataString[2m > [22mshould be applied in category filter to prevent OData injection[32m 1[2mms[22m[39m
 [32m笨・[39m src/domain/bridge/__tests__/observationToReassessment.spec.ts[2m > [22mbuildReassessmentDraft[2m > [22mshould return a draft with correct planningSheetId[32m 7[2mms[22m[39m
 [32m笨・[39m src/domain/bridge/__tests__/observationToReassessment.spec.ts[2m > [22mbuildReassessmentDraft[2m > [22mshould handle empty inputs gracefully[32m 1[2mms[22m[39m
 [32m笨・[39m src/domain/bridge/__tests__/observationToReassessment.spec.ts[2m > [22mbuildReassessmentDraft[2m > [22mshould compute procedure completion rate[32m 1[2mms[22m[39m
 [32m笨・[39m src/domain/bridge/__tests__/observationToReassessment.spec.ts[2m > [22mbuildReassessmentDraft[2m > [22mshould suggest scheduled trigger when reassessment is overdue[32m 3[2mms[22m[39m
 [32m笨・[39m src/domain/bridge/__tests__/observationToReassessment.spec.ts[2m > [22mbuildReassessmentDraft[2m > [22mshould suggest incident trigger when risk-related observations are high[32m 3[2mms[22m[39m
 [32m笨・[39m src/domain/bridge/__tests__/observationToReassessment.spec.ts[2m > [22mbuildReassessmentDraft[2m > [22mshould suggest monitoring trigger when procedure gap is high[32m 1[2mms[22m[39m
 [32m笨・[39m src/domain/bridge/__tests__/observationToReassessment.spec.ts[2m > [22mbuildReassessmentDraft[2m > [22mshould extract observation themes[32m 1[2mms[22m[39m
 [32m笨・[39m src/domain/bridge/__tests__/observationToReassessment.spec.ts[2m > [22mbuildReassessmentDraft[2m > [22mshould filter observations by userId[32m 1[2mms[22m[39m
 [32m笨・[39m src/domain/bridge/__tests__/observationToReassessment.spec.ts[2m > [22mbuildReassessmentDraft[2m > [22mshould filter procedures by planningSheetId[32m 1[2mms[22m[39m
 [32m笨・[39m src/domain/bridge/__tests__/observationToReassessment.spec.ts[2m > [22mbuildReassessmentDraft[2m > [22mshould suggest initial review when no reassessment exists[32m 1[2mms[22m[39m
 [32m笨・[39m src/domain/bridge/__tests__/observationToReassessment.spec.ts[2m > [22mbuildReassessmentDraft[2m > [22mshould include hypothesis text in review[32m 2[2mms[22m[39m
 [32m笨・[39m src/domain/bridge/__tests__/observationToReassessment.spec.ts[2m > [22mdraftToReassessment[2m > [22mshould convert draft to PlanningSheetReassessment[32m 1[2mms[22m[39m
 [32m笨・[39m src/domain/bridge/__tests__/observationToReassessment.spec.ts[2m > [22mdraftToReassessment[2m > [22mshould compute next reassessment date automatically[32m 1[2mms[22m[39m
 [32m笨・[39m src/domain/bridge/__tests__/observationToReassessment.spec.ts[2m > [22mdraftToReassessment[2m > [22mshould allow override of next reassessment date[32m 1[2mms[22m[39m
 [32m笨・[39m src/features/resources/__tests__/ircEventLogic.spec.ts[2m > [22mevaluateMoveEvent[2m > [22mallows move when no conflicts[32m 5[2mms[22m[39m
 [32m笨・[39m src/features/resources/__tests__/ircEventLogic.spec.ts[2m > [22mevaluateMoveEvent[2m > [22mblocks move when event has actual (locked)[32m 1[2mms[22m[39m
 [32m笨・[39m src/features/resources/__tests__/ircEventLogic.spec.ts[2m > [22mevaluateMoveEvent[2m > [22mblocks move when overlapping with another event[32m 1[2mms[22m[39m
 [32m笨・[39m src/features/resources/__tests__/ircEventLogic.spec.ts[2m > [22mevaluateMoveEvent[2m > [22mignores overlap with the dragged event itself[32m 1[2mms[22m[39m
 [32m笨・[39m src/features/resources/__tests__/ircEventLogic.spec.ts[2m > [22mevaluateMoveEvent[2m > [22mignores background events in overlap check[32m 1[2mms[22m[39m
 [32m笨・[39m src/features/resources/__tests__/ircEventLogic.spec.ts[2m > [22mevaluateMoveEvent[2m > [22mignores events on different resources[32m 1[2mms[22m[39m
 [32m笨・[39m src/features/resources/__tests__/ircEventLogic.spec.ts[2m > [22mevaluateMoveEvent[2m > [22mlocked takes priority over overlap[32m 1[2mms[22m[39m
 [32m笨・[39m src/features/resources/__tests__/ircEventLogic.spec.ts[2m > [22mevaluateSelectEvent[2m > [22mallows selection when no conflicts[32m 1[2mms[22m[39m
 [32m笨・[39m src/features/resources/__tests__/ircEventLogic.spec.ts[2m > [22mevaluateSelectEvent[2m > [22mblocks selection when no resourceId[32m 1[2mms[22m[39m
 [32m笨・[39m src/features/resources/__tests__/ircEventLogic.spec.ts[2m > [22mevaluateSelectEvent[2m > [22mblocks selection when overlapping with existing event[32m 1[2mms[22m[39m
 [32m笨・[39m src/features/resources/__tests__/ircEventLogic.spec.ts[2m > [22mevaluateSelectEvent[2m > [22mallows selection when events do not overlap (adjacent)[32m 1[2mms[22m[39m
 [32m笨・[39m src/features/resources/__tests__/ircEventLogic.spec.ts[2m > [22mevaluateSelectEvent[2m > [22mignores background events[32m 1[2mms[22m[39m
 [32m笨・[39m src/features/resources/__tests__/ircEventLogic.spec.ts[2m > [22mgetStatusIcon[2m > [22mreturns waiting 竊・竢ｳ[32m 1[2mms[22m[39m
 [32m笨・[39m src/features/resources/__tests__/ircEventLogic.spec.ts[2m > [22mgetStatusIcon[2m > [22mreturns in-progress 竊・売[32m 0[2mms[22m[39m
 [32m笨・[39m src/features/resources/__tests__/ircEventLogic.spec.ts[2m > [22mgetStatusIcon[2m > [22mreturns completed 竊・笨・[32m 0[2mms[22m[39m
 [32m笨・[39m src/features/resources/__tests__/ircEventLogic.spec.ts[2m > [22mgetStatusIcon[2m > [22mreturns delayed 竊・笞・・[32m 0[2mms[22m[39m
 [32m笨・[39m src/features/resources/__tests__/ircEventLogic.spec.ts[2m > [22mgetStatusIcon[2m > [22mreturns cancelled 竊・笶・[32m 0[2mms[22m[39m
 [32m笨・[39m src/features/resources/__tests__/ircEventLogic.spec.ts[2m > [22mgetStatusIcon[2m > [22mreturns 套 for undefined[32m 1[2mms[22m[39m
 [32m笨・[39m src/features/resources/__tests__/ircEventLogic.spec.ts[2m > [22mgetDynamicEventClasses[2m > [22malways includes unified-event[32m 2[2mms[22m[39m
 [32m笨・[39m src/features/resources/__tests__/ircEventLogic.spec.ts[2m > [22mgetDynamicEventClasses[2m > [22madds planType class[32m 1[2mms[22m[39m
 [32m笨・[39m src/features/resources/__tests__/ircEventLogic.spec.ts[2m > [22mgetDynamicEventClasses[2m > [22madds status class[32m 4[2mms[22m[39m
 [32m笨・[39m src/features/resources/__tests__/ircEventLogic.spec.ts[2m > [22mgetDynamicEventClasses[2m > [22madds both planType and status classes[32m 1[2mms[22m[39m
 [32m笨・[39m src/features/resources/__tests__/ircEventLogic.spec.ts[2m > [22mgetDynamicEventClasses[2m > [22mhandles missing props gracefully[32m 1[2mms[22m[39m
 [32m笨・[39m src/features/resources/__tests__/ircEventLogic.spec.ts[2m > [22mWORK_HOUR_LIMIT[2m > [22mis 8 hours[32m 1[2mms[22m[39m
 [32m笨・[39m src/features/daily/__tests__/behaviorStore.spec.ts[2m > [22museBehaviorStore[2m > [22mfetchByUser returns 5 items sorted descending by recordedAt[32m 27[2mms[22m[39m
 [32m笨・[39m src/features/daily/__tests__/behaviorStore.spec.ts[2m > [22museBehaviorStore[2m > [22madd prepends the new record to the store data[32m 5[2mms[22m[39m
 [32m笨・[39m tests/unit/telemetry/hydrationBeacon.spec.ts[2m > [22mtelemetry/hydrationBeacon[2m > [22mskips when there are no spans[32m 7[2mms[22m[39m
 [32m笨・[39m tests/unit/telemetry/hydrationBeacon.spec.ts[2m > [22mtelemetry/hydrationBeacon[2m > [22mhonours sample rate of zero[32m 5[2mms[22m[39m
 [32m笨・[39m tests/unit/telemetry/hydrationBeacon.spec.ts[2m > [22mtelemetry/hydrationBeacon[2m > [22msends via navigator.sendBeacon when available[32m 6[2mms[22m[39m
 [32m笨・[39m tests/unit/telemetry/hydrationBeacon.spec.ts[2m > [22mtelemetry/hydrationBeacon[2m > [22mfalls back to fetch when sendBeacon fails[32m 7[2mms[22m[39m
 [32m笨・[39m src/lib/__tests__/dashboardLogic.test.ts[2m > [22mDashboard Core Logic[2m > [22mresolveDefaultTabForMode[2m > [22mshould return tab 1 for morning mode[32m 5[2mms[22m[39m
 [32m笨・[39m src/lib/__tests__/dashboardLogic.test.ts[2m > [22mDashboard Core Logic[2m > [22mresolveDefaultTabForMode[2m > [22mshould return tab 2 for evening mode[32m 1[2mms[22m[39m
 [32m笨・[39m src/lib/__tests__/dashboardLogic.test.ts[2m > [22mDashboard Core Logic[2m > [22mresolveDefaultTabForMode[2m > [22mshould return default tab 0 for null mode[32m 1[2mms[22m[39m
 [32m笨・[39m src/lib/__tests__/dashboardLogic.test.ts[2m > [22mDashboard Core Logic[2m > [22mgetCurrentMeetingMode[2m > [22mshould detect morning meeting time[32m 1[2mms[22m[39m
 [32m笨・[39m src/lib/__tests__/dashboardLogic.test.ts[2m > [22mDashboard Core Logic[2m > [22mgetCurrentMeetingMode[2m > [22mshould detect evening meeting time[32m 1[2mms[22m[39m
 [32m笨・[39m src/lib/__tests__/dashboardLogic.test.ts[2m > [22mDashboard Core Logic[2m > [22mgetCurrentMeetingMode[2m > [22mshould return null for normal working hours[32m 1[2mms[22m[39m
 [32m笨・[39m src/lib/__tests__/dashboardLogic.test.ts[2m > [22mDashboard Core Logic[2m > [22mgetCurrentMeetingMode[2m > [22mshould handle edge cases correctly[32m 1[2mms[22m[39m
 [32m笨・[39m src/lib/__tests__/dashboardLogic.test.ts[2m > [22mDashboard Core Logic[2m > [22mgetMeetingStatus[2m > [22mshould return correct status for morning meeting preparation[32m 1[2mms[22m[39m
 [32m笨・[39m src/lib/__tests__/dashboardLogic.test.ts[2m > [22mDashboard Core Logic[2m > [22mgetMeetingStatus[2m > [22mshould return correct status for morning meeting active[32m 1[2mms[22m[39m
 [32m笨・[39m src/lib/__tests__/dashboardLogic.test.ts[2m > [22mDashboard Core Logic[2m > [22mgetMeetingStatus[2m > [22mshould return correct status for evening meeting[32m 1[2mms[22m[39m
 [32m笨・[39m src/lib/__tests__/dashboardLogic.test.ts[2m > [22mDashboard Core Logic[2m > [22mgetMeetingStatus[2m > [22mshould return normal status for regular hours[32m 1[2mms[22m[39m
 [32m笨・[39m src/lib/__tests__/dashboardLogic.test.ts[2m > [22mDashboard Core Logic[2m > [22misValidMeetingMode[2m > [22mshould validate correct meeting modes[32m 1[2mms[22m[39m
 [32m笨・[39m src/lib/__tests__/dashboardLogic.test.ts[2m > [22mDashboard Core Logic[2m > [22misValidMeetingMode[2m > [22mshould reject invalid meeting modes[32m 1[2mms[22m[39m
 [32m笨・[39m src/lib/__tests__/dashboardLogic.test.ts[2m > [22mDashboard Core Logic[2m > [22mresolveTabToModeMapping[2m > [22mshould switch to morning mode when tab 1 selected[32m 1[2mms[22m[39m
 [32m笨・[39m src/lib/__tests__/dashboardLogic.test.ts[2m > [22mDashboard Core Logic[2m > [22mresolveTabToModeMapping[2m > [22mshould switch to evening mode when tab 2 selected[32m 1[2mms[22m[39m
 [32m笨・[39m src/lib/__tests__/dashboardLogic.test.ts[2m > [22mDashboard Core Logic[2m > [22mresolveTabToModeMapping[2m > [22mshould clear mode when other tabs selected[32m 1[2mms[22m[39m
 [32m笨・[39m src/lib/__tests__/dashboardLogic.test.ts[2m > [22mDashboard Core Logic[2m > [22mresolveTabToModeMapping[2m > [22mshould maintain current mode for same tab[32m 1[2mms[22m[39m
 [32m笨・[39m src/lib/__tests__/dashboardLogic.test.ts[2m > [22mDashboard Core Logic[2m > [22mcalculateProgressRate[2m > [22mshould calculate correct percentage[32m 1[2mms[22m[39m
 [32m笨・[39m src/lib/__tests__/dashboardLogic.test.ts[2m > [22mDashboard Core Logic[2m > [22mcalculateProgressRate[2m > [22mshould handle edge cases[32m 1[2mms[22m[39m
 [32m笨・[39m src/lib/__tests__/dashboardLogic.test.ts[2m > [22mDashboard Core Logic[2m > [22mKeyboard Shortcuts[2m > [22mshould match correct keyboard shortcuts[32m 2[2mms[22m[39m
 [32m笨・[39m src/lib/__tests__/dashboardLogic.test.ts[2m > [22mDashboard Core Logic[2m > [22mKeyboard Shortcuts[2m > [22mshould not match incorrect key combinations[32m 1[2mms[22m[39m
 [32m笨・[39m src/lib/__tests__/dashboardLogic.test.ts[2m > [22mDashboard Core Logic[2m > [22mKeyboard Shortcuts[2m > [22mshould have all expected shortcuts defined[32m 2[2mms[22m[39m
 [32m笨・[39m src/lib/__tests__/dashboardLogic.test.ts[2m > [22mDashboard Core Logic[2m > [22mIntegration Tests[2m > [22mshould handle complete workflow for morning meeting[32m 1[2mms[22m[39m
 [32m笨・[39m src/lib/__tests__/dashboardLogic.test.ts[2m > [22mDashboard Core Logic[2m > [22mIntegration Tests[2m > [22mshould handle mode transitions correctly[32m 1[2mms[22m[39m
 [32m笨・[39m src/features/schedules/errors.spec.ts[2m > [22mclassifySchedulesError[2m > [22mclassifies WriteDisabledError as WRITE_DISABLED[32m 7[2mms[22m[39m
 [32m笨・[39m src/features/schedules/errors.spec.ts[2m > [22mclassifySchedulesError[2m > [22mclassifies HTTP 401 as AUTH_REQUIRED[32m 2[2mms[22m[39m
 [32m笨・[39m src/features/schedules/errors.spec.ts[2m > [22mclassifySchedulesError[2m > [22mclassifies HTTP 403 as AUTH_REQUIRED[32m 1[2mms[22m[39m
 [32m笨・[39m src/features/schedules/errors.spec.ts[2m > [22mclassifySchedulesError[2m > [22mclassifies HTTP 404 as LIST_MISSING[32m 2[2mms[22m[39m
 [32m笨・[39m src/features/schedules/errors.spec.ts[2m > [22mclassifySchedulesError[2m > [22mclassifies HTTP 429 as THROTTLED[32m 1[2mms[22m[39m
 [32m笨・[39m src/features/schedules/errors.spec.ts[2m > [22mclassifySchedulesError[2m > [22mclassifies HTTP 503 as THROTTLED[32m 1[2mms[22m[39m
 [32m笨・[39m src/features/schedules/errors.spec.ts[2m > [22mclassifySchedulesError[2m > [22mclassifies "list-not-found" message as LIST_MISSING[32m 1[2mms[22m[39m
 [32m笨・[39m src/features/schedules/errors.spec.ts[2m > [22mclassifySchedulesError[2m > [22mclassifies unknown errors as UNKNOWN[32m 1[2mms[22m[39m
 [32m笨・[39m src/features/schedules/errors.spec.ts[2m > [22mclassifySchedulesError[2m > [22mclassifies offline state as NETWORK_ERROR[32m 1[2mms[22m[39m
 [32m笨・[39m src/features/schedules/errors.spec.ts[2m > [22mclassifySchedulesError[2m > [22mclassifies "failed to fetch" as NETWORK_ERROR[32m 1[2mms[22m[39m
 [32m笨・[39m src/features/schedules/errors.spec.ts[2m > [22mshouldFallbackToReadOnly[2m > [22mreturns true for WRITE_DISABLED[32m 1[2mms[22m[39m
 [32m笨・[39m src/features/schedules/errors.spec.ts[2m > [22mshouldFallbackToReadOnly[2m > [22mreturns true for AUTH_REQUIRED[32m 1[2mms[22m[39m
 [32m笨・[39m src/features/schedules/errors.spec.ts[2m > [22mshouldFallbackToReadOnly[2m > [22mreturns true for LIST_MISSING[32m 1[2mms[22m[39m
 [32m笨・[39m src/features/schedules/errors.spec.ts[2m > [22mshouldFallbackToReadOnly[2m > [22mreturns false for THROTTLED (transient)[32m 1[2mms[22m[39m
 [32m笨・[39m src/features/schedules/errors.spec.ts[2m > [22mshouldFallbackToReadOnly[2m > [22mreturns false for UNKNOWN (transient)[32m 4[2mms[22m[39m
 [32m笨・[39m src/features/timeline/__tests__/createTimelineDataFetcher.spec.ts[2m > [22mcreateTimelineDataFetcher[2m > [22mRepository 譛ｪ謖・ｮ壹↑繧牙・繧ｽ繝ｼ繧ｹ遨ｺ驟榊・繧定ｿ斐☆[32m 6[2mms[22m[39m
 [32m笨・[39m src/features/timeline/__tests__/createTimelineDataFetcher.spec.ts[2m > [22mcreateTimelineDataFetcher[2m > [22mDaily[2m > [22m謖・ｮ・userId 縺ｮ陦後□縺第歓蜃ｺ縺吶ｋ[32m 3[2mms[22m[39m
 [32m笨・[39m src/features/timeline/__tests__/createTimelineDataFetcher.spec.ts[2m > [22mcreateTimelineDataFetcher[2m > [22mDaily[2m > [22mDailyRecordUserRow 竊・PersonDaily 縺ｮ螟画鋤縺梧ｭ｣縺励＞[32m 2[2mms[22m[39m
 [32m笨・[39m src/features/timeline/__tests__/createTimelineDataFetcher.spec.ts[2m > [22mcreateTimelineDataFetcher[2m > [22mDaily[2m > [22mDaily 蜿門ｾ励お繝ｩ繝ｼ譎ゅ・遨ｺ驟榊・繧定ｿ斐＠繝ｭ繧ｰ蜃ｺ蜉帙☆繧・[32m 4[2mms[22m[39m
 [32m笨・[39m src/features/timeline/__tests__/createTimelineDataFetcher.spec.ts[2m > [22mcreateTimelineDataFetcher[2m > [22mIncident[2m > [22muserId 縺ｧ蜿門ｾ励＆繧後◆繧､繝ｳ繧ｷ繝・Φ繝医ｒ霑斐☆[32m 1[2mms[22m[39m
 [32m笨・[39m src/features/timeline/__tests__/createTimelineDataFetcher.spec.ts[2m > [22mcreateTimelineDataFetcher[2m > [22mIncident[2m > [22mIncident 蜿門ｾ励お繝ｩ繝ｼ譎ゅ・遨ｺ驟榊・繧定ｿ斐☆[32m 1[2mms[22m[39m
 [32m笨・[39m src/features/timeline/__tests__/createTimelineDataFetcher.spec.ts[2m > [22mcreateTimelineDataFetcher[2m > [22mISP[2m > [22muserId 縺ｧ蜿門ｾ励＆繧後◆ ISP 繧定ｿ斐☆[32m 1[2mms[22m[39m
 [32m笨・[39m src/features/timeline/__tests__/createTimelineDataFetcher.spec.ts[2m > [22mcreateTimelineDataFetcher[2m > [22mISP[2m > [22mISP 蜿門ｾ励お繝ｩ繝ｼ譎ゅ・遨ｺ驟榊・繧定ｿ斐☆[32m 1[2mms[22m[39m
 [32m笨・[39m src/features/timeline/__tests__/createTimelineDataFetcher.spec.ts[2m > [22mcreateTimelineDataFetcher[2m > [22mHandoff[2m > [22m蜈ｨ Handoff 繝ｬ繧ｳ繝ｼ繝峨→ rawHandoffCount 繧定ｿ斐☆[32m 1[2mms[22m[39m
 [32m笨・[39m src/features/timeline/__tests__/createTimelineDataFetcher.spec.ts[2m > [22mcreateTimelineDataFetcher[2m > [22mHandoff[2m > [22mHandoff 蜿門ｾ励お繝ｩ繝ｼ譎ゅ・遨ｺ驟榊・縺ｨ rawHandoffCount=0 繧定ｿ斐☆[32m 1[2mms[22m[39m
 [32m笨・[39m src/features/timeline/__tests__/createTimelineDataFetcher.spec.ts[2m > [22mcreateTimelineDataFetcher[2m > [22m隍・粋[2m > [22m蜈ｨ繧ｽ繝ｼ繧ｹ謗･邯壽凾縺ｫ蜷・ョ繝ｼ繧ｿ縺梧ｭ｣縺励￥霑斐ｋ[32m 2[2mms[22m[39m
 [32m笨・[39m src/features/timeline/__tests__/createTimelineDataFetcher.spec.ts[2m > [22mcreateTimelineDataFetcher[2m > [22m隍・粋[2m > [22m荳驛ｨ繧ｽ繝ｼ繧ｹ縺後お繝ｩ繝ｼ縺ｧ繧ゆｻ悶た繝ｼ繧ｹ縺ｯ豁｣蟶ｸ縺ｫ霑斐ｋ[32m 1[2mms[22m[39m
[90mstdout[2m | tests/unit/app/navigation/nav-router-consistency.spec.ts
[22m[39m[MSAL ENV] Validated successfully

 [32m笨・[39m src/features/cross-module/__tests__/dailyUserSnapshot.test.ts[2m > [22mCross-Module Integration: DailyUserSnapshot[2m > [22mbuildDailyUserSnapshot[2m > [22m騾壼ｸｸ繧ｱ繝ｼ繧ｹ・壼・繝・・繧ｿ縺梧ｭ｣蟶ｸ縺ｧ荳肴紛蜷医↑縺・[32m 6[2mms[22m[39m
 [32m笨・[39m src/features/cross-module/__tests__/dailyUserSnapshot.test.ts[2m > [22mCross-Module Integration: DailyUserSnapshot[2m > [22mbuildDailyUserSnapshot[2m > [22m荵夜屬繝√ぉ繝・け・壽署萓帶凾髢薙′蝓ｺ貅悶・80%譛ｪ貅[32m 1[2mms[22m[39m
 [32m笨・[39m src/features/cross-module/__tests__/dailyUserSnapshot.test.ts[2m > [22mCross-Module Integration: DailyUserSnapshot[2m > [22mbuildDailyUserSnapshot[2m > [22mUserRef 縺梧欠螳壹＆繧後◆蝣ｴ蜷医√せ繝翫ャ繝励す繝ｧ繝・ヨ縺ｫ蜃咲ｵ蝉ｿ晏ｭ倥＆繧後ｋ[32m 2[2mms[22m[39m
 [32m笨・[39m src/features/cross-module/__tests__/dailyUserSnapshot.test.ts[2m > [22mCross-Module Integration: DailyUserSnapshot[2m > [22mbuildDailyUserSnapshot[2m > [22mUserRef 縺梧悴謖・ｮ壹・蝣ｴ蜷医「serRef 繝輔ぅ繝ｼ繝ｫ繝峨・蟄伜惠縺励↑縺・ｼ亥ｾ梧婿莠呈鋤・・[32m 1[2mms[22m[39m
 [32m笨・[39m src/features/cross-module/__tests__/dailyUserSnapshot.test.ts[2m > [22mCross-Module Integration: DailyUserSnapshot[2m > [22mbuildDailyUserSnapshot[2m > [22mUserRef 縺ｯ繝槭せ繧ｿ螟画峩縺ｮ蠖ｱ髻ｿ繧貞女縺代↑縺・ｸ榊､峨さ繝斐・縺ｧ縺ゅｋ[32m 1[2mms[22m[39m
 [32m笨・[39m src/features/cross-module/__tests__/dailyUserSnapshot.test.ts[2m > [22mCross-Module Integration: DailyUserSnapshot[2m > [22mdetectCrossModuleIssues[2m > [22m繧ｨ繝ｩ繝ｼ繧ｱ繝ｼ繧ｹ・壼ｽ捺律谺蟶ｭ縺ｪ縺ｮ縺ｫ豢ｻ蜍募ｮ御ｺ・[32m 1[2mms[22m[39m
 [32m笨・[39m src/features/cross-module/__tests__/dailyUserSnapshot.test.ts[2m > [22mCross-Module Integration: DailyUserSnapshot[2m > [22mdetectCrossModuleIssues[2m > [22m隴ｦ蜻翫こ繝ｼ繧ｹ・夐壽園荳ｭ縺縺梧署萓帶凾髢捺悴險倬鹸[32m 1[2mms[22m[39m
 [32m笨・[39m src/features/cross-module/__tests__/dailyUserSnapshot.test.ts[2m > [22mCross-Module Integration: DailyUserSnapshot[2m > [22mdetectCrossModuleIssues[2m > [22m諠・ｱ繧ｱ繝ｼ繧ｹ・壻ｹ夜屬縺ゅｊ縺縺悟撫鬘瑚｡悟虚險倬鹸縺ｪ縺・[32m 1[2mms[22m[39m
 [32m笨・[39m src/features/cross-module/__tests__/dailyUserSnapshot.test.ts[2m > [22mCross-Module Integration: DailyUserSnapshot[2m > [22mdetectCrossModuleIssues[2m > [22m豁｣蟶ｸ繧ｱ繝ｼ繧ｹ・壹ョ繝ｼ繧ｿ螳御ｺ・ｸ医∩縺ｧ荳肴紛蜷医↑縺・[32m 1[2mms[22m[39m
 [32m笨・[39m src/features/cross-module/__tests__/dailyUserSnapshot.test.ts[2m > [22mCross-Module Integration: DailyUserSnapshot[2m > [22mbuildDailySnapshotCollection[2m > [22m隍・焚繝ｦ繝ｼ繧ｶ繝ｼ縺ｮ繧ｹ繝翫ャ繝励す繝ｧ繝・ヨ繧ｳ繝ｬ繧ｯ繧ｷ繝ｧ繝ｳ逕滓・[32m 1[2mms[22m[39m
 [32m笨・[39m src/features/cross-module/__tests__/dailyUserSnapshot.test.ts[2m > [22mCross-Module Integration: DailyUserSnapshot[2m > [22mbuildDailySnapshotCollection[2m > [22m荳肴紛蜷・ssues謨ｰ縺ｮ髮・ｨ・[32m 1[2mms[22m[39m
 [32m笨・[39m src/features/cross-module/__tests__/dailyUserSnapshot.test.ts[2m > [22mCross-Module Integration: DailyUserSnapshot[2m > [22mgenerateCrossModuleAlerts[2m > [22m繧ｨ繝ｩ繝ｼ繝ｬ繝吶Ν縺ｮ荳肴紛蜷医°繧峨い繝ｩ繝ｼ繝育函謌・[32m 2[2mms[22m[39m
 [32m笨・[39m src/features/cross-module/__tests__/dailyUserSnapshot.test.ts[2m > [22mCross-Module Integration: DailyUserSnapshot[2m > [22mgenerateCrossModuleAlerts[2m > [22m隴ｦ蜻翫Ξ繝吶Ν縺ｮ荳肴紛蜷医°繧峨い繝ｩ繝ｼ繝育函謌・[32m 1[2mms[22m[39m
 [32m笨・[39m src/features/cross-module/__tests__/dailyUserSnapshot.test.ts[2m > [22mCross-Module Integration: DailyUserSnapshot[2m > [22mgenerateCrossModuleAlerts[2m > [22m豁｣蟶ｸ繧ｱ繝ｼ繧ｹ・壻ｸ肴紛蜷医↑縺励〒繧｢繝ｩ繝ｼ繝育函謌舌＆繧後↑縺・[32m 1[2mms[22m[39m
 [32m笨・[39m src/features/cross-module/__tests__/dailyUserSnapshot.test.ts[2m > [22mCross-Module Integration: DailyUserSnapshot[2m > [22mgenerateCrossModuleAlerts[2m > [22m隍・焚繝ｦ繝ｼ繧ｶ繝ｼ繧｢繝ｩ繝ｼ繝医〒縺ｮ繝医ャ繝・陦ｨ遉ｺ[32m 1[2mms[22m[39m
 [32m笨・[39m src/features/cross-module/__tests__/dailyUserSnapshot.test.ts[2m > [22mCross-Module Integration: DailyUserSnapshot[2m > [22mIntegration Test: End-to-End Scenarios[2m > [22mE2E・壽ｬ蟶ｭ縺ｪ縺ｮ縺ｫ豢ｻ蜍募ｮ御ｺ・竊・繧ｨ繝ｩ繝ｼ繧｢繝ｩ繝ｼ繝・竊・Safety HUD邨ｱ蜷・[32m 1[2mms[22m[39m
 [32m笨・[39m src/features/cross-module/__tests__/dailyUserSnapshot.test.ts[2m > [22mCross-Module Integration: DailyUserSnapshot[2m > [22mIntegration Test: End-to-End Scenarios[2m > [22mE2E・夊､・焚繝｢繧ｸ繝･繝ｼ繝ｫ邨ｱ蜷医〒縺ｮ繝・・繧ｿ荳雋ｫ諤ｧ繝√ぉ繝・け[32m 1[2mms[22m[39m
 [32m笨・[39m src/features/attendance/__tests__/transportMethod.spec.ts[2m > [22minferMethodFromBool[2m > [22mtrue 竊・office_shuttle[32m 5[2mms[22m[39m
 [32m笨・[39m src/features/attendance/__tests__/transportMethod.spec.ts[2m > [22minferMethodFromBool[2m > [22mfalse 竊・self[32m 1[2mms[22m[39m
 [32m笨・[39m src/features/attendance/__tests__/transportMethod.spec.ts[2m > [22mmethodImpliesShuttle[2m > [22moffice_shuttle 竊・true[32m 1[2mms[22m[39m
 [32m笨・[39m src/features/attendance/__tests__/transportMethod.spec.ts[2m > [22mmethodImpliesShuttle[2m > [22mself 竊・false[32m 1[2mms[22m[39m
 [32m笨・[39m src/features/attendance/__tests__/transportMethod.spec.ts[2m > [22mmethodImpliesShuttle[2m > [22mguide_helper 竊・false[32m 1[2mms[22m[39m
 [32m笨・[39m src/features/attendance/__tests__/transportMethod.spec.ts[2m > [22mmethodImpliesShuttle[2m > [22mfamily 竊・false[32m 1[2mms[22m[39m
 [32m笨・[39m src/features/attendance/__tests__/transportMethod.spec.ts[2m > [22mmethodImpliesShuttle[2m > [22mother 竊・false[32m 1[2mms[22m[39m
 [32m笨・[39m src/features/attendance/__tests__/transportMethod.spec.ts[2m > [22mresolveToMethod[2m > [22mvisit.transportToMethod 縺悟━蜈医＆繧後ｋ[32m 1[2mms[22m[39m
 [32m笨・[39m src/features/attendance/__tests__/transportMethod.spec.ts[2m > [22mresolveToMethod[2m > [22mvisit.transportToMethod 縺後↑縺代ｌ縺ｰ boolean 縺九ｉ謗ｨ螳・[32m 1[2mms[22m[39m
 [32m笨・[39m src/features/attendance/__tests__/transportMethod.spec.ts[2m > [22mresolveToMethod[2m > [22mvisit 縺後↑縺代ｌ縺ｰ user.defaultTransportToMethod[32m 1[2mms[22m[39m
 [32m笨・[39m src/features/attendance/__tests__/transportMethod.spec.ts[2m > [22mresolveToMethod[2m > [22mvisit 縺ｪ縺暦ｼ掬efault 縺ｪ縺暦ｼ喫sTransportTarget=true 竊・office_shuttle[32m 1[2mms[22m[39m
 [32m笨・[39m src/features/attendance/__tests__/transportMethod.spec.ts[2m > [22mresolveToMethod[2m > [22mvisit 縺ｪ縺暦ｼ掬efault 縺ｪ縺暦ｼ喫sTransportTarget=false 竊・self[32m 1[2mms[22m[39m
 [32m笨・[39m src/features/attendance/__tests__/transportMethod.spec.ts[2m > [22mresolveToMethod[2m > [22mvisit undefined・域・遉ｺ逧・↓貂｡縺吝ｴ蜷茨ｼ・[32m 0[2mms[22m[39m
 [32m笨・[39m src/features/attendance/__tests__/transportMethod.spec.ts[2m > [22mresolveFromMethod[2m > [22mvisit.transportFromMethod 縺悟━蜈医＆繧後ｋ[32m 1[2mms[22m[39m
 [32m笨・[39m src/features/attendance/__tests__/transportMethod.spec.ts[2m > [22mresolveFromMethod[2m > [22mvisit.transportFromMethod 縺後↑縺代ｌ縺ｰ boolean 縺九ｉ謗ｨ螳・[32m 1[2mms[22m[39m
 [32m笨・[39m src/features/attendance/__tests__/transportMethod.spec.ts[2m > [22mresolveFromMethod[2m > [22mvisit 縺ｪ縺暦ｼ掬efaultFrom 縺ゅｊ[32m 1[2mms[22m[39m
 [32m笨・[39m src/features/attendance/__tests__/transportMethod.spec.ts[2m > [22misTransportMethod[2m > [22mself 縺ｯ valid[32m 1[2mms[22m[39m
 [32m笨・[39m src/features/attendance/__tests__/transportMethod.spec.ts[2m > [22misTransportMethod[2m > [22moffice_shuttle 縺ｯ valid[32m 1[2mms[22m[39m
 [32m笨・[39m src/features/attendance/__tests__/transportMethod.spec.ts[2m > [22misTransportMethod[2m > [22mguide_helper 縺ｯ valid[32m 1[2mms[22m[39m
 [32m笨・[39m src/features/attendance/__tests__/transportMethod.spec.ts[2m > [22misTransportMethod[2m > [22mfamily 縺ｯ valid[32m 0[2mms[22m[39m
 [32m笨・[39m src/features/attendance/__tests__/transportMethod.spec.ts[2m > [22misTransportMethod[2m > [22mfamily_car 縺ｯ valid[32m 0[2mms[22m[39m
 [32m笨・[39m src/features/attendance/__tests__/transportMethod.spec.ts[2m > [22misTransportMethod[2m > [22mfamily_train 縺ｯ valid[32m 1[2mms[22m[39m
 [32m笨・[39m src/features/attendance/__tests__/transportMethod.spec.ts[2m > [22misTransportMethod[2m > [22mfamily_bus 縺ｯ valid[32m 1[2mms[22m[39m
 [32m笨・[39m src/features/attendance/__tests__/transportMethod.spec.ts[2m > [22misTransportMethod[2m > [22mfamily_walk 縺ｯ valid[32m 1[2mms[22m[39m
 [32m笨・[39m src/features/attendance/__tests__/transportMethod.spec.ts[2m > [22misTransportMethod[2m > [22mshort_stay 縺ｯ valid[32m 0[2mms[22m[39m
 [32m笨・[39m src/features/attendance/__tests__/transportMethod.spec.ts[2m > [22misTransportMethod[2m > [22mtemporary_care 縺ｯ valid[32m 0[2mms[22m[39m
 [32m笨・[39m src/features/attendance/__tests__/transportMethod.spec.ts[2m > [22misTransportMethod[2m > [22mother_facility 縺ｯ valid[32m 0[2mms[22m[39m
 [32m笨・[39m src/features/attendance/__tests__/transportMethod.spec.ts[2m > [22misTransportMethod[2m > [22mother 縺ｯ valid[32m 0[2mms[22m[39m
 [32m笨・[39m src/features/attendance/__tests__/transportMethod.spec.ts[2m > [22misTransportMethod[2m > [22m辟｡蜉ｹ縺ｪ蛟､縺ｯ false[32m 1[2mms[22m[39m
 [32m笨・[39m src/features/attendance/__tests__/transportMethod.spec.ts[2m > [22mparseTransportMethod[2m > [22m譛牙柑縺ｪ蛟､縺ｯ TransportMethod 繧定ｿ斐☆[32m 1[2mms[22m[39m
 [32m笨・[39m src/features/attendance/__tests__/transportMethod.spec.ts[2m > [22mparseTransportMethod[2m > [22m辟｡蜉ｹ縺ｪ蛟､縺ｯ undefined 繧定ｿ斐☆[32m 1[2mms[22m[39m
 [32m笨・[39m src/features/attendance/__tests__/transportMethod.spec.ts[2m > [22mTRANSPORT_METHOD_LABEL[2m > [22m蜈ｨ method 縺ｫ繝ｩ繝吶Ν縺悟ｮ夂ｾｩ縺輔ｌ縺ｦ縺・ｋ[32m 1[2mms[22m[39m
 [32m笨・[39m src/features/assessment/__tests__/tokuseiSurveyHelpers.spec.ts[2m > [22mformatDateTime[2m > [22mreturns "譛ｪ蜈･蜉・ for empty string[32m 4[2mms[22m[39m
 [32m笨・[39m src/features/assessment/__tests__/tokuseiSurveyHelpers.spec.ts[2m > [22mformatDateTime[2m > [22mreturns raw value for unparseable date[32m 1[2mms[22m[39m
 [32m笨・[39m src/features/assessment/__tests__/tokuseiSurveyHelpers.spec.ts[2m > [22mformatDateTime[2m > [22mreturns formatted Japanese date for valid ISO string[32m 2[2mms[22m[39m
 [32m笨・[39m src/features/assessment/__tests__/tokuseiSurveyHelpers.spec.ts[2m > [22mbuildUserOptions[2m > [22mreturns empty array for empty input[32m 2[2mms[22m[39m
 [32m笨・[39m src/features/assessment/__tests__/tokuseiSurveyHelpers.spec.ts[2m > [22mbuildUserOptions[2m > [22mdeduplicates user names[32m 5[2mms[22m[39m
 [32m笨・[39m src/features/assessment/__tests__/tokuseiSurveyHelpers.spec.ts[2m > [22mbuildUserOptions[2m > [22mexcludes responses with empty targetUserName[32m 1[2mms[22m[39m
 [32m笨・[39m src/features/assessment/__tests__/tokuseiSurveyHelpers.spec.ts[2m > [22mbuildUserOptions[2m > [22msorts names (result is sorted ascending)[32m 2[2mms[22m[39m
 [32m笨・[39m src/features/assessment/__tests__/tokuseiSurveyHelpers.spec.ts[2m > [22mapplyResponseFilters[2m > [22mreturns all responses when no filter is active[32m 1[2mms[22m[39m
 [32m笨・[39m src/features/assessment/__tests__/tokuseiSurveyHelpers.spec.ts[2m > [22mapplyResponseFilters[2m > [22mfilters by selectedUser[32m 1[2mms[22m[39m
 [32m笨・[39m src/features/assessment/__tests__/tokuseiSurveyHelpers.spec.ts[2m > [22mapplyResponseFilters[2m > [22mfilters by searchQuery matching targetUserName[32m 1[2mms[22m[39m
 [32m笨・[39m src/features/assessment/__tests__/tokuseiSurveyHelpers.spec.ts[2m > [22mapplyResponseFilters[2m > [22mfilters by searchQuery matching responderName[32m 1[2mms[22m[39m
 [32m笨・[39m src/features/assessment/__tests__/tokuseiSurveyHelpers.spec.ts[2m > [22mapplyResponseFilters[2m > [22mfilters by searchQuery case-insensitively[32m 1[2mms[22m[39m
 [32m笨・[39m src/features/assessment/__tests__/tokuseiSurveyHelpers.spec.ts[2m > [22mapplyResponseFilters[2m > [22mfilters by fromDate (inclusive)[32m 1[2mms[22m[39m
 [32m笨・[39m src/features/assessment/__tests__/tokuseiSurveyHelpers.spec.ts[2m > [22mapplyResponseFilters[2m > [22mfilters by toDate (inclusive)[32m 1[2mms[22m[39m
 [32m笨・[39m src/features/assessment/__tests__/tokuseiSurveyHelpers.spec.ts[2m > [22mapplyResponseFilters[2m > [22mcombines selectedUser + searchQuery filters[32m 1[2mms[22m[39m
 [32m笨・[39m src/features/assessment/__tests__/tokuseiSurveyHelpers.spec.ts[2m > [22mapplyResponseFilters[2m > [22mreturns empty array when no responses match[32m 1[2mms[22m[39m
 [32m笨・[39m src/domain/regulatory/__tests__/staffQualification.spec.ts[2m > [22mgetCompletedTrainingTypes[2m > [22mshould return unique training types[32m 5[2mms[22m[39m
 [32m笨・[39m src/domain/regulatory/__tests__/staffQualification.spec.ts[2m > [22mgetExpiredTrainings[2m > [22mshould detect expired trainings[32m 3[2mms[22m[39m
 [32m笨・[39m src/domain/regulatory/__tests__/staffQualification.spec.ts[2m > [22mgetMissingCertificates[2m > [22mshould detect when profile has flag but no certificate record[32m 2[2mms[22m[39m
 [32m笨・[39m src/domain/regulatory/__tests__/staffQualification.spec.ts[2m > [22mgetMissingCertificates[2m > [22mshould return empty when all certificates exist[32m 1[2mms[22m[39m
 [32m笨・[39m src/domain/regulatory/__tests__/staffQualification.spec.ts[2m > [22misAssignmentActive[2m > [22mshould be active when no end date[32m 1[2mms[22m[39m
 [32m笨・[39m src/domain/regulatory/__tests__/staffQualification.spec.ts[2m > [22misAssignmentActive[2m > [22mshould be active when end date is in the future[32m 1[2mms[22m[39m
 [32m笨・[39m src/domain/regulatory/__tests__/staffQualification.spec.ts[2m > [22misAssignmentActive[2m > [22mshould be inactive when end date has passed[32m 1[2mms[22m[39m
 [32m笨・[39m src/domain/regulatory/__tests__/staffQualification.spec.ts[2m > [22mgetActiveAssignments[2m > [22mshould filter to active assignments for a staff member[32m 1[2mms[22m[39m
 [32m笨・[39m src/domain/regulatory/__tests__/staffQualification.spec.ts[2m > [22mgetAssignmentsByUser[2m > [22mshould filter active assignments by user[32m 1[2mms[22m[39m
 [32m笨・[39m src/domain/regulatory/__tests__/staffQualification.spec.ts[2m > [22mcomputeExpectedWeeks[2m > [22mshould compute weeks between dates[32m 1[2mms[22m[39m
 [32m笨・[39m src/domain/regulatory/__tests__/staffQualification.spec.ts[2m > [22mcomputeExpectedWeeks[2m > [22mshould return 0 when from >= to[32m 1[2mms[22m[39m
 [32m笨・[39m src/domain/regulatory/__tests__/staffQualification.spec.ts[2m > [22mcomputeExpectedWeeks[2m > [22mshould return at least 1 for small gaps[32m 1[2mms[22m[39m
 [32m笨・[39m src/domain/regulatory/__tests__/staffQualification.spec.ts[2m > [22mevaluateObservationFulfillment[2m > [22mshould be fulfilled when observations meet threshold[32m 1[2mms[22m[39m
 [32m笨・[39m src/domain/regulatory/__tests__/staffQualification.spec.ts[2m > [22mevaluateObservationFulfillment[2m > [22mshould not be fulfilled when observations are insufficient[32m 1[2mms[22m[39m
 [32m笨・[39m src/domain/regulatory/__tests__/staffQualification.spec.ts[2m > [22mevaluateObservationFulfillment[2m > [22mshould handle ended assignments[32m 1[2mms[22m[39m
 [32m笨・[39m src/domain/regulatory/__tests__/staffQualification.spec.ts[2m > [22mdaysSinceLastObservation[2m > [22mshould return days since last observation[32m 2[2mms[22m[39m
 [32m笨・[39m src/domain/regulatory/__tests__/staffQualification.spec.ts[2m > [22mdaysSinceLastObservation[2m > [22mshould return null when no observations exist[32m 1[2mms[22m[39m
 [32m笨・[39m src/domain/regulatory/__tests__/staffQualification.spec.ts[2m > [22mcomputeStaffQualificationSummary[2m > [22mshould aggregate all metrics[32m 1[2mms[22m[39m
 [32m笨・[39m src/domain/regulatory/__tests__/staffQualification.spec.ts[2m > [22mcomputeStaffQualificationSummary[2m > [22munqualifiedAssignmentCount 逵∫払譎ゅ・繝・ヵ繧ｩ繝ｫ繝・0[32m 1[2mms[22m[39m
 [32m笨・[39m src/domain/regulatory/__tests__/staffQualification.spec.ts[2m > [22mcomputeStaffQualificationSummary[2m > [22munqualifiedAssignmentCount 繧呈ｸ｡縺吶→繧ｵ繝槭Μ縺ｫ蜿肴丐縺輔ｌ繧・[32m 1[2mms[22m[39m
 [32m笨・[39m src/features/handoff/analysis/__tests__/computeTimePatterns.spec.ts[2m > [22mhourToTimeBand[2m > [22mmaps 6-8 竊・譛・[32m 5[2mms[22m[39m
 [32m笨・[39m src/features/handoff/analysis/__tests__/computeTimePatterns.spec.ts[2m > [22mhourToTimeBand[2m > [22mmaps 9-11 竊・蜊亥燕[32m 2[2mms[22m[39m
 [32m笨・[39m src/features/handoff/analysis/__tests__/computeTimePatterns.spec.ts[2m > [22mhourToTimeBand[2m > [22mmaps 12-16 竊・蜊亥ｾ・[32m 1[2mms[22m[39m
 [32m笨・[39m src/features/handoff/analysis/__tests__/computeTimePatterns.spec.ts[2m > [22mhourToTimeBand[2m > [22mmaps 17-23 and 0-5 竊・螟墓婿[32m 1[2mms[22m[39m
 [32m笨・[39m src/features/handoff/analysis/__tests__/computeTimePatterns.spec.ts[2m > [22mhourToTimeBand[2m > [22mhandles boundary values correctly[32m 1[2mms[22m[39m
 [32m笨・[39m src/features/handoff/analysis/__tests__/computeTimePatterns.spec.ts[2m > [22mcomputeTimePatterns[2m > [22m蝓ｺ譛ｬ蜍穂ｽ・[2m > [22mreturns empty result for empty records[32m 2[2mms[22m[39m
 [32m笨・[39m src/features/handoff/analysis/__tests__/computeTimePatterns.spec.ts[2m > [22mcomputeTimePatterns[2m > [22m蝓ｺ譛ｬ蜍穂ｽ・[2m > [22mgroups records by dayOfWeek ﾃ・timeBand[32m 2[2mms[22m[39m
 [32m笨・[39m src/features/handoff/analysis/__tests__/computeTimePatterns.spec.ts[2m > [22mcomputeTimePatterns[2m > [22mtopCategory[2m > [22mselects the most frequent category[32m 1[2mms[22m[39m
 [32m笨・[39m src/features/handoff/analysis/__tests__/computeTimePatterns.spec.ts[2m > [22mcomputeTimePatterns[2m > [22mtopCategory[2m > [22muses stable sort for tied categories (Japanese sort)[32m 3[2mms[22m[39m
 [32m笨・[39m src/features/handoff/analysis/__tests__/computeTimePatterns.spec.ts[2m > [22mcomputeTimePatterns[2m > [22mcategoryBreakdown[2m > [22mincludes category breakdown sorted by count[32m 1[2mms[22m[39m
 [32m笨・[39m src/features/handoff/analysis/__tests__/computeTimePatterns.spec.ts[2m > [22mcomputeTimePatterns[2m > [22mpeakHour[2m > [22mreturns the most frequent hour[32m 1[2mms[22m[39m
 [32m笨・[39m src/features/handoff/analysis/__tests__/computeTimePatterns.spec.ts[2m > [22mcomputeTimePatterns[2m > [22mpeakHour[2m > [22mreturns earlier hour when tied[32m 1[2mms[22m[39m
 [32m笨・[39m src/features/handoff/analysis/__tests__/computeTimePatterns.spec.ts[2m > [22mcomputeTimePatterns[2m > [22mbyTimeBand・域ｨｪ譁ｭ髮・ｨ茨ｼ・[2m > [22msums across all days of week[32m 1[2mms[22m[39m
 [32m笨・[39m src/features/handoff/analysis/__tests__/computeTimePatterns.spec.ts[2m > [22mcomputeTimePatterns[2m > [22mbyTimeBand・域ｨｪ譁ｭ髮・ｨ茨ｼ・[2m > [22mis sorted in natural timeBand order[32m 1[2mms[22m[39m
 [32m笨・[39m src/features/handoff/analysis/__tests__/computeTimePatterns.spec.ts[2m > [22mcomputeTimePatterns[2m > [22m繧ｽ繝ｼ繝磯・[2m > [22msorts patterns by dayOfWeek then timeBand order[32m 1[2mms[22m[39m
 [32m笨・[39m src/features/handoff/analysis/__tests__/computeTimePatterns.spec.ts[2m > [22mcomputeTimePatterns[2m > [22m繧ｨ繝・ず繧ｱ繝ｼ繧ｹ[2m > [22mignores records with invalid createdAt[32m 1[2mms[22m[39m
 [32m笨・[39m src/features/handoff/analysis/__tests__/computeTimePatterns.spec.ts[2m > [22mcomputeTimePatterns[2m > [22m繧ｨ繝・ず繧ｱ繝ｼ繧ｹ[2m > [22mhandles records across multiple weeks[32m 1[2mms[22m[39m
 [32m笨・[39m src/auth/__tests__/fetchMyGroupIds.spec.ts[2m > [22mfetchMyGroupIds[2m > [22mshould return empty array when getToken returns null[32m 6[2mms[22m[39m
 [32m笨・[39m src/auth/__tests__/fetchMyGroupIds.spec.ts[2m > [22mfetchMyGroupIds[2m > [22mshould fetch group IDs from transitiveMemberOf endpoint[32m 8[2mms[22m[39m
 [32m笨・[39m src/auth/__tests__/fetchMyGroupIds.spec.ts[2m > [22mfetchMyGroupIds[2m > [22mshould handle pagination via @odata.nextLink[32m 2[2mms[22m[39m
 [32m笨・[39m src/auth/__tests__/fetchMyGroupIds.spec.ts[2m > [22mfetchMyGroupIds[2m > [22mshould fall back to memberOf endpoint when transitiveMemberOf fails[32m 3[2mms[22m[39m
 [32m笨・[39m src/auth/__tests__/fetchMyGroupIds.spec.ts[2m > [22mfetchMyGroupIds[2m > [22mshould throw GraphApiError when both endpoints fail[32m 4[2mms[22m[39m
 [32m笨・[39m src/auth/__tests__/fetchMyGroupIds.spec.ts[2m > [22mfetchMyGroupIds[2m > [22mshould filter out entries without valid id[32m 2[2mms[22m[39m
 [32m笨・[39m src/features/records/monthly/__tests__/aggregate.basic.spec.ts[2m > [22maggregateMonthlyKpi - 蝓ｺ譛ｬ髮・ｨ医ユ繧ｹ繝・[2m > [22m螳悟・蜈･蜉帶怦・・1莉ｶ蜈ｨ螳御ｺ・ｼ俄・ KPI險育ｮ礼｢ｺ隱・[32m 5[2mms[22m[39m
 [32m笨・[39m src/features/records/monthly/__tests__/aggregate.basic.spec.ts[2m > [22maggregateMonthlyKpi - 蝓ｺ譛ｬ髮・ｨ医ユ繧ｹ繝・[2m > [22m驛ｨ蛻・ｮ御ｺ・怦・亥ｮ御ｺ・莉ｶ繝ｻ騾ｲ陦御ｸｭ3莉ｶ繝ｻ遨ｺ2莉ｶ・俄・ KPI蛻・ｸ・｢ｺ隱・[32m 1[2mms[22m[39m
 [32m笨・[39m src/features/records/monthly/__tests__/aggregate.basic.spec.ts[2m > [22maggregateMonthlyKpi - 蝓ｺ譛ｬ髮・ｨ医ユ繧ｹ繝・[2m > [22m迚ｹ險倅ｺ矩・・莠区腐縺ゅｊ繧ｱ繝ｼ繧ｹ 竊・繧ｫ繧ｦ繝ｳ繝育｢ｺ隱・[32m 1[2mms[22m[39m
 [32m笨・[39m src/features/records/monthly/__tests__/aggregate.basic.spec.ts[2m > [22maggregateMonthlyKpi - 蝓ｺ譛ｬ髮・ｨ医ユ繧ｹ繝・[2m > [22m遨ｺ繝・・繧ｿ 竊・繝・ヵ繧ｩ繝ｫ繝亥､險ｭ螳・[32m 1[2mms[22m[39m
 [32m笨・[39m src/features/records/monthly/__tests__/aggregate.basic.spec.ts[2m > [22mcalculateCompletionRate - 螳御ｺ・紫險育ｮ励ユ繧ｹ繝・[2m > [22m豁｣蟶ｸ繧ｱ繝ｼ繧ｹ・壼ｮ御ｺ・紫50% 竊・50.00%[32m 1[2mms[22m[39m
 [32m笨・[39m src/features/records/monthly/__tests__/aggregate.basic.spec.ts[2m > [22mcalculateCompletionRate - 螳御ｺ・紫險育ｮ励ユ繧ｹ繝・[2m > [22m100%螳御ｺ・竊・100.00%[32m 1[2mms[22m[39m
 [32m笨・[39m src/features/records/monthly/__tests__/aggregate.basic.spec.ts[2m > [22mcalculateCompletionRate - 螳御ｺ・紫險育ｮ励ユ繧ｹ繝・[2m > [22m莠亥ｮ・縺ｮ蝣ｴ蜷・竊・0%[32m 1[2mms[22m[39m
 [32m笨・[39m src/features/records/monthly/__tests__/aggregate.basic.spec.ts[2m > [22mcalculateCompletionRate - 螳御ｺ・紫險育ｮ励ユ繧ｹ繝・[2m > [22m驛ｨ蛻・ｮ御ｺ・竊・蟆乗焚轤ｹ2譯∫ｲｾ蠎ｦ[32m 1[2mms[22m[39m
 [32m笨・[39m src/features/records/monthly/__tests__/aggregate.basic.spec.ts[2m > [22maggregateMonthlySummary - 譛域ｬ｡繧ｵ繝槭Μ繝ｼ逕滓・繝・せ繝・[2m > [22m螳悟・譛域ｬ｡繧ｵ繝槭Μ繝ｼ逕滓・・亥ｮ御ｺ・紫險育ｮ怜性繧・・[32m 2[2mms[22m[39m
 [32m笨・[39m src/features/records/monthly/__tests__/aggregate.basic.spec.ts[2m > [22mgetWorkingDaysInMonth - 蝟ｶ讌ｭ譌･謨ｰ險育ｮ励ユ繧ｹ繝・[2m > [22m2024蟷ｴ1譛医・蝟ｶ讌ｭ譌･謨ｰ 竊・23譌･[32m 1[2mms[22m[39m
 [32m笨・[39m src/features/records/monthly/__tests__/aggregate.basic.spec.ts[2m > [22mgetWorkingDaysInMonth - 蝟ｶ讌ｭ譌･謨ｰ險育ｮ励ユ繧ｹ繝・[2m > [22m2024蟷ｴ2譛茨ｼ医≧繧九≧蟷ｴ・峨・蝟ｶ讌ｭ譌･謨ｰ 竊・21譌･[32m 1[2mms[22m[39m
 [32m笨・[39m src/features/records/monthly/__tests__/aggregate.basic.spec.ts[2m > [22mgetWorkingDaysInMonth - 蝟ｶ讌ｭ譌･謨ｰ險育ｮ励ユ繧ｹ繝・[2m > [22m2024蟷ｴ5譛医・蝟ｶ讌ｭ譌･謨ｰ 竊・23譌･[32m 1[2mms[22m[39m
 [32m笨・[39m src/features/records/monthly/__tests__/aggregate.basic.spec.ts[2m > [22mgetWorkingDaysInMonth - 蝟ｶ讌ｭ譌･謨ｰ險育ｮ励ユ繧ｹ繝・[2m > [22m2024蟷ｴ6譛医・蝟ｶ讌ｭ譌･謨ｰ 竊・20譌･[32m 1[2mms[22m[39m
 [32m笨・[39m src/features/records/monthly/__tests__/aggregate.basic.spec.ts[2m > [22mgetTotalDaysInMonth - 譛育ｷ乗律謨ｰ險育ｮ励ユ繧ｹ繝・[2m > [22m2024蟷ｴ1譛医・邱乗律謨ｰ 竊・31譌･[32m 1[2mms[22m[39m
 [32m笨・[39m src/features/records/monthly/__tests__/aggregate.basic.spec.ts[2m > [22mgetTotalDaysInMonth - 譛育ｷ乗律謨ｰ險育ｮ励ユ繧ｹ繝・[2m > [22m2024蟷ｴ2譛茨ｼ医≧繧九≧蟷ｴ・峨・邱乗律謨ｰ 竊・29譌･[32m 1[2mms[22m[39m
 [32m笨・[39m src/features/records/monthly/__tests__/aggregate.basic.spec.ts[2m > [22mgetTotalDaysInMonth - 譛育ｷ乗律謨ｰ險育ｮ励ユ繧ｹ繝・[2m > [22m2023蟷ｴ2譛茨ｼ亥ｹｳ蟷ｴ・峨・邱乗律謨ｰ 竊・28譌･[32m 1[2mms[22m[39m
 [32m笨・[39m src/features/records/monthly/__tests__/aggregate.basic.spec.ts[2m > [22mgetTotalDaysInMonth - 譛育ｷ乗律謨ｰ險育ｮ励ユ繧ｹ繝・[2m > [22m2024蟷ｴ4譛医・邱乗律謨ｰ 竊・30譌･[32m 1[2mms[22m[39m
 [32m笨・[39m src/features/records/monthly/__tests__/aggregate.basic.spec.ts[2m > [22maggregateMultipleUsers - 隍・焚繝ｦ繝ｼ繧ｶ繝ｼ髮・ｨ医ユ繧ｹ繝・[2m > [22m2繝ｦ繝ｼ繧ｶ繝ｼ縺ｮ2024蟷ｴ6譛磯寔險・[32m 3[2mms[22m[39m
 [32m笨・[39m src/features/records/monthly/__tests__/aggregate.basic.spec.ts[2m > [22maggregateMultipleUsers - 隍・焚繝ｦ繝ｼ繧ｶ繝ｼ髮・ｨ医ユ繧ｹ繝・[2m > [22m險倬鹸縺ｮ縺ｪ縺・Θ繝ｼ繧ｶ繝ｼ 竊・遨ｺ縺ｮ繧ｵ繝槭Μ繝ｼ[32m 1[2mms[22m[39m
 [32m笨・[39m src/features/operationFlow/domain/phaseConfigBridge.spec.ts[2m > [22mtoLegacyPhase[2m > [22mstaff_prep 竊・preparation[32m 4[2mms[22m[39m
 [32m笨・[39m src/features/operationFlow/domain/phaseConfigBridge.spec.ts[2m > [22mtoLegacyPhase[2m > [22mmorning_briefing 竊・morning-meeting[32m 1[2mms[22m[39m
 [32m笨・[39m src/features/operationFlow/domain/phaseConfigBridge.spec.ts[2m > [22mtoLegacyPhase[2m > [22marrival_intake 竊・am-operation[32m 1[2mms[22m[39m
 [32m笨・[39m src/features/operationFlow/domain/phaseConfigBridge.spec.ts[2m > [22mtoLegacyPhase[2m > [22mam_activity 竊・am-operation[32m 1[2mms[22m[39m
 [32m笨・[39m src/features/operationFlow/domain/phaseConfigBridge.spec.ts[2m > [22mtoLegacyPhase[2m > [22mpm_activity 竊・pm-operation[32m 1[2mms[22m[39m
 [32m笨・[39m src/features/operationFlow/domain/phaseConfigBridge.spec.ts[2m > [22mtoLegacyPhase[2m > [22mdeparture_support 竊・evening-closing[32m 1[2mms[22m[39m
 [32m笨・[39m src/features/operationFlow/domain/phaseConfigBridge.spec.ts[2m > [22mtoLegacyPhase[2m > [22mrecord_wrapup 竊・record-review[32m 1[2mms[22m[39m
 [32m笨・[39m src/features/operationFlow/domain/phaseConfigBridge.spec.ts[2m > [22mtoLegacyPhase[2m > [22mevening_briefing 竊・record-review[32m 1[2mms[22m[39m
 [32m笨・[39m src/features/operationFlow/domain/phaseConfigBridge.spec.ts[2m > [22mtoLegacyPhase[2m > [22mafter_hours_review 竊・record-review[32m 1[2mms[22m[39m
 [32m笨・[39m src/features/operationFlow/domain/phaseConfigBridge.spec.ts[2m > [22mtoLegacyPrimaryScreen[2m > [22m/daily/attendance 竊・/daily[32m 1[2mms[22m[39m
 [32m笨・[39m src/features/operationFlow/domain/phaseConfigBridge.spec.ts[2m > [22mtoLegacyPrimaryScreen[2m > [22m/today 竊・/today (繝代せ繧ｹ繝ｫ繝ｼ)[32m 1[2mms[22m[39m
 [32m笨・[39m src/features/operationFlow/domain/phaseConfigBridge.spec.ts[2m > [22mtoLegacyPrimaryScreen[2m > [22m/handoff-timeline 竊・/handoff-timeline (繝代せ繧ｹ繝ｫ繝ｼ)[32m 1[2mms[22m[39m
 [32m笨・[39m src/features/operationFlow/domain/phaseConfigBridge.spec.ts[2m > [22mtoLegacyPrimaryScreen[2m > [22m/dashboard 竊・/dashboard (繝代せ繧ｹ繝ｫ繝ｼ)[32m 1[2mms[22m[39m
 [32m笨・[39m src/features/operationFlow/domain/phaseConfigBridge.spec.ts[2m > [22mtoLegacyPrimaryScreen[2m > [22m/daily 竊・/daily (繝代せ繧ｹ繝ｫ繝ｼ)[32m 0[2mms[22m[39m
 [32m笨・[39m src/features/operationFlow/domain/phaseConfigBridge.spec.ts[2m > [22mresolvePhaseFromConfig[2m > [22mDEFAULT_PHASE_CONFIG 縺ｧ縺ｮ蛻､螳・[2m > [22m08:45 竊・staff_prep 竊・preparation (fromConfig: true)[32m 1[2mms[22m[39m
 [32m笨・[39m src/features/operationFlow/domain/phaseConfigBridge.spec.ts[2m > [22mresolvePhaseFromConfig[2m > [22mDEFAULT_PHASE_CONFIG 縺ｧ縺ｮ蛻､螳・[2m > [22m09:00 竊・morning_briefing 竊・morning-meeting[32m 1[2mms[22m[39m
 [32m笨・[39m src/features/operationFlow/domain/phaseConfigBridge.spec.ts[2m > [22mresolvePhaseFromConfig[2m > [22mDEFAULT_PHASE_CONFIG 縺ｧ縺ｮ蛻､螳・[2m > [22m09:30 竊・arrival_intake 竊・am-operation[32m 1[2mms[22m[39m
 [32m笨・[39m src/features/operationFlow/domain/phaseConfigBridge.spec.ts[2m > [22mresolvePhaseFromConfig[2m > [22mDEFAULT_PHASE_CONFIG 縺ｧ縺ｮ蛻､螳・[2m > [22m11:00 竊・am_activity 竊・am-operation[32m 1[2mms[22m[39m
 [32m笨・[39m src/features/operationFlow/domain/phaseConfigBridge.spec.ts[2m > [22mresolvePhaseFromConfig[2m > [22mDEFAULT_PHASE_CONFIG 縺ｧ縺ｮ蛻､螳・[2m > [22m13:00 竊・pm_activity 竊・pm-operation[32m 1[2mms[22m[39m
 [32m笨・[39m src/features/operationFlow/domain/phaseConfigBridge.spec.ts[2m > [22mresolvePhaseFromConfig[2m > [22mDEFAULT_PHASE_CONFIG 縺ｧ縺ｮ蛻､螳・[2m > [22m15:45 竊・departure_support 竊・evening-closing[32m 1[2mms[22m[39m
 [32m笨・[39m src/features/operationFlow/domain/phaseConfigBridge.spec.ts[2m > [22mresolvePhaseFromConfig[2m > [22mDEFAULT_PHASE_CONFIG 縺ｧ縺ｮ蛻､螳・[2m > [22m16:30 竊・record_wrapup 竊・record-review[32m 1[2mms[22m[39m
 [32m笨・[39m src/features/operationFlow/domain/phaseConfigBridge.spec.ts[2m > [22mresolvePhaseFromConfig[2m > [22mDEFAULT_PHASE_CONFIG 縺ｧ縺ｮ蛻､螳・[2m > [22m17:30 竊・evening_briefing 竊・record-review[32m 1[2mms[22m[39m
 [32m笨・[39m src/features/operationFlow/domain/phaseConfigBridge.spec.ts[2m > [22mresolvePhaseFromConfig[2m > [22mDEFAULT_PHASE_CONFIG 縺ｧ縺ｮ蛻､螳・[2m > [22m23:00 竊・after_hours_review 竊・record-review (譌･縺ｾ縺溘℃)[32m 1[2mms[22m[39m
 [32m笨・[39m src/features/operationFlow/domain/phaseConfigBridge.spec.ts[2m > [22mresolvePhaseFromConfig[2m > [22mDEFAULT_PHASE_CONFIG 縺ｧ縺ｮ蛻､螳・[2m > [22m03:00 竊・after_hours_review 竊・record-review (豺ｱ螟・[32m 1[2mms[22m[39m
 [32m笨・[39m src/features/operationFlow/domain/phaseConfigBridge.spec.ts[2m > [22mresolvePhaseFromConfig[2m > [22m繧ｫ繧ｹ繧ｿ繝險ｭ螳壹〒縺ｮ蛻､螳・[2m > [22m譎る俣蟶ｯ繧貞､峨∴繧九→繝輔ぉ繝ｼ繧ｺ縺悟､峨ｏ繧・[32m 1[2mms[22m[39m
 [32m笨・[39m src/features/operationFlow/domain/phaseConfigBridge.spec.ts[2m > [22mresolvePhaseFromConfig[2m > [22m繧ｫ繧ｹ繧ｿ繝險ｭ螳壹〒縺ｮ蛻､螳・[2m > [22mprimaryScreen 繧貞､峨∴繧九→邨先棡縺ｫ蜿肴丐縺輔ｌ繧・[32m 1[2mms[22m[39m
 [32m笨・[39m src/features/operationFlow/domain/phaseConfigBridge.spec.ts[2m > [22mresolvePhaseFromConfig[2m > [22m繝輔か繝ｼ繝ｫ繝舌ャ繧ｯ[2m > [22m遨ｺ縺ｮ險ｭ螳夐・蛻・竊・譌ｧ繝ｭ繧ｸ繝・け縺ｫ繝輔か繝ｼ繝ｫ繝舌ャ繧ｯ (fromConfig: false)[32m 1[2mms[22m[39m
 [32m笨・[39m tests/unit/mappers.utility.branches.spec.ts[2m > [22mmappers utility branch coverage[2m > [22mmapUser normalises transport collections and trims metadata[32m 7[2mms[22m[39m
 [32m笨・[39m tests/unit/mappers.utility.branches.spec.ts[2m > [22mmappers utility branch coverage[2m > [22mmapStaff merges legacy work days and parses base shift timings[32m 2[2mms[22m[39m
 [32m笨・[39m tests/unit/mappers.utility.branches.spec.ts[2m > [22mmappers utility branch coverage[2m > [22mtoLocalRange handles invalid end and timezone failures gracefully[32m 4[2mms[22m[39m
 [32m笨・[39m tests/unit/mappers.utility.branches.spec.ts[2m > [22mmappers utility branch coverage[2m > [22mdetectAllDay respects explicit flags and derived midnight ranges[32m 1[2mms[22m[39m
 [32m笨・[39m tests/unit/mappers.utility.branches.spec.ts[2m > [22mmappers utility branch coverage[2m > [22mmapSchedule expands lookup fields, dedupes IDs, and normalises metadata[32m 4[2mms[22m[39m
 [32m笨・[39m tests/unit/mappers.utility.branches.spec.ts[2m > [22mmappers utility branch coverage[2m > [22mmapSchedule falls back to legacy staff IDs and handles JSON recurrence[32m 2[2mms[22m[39m
 [32m笨・[39m tests/unit/mappers.utility.branches.spec.ts[2m > [22mmappers utility branch coverage[2m > [22mmapScheduleToSp honours target user, billing flags, and status mappings[32m 2[2mms[22m[39m
 [32m笨・[39m tests/unit/mappers.utility.branches.spec.ts[2m > [22mmappers utility branch coverage[2m > [22mgetScheduleStatusLabel returns a sensible fallback[32m 1[2mms[22m[39m
 [32m笨・[39m tests/unit/mappers.utility.branches.spec.ts[2m > [22mmappers utility branch coverage[2m > [22mmapDaily parses JSON payloads and coerces nullable fields[32m 1[2mms[22m[39m
 [32m笨・[39m tests/unit/app/navigation/nav-router-consistency.spec.ts[2m > [22mNav 竊・Router Consistency[2m > [22mA: All Nav hrefs exist in router (Nav -> Router)[32m 16[2mms[22m[39m
 [32m笨・[39m tests/unit/app/navigation/nav-router-consistency.spec.ts[2m > [22mNav 竊・Router Consistency[2m > [22mB: No orphan routes (Router -> Nav/Footer or Allowlist)[32m 9[2mms[22m[39m
 [32m笨・[39m src/utils/__tests__/integrated-resource-calendar.utils.test.ts[2m > [22mintegrated-resource-calendar.utils[2m > [22mcheckEventDropAllowed[2m > [22mshould reject invalid time range (start >= end)[32m 4[2mms[22m[39m
 [32m笨・[39m src/utils/__tests__/integrated-resource-calendar.utils.test.ts[2m > [22mintegrated-resource-calendar.utils[2m > [22mcheckEventDropAllowed[2m > [22mshould reject drop for event with actualStart[32m 1[2mms[22m[39m
 [32m笨・[39m src/utils/__tests__/integrated-resource-calendar.utils.test.ts[2m > [22mintegrated-resource-calendar.utils[2m > [22mcheckEventDropAllowed[2m > [22mshould reject overlapping events on same resource[32m 1[2mms[22m[39m
 [32m笨・[39m src/utils/__tests__/integrated-resource-calendar.utils.test.ts[2m > [22mintegrated-resource-calendar.utils[2m > [22mcheckEventDropAllowed[2m > [22mshould allow valid non-overlapping drop[32m 1[2mms[22m[39m
 [32m笨・[39m src/utils/__tests__/integrated-resource-calendar.utils.test.ts[2m > [22mintegrated-resource-calendar.utils[2m > [22mcheckEventDropAllowed[2m > [22mshould allow boundary touching events (end === start)[32m 1[2mms[22m[39m
 [32m笨・[39m src/utils/__tests__/integrated-resource-calendar.utils.test.ts[2m > [22mintegrated-resource-calendar.utils[2m > [22mcheckEventDropAllowed[2m > [22mshould ignore background events for overlap check[32m 1[2mms[22m[39m
 [32m笨・[39m src/utils/__tests__/integrated-resource-calendar.utils.test.ts[2m > [22mintegrated-resource-calendar.utils[2m > [22mcheckSelectAllowed[2m > [22mshould reject invalid time range[32m 2[2mms[22m[39m
 [32m笨・[39m src/utils/__tests__/integrated-resource-calendar.utils.test.ts[2m > [22mintegrated-resource-calendar.utils[2m > [22mcheckSelectAllowed[2m > [22mshould reject selection without resourceId[32m 1[2mms[22m[39m
 [32m笨・[39m src/utils/__tests__/integrated-resource-calendar.utils.test.ts[2m > [22mintegrated-resource-calendar.utils[2m > [22mcheckSelectAllowed[2m > [22mshould reject overlapping selection[32m 1[2mms[22m[39m
 [32m笨・[39m src/utils/__tests__/integrated-resource-calendar.utils.test.ts[2m > [22mintegrated-resource-calendar.utils[2m > [22mcheckSelectAllowed[2m > [22mshould allow valid selection[32m 1[2mms[22m[39m
 [32m笨・[39m src/utils/__tests__/integrated-resource-calendar.utils.test.ts[2m > [22mintegrated-resource-calendar.utils[2m > [22mcalculateTotalsByResource[2m > [22mshould calculate basic totals correctly[32m 2[2mms[22m[39m
 [32m笨・[39m src/utils/__tests__/integrated-resource-calendar.utils.test.ts[2m > [22mintegrated-resource-calendar.utils[2m > [22mcalculateTotalsByResource[2m > [22mshould detect over-limit resources[32m 1[2mms[22m[39m
 [32m笨・[39m src/utils/__tests__/integrated-resource-calendar.utils.test.ts[2m > [22mintegrated-resource-calendar.utils[2m > [22mcalculateTotalsByResource[2m > [22mshould ignore background events[32m 1[2mms[22m[39m
 [32m笨・[39m src/utils/__tests__/integrated-resource-calendar.utils.test.ts[2m > [22mintegrated-resource-calendar.utils[2m > [22mcalculateTotalsByResource[2m > [22mshould handle negative duration events safely[32m 1[2mms[22m[39m
 [32m笨・[39m src/utils/__tests__/integrated-resource-calendar.utils.test.ts[2m > [22mintegrated-resource-calendar.utils[2m > [22mcalculateTotalsByResource[2m > [22mshould round to 1 decimal place correctly[32m 1[2mms[22m[39m
 [32m笨・[39m src/utils/__tests__/integrated-resource-calendar.utils.test.ts[2m > [22mintegrated-resource-calendar.utils[2m > [22mgenerateWarningEvents[2m > [22mshould generate warning events for over-limit resources[32m 4[2mms[22m[39m
 [32m笨・[39m src/utils/__tests__/integrated-resource-calendar.utils.test.ts[2m > [22mintegrated-resource-calendar.utils[2m > [22mgenerateWarningEvents[2m > [22mshould not generate warnings for non-over resources[32m 1[2mms[22m[39m
 [32m笨・[39m src/utils/__tests__/integrated-resource-calendar.utils.test.ts[2m > [22mintegrated-resource-calendar.utils[2m > [22meventApiToTestable[2m > [22mshould convert EventApi to TestableEvent correctly[32m 1[2mms[22m[39m
 [32m笨・[39m src/domain/bridge/__tests__/monitoringEvidence.spec.ts[2m > [22mgenerateDateRange[2m > [22mshould generate correct date range[32m 5[2mms[22m[39m
 [32m笨・[39m src/domain/bridge/__tests__/monitoringEvidence.spec.ts[2m > [22mgenerateDateRange[2m > [22mshould return single date when from === to[32m 1[2mms[22m[39m
 [32m笨・[39m src/domain/bridge/__tests__/monitoringEvidence.spec.ts[2m > [22mgenerateDateRange[2m > [22mshould return empty for invalid dates[32m 1[2mms[22m[39m
 [32m笨・[39m src/domain/bridge/__tests__/monitoringEvidence.spec.ts[2m > [22mgenerateDateRange[2m > [22mshould return empty when from > to[32m 1[2mms[22m[39m
 [32m笨・[39m src/domain/bridge/__tests__/monitoringEvidence.spec.ts[2m > [22msummarizeProcedureExecution[2m > [22mshould return all-zero summary when no records exist[32m 4[2mms[22m[39m
 [32m笨・[39m src/domain/bridge/__tests__/monitoringEvidence.spec.ts[2m > [22msummarizeProcedureExecution[2m > [22mshould calculate completion rate correctly[32m 1[2mms[22m[39m
 [32m笨・[39m src/domain/bridge/__tests__/monitoringEvidence.spec.ts[2m > [22msummarizeProcedureExecution[2m > [22mshould count skipped and triggered correctly[32m 1[2mms[22m[39m
 [32m笨・[39m src/domain/bridge/__tests__/monitoringEvidence.spec.ts[2m > [22msummarizeProcedureExecution[2m > [22mshould count notes (memos)[32m 1[2mms[22m[39m
 [32m笨・[39m src/domain/bridge/__tests__/monitoringEvidence.spec.ts[2m > [22msummarizeProcedureExecution[2m > [22mshould identify low execution procedures[32m 1[2mms[22m[39m
 [32m笨・[39m src/domain/bridge/__tests__/monitoringEvidence.spec.ts[2m > [22msummarizeProcedureExecution[2m > [22mshould filter by planningSheetId[32m 1[2mms[22m[39m
 [32m笨・[39m src/domain/bridge/__tests__/monitoringEvidence.spec.ts[2m > [22msummarizeProcedureExecution[2m > [22mshould track lastRecordedAt[32m 1[2mms[22m[39m
 [32m笨・[39m src/domain/bridge/__tests__/monitoringEvidence.spec.ts[2m > [22msummarizeProcedureExecution[2m > [22mshould detect unrecorded time slots[32m 1[2mms[22m[39m
 [32m笨・[39m src/domain/bridge/__tests__/monitoringEvidence.spec.ts[2m > [22msummarizeProcedureExecution[2m > [22mshould calculate overall completion rate[32m 1[2mms[22m[39m
 [32m笨・[39m src/domain/bridge/__tests__/monitoringEvidence.spec.ts[2m > [22msummarizeProcedureExecution[2m > [22mshould ignore records outside the date range[32m 1[2mms[22m[39m
 [32m笨・[39m src/domain/bridge/__tests__/monitoringEvidence.spec.ts[2m > [22mgenerateMonitoringNarrative[2m > [22mshould generate narrative text[32m 1[2mms[22m[39m
 [32m笨・[39m src/domain/bridge/__tests__/monitoringEvidence.spec.ts[2m > [22mgenerateMonitoringNarrative[2m > [22mshould include low execution section[32m 1[2mms[22m[39m
 [32m笨・[39m src/features/support-plan-guide/domain/__tests__/plannerAssistMetrics.spec.ts[2m > [22mgenerateSessionId / generateInteractionId[2m > [22msessionId 縺ｯ pas_ 縺ｧ蟋九∪繧・[32m 4[2mms[22m[39m
 [32m笨・[39m src/features/support-plan-guide/domain/__tests__/plannerAssistMetrics.spec.ts[2m > [22mgenerateSessionId / generateInteractionId[2m > [22minteractionId 縺ｯ pai_ 縺ｧ蟋九∪繧・[32m 1[2mms[22m[39m
 [32m笨・[39m src/features/support-plan-guide/domain/__tests__/plannerAssistMetrics.spec.ts[2m > [22mgenerateSessionId / generateInteractionId[2m > [22m騾｣邯壼他縺ｳ蜃ｺ縺励〒逡ｰ縺ｪ繧句､繧定ｿ斐☆[32m 2[2mms[22m[39m
 [32m笨・[39m src/features/support-plan-guide/domain/__tests__/plannerAssistMetrics.spec.ts[2m > [22mcomputeFirstNavigationDistribution[2m > [22msession 縺斐→縺ｮ譛蛻昴・ tab_landed 繧偵き繧ｦ繝ｳ繝医☆繧・[32m 1[2mms[22m[39m
 [32m笨・[39m src/features/support-plan-guide/domain/__tests__/plannerAssistMetrics.spec.ts[2m > [22mcomputeFirstNavigationDistribution[2m > [22m隍・焚 session 繧呈ｭ｣縺励￥繧ｫ繧ｦ繝ｳ繝医☆繧・[32m 1[2mms[22m[39m
 [32m笨・[39m src/features/support-plan-guide/domain/__tests__/plannerAssistMetrics.spec.ts[2m > [22mcomputeFirstNavigationDistribution[2m > [22mpanel_shown 縺後↑縺・session 縺ｮ tab_landed 縺ｯ辟｡隕悶☆繧・[32m 1[2mms[22m[39m
 [32m笨・[39m src/features/support-plan-guide/domain/__tests__/plannerAssistMetrics.spec.ts[2m > [22mcomputeFirstNavigationDistribution[2m > [22m繧､繝吶Φ繝医′遨ｺ縺ｪ繧臥ｩｺ繧ｪ繝悶ず繧ｧ繧ｯ繝医ｒ霑斐☆[32m 1[2mms[22m[39m
 [32m笨・[39m src/features/support-plan-guide/domain/__tests__/plannerAssistMetrics.spec.ts[2m > [22mcomputeActionClickRate[2m > [22m繧ｫ繝・ざ繝ｪ蛻･ click 謨ｰ縺ｨ session 縺ゅ◆繧雁ｹｳ蝮・ｒ邂怜・縺吶ｋ[32m 1[2mms[22m[39m
 [32m笨・[39m src/features/support-plan-guide/domain/__tests__/plannerAssistMetrics.spec.ts[2m > [22mcomputeActionClickRate[2m > [22mclick 縺後↑縺代ｌ縺ｰ clicksPerSession=0[32m 1[2mms[22m[39m
 [32m笨・[39m src/features/support-plan-guide/domain/__tests__/plannerAssistMetrics.spec.ts[2m > [22mcomputeActionClickRate[2m > [22msession 縺後↑縺代ｌ縺ｰ clicksPerSession=0[32m 1[2mms[22m[39m
 [32m笨・[39m src/features/support-plan-guide/domain/__tests__/plannerAssistMetrics.spec.ts[2m > [22mcomputeNavigationLatency[2m > [22mmedian / mean / p90 繧堤ｮ怜・縺吶ｋ[32m 1[2mms[22m[39m
 [32m笨・[39m src/features/support-plan-guide/domain/__tests__/plannerAssistMetrics.spec.ts[2m > [22mcomputeNavigationLatency[2m > [22m遨ｺ繧､繝吶Φ繝医〒縺吶∋縺ｦ 0 繧定ｿ斐☆[32m 1[2mms[22m[39m
 [32m笨・[39m src/features/support-plan-guide/domain/__tests__/plannerAssistMetrics.spec.ts[2m > [22mcomputeNavigationLatency[2m > [22mtab_landed 莉･螟悶・繧､繝吶Φ繝医・辟｡隕悶☆繧・[32m 1[2mms[22m[39m
 [32m笨・[39m src/features/support-plan-guide/domain/__tests__/plannerAssistMetrics.spec.ts[2m > [22mcomputeNavigationLatency[2m > [22m1莉ｶ縺ｮ蝣ｴ蜷医・ median = mean = p90[32m 1[2mms[22m[39m
 [32m笨・[39m src/features/support-plan-guide/domain/__tests__/plannerAssistMetrics.spec.ts[2m > [22mcomputeAdoptionUplift[2m > [22mMIN_UPLIFT_SAMPLES 縺・3 縺ｧ縺ゅｋ縺薙→[32m 1[2mms[22m[39m
 [32m笨・[39m src/features/support-plan-guide/domain/__tests__/plannerAssistMetrics.spec.ts[2m > [22mcomputeAdoptionUplift[2m > [22mbefore=2, after=2 縺ｯ繧ｵ繝ｳ繝励Ν荳崎ｶｳ縺ｧ insufficient=true, uplift=0[32m 1[2mms[22m[39m
 [32m笨・[39m src/features/support-plan-guide/domain/__tests__/plannerAssistMetrics.spec.ts[2m > [22mcomputeAdoptionUplift[2m > [22mbefore=3, after=3 縺ｪ繧・insufficient=false 縺ｧ豁｣縺励＞ uplift 繧定ｿ斐☆[32m 1[2mms[22m[39m
 [32m笨・[39m src/features/support-plan-guide/domain/__tests__/plannerAssistMetrics.spec.ts[2m > [22mcomputeAdoptionUplift[2m > [22mbefore 縺ｮ縺ｿ縺ｮ蝣ｴ蜷医・ insufficient=true, uplift=0[32m 1[2mms[22m[39m
 [32m笨・[39m src/features/support-plan-guide/domain/__tests__/plannerAssistMetrics.spec.ts[2m > [22mcomputeAdoptionUplift[2m > [22msnapshot 縺後↑縺代ｌ縺ｰ縺吶∋縺ｦ 0 + insufficient=true 繧定ｿ斐☆[32m 1[2mms[22m[39m
 [32m笨・[39m src/features/support-plan-guide/domain/__tests__/plannerAssistMetrics.spec.ts[2m > [22mcomputePlannerAssistMetrics[2m > [22m4謖・ｨ吶☆縺ｹ縺ｦ縺ｮ繧ｭ繝ｼ繧定ｿ斐☆[32m 1[2mms[22m[39m
 [32m笨・[39m src/features/support-plan-guide/domain/__tests__/plannerAssistMetrics.spec.ts[2m > [22mcomputePlannerAssistMetrics[2m > [22m豺ｷ蜷医う繝吶Φ繝医ｒ豁｣縺励￥蛻・・縺吶ｋ[32m 1[2mms[22m[39m
 [32m笨・[39m src/features/monitoring/domain/__tests__/operationKpis.spec.ts[2m > [22mcomputeRecordCompletionKpi[2m > [22m蜈ｨ蜩｡蜈･蜉帶ｸ医∩縺ｪ繧・100% / good[32m 5[2mms[22m[39m
 [32m笨・[39m src/features/monitoring/domain/__tests__/operationKpis.spec.ts[2m > [22mcomputeRecordCompletionKpi[2m > [22m90% 莉･荳翫・ good[32m 1[2mms[22m[39m
 [32m笨・[39m src/features/monitoring/domain/__tests__/operationKpis.spec.ts[2m > [22mcomputeRecordCompletionKpi[2m > [22m70-89% 縺ｯ warning[32m 1[2mms[22m[39m
 [32m笨・[39m src/features/monitoring/domain/__tests__/operationKpis.spec.ts[2m > [22mcomputeRecordCompletionKpi[2m > [22m70% 譛ｪ貅縺ｯ critical[32m 1[2mms[22m[39m
 [32m笨・[39m src/features/monitoring/domain/__tests__/operationKpis.spec.ts[2m > [22mcomputeRecordCompletionKpi[2m > [22m蟇ｾ雎｡閠・0 莠ｺ縺ｯ 100% good (蝠城｡後↑縺・[32m 1[2mms[22m[39m
 [32m笨・[39m src/features/monitoring/domain/__tests__/operationKpis.spec.ts[2m > [22mcomputeRecordCompletionKpi[2m > [22mdisplayValue 縺ｫ % 縺悟性縺ｾ繧後ｋ[32m 1[2mms[22m[39m
 [32m笨・[39m src/features/monitoring/domain/__tests__/operationKpis.spec.ts[2m > [22mcomputeHandoffPendingKpi[2m > [22m貊樒蕗 0 莉ｶ縺ｪ繧・good[32m 1[2mms[22m[39m
 [32m笨・[39m src/features/monitoring/domain/__tests__/operationKpis.spec.ts[2m > [22mcomputeHandoffPendingKpi[2m > [22m貊樒蕗縺・1 莉ｶ莉･荳翫≠繧後・ warning 莉･荳・[32m 2[2mms[22m[39m
 [32m笨・[39m src/features/monitoring/domain/__tests__/operationKpis.spec.ts[2m > [22mcomputeHandoffPendingKpi[2m > [22m貊樒蕗邇・30% 縺ｯ warning[32m 1[2mms[22m[39m
 [32m笨・[39m src/features/monitoring/domain/__tests__/operationKpis.spec.ts[2m > [22mcomputeHandoffPendingKpi[2m > [22m逕ｳ縺鈴√ｊ 0 莉ｶ縺ｯ good (蟇ｾ雎｡縺ｪ縺・[32m 1[2mms[22m[39m
 [32m笨・[39m src/features/monitoring/domain/__tests__/operationKpis.spec.ts[2m > [22mcomputePlanUnarrangedKpi[2m > [22m譛ｪ謨ｴ蛯・0 莠ｺ縺ｯ good[32m 1[2mms[22m[39m
 [32m笨・[39m src/features/monitoring/domain/__tests__/operationKpis.spec.ts[2m > [22mcomputePlanUnarrangedKpi[2m > [22m1 莠ｺ縺ｧ繧よ悴謨ｴ蛯吶↑繧・warning 莉･荳・[32m 1[2mms[22m[39m
 [32m笨・[39m src/features/monitoring/domain/__tests__/operationKpis.spec.ts[2m > [22mcomputePlanUnarrangedKpi[2m > [22m譛ｪ謨ｴ蛯咏紫 20% 縺ｯ critical[32m 1[2mms[22m[39m
 [32m笨・[39m src/features/monitoring/domain/__tests__/operationKpis.spec.ts[2m > [22mcomputePlanUnarrangedKpi[2m > [22m蜈ｨ蜩｡譛ｪ謨ｴ蛯吶・ critical[32m 1[2mms[22m[39m
 [32m笨・[39m src/features/monitoring/domain/__tests__/operationKpis.spec.ts[2m > [22mcomputeExceptionScoreKpi[2m > [22m萓句､・0 莉ｶ縺ｯ繧ｹ繧ｳ繧｢ 0 / good[32m 1[2mms[22m[39m
 [32m笨・[39m src/features/monitoring/domain/__tests__/operationKpis.spec.ts[2m > [22mcomputeExceptionScoreKpi[2m > [22mcritical 縺ｯ 5pt 蜉驥・[32m 1[2mms[22m[39m
 [32m笨・[39m src/features/monitoring/domain/__tests__/operationKpis.spec.ts[2m > [22mcomputeExceptionScoreKpi[2m > [22m繧ｹ繧ｳ繧｢ 11縲・0 縺ｯ warning[32m 1[2mms[22m[39m
 [32m笨・[39m src/features/monitoring/domain/__tests__/operationKpis.spec.ts[2m > [22mcomputeExceptionScoreKpi[2m > [22m繧ｹ繧ｳ繧｢ 31 莉･荳翫・ critical[32m 1[2mms[22m[39m
 [32m笨・[39m src/features/monitoring/domain/__tests__/operationKpis.spec.ts[2m > [22mcomputeExceptionScoreKpi[2m > [22m繧ｹ繧ｳ繧｢縺ｯ譛螟ｧ 100 縺ｫ繧ｭ繝｣繝・・縺輔ｌ繧・[32m 1[2mms[22m[39m
 [32m笨・[39m src/features/monitoring/domain/__tests__/operationKpis.spec.ts[2m > [22mcomputeOperationKpis[2m > [22m蜈ｨ 5 KPI 縺瑚ｿ斐ｋ[32m 1[2mms[22m[39m
 [32m笨・[39m src/features/monitoring/domain/__tests__/operationKpis.spec.ts[2m > [22mcomputeOperationKpis[2m > [22m蜈ｨ謖・ｨ吶′濶ｯ螂ｽ縺ｪ繧・overallHealthScore 縺ｯ good[32m 1[2mms[22m[39m
 [32m笨・[39m src/features/monitoring/domain/__tests__/operationKpis.spec.ts[2m > [22mcomputeOperationKpis[2m > [22mrecord 0% + critical 10莉ｶ 縺ｪ繧・overallHealth 縺ｯ critical[32m 1[2mms[22m[39m
 [32m笨・[39m src/features/monitoring/domain/__tests__/operationKpis.spec.ts[2m > [22mextractKpiAlerts[2m > [22m蜈ｨ good 縺ｪ繧臥ｩｺ驟榊・[32m 2[2mms[22m[39m
 [32m笨・[39m src/features/monitoring/domain/__tests__/operationKpis.spec.ts[2m > [22mextractKpiAlerts[2m > [22mwarning繝ｻcritical 縺ｪ KPI 繧呈歓蜃ｺ縺吶ｋ[32m 1[2mms[22m[39m
 [32m笨・[39m src/features/import/domain/__tests__/parseSupportTemplateCsv.spec.ts[2m > [22mnormalizeTimeSlot[2m > [22mnormalizes "9:30縲・0:30" 竊・"09:30"[32m 4[2mms[22m[39m
 [32m笨・[39m src/features/import/domain/__tests__/parseSupportTemplateCsv.spec.ts[2m > [22mnormalizeTimeSlot[2m > [22mnormalizes "12:40・・3:45" 竊・"12:40"[32m 1[2mms[22m[39m
 [32m笨・[39m src/features/import/domain/__tests__/parseSupportTemplateCsv.spec.ts[2m > [22mnormalizeTimeSlot[2m > [22mnormalizes "9:30鬆・ 竊・"09:30"[32m 1[2mms[22m[39m
 [32m笨・[39m src/features/import/domain/__tests__/parseSupportTemplateCsv.spec.ts[2m > [22mnormalizeTimeSlot[2m > [22mpasses through already normalized "09:30"[32m 1[2mms[22m[39m
 [32m笨・[39m src/features/import/domain/__tests__/parseSupportTemplateCsv.spec.ts[2m > [22mnormalizeTimeSlot[2m > [22mhandles full-width colon "・呻ｼ夲ｼ・" gracefully[32m 1[2mms[22m[39m
 [32m笨・[39m src/features/import/domain/__tests__/parseSupportTemplateCsv.spec.ts[2m > [22mnormalizeTimeSlot[2m > [22mreturns raw string if no time pattern found[32m 1[2mms[22m[39m
 [32m笨・[39m src/features/import/domain/__tests__/parseSupportTemplateCsv.spec.ts[2m > [22mparseSupportTemplateCsv[2m > [22mparses a single valid row into ScheduleItem[32m 6[2mms[22m[39m
 [32m笨・[39m src/features/import/domain/__tests__/parseSupportTemplateCsv.spec.ts[2m > [22mparseSupportTemplateCsv[2m > [22mgroups items by UserCode[32m 3[2mms[22m[39m
 [32m笨・[39m src/features/import/domain/__tests__/parseSupportTemplateCsv.spec.ts[2m > [22mparseSupportTemplateCsv[2m > [22msorts items by time within the same user[32m 1[2mms[22m[39m
 [32m笨・[39m src/features/import/domain/__tests__/parseSupportTemplateCsv.spec.ts[2m > [22mparseSupportTemplateCsv[2m > [22mskips rows with missing UserCode[32m 1[2mms[22m[39m
 [32m笨・[39m src/features/import/domain/__tests__/parseSupportTemplateCsv.spec.ts[2m > [22mparseSupportTemplateCsv[2m > [22mskips rows with missing 譎る俣蟶ｯ[32m 1[2mms[22m[39m
 [32m笨・[39m src/features/import/domain/__tests__/parseSupportTemplateCsv.spec.ts[2m > [22mparseSupportTemplateCsv[2m > [22mskips rows with missing 豢ｻ蜍募・螳ｹ[32m 1[2mms[22m[39m
 [32m笨・[39m src/features/import/domain/__tests__/parseSupportTemplateCsv.spec.ts[2m > [22mparseSupportTemplateCsv[2m > [22muses activity alone when 譛ｬ莠ｺ縺ｮ蜍輔″ is empty[32m 1[2mms[22m[39m
 [32m笨・[39m src/features/import/domain/__tests__/parseSupportTemplateCsv.spec.ts[2m > [22mparseSupportTemplateCsv[2m > [22mhandles empty CSV gracefully[32m 1[2mms[22m[39m
 [32m笨・[39m src/features/handoff/analysis/__tests__/evaluateGoalProgress.spec.ts[2m > [22mevaluateGoalProgress[2m > [22mrevisionLevel 蛻､螳・[2m > [22m蜈ｨ縺ｦ effective 竊・maintain[32m 5[2mms[22m[39m
 [32m笨・[39m src/features/handoff/analysis/__tests__/evaluateGoalProgress.spec.ts[2m > [22mevaluateGoalProgress[2m > [22mrevisionLevel 蛻､螳・[2m > [22m荳驛ｨ partial 竊・adjust[32m 1[2mms[22m[39m
 [32m笨・[39m src/features/handoff/analysis/__tests__/evaluateGoalProgress.spec.ts[2m > [22mevaluateGoalProgress[2m > [22mrevisionLevel 蛻､螳・[2m > [22m螟ｧ蜊・not_effective 竊・revise[32m 1[2mms[22m[39m
 [32m笨・[39m src/features/handoff/analysis/__tests__/evaluateGoalProgress.spec.ts[2m > [22mevaluateGoalProgress[2m > [22mrevisionLevel 蛻､螳・[2m > [22m隧穂ｾ｡鬆・岼縺ｪ縺・竊・revise[32m 1[2mms[22m[39m
 [32m笨・[39m src/features/handoff/analysis/__tests__/evaluateGoalProgress.spec.ts[2m > [22mevaluateGoalProgress[2m > [22mnot_observed 髯､螟・[2m > [22mnot_observed 縺ｯ繧ｹ繧ｳ繧｢險育ｮ励°繧蛾勁螟悶＆繧後ｋ[32m 1[2mms[22m[39m
 [32m笨・[39m src/features/handoff/analysis/__tests__/evaluateGoalProgress.spec.ts[2m > [22mevaluateGoalProgress[2m > [22m繧ｫ繧ｦ繝ｳ繝・[2m > [22meffectiveCount / ineffectiveCount 縺梧ｭ｣縺励＞[32m 1[2mms[22m[39m
 [32m笨・[39m src/features/handoff/analysis/__tests__/evaluateGoalProgress.spec.ts[2m > [22mevaluateGoalProgress[2m > [22mrevisionReason[2m > [22mmaintain 譎ゅ↓逅・罰縺檎函謌舌＆繧後ｋ[32m 1[2mms[22m[39m
 [32m笨・[39m src/features/handoff/analysis/__tests__/evaluateGoalProgress.spec.ts[2m > [22mbuildRevisionDraft[2m > [22m謾ｯ謠ｴ譁ｹ豕輔・謾ｹ螳壽署譯・[2m > [22m蜉ｹ譫懊↑縺・竊・modify 謠先｡・[32m 2[2mms[22m[39m
 [32m笨・[39m src/features/handoff/analysis/__tests__/evaluateGoalProgress.spec.ts[2m > [22mbuildRevisionDraft[2m > [22m謾ｯ謠ｴ譁ｹ豕輔・謾ｹ螳壽署譯・[2m > [22m譛牙柑 竊・keep 謠先｡・[32m 1[2mms[22m[39m
 [32m笨・[39m src/features/handoff/analysis/__tests__/evaluateGoalProgress.spec.ts[2m > [22mbuildRevisionDraft[2m > [22m謾ｯ謠ｴ譁ｹ豕輔・謾ｹ螳壽署譯・[2m > [22m荳驛ｨ譛牙柑 竊・modify・郁ｪｿ謨ｴ・画署譯・[32m 1[2mms[22m[39m
 [32m笨・[39m src/features/handoff/analysis/__tests__/evaluateGoalProgress.spec.ts[2m > [22mbuildRevisionDraft[2m > [22m迺ｰ蠅・ｪｿ謨ｴ縺ｮ蜿肴丐[2m > [22m蜉ｹ譫懊≠繧・竊・keep[32m 1[2mms[22m[39m
 [32m笨・[39m src/features/handoff/analysis/__tests__/evaluateGoalProgress.spec.ts[2m > [22mbuildRevisionDraft[2m > [22m迺ｰ蠅・ｪｿ謨ｴ縺ｮ蜿肴丐[2m > [22m蜉ｹ譫懊↑縺・竊・modify[32m 1[2mms[22m[39m
 [32m笨・[39m src/features/handoff/analysis/__tests__/evaluateGoalProgress.spec.ts[2m > [22mbuildRevisionDraft[2m > [22m霑ｽ險倬・岼[2m > [22mnewTriggers 竊・ﾂｧ3 霑ｽ險・[32m 1[2mms[22m[39m
 [32m笨・[39m src/features/handoff/analysis/__tests__/evaluateGoalProgress.spec.ts[2m > [22mbuildRevisionDraft[2m > [22m霑ｽ險倬・岼[2m > [22mdifficultiesObserved 竊・ﾂｧ2 霑ｽ險・[32m 1[2mms[22m[39m
 [32m笨・[39m src/features/handoff/analysis/__tests__/evaluateGoalProgress.spec.ts[2m > [22mbuildRevisionDraft[2m > [22m霑ｽ險倬・岼[2m > [22mmedicalSafetyNotes 竊・ﾂｧ8 霑ｽ險・[32m 1[2mms[22m[39m
 [32m笨・[39m src/features/handoff/analysis/__tests__/evaluateGoalProgress.spec.ts[2m > [22mbuildRevisionDraft[2m > [22m繝｢繝九ち繝ｪ繝ｳ繧ｰ謖・ｨ呵ｦ狗峩縺・[2m > [22m譛ｪ隕ｳ蟇溽紫30%莉･荳・竊・ﾂｧ9 謖・ｨ呵ｦ狗峩縺玲署譯・[32m 1[2mms[22m[39m
 [32m笨・[39m src/features/handoff/analysis/__tests__/evaluateGoalProgress.spec.ts[2m > [22mbuildRevisionDraft[2m > [22m繝｡繧ｿ諠・ｱ[2m > [22muserId, planningSheetId, monitoringPeriod 縺梧ｭ｣縺励＞[32m 1[2mms[22m[39m
 [32m笨・[39m src/features/handoff/analysis/__tests__/evaluateGoalProgress.spec.ts[2m > [22mbuildRevisionDraft[2m > [22m繝｡繧ｿ諠・ｱ[2m > [22mgeneratedAt 縺瑚ｨｭ螳壹＆繧後ｋ[32m 1[2mms[22m[39m
 [32m笨・[39m src/features/handoff/analysis/__tests__/evaluateGoalProgress.spec.ts[2m > [22mbuildRevisionDraft[2m > [22msummary[2m > [22mrevisionLevel 縺ｫ蠢懊§縺溘し繝槭Μ繝ｼ縺檎函謌舌＆繧後ｋ[32m 1[2mms[22m[39m
 [32m笨・[39m src/lib/hashUtil.spec.ts[2m > [22mcanonicalJSONStringify[2m > [22mproduces same string for different key orders[32m 7[2mms[22m[39m
 [32m笨・[39m src/lib/hashUtil.spec.ts[2m > [22mcanonicalJSONStringify[2m > [22mdistinguishes different values[32m 1[2mms[22m[39m
 [32m笨・[39m src/lib/hashUtil.spec.ts[2m > [22mcanonicalJSONStringify[2m > [22mis stable with arrays (order matters inside arrays)[32m 1[2mms[22m[39m
 [32m笨・[39m src/lib/hashUtil.spec.ts[2m > [22mcomputeEntryHash[2m > [22msame logical payload yields same hash regardless of key order[32m 44[2mms[22m[39m
 [32m笨・[39m src/lib/hashUtil.spec.ts[2m > [22mcomputeEntryHash[2m > [22mdifferent payload yields different hash[32m 1[2mms[22m[39m
 [32m笨・[39m src/lib/hashUtil.spec.ts[2m > [22msha256Hex DI[2m > [22muses injectedSubtle when provided[32m 2[2mms[22m[39m
 [32m笨・[39m src/infra/localStorage/__tests__/localComplianceRepository.spec.ts[2m > [22mlocalCommitteeRepository[2m > [22msaves and retrieves a record[32m 6[2mms[22m[39m
 [32m笨・[39m src/infra/localStorage/__tests__/localComplianceRepository.spec.ts[2m > [22mlocalCommitteeRepository[2m > [22mgenerates id when empty[32m 2[2mms[22m[39m
 [32m笨・[39m src/infra/localStorage/__tests__/localComplianceRepository.spec.ts[2m > [22mlocalCommitteeRepository[2m > [22mupdates existing record[32m 2[2mms[22m[39m
 [32m笨・[39m src/infra/localStorage/__tests__/localComplianceRepository.spec.ts[2m > [22mlocalCommitteeRepository[2m > [22mgetAll returns all records[32m 1[2mms[22m[39m
 [32m笨・[39m src/infra/localStorage/__tests__/localComplianceRepository.spec.ts[2m > [22mlocalCommitteeRepository[2m > [22mdelete removes a record[32m 1[2mms[22m[39m
 [32m笨・[39m src/infra/localStorage/__tests__/localComplianceRepository.spec.ts[2m > [22mlocalCommitteeRepository[2m > [22mgetById returns null for non-existent[32m 1[2mms[22m[39m
 [32m笨・[39m src/infra/localStorage/__tests__/localComplianceRepository.spec.ts[2m > [22mlocalGuidelineRepository[2m > [22msaves and retrieves a version[32m 1[2mms[22m[39m
 [32m笨・[39m src/infra/localStorage/__tests__/localComplianceRepository.spec.ts[2m > [22mlocalGuidelineRepository[2m > [22mgetCurrent returns the active version[32m 1[2mms[22m[39m
 [32m笨・[39m src/infra/localStorage/__tests__/localComplianceRepository.spec.ts[2m > [22mlocalGuidelineRepository[2m > [22mgetCurrent returns null when no active version[32m 1[2mms[22m[39m
 [32m笨・[39m src/infra/localStorage/__tests__/localComplianceRepository.spec.ts[2m > [22mlocalGuidelineRepository[2m > [22mupdateStatus changes the status[32m 1[2mms[22m[39m
 [32m笨・[39m src/infra/localStorage/__tests__/localComplianceRepository.spec.ts[2m > [22mlocalGuidelineRepository[2m > [22mupdateStatus returns null for non-existent[32m 1[2mms[22m[39m
 [32m笨・[39m src/infra/localStorage/__tests__/localComplianceRepository.spec.ts[2m > [22mlocalGuidelineRepository[2m > [22mdelete removes a version[32m 1[2mms[22m[39m
 [32m笨・[39m src/infra/localStorage/__tests__/localComplianceRepository.spec.ts[2m > [22mlocalTrainingRepository[2m > [22msaves and retrieves a record[32m 3[2mms[22m[39m
 [32m笨・[39m src/infra/localStorage/__tests__/localComplianceRepository.spec.ts[2m > [22mlocalTrainingRepository[2m > [22mgenerates id when empty[32m 1[2mms[22m[39m
 [32m笨・[39m src/infra/localStorage/__tests__/localComplianceRepository.spec.ts[2m > [22mlocalTrainingRepository[2m > [22mupdateStatus changes the status[32m 1[2mms[22m[39m
 [32m笨・[39m src/infra/localStorage/__tests__/localComplianceRepository.spec.ts[2m > [22mlocalTrainingRepository[2m > [22mupdateStatus returns null for non-existent[32m 1[2mms[22m[39m
 [32m笨・[39m src/infra/localStorage/__tests__/localComplianceRepository.spec.ts[2m > [22mlocalTrainingRepository[2m > [22mdelete removes a record[32m 1[2mms[22m[39m
 [32m笨・[39m src/infra/localStorage/__tests__/localComplianceRepository.spec.ts[2m > [22mlocalTrainingRepository[2m > [22mgetAll returns all records[32m 1[2mms[22m[39m
 [32m笨・[39m src/features/schedules/domain/validation/__tests__/scheduleAutofillRules.spec.ts[2m > [22mcomputeAutofill[2m > [22mRule 1: navigation hint[2m > [22msets category=User when source=ops[32m 5[2mms[22m[39m
 [32m笨・[39m src/features/schedules/domain/validation/__tests__/scheduleAutofillRules.spec.ts[2m > [22mcomputeAutofill[2m > [22mRule 1: navigation hint[2m > [22msets category=User when source=today[32m 1[2mms[22m[39m
 [32m笨・[39m src/features/schedules/domain/validation/__tests__/scheduleAutofillRules.spec.ts[2m > [22mcomputeAutofill[2m > [22mRule 1: navigation hint[2m > [22mdoes not set category when source is undefined[32m 1[2mms[22m[39m
 [32m笨・[39m src/features/schedules/domain/validation/__tests__/scheduleAutofillRules.spec.ts[2m > [22mcomputeAutofill[2m > [22mRule 2: same timeslot[2m > [22msets category from matching timeslot items[32m 1[2mms[22m[39m
 [32m笨・[39m src/features/schedules/domain/validation/__tests__/scheduleAutofillRules.spec.ts[2m > [22mcomputeAutofill[2m > [22mRule 2: same timeslot[2m > [22msets serviceType from matching timeslot items[32m 1[2mms[22m[39m
 [32m笨・[39m src/features/schedules/domain/validation/__tests__/scheduleAutofillRules.spec.ts[2m > [22mcomputeAutofill[2m > [22mRule 2: same timeslot[2m > [22mdoes not match items with very different time slots[32m 1[2mms[22m[39m
 [32m笨・[39m src/features/schedules/domain/validation/__tests__/scheduleAutofillRules.spec.ts[2m > [22mcomputeAutofill[2m > [22mRule 2: same timeslot[2m > [22mskips when targetStartTime is not provided[32m 2[2mms[22m[39m
 [32m笨・[39m src/features/schedules/domain/validation/__tests__/scheduleAutofillRules.spec.ts[2m > [22mcomputeAutofill[2m > [22mRule 3: same user[2m > [22msets serviceType from most recent user schedule[32m 2[2mms[22m[39m
 [32m笨・[39m src/features/schedules/domain/validation/__tests__/scheduleAutofillRules.spec.ts[2m > [22mcomputeAutofill[2m > [22mRule 3: same user[2m > [22msets assignedStaffId from most recent user schedule[32m 1[2mms[22m[39m
 [32m笨・[39m src/features/schedules/domain/validation/__tests__/scheduleAutofillRules.spec.ts[2m > [22mcomputeAutofill[2m > [22mRule 3: same user[2m > [22msets locationName from most recent user schedule[32m 1[2mms[22m[39m
 [32m笨・[39m src/features/schedules/domain/validation/__tests__/scheduleAutofillRules.spec.ts[2m > [22mcomputeAutofill[2m > [22mRule 3: same user[2m > [22mdoes not override serviceType already set by a higher-priority rule[32m 1[2mms[22m[39m
 [32m笨・[39m src/features/schedules/domain/validation/__tests__/scheduleAutofillRules.spec.ts[2m > [22mcomputeAutofill[2m > [22mRule 3: same user[2m > [22mskips when userId is not provided[32m 1[2mms[22m[39m
 [32m笨・[39m src/features/schedules/domain/validation/__tests__/scheduleAutofillRules.spec.ts[2m > [22mcomputeAutofill[2m > [22mRule 4: same weekday[2m > [22msets serviceType from same weekday frequency[32m 1[2mms[22m[39m
 [32m笨・[39m src/features/schedules/domain/validation/__tests__/scheduleAutofillRules.spec.ts[2m > [22mcomputeAutofill[2m > [22mRule 4: same weekday[2m > [22mneeds at least 2 same-weekday items[32m 1[2mms[22m[39m
 [32m笨・[39m src/features/schedules/domain/validation/__tests__/scheduleAutofillRules.spec.ts[2m > [22mcomputeAutofill[2m > [22mpriority: first-writer-wins[2m > [22mnavigation hint category beats same-timeslot category[32m 1[2mms[22m[39m
 [32m笨・[39m src/features/schedules/domain/validation/__tests__/scheduleAutofillRules.spec.ts[2m > [22mcomputeAutofill[2m > [22mempty / no data[2m > [22mreturns empty override when no items and no source[32m 1[2mms[22m[39m
 [32m笨・[39m src/features/schedules/infra/scheduleSpUtils.spec.ts[2m > [22mscheduleSpUtils[2m > [22muses Schedules-safe fields by default[32m 18[2mms[22m[39m
 [32m笨・[39m src/features/schedules/infra/scheduleSpUtils.spec.ts[2m > [22mscheduleSpUtils[2m > [22muses ScheduleEvents-compatible fields when list title is ScheduleEvents[32m 4[2mms[22m[39m
 [32m笨・[39m src/features/schedules/infra/scheduleSpUtils.spec.ts[2m > [22mscheduleSpUtils[2m > [22mencodes datetime literal as UTC with trailing Z and no milliseconds[32m 4[2mms[22m[39m
 [32m笨・[39m src/domain/metrics/__tests__/knowledgeDataAdapter.spec.ts[2m > [22madaptEvidenceLinks[2m > [22m遨ｺ繝槭ャ繝励・遨ｺ驟榊・繧定ｿ斐☆[32m 5[2mms[22m[39m
 [32m笨・[39m src/domain/metrics/__tests__/knowledgeDataAdapter.spec.ts[2m > [22madaptEvidenceLinks[2m > [22m蜈ｨ繧ｻ繧ｯ繧ｷ繝ｧ繝ｳ縺ｮ繝ｪ繝ｳ繧ｯ繧偵ヵ繝ｩ繝・ヨ縺ｫ螻暮幕縺吶ｋ[32m 3[2mms[22m[39m
 [32m笨・[39m src/domain/metrics/__tests__/knowledgeDataAdapter.spec.ts[2m > [22madaptEvidenceLinks[2m > [22m隍・焚繧ｷ繝ｼ繝医ｒ邨仙粋縺吶ｋ[32m 3[2mms[22m[39m
 [32m笨・[39m src/domain/metrics/__tests__/knowledgeDataAdapter.spec.ts[2m > [22madaptEvidenceLinks[2m > [22m繧ｻ繧ｯ繧ｷ繝ｧ繝ｳ縺檎ｩｺ縺ｮ繧ｷ繝ｼ繝医・繧ｹ繧ｭ繝・・縺吶ｋ[32m 1[2mms[22m[39m
 [32m笨・[39m src/domain/metrics/__tests__/knowledgeDataAdapter.spec.ts[2m > [22madaptSuggestionActionsToDecisionRecords[2m > [22m遨ｺ驟榊・縺ｯ遨ｺ繧定ｿ斐☆[32m 1[2mms[22m[39m
 [32m笨・[39m src/domain/metrics/__tests__/knowledgeDataAdapter.spec.ts[2m > [22madaptSuggestionActionsToDecisionRecords[2m > [22maccept 竊・accepted 縺ｫ螟画鋤縺吶ｋ[32m 1[2mms[22m[39m
 [32m笨・[39m src/domain/metrics/__tests__/knowledgeDataAdapter.spec.ts[2m > [22madaptSuggestionActionsToDecisionRecords[2m > [22mdismiss 竊・dismissed 縺ｫ螟画鋤縺吶ｋ[32m 1[2mms[22m[39m
 [32m笨・[39m src/domain/metrics/__tests__/knowledgeDataAdapter.spec.ts[2m > [22madaptSuggestionActionsToDecisionRecords[2m > [22mrulePrefix 繧・ruleId 縺九ｉ謚ｽ蜃ｺ縺吶ｋ[32m 1[2mms[22m[39m
 [32m笨・[39m src/domain/metrics/__tests__/knowledgeDataAdapter.spec.ts[2m > [22madaptSuggestionActionsToDecisionRecords[2m > [22msource 繧・ruleId 縺九ｉ謗ｨ螳壹☆繧・[32m 1[2mms[22m[39m
 [32m笨・[39m src/domain/metrics/__tests__/knowledgeDataAdapter.spec.ts[2m > [22madaptSuggestionActionsToDecisionRecords[2m > [22mdecidedAt 縺ｫ timestamp 縺瑚ｨｭ螳壹＆繧後ｋ[32m 1[2mms[22m[39m
 [32m笨・[39m src/domain/metrics/__tests__/knowledgeDataAdapter.spec.ts[2m > [22madaptSuggestionActionsToDecisionRecords[2m > [22mid 縺後Θ繝九・繧ｯ縺ｫ縺ｪ繧・[32m 1[2mms[22m[39m
 [32m笨・[39m src/domain/metrics/__tests__/knowledgeDataAdapter.spec.ts[2m > [22mextractPlanningSheetIds[2m > [22m遨ｺ繝槭ャ繝励・遨ｺ驟榊・[32m 1[2mms[22m[39m
 [32m笨・[39m src/domain/metrics/__tests__/knowledgeDataAdapter.spec.ts[2m > [22mextractPlanningSheetIds[2m > [22m蜈ｨ繧ｭ繝ｼ繧定ｿ斐☆[32m 1[2mms[22m[39m
 [32m笨・[39m src/domain/metrics/__tests__/knowledgeDataAdapter.spec.ts[2m > [22mintegration with computeKnowledgeMetrics[2m > [22m螟画鋤邨先棡繧・computeKnowledgeMetrics 縺ｫ逶ｴ謗･貂｡縺帙ｋ[32m 7[2mms[22m[39m
 [32m笨・[39m src/features/today/domain/__tests__/actionQueuePriority.spec.ts[2m > [22mscoreActionQueueItem[2m > [22m繝輔ぃ繧ｯ繧ｿ繝ｼ縺ｪ縺励↑繧・base priority 縺ｨ荳閾ｴ縺吶ｋ[32m 4[2mms[22m[39m
 [32m笨・[39m src/features/today/domain/__tests__/actionQueuePriority.spec.ts[2m > [22mscoreActionQueueItem[2m > [22mcritical-handoff 繝輔ぃ繧ｯ繧ｿ繝ｼ縺ｯ +50 縺輔ｌ繧・[32m 1[2mms[22m[39m
 [32m笨・[39m src/features/today/domain/__tests__/actionQueuePriority.spec.ts[2m > [22mscoreActionQueueItem[2m > [22m隍・焚繝輔ぃ繧ｯ繧ｿ繝ｼ縺ｯ蜷育ｮ励＆繧後ｋ[32m 1[2mms[22m[39m
 [32m笨・[39m src/features/today/domain/__tests__/actionQueuePriority.spec.ts[2m > [22mscoreActionQueueItem[2m > [22mdefault 繝輔ぃ繧ｯ繧ｿ繝ｼ縺ｯ繧ｹ繧ｳ繧｢縺ｫ蠖ｱ髻ｿ縺励↑縺・[32m 1[2mms[22m[39m
 [32m笨・[39m src/features/today/domain/__tests__/actionQueuePriority.spec.ts[2m > [22mbuildPriorityReasonLabel[2m > [22m繝輔ぃ繧ｯ繧ｿ繝ｼ縺ｪ縺・or default 縺ｮ縺ｿ縺ｪ繧臥ｩｺ譁・ｭ励ｒ霑斐☆[32m 1[2mms[22m[39m
 [32m笨・[39m src/features/today/domain/__tests__/actionQueuePriority.spec.ts[2m > [22mbuildPriorityReasonLabel[2m > [22mcritical-handoff 縺後≠繧後・譛蜆ｪ蜈医〒陦ｨ遉ｺ[32m 1[2mms[22m[39m
 [32m笨・[39m src/features/today/domain/__tests__/actionQueuePriority.spec.ts[2m > [22mbuildPriorityReasonLabel[2m > [22moverdue 縺ｯ critical-handoff 縺ｮ谺｡縺ｫ蜆ｪ蜈・[32m 1[2mms[22m[39m
 [32m笨・[39m src/features/today/domain/__tests__/actionQueuePriority.spec.ts[2m > [22mbuildPriorityReasonLabel[2m > [22mhigh-intensity-support 縺ｯ missing-record 繧医ｊ蜆ｪ蜈・[32m 1[2mms[22m[39m
 [32m笨・[39m src/features/today/domain/__tests__/actionQueuePriority.spec.ts[2m > [22mbuildPriorityReasonLabel[2m > [22mmissing-record 縺ｮ縺ｿ[32m 1[2mms[22m[39m
 [32m笨・[39m src/features/today/domain/__tests__/actionQueuePriority.spec.ts[2m > [22mbuildPriorityReasonLabel[2m > [22mmissing-plan 縺ｮ縺ｿ[32m 1[2mms[22m[39m
 [32m笨・[39m src/features/today/domain/__tests__/actionQueuePriority.spec.ts[2m > [22msortActionQueueItems[2m > [22mcompositeScore 縺碁ｫ倥＞繧ｿ繧ｹ繧ｯ縺悟・鬆ｭ縺ｫ譚･繧・[32m 1[2mms[22m[39m
 [32m笨・[39m src/features/today/domain/__tests__/actionQueuePriority.spec.ts[2m > [22msortActionQueueItems[2m > [22m蜷後せ繧ｳ繧｢縺ｪ繧・dueTime 譏・・[32m 2[2mms[22m[39m
 [32m笨・[39m src/features/today/domain/__tests__/actionQueuePriority.spec.ts[2m > [22msortActionQueueItems[2m > [22mpriorityReasonLabel 縺御ｻ倅ｸ弱＆繧後ｋ[32m 1[2mms[22m[39m
 [32m笨・[39m src/features/today/domain/__tests__/actionQueuePriority.spec.ts[2m > [22msortActionQueueItems[2m > [22m遨ｺ驟榊・繧呈ｸ｡縺励※繧らｩｺ驟榊・縺瑚ｿ斐ｋ[32m 2[2mms[22m[39m
 [32m笨・[39m src/features/today/domain/__tests__/actionQueuePriority.spec.ts[2m > [22mbuildScoredQueueCategories[2m > [22m3繧ｫ繝・ざ繝ｪ繧定ｿ斐☆[32m 2[2mms[22m[39m
 [32m笨・[39m src/features/today/domain/__tests__/actionQueuePriority.spec.ts[2m > [22mbuildScoredQueueCategories[2m > [22m螳御ｺ・ｸ医∩繧ｿ繧ｹ繧ｯ縺ｯ繧ｫ繧ｦ繝ｳ繝医↓蜷ｫ縺ｾ繧後↑縺・[32m 1[2mms[22m[39m
 [32m笨・[39m src/features/today/domain/__tests__/actionQueuePriority.spec.ts[2m > [22mbuildScoredQueueCategories[2m > [22munrecorded 縺ｫ count 縺ｨ繝ｩ繝吶Ν縺悟・繧・[32m 1[2mms[22m[39m
 [32m笨・[39m src/features/today/domain/__tests__/actionQueuePriority.spec.ts[2m > [22mbuildScoredQueueCategories[2m > [22mhandoff 縺ｫ驥崎ｦ∫筏縺鈴√ｊ繝ｩ繝吶Ν縺悟・繧・[32m 1[2mms[22m[39m
 [32m笨・[39m src/features/today/domain/__tests__/inferTodayStatusSummary.spec.ts[2m > [22minferTodayStatusSummary[2m > [22mreturns good when everything is progressing well[32m 5[2mms[22m[39m
 [32m笨・[39m src/features/today/domain/__tests__/inferTodayStatusSummary.spec.ts[2m > [22minferTodayStatusSummary[2m > [22mreturns good with "螳御ｺ・ when all records done[32m 1[2mms[22m[39m
 [32m笨・[39m src/features/today/domain/__tests__/inferTodayStatusSummary.spec.ts[2m > [22minferTodayStatusSummary[2m > [22mincludes attendance in good message[32m 1[2mms[22m[39m
 [32m笨・[39m src/features/today/domain/__tests__/inferTodayStatusSummary.spec.ts[2m > [22minferTodayStatusSummary[2m > [22mreturns warning when record completion < 50%[32m 1[2mms[22m[39m
 [32m笨・[39m src/features/today/domain/__tests__/inferTodayStatusSummary.spec.ts[2m > [22minferTodayStatusSummary[2m > [22mreturns warning when case record completion < 50%[32m 1[2mms[22m[39m
 [32m笨・[39m src/features/today/domain/__tests__/inferTodayStatusSummary.spec.ts[2m > [22minferTodayStatusSummary[2m > [22mreturns warning when same-day absence exists[32m 1[2mms[22m[39m
 [32m笨・[39m src/features/today/domain/__tests__/inferTodayStatusSummary.spec.ts[2m > [22minferTodayStatusSummary[2m > [22mreturns warning when high exceptions exist[32m 1[2mms[22m[39m
 [32m笨・[39m src/features/today/domain/__tests__/inferTodayStatusSummary.spec.ts[2m > [22minferTodayStatusSummary[2m > [22mreturns warning with hint for remaining records[32m 1[2mms[22m[39m
 [32m笨・[39m src/features/today/domain/__tests__/inferTodayStatusSummary.spec.ts[2m > [22minferTodayStatusSummary[2m > [22mreturns warning when fever count is 1[32m 1[2mms[22m[39m
 [32m笨・[39m src/features/today/domain/__tests__/inferTodayStatusSummary.spec.ts[2m > [22minferTodayStatusSummary[2m > [22mreturns warning when contact count > 2[32m 1[2mms[22m[39m
 [32m笨・[39m src/features/today/domain/__tests__/inferTodayStatusSummary.spec.ts[2m > [22minferTodayStatusSummary[2m > [22mcombines multiple warning reasons[32m 1[2mms[22m[39m
 [32m笨・[39m src/features/today/domain/__tests__/inferTodayStatusSummary.spec.ts[2m > [22minferTodayStatusSummary[2m > [22mreturns critical when critical exceptions exist[32m 1[2mms[22m[39m
 [32m笨・[39m src/features/today/domain/__tests__/inferTodayStatusSummary.spec.ts[2m > [22minferTodayStatusSummary[2m > [22mreturns critical with fever info when both critical exception and fever[32m 1[2mms[22m[39m
 [32m笨・[39m src/features/today/domain/__tests__/inferTodayStatusSummary.spec.ts[2m > [22minferTodayStatusSummary[2m > [22mreturns critical when fever count >= 2[32m 1[2mms[22m[39m
 [32m笨・[39m src/features/today/domain/__tests__/inferTodayStatusSummary.spec.ts[2m > [22minferTodayStatusSummary[2m > [22mcritical takes precedence over warning[32m 1[2mms[22m[39m
 [32m笨・[39m src/features/today/domain/__tests__/inferTodayStatusSummary.spec.ts[2m > [22minferTodayStatusSummary[2m > [22mhandles zero totals gracefully[32m 1[2mms[22m[39m
 [32m笨・[39m src/features/today/domain/__tests__/inferTodayStatusSummary.spec.ts[2m > [22minferTodayStatusSummary[2m > [22mhandles negative computed values gracefully[32m 1[2mms[22m[39m
 [32m笨・[39m src/features/today/domain/__tests__/inferTodayStatusSummary.spec.ts[2m > [22minferTodayStatusSummary[2m > [22mreturns undefined deltaText when delta is not provided[32m 1[2mms[22m[39m
 [32m笨・[39m src/features/today/domain/__tests__/inferTodayStatusSummary.spec.ts[2m > [22minferTodayStatusSummary[2m > [22mreturns undefined deltaText when delta is null[32m 1[2mms[22m[39m
 [32m笨・[39m src/features/today/domain/__tests__/inferTodayStatusSummary.spec.ts[2m > [22minferTodayStatusSummary[2m > [22mreturns undefined deltaText when delta is all zeros[32m 0[2mms[22m[39m
 [32m笨・[39m src/features/today/domain/__tests__/inferTodayStatusSummary.spec.ts[2m > [22minferTodayStatusSummary[2m > [22mreturns deltaText for good level when delta has changes[32m 0[2mms[22m[39m
 [32m笨・[39m src/features/today/domain/__tests__/inferTodayStatusSummary.spec.ts[2m > [22minferTodayStatusSummary[2m > [22mreturns deltaText for warning level when delta has changes[32m 0[2mms[22m[39m
 [32m笨・[39m src/features/today/domain/__tests__/inferTodayStatusSummary.spec.ts[2m > [22minferTodayStatusSummary[2m > [22mreturns deltaText for critical level when delta has changes[32m 0[2mms[22m[39m
 [32m笨・[39m src/features/today/domain/__tests__/inferTodayStatusSummary.spec.ts[2m > [22minferTodayStatusSummary[2m > [22mdoes not break existing level/message when delta is provided[32m 0[2mms[22m[39m
 [32m笨・[39m src/domain/metrics/__tests__/pdcaCycleBuilder.spec.ts[2m > [22mbuildPdcaCycleRecords[2m > [22m謾ｯ謠ｴ髢句ｧ区律縺九ｉ 90 譌･蜊倅ｽ阪〒繧ｵ繧､繧ｯ繝ｫ繧堤函謌舌☆繧・[32m 6[2mms[22m[39m
 [32m笨・[39m src/domain/metrics/__tests__/pdcaCycleBuilder.spec.ts[2m > [22mbuildPdcaCycleRecords[2m > [22mcycleId 縺・userId-cycle-{round} 縺ｫ縺ｪ繧・[32m 1[2mms[22m[39m
 [32m笨・[39m src/domain/metrics/__tests__/pdcaCycleBuilder.spec.ts[2m > [22mbuildPdcaCycleRecords[2m > [22mstartedAt 縺ｨ dueAt 縺・cycleDays 髢馴囈縺ｫ縺ｪ繧・[32m 1[2mms[22m[39m
 [32m笨・[39m src/domain/metrics/__tests__/pdcaCycleBuilder.spec.ts[2m > [22mbuildPdcaCycleRecords[2m > [22mreviewScheduledAt 縺ｯ dueAt 縺ｨ蜷後§[32m 1[2mms[22m[39m
 [32m笨・[39m src/domain/metrics/__tests__/pdcaCycleBuilder.spec.ts[2m > [22mbuildPdcaCycleRecords[2m > [22mproposalAcceptedAt: 繧ｵ繧､繧ｯ繝ｫ譛滄俣蜀・・譛蛻昴・ accept 繧貞叙蠕励☆繧・[32m 1[2mms[22m[39m
 [32m笨・[39m src/domain/metrics/__tests__/pdcaCycleBuilder.spec.ts[2m > [22mbuildPdcaCycleRecords[2m > [22maccept 縺後↑縺・ｴ蜷医・ proposalAcceptedAt 縺・null[32m 1[2mms[22m[39m
 [32m笨・[39m src/domain/metrics/__tests__/pdcaCycleBuilder.spec.ts[2m > [22mbuildPdcaCycleRecords[2m > [22mmonitoringCompletions 縺ｨ planUpdateDates 繧呈ｭ｣縺励￥蜿肴丐縺吶ｋ[32m 1[2mms[22m[39m
 [32m笨・[39m src/domain/metrics/__tests__/pdcaCycleBuilder.spec.ts[2m > [22mbuildPdcaCycleRecords[2m > [22mmaxRounds 譛ｪ謖・ｮ壽凾縺ｯ today 縺ｾ縺ｧ縺ｮ繧ｵ繧､繧ｯ繝ｫ謨ｰ繧定・蜍慕ｮ怜・縺吶ｋ[32m 1[2mms[22m[39m
 [32m笨・[39m src/domain/metrics/__tests__/pdcaCycleBuilder.spec.ts[2m > [22mbuildPdcaCycleRecords[2m > [22mcycleDays 繧ｫ繧ｹ繧ｿ繝蛟､縺悟渚譏縺輔ｌ繧・[32m 1[2mms[22m[39m
 [32m笨・[39m src/domain/metrics/__tests__/pdcaCycleBuilder.spec.ts[2m > [22mbuildAllPdcaCycleRecords[2m > [22m遨ｺ驟榊・縺ｯ遨ｺ繧定ｿ斐☆[32m 2[2mms[22m[39m
 [32m笨・[39m src/domain/metrics/__tests__/pdcaCycleBuilder.spec.ts[2m > [22mbuildAllPdcaCycleRecords[2m > [22m隍・焚蛻ｩ逕ｨ閠・・繧偵ヵ繝ｩ繝・ヨ縺ｫ讒狗ｯ峨☆繧・[32m 1[2mms[22m[39m
 [32m笨・[39m src/domain/metrics/__tests__/pdcaCycleBuilder.spec.ts[2m > [22mintegration with computePdcaCycleMetrics[2m > [22m讒狗ｯ臥ｵ先棡繧堤峩謗･ computePdcaCycleMetrics 縺ｫ貂｡縺帙ｋ[32m 7[2mms[22m[39m
 [32m笨・[39m src/features/monitoring/domain/ispRecommendationDecisionUtils.spec.ts[2m > [22mcreateRecommendationSnapshot[2m > [22m謠先｡医°繧峨せ繝翫ャ繝励す繝ｧ繝・ヨ繧呈ｭ｣縺励￥蛻・ｊ蜃ｺ縺帙ｋ[32m 6[2mms[22m[39m
 [32m笨・[39m src/features/monitoring/domain/ispRecommendationDecisionUtils.spec.ts[2m > [22mcreateRecommendationSnapshot[2m > [22m謠先｡医・ evidence 縺ｨ snapshot 縺ｯ迢ｬ遶九＠縺ｦ縺・ｋ・亥盾辣ｧ繧貞・譛峨＠縺ｪ縺・ｼ・[32m 2[2mms[22m[39m
 [32m笨・[39m src/features/monitoring/domain/ispRecommendationDecisionUtils.spec.ts[2m > [22mcreateDecisionRecord[2m > [22m蛻､譁ｭ繝ｬ繧ｳ繝ｼ繝峨ｒ豁｣縺励￥逕滓・縺ｧ縺阪ｋ[32m 1[2mms[22m[39m
 [32m笨・[39m src/features/monitoring/domain/ispRecommendationDecisionUtils.spec.ts[2m > [22mcreateDecisionRecord[2m > [22mnote繧堤怐逡･縺吶ｋ縺ｨ繝・ヵ繧ｩ繝ｫ繝育ｩｺ譁・ｭ励↓縺ｪ繧・[32m 1[2mms[22m[39m
 [32m笨・[39m src/features/monitoring/domain/ispRecommendationDecisionUtils.spec.ts[2m > [22mbuildDecisionSummary[2m > [22m蛻､譁ｭ縺後↑縺・ｴ蜷医∝・逶ｮ讓吶′ pending 縺ｫ縺ｪ繧・[32m 1[2mms[22m[39m
 [32m笨・[39m src/features/monitoring/domain/ispRecommendationDecisionUtils.spec.ts[2m > [22mbuildDecisionSummary[2m > [22m蜈ｨ逶ｮ讓吶↓蛻､譁ｭ縺後≠繧後・ pending 縺・0 縺ｫ縺ｪ繧・[32m 1[2mms[22m[39m
 [32m笨・[39m src/features/monitoring/domain/ispRecommendationDecisionUtils.spec.ts[2m > [22mbuildDecisionSummary[2m > [22m蜷後§逶ｮ讓吶↓隍・焚蛻､譁ｭ縺後≠繧句ｴ蜷医∵怙譁ｰ縺ｮ蛻､譁ｭ繧呈治逕ｨ縺吶ｋ[32m 1[2mms[22m[39m
 [32m笨・[39m src/features/monitoring/domain/ispRecommendationDecisionUtils.spec.ts[2m > [22mbuildDecisionSummary[2m > [22m譛邨よ峩譁ｰ縺ｮ譌･譎ゅ→蛻､譁ｭ閠・ｒ豁｣縺励￥霑斐☆[32m 1[2mms[22m[39m
 [32m笨・[39m src/features/monitoring/domain/ispRecommendationDecisionUtils.spec.ts[2m > [22mbuildDecisionSummary[2m > [22m荳驛ｨ縺ｮ逶ｮ讓吶・縺ｿ蛻､譁ｭ縺後≠繧句ｴ蜷医・豺ｷ蜷医こ繝ｼ繧ｹ[32m 1[2mms[22m[39m
 [32m笨・[39m src/features/monitoring/domain/ispRecommendationDecisionUtils.spec.ts[2m > [22mbuildGoalDecisionHistories[2m > [22mgoalId 縺斐→縺ｫ繧ｰ繝ｫ繝ｼ繝斐Φ繧ｰ縺輔ｌ繧・[32m 3[2mms[22m[39m
 [32m笨・[39m src/features/monitoring/domain/ispRecommendationDecisionUtils.spec.ts[2m > [22mbuildGoalDecisionHistories[2m > [22mgoalNames 縺梧ｸ｡縺輔ｌ繧後・ goalName 縺瑚ｨｭ螳壹＆繧後ｋ[32m 1[2mms[22m[39m
 [32m笨・[39m src/features/monitoring/domain/ispRecommendationDecisionUtils.spec.ts[2m > [22mbuildGoalDecisionHistories[2m > [22m遨ｺ驟榊・縺ｪ繧臥ｩｺ驟榊・繧定ｿ斐☆[32m 1[2mms[22m[39m
 [32m笨・[39m src/features/monitoring/domain/ispRecommendationDecisionUtils.spec.ts[2m > [22mresolveCurrentDecisionStatus[2m > [22m蛻､譁ｭ縺後↑縺代ｌ縺ｰ蜈ｨ逶ｮ讓吶′ pending 縺ｫ縺ｪ繧・[32m 1[2mms[22m[39m
 [32m笨・[39m src/features/monitoring/domain/ispRecommendationDecisionUtils.spec.ts[2m > [22mresolveCurrentDecisionStatus[2m > [22m蛻､譁ｭ縺後≠繧狗岼讓吶・縺昴・繧ｹ繝・・繧ｿ繧ｹ繧定ｿ斐☆[32m 1[2mms[22m[39m
 [32m笨・[39m src/features/monitoring/domain/ispRecommendationDecisionUtils.spec.ts[2m > [22mresolveCurrentDecisionStatus[2m > [22m蜷後§逶ｮ讓吶・隍・焚蛻､譁ｭ縺ｯ譛譁ｰ繧呈治逕ｨ[32m 1[2mms[22m[39m
 [32m笨・[39m src/features/monitoring/domain/ispRecommendationDecisionUtils.spec.ts[2m > [22mcalculateDecisionCompletionRate[2m > [22m蜈ｨ逶ｮ讓吝愛譁ｭ貂医∩縺ｪ繧・100%[32m 1[2mms[22m[39m
 [32m笨・[39m src/features/monitoring/domain/ispRecommendationDecisionUtils.spec.ts[2m > [22mcalculateDecisionCompletionRate[2m > [22m蜊雁・蛻､譁ｭ貂医∩縺ｪ繧臥ｴ・0%[32m 1[2mms[22m[39m
 [32m笨・[39m src/features/monitoring/domain/ispRecommendationDecisionUtils.spec.ts[2m > [22mcalculateDecisionCompletionRate[2m > [22m蛻､譁ｭ縺・莉ｶ縺ｪ繧牙・縺ｦ pending 竊・actionable=0 竊・100%・域桃菴懊↑縺怜ｮ御ｺ・ｼ・[32m 1[2mms[22m[39m
 [32m笨・[39m src/features/monitoring/domain/ispRecommendationDecisionUtils.spec.ts[2m > [22mcalculateDecisionCompletionRate[2m > [22m逶ｮ讓・莉ｶ縺ｪ繧・100%[32m 1[2mms[22m[39m
 [32m笨・[39m src/features/ibd/analysis/__tests__/icebergPlanningSheetLink.spec.ts[2m > [22m6-A: IcebergSession planningSheetId[2m > [22mIcebergSession accepts planningSheetId[32m 4[2mms[22m[39m
 [32m笨・[39m src/features/ibd/analysis/__tests__/icebergPlanningSheetLink.spec.ts[2m > [22m6-A: IcebergSession planningSheetId[2m > [22mIcebergSession allows planningSheetId to be undefined (backward compat)[32m 1[2mms[22m[39m
 [32m笨・[39m src/features/ibd/analysis/__tests__/icebergPlanningSheetLink.spec.ts[2m > [22m6-A: icebergSnapshotSchema planningSheetId[2m > [22maccepts snapshot with planningSheetId[32m 3[2mms[22m[39m
 [32m笨・[39m src/features/ibd/analysis/__tests__/icebergPlanningSheetLink.spec.ts[2m > [22m6-A: icebergSnapshotSchema planningSheetId[2m > [22maccepts snapshot without planningSheetId (backward compat)[32m 1[2mms[22m[39m
 [32m笨・[39m src/features/ibd/analysis/__tests__/icebergPlanningSheetLink.spec.ts[2m > [22m6-A: icebergSnapshotSchema planningSheetId[2m > [22mrejects empty string planningSheetId[32m 2[2mms[22m[39m
 [32m笨・[39m src/features/ibd/analysis/__tests__/icebergPlanningSheetLink.spec.ts[2m > [22m6-A: icebergSnapshotSchema planningSheetId[2m > [22maccepts snapshot with both userId and planningSheetId[32m 1[2mms[22m[39m
 [32m笨・[39m src/features/ibd/analysis/__tests__/icebergPlanningSheetLink.spec.ts[2m > [22m6-A: icebergSnapshotSchema planningSheetId[2m > [22mround-trips planningSheetId through parse[32m 1[2mms[22m[39m
 [32m笨・[39m src/features/ibd/analysis/__tests__/icebergPlanningSheetLink.spec.ts[2m > [22m6-B: IcebergPdcaItem planningSheetId[2m > [22mIcebergPdcaItem accepts planningSheetId[32m 1[2mms[22m[39m
 [32m笨・[39m src/features/ibd/analysis/__tests__/icebergPlanningSheetLink.spec.ts[2m > [22m6-B: IcebergPdcaItem planningSheetId[2m > [22mIcebergPdcaItem allows planningSheetId to be undefined[32m 1[2mms[22m[39m
 [32m笨・[39m src/features/ibd/analysis/__tests__/icebergPlanningSheetLink.spec.ts[2m > [22m6-B: CreatePdcaInput planningSheetId[2m > [22maccepts planningSheetId[32m 1[2mms[22m[39m
 [32m笨・[39m src/features/ibd/analysis/__tests__/icebergPlanningSheetLink.spec.ts[2m > [22m6-B: CreatePdcaInput planningSheetId[2m > [22mworks without planningSheetId[32m 1[2mms[22m[39m
 [32m笨・[39m src/features/ibd/analysis/__tests__/icebergPlanningSheetLink.spec.ts[2m > [22m6-B: UpdatePdcaInput planningSheetId[2m > [22maccepts planningSheetId[32m 1[2mms[22m[39m
 [32m笨・[39m src/features/ibd/analysis/__tests__/icebergPlanningSheetLink.spec.ts[2m > [22m6-B: PdcaListQuery planningSheetId[2m > [22maccepts planningSheetId for filtering[32m 1[2mms[22m[39m
 [32m笨・[39m src/features/ibd/analysis/__tests__/icebergPlanningSheetLink.spec.ts[2m > [22m6-B: PdcaListQuery planningSheetId[2m > [22mworks with only userId (backward compat)[32m 1[2mms[22m[39m
 [32m笨・[39m src/features/ibd/analysis/__tests__/icebergPlanningSheetLink.spec.ts[2m > [22m6-C: SupportPlanBundle extensions[2m > [22maccepts icebergCountBySheet[32m 1[2mms[22m[39m
 [32m笨・[39m src/features/ibd/analysis/__tests__/icebergPlanningSheetLink.spec.ts[2m > [22m6-C: SupportPlanBundle extensions[2m > [22maccepts latestMonitoring[32m 1[2mms[22m[39m
 [32m笨・[39m src/features/ibd/analysis/__tests__/icebergPlanningSheetLink.spec.ts[2m > [22m6-C: SupportPlanBundle extensions[2m > [22maccepts latestMonitoring as null[32m 1[2mms[22m[39m
 [32m笨・[39m src/features/ibd/analysis/__tests__/icebergPlanningSheetLink.spec.ts[2m > [22m6-C: SupportPlanBundle extensions[2m > [22maccepts empty icebergCountBySheet[32m 2[2mms[22m[39m
 [32m笨・[39m src/features/ibd/analysis/__tests__/icebergPlanningSheetLink.spec.ts[2m > [22m6-C: SupportPlanBundle extensions[2m > [22mall new fields are optional (backward compat)[32m 1[2mms[22m[39m
 [32m笨・[39m src/features/today/domain/__tests__/triageUserRows.spec.ts[2m > [22mcomputeTriageScore[2m > [22mscores 0 for a normal completed user[32m 6[2mms[22m[39m
 [32m笨・[39m src/features/today/domain/__tests__/triageUserRows.spec.ts[2m > [22mcomputeTriageScore[2m > [22madds 100 for absent user[32m 2[2mms[22m[39m
 [32m笨・[39m src/features/today/domain/__tests__/triageUserRows.spec.ts[2m > [22mcomputeTriageScore[2m > [22madds 80 for warning alert[32m 1[2mms[22m[39m
 [32m笨・[39m src/features/today/domain/__tests__/triageUserRows.spec.ts[2m > [22mcomputeTriageScore[2m > [22madds 30 for info alert only[32m 1[2mms[22m[39m
 [32m笨・[39m src/features/today/domain/__tests__/triageUserRows.spec.ts[2m > [22mcomputeTriageScore[2m > [22madds 50 for unfilled record (not absent)[32m 1[2mms[22m[39m
 [32m笨・[39m src/features/today/domain/__tests__/triageUserRows.spec.ts[2m > [22mcomputeTriageScore[2m > [22mdoes NOT add unfilled score for absent user[32m 1[2mms[22m[39m
 [32m笨・[39m src/features/today/domain/__tests__/triageUserRows.spec.ts[2m > [22mcomputeTriageScore[2m > [22madds 20 for userStatusType[32m 2[2mms[22m[39m
 [32m笨・[39m src/features/today/domain/__tests__/triageUserRows.spec.ts[2m > [22mcomputeTriageScore[2m > [22mcombines multiple factors[32m 1[2mms[22m[39m
 [32m笨・[39m src/features/today/domain/__tests__/triageUserRows.spec.ts[2m > [22mtriageUserRows[2m > [22msorts by score descending[32m 2[2mms[22m[39m
 [32m笨・[39m src/features/today/domain/__tests__/triageUserRows.spec.ts[2m > [22mtriageUserRows[2m > [22mpreserves order within same score[32m 1[2mms[22m[39m
 [32m笨・[39m src/features/today/domain/__tests__/triageUserRows.spec.ts[2m > [22mtriageUserRows[2m > [22mdoes not mutate the original array[32m 1[2mms[22m[39m
 [32m笨・[39m src/features/today/domain/__tests__/triageUserRows.spec.ts[2m > [22mtriageUserRows[2m > [22mhandles empty array[32m 1[2mms[22m[39m
 [32m笨・[39m src/features/today/domain/__tests__/triageUserRows.spec.ts[2m > [22mtriageUserRows[2m > [22msorts complex multi-factor scenario correctly[32m 1[2mms[22m[39m
 [32m笨・[39m src/features/today/domain/__tests__/triageUserRows.spec.ts[2m > [22mbuildTriageReasons[2m > [22mreturns empty array for normal completed user[32m 1[2mms[22m[39m
 [32m笨・[39m src/features/today/domain/__tests__/triageUserRows.spec.ts[2m > [22mbuildTriageReasons[2m > [22mincludes "谺蟶ｭ" with critical severity for absent user[32m 1[2mms[22m[39m
 [32m笨・[39m src/features/today/domain/__tests__/triageUserRows.spec.ts[2m > [22mbuildTriageReasons[2m > [22mincludes actual alert label for warning alert[32m 1[2mms[22m[39m
 [32m笨・[39m src/features/today/domain/__tests__/triageUserRows.spec.ts[2m > [22mbuildTriageReasons[2m > [22mincludes actual alert label for info alert[32m 1[2mms[22m[39m
 [32m笨・[39m src/features/today/domain/__tests__/triageUserRows.spec.ts[2m > [22mbuildTriageReasons[2m > [22mincludes "譛ｪ險倬鹸" for unfilled non-absent user[32m 1[2mms[22m[39m
 [32m笨・[39m src/features/today/domain/__tests__/triageUserRows.spec.ts[2m > [22mbuildTriageReasons[2m > [22mdoes NOT include "譛ｪ險倬鹸" for absent user[32m 2[2mms[22m[39m
 [32m笨・[39m src/features/today/domain/__tests__/triageUserRows.spec.ts[2m > [22mbuildTriageReasons[2m > [22mincludes status label for userStatusType[32m 1[2mms[22m[39m
 [32m笨・[39m src/features/today/domain/__tests__/triageUserRows.spec.ts[2m > [22mbuildTriageReasons[2m > [22mproduces reasons in priority order for complex user[32m 1[2mms[22m[39m
 [32m笨・[39m src/features/today/domain/__tests__/triageUserRows.spec.ts[2m > [22mbuildTriageReasons[2m > [22mprefers warning alert over info alert[32m 1[2mms[22m[39m
 [32m笨・[39m src/features/today/transport/__tests__/transportAssignments.spec.ts[2m > [22mbuildTransportAssignmentIndex[2m > [22mmaps transport service rows to inferred direction[32m 6[2mms[22m[39m
 [32m笨・[39m src/features/today/transport/__tests__/transportAssignments.spec.ts[2m > [22mbuildTransportAssignmentIndex[2m > [22mmaps pickup rows to both directions and resolves driver from staff id[32m 1[2mms[22m[39m
 [32m笨・[39m src/features/today/transport/__tests__/transportAssignments.spec.ts[2m > [22mbuildTransportAssignmentIndex[2m > [22mresolves attendant from notes marker[32m 1[2mms[22m[39m
 [32m笨・[39m src/features/today/transport/__tests__/transportAssignments.spec.ts[2m > [22mbuildTransportAssignmentIndex[2m > [22mresolves course from notes marker[32m 1[2mms[22m[39m
 [32m笨・[39m src/features/today/transport/__tests__/transportAssignments.spec.ts[2m > [22menrichTransportLegsWithAssignments[2m > [22mfills missing vehicle/driver without overriding existing values[32m 2[2mms[22m[39m
 [32m笨・[39m src/features/today/transport/__tests__/transportAssignments.spec.ts[2m > [22menrichTransportLegsWithAssignments[2m > [22mfills attendant name and keeps existing attendant[32m 1[2mms[22m[39m
 [32m笨・[39m src/features/today/transport/__tests__/transportAssignments.spec.ts[2m > [22mbuildVehicleGroups[2m > [22mgroups riders by vehicle and excludes self/absent[32m 2[2mms[22m[39m
 [32m笨・[39m src/features/today/transport/__tests__/transportAssignments.spec.ts[2m > [22mbuildVehicleGroups[2m > [22mkeeps attendant name by vehicle[32m 4[2mms[22m[39m
 [32m笨・[39m src/features/today/transport/__tests__/transportAssignments.spec.ts[2m > [22mbuildVehicleGroups[2m > [22mkeeps course label by vehicle[32m 3[2mms[22m[39m
 [32m笨・[39m src/features/today/transport/__tests__/transportAssignments.spec.ts[2m > [22mbuildVehicleBoardGroups[2m > [22malways shows fixed 4 vehicles with empty rows and keeps unassigned[32m 2[2mms[22m[39m
 [32m笨・[39m src/features/today/transport/__tests__/transportAssignments.spec.ts[2m > [22mbuildVehicleBoardGroups[2m > [22mappends non-fixed vehicles after fixed rows[32m 1[2mms[22m[39m
 [32m笨・[39m src/features/today/transport/__tests__/transportAssignments.spec.ts[2m > [22mhasMissingVehicleDriver[2m > [22mreturns true only when riders exist and driver is missing[32m 1[2mms[22m[39m
 [32m笨・[39m src/features/today/transport/__tests__/transportAssignments.spec.ts[2m > [22mhasMissingVehicleCourse[2m > [22mreturns true only when riders exist and course is missing[32m 1[2mms[22m[39m
 [32m笨・[39m src/features/support-plan-guide/components/__tests__/ISPCandidateImportSection.spec.ts[2m > [22mISPCandidateImportSection 繝ｭ繧ｸ繝・け[2m > [22m蛟呵｣懊′0莉ｶ縺ｮ蝣ｴ蜷・[2m > [22m遨ｺ縺ｮ acceptedSuggestions 縺九ｉ縺ｯ蛟呵｣懊′逕滓・縺輔ｌ縺ｪ縺・[32m 6[2mms[22m[39m
 [32m笨・[39m src/features/support-plan-guide/components/__tests__/ISPCandidateImportSection.spec.ts[2m > [22mISPCandidateImportSection 繝ｭ繧ｸ繝・け[2m > [22m蛟呵｣懊′0莉ｶ縺ｮ蝣ｴ蜷・[2m > [22mdismiss 縺ｮ縺ｿ縺ｮ acceptedSuggestions 縺九ｉ縺ｯ蛟呵｣懊′逕滓・縺輔ｌ縺ｪ縺・[32m 1[2mms[22m[39m
 [32m笨・[39m src/features/support-plan-guide/components/__tests__/ISPCandidateImportSection.spec.ts[2m > [22mISPCandidateImportSection 繝ｭ繧ｸ繝・け[2m > [22m蛟呵｣懊′逕滓・縺輔ｌ繧句ｴ蜷・[2m > [22maccept 繧｢繧ｯ繧ｷ繝ｧ繝ｳ縺九ｉ蛟呵｣懊′逕滓・縺輔ｌ繧・[32m 2[2mms[22m[39m
 [32m笨・[39m src/features/support-plan-guide/components/__tests__/ISPCandidateImportSection.spec.ts[2m > [22mISPCandidateImportSection 繝ｭ繧ｸ繝・け[2m > [22m蛟呵｣懊′逕滓・縺輔ｌ繧句ｴ蜷・[2m > [22m隍・焚縺ｮ accept 繧｢繧ｯ繧ｷ繝ｧ繝ｳ縺九ｉ隍・焚縺ｮ蛟呵｣懊′逕滓・縺輔ｌ繧・[32m 1[2mms[22m[39m
 [32m笨・[39m src/features/support-plan-guide/components/__tests__/ISPCandidateImportSection.spec.ts[2m > [22mISPCandidateImportSection 繝ｭ繧ｸ繝・け[2m > [22mimprovementIdeas 縺ｸ縺ｮ霑ｽ險・[2m > [22m遨ｺ縺ｮ繝・く繧ｹ繝医↓螳牙・縺ｫ霑ｽ險倥〒縺阪ｋ[32m 1[2mms[22m[39m
 [32m笨・[39m src/features/support-plan-guide/components/__tests__/ISPCandidateImportSection.spec.ts[2m > [22mISPCandidateImportSection 繝ｭ繧ｸ繝・け[2m > [22mimprovementIdeas 縺ｸ縺ｮ霑ｽ險・[2m > [22m譌｢蟄倥ユ繧ｭ繧ｹ繝医′縺ゅｋ蝣ｴ蜷医・繧ｻ繝代Ξ繝ｼ繧ｿ莉倥″縺ｧ霑ｽ險倥＆繧後ｋ[32m 1[2mms[22m[39m
 [32m笨・[39m src/features/support-plan-guide/components/__tests__/ISPCandidateImportSection.spec.ts[2m > [22mISPCandidateImportSection 繝ｭ繧ｸ繝・け[2m > [22mimprovementIdeas 縺ｸ縺ｮ霑ｽ險・[2m > [22m霑ｽ險倥＆繧後◆繝・く繧ｹ繝医↓縺ｯ繝｡繧ｿ蜊ｰ縺悟性縺ｾ繧後ｋ[32m 1[2mms[22m[39m
 [32m笨・[39m src/features/support-plan-guide/components/__tests__/ISPCandidateImportSection.spec.ts[2m > [22mISPCandidateImportSection 繝ｭ繧ｸ繝・け[2m > [22m驥崎､・亟豁｢[2m > [22m蜷後§蛟呵｣懊′ improvementIdeas 縺ｫ譌｢縺ｫ縺ゅｌ縺ｰ isAlreadyInImprovementIdeas 縺・true[32m 1[2mms[22m[39m
 [32m笨・[39m src/features/support-plan-guide/components/__tests__/ISPCandidateImportSection.spec.ts[2m > [22mISPCandidateImportSection 繝ｭ繧ｸ繝・け[2m > [22m驥崎､・亟豁｢[2m > [22m逡ｰ縺ｪ繧・ruleId 縺ｪ繧・isAlreadyInImprovementIdeas 縺・false[32m 1[2mms[22m[39m
 [32m笨・[39m src/features/support-plan-guide/components/__tests__/ISPCandidateImportSection.spec.ts[2m > [22mISPCandidateImportSection 繝ｭ繧ｸ繝・け[2m > [22m驥崎､・亟豁｢[2m > [22m3螻､繝輔ぅ繝ｫ繧ｿ: 逕滓・竊定ｿｽ險倪・UI繝輔ぅ繝ｫ繧ｿ縺ｮ荳雋ｫ諤ｧ[32m 2[2mms[22m[39m
 [32m笨・[39m src/features/support-plan-guide/components/__tests__/ISPCandidateImportSection.spec.ts[2m > [22mISPCandidateImportSection 繝ｭ繧ｸ繝・け[2m > [22m縺ｾ縺ｨ繧√※蜿悶ｊ霎ｼ縺ｿ繧ｷ繝溘Η繝ｬ繝ｼ繧ｷ繝ｧ繝ｳ[2m > [22m縺ｾ縺ｨ繧√※蜿悶ｊ霎ｼ縺ｿ繝懊ち繝ｳ縺ｮ繝ｭ繧ｸ繝・け縺梧ｭ｣縺励￥蜍穂ｽ懊☆繧・[32m 5[2mms[22m[39m
 [32m笨・[39m tests/unit/schedules.demoAdapter.etag.spec.ts[2m > [22mdemoAdapter etag[2m > [22mlist items always include etag[32m 6[2mms[22m[39m
 [32m笨・[39m tests/unit/schedules.demoAdapter.etag.spec.ts[2m > [22mdemoAdapter etag[2m > [22mcreated items include etag[32m 2[2mms[22m[39m
 [32m笨・[39m tests/unit/schedules.demoAdapter.etag.spec.ts[2m > [22mdemoAdapter etag[2m > [22mupdated items bump etag[32m 20[2mms[22m[39m
 [32m笨・[39m src/features/audit/batchParser.spec.ts[2m > [22mparseBatchInsertResponse[2m > [22mparses full success[32m 9[2mms[22m[39m
 [32m笨・[39m src/features/audit/batchParser.spec.ts[2m > [22mparseBatchInsertResponse[2m > [22mparses partial failure[32m 2[2mms[22m[39m
 [32m笨・[39m src/features/audit/batchParser.spec.ts[2m > [22mparseBatchInsertResponse[2m > [22mtreats 409 duplicates as success[32m 2[2mms[22m[39m
 [32m笨・[39m src/features/audit/batchParser.spec.ts[2m > [22mparseBatchInsertResponse[2m > [22mparses mixed statuses with categories[32m 2[2mms[22m[39m
 [32m笨・[39m src/features/audit/batchParser.spec.ts[2m > [22mparseBatchInsertResponse[2m > [22mhandles non-multipart response gracefully[32m 2[2mms[22m[39m
 [32m笨・[39m src/features/audit/batchParser.spec.ts[2m > [22mparseBatchInsertResponse[2m > [22mhandles empty batch body as zero results[32m 1[2mms[22m[39m
 [32m笨・[39m src/features/audit/batchParser.spec.ts[2m > [22mparseBatchInsertResponse[2m > [22mcategorizes throttle and client errors correctly[32m 2[2mms[22m[39m
 [32m笨・[39m src/features/audit/batchParser.spec.ts[2m > [22mparseBatchInsertResponse[2m > [22mtriggers fallback parser for malformed batch and increments metrics[32m 3[2mms[22m[39m
 [32m笨・[39m src/features/audit/batchParser.spec.ts[2m > [22mparseBatchInsertResponse[2m > [22mhandles Content-ID as string in fallback parser[32m 2[2mms[22m[39m
 [32m笨・[39m tests/unit/utils.datetime.more.spec.ts[2m > [22mutils/datetime: formatRangeLocal edge cases[2m > [22mreturns placeholder when inputs are missing/invalid[32m 5[2mms[22m[39m
 [32m笨・[39m tests/unit/utils.datetime.more.spec.ts[2m > [22mutils/datetime: formatRangeLocal edge cases[2m > [22msupports fallback-only option objects passed as second argument[32m 1[2mms[22m[39m
 [32m笨・[39m tests/unit/utils.datetime.more.spec.ts[2m > [22mutils/datetime: formatRangeLocal edge cases[2m > [22mhandles same instant (zero-length) gracefully[32m 2[2mms[22m[39m
 [32m笨・[39m tests/unit/utils.datetime.more.spec.ts[2m > [22mutils/datetime: formatRangeLocal edge cases[2m > [22mswaps reversed ranges and rounds to the step boundary[32m 1[2mms[22m[39m
 [32m笨・[39m tests/unit/utils.datetime.more.spec.ts[2m > [22mutils/datetime: formatRangeLocal edge cases[2m > [22msupports a non-default tz (e.g., America/Los_Angeles) to exercise tz branch[32m 2[2mms[22m[39m
 [32m笨・[39m tests/unit/utils.datetime.more.spec.ts[2m > [22mutils/datetime: formatRangeLocal edge cases[2m > [22mrespects no rounding when roundTo is undefined[32m 1[2mms[22m[39m
 [32m笨・[39m tests/unit/utils.datetime.more.spec.ts[2m > [22mutils/datetime: formatRangeLocal edge cases[2m > [22mtreats options object as second argument when end is omitted[32m 1[2mms[22m[39m
 [32m笨・[39m tests/unit/utils.datetime.more.spec.ts[2m > [22mutils/datetime: formatRangeLocal edge cases[2m > [22mignores non-positive rounding steps[32m 2[2mms[22m[39m
 [32m笨・[39m tests/unit/utils.datetime.more.spec.ts[2m > [22mutils/datetime: formatRangeLocal edge cases[2m > [22mreturns only the start text when end input cannot be coerced[32m 1[2mms[22m[39m
 [32m笨・[39m tests/unit/utils.datetime.more.spec.ts[2m > [22mutils/datetime: formatRangeLocal edge cases[2m > [22maccepts numeric and Date inputs and preserves tz suffix when provided[32m 1[2mms[22m[39m
 [32m笨・[39m tests/unit/utils.datetime.more.spec.ts[2m > [22mutils/datetime: formatRangeLocal edge cases[2m > [22momits tz suffix when tz option is an empty string[32m 3[2mms[22m[39m
 [32m笨・[39m src/domain/regulatory/__tests__/auditCheckInputBuilder.spec.ts[2m > [22mtoUserRegulatoryProfile[2m > [22m蝓ｺ譛ｬ繝輔ぅ繝ｼ繝ｫ繝峨ｒ豁｣縺励￥螟画鋤縺吶ｋ[32m 5[2mms[22m[39m
 [32m笨・[39m src/domain/regulatory/__tests__/auditCheckInputBuilder.spec.ts[2m > [22mtoUserRegulatoryProfile[2m > [22mBehaviorScore 縺・null 縺ｪ繧・null 繧定ｿ斐☆[32m 1[2mms[22m[39m
 [32m笨・[39m src/domain/regulatory/__tests__/auditCheckInputBuilder.spec.ts[2m > [22mtoUserRegulatoryProfile[2m > [22mServiceTypesJson 繧呈ｭ｣縺励￥繝代・繧ｹ縺吶ｋ[32m 2[2mms[22m[39m
 [32m笨・[39m src/domain/regulatory/__tests__/auditCheckInputBuilder.spec.ts[2m > [22mtoUserRegulatoryProfile[2m > [22mServiceTypesJson 縺御ｸ肴ｭ｣縺ｪ JSON 縺ｪ繧臥ｩｺ驟榊・繧定ｿ斐☆[32m 1[2mms[22m[39m
 [32m笨・[39m src/domain/regulatory/__tests__/auditCheckInputBuilder.spec.ts[2m > [22mtoUserRegulatoryProfile[2m > [22mServiceTypesJson 縺・null 縺ｪ繧臥ｩｺ驟榊・繧定ｿ斐☆[32m 1[2mms[22m[39m
 [32m笨・[39m src/domain/regulatory/__tests__/auditCheckInputBuilder.spec.ts[2m > [22mtoUserRegulatoryProfile[2m > [22mUserID 縺梧悴螳夂ｾｩ縺ｪ繧・fallback ID 繧剃ｽｿ縺・[32m 1[2mms[22m[39m
 [32m笨・[39m src/domain/regulatory/__tests__/auditCheckInputBuilder.spec.ts[2m > [22mtoStaffQualificationProfile[2m > [22m雉・ｼ縺後↑縺・ｴ蜷医∝・繝輔Λ繧ｰ縺・false 縺ｫ縺ｪ繧・[32m 1[2mms[22m[39m
 [32m笨・[39m src/domain/regulatory/__tests__/auditCheckInputBuilder.spec.ts[2m > [22mtoStaffQualificationProfile[2m > [22m螳溯ｷｵ遐比ｿｮ菫ｮ莠・ｒ讀懷・縺吶ｋ[32m 1[2mms[22m[39m
 [32m笨・[39m src/domain/regulatory/__tests__/auditCheckInputBuilder.spec.ts[2m > [22mtoStaffQualificationProfile[2m > [22m蝓ｺ遉守比ｿｮ菫ｮ莠・ｒ讀懷・縺吶ｋ[32m 1[2mms[22m[39m
 [32m笨・[39m src/domain/regulatory/__tests__/auditCheckInputBuilder.spec.ts[2m > [22mtoStaffQualificationProfile[2m > [22m陦悟虚謠ｴ隴ｷ遐比ｿｮ菫ｮ莠・ｒ讀懷・縺吶ｋ[32m 1[2mms[22m[39m
 [32m笨・[39m src/domain/regulatory/__tests__/auditCheckInputBuilder.spec.ts[2m > [22mtoStaffQualificationProfile[2m > [22m荳ｭ譬ｸ逧・ｺｺ譚宣､頑・遐比ｿｮ菫ｮ莠・ｒ讀懷・縺吶ｋ[32m 1[2mms[22m[39m
 [32m笨・[39m src/domain/regulatory/__tests__/auditCheckInputBuilder.spec.ts[2m > [22mbuildStaffProfilesMap[2m > [22mactive 縺ｪ閨ｷ蜩｡縺ｮ縺ｿ蜷ｫ繧[32m 1[2mms[22m[39m
 [32m笨・[39m src/domain/regulatory/__tests__/auditCheckInputBuilder.spec.ts[2m > [22mtoSheetAuditInfo[2m > [22m繝輔ぅ繝ｼ繝ｫ繝峨ｒ豁｣縺励￥螟画鋤縺吶ｋ[32m 1[2mms[22m[39m
 [32m笨・[39m src/domain/regulatory/__tests__/auditCheckInputBuilder.spec.ts[2m > [22mtoRecordAuditInfo[2m > [22m繝輔ぅ繝ｼ繝ｫ繝峨ｒ豁｣縺励￥螟画鋤縺吶ｋ[32m 1[2mms[22m[39m
 [32m笨・[39m src/domain/regulatory/__tests__/auditCheckInputBuilder.spec.ts[2m > [22mbuildAllAuditCheckInputs[2m > [22m蛻ｩ逕ｨ閠・＃縺ｨ縺ｫ AuditCheckInput 繧堤函謌舌☆繧・[32m 3[2mms[22m[39m
 [32m笨・[39m src/domain/regulatory/__tests__/auditCheckInputBuilder.spec.ts[2m > [22mbuildAllAuditCheckInputs[2m > [22mIsActive=false 縺ｮ蛻ｩ逕ｨ閠・・繧ｹ繧ｭ繝・・縺吶ｋ[32m 1[2mms[22m[39m
 [32m笨・[39m src/domain/regulatory/__tests__/auditCheckInputBuilder.spec.ts[2m > [22mbuildAllAuditCheckInputs[2m > [22mstaffProfiles 縺ｯ蜈ｨ input 縺ｧ蜈ｱ譛峨＆繧後ｋ[32m 1[2mms[22m[39m
 [32m笨・[39m src/features/kokuhoren-csv/__tests__/generate71.spec.ts[2m > [22mCSV71_COLUMNS[2m > [22mhas 11 columns[32m 5[2mms[22m[39m
 [32m笨・[39m src/features/kokuhoren-csv/__tests__/generate71.spec.ts[2m > [22mCSV71_COLUMNS[2m > [22mstarts with recordType (number)[32m 2[2mms[22m[39m
 [32m笨・[39m src/features/kokuhoren-csv/__tests__/generate71.spec.ts[2m > [22mCSV71_COLUMNS[2m > [22mhas certNumber as string kind[32m 1[2mms[22m[39m
 [32m笨・[39m src/features/kokuhoren-csv/__tests__/generate71.spec.ts[2m > [22mgenerateKokuhorenCsv71[2m > [22mgenerates CSV with correct record type 71[32m 2[2mms[22m[39m
 [32m笨・[39m src/features/kokuhoren-csv/__tests__/generate71.spec.ts[2m > [22mgenerateKokuhorenCsv71[2m > [22mincludes quoted cert number[32m 1[2mms[22m[39m
 [32m笨・[39m src/features/kokuhoren-csv/__tests__/generate71.spec.ts[2m > [22mgenerateKokuhorenCsv71[2m > [22mextracts day from recordDateISO[32m 1[2mms[22m[39m
 [32m笨・[39m src/features/kokuhoren-csv/__tests__/generate71.spec.ts[2m > [22mgenerateKokuhorenCsv71[2m > [22msets serviceCode "1" for 謠蝉ｾ・[32m 1[2mms[22m[39m
 [32m笨・[39m src/features/kokuhoren-csv/__tests__/generate71.spec.ts[2m > [22mgenerateKokuhorenCsv71[2m > [22msets serviceCode "2" for 谺蟶ｭ[32m 1[2mms[22m[39m
 [32m笨・[39m src/features/kokuhoren-csv/__tests__/generate71.spec.ts[2m > [22mgenerateKokuhorenCsv71[2m > [22moutputs start/end HHMM as numbers for 謠蝉ｾ・[32m 1[2mms[22m[39m
 [32m笨・[39m src/features/kokuhoren-csv/__tests__/generate71.spec.ts[2m > [22mgenerateKokuhorenCsv71[2m > [22momits start/end for 谺蟶ｭ[32m 1[2mms[22m[39m
 [32m笨・[39m src/features/kokuhoren-csv/__tests__/generate71.spec.ts[2m > [22mgenerateKokuhorenCsv71[2m > [22mderives timeCode for 謠蝉ｾ・[32m 1[2mms[22m[39m
 [32m笨・[39m src/features/kokuhoren-csv/__tests__/generate71.spec.ts[2m > [22mgenerateKokuhorenCsv71[2m > [22msets transport flags[32m 1[2mms[22m[39m
 [32m笨・[39m src/features/kokuhoren-csv/__tests__/generate71.spec.ts[2m > [22mgenerateKokuhorenCsv71[2m > [22mreturns empty string for empty records[32m 1[2mms[22m[39m
 [32m笨・[39m src/features/kokuhoren-csv/__tests__/generate71.spec.ts[2m > [22mgenerateKokuhorenCsv71[2m > [22msorts by userCode then recordDateISO[32m 2[2mms[22m[39m
 [32m笨・[39m src/features/kokuhoren-csv/__tests__/generate71.spec.ts[2m > [22mgenerateKokuhorenCsv71[2m > [22mends each line with CRLF[32m 1[2mms[22m[39m
 [32m笨・[39m src/features/kokuhoren-csv/__tests__/generate71.spec.ts[2m > [22mgenerateCsvFilename[2m > [22mgenerates correct filename format[32m 1[2mms[22m[39m
 [32m笨・[39m src/features/kokuhoren-csv/__tests__/generate71.spec.ts[2m > [22mgenerateCsvFilename[2m > [22mhandles different year-month[32m 1[2mms[22m[39m
 [32m笨・[39m src/features/attendance/__tests__/attendance.logic.spec.ts[2m > [22mdiffMinutes[2m > [22mshould calculate correct minute difference[32m 5[2mms[22m[39m
 [32m笨・[39m src/features/attendance/__tests__/attendance.logic.spec.ts[2m > [22mdiffMinutes[2m > [22mshould return 0 for missing inputs[32m 1[2mms[22m[39m
 [32m笨・[39m src/features/attendance/__tests__/attendance.logic.spec.ts[2m > [22mdiffMinutes[2m > [22mshould handle invalid date strings gracefully[32m 1[2mms[22m[39m
 [32m笨・[39m src/features/attendance/__tests__/attendance.logic.spec.ts[2m > [22mdiffMinutes[2m > [22mshould return 0 for negative time differences[32m 1[2mms[22m[39m
 [32m笨・[39m src/features/attendance/__tests__/attendance.logic.spec.ts[2m > [22misBeforeCloseTime[2m > [22mshould correctly determine if time is before close[32m 1[2mms[22m[39m
 [32m笨・[39m src/features/attendance/__tests__/attendance.logic.spec.ts[2m > [22misBeforeCloseTime[2m > [22mshould handle invalid close time format safely[32m 1[2mms[22m[39m
 [32m笨・[39m src/features/attendance/__tests__/attendance.logic.spec.ts[2m > [22mgetDiscrepancyCount[2m > [22mshould count discrepancies correctly[32m 1[2mms[22m[39m
 [32m笨・[39m src/features/attendance/__tests__/attendance.logic.spec.ts[2m > [22mgetDiscrepancyCount[2m > [22mshould not count zero provided minutes as discrepancy[32m 1[2mms[22m[39m
 [32m笨・[39m src/features/attendance/__tests__/attendance.logic.spec.ts[2m > [22mgetDiscrepancyCount[2m > [22mshould handle boundary conditions[32m 1[2mms[22m[39m
 [32m笨・[39m src/features/attendance/__tests__/attendance.logic.spec.ts[2m > [22mcomputeAbsenceEligibility[2m > [22mshould require both morning contact and evening check[32m 2[2mms[22m[39m
 [32m笨・[39m src/features/attendance/__tests__/attendance.logic.spec.ts[2m > [22mcomputeAbsenceEligibility[2m > [22mshould check monthly limit boundary[32m 1[2mms[22m[39m
 [32m笨・[39m src/features/attendance/__tests__/attendance.logic.spec.ts[2m > [22mformatTime[2m > [22mshould format valid ISO strings correctly[32m 2[2mms[22m[39m
 [32m笨・[39m src/features/attendance/__tests__/attendance.logic.spec.ts[2m > [22mformatTime[2m > [22mshould return placeholder for invalid/missing input[32m 1[2mms[22m[39m
 [32m笨・[39m src/features/attendance/__tests__/attendance.logic.spec.ts[2m > [22mcanCheckOut[2m > [22mshould allow checkout for active attendance[32m 1[2mms[22m[39m
 [32m笨・[39m src/features/attendance/__tests__/attendance.logic.spec.ts[2m > [22mcanCheckOut[2m > [22mshould not allow checkout for non-active or already checked out visits[32m 1[2mms[22m[39m
 [32m笨・[39m src/features/attendance/__tests__/attendance.logic.spec.ts[2m > [22mgetAutoCheckOutTargets[2m > [22mreturns empty before service end time[32m 1[2mms[22m[39m
 [32m笨・[39m src/features/attendance/__tests__/attendance.logic.spec.ts[2m > [22mgetAutoCheckOutTargets[2m > [22mreturns 騾壽園荳ｭ user codes at exactly service end time[32m 1[2mms[22m[39m
 [32m笨・[39m src/features/attendance/__tests__/attendance.logic.spec.ts[2m > [22mgetAutoCheckOutTargets[2m > [22mreturns 騾壽園荳ｭ user codes after service end time[32m 1[2mms[22m[39m
 [32m笨・[39m src/features/attendance/__tests__/attendance.logic.spec.ts[2m > [22mgetAutoCheckOutTargets[2m > [22mreturns empty when no 騾壽園荳ｭ users exist after service end[32m 1[2mms[22m[39m
 [32m笨・[39m src/features/attendance/__tests__/attendance.logic.spec.ts[2m > [22mgetAutoCheckOutTargets[2m > [22mreturns empty for empty visits array[32m 1[2mms[22m[39m
 [32m笨・[39m src/features/attendance/__tests__/attendance.logic.spec.ts[2m > [22mbuildServiceEndTimestamp[2m > [22mbuilds correct JST ISO timestamp for 16:00[32m 1[2mms[22m[39m
 [32m笨・[39m src/features/attendance/__tests__/attendance.logic.spec.ts[2m > [22mbuildServiceEndTimestamp[2m > [22mbuilds correct JST ISO timestamp for 18:00[32m 1[2mms[22m[39m
 [32m笨・[39m src/domain/isp/__tests__/getTopReferencedEvidence.spec.ts[2m > [22mbuildAbcLabel[2m > [22mgenerates label with date, setting, and behavior[32m 4[2mms[22m[39m
 [32m笨・[39m src/domain/isp/__tests__/getTopReferencedEvidence.spec.ts[2m > [22mbuildAbcLabel[2m > [22mtruncates long behavior to 20 chars with ellipsis[32m 2[2mms[22m[39m
 [32m笨・[39m src/domain/isp/__tests__/getTopReferencedEvidence.spec.ts[2m > [22mbuildAbcLabel[2m > [22momits setting separator when setting is empty[32m 1[2mms[22m[39m
 [32m笨・[39m src/domain/isp/__tests__/getTopReferencedEvidence.spec.ts[2m > [22mgetTopReferencedAbcRecords[2m > [22mreturns empty when no user ABC record IDs[32m 2[2mms[22m[39m
 [32m笨・[39m src/domain/isp/__tests__/getTopReferencedEvidence.spec.ts[2m > [22mgetTopReferencedAbcRecords[2m > [22mreturns empty when no evidence links exist[32m 1[2mms[22m[39m
 [32m笨・[39m src/domain/isp/__tests__/getTopReferencedEvidence.spec.ts[2m > [22mgetTopReferencedAbcRecords[2m > [22mcounts and ranks ABC records by reference frequency[32m 3[2mms[22m[39m
 [32m笨・[39m src/domain/isp/__tests__/getTopReferencedEvidence.spec.ts[2m > [22mgetTopReferencedAbcRecords[2m > [22mlimits results to topN[32m 1[2mms[22m[39m
 [32m笨・[39m src/domain/isp/__tests__/getTopReferencedEvidence.spec.ts[2m > [22mgetTopReferencedAbcRecords[2m > [22mignores IDs not in userAbcRecordIds[32m 1[2mms[22m[39m
 [32m笨・[39m src/domain/isp/__tests__/getTopReferencedEvidence.spec.ts[2m > [22mgetTopReferencedAbcRecords[2m > [22muses fallback label when record not found[32m 1[2mms[22m[39m
 [32m笨・[39m src/domain/isp/__tests__/getTopReferencedEvidence.spec.ts[2m > [22mgetTopReferencedAbcRecords[2m > [22mignores PDCA links[32m 2[2mms[22m[39m
 [32m笨・[39m src/domain/isp/__tests__/getTopReferencedEvidence.spec.ts[2m > [22mgetTopReferencedPdcaItems[2m > [22mreturns empty when no evidence links exist[32m 1[2mms[22m[39m
 [32m笨・[39m src/domain/isp/__tests__/getTopReferencedEvidence.spec.ts[2m > [22mgetTopReferencedPdcaItems[2m > [22mreturns empty when only ABC links exist[32m 1[2mms[22m[39m
 [32m笨・[39m src/domain/isp/__tests__/getTopReferencedEvidence.spec.ts[2m > [22mgetTopReferencedPdcaItems[2m > [22mcounts and ranks PDCA items by reference frequency[32m 1[2mms[22m[39m
 [32m笨・[39m src/domain/isp/__tests__/getTopReferencedEvidence.spec.ts[2m > [22mgetTopReferencedPdcaItems[2m > [22mlimits results to topN[32m 1[2mms[22m[39m
 [32m笨・[39m src/domain/isp/__tests__/getTopReferencedEvidence.spec.ts[2m > [22mgetTopReferencedPdcaItems[2m > [22mpreserves first encountered label for each ID[32m 1[2mms[22m[39m
 [32m笨・[39m src/features/schedules/hooks/__tests__/useScheduleUserOptions.spec.ts[2m > [22museScheduleUserOptions[2m > [22mactive 蛻､螳壹′遒ｺ螳壹＠縺溷茜逕ｨ閠・・縺ｿ蛟呵｣懊↓蜷ｫ繧√ｋ[32m 23[2mms[22m[39m
 [32m笨・[39m src/features/import/domain/__tests__/mapCsvToSupportPlan.spec.ts[2m > [22minferStageFromTime[2m > [22m09:00 竊・proactive[32m 4[2mms[22m[39m
 [32m笨・[39m src/features/import/domain/__tests__/mapCsvToSupportPlan.spec.ts[2m > [22minferStageFromTime[2m > [22m10:30 竊・proactive[32m 1[2mms[22m[39m
 [32m笨・[39m src/features/import/domain/__tests__/mapCsvToSupportPlan.spec.ts[2m > [22minferStageFromTime[2m > [22m11:00 竊・earlyResponse[32m 1[2mms[22m[39m
 [32m笨・[39m src/features/import/domain/__tests__/mapCsvToSupportPlan.spec.ts[2m > [22minferStageFromTime[2m > [22m12:00 竊・earlyResponse[32m 1[2mms[22m[39m
 [32m笨・[39m src/features/import/domain/__tests__/mapCsvToSupportPlan.spec.ts[2m > [22minferStageFromTime[2m > [22m13:00 竊・proactive (蜊亥ｾ・[32m 1[2mms[22m[39m
 [32m笨・[39m src/features/import/domain/__tests__/mapCsvToSupportPlan.spec.ts[2m > [22minferStageFromTime[2m > [22m14:30 竊・proactive (蜊亥ｾ・[32m 0[2mms[22m[39m
 [32m笨・[39m src/features/import/domain/__tests__/mapCsvToSupportPlan.spec.ts[2m > [22minferStageFromTime[2m > [22m15:00 竊・postCrisis[32m 1[2mms[22m[39m
 [32m笨・[39m src/features/import/domain/__tests__/mapCsvToSupportPlan.spec.ts[2m > [22minferStageFromTime[2m > [22m16:00 竊・postCrisis[32m 1[2mms[22m[39m
 [32m笨・[39m src/features/import/domain/__tests__/mapCsvToSupportPlan.spec.ts[2m > [22minferStageFromTime[2m > [22m繝代・繧ｹ縺ｧ縺阪↑縺・枚蟄怜・ 竊・proactive (繝・ヵ繧ｩ繝ｫ繝・[32m 1[2mms[22m[39m
 [32m笨・[39m src/features/import/domain/__tests__/mapCsvToSupportPlan.spec.ts[2m > [22mmapScheduleToSupportPlan[2m > [22m蝓ｺ譛ｬ螟画鋤: ScheduleItem 竊・SupportPlanDeployment[32m 4[2mms[22m[39m
 [32m笨・[39m src/features/import/domain/__tests__/mapCsvToSupportPlan.spec.ts[2m > [22mmapScheduleToSupportPlan[2m > [22m遨ｺ驟榊・縺ｮ蝣ｴ蜷医・豢ｻ蜍・莉ｶ縺ｮ險育判繧定ｿ斐☆[32m 1[2mms[22m[39m
 [32m笨・[39m src/features/import/domain/__tests__/mapCsvToSupportPlan.spec.ts[2m > [22mmapScheduleToSupportPlan[2m > [22m繧ｫ繧ｹ繧ｿ繝繝｡繧ｿ繝・・繧ｿ縺悟渚譏縺輔ｌ繧・[32m 1[2mms[22m[39m
 [32m笨・[39m src/features/import/domain/__tests__/mapCsvToSupportPlan.spec.ts[2m > [22mmapScheduleToSupportPlan[2m > [22mactivity 縺ｫ繝上う繝輔Φ蛹ｺ蛻・ｊ縺後↑縺・ｴ蜷医》itle 縺ｨ personTodo 縺悟酔縺・[32m 1[2mms[22m[39m
 [32m笨・[39m src/features/import/domain/__tests__/mapCsvToSupportPlan.spec.ts[2m > [22mmapScheduleToSupportPlan[2m > [22minstruction 縺檎ｩｺ縺ｮ蝣ｴ蜷医√ョ繝輔か繝ｫ繝医・ supporterTodo[32m 1[2mms[22m[39m
 [32m笨・[39m src/features/import/domain/__tests__/mapCsvToSupportPlan.spec.ts[2m > [22mmapScheduleToSupportPlan[2m > [22m隍・焚繧｢繧､繝・Β縺ｮ stage 縺梧凾髢灘ｸｯ縺ｫ蝓ｺ縺･縺・※謗ｨ螳壹＆繧後ｋ[32m 1[2mms[22m[39m
 [32m笨・[39m src/features/import/domain/__tests__/mapCsvToSupportPlan.spec.ts[2m > [22mmapScheduleToSupportPlan[2m > [22msummary 縺ｫ豢ｻ蜍穂ｻｶ謨ｰ縺悟性縺ｾ繧後ｋ[32m 1[2mms[22m[39m
 [32m笨・[39m src/features/import/domain/__tests__/mapCsvToSupportPlan.spec.ts[2m > [22mmapScheduleToSupportPlan[2m > [22mdeployedAt 縺・ISO 譌･譎よ枚蟄怜・[32m 2[2mms[22m[39m
 [32m笨・[39m tests/unit/circuitBreaker/evaluator.spec.ts[2m > [22mcomputeBreakerStats[2m > [22mreturns empty stats for empty input[32m 5[2mms[22m[39m
 [32m笨・[39m tests/unit/circuitBreaker/evaluator.spec.ts[2m > [22mcomputeBreakerStats[2m > [22mcounts successes and errors[32m 1[2mms[22m[39m
 [32m笨・[39m tests/unit/circuitBreaker/evaluator.spec.ts[2m > [22mcomputeBreakerStats[2m > [22mcounts slow requests[32m 1[2mms[22m[39m
 [32m笨・[39m tests/unit/circuitBreaker/evaluator.spec.ts[2m > [22mcomputeBreakerStats[2m > [22mcounts network errors (status 0) as errors[32m 1[2mms[22m[39m
 [32m笨・[39m tests/unit/circuitBreaker/evaluator.spec.ts[2m > [22mcomputeBreakerStats[2m > [22mcalculates consecutive failures from tail[32m 1[2mms[22m[39m
 [32m笨・[39m tests/unit/circuitBreaker/evaluator.spec.ts[2m > [22mcomputeBreakerStats[2m > [22mresets consecutive failures on success[32m 1[2mms[22m[39m
 [32m笨・[39m tests/unit/circuitBreaker/evaluator.spec.ts[2m > [22mcomputeBreakerStats[2m > [22mcalculates average and p95 duration[32m 1[2mms[22m[39m
 [32m笨・[39m tests/unit/circuitBreaker/evaluator.spec.ts[2m > [22mcomputeBreakerStats[2m > [22msums retry counts[32m 1[2mms[22m[39m
 [32m笨・[39m tests/unit/circuitBreaker/evaluator.spec.ts[2m > [22mcomputeBreakerStats[2m > [22monly uses last N samples from window[32m 1[2mms[22m[39m
 [32m笨・[39m tests/unit/circuitBreaker/evaluator.spec.ts[2m > [22mevaluateBreakerState[2m > [22mstays CLOSED with all-ok samples[32m 1[2mms[22m[39m
 [32m笨・[39m tests/unit/circuitBreaker/evaluator.spec.ts[2m > [22mevaluateBreakerState[2m > [22mstays CLOSED with insufficient samples[32m 1[2mms[22m[39m
 [32m笨・[39m tests/unit/circuitBreaker/evaluator.spec.ts[2m > [22mevaluateBreakerState[2m > [22mopens on error rate threshold[32m 1[2mms[22m[39m
 [32m笨・[39m tests/unit/circuitBreaker/evaluator.spec.ts[2m > [22mevaluateBreakerState[2m > [22mopens on 429 throttling[32m 1[2mms[22m[39m
 [32m笨・[39m tests/unit/circuitBreaker/evaluator.spec.ts[2m > [22mevaluateBreakerState[2m > [22mopens on consecutive failures[32m 1[2mms[22m[39m
 [32m笨・[39m tests/unit/circuitBreaker/evaluator.spec.ts[2m > [22mevaluateBreakerState[2m > [22mopens on slow rate[32m 1[2mms[22m[39m
 [32m笨・[39m tests/unit/circuitBreaker/evaluator.spec.ts[2m > [22mevaluateBreakerState[2m > [22mstays OPEN during cooldown[32m 1[2mms[22m[39m
 [32m笨・[39m tests/unit/circuitBreaker/evaluator.spec.ts[2m > [22mevaluateBreakerState[2m > [22mtransitions OPEN 竊・HALF_OPEN after cooldown[32m 1[2mms[22m[39m
 [32m笨・[39m tests/unit/circuitBreaker/evaluator.spec.ts[2m > [22mevaluateBreakerState[2m > [22mtransitions HALF_OPEN 竊・CLOSED on success[32m 1[2mms[22m[39m
 [32m笨・[39m tests/unit/circuitBreaker/evaluator.spec.ts[2m > [22mevaluateBreakerState[2m > [22mtransitions HALF_OPEN 竊・OPEN on failure[32m 1[2mms[22m[39m
 [32m笨・[39m tests/unit/circuitBreaker/evaluator.spec.ts[2m > [22mformatBreakerReason[2m > [22mformats error_rate[32m 1[2mms[22m[39m
 [32m笨・[39m tests/unit/circuitBreaker/evaluator.spec.ts[2m > [22mformatBreakerReason[2m > [22mformats consecutive_failures[32m 1[2mms[22m[39m
 [32m笨・[39m tests/unit/circuitBreaker/evaluator.spec.ts[2m > [22mformatBreakerReason[2m > [22mformats slow_rate[32m 1[2mms[22m[39m
 [32m笨・[39m tests/unit/circuitBreaker/evaluator.spec.ts[2m > [22mformatBreakerReason[2m > [22mreturns empty string for null[32m 1[2mms[22m[39m
 [32m笨・[39m src/features/dashboard/__tests__/ircSummary.spec.ts[2m > [22mbuildIrcSummary[2m > [22m蝓ｺ譛ｬ逧・↑髮・ｨ域ｩ溯・[2m > [22mIRC縺ｮ蝓ｺ譛ｬ繧ｵ繝槭Μ繝ｼ繧堤函謌舌☆繧・[32m 6[2mms[22m[39m
 [32m笨・[39m src/features/dashboard/__tests__/ircSummary.spec.ts[2m > [22mbuildIrcSummary[2m > [22m蝓ｺ譛ｬ逧・↑髮・ｨ域ｩ溯・[2m > [22m繧､繝吶Φ繝医′0莉ｶ縺ｮ蝣ｴ蜷医ｒ蜃ｦ逅・☆繧・[32m 1[2mms[22m[39m
 [32m笨・[39m src/features/dashboard/__tests__/ircSummary.spec.ts[2m > [22mbuildIrcSummary[2m > [22m蝓ｺ譛ｬ逧・↑髮・ｨ域ｩ溯・[2m > [22m蜈ｨ繧､繝吶Φ繝亥ｮ御ｺ・・蝣ｴ蜷医・100%繧定ｿ斐☆[32m 1[2mms[22m[39m
 [32m笨・[39m src/features/dashboard/__tests__/ircSummary.spec.ts[2m > [22mbuildIrcSummary[2m > [22m8譎る俣雜・℃繧｢繝ｩ繝ｼ繝育函謌・[2m > [22m1-2繝ｪ繧ｽ繝ｼ繧ｹ縺・譎る俣雜・℃縺ｮ蝣ｴ蜷医・warning alert繧堤函謌舌☆繧・[32m 2[2mms[22m[39m
 [32m笨・[39m src/features/dashboard/__tests__/ircSummary.spec.ts[2m > [22mbuildIrcSummary[2m > [22m8譎る俣雜・℃繧｢繝ｩ繝ｼ繝育函謌・[2m > [22m3繝ｪ繧ｽ繝ｼ繧ｹ莉･荳翫′8譎る俣雜・℃縺ｮ蝣ｴ蜷医・error alert繧堤函謌舌☆繧・[32m 2[2mms[22m[39m
 [32m笨・[39m src/features/dashboard/__tests__/ircSummary.spec.ts[2m > [22mbuildIrcSummary[2m > [22m8譎る俣雜・℃繧｢繝ｩ繝ｼ繝育函謌・[2m > [22m8譎る俣莉･荳九・繝ｪ繧ｽ繝ｼ繧ｹ縺ｮ縺ｿ縺ｮ蝣ｴ蜷医・繝ｪ繧ｽ繝ｼ繧ｹ雜・℃繧｢繝ｩ繝ｼ繝医ｒ逕滓・縺励↑縺・[32m 1[2mms[22m[39m
 [32m笨・[39m src/features/dashboard/__tests__/ircSummary.spec.ts[2m > [22mbuildIrcSummary[2m > [22m8譎る俣雜・℃繧｢繝ｩ繝ｼ繝育函謌・[2m > [22m8譎る俣縺｡繧・≧縺ｩ縺ｮ蝣ｴ蜷医・繝ｪ繧ｽ繝ｼ繧ｹ雜・℃繧｢繝ｩ繝ｼ繝医ｒ逕滓・縺励↑縺・[32m 1[2mms[22m[39m
 [32m笨・[39m src/features/dashboard/__tests__/ircSummary.spec.ts[2m > [22mbuildIrcSummary[2m > [22m螳御ｺ・紫繧｢繝ｩ繝ｼ繝育函謌・[2m > [22m螳御ｺ・紫縺・0%譛ｪ貅縺ｮ蝣ｴ蜷医・warning alert繧堤函謌舌☆繧・[32m 1[2mms[22m[39m
 [32m笨・[39m src/features/dashboard/__tests__/ircSummary.spec.ts[2m > [22mbuildIrcSummary[2m > [22m螳御ｺ・紫繧｢繝ｩ繝ｼ繝育函謌・[2m > [22m螳御ｺ・紫縺・0%莉･荳翫・蝣ｴ蜷医・螳御ｺ・紫繧｢繝ｩ繝ｼ繝医ｒ逕滓・縺励↑縺・[32m 1[2mms[22m[39m
 [32m笨・[39m src/features/dashboard/__tests__/ircSummary.spec.ts[2m > [22mbuildIrcSummary[2m > [22m螳御ｺ・紫繧｢繝ｩ繝ｼ繝育函謌・[2m > [22m繧､繝吶Φ繝医′0莉ｶ縺ｮ蝣ｴ蜷医・螳御ｺ・紫繧｢繝ｩ繝ｼ繝医ｒ逕滓・縺励↑縺・[32m 1[2mms[22m[39m
 [32m笨・[39m src/features/dashboard/__tests__/ircSummary.spec.ts[2m > [22mbuildIrcSummary[2m > [22m隍・粋繧ｱ繝ｼ繧ｹ[2m > [22m8譎る俣雜・℃縺ｨ菴主ｮ御ｺ・紫縺悟酔譎ゅ↓蟄伜惠縺吶ｋ蝣ｴ蜷医・荳｡譁ｹ縺ｮ繧｢繝ｩ繝ｼ繝医ｒ逕滓・縺吶ｋ[32m 2[2mms[22m[39m
 [32m笨・[39m src/features/dashboard/__tests__/ircSummary.spec.ts[2m > [22mbuildIrcSummary[2m > [22m隍・粋繧ｱ繝ｼ繧ｹ[2m > [22m縺吶∋縺ｦ豁｣蟶ｸ縺ｪ蝣ｴ蜷医・繧｢繝ｩ繝ｼ繝医ｒ逕滓・縺励↑縺・[32m 1[2mms[22m[39m
 [32m笨・[39m src/features/dashboard/__tests__/ircSummary.spec.ts[2m > [22mbuildIrcSummary[2m > [22m繧ｨ繝・ず繧ｱ繝ｼ繧ｹ[2m > [22mextendedProps縺梧悴螳夂ｾｩ縺ｮ繧､繝吶Φ繝医ｂ螳牙・縺ｫ蜃ｦ逅・☆繧・[32m 1[2mms[22m[39m
 [32m笨・[39m src/features/dashboard/__tests__/ircSummary.spec.ts[2m > [22mbuildIrcSummary[2m > [22m繧ｨ繝・ず繧ｱ繝ｼ繧ｹ[2m > [22mstatus縺梧悴螳夂ｾｩ縺ｮ繧､繝吶Φ繝医・譛ｪ螳御ｺ・桶縺・→縺吶ｋ[32m 1[2mms[22m[39m
 [32m笨・[39m src/features/dashboard/__tests__/ircSummary.spec.ts[2m > [22mbuildIrcSummary[2m > [22m繧ｨ繝・ず繧ｱ繝ｼ繧ｹ[2m > [22mresourceWarnings縺檎ｩｺ縺ｮ蝣ｴ蜷医ｂ螳牙・縺ｫ蜃ｦ逅・☆繧・[32m 2[2mms[22m[39m
 [32m笨・[39m src/features/support-plan-guide/domain/__tests__/regulatoryHud.spec.ts[2m > [22mbuildRegulatoryHudItems[2m > [22m6鬆・岼繧定ｿ斐☆[32m 7[2mms[22m[39m
 [32m笨・[39m src/features/support-plan-guide/domain/__tests__/regulatoryHud.spec.ts[2m > [22mbuildRegulatoryHudItems[2m > [22mISP active 竊・ok[32m 2[2mms[22m[39m
 [32m笨・[39m src/features/support-plan-guide/domain/__tests__/regulatoryHud.spec.ts[2m > [22mbuildRegulatoryHudItems[2m > [22mISP assessment 竊・danger[32m 1[2mms[22m[39m
 [32m笨・[39m src/features/support-plan-guide/domain/__tests__/regulatoryHud.spec.ts[2m > [22mbuildRegulatoryHudItems[2m > [22m蜷梧э蜿門ｾ玲ｸ医∩ 竊・ok[32m 1[2mms[22m[39m
 [32m笨・[39m src/features/support-plan-guide/domain/__tests__/regulatoryHud.spec.ts[2m > [22mbuildRegulatoryHudItems[2m > [22m隱ｬ譏取ｸ医∩蜷梧э縺ｪ縺・竊・warning[32m 1[2mms[22m[39m
 [32m笨・[39m src/features/support-plan-guide/domain/__tests__/regulatoryHud.spec.ts[2m > [22mbuildRegulatoryHudItems[2m > [22mcompliance 縺・null 竊・蜷梧э danger[32m 1[2mms[22m[39m
 [32m笨・[39m src/features/support-plan-guide/domain/__tests__/regulatoryHud.spec.ts[2m > [22mbuildRegulatoryHudItems[2m > [22m莠､莉伜ｮ御ｺ・竊・ok[32m 1[2mms[22m[39m
 [32m笨・[39m src/features/support-plan-guide/domain/__tests__/regulatoryHud.spec.ts[2m > [22mbuildRegulatoryHudItems[2m > [22m莠､莉倅ｸ驛ｨ縺ｮ縺ｿ 竊・warning[32m 1[2mms[22m[39m
 [32m笨・[39m src/features/support-plan-guide/domain/__tests__/regulatoryHud.spec.ts[2m > [22mbuildRegulatoryHudItems[2m > [22m菴懈・譛滄剞譛ｪ險ｭ螳・竊・warning[32m 1[2mms[22m[39m
 [32m笨・[39m src/features/support-plan-guide/domain/__tests__/regulatoryHud.spec.ts[2m > [22mbuildRegulatoryHudItems[2m > [22m菴懈・譛滄剞雜・℃ 竊・danger[32m 1[2mms[22m[39m
 [32m笨・[39m src/features/support-plan-guide/domain/__tests__/regulatoryHud.spec.ts[2m > [22mbuildRegulatoryHudItems[2m > [22m菴懈・譛滄剞谿・譌･莉･蜀・竊・warning[32m 1[2mms[22m[39m
 [32m笨・[39m src/features/support-plan-guide/domain/__tests__/regulatoryHud.spec.ts[2m > [22mbuildRegulatoryHudItems[2m > [22m菴懈・譛滄剞蜊∝・ 竊・ok[32m 1[2mms[22m[39m
 [32m笨・[39m src/features/support-plan-guide/domain/__tests__/regulatoryHud.spec.ts[2m > [22mbuildRegulatoryHudItems[2m > [22m繝｢繝九ち譛滄剞雜・℃ 竊・danger[32m 1[2mms[22m[39m
 [32m笨・[39m src/features/support-plan-guide/domain/__tests__/regulatoryHud.spec.ts[2m > [22mbuildRegulatoryHudItems[2m > [22m繝｢繝九ち譛滄剞14譌･莉･蜀・竊・warning[32m 1[2mms[22m[39m
 [32m笨・[39m src/features/support-plan-guide/domain/__tests__/regulatoryHud.spec.ts[2m > [22mbuildRegulatoryHudItems[2m > [22m繝｢繝九ち繝ｪ繝ｳ繧ｰ譛ｪ螳滓命 竊・danger[32m 2[2mms[22m[39m
 [32m笨・[39m src/features/support-plan-guide/domain/__tests__/regulatoryHud.spec.ts[2m > [22mbuildRegulatoryHudItems[2m > [22m險育判螟画峩謗ｨ螂ｨ 竊・warning[32m 1[2mms[22m[39m
 [32m笨・[39m src/features/support-plan-guide/domain/__tests__/regulatoryHud.spec.ts[2m > [22mbuildRegulatoryHudItems[2m > [22mIceberg 蛻・梵縺ゅｊ + 繝｢繝九ち繝ｪ繝ｳ繧ｰ豁｣蟶ｸ 竊・ok[32m 1[2mms[22m[39m
 [32m笨・[39m src/features/support-plan-guide/domain/__tests__/regulatoryHud.spec.ts[2m > [22mbuildRegulatoryHudItems[2m > [22m蜈ｨ鬆・岼縺ｫ navigateTo 縺瑚ｨｭ螳壹＆繧後※縺・ｋ[32m 1[2mms[22m[39m
 [32m笨・[39m src/features/support-plan-guide/domain/__tests__/regulatoryHud.spec.ts[2m > [22mworstSignal[2m > [22mdanger 縺・縺､縺ｧ繧ゅ≠繧後・ danger[32m 1[2mms[22m[39m
 [32m笨・[39m src/features/support-plan-guide/domain/__tests__/regulatoryHud.spec.ts[2m > [22mworstSignal[2m > [22m蜈ｨ縺ｦ ok 縺ｪ繧・ok[32m 1[2mms[22m[39m
 [32m笨・[39m src/features/support-plan-guide/domain/__tests__/regulatoryHud.spec.ts[2m > [22msignalCounts[2m > [22m菫｡蜿ｷ縺斐→縺ｮ莉ｶ謨ｰ繧定ｿ斐☆[32m 1[2mms[22m[39m
 [32m笨・[39m src/domain/metrics/__tests__/proposalDecisionAdapter.spec.ts[2m > [22madaptSuggestionActions[2m > [22m遨ｺ驟榊・縺ｯ遨ｺ驟榊・繧定ｿ斐☆[32m 6[2mms[22m[39m
 [32m笨・[39m src/domain/metrics/__tests__/proposalDecisionAdapter.spec.ts[2m > [22madaptSuggestionActions[2m > [22maccept 竊・accepted 縺ｫ螟画鋤縺吶ｋ[32m 3[2mms[22m[39m
 [32m笨・[39m src/domain/metrics/__tests__/proposalDecisionAdapter.spec.ts[2m > [22madaptSuggestionActions[2m > [22mdismiss 竊・dismissed 縺ｫ螟画鋤縺吶ｋ[32m 1[2mms[22m[39m
 [32m笨・[39m src/domain/metrics/__tests__/proposalDecisionAdapter.spec.ts[2m > [22madaptSuggestionActions[2m > [22mruleId 縺九ｉ source 繧呈耳螳壹☆繧・[32m 1[2mms[22m[39m
 [32m笨・[39m src/domain/metrics/__tests__/proposalDecisionAdapter.spec.ts[2m > [22madaptSuggestionActions[2m > [22mproposalId 縺後Θ繝九・繧ｯ縺ｫ縺ｪ繧・[32m 3[2mms[22m[39m
 [32m笨・[39m src/domain/metrics/__tests__/proposalDecisionAdapter.spec.ts[2m > [22madaptSuggestionActions[2m > [22mtimestamp 縺・generatedAt 縺ｨ decidedAt 縺ｫ險ｭ螳壹＆繧後ｋ[32m 1[2mms[22m[39m
 [32m笨・[39m src/domain/metrics/__tests__/proposalDecisionAdapter.spec.ts[2m > [22madaptSuggestionActions[2m > [22m隍・焚莉ｶ縺ｮ mixed actions 繧呈ｭ｣縺励￥螟画鋤縺吶ｋ[32m 1[2mms[22m[39m
 [32m笨・[39m src/domain/metrics/__tests__/proposalDecisionAdapter.spec.ts[2m > [22madaptAllSuggestionActions[2m > [22m遨ｺ Map 縺ｯ遨ｺ驟榊・繧定ｿ斐☆[32m 1[2mms[22m[39m
 [32m笨・[39m src/domain/metrics/__tests__/proposalDecisionAdapter.spec.ts[2m > [22madaptAllSuggestionActions[2m > [22m隍・焚蛻ｩ逕ｨ閠・・縺ｮ actions 繧偵ヵ繝ｩ繝・ヨ縺ｫ螟画鋤縺吶ｋ[32m 2[2mms[22m[39m
 [32m笨・[39m src/domain/metrics/__tests__/proposalDecisionAdapter.spec.ts[2m > [22mintegration with computeProposalMetrics[2m > [22m螟画鋤邨先棡繧・computeProposalMetrics 縺ｫ逶ｴ謗･貂｡縺帙ｋ[32m 6[2mms[22m[39m
 [32m笨・[39m src/infra/localStorage/__tests__/localEvidenceLinkRepository.spec.ts[2m > [22mlocalEvidenceLinkRepository[2m > [22mget()[2m > [22mreturns empty map for non-existent sheet[32m 5[2mms[22m[39m
 [32m笨・[39m src/infra/localStorage/__tests__/localEvidenceLinkRepository.spec.ts[2m > [22mlocalEvidenceLinkRepository[2m > [22mget()[2m > [22mreturns stored map after save[32m 3[2mms[22m[39m
 [32m笨・[39m src/infra/localStorage/__tests__/localEvidenceLinkRepository.spec.ts[2m > [22mlocalEvidenceLinkRepository[2m > [22mget()[2m > [22misolates data between different sheets[32m 1[2mms[22m[39m
 [32m笨・[39m src/infra/localStorage/__tests__/localEvidenceLinkRepository.spec.ts[2m > [22mlocalEvidenceLinkRepository[2m > [22msave()[2m > [22moverwrites existing data for the same sheet[32m 1[2mms[22m[39m
 [32m笨・[39m src/infra/localStorage/__tests__/localEvidenceLinkRepository.spec.ts[2m > [22mlocalEvidenceLinkRepository[2m > [22msave()[2m > [22mpreserves other sheets when updating one[32m 1[2mms[22m[39m
 [32m笨・[39m src/infra/localStorage/__tests__/localEvidenceLinkRepository.spec.ts[2m > [22mlocalEvidenceLinkRepository[2m > [22mdelete()[2m > [22mremoves data for a specific sheet[32m 1[2mms[22m[39m
 [32m笨・[39m src/infra/localStorage/__tests__/localEvidenceLinkRepository.spec.ts[2m > [22mlocalEvidenceLinkRepository[2m > [22mdelete()[2m > [22mdoes not affect other sheets when deleting[32m 1[2mms[22m[39m
 [32m笨・[39m src/infra/localStorage/__tests__/localEvidenceLinkRepository.spec.ts[2m > [22mlocalEvidenceLinkRepository[2m > [22mdelete()[2m > [22mis safe to delete non-existent sheet[32m 2[2mms[22m[39m
 [32m笨・[39m src/infra/localStorage/__tests__/localEvidenceLinkRepository.spec.ts[2m > [22mlocalEvidenceLinkRepository[2m > [22mgetSummary()[2m > [22mreturns empty object when no data[32m 1[2mms[22m[39m
 [32m笨・[39m src/infra/localStorage/__tests__/localEvidenceLinkRepository.spec.ts[2m > [22mlocalEvidenceLinkRepository[2m > [22mgetSummary()[2m > [22mcounts abc and pdca links per sheet[32m 1[2mms[22m[39m
 [32m笨・[39m src/infra/localStorage/__tests__/localEvidenceLinkRepository.spec.ts[2m > [22mlocalEvidenceLinkRepository[2m > [22mgetSummary()[2m > [22mexcludes sheets with no links[32m 1[2mms[22m[39m
 [32m笨・[39m src/infra/localStorage/__tests__/localEvidenceLinkRepository.spec.ts[2m > [22mlocalEvidenceLinkRepository[2m > [22mgetSummary()[2m > [22maggregates across multiple sheets[32m 1[2mms[22m[39m
 [32m笨・[39m src/infra/localStorage/__tests__/localEvidenceLinkRepository.spec.ts[2m > [22mlocalEvidenceLinkRepository[2m > [22mresilience[2m > [22mreturns empty map when localStorage contains invalid JSON[32m 1[2mms[22m[39m
 [32m笨・[39m src/infra/localStorage/__tests__/localEvidenceLinkRepository.spec.ts[2m > [22mlocalEvidenceLinkRepository[2m > [22mresilience[2m > [22mcan save after recovering from corrupt data[32m 1[2mms[22m[39m
 [32m笨・[39m src/features/context/domain/__tests__/contextPanelLogic.spec.ts[2m > [22mcreateEmptyContextData[2m > [22m遨ｺ縺ｮ繧ｳ繝ｳ繝・く繧ｹ繝医ョ繝ｼ繧ｿ繧定ｿ斐☆[32m 5[2mms[22m[39m
 [32m笨・[39m src/features/context/domain/__tests__/contextPanelLogic.spec.ts[2m > [22mbuildContextAlerts[2m > [22m縺吶∋縺ｦ豁｣蟶ｸ縺ｪ繧臥ｩｺ驟榊・[32m 1[2mms[22m[39m
 [32m笨・[39m src/features/context/domain/__tests__/contextPanelLogic.spec.ts[2m > [22mbuildContextAlerts[2m > [22m謾ｯ謠ｴ險育判譛ｪ菴懈・縺ｧ warning[32m 1[2mms[22m[39m
 [32m笨・[39m src/features/context/domain/__tests__/contextPanelLogic.spec.ts[2m > [22mbuildContextAlerts[2m > [22m驥崎ｦ√↑逕ｳ縺鈴√ｊ縺後≠繧後・ error[32m 1[2mms[22m[39m
 [32m笨・[39m src/features/context/domain/__tests__/contextPanelLogic.spec.ts[2m > [22mbuildContextAlerts[2m > [22m螳御ｺ・ｸ医∩驥崎ｦ∫筏縺鈴√ｊ縺ｯ繧｢繝ｩ繝ｼ繝医↓縺ｪ繧峨↑縺・[32m 1[2mms[22m[39m
 [32m笨・[39m src/features/context/domain/__tests__/contextPanelLogic.spec.ts[2m > [22mbuildContextAlerts[2m > [22m逶ｴ霑題ｨ倬鹸縺ｪ縺励〒 info[32m 1[2mms[22m[39m
 [32m笨・[39m src/features/context/domain/__tests__/contextPanelLogic.spec.ts[2m > [22mbuildContextAlerts[2m > [22m蠑ｷ蠎ｦ陦悟虚髫懷ｮｳ蟇ｾ雎｡縺ｧ warning[32m 1[2mms[22m[39m
 [32m笨・[39m src/features/context/domain/__tests__/contextPanelLogic.spec.ts[2m > [22mbuildContextAlerts[2m > [22m謾ｯ謠ｴ謇矩・ｯｾ雎｡閠・ｼ亥ｼｷ蠎ｦ陦悟虚髫懷ｮｳ縺ｧ縺ｪ縺・ｼ峨〒 info[32m 1[2mms[22m[39m
 [32m笨・[39m src/features/context/domain/__tests__/contextPanelLogic.spec.ts[2m > [22mbuildContextAlerts[2m > [22m蠑ｷ蠎ｦ陦悟虚髫懷ｮｳ + 謾ｯ謠ｴ謇矩・ｯｾ雎｡縺ｯ鬮伜ｼｷ蠎ｦ縺ｮ縺ｿ陦ｨ遉ｺ[32m 1[2mms[22m[39m
 [32m笨・[39m src/features/context/domain/__tests__/contextPanelLogic.spec.ts[2m > [22mbuildContextAlerts[2m > [22m隍・焚繧｢繝ｩ繝ｼ繝医′蜷梧凾縺ｫ逕滓・縺輔ｌ繧・[32m 2[2mms[22m[39m
 [32m笨・[39m src/features/context/domain/__tests__/contextPanelLogic.spec.ts[2m > [22mbuildContextSummary[2m > [22m險倬鹸縺ｨ逕ｳ縺鈴√ｊ縺九ｉ螻･豁ｴ隕∫ｴ・ｒ逕滓・縺吶ｋ[32m 1[2mms[22m[39m
 [32m笨・[39m src/features/context/domain/__tests__/contextPanelLogic.spec.ts[2m > [22mbuildContextSummary[2m > [22m蝠城｡後′縺ｪ縺・ｴ蜷医・豁｣蟶ｸ螳御ｺ・・譌ｨ繧定ｿ斐☆[32m 1[2mms[22m[39m
 [32m笨・[39m src/features/context/domain/__tests__/contextPanelLogic.spec.ts[2m > [22mbuildContextSummary[2m > [22m繝・・繧ｿ縺悟・縺上↑縺・ｴ蜷・[32m 0[2mms[22m[39m
 [32m笨・[39m src/features/context/domain/__tests__/contextPanelLogic.spec.ts[2m > [22mbuildRecommendedPrompts[2m > [22m蠑ｷ蠎ｦ陦悟虚髫懷ｮｳ縺後≠繧句ｴ蜷医・蟆ら畑縺ｮ繝励Ο繝ｳ繝励ヨ繧貞━蜈医☆繧・[32m 1[2mms[22m[39m
 [32m笨・[39m src/features/context/domain/__tests__/contextPanelLogic.spec.ts[2m > [22mbuildRecommendedPrompts[2m > [22m謾ｯ謠ｴ謇矩・ｯｾ雎｡縺ｮ縺ｿ縺ｮ蝣ｴ蜷・[32m 1[2mms[22m[39m
 [32m笨・[39m src/features/context/domain/__tests__/contextPanelLogic.spec.ts[2m > [22mbuildRecommendedPrompts[2m > [22m逶ｮ讓吶°繧牙柑譫懃噪縺ｪ繝励Ο繝ｳ繝励ヨ繧堤函謌舌☆繧・[32m 1[2mms[22m[39m
 [32m笨・[39m src/features/context/domain/__tests__/contextPanelLogic.spec.ts[2m > [22mbuildRecommendedPrompts[2m > [22m逶ｮ讓吶′縺ｪ縺・ｴ蜷医・豎守畑繝励Ο繝ｳ繝励ヨ繧定ｿ斐☆[32m 1[2mms[22m[39m
 [32m笨・[39m src/features/context/domain/__tests__/contextPanelLogic.spec.ts[2m > [22mprioritizeContextAlerts[2m > [22m繧｢繝ｩ繝ｼ繝医ｒ error > warning > info 縺ｮ鬆・↓繧ｽ繝ｼ繝医☆繧・[32m 1[2mms[22m[39m
 [32m笨・[39m src/domain/safety/__tests__/safetyLevel.spec.ts[2m > [22mcomputeOverallLevel[2m > [22mgood[2m > [22mshould return good when all conditions are satisfied[32m 5[2mms[22m[39m
 [32m笨・[39m src/domain/safety/__tests__/safetyLevel.spec.ts[2m > [22mcomputeOverallLevel[2m > [22mwarning[2m > [22mshould return warning when committee does not meet quarterly requirement[32m 2[2mms[22m[39m
 [32m笨・[39m src/domain/safety/__tests__/safetyLevel.spec.ts[2m > [22mcomputeOverallLevel[2m > [22mwarning[2m > [22mshould return warning when guideline items are not fulfilled[32m 1[2mms[22m[39m
 [32m笨・[39m src/domain/safety/__tests__/safetyLevel.spec.ts[2m > [22mcomputeOverallLevel[2m > [22mwarning[2m > [22mshould return warning when training does not meet biannual requirement[32m 1[2mms[22m[39m
 [32m笨・[39m src/domain/safety/__tests__/safetyLevel.spec.ts[2m > [22mcomputeOverallLevel[2m > [22mwarning[2m > [22mshould return warning when multiple warning conditions are present[32m 1[2mms[22m[39m
 [32m笨・[39m src/domain/safety/__tests__/safetyLevel.spec.ts[2m > [22mcomputeOverallLevel[2m > [22mcritical[2m > [22mshould return critical when incident has pending follow-up[32m 1[2mms[22m[39m
 [32m笨・[39m src/domain/safety/__tests__/safetyLevel.spec.ts[2m > [22mcomputeOverallLevel[2m > [22mcritical[2m > [22mshould return critical when restraint has pending approval[32m 1[2mms[22m[39m
 [32m笨・[39m src/domain/safety/__tests__/safetyLevel.spec.ts[2m > [22mcomputeOverallLevel[2m > [22mcritical[2m > [22mshould return critical when restraint has incomplete requirements[32m 1[2mms[22m[39m
 [32m笨・[39m src/domain/safety/__tests__/safetyLevel.spec.ts[2m > [22mcomputeOverallLevel[2m > [22mcritical[2m > [22mshould return critical when multiple critical conditions are present[32m 1[2mms[22m[39m
 [32m笨・[39m src/domain/safety/__tests__/safetyLevel.spec.ts[2m > [22mcomputeOverallLevel[2m > [22mpriority: critical beats warning[2m > [22mshould return critical even when warning conditions also exist (critical + committee)[32m 1[2mms[22m[39m
 [32m笨・[39m src/domain/safety/__tests__/safetyLevel.spec.ts[2m > [22mcomputeOverallLevel[2m > [22mpriority: critical beats warning[2m > [22mshould return critical even when warning conditions also exist (critical + guideline)[32m 1[2mms[22m[39m
 [32m笨・[39m src/domain/safety/__tests__/safetyLevel.spec.ts[2m > [22mcomputeOverallLevel[2m > [22mpriority: critical beats warning[2m > [22mshould return critical even when all warning conditions are present simultaneously[32m 1[2mms[22m[39m
 [32m笨・[39m src/domain/safety/__tests__/safetyLevel.spec.ts[2m > [22mcomputeOverallLevel[2m > [22mpriority: critical beats warning[2m > [22mshould return warning (not good) when critical clears but warning remains[32m 1[2mms[22m[39m
 [32m笨・[39m src/domain/safety/__tests__/safetyLevel.spec.ts[2m > [22mcomputeOverallLevel[2m > [22mcount boundaries[2m > [22mshould return good when pendingFollowUp = 0 (boundary: 0 is not critical)[32m 1[2mms[22m[39m
 [32m笨・[39m src/domain/safety/__tests__/safetyLevel.spec.ts[2m > [22mcomputeOverallLevel[2m > [22mcount boundaries[2m > [22mshould return critical when pendingFollowUp = 1 (boundary: 1 triggers critical)[32m 1[2mms[22m[39m
 [32m笨・[39m src/domain/safety/__tests__/safetyLevel.spec.ts[2m > [22mcomputeOverallLevel[2m > [22mcount boundaries[2m > [22mshould return good when pendingApproval = 0 (boundary)[32m 1[2mms[22m[39m
 [32m笨・[39m src/domain/safety/__tests__/safetyLevel.spec.ts[2m > [22mcomputeOverallLevel[2m > [22mcount boundaries[2m > [22mshould return critical when pendingApproval = 1 (boundary)[32m 1[2mms[22m[39m
 [32m笨・[39m src/domain/safety/__tests__/safetyLevel.spec.ts[2m > [22mcomputeActionRequiredCount[2m > [22mshould return 0 when everything is good[32m 1[2mms[22m[39m
 [32m笨・[39m src/domain/safety/__tests__/safetyLevel.spec.ts[2m > [22mcomputeActionRequiredCount[2m > [22mshould add 1 for committee requirement failure[32m 1[2mms[22m[39m
 [32m笨・[39m src/domain/safety/__tests__/safetyLevel.spec.ts[2m > [22mcomputeActionRequiredCount[2m > [22mshould add 1 for guideline items not fulfilled[32m 1[2mms[22m[39m
 [32m笨・[39m src/domain/safety/__tests__/safetyLevel.spec.ts[2m > [22mcomputeActionRequiredCount[2m > [22mshould add 1 for training requirement failure[32m 1[2mms[22m[39m
 [32m笨・[39m src/domain/safety/__tests__/safetyLevel.spec.ts[2m > [22mcomputeActionRequiredCount[2m > [22mshould add pendingApproval count directly[32m 1[2mms[22m[39m
 [32m笨・[39m src/domain/safety/__tests__/safetyLevel.spec.ts[2m > [22mcomputeActionRequiredCount[2m > [22mshould add incompleteRequirements count directly[32m 1[2mms[22m[39m
 [32m笨・[39m src/domain/safety/__tests__/safetyLevel.spec.ts[2m > [22mcomputeActionRequiredCount[2m > [22mshould add pendingFollowUp count directly[32m 1[2mms[22m[39m
 [32m笨・[39m src/domain/safety/__tests__/safetyLevel.spec.ts[2m > [22mcomputeActionRequiredCount[2m > [22mshould sum all counts when multiple conditions are present[32m 0[2mms[22m[39m
 [32m笨・[39m tests/unit/tz.boundary.spec.ts[2m > [22mtz: boundary & error surfaces[2m > [22mformats valid IANA zone deterministically[32m 6[2mms[22m[39m
 [32m笨・[39m tests/unit/tz.boundary.spec.ts[2m > [22mtz: boundary & error surfaces[2m > [22mparses a local ISO into UTC instant via fromZonedTime (DST-safe)[32m 2[2mms[22m[39m
 [32m笨・[39m tests/unit/tz.boundary.spec.ts[2m > [22mtz: boundary & error surfaces[2m > [22mthrows on an invalid IANA zone (exercises error branch in upstream call)[32m 2[2mms[22m[39m
 [32m笨・[39m tests/unit/tz.boundary.spec.ts[2m > [22mtz: boundary & error surfaces[2m > [22mreturns stable results across repeated calls (cache-hit branch in tz helpers)[32m 1[2mms[22m[39m
 [32m笨・[39m tests/unit/tz.boundary.spec.ts[2m > [22mtz: boundary & error surfaces[2m > [22mfromZonedTime tolerates whitespace and still parses (coercion branch)[32m 1[2mms[22m[39m
 [32m笨・[39m tests/unit/tz.boundary.spec.ts[2m > [22mtz: boundary & error surfaces[2m > [22msupports direct Intl options objects in formatInTimeZone[32m 4[2mms[22m[39m
 [32m笨・[39m tests/unit/tz.boundary.spec.ts[2m > [22mtz: boundary & error surfaces[2m > [22mfalls back to default token pattern when format is omitted[32m 1[2mms[22m[39m
 [32m笨・[39m tests/unit/tz.boundary.spec.ts[2m > [22mtz: boundary & error surfaces[2m > [22mconverts Date inputs through toZonedTime and toZonedDate[32m 1[2mms[22m[39m
 [32m笨・[39m tests/unit/tz.boundary.spec.ts[2m > [22mtz: boundary & error surfaces[2m > [22mpreserves invalid dates when toZonedTime receives unparseable input[32m 1[2mms[22m[39m
 [32m笨・[39m tests/unit/tz.boundary.spec.ts[2m > [22mtz: boundary & error surfaces[2m > [22mformatInTimeZone returns empty string for invalid input[32m 1[2mms[22m[39m
 [32m笨・[39m tests/unit/tz.boundary.spec.ts[2m > [22mtz: boundary & error surfaces[2m > [22mfromZonedTime falls back to native Date parsing when format is non-ISO[32m 1[2mms[22m[39m
 [32m笨・[39m tests/unit/tz.boundary.spec.ts[2m > [22mtz: boundary & error surfaces[2m > [22mfromZonedTime returns invalid date when fallback parsing fails[32m 1[2mms[22m[39m
 [32m笨・[39m tests/unit/tz.boundary.spec.ts[2m > [22mtz: boundary & error surfaces[2m > [22mfromZonedTime accepts ISO strings with explicit offsets and Date inputs[32m 1[2mms[22m[39m
 [32m笨・[39m tests/unit/env.runtime.spec.ts[2m > [22mruntime env helpers[2m > [22mexcludes window overrides when window is unavailable[32m 11[2mms[22m[39m
 [32m笨・[39m tests/unit/env.runtime.spec.ts[2m > [22mruntime env helpers[2m > [22mclones window env to avoid accidental mutation[32m 4[2mms[22m[39m
 [32m笨・[39m tests/unit/env.runtime.spec.ts[2m > [22mruntime env helpers[2m > [22mreads values with fallback helpers[32m 3[2mms[22m[39m
 [32m笨・[39m tests/unit/env.runtime.spec.ts[2m > [22mruntime env helpers[2m > [22mderives dev mode from MODE or DEV flags[32m 6[2mms[22m[39m
 [32m笨・[39m src/features/import/domain/__tests__/parseCarePointsCsv.spec.ts[2m > [22mparseCarePointsCsv[2m > [22mparses a valid row into a BIP draft[32m 10[2mms[22m[39m
 [32m笨・[39m src/features/import/domain/__tests__/parseCarePointsCsv.spec.ts[2m > [22mparseCarePointsCsv[2m > [22mtruncates targetBehavior to 20 chars + ellipsis[32m 2[2mms[22m[39m
 [32m笨・[39m src/features/import/domain/__tests__/parseCarePointsCsv.spec.ts[2m > [22mparseCarePointsCsv[2m > [22muses full text as targetBehavior when 竕､ 20 chars[32m 1[2mms[22m[39m
 [32m笨・[39m src/features/import/domain/__tests__/parseCarePointsCsv.spec.ts[2m > [22mparseCarePointsCsv[2m > [22mskips inactive rows (IsActive = 0)[32m 2[2mms[22m[39m
 [32m笨・[39m src/features/import/domain/__tests__/parseCarePointsCsv.spec.ts[2m > [22mparseCarePointsCsv[2m > [22mskips inactive rows (IsActive = false)[32m 1[2mms[22m[39m
 [32m笨・[39m src/features/import/domain/__tests__/parseCarePointsCsv.spec.ts[2m > [22mparseCarePointsCsv[2m > [22mincludes rows with IsActive = 1[32m 1[2mms[22m[39m
 [32m笨・[39m src/features/import/domain/__tests__/parseCarePointsCsv.spec.ts[2m > [22mparseCarePointsCsv[2m > [22mskips rows with empty PointText[32m 1[2mms[22m[39m
 [32m笨・[39m src/features/import/domain/__tests__/parseCarePointsCsv.spec.ts[2m > [22mparseCarePointsCsv[2m > [22mskips rows with empty Usercode[32m 1[2mms[22m[39m
 [32m笨・[39m src/features/import/domain/__tests__/parseCarePointsCsv.spec.ts[2m > [22mparseCarePointsCsv[2m > [22mgroups multiple plans for the same user[32m 1[2mms[22m[39m
 [32m笨・[39m src/features/import/domain/__tests__/parseCarePointsCsv.spec.ts[2m > [22mparseCarePointsCsv[2m > [22massigns sequential IDs per user[32m 1[2mms[22m[39m
 [32m笨・[39m src/features/tag-analytics/domain/__tests__/planningSuggestions.spec.ts[2m > [22mbuildPlanningSuggestions - 蝓ｺ譛ｬ[2m > [22m遨ｺ驟榊・ 竊・遨ｺ驟榊・[32m 5[2mms[22m[39m
 [32m笨・[39m src/features/tag-analytics/domain/__tests__/planningSuggestions.spec.ts[2m > [22mbuildPlanningSuggestions - 蝓ｺ譛ｬ[2m > [22m繧｢繝ｩ繝ｼ繝・莉ｶ 竊・遉ｺ蜚・莉ｶ[32m 2[2mms[22m[39m
 [32m笨・[39m src/features/tag-analytics/domain/__tests__/planningSuggestions.spec.ts[2m > [22mbuildPlanningSuggestions - 蝓ｺ譛ｬ[2m > [22m隍・焚繧｢繝ｩ繝ｼ繝・竊・蜷梧焚縺ｮ遉ｺ蜚・[32m 1[2mms[22m[39m
 [32m笨・[39m src/features/tag-analytics/domain/__tests__/planningSuggestions.spec.ts[2m > [22mbuildPlanningSuggestions - rationale[2m > [22mspike 竊・+% 繧貞性繧譬ｹ諡[32m 1[2mms[22m[39m
 [32m笨・[39m src/features/tag-analytics/domain/__tests__/planningSuggestions.spec.ts[2m > [22mbuildPlanningSuggestions - rationale[2m > [22mdrop 竊・蜑肴悄髢謎ｻｶ謨ｰ繧貞性繧譬ｹ諡[32m 1[2mms[22m[39m
 [32m笨・[39m src/features/tag-analytics/domain/__tests__/planningSuggestions.spec.ts[2m > [22mbuildPlanningSuggestions - rationale[2m > [22mnew 竊・蜃ｺ迴ｾ蝗樊焚繧貞性繧譬ｹ諡[32m 1[2mms[22m[39m
 [32m笨・[39m src/features/tag-analytics/domain/__tests__/planningSuggestions.spec.ts[2m > [22mbuildPlanningSuggestions - suggestion[2m > [22m譌｢遏･繧ｿ繧ｰ・・anic・俄・ 蜈ｷ菴鍋噪縺ｪ遉ｺ蜚・[32m 1[2mms[22m[39m
 [32m笨・[39m src/features/tag-analytics/domain/__tests__/planningSuggestions.spec.ts[2m > [22mbuildPlanningSuggestions - suggestion[2m > [22m譌｢遏･繧ｿ繧ｰ・・leeping・俄・ 逹｡逵髢｢騾｣縺ｮ遉ｺ蜚・[32m 1[2mms[22m[39m
 [32m笨・[39m src/features/tag-analytics/domain/__tests__/planningSuggestions.spec.ts[2m > [22mbuildPlanningSuggestions - suggestion[2m > [22m譌｢遏･繧ｿ繧ｰ・・ooperation・俄・ 繝昴ず繝・ぅ繝也ｳｻ縺ｮ遉ｺ蜚・[32m 1[2mms[22m[39m
 [32m笨・[39m src/features/tag-analytics/domain/__tests__/planningSuggestions.spec.ts[2m > [22mbuildPlanningSuggestions - suggestion[2m > [22m荳肴・繧ｿ繧ｰ 竊・繧ｸ繧ｧ繝阪Μ繝・け遉ｺ蜚・[32m 1[2mms[22m[39m
 [32m笨・[39m src/features/tag-analytics/domain/__tests__/planningSuggestions.spec.ts[2m > [22mbuildPlanningSuggestions - suggestion[2m > [22m蜈ｨ12繧ｿ繧ｰ縺ｫ遉ｺ蜚・′蟄伜惠縺吶ｋ[32m 2[2mms[22m[39m
 [32m笨・[39m src/features/tag-analytics/domain/__tests__/planningSuggestions.spec.ts[2m > [22mbuildPlanningSuggestions - priority[2m > [22mspike = 1・域怙鬮伜━蜈亥ｺｦ・・[32m 1[2mms[22m[39m
 [32m笨・[39m src/features/tag-analytics/domain/__tests__/planningSuggestions.spec.ts[2m > [22mbuildPlanningSuggestions - priority[2m > [22mdrop = 2[32m 1[2mms[22m[39m
 [32m笨・[39m src/features/tag-analytics/domain/__tests__/planningSuggestions.spec.ts[2m > [22mbuildPlanningSuggestions - priority[2m > [22mnew = 3[32m 1[2mms[22m[39m
 [32m笨・[39m src/features/tag-analytics/domain/__tests__/planningSuggestions.spec.ts[2m > [22mgroupSuggestionsByCategory[2m > [22m遨ｺ 竊・遨ｺ繧ｪ繝悶ず繧ｧ繧ｯ繝・[32m 1[2mms[22m[39m
 [32m笨・[39m src/features/tag-analytics/domain/__tests__/planningSuggestions.spec.ts[2m > [22mgroupSuggestionsByCategory[2m > [22m蜷後き繝・ざ繝ｪ 竊・1繧ｰ繝ｫ繝ｼ繝・[32m 1[2mms[22m[39m
 [32m笨・[39m src/features/tag-analytics/domain/__tests__/planningSuggestions.spec.ts[2m > [22mgroupSuggestionsByCategory[2m > [22m逡ｰ縺ｪ繧九き繝・ざ繝ｪ 竊・隍・焚繧ｰ繝ｫ繝ｼ繝・[32m 1[2mms[22m[39m
 [32m笨・[39m src/pages/__tests__/businessJournalPreviewHelpers.spec.ts[2m > [22mgetDaysInMonth[2m > [22mJanuary has 31 days[32m 5[2mms[22m[39m
 [32m笨・[39m src/pages/__tests__/businessJournalPreviewHelpers.spec.ts[2m > [22mgetDaysInMonth[2m > [22mFebruary 2024 (leap year) has 29 days[32m 1[2mms[22m[39m
 [32m笨・[39m src/pages/__tests__/businessJournalPreviewHelpers.spec.ts[2m > [22mgetDaysInMonth[2m > [22mFebruary 2023 (non-leap year) has 28 days[32m 1[2mms[22m[39m
 [32m笨・[39m src/pages/__tests__/businessJournalPreviewHelpers.spec.ts[2m > [22mgetDaysInMonth[2m > [22mApril has 30 days[32m 1[2mms[22m[39m
 [32m笨・[39m src/pages/__tests__/businessJournalPreviewHelpers.spec.ts[2m > [22mgetDaysInMonth[2m > [22mDecember has 31 days[32m 1[2mms[22m[39m
 [32m笨・[39m src/pages/__tests__/businessJournalPreviewHelpers.spec.ts[2m > [22mgetDayColor[2m > [22mSunday returns red (#f44336)[32m 1[2mms[22m[39m
 [32m笨・[39m src/pages/__tests__/businessJournalPreviewHelpers.spec.ts[2m > [22mgetDayColor[2m > [22mSaturday returns blue (#2196f3)[32m 1[2mms[22m[39m
 [32m笨・[39m src/pages/__tests__/businessJournalPreviewHelpers.spec.ts[2m > [22mgetDayColor[2m > [22mWeekday returns "inherit"[32m 1[2mms[22m[39m
 [32m笨・[39m src/pages/__tests__/businessJournalPreviewHelpers.spec.ts[2m > [22mgetDayColor[2m > [22mFriday (weekday) returns "inherit"[32m 1[2mms[22m[39m
 [32m笨・[39m src/pages/__tests__/businessJournalPreviewHelpers.spec.ts[2m > [22mgetDayLabel[2m > [22mMonday 竊・譛・[32m 1[2mms[22m[39m
 [32m笨・[39m src/pages/__tests__/businessJournalPreviewHelpers.spec.ts[2m > [22mgetDayLabel[2m > [22mSaturday 竊・蝨・[32m 1[2mms[22m[39m
 [32m笨・[39m src/pages/__tests__/businessJournalPreviewHelpers.spec.ts[2m > [22mgetDayLabel[2m > [22mSunday 竊・譌･[32m 1[2mms[22m[39m
 [32m笨・[39m src/pages/__tests__/businessJournalPreviewHelpers.spec.ts[2m > [22mgetDayLabel[2m > [22mWednesday 竊・豌ｴ[32m 1[2mms[22m[39m
 [32m笨・[39m src/pages/__tests__/businessJournalPreviewHelpers.spec.ts[2m > [22mbuildTooltipLines[2m > [22m莨第律 returns empty array[32m 2[2mms[22m[39m
 [32m笨・[39m src/pages/__tests__/businessJournalPreviewHelpers.spec.ts[2m > [22mbuildTooltipLines[2m > [22m蜃ｺ蟶ｭ without meal or activities returns only attendance line[32m 1[2mms[22m[39m
 [32m笨・[39m src/pages/__tests__/businessJournalPreviewHelpers.spec.ts[2m > [22mbuildTooltipLines[2m > [22mincludes mealAmount when present[32m 2[2mms[22m[39m
 [32m笨・[39m src/pages/__tests__/businessJournalPreviewHelpers.spec.ts[2m > [22mbuildTooltipLines[2m > [22mincludes AM activities when present[32m 1[2mms[22m[39m
 [32m笨・[39m src/pages/__tests__/businessJournalPreviewHelpers.spec.ts[2m > [22mbuildTooltipLines[2m > [22mincludes PM activities when present[32m 1[2mms[22m[39m
 [32m笨・[39m src/pages/__tests__/businessJournalPreviewHelpers.spec.ts[2m > [22mbuildTooltipLines[2m > [22mincludes specialNotes when present[32m 1[2mms[22m[39m
 [32m笨・[39m src/pages/__tests__/businessJournalPreviewHelpers.spec.ts[2m > [22mbuildTooltipLines[2m > [22mfull entry returns all 5 lines in correct order[32m 1[2mms[22m[39m
 [32m笨・[39m src/pages/__tests__/businessJournalPreviewHelpers.spec.ts[2m > [22mbuildTooltipLines[2m > [22momits empty activity arrays[32m 1[2mms[22m[39m
[90mstdout[2m | tests/unit/infra/SharePointBehaviorRepository.prevent-500.spec.ts
[22m[39m[MSAL ENV] Validated successfully

 [32m笨・[39m src/domain/callLogs/__tests__/aggregateHelpers.spec.ts[2m > [22mcountOpenCallLogs[2m > [22mshould return 0 for empty array[32m 5[2mms[22m[39m
 [32m笨・[39m src/domain/callLogs/__tests__/aggregateHelpers.spec.ts[2m > [22mcountOpenCallLogs[2m > [22mshould count new and callback_pending as open[32m 1[2mms[22m[39m
 [32m笨・[39m src/domain/callLogs/__tests__/aggregateHelpers.spec.ts[2m > [22mcountOpenCallLogs[2m > [22mshould not count done logs[32m 1[2mms[22m[39m
 [32m笨・[39m src/domain/callLogs/__tests__/aggregateHelpers.spec.ts[2m > [22mcountOpenCallLogs[2m > [22mshould count all when all are new[32m 1[2mms[22m[39m
 [32m笨・[39m src/domain/callLogs/__tests__/aggregateHelpers.spec.ts[2m > [22mcountUrgentOpenCallLogs[2m > [22mshould return 0 for empty array[32m 1[2mms[22m[39m
 [32m笨・[39m src/domain/callLogs/__tests__/aggregateHelpers.spec.ts[2m > [22mcountUrgentOpenCallLogs[2m > [22mshould count only urgent + not done[32m 1[2mms[22m[39m
 [32m笨・[39m src/domain/callLogs/__tests__/aggregateHelpers.spec.ts[2m > [22mcountUrgentOpenCallLogs[2m > [22mshould not count urgent logs that are done[32m 1[2mms[22m[39m
 [32m笨・[39m src/domain/callLogs/__tests__/aggregateHelpers.spec.ts[2m > [22mcountUrgentOpenCallLogs[2m > [22mshould count urgent+callback_pending as open[32m 1[2mms[22m[39m
 [32m笨・[39m src/domain/callLogs/__tests__/aggregateHelpers.spec.ts[2m > [22mcountCallbackPendingCallLogs[2m > [22mshould return 0 for empty array[32m 1[2mms[22m[39m
 [32m笨・[39m src/domain/callLogs/__tests__/aggregateHelpers.spec.ts[2m > [22mcountCallbackPendingCallLogs[2m > [22mshould count only callback_pending[32m 1[2mms[22m[39m
 [32m笨・[39m src/domain/callLogs/__tests__/aggregateHelpers.spec.ts[2m > [22mcountCallbackPendingCallLogs[2m > [22mshould return 0 when all are done[32m 1[2mms[22m[39m
 [32m笨・[39m src/domain/callLogs/__tests__/aggregateHelpers.spec.ts[2m > [22mcountMyOpenCallLogs[2m > [22mshould return 0 for empty array[32m 1[2mms[22m[39m
 [32m笨・[39m src/domain/callLogs/__tests__/aggregateHelpers.spec.ts[2m > [22mcountMyOpenCallLogs[2m > [22mshould return 0 when myName is empty string[32m 1[2mms[22m[39m
 [32m笨・[39m src/domain/callLogs/__tests__/aggregateHelpers.spec.ts[2m > [22mcountMyOpenCallLogs[2m > [22mshould count only open logs targeted at myName[32m 1[2mms[22m[39m
 [32m笨・[39m src/domain/callLogs/__tests__/aggregateHelpers.spec.ts[2m > [22mcountMyOpenCallLogs[2m > [22mshould return 0 when myName does not match any targetStaffName[32m 1[2mms[22m[39m
 [32m笨・[39m src/domain/callLogs/__tests__/aggregateHelpers.spec.ts[2m > [22mcountMyOpenCallLogs[2m > [22mshould handle whitespace around names with trim()[32m 1[2mms[22m[39m
 [32m笨・[39m src/domain/callLogs/__tests__/aggregateHelpers.spec.ts[2m > [22mcountOverdueCallLogs[2m > [22mshould return 0 for empty array[32m 1[2mms[22m[39m
 [32m笨・[39m src/domain/callLogs/__tests__/aggregateHelpers.spec.ts[2m > [22mcountOverdueCallLogs[2m > [22mshould count callback_pending logs whose callbackDueAt is in the past[32m 1[2mms[22m[39m
 [32m笨・[39m src/domain/callLogs/__tests__/aggregateHelpers.spec.ts[2m > [22mcountOverdueCallLogs[2m > [22mshould return 0 when callbackDueAt is in the future[32m 1[2mms[22m[39m
 [32m笨・[39m src/domain/callLogs/__tests__/aggregateHelpers.spec.ts[2m > [22mcountOverdueCallLogs[2m > [22mshould return 0 when callbackDueAt is not set[32m 1[2mms[22m[39m
 [32m笨・[39m src/domain/callLogs/__tests__/aggregateHelpers.spec.ts[2m > [22mcountOverdueCallLogs[2m > [22mshould count multiple overdue logs correctly[32m 1[2mms[22m[39m
 [32m笨・[39m src/domain/metrics/__tests__/pdcaCycleMetrics.spec.ts[2m > [22mdiagnoseCycle[2m > [22m蜈ｨ繧ｹ繝・ャ繝怜ｮ御ｺ・竊・completed[32m 5[2mms[22m[39m
 [32m笨・[39m src/domain/metrics/__tests__/pdcaCycleMetrics.spec.ts[2m > [22mdiagnoseCycle[2m > [22m譛滄剞蜀・〒譛ｪ螳御ｺ・竊・in_progress[32m 1[2mms[22m[39m
 [32m笨・[39m src/domain/metrics/__tests__/pdcaCycleMetrics.spec.ts[2m > [22mdiagnoseCycle[2m > [22m譛滄剞雜・℃縺ｧ譛ｪ螳御ｺ・竊・overdue[32m 1[2mms[22m[39m
 [32m笨・[39m src/domain/metrics/__tests__/pdcaCycleMetrics.spec.ts[2m > [22mdiagnoseCycle[2m > [22m謠先｡域治逕ｨ蠕・14 譌･莉･荳願ｦ狗峩縺玲悴螳御ｺ・竊・stalled[32m 1[2mms[22m[39m
 [32m笨・[39m src/domain/metrics/__tests__/pdcaCycleMetrics.spec.ts[2m > [22mdiagnoseCycle[2m > [22m謠先｡域治逕ｨ蠕・13 譌･ 竊・縺ｾ縺 stalled 縺ｧ縺ｯ縺ｪ縺・[32m 1[2mms[22m[39m
 [32m笨・[39m src/domain/metrics/__tests__/pdcaCycleMetrics.spec.ts[2m > [22mdiagnoseCycle[2m > [22m螳御ｺ・し繧､繧ｯ繝ｫ縺ｮ cycleDays 繧呈ｭ｣縺励￥險育ｮ励☆繧・[32m 1[2mms[22m[39m
 [32m笨・[39m src/domain/metrics/__tests__/pdcaCycleMetrics.spec.ts[2m > [22mdiagnoseCycle[2m > [22m謠先｡遺・隕狗峩縺励・譌･謨ｰ繧呈ｭ｣縺励￥險育ｮ励☆繧・[32m 1[2mms[22m[39m
 [32m笨・[39m src/domain/metrics/__tests__/pdcaCycleMetrics.spec.ts[2m > [22mdiagnoseCycle[2m > [22m隕狗峩縺冷・險育判譖ｴ譁ｰ縺ｮ譌･謨ｰ繧呈ｭ｣縺励￥險育ｮ励☆繧・[32m 1[2mms[22m[39m
 [32m笨・[39m src/domain/metrics/__tests__/pdcaCycleMetrics.spec.ts[2m > [22mdiagnoseCycle[2m > [22mproposalAcceptedAt 縺・null 縺ｧ繧・proposalToReviewDays 縺ｯ null[32m 1[2mms[22m[39m
 [32m笨・[39m src/domain/metrics/__tests__/pdcaCycleMetrics.spec.ts[2m > [22mdiagnoseCycle[2m > [22m螳御ｺ・′譛滄剞蜀・↑繧・overdueDays 縺ｯ 0[32m 1[2mms[22m[39m
 [32m笨・[39m src/domain/metrics/__tests__/pdcaCycleMetrics.spec.ts[2m > [22mcomputePdcaCycleMetrics[2m > [22m遨ｺ驟榊・縺ｧ繧ゅお繝ｩ繝ｼ縺ｪ縺丞・謖・ｨ・0 繧定ｿ斐☆[32m 3[2mms[22m[39m
 [32m笨・[39m src/domain/metrics/__tests__/pdcaCycleMetrics.spec.ts[2m > [22mcomputePdcaCycleMetrics[2m > [22m蜈ｨ繧ｵ繧､繧ｯ繝ｫ螳御ｺ・竊・螳瑚ｵｰ邇・100%[32m 1[2mms[22m[39m
 [32m笨・[39m src/domain/metrics/__tests__/pdcaCycleMetrics.spec.ts[2m > [22mcomputePdcaCycleMetrics[2m > [22m譛滄剞雜・℃繧ｵ繧､繧ｯ繝ｫ縺ｮ髮・ｨ医′豁｣縺励＞[32m 1[2mms[22m[39m
 [32m笨・[39m src/domain/metrics/__tests__/pdcaCycleMetrics.spec.ts[2m > [22mcomputePdcaCycleMetrics[2m > [22malerts 縺ｯ overdue + stalled 縺ｮ縺ｿ縲｛verdueDays 髯埼・[32m 1[2mms[22m[39m
 [32m笨・[39m src/domain/metrics/__tests__/pdcaCycleMetrics.spec.ts[2m > [22mcomputePdcaCycleMetrics[2m > [22m繝｢繝九ち繝ｪ繝ｳ繧ｰ螳滓命邇・ｒ豁｣縺励￥險育ｮ励☆繧・[32m 1[2mms[22m[39m
 [32m笨・[39m src/domain/metrics/__tests__/pdcaCycleMetrics.spec.ts[2m > [22mcomputePdcaCycleMetrics[2m > [22m騾溷ｺｦ謖・ｨ吶・荳ｭ螟ｮ蛟､繧呈ｭ｣縺励￥險育ｮ励☆繧・[32m 1[2mms[22m[39m
 [32m笨・[39m src/domain/metrics/__tests__/pdcaCycleMetrics.spec.ts[2m > [22mrealistic scenario[2m > [22m1 莠区･ｭ謇 3 繝ｶ譛亥・縺ｮ驕狗畑繝・・繧ｿ繧呈ｭ｣縺励￥髮・ｨ医☆繧・[32m 2[2mms[22m[39m
 [32m笨・[39m src/features/operationFlow/data/OperationalPhaseRepository.spec.ts[2m > [22mInMemoryOperationalPhaseRepository[2m > [22mgetAll 縺ｯ蛻晄悄迥ｶ諷九〒繝・ヵ繧ｩ繝ｫ繝郁ｨｭ螳壹ｒ霑斐☆[32m 6[2mms[22m[39m
 [32m笨・[39m src/features/operationFlow/data/OperationalPhaseRepository.spec.ts[2m > [22mInMemoryOperationalPhaseRepository[2m > [22mgetAll 縺ｯ sortOrder 鬆・↓繧ｽ繝ｼ繝医＆繧後◆驟榊・繧定ｿ斐☆[32m 2[2mms[22m[39m
 [32m笨・[39m src/features/operationFlow/data/OperationalPhaseRepository.spec.ts[2m > [22mInMemoryOperationalPhaseRepository[2m > [22mgetAll 縺ｯ繝・ぅ繝ｼ繝励さ繝斐・繧定ｿ斐☆・亥､夜Κ螟画峩縺悟・驛ｨ縺ｫ蠖ｱ髻ｿ縺励↑縺・ｼ・[32m 1[2mms[22m[39m
 [32m笨・[39m src/features/operationFlow/data/OperationalPhaseRepository.spec.ts[2m > [22mInMemoryOperationalPhaseRepository[2m > [22msaveAll 縺ｧ菫晏ｭ倥＠縺溯ｨｭ螳壹′ getAll 縺ｧ蜿門ｾ励〒縺阪ｋ[32m 1[2mms[22m[39m
 [32m笨・[39m src/features/operationFlow/data/OperationalPhaseRepository.spec.ts[2m > [22mInMemoryOperationalPhaseRepository[2m > [22msaveAll 縺ｯ繝・ぅ繝ｼ繝励さ繝斐・繧剃ｿ晄戟縺吶ｋ・井ｿ晏ｭ伜ｾ後・螟夜Κ螟画峩縺悟・驛ｨ縺ｫ蠖ｱ髻ｿ縺励↑縺・ｼ・[32m 1[2mms[22m[39m
 [32m笨・[39m src/features/operationFlow/data/OperationalPhaseRepository.spec.ts[2m > [22mInMemoryOperationalPhaseRepository[2m > [22msaveAll 縺ｯ譌｢蟄倥・險ｭ螳壹ｒ螳悟・縺ｫ鄂ｮ謠帙☆繧・[32m 1[2mms[22m[39m
 [32m笨・[39m src/features/operationFlow/data/OperationalPhaseRepository.spec.ts[2m > [22mInMemoryOperationalPhaseRepository[2m > [22mresetToDefault 縺ｯ繝・ヵ繧ｩ繝ｫ繝郁ｨｭ螳壹ｒ蠕ｩ蜈・＠霑斐☆[32m 1[2mms[22m[39m
 [32m笨・[39m src/features/operationFlow/data/OperationalPhaseRepository.spec.ts[2m > [22mInMemoryOperationalPhaseRepository[2m > [22mresetToDefault 蠕後・ getAll 繧ゅョ繝輔か繝ｫ繝医ｒ霑斐☆[32m 1[2mms[22m[39m
 [32m笨・[39m src/features/operationFlow/data/OperationalPhaseRepository.spec.ts[2m > [22mInMemoryOperationalPhaseRepository[2m > [22m繧ｫ繧ｹ繧ｿ繝蛻晄悄蛟､縺ｧ繧､繝ｳ繧ｹ繧ｿ繝ｳ繧ｹ蛹悶〒縺阪ｋ[32m 1[2mms[22m[39m
 [32m笨・[39m src/features/operationFlow/data/OperationalPhaseRepository.spec.ts[2m > [22mcreateOperationalPhaseRepository[2m > [22mRepository 繧､繝ｳ繧ｹ繧ｿ繝ｳ繧ｹ繧定ｿ斐☆[32m 1[2mms[22m[39m
 [32m笨・[39m src/features/operationFlow/data/OperationalPhaseRepository.spec.ts[2m > [22mcreateOperationalPhaseRepository[2m > [22m蜷御ｸ繧､繝ｳ繧ｹ繧ｿ繝ｳ繧ｹ繧定ｿ斐☆・医す繝ｳ繧ｰ繝ｫ繝医Φ・・[32m 1[2mms[22m[39m
 [32m笨・[39m src/features/operationFlow/data/OperationalPhaseRepository.spec.ts[2m > [22mcreateOperationalPhaseRepository[2m > [22m__resetRepositoryForTesting 蠕後・譁ｰ縺励＞繧､繝ｳ繧ｹ繧ｿ繝ｳ繧ｹ繧定ｿ斐☆[32m 2[2mms[22m[39m
 [32m笨・[39m src/features/operationFlow/data/OperationalPhaseRepository.spec.ts[2m > [22mcreateOperationalPhaseRepository[2m > [22mfactory 邨檎罰縺ｮ繧､繝ｳ繧ｹ繧ｿ繝ｳ繧ｹ縺ｧ繝・ヵ繧ｩ繝ｫ繝郁ｨｭ螳壹ｒ蜿門ｾ励〒縺阪ｋ[32m 1[2mms[22m[39m
 [32m笨・[39m src/features/operationFlow/data/OperationalPhaseRepository.spec.ts[2m > [22mcreateOperationalPhaseRepository[2m > [22mfactory 邨檎罰縺ｮ繧､繝ｳ繧ｹ繧ｿ繝ｳ繧ｹ縺ｧ saveAll 竊・getAll 縺悟虚縺・[32m 1[2mms[22m[39m
 [32m笨・[39m src/domain/isp/__tests__/approval.spec.ts[2m > [22mispApprovalSchema[2m > [22m繝・ヵ繧ｩ繝ｫ繝亥､縺・draft 繧ｹ繝・・繧ｿ繧ｹ縺ｧ null 繝輔ぅ繝ｼ繝ｫ繝・[32m 6[2mms[22m[39m
 [32m笨・[39m src/domain/isp/__tests__/approval.spec.ts[2m > [22mispApprovalSchema[2m > [22mapproved 繧ｹ繝・・繧ｿ繧ｹ縺ｨ謇ｿ隱崎・ュ蝣ｱ繧貞女縺大・繧後ｋ[32m 2[2mms[22m[39m
 [32m笨・[39m src/domain/isp/__tests__/approval.spec.ts[2m > [22mcanApproveIsp[2m > [22mconsent_pending 縺九▽譛ｪ謇ｿ隱阪・ ISP 縺ｯ謇ｿ隱榊庄閭ｽ[32m 2[2mms[22m[39m
 [32m笨・[39m src/domain/isp/__tests__/approval.spec.ts[2m > [22mcanApproveIsp[2m > [22mstatus=assessment 縺ｧ縺ｯ謇ｿ隱堺ｸ榊庄[32m 1[2mms[22m[39m
 [32m笨・[39m src/domain/isp/__tests__/approval.spec.ts[2m > [22mcanApproveIsp[2m > [22mstatus=proposal 縺ｧ縺ｯ謇ｿ隱堺ｸ榊庄[32m 1[2mms[22m[39m
 [32m笨・[39m src/domain/isp/__tests__/approval.spec.ts[2m > [22mcanApproveIsp[2m > [22mstatus=meeting 縺ｧ縺ｯ謇ｿ隱堺ｸ榊庄[32m 1[2mms[22m[39m
 [32m笨・[39m src/domain/isp/__tests__/approval.spec.ts[2m > [22mcanApproveIsp[2m > [22mstatus=active 縺ｧ縺ｯ謇ｿ隱堺ｸ榊庄[32m 1[2mms[22m[39m
 [32m笨・[39m src/domain/isp/__tests__/approval.spec.ts[2m > [22mcanApproveIsp[2m > [22mstatus=monitoring 縺ｧ縺ｯ謇ｿ隱堺ｸ榊庄[32m 0[2mms[22m[39m
 [32m笨・[39m src/domain/isp/__tests__/approval.spec.ts[2m > [22mcanApproveIsp[2m > [22mstatus=revision 縺ｧ縺ｯ謇ｿ隱堺ｸ榊庄[32m 1[2mms[22m[39m
 [32m笨・[39m src/domain/isp/__tests__/approval.spec.ts[2m > [22mcanApproveIsp[2m > [22mstatus=closed 縺ｧ縺ｯ謇ｿ隱堺ｸ榊庄[32m 1[2mms[22m[39m
 [32m笨・[39m src/domain/isp/__tests__/approval.spec.ts[2m > [22mcanApproveIsp[2m > [22m縺吶〒縺ｫ approved 縺ｮ ISP 縺ｯ蜀肴価隱堺ｸ榊庄[32m 1[2mms[22m[39m
 [32m笨・[39m src/domain/isp/__tests__/approval.spec.ts[2m > [22mcanApproveIsp[2m > [22mcompliance 縺・undefined 縺ｧ繧・consent_pending 縺ｪ繧画価隱榊庄閭ｽ[32m 1[2mms[22m[39m
 [32m笨・[39m src/domain/isp/__tests__/approval.spec.ts[2m > [22mapproveIsp[2m > [22mconsent_pending 縺ｮ ISP 繧呈価隱阪〒縺阪ｋ[32m 1[2mms[22m[39m
 [32m笨・[39m src/domain/isp/__tests__/approval.spec.ts[2m > [22mapproveIsp[2m > [22m蜈・・繝励Λ繝ｳ繧貞､画峩縺励↑縺・う繝溘Η繝ｼ繧ｿ繝悶Ν諤ｧ[32m 1[2mms[22m[39m
 [32m笨・[39m src/domain/isp/__tests__/approval.spec.ts[2m > [22mapproveIsp[2m > [22m蜈・・ compliance 繝輔ぅ繝ｼ繝ｫ繝峨ｒ菫晄戟縺吶ｋ[32m 1[2mms[22m[39m
 [32m笨・[39m src/domain/isp/__tests__/approval.spec.ts[2m > [22mapproveIsp[2m > [22mcompliance 縺・undefined 縺ｮ ISP 縺ｧ繧よ価隱榊庄閭ｽ[32m 1[2mms[22m[39m
 [32m笨・[39m src/domain/isp/__tests__/approval.spec.ts[2m > [22mapproveIsp[2m > [22massessment 繧ｹ繝・・繧ｿ繧ｹ縺ｧ縺ｯ Error 繧・throw 縺吶ｋ[32m 2[2mms[22m[39m
 [32m笨・[39m src/domain/isp/__tests__/approval.spec.ts[2m > [22mapproveIsp[2m > [22m縺吶〒縺ｫ approved 縺ｮ ISP 縺ｧ縺ｯ Error 繧・throw 縺吶ｋ[32m 1[2mms[22m[39m
 [32m笨・[39m tests/unit/hashUtil.deep.spec.ts[2m > [22mhashUtil deep canonicalization and hash stability[2m > [22mproduces identical hash for deep-equal objects with different key orders[32m 54[2mms[22m[39m
 [32m笨・[39m tests/unit/hashUtil.deep.spec.ts[2m > [22mhashUtil deep canonicalization and hash stability[2m > [22mhash changes when values differ even if structure matches[32m 3[2mms[22m[39m
 [32m笨・[39m src/features/handoff/analysis/__tests__/reviewRecommendation.spec.ts[2m > [22mbuildReviewRecommendations[2m > [22murgency 蛻､螳・[2m > [22mscore >= 60 竊・urgent[32m 7[2mms[22m[39m
 [32m笨・[39m src/features/handoff/analysis/__tests__/reviewRecommendation.spec.ts[2m > [22mbuildReviewRecommendations[2m > [22murgency 蛻､螳・[2m > [22mscore >= 35 竊・recommended[32m 1[2mms[22m[39m
 [32m笨・[39m src/features/handoff/analysis/__tests__/reviewRecommendation.spec.ts[2m > [22mbuildReviewRecommendations[2m > [22murgency 蛻､螳・[2m > [22mscore >= 15 竊・suggested[32m 1[2mms[22m[39m
 [32m笨・[39m src/features/handoff/analysis/__tests__/reviewRecommendation.spec.ts[2m > [22mbuildReviewRecommendations[2m > [22murgency 蛻､螳・[2m > [22mscore < 15 竊・none・育ｵ先棡縺ｫ蜷ｫ縺ｾ縺ｪ縺・ｼ・[32m 1[2mms[22m[39m
 [32m笨・[39m src/features/handoff/analysis/__tests__/reviewRecommendation.spec.ts[2m > [22mbuildReviewRecommendations[2m > [22murgency 蛻､螳・[2m > [22m繧ｫ繧ｹ繧ｿ繝髢ｾ蛟､縺悟柑縺・[32m 1[2mms[22m[39m
 [32m笨・[39m src/features/handoff/analysis/__tests__/reviewRecommendation.spec.ts[2m > [22mbuildReviewRecommendations[2m > [22m謠先｡医そ繧ｯ繧ｷ繝ｧ繝ｳ迚ｹ螳・[2m > [22m陦悟虚螟牙喧繧｢繝ｩ繝ｼ繝・竊・ﾂｧ2 蟇ｾ雎｡陦悟虚[32m 1[2mms[22m[39m
 [32m笨・[39m src/features/handoff/analysis/__tests__/reviewRecommendation.spec.ts[2m > [22mbuildReviewRecommendations[2m > [22m謠先｡医そ繧ｯ繧ｷ繝ｧ繝ｳ迚ｹ螳・[2m > [22m蜊ｱ讖溘い繝ｩ繝ｼ繝・竊・ﾂｧ8 蜊ｱ讖溷ｯｾ蠢・[32m 1[2mms[22m[39m
 [32m笨・[39m src/features/handoff/analysis/__tests__/reviewRecommendation.spec.ts[2m > [22mbuildReviewRecommendations[2m > [22m謠先｡医そ繧ｯ繧ｷ繝ｧ繝ｳ迚ｹ螳・[2m > [22m譎る俣蟶ｯ繝代ち繝ｼ繝ｳ 竊・ﾂｧ5 莠磯亟逧・髪謠ｴ[32m 1[2mms[22m[39m
 [32m笨・[39m src/features/handoff/analysis/__tests__/reviewRecommendation.spec.ts[2m > [22mbuildReviewRecommendations[2m > [22m謠先｡医そ繧ｯ繧ｷ繝ｧ繝ｳ迚ｹ螳・[2m > [22m譛ｪ蟇ｾ蠢懊ヱ繧ｿ繝ｼ繝ｳ 竊・ﾂｧ7 蝠城｡瑚｡悟虚譎ゅ・蟇ｾ蠢・[32m 1[2mms[22m[39m
 [32m笨・[39m src/features/handoff/analysis/__tests__/reviewRecommendation.spec.ts[2m > [22mbuildReviewRecommendations[2m > [22m謠先｡医そ繧ｯ繧ｷ繝ｧ繝ｳ迚ｹ螳・[2m > [22m騾｣邯壽律繝代ち繝ｼ繝ｳ 竊・ﾂｧ9 繝｢繝九ち繝ｪ繝ｳ繧ｰ[32m 1[2mms[22m[39m
 [32m笨・[39m src/features/handoff/analysis/__tests__/reviewRecommendation.spec.ts[2m > [22mbuildReviewRecommendations[2m > [22m謠先｡医そ繧ｯ繧ｷ繝ｧ繝ｳ迚ｹ螳・[2m > [22m蜈ｷ菴薙そ繧ｯ繧ｷ繝ｧ繝ｳ荳肴・縺ｧ繧ｹ繧ｳ繧｢鬮・竊・ﾂｧ3 豌ｷ螻ｱ蛻・梵[32m 1[2mms[22m[39m
 [32m笨・[39m src/features/handoff/analysis/__tests__/reviewRecommendation.spec.ts[2m > [22mbuildReviewRecommendations[2m > [22m繧ｵ繝槭Μ繝ｼ縺ｨ繧ｽ繝ｼ繝・[2m > [22m繧ｵ繝槭Μ繝ｼ縺ｫ蛻ｩ逕ｨ閠・錐縺ｨ繧ｻ繧ｯ繧ｷ繝ｧ繝ｳ蜷阪′蜷ｫ縺ｾ繧後ｋ[32m 1[2mms[22m[39m
 [32m笨・[39m src/features/handoff/analysis/__tests__/reviewRecommendation.spec.ts[2m > [22mbuildReviewRecommendations[2m > [22m繧ｵ繝槭Μ繝ｼ縺ｨ繧ｽ繝ｼ繝・[2m > [22murgency 髯埼・〒繧ｽ繝ｼ繝医＆繧後ｋ[32m 1[2mms[22m[39m
 [32m笨・[39m src/features/handoff/analysis/__tests__/reviewRecommendation.spec.ts[2m > [22mbuildReviewRecommendations[2m > [22mbyUrgency 繧ｫ繧ｦ繝ｳ繝・[2m > [22murgency 蛻･縺ｮ繧ｫ繧ｦ繝ｳ繝医′豁｣縺励＞[32m 1[2mms[22m[39m
 [32m笨・[39m src/features/handoff/analysis/__tests__/reviewRecommendation.spec.ts[2m > [22mbuildReviewRecommendations[2m > [22m遨ｺ蜈･蜉・[2m > [22m遨ｺ縺ｮ繝ｪ繧ｹ繧ｯ邨先棡 竊・遨ｺ縺ｮ謠先｡・[32m 1[2mms[22m[39m
 [32m笨・[39m src/features/handoff/analysis/__tests__/reviewRecommendation.spec.ts[2m > [22mbuildReviewRecommendations[2m > [22mgeneratedAt[2m > [22mbaseDate 縺・generatedAt 縺ｫ蜿肴丐縺輔ｌ繧・[32m 1[2mms[22m[39m
 [32m笨・[39m src/i18n/__tests__/ui.spec.ts[2m > [22mi18n/ui[2m > [22mui structure[2m > [22mshould maintain backward compatibility for existing keys[32m 5[2mms[22m[39m
 [32m笨・[39m src/i18n/__tests__/ui.spec.ts[2m > [22mi18n/ui[2m > [22mui structure[2m > [22mshould have all required schedule action labels[32m 1[2mms[22m[39m
 [32m笨・[39m src/i18n/__tests__/ui.spec.ts[2m > [22mi18n/ui[2m > [22mui structure[2m > [22mshould have complete form labels[32m 1[2mms[22m[39m
 [32m笨・[39m src/i18n/__tests__/ui.spec.ts[2m > [22mi18n/ui[2m > [22mui structure[2m > [22mshould have delete dialog strings[32m 1[2mms[22m[39m
 [32m笨・[39m src/i18n/__tests__/ui.spec.ts[2m > [22mi18n/ui[2m > [22mui structure[2m > [22mshould have filter field labels[32m 1[2mms[22m[39m
 [32m笨・[39m src/i18n/__tests__/ui.spec.ts[2m > [22mi18n/ui[2m > [22mgetUIText helper[2m > [22mshould retrieve nested text by path[32m 1[2mms[22m[39m
 [32m笨・[39m src/i18n/__tests__/ui.spec.ts[2m > [22mi18n/ui[2m > [22mgetUIText helper[2m > [22mshould throw error for invalid paths[32m 2[2mms[22m[39m
 [32m笨・[39m src/i18n/__tests__/ui.spec.ts[2m > [22mi18n/ui[2m > [22mgetUIText helper[2m > [22mshould throw error for non-string values[32m 1[2mms[22m[39m
 [32m笨・[39m src/i18n/__tests__/ui.spec.ts[2m > [22mi18n/ui[2m > [22mhelper functions[2m > [22mshould provide type-safe access to schedule UI[32m 1[2mms[22m[39m
 [32m笨・[39m src/i18n/__tests__/ui.spec.ts[2m > [22mi18n/ui[2m > [22mhelper functions[2m > [22mshould provide type-safe access to filters UI[32m 1[2mms[22m[39m
 [32m笨・[39m src/i18n/__tests__/ui.spec.ts[2m > [22mi18n/ui[2m > [22mconsistency checks[2m > [22mshould have consistent message types for success/error pairs[32m 1[2mms[22m[39m
 [32m笨・[39m src/i18n/__tests__/ui.spec.ts[2m > [22mi18n/ui[2m > [22mconsistency checks[2m > [22mshould use consistent terminology[32m 1[2mms[22m[39m
 [32m笨・[39m src/i18n/__tests__/ui.spec.ts[2m > [22mi18n/ui[2m > [22mconsistency checks[2m > [22mshould have proper button/action language[32m 1[2mms[22m[39m
 [32m笨・[39m src/i18n/__tests__/ui.spec.ts[2m > [22mi18n/ui[2m > [22mtext completeness[2m > [22mshould have all required state messages[32m 1[2mms[22m[39m
 [32m笨・[39m src/i18n/__tests__/ui.spec.ts[2m > [22mi18n/ui[2m > [22mtext completeness[2m > [22mshould have comprehensive filter field labels[32m 1[2mms[22m[39m
 [32m笨・[39m src/i18n/__tests__/ui.spec.ts[2m > [22mi18n/ui[2m > [22mfuture extensibility[2m > [22mshould support easy addition of new UI sections[32m 1[2mms[22m[39m
 [32m笨・[39m src/lib/__tests__/progressLogic.test.ts[2m > [22mProgress Logic[2m > [22mcalculateProgress[2m > [22mshould calculate correct percentage[32m 5[2mms[22m[39m
 [32m笨・[39m src/lib/__tests__/progressLogic.test.ts[2m > [22mProgress Logic[2m > [22mcalculateProgress[2m > [22mshould handle zero division[32m 1[2mms[22m[39m
 [32m笨・[39m src/lib/__tests__/progressLogic.test.ts[2m > [22mProgress Logic[2m > [22mcalculateProgress[2m > [22mshould handle negative values[32m 1[2mms[22m[39m
 [32m笨・[39m src/lib/__tests__/progressLogic.test.ts[2m > [22mProgress Logic[2m > [22mcalculateProgress[2m > [22mshould cap percentage at 100[32m 1[2mms[22m[39m
 [32m笨・[39m src/lib/__tests__/progressLogic.test.ts[2m > [22mProgress Logic[2m > [22maggregateTeamProgress[2m > [22mshould aggregate attendance and task progress[32m 1[2mms[22m[39m
 [32m笨・[39m src/lib/__tests__/progressLogic.test.ts[2m > [22mProgress Logic[2m > [22mcalculateHandoffStatus[2m > [22mshould mark overdue items as overdue[32m 1[2mms[22m[39m
 [32m笨・[39m src/lib/__tests__/progressLogic.test.ts[2m > [22mProgress Logic[2m > [22mcalculateHandoffStatus[2m > [22mshould keep completed items as completed[32m 1[2mms[22m[39m
 [32m笨・[39m src/lib/__tests__/progressLogic.test.ts[2m > [22mProgress Logic[2m > [22mcalculateHandoffStatus[2m > [22mshould not change status for future due dates[32m 1[2mms[22m[39m
 [32m笨・[39m src/lib/__tests__/progressLogic.test.ts[2m > [22mProgress Logic[2m > [22msortHandoffsByUrgency[2m > [22mshould sort by status priority[32m 1[2mms[22m[39m
 [32m笨・[39m src/lib/__tests__/progressLogic.test.ts[2m > [22mProgress Logic[2m > [22msortHandoffsByUrgency[2m > [22mshould sort by priority within same status[32m 1[2mms[22m[39m
 [32m笨・[39m src/lib/__tests__/progressLogic.test.ts[2m > [22mProgress Logic[2m > [22msortHandoffsByUrgency[2m > [22mshould sort by due date within same status and priority[32m 1[2mms[22m[39m
 [32m笨・[39m src/lib/__tests__/progressLogic.test.ts[2m > [22mProgress Logic[2m > [22mgetProgressColor[2m > [22mshould return correct colors for progress ranges[32m 1[2mms[22m[39m
 [32m笨・[39m src/lib/__tests__/progressLogic.test.ts[2m > [22mProgress Logic[2m > [22mgetProgressColor[2m > [22mshould handle edge cases[32m 1[2mms[22m[39m
 [32m笨・[39m src/lib/__tests__/progressLogic.test.ts[2m > [22mProgress Logic[2m > [22mgetProgressStatusText[2m > [22mshould return correct status text for different progress levels[32m 2[2mms[22m[39m
 [32m笨・[39m src/lib/__tests__/progressLogic.test.ts[2m > [22mProgress Logic[2m > [22mgetProgressStatusText[2m > [22mshould include correct counts in status text[32m 1[2mms[22m[39m
 [32m笨・[39m src/lib/__tests__/progressLogic.test.ts[2m > [22mProgress Logic[2m > [22mcalculateDailyProgress[2m > [22mshould calculate overall score with weighted average[32m 1[2mms[22m[39m
 [32m笨・[39m src/lib/__tests__/progressLogic.test.ts[2m > [22mProgress Logic[2m > [22mcalculateDailyProgress[2m > [22mshould calculate trending correctly[32m 1[2mms[22m[39m
 [32m笨・[39m src/lib/__tests__/progressLogic.test.ts[2m > [22mProgress Logic[2m > [22mcalculateDailyProgress[2m > [22mshould default to stable trending without previous day[32m 1[2mms[22m[39m
 [32m笨・[39m tests/unit/infra/SharePointBehaviorRepository.prevent-500.spec.ts[2m > [22mSharePointBehaviorRepository - Prevent 500 on missing required fields[2m > [22mshould throw error without calling spFetch when UserCode is missing[32m 15[2mms[22m[39m
 [32m笨・[39m tests/unit/infra/SharePointBehaviorRepository.prevent-500.spec.ts[2m > [22mSharePointBehaviorRepository - Prevent 500 on missing required fields[2m > [22mshould throw error without calling spFetch when RecordDate is missing[32m 3[2mms[22m[39m
 [32m笨・[39m tests/unit/infra/SharePointBehaviorRepository.prevent-500.spec.ts[2m > [22mSharePointBehaviorRepository - Prevent 500 on missing required fields[2m > [22mshould throw error with available fields list in dev environment[32m 3[2mms[22m[39m
 [32m笨・[39m tests/unit/infra/SharePointBehaviorRepository.prevent-500.spec.ts[2m > [22mSharePointBehaviorRepository - Prevent 500 on missing required fields[2m > [22mshould succeed with all required fields present[32m 3[2mms[22m[39m
 [32m笨・[39m src/features/dashboard/__tests__/dashboardSummary.spec.ts[2m > [22mbuildDashboardSummary[2m > [22m蝓ｺ譛ｬ逧・↑邨ｱ蜷域ｩ溯・[2m > [22m蜈ｨ繝｢繧ｸ繝･繝ｼ繝ｫ縺ｪ縺励・蝣ｴ蜷医・遨ｺ縺ｮ繧ｵ繝槭Μ繝ｼ繧堤函謌舌☆繧・[32m 6[2mms[22m[39m
 [32m笨・[39m src/features/dashboard/__tests__/dashboardSummary.spec.ts[2m > [22mbuildDashboardSummary[2m > [22m蝓ｺ譛ｬ逧・↑邨ｱ蜷域ｩ溯・[2m > [22m蜊倅ｸ繝｢繧ｸ繝･繝ｼ繝ｫ・域髪謠ｴ險倬鹸・医こ繝ｼ繧ｹ險倬鹸・会ｼ峨・繧ｵ繝槭Μ繝ｼ繧堤函謌舌☆繧・[32m 3[2mms[22m[39m
 [32m笨・[39m src/features/dashboard/__tests__/dashboardSummary.spec.ts[2m > [22mbuildDashboardSummary[2m > [22m蝓ｺ譛ｬ逧・↑邨ｱ蜷域ｩ溯・[2m > [22m蜈ｨ繝｢繧ｸ繝･繝ｼ繝ｫ縺ｮ繧ｵ繝槭Μ繝ｼ繧堤ｵｱ蜷育函謌舌☆繧・[32m 2[2mms[22m[39m
 [32m笨・[39m src/features/dashboard/__tests__/dashboardSummary.spec.ts[2m > [22mbuildDashboardSummary[2m > [22m繧｢繝ｩ繝ｼ繝亥━蜈亥ｺｦ繧ｽ繝ｼ繝域ｩ溯・[2m > [22merror 竊・warning 竊・info 縺ｮ鬆・ｺ上〒繧｢繝ｩ繝ｼ繝医ｒ繧ｽ繝ｼ繝医☆繧・[32m 1[2mms[22m[39m
 [32m笨・[39m src/features/dashboard/__tests__/dashboardSummary.spec.ts[2m > [22mbuildDashboardSummary[2m > [22mSafetyHUD邨ｱ蜷医ユ繧ｹ繝・[2m > [22mDashboardAlert[]縺九ｉSafetyHUDAlert[]縺ｸ縺ｮ螟画鋤縺梧ｭ｣蟶ｸ蜍穂ｽ懊☆繧・[32m 2[2mms[22m[39m
 [32m笨・[39m src/features/dashboard/__tests__/dashboardSummary.spec.ts[2m > [22mbuildDashboardSummary[2m > [22mSafetyHUD邨ｱ蜷医ユ繧ｹ繝・[2m > [22m繧｢繝ｩ繝ｼ繝井ｸ贋ｽ・莉ｶ蛻ｶ髯舌′豁｣蟶ｸ蜍穂ｽ懊☆繧・[32m 2[2mms[22m[39m
 [32m笨・[39m src/features/dashboard/__tests__/dashboardSummary.spec.ts[2m > [22mgetAlertCounts[2m > [22m繧｢繝ｩ繝ｼ繝医ｒ繧ｫ繝・ざ繝ｪ蛻･縺ｫ豁｣縺励￥繧ｫ繧ｦ繝ｳ繝医☆繧・[32m 1[2mms[22m[39m
 [32m笨・[39m src/features/dashboard/__tests__/dashboardSummary.spec.ts[2m > [22mgetAlertCounts[2m > [22m遨ｺ縺ｮ繧｢繝ｩ繝ｼ繝磯・蛻励ｒ豁｣縺励￥蜃ｦ逅・☆繧・[32m 1[2mms[22m[39m
 [32m笨・[39m src/features/dashboard/__tests__/dashboardSummary.spec.ts[2m > [22mgetTopAlerts[2m > [22m荳贋ｽ康莉ｶ縺ｮ繧｢繝ｩ繝ｼ繝医ｒ蜿門ｾ励☆繧・[32m 1[2mms[22m[39m
 [32m笨・[39m src/features/dashboard/__tests__/dashboardSummary.spec.ts[2m > [22mgetTopAlerts[2m > [22m繝・ヵ繧ｩ繝ｫ繝医〒3莉ｶ蜿門ｾ励☆繧・[32m 1[2mms[22m[39m
 [32m笨・[39m src/features/dashboard/__tests__/dashboardSummary.spec.ts[2m > [22mgetTopAlerts[2m > [22m驟榊・繧ｵ繧､繧ｺ縺畦imit譛ｪ貅縺ｮ蝣ｴ蜷医・蜈ｨ莉ｶ霑斐☆[32m 1[2mms[22m[39m
 [32m笨・[39m src/domain/bridge/__tests__/reassessmentSignals.spec.ts[2m > [22mderiveReassessmentSignals[2m > [22mshould detect low execution signals[32m 7[2mms[22m[39m
 [32m笨・[39m src/domain/bridge/__tests__/reassessmentSignals.spec.ts[2m > [22mderiveReassessmentSignals[2m > [22mshould detect high severity for very low execution[32m 1[2mms[22m[39m
 [32m笨・[39m src/domain/bridge/__tests__/reassessmentSignals.spec.ts[2m > [22mderiveReassessmentSignals[2m > [22mshould detect frequent note signals[32m 1[2mms[22m[39m
 [32m笨・[39m src/domain/bridge/__tests__/reassessmentSignals.spec.ts[2m > [22mderiveReassessmentSignals[2m > [22mshould detect high trigger signals[32m 1[2mms[22m[39m
 [32m笨・[39m src/domain/bridge/__tests__/reassessmentSignals.spec.ts[2m > [22mderiveReassessmentSignals[2m > [22mshould detect stable success signals[32m 2[2mms[22m[39m
 [32m笨・[39m src/domain/bridge/__tests__/reassessmentSignals.spec.ts[2m > [22mderiveReassessmentSignals[2m > [22mshould NOT flag stable_success if noteCount is high[32m 2[2mms[22m[39m
 [32m笨・[39m src/domain/bridge/__tests__/reassessmentSignals.spec.ts[2m > [22mderiveReassessmentSignals[2m > [22mshould detect unrecorded slot signals[32m 1[2mms[22m[39m
 [32m笨・[39m src/domain/bridge/__tests__/reassessmentSignals.spec.ts[2m > [22mderiveReassessmentSignals[2m > [22mshould sort signals by severity descending[32m 1[2mms[22m[39m
 [32m笨・[39m src/domain/bridge/__tests__/reassessmentSignals.spec.ts[2m > [22mderiveReassessmentSignals[2m > [22mshould produce multiple signal kinds for same procedure[32m 1[2mms[22m[39m
 [32m笨・[39m src/domain/bridge/__tests__/reassessmentSignals.spec.ts[2m > [22mderiveReassessmentSignals[2m > [22mshould return no signals for empty summaries[32m 1[2mms[22m[39m
 [32m笨・[39m src/domain/bridge/__tests__/reassessmentSignals.spec.ts[2m > [22msignalsToReassessmentSections[2m > [22mshould produce all four sections[32m 2[2mms[22m[39m
 [32m笨・[39m src/domain/bridge/__tests__/reassessmentSignals.spec.ts[2m > [22msignalsToReassessmentSections[2m > [22mshould show issues for low execution[32m 1[2mms[22m[39m
 [32m笨・[39m src/domain/bridge/__tests__/reassessmentSignals.spec.ts[2m > [22msignalsToReassessmentSections[2m > [22mshould show stable_success in stableSupport section[32m 1[2mms[22m[39m
 [32m笨・[39m src/domain/bridge/__tests__/reassessmentSignals.spec.ts[2m > [22msignalsToReassessmentSections[2m > [22mshould show recommendations for problem procedures[32m 1[2mms[22m[39m
 [32m笨・[39m src/domain/bridge/__tests__/reassessmentSignals.spec.ts[2m > [22msignalsToReassessmentSections[2m > [22mshould handle no signals gracefully[32m 1[2mms[22m[39m
 [32m笨・[39m src/features/callLogs/domain/__tests__/filterCallLogs.spec.ts[2m > [22mfilterCallLogs[2m > [22mshould return all logs when no criteria are specified[32m 5[2mms[22m[39m
 [32m笨・[39m src/features/callLogs/domain/__tests__/filterCallLogs.spec.ts[2m > [22mfilterCallLogs[2m > [22mshould return all logs when criteria values are empty strings[32m 1[2mms[22m[39m
 [32m笨・[39m src/features/callLogs/domain/__tests__/filterCallLogs.spec.ts[2m > [22mfilterCallLogs[2m > [22mshould return empty array for empty input[32m 1[2mms[22m[39m
 [32m笨・[39m src/features/callLogs/domain/__tests__/filterCallLogs.spec.ts[2m > [22mfilterCallLogs[2m > [22mshould filter by relatedUserName partial match[32m 2[2mms[22m[39m
 [32m笨・[39m src/features/callLogs/domain/__tests__/filterCallLogs.spec.ts[2m > [22mfilterCallLogs[2m > [22mshould be case-insensitive for relatedUserName[32m 1[2mms[22m[39m
 [32m笨・[39m src/features/callLogs/domain/__tests__/filterCallLogs.spec.ts[2m > [22mfilterCallLogs[2m > [22mshould filter by partial relatedUserName[32m 1[2mms[22m[39m
 [32m笨・[39m src/features/callLogs/domain/__tests__/filterCallLogs.spec.ts[2m > [22mfilterCallLogs[2m > [22mshould return empty when relatedUserNameQuery matches nothing[32m 1[2mms[22m[39m
 [32m笨・[39m src/features/callLogs/domain/__tests__/filterCallLogs.spec.ts[2m > [22mfilterCallLogs[2m > [22mshould filter only logs with relatedUser when onlyWithRelatedUser=true[32m 1[2mms[22m[39m
 [32m笨・[39m src/features/callLogs/domain/__tests__/filterCallLogs.spec.ts[2m > [22mfilterCallLogs[2m > [22mshould include all logs when onlyWithRelatedUser=false[32m 1[2mms[22m[39m
 [32m笨・[39m src/features/callLogs/domain/__tests__/filterCallLogs.spec.ts[2m > [22mfilterCallLogs[2m > [22mshould filter by keyword matching subject[32m 1[2mms[22m[39m
 [32m笨・[39m src/features/callLogs/domain/__tests__/filterCallLogs.spec.ts[2m > [22mfilterCallLogs[2m > [22mshould filter by keyword matching callerName[32m 1[2mms[22m[39m
 [32m笨・[39m src/features/callLogs/domain/__tests__/filterCallLogs.spec.ts[2m > [22mfilterCallLogs[2m > [22mshould filter by keyword matching message[32m 1[2mms[22m[39m
 [32m笨・[39m src/features/callLogs/domain/__tests__/filterCallLogs.spec.ts[2m > [22mfilterCallLogs[2m > [22mshould filter by keyword matching relatedUserName[32m 1[2mms[22m[39m
 [32m笨・[39m src/features/callLogs/domain/__tests__/filterCallLogs.spec.ts[2m > [22mfilterCallLogs[2m > [22mshould filter by keyword matching targetStaffName[32m 1[2mms[22m[39m
 [32m笨・[39m src/features/callLogs/domain/__tests__/filterCallLogs.spec.ts[2m > [22mfilterCallLogs[2m > [22mshould combine relatedUserNameQuery and keyword (AND)[32m 1[2mms[22m[39m
 [32m笨・[39m src/features/callLogs/domain/__tests__/filterCallLogs.spec.ts[2m > [22mfilterCallLogs[2m > [22mshould combine onlyWithRelatedUser and keyword (AND)[32m 1[2mms[22m[39m
 [32m笨・[39m src/features/callLogs/domain/__tests__/filterCallLogs.spec.ts[2m > [22mfilterCallLogs[2m > [22mshould combine all three criteria (AND)[32m 1[2mms[22m[39m
 [32m笨・[39m src/features/callLogs/domain/__tests__/filterCallLogs.spec.ts[2m > [22mfilterCallLogs[2m > [22mshould not mutate the original array[32m 1[2mms[22m[39m
 [32m笨・[39m src/features/dashboard/sections/buildSections.test.ts[2m > [22mDashboard Sections Builder (PR1)[2m > [22mgetDashboardAnchorIdByKey[2m > [22m蟶ｸ縺ｫ 8 蛟句・縺ｦ縺ｮ繧ｻ繧ｯ繧ｷ繝ｧ繝ｳ key 繧呈戟縺､[32m 6[2mms[22m[39m
 [32m笨・[39m src/features/dashboard/sections/buildSections.test.ts[2m > [22mDashboard Sections Builder (PR1)[2m > [22mgetDashboardAnchorIdByKey[2m > [22manchorId 縺ｯ驥崎､・′縺ｪ縺・ｼ井ｸ諢擾ｼ・[32m 1[2mms[22m[39m
 [32m笨・[39m src/features/dashboard/sections/buildSections.test.ts[2m > [22mDashboard Sections Builder (PR1)[2m > [22mgetDashboardAnchorIdByKey[2m > [22madmin 繝ｭ繝ｼ繝ｫ譎ゅｂ staffOnly 縺ｮ anchor 縺悟ｭ伜惠[32m 1[2mms[22m[39m
 [32m笨・[39m src/features/dashboard/sections/buildSections.test.ts[2m > [22mDashboard Sections Builder (PR1)[2m > [22mbuildDashboardSections[2m > [22madmin 繝ｭ繝ｼ繝ｫ譎ゅ↓ adminOnly 縺ｯ陦ｨ遉ｺ縲《taffOnly 縺ｯ髱櫁｡ｨ遉ｺ[32m 2[2mms[22m[39m
 [32m笨・[39m src/features/dashboard/sections/buildSections.test.ts[2m > [22mDashboard Sections Builder (PR1)[2m > [22mbuildDashboardSections[2m > [22mstaff 繝ｭ繝ｼ繝ｫ譎ゅ↓ staffOnly 縺ｯ陦ｨ遉ｺ縲∥dminOnly 縺ｯ髱櫁｡ｨ遉ｺ[32m 1[2mms[22m[39m
 [32m笨・[39m src/features/dashboard/sections/buildSections.test.ts[2m > [22mDashboard Sections Builder (PR1)[2m > [22mbuildDashboardSections[2m > [22mboth audience 縺ｯ荳｡繝ｭ繝ｫ縺ｧ陦ｨ遉ｺ縺輔ｌ繧・[32m 2[2mms[22m[39m
 [32m笨・[39m src/features/dashboard/sections/buildSections.test.ts[2m > [22mDashboard Sections Builder (PR1)[2m > [22mbuildDashboardSections[2m > [22madmin 繝ｭ繝ｼ繝ｫ譎ゅ・ 7 繧ｻ繧ｯ繧ｷ繝ｧ繝ｳ霑斐☆・・dminOnly蜷ｫ繧・・[32m 1[2mms[22m[39m
 [32m笨・[39m src/features/dashboard/sections/buildSections.test.ts[2m > [22mDashboard Sections Builder (PR1)[2m > [22mbuildDashboardSections[2m > [22mstaff 繝ｭ繝ｼ繝ｫ譎ゅ・ 7 繧ｻ繧ｯ繧ｷ繝ｧ繝ｳ霑斐☆・・taffOnly蜷ｫ繧・・[32m 1[2mms[22m[39m
 [32m笨・[39m src/features/dashboard/sections/buildSections.test.ts[2m > [22mDashboard Sections Builder (PR1)[2m > [22mDASHBOARD_SECTIONS 螳壽焚[2m > [22m8 繧ｻ繧ｯ繧ｷ繝ｧ繝ｳ螳夂ｾｩ繧貞性繧[32m 1[2mms[22m[39m
 [32m笨・[39m src/features/dashboard/sections/buildSections.test.ts[2m > [22mDashboard Sections Builder (PR1)[2m > [22mDASHBOARD_SECTIONS 螳壽焚[2m > [22m蜈ｨ繧ｻ繧ｯ繧ｷ繝ｧ繝ｳ key 縺悟ｮ夂ｾｩ縺輔ｌ縺ｦ縺・ｋ[32m 1[2mms[22m[39m
 [32m笨・[39m src/features/dashboard/sections/buildSections.test.ts[2m > [22mDashboard Sections Builder (PR1)[2m > [22mDASHBOARD_SECTIONS 螳壽焚[2m > [22manchorId 縺ｯ sec- prefix 縺ｧ邨ｱ荳縺輔ｌ縺ｦ縺・ｋ[32m 1[2mms[22m[39m
 [32m笨・[39m src/features/dashboard/sections/buildSections.test.ts[2m > [22mDashboard Sections Builder (PR1)[2m > [22mDASHBOARD_SECTIONS 螳壽焚[2m > [22maudience 縺碁←蛻・↓險ｭ螳壹＆繧後※縺・ｋ[32m 1[2mms[22m[39m
 [32m笨・[39m src/features/dashboard/sections/buildSections.test.ts[2m > [22mDashboard Sections Builder (PR1)[2m > [22m邨ｱ蜷医ユ繧ｹ繝茨ｼ啾nchor 縺ｮ completeness[2m > [22m縺吶∋縺ｦ縺ｮ DashboardSectionKey 縺・getDashboardAnchorIdByKey 縺ｧ蜿門ｾ怜庄閭ｽ[32m 1[2mms[22m[39m
 [32m笨・[39m src/features/dashboard/sections/buildSections.test.ts[2m > [22mDashboard Sections Builder (PR1)[2m > [22m邨ｱ蜷医ユ繧ｹ繝茨ｼ啾nchor 縺ｮ completeness[2m > [22mscrollToSection(key) 縺・undefined 縺ｫ縺ｪ繧峨↑縺・す繝溘Η繝ｬ繝ｼ繧ｷ繝ｧ繝ｳ[32m 1[2mms[22m[39m
 [32m笨・[39m src/features/today/telemetry/recordKioskTelemetry.spec.ts[2m > [22mrecordKioskTelemetry[2m > [22mrecords kiosk telemetry to Firestore telemetry collection[32m 9[2mms[22m[39m
 [32m笨・[39m src/features/today/telemetry/recordKioskTelemetry.spec.ts[2m > [22mrecordKioskTelemetry[2m > [22mis no-op when Firestore is unavailable[32m 1[2mms[22m[39m
 [32m笨・[39m src/features/today/telemetry/recordKioskTelemetry.spec.ts[2m > [22mrecordKioskTelemetry[2m > [22mdoes not throw when addDoc rejects[32m 8[2mms[22m[39m
 [32m笨・[39m src/features/today/telemetry/recordKioskTelemetry.spec.ts[2m > [22mrecordKioskTelemetry[2m > [22mdoes not throw when collection() throws synchronously[32m 3[2mms[22m[39m
 [32m笨・[39m tests/unit/ispDraftFieldMapping.spec.ts[2m > [22mDRAFT_SECTION_TO_FIELD[2m > [22moverview 縺ｯ null・郁ｻ｢險伜ｯｾ雎｡螟厄ｼ・[32m 5[2mms[22m[39m
 [32m笨・[39m tests/unit/ispDraftFieldMapping.spec.ts[2m > [22mDRAFT_SECTION_TO_FIELD[2m > [22mmonitoring-findings 竊・monitoringPlan[32m 1[2mms[22m[39m
 [32m笨・[39m tests/unit/ispDraftFieldMapping.spec.ts[2m > [22mDRAFT_SECTION_TO_FIELD[2m > [22mgoal-assessment 竊・assessmentSummary[32m 1[2mms[22m[39m
 [32m笨・[39m tests/unit/ispDraftFieldMapping.spec.ts[2m > [22mDRAFT_SECTION_TO_FIELD[2m > [22mdecision-summary 竊・conferenceNotes[32m 1[2mms[22m[39m
 [32m笨・[39m tests/unit/ispDraftFieldMapping.spec.ts[2m > [22mDRAFT_SECTION_TO_FIELD[2m > [22mplan-revision 竊・reviewTiming[32m 1[2mms[22m[39m
 [32m笨・[39m tests/unit/ispDraftFieldMapping.spec.ts[2m > [22mDRAFT_SECTION_TO_FIELD[2m > [22mnext-actions 竊・improvementIdeas[32m 1[2mms[22m[39m
 [32m笨・[39m tests/unit/ispDraftFieldMapping.spec.ts[2m > [22mDRAFT_SECTION_TO_FIELD[2m > [22m蜈ｨ6繧ｻ繧ｯ繧ｷ繝ｧ繝ｳ遞ｮ蛻･繧偵き繝舌・縺励※縺・ｋ[32m 1[2mms[22m[39m
 [32m笨・[39m tests/unit/ispDraftFieldMapping.spec.ts[2m > [22mDRAFT_SECTION_TARGET_LABELS[2m > [22moverview 縺ｯ null・医Λ繝吶Ν荳崎ｦ・ｼ・[32m 1[2mms[22m[39m
 [32m笨・[39m tests/unit/ispDraftFieldMapping.spec.ts[2m > [22mDRAFT_SECTION_TARGET_LABELS[2m > [22m霆｢險伜ｯｾ雎｡繧ｻ繧ｯ繧ｷ繝ｧ繝ｳ縺ｯ譌･譛ｬ隱槭Λ繝吶Ν繧呈戟縺､[32m 1[2mms[22m[39m
 [32m笨・[39m tests/unit/ispDraftFieldMapping.spec.ts[2m > [22mextractApplicableSections[2m > [22moverview 繧帝勁螟悶＠縺ｦ5繧ｻ繧ｯ繧ｷ繝ｧ繝ｳ繧定ｿ斐☆[32m 3[2mms[22m[39m
 [32m笨・[39m tests/unit/ispDraftFieldMapping.spec.ts[2m > [22mextractApplicableSections[2m > [22m蜷・そ繧ｯ繧ｷ繝ｧ繝ｳ縺ｫ targetField / targetLabel / text 縺梧ｭ｣縺励￥險ｭ螳壹＆繧後ｋ[32m 1[2mms[22m[39m
 [32m笨・[39m tests/unit/ispDraftFieldMapping.spec.ts[2m > [22mextractApplicableSections[2m > [22m繧ｻ繧ｯ繧ｷ繝ｧ繝ｳ縺檎ｩｺ縺ｮ繝峨Λ繝輔ヨ縺ｧ縺ｯ遨ｺ驟榊・繧定ｿ斐☆[32m 1[2mms[22m[39m
 [32m笨・[39m tests/unit/ispDraftFieldMapping.spec.ts[2m > [22mextractApplicableSections[2m > [22moverview 縺ｮ縺ｿ縺ｮ繝峨Λ繝輔ヨ縺ｧ縺ｯ遨ｺ驟榊・繧定ｿ斐☆[32m 1[2mms[22m[39m
 [32m笨・[39m tests/unit/ispDraftFieldMapping.spec.ts[2m > [22mbuildDraftFieldMap[2m > [22m5繝輔ぅ繝ｼ繝ｫ繝牙・縺ｮ繝槭ャ繝励ｒ霑斐☆[32m 1[2mms[22m[39m
 [32m笨・[39m tests/unit/ispDraftFieldMapping.spec.ts[2m > [22mbuildDraftFieldMap[2m > [22mmonitoringPlan 縺ｫ monitoring-findings 縺ｮ蜀・ｮｹ縺悟・繧・[32m 1[2mms[22m[39m
 [32m笨・[39m tests/unit/ispDraftFieldMapping.spec.ts[2m > [22mbuildDraftFieldMap[2m > [22massessmentSummary 縺ｫ goal-assessment 縺ｮ蜀・ｮｹ縺悟・繧・[32m 1[2mms[22m[39m
 [32m笨・[39m tests/unit/ispDraftFieldMapping.spec.ts[2m > [22mbuildDraftFieldMap[2m > [22mconferenceNotes 縺ｫ decision-summary 縺ｮ蜀・ｮｹ縺悟・繧・[32m 1[2mms[22m[39m
 [32m笨・[39m tests/unit/ispDraftFieldMapping.spec.ts[2m > [22mbuildDraftFieldMap[2m > [22mreviewTiming 縺ｫ plan-revision 縺ｮ蜀・ｮｹ縺悟・繧・[32m 1[2mms[22m[39m
 [32m笨・[39m tests/unit/ispDraftFieldMapping.spec.ts[2m > [22mbuildDraftFieldMap[2m > [22mimprovementIdeas 縺ｫ next-actions 縺ｮ蜀・ｮｹ縺悟・繧・[32m 1[2mms[22m[39m
 [32m笨・[39m tests/unit/ispDraftFieldMapping.spec.ts[2m > [22mbuildDraftFieldMap[2m > [22m遨ｺ縺ｮ繝峨Λ繝輔ヨ縺ｧ縺ｯ遨ｺ繧ｪ繝悶ず繧ｧ繧ｯ繝医ｒ霑斐☆[32m 1[2mms[22m[39m
 [32m笨・[39m src/features/handoff/analysis/__tests__/compareAbcPatternPeriods.spec.ts[2m > [22mcompareAbcPatternPeriods[2m > [22m蝓ｺ譛ｬ逧・↑豈碑ｼ・[2m > [22m蜑肴悄繝ｻ莉頑悄縺ｨ繧ゅ↓遨ｺ 竊・螟牙喧縺ｪ縺・[32m 6[2mms[22m[39m
 [32m笨・[39m src/features/handoff/analysis/__tests__/compareAbcPatternPeriods.spec.ts[2m > [22mcompareAbcPatternPeriods[2m > [22m蝓ｺ譛ｬ逧・↑豈碑ｼ・[2m > [22m蜑肴悄縺ｮ縺ｿ 竊・蜈ｨ蝣ｴ髱｢ disappeared[32m 2[2mms[22m[39m
 [32m笨・[39m src/features/handoff/analysis/__tests__/compareAbcPatternPeriods.spec.ts[2m > [22mcompareAbcPatternPeriods[2m > [22m蝓ｺ譛ｬ逧・↑豈碑ｼ・[2m > [22m莉頑悄縺ｮ縺ｿ 竊・蜈ｨ蝣ｴ髱｢ new[32m 1[2mms[22m[39m
 [32m笨・[39m src/features/handoff/analysis/__tests__/compareAbcPatternPeriods.spec.ts[2m > [22mcompareAbcPatternPeriods[2m > [22m蝣ｴ髱｢繝代ち繝ｼ繝ｳ螟牙喧讀懷・[2m > [22m譁ｰ縺励＞蝣ｴ髱｢縺・蝗樔ｻ･荳雁・迴ｾ 竊・new_scene 繧｢繝ｩ繝ｼ繝・[32m 1[2mms[22m[39m
 [32m笨・[39m src/features/handoff/analysis/__tests__/compareAbcPatternPeriods.spec.ts[2m > [22mcompareAbcPatternPeriods[2m > [22m蝣ｴ髱｢繝代ち繝ｼ繝ｳ螟牙喧讀懷・[2m > [22m蝣ｴ髱｢縺ｮ諤･蠅暦ｼ・00%莉･荳奇ｼ・竊・scene_spike 繧｢繝ｩ繝ｼ繝・[32m 1[2mms[22m[39m
 [32m笨・[39m src/features/handoff/analysis/__tests__/compareAbcPatternPeriods.spec.ts[2m > [22mcompareAbcPatternPeriods[2m > [22m蝣ｴ髱｢繝代ち繝ｼ繝ｳ螟牙喧讀懷・[2m > [22m蝣ｴ髱｢縺ｮ豸亥､ｱ 竊・scene_disappeared 繧｢繝ｩ繝ｼ繝茨ｼ・nfo・・[32m 2[2mms[22m[39m
 [32m笨・[39m src/features/handoff/analysis/__tests__/compareAbcPatternPeriods.spec.ts[2m > [22mcompareAbcPatternPeriods[2m > [22m蝣ｴ髱｢繝代ち繝ｼ繝ｳ螟牙喧讀懷・[2m > [22m螳牙ｮ壹＠縺溷ｴ髱｢ 竊・stable[32m 1[2mms[22m[39m
 [32m笨・[39m src/features/handoff/analysis/__tests__/compareAbcPatternPeriods.spec.ts[2m > [22mcompareAbcPatternPeriods[2m > [22m蠑ｷ蠎ｦ蛻・ｸ・・螟牙喧[2m > [22mhigh 蜑ｲ蜷医′蠅怜刈 竊・intensity_worsening[32m 1[2mms[22m[39m
 [32m笨・[39m src/features/handoff/analysis/__tests__/compareAbcPatternPeriods.spec.ts[2m > [22mcompareAbcPatternPeriods[2m > [22m蠑ｷ蠎ｦ蛻・ｸ・・螟牙喧[2m > [22mrisk 繝輔Λ繧ｰ蠅怜刈 竊・worsening[32m 1[2mms[22m[39m
 [32m笨・[39m src/features/handoff/analysis/__tests__/compareAbcPatternPeriods.spec.ts[2m > [22mcompareAbcPatternPeriods[2m > [22m蠑ｷ蠎ｦ蛻・ｸ・・螟牙喧[2m > [22mlow 縺ｮ縺ｿ竊・low 縺ｮ縺ｿ 竊・worsening = false[32m 1[2mms[22m[39m
 [32m笨・[39m src/features/handoff/analysis/__tests__/compareAbcPatternPeriods.spec.ts[2m > [22mcompareAbcPatternPeriods[2m > [22moverallChangeLevel[2m > [22m繧｢繝ｩ繝ｼ繝医′縺ｪ縺・ｮ牙ｮ・竊・none[32m 1[2mms[22m[39m
 [32m笨・[39m src/features/handoff/analysis/__tests__/compareAbcPatternPeriods.spec.ts[2m > [22mcompareAbcPatternPeriods[2m > [22moverallChangeLevel[2m > [22mseverity=alert 縺ゅｊ 竊・significant[32m 1[2mms[22m[39m
 [32m笨・[39m src/features/handoff/analysis/__tests__/compareAbcPatternPeriods.spec.ts[2m > [22mcompareAbcPatternPeriods[2m > [22m繧｢繝ｩ繝ｼ繝医・ severity 繧ｽ繝ｼ繝・[2m > [22malert 縺・warning/info 繧医ｊ蜈医↓譚･繧・[32m 1[2mms[22m[39m
 [32m笨・[39m src/features/handoff/analysis/__tests__/compareAbcPatternPeriods.spec.ts[2m > [22mcompareAbcPatternPeriods[2m > [22m繧ｫ繧ｹ繧ｿ繝髢ｾ蛟､[2m > [22mchangeRateThreshold 繧・0.2 縺ｫ險ｭ螳・竊・繧医ｊ螟壹￥縺ｮ螟牙喧繧呈､懷・[32m 1[2mms[22m[39m
 [32m笨・[39m src/features/handoff/analysis/__tests__/compareAbcPatternPeriods.spec.ts[2m > [22mcompareAbcPatternPeriods[2m > [22msuggestion 譁・[2m > [22m蜷・い繝ｩ繝ｼ繝医↓ suggestion 縺後≠繧・[32m 1[2mms[22m[39m
 [32m笨・[39m src/features/handoff/analysis/ai/__tests__/handoffAiService.spec.ts[2m > [22mgenerateHandoffInsight[2m > [22mAI 豁｣蟶ｸ蠢懃ｭ・竊・HandoffInsightReport 繧定ｿ斐☆[32m 7[2mms[22m[39m
 [32m笨・[39m src/features/handoff/analysis/ai/__tests__/handoffAiService.spec.ts[2m > [22mgenerateHandoffInsight[2m > [22mAI蠢懃ｭ斐′繝代・繧ｹ荳崎・ 竊・FallbackInsightReport 繧定ｿ斐☆[32m 2[2mms[22m[39m
 [32m笨・[39m src/features/handoff/analysis/ai/__tests__/handoffAiService.spec.ts[2m > [22mgenerateHandoffInsight[2m > [22mAI謗･邯壹お繝ｩ繝ｼ 竊・FallbackInsightReport 繧定ｿ斐☆[32m 1[2mms[22m[39m
 [32m笨・[39m src/features/handoff/analysis/ai/__tests__/handoffAiService.spec.ts[2m > [22mgenerateHandoffInsight[2m > [22mAI蠢懃ｭ斐↓```json繝悶Ο繝・け繧貞性繧蝣ｴ蜷医ｂ繝代・繧ｹ縺ｧ縺阪ｋ[32m 1[2mms[22m[39m
 [32m笨・[39m src/features/handoff/analysis/ai/__tests__/handoffAiService.spec.ts[2m > [22mgenerateHandoffInsight[2m > [22mAI蠢懃ｭ斐・summary縺檎ｩｺ 竊・FallbackInsightReport 繧定ｿ斐☆[32m 1[2mms[22m[39m
 [32m笨・[39m src/features/handoff/analysis/ai/__tests__/handoffAiService.spec.ts[2m > [22mbuildFallbackReport[2m > [22m蝓ｺ譛ｬ逧・↑繝輔か繝ｼ繝ｫ繝舌ャ繧ｯ隕∫ｴ・ｒ逕滓・縺ｧ縺阪ｋ[32m 1[2mms[22m[39m
 [32m笨・[39m src/features/handoff/analysis/ai/__tests__/handoffAiService.spec.ts[2m > [22mbuildFallbackReport[2m > [22mcriticalCount 縺悟性縺ｾ繧後ｋ[32m 2[2mms[22m[39m
 [32m笨・[39m src/features/handoff/analysis/ai/__tests__/handoffAiService.spec.ts[2m > [22mbuildFallbackReport[2m > [22m繧｢繝ｩ繝ｼ繝域ュ蝣ｱ縺悟性縺ｾ繧後ｋ[32m 1[2mms[22m[39m
 [32m笨・[39m src/features/handoff/analysis/ai/__tests__/handoffAiService.spec.ts[2m > [22mbuildFallbackReport[2m > [22m蠅怜刈蛯ｾ蜷代・蛻ｩ逕ｨ閠・′蜷ｫ縺ｾ繧後ｋ[32m 1[2mms[22m[39m
 [32m笨・[39m src/features/handoff/analysis/ai/__tests__/handoffAiService.spec.ts[2m > [22mbuildFallbackReport[2m > [22m繧ｭ繝ｼ繝ｯ繝ｼ繝峨′蜷ｫ縺ｾ繧後ｋ[32m 1[2mms[22m[39m
 [32m笨・[39m src/features/handoff/analysis/ai/__tests__/handoffAiService.spec.ts[2m > [22mbuildFallbackReport[2m > [22m鬮倥Μ繧ｹ繧ｯ蛻ｩ逕ｨ閠・・謗ｨ螂ｨ繧｢繧ｯ繧ｷ繝ｧ繝ｳ縺悟性縺ｾ繧後ｋ[32m 1[2mms[22m[39m
 [32m笨・[39m src/features/handoff/analysis/ai/__tests__/handoffAiService.spec.ts[2m > [22mbuildFallbackReport[2m > [22muserHighlights 縺ｫ繝ｪ繧ｹ繧ｯ繧ｹ繧ｳ繧｢縺悟性縺ｾ繧後ｋ[32m 1[2mms[22m[39m
 [32m笨・[39m src/features/handoff/analysis/ai/__tests__/handoffAiService.spec.ts[2m > [22mbuildFallbackReport[2m > [22m遨ｺ繝・・繧ｿ縺ｧ繧ゅお繝ｩ繝ｼ縺ｫ縺ｪ繧峨↑縺・[32m 1[2mms[22m[39m
 [32m笨・[39m src/features/handoff/analysis/ai/__tests__/handoffAiService.spec.ts[2m > [22mbuildFallbackReport[2m > [22mkeyPoints 縺ｯ譛螟ｧ3莉ｶ[32m 1[2mms[22m[39m
 [32m笨・[39m src/lib/__tests__/safetyHUDLogic.test.ts[2m > [22mSafety HUD Logic[2m > [22mshouldShowSafetyHUD[2m > [22mshould always show for safety officers[32m 5[2mms[22m[39m
 [32m笨・[39m src/lib/__tests__/safetyHUDLogic.test.ts[2m > [22mSafety HUD Logic[2m > [22mshouldShowSafetyHUD[2m > [22mshould show during meetings with active alerts[32m 1[2mms[22m[39m
 [32m笨・[39m src/lib/__tests__/safetyHUDLogic.test.ts[2m > [22mSafety HUD Logic[2m > [22mshouldShowSafetyHUD[2m > [22mshould not show during meetings without alerts[32m 1[2mms[22m[39m
 [32m笨・[39m src/lib/__tests__/safetyHUDLogic.test.ts[2m > [22mSafety HUD Logic[2m > [22mshouldShowSafetyHUD[2m > [22mshould show for managers during business hours[32m 1[2mms[22m[39m
 [32m笨・[39m src/lib/__tests__/safetyHUDLogic.test.ts[2m > [22mSafety HUD Logic[2m > [22mcalculateSafetyPriority[2m > [22mshould assign higher score for critical severity[32m 1[2mms[22m[39m
 [32m笨・[39m src/lib/__tests__/safetyHUDLogic.test.ts[2m > [22mSafety HUD Logic[2m > [22mcalculateSafetyPriority[2m > [22mshould add bonus for unacknowledged alerts[32m 1[2mms[22m[39m
 [32m笨・[39m src/lib/__tests__/safetyHUDLogic.test.ts[2m > [22mSafety HUD Logic[2m > [22mcalculateSafetyPriority[2m > [22mshould add time-based scoring[32m 1[2mms[22m[39m
 [32m笨・[39m src/lib/__tests__/safetyHUDLogic.test.ts[2m > [22mSafety HUD Logic[2m > [22mformatSafetyMetrics[2m > [22mshould format metrics correctly[32m 1[2mms[22m[39m
 [32m笨・[39m src/lib/__tests__/safetyHUDLogic.test.ts[2m > [22mSafety HUD Logic[2m > [22mformatSafetyMetrics[2m > [22mshould assign correct compliance colors[32m 1[2mms[22m[39m
 [32m笨・[39m src/lib/__tests__/safetyHUDLogic.test.ts[2m > [22mSafety HUD Logic[2m > [22mtoggleSafetyHUDVisibility[2m > [22mshould toggle visibility state[32m 1[2mms[22m[39m
 [32m笨・[39m src/lib/__tests__/safetyHUDLogic.test.ts[2m > [22mSafety HUD Logic[2m > [22mtoggleSafetyHUDVisibility[2m > [22mshould handle persistence preferences[32m 1[2mms[22m[39m
 [32m笨・[39m src/lib/__tests__/safetyHUDLogic.test.ts[2m > [22mSafety HUD Logic[2m > [22macknowledgeAlert[2m > [22mshould acknowledge the correct alert[32m 1[2mms[22m[39m
 [32m笨・[39m src/lib/__tests__/safetyHUDLogic.test.ts[2m > [22mSafety HUD Logic[2m > [22macknowledgeAlert[2m > [22mshould not modify alerts if ID not found[32m 1[2mms[22m[39m
 [32m笨・[39m src/lib/__tests__/safetyHUDLogic.test.ts[2m > [22mSafety HUD Logic[2m > [22mcalculateUpdateFrequency[2m > [22mshould return 10 seconds for critical alerts[32m 1[2mms[22m[39m
 [32m笨・[39m src/lib/__tests__/safetyHUDLogic.test.ts[2m > [22mSafety HUD Logic[2m > [22mcalculateUpdateFrequency[2m > [22mshould return 30 seconds for high alerts[32m 0[2mms[22m[39m
 [32m笨・[39m src/lib/__tests__/safetyHUDLogic.test.ts[2m > [22mSafety HUD Logic[2m > [22mcalculateUpdateFrequency[2m > [22mshould return 60 seconds for normal alerts[32m 1[2mms[22m[39m
 [32m笨・[39m src/lib/__tests__/safetyHUDLogic.test.ts[2m > [22mSafety HUD Logic[2m > [22mcalculateUpdateFrequency[2m > [22mshould prioritize highest severity[32m 1[2mms[22m[39m
 [32m笨・[39m src/features/today/domain/__tests__/todayEngineBoundary.spec.ts[2m > [22mcalculateUrgency 窶・蜈ｷ菴灘､繝ｻ蠅・阜陬懷ｮ・[2m > [22mtargetTime 縺｡繧・≧縺ｩ縺ｮ縺ｨ縺・score=50, isOverdue=false (slaMinutes=0)[32m 4[2mms[22m[39m
 [32m笨・[39m src/features/today/domain/__tests__/todayEngineBoundary.spec.ts[2m > [22mcalculateUrgency 窶・蜈ｷ菴灘､繝ｻ蠅・阜陬懷ｮ・[2m > [22mtargetTime 縺ｮ30蛻・燕縺ｯ score 縺・0 莉･荳翫〒 isOverdue=false[32m 1[2mms[22m[39m
 [32m笨・[39m src/features/today/domain/__tests__/todayEngineBoundary.spec.ts[2m > [22mcalculateUrgency 窶・蜈ｷ菴灘､繝ｻ蠅・阜陬懷ｮ・[2m > [22mSLA 縺｡繧・≧縺ｩ・・iff === slaMinutes・峨・ overdue 縺ｫ縺ｪ繧峨↑縺・[32m 1[2mms[22m[39m
 [32m笨・[39m src/features/today/domain/__tests__/todayEngineBoundary.spec.ts[2m > [22mcalculateUrgency 窶・蜈ｷ菴灘､繝ｻ蠅・阜陬懷ｮ・[2m > [22mSLA 雜・℃1蛻・ｼ・iff = slaMinutes + 1・峨・ overdue 縺ｫ縺ｪ繧・[32m 1[2mms[22m[39m
 [32m笨・[39m src/features/today/domain/__tests__/todayEngineBoundary.spec.ts[2m > [22mcalculateUrgency 窶・蜈ｷ菴灘､繝ｻ蠅・阜陬懷ｮ・[2m > [22mSLA 雜・℃譎ゅ・ score 縺・+100 縺輔ｌ繧具ｼ・0 + diff + 100・・[32m 1[2mms[22m[39m
 [32m笨・[39m src/features/today/domain/__tests__/todayEngineBoundary.spec.ts[2m > [22mcalculateUrgency 窶・蜈ｷ菴灘､繝ｻ蠅・阜陬懷ｮ・[2m > [22mslaMinutes 逵∫払譎ゅ・繝・ヵ繧ｩ繝ｫ繝・0 縺ｨ縺励※謇ｱ繧上ｌ縲∝叉驕主悉縺ｧ overdue[32m 1[2mms[22m[39m
 [32m笨・[39m src/features/today/domain/__tests__/todayEngineBoundary.spec.ts[2m > [22mcalculateUrgency 窶・蜈ｷ菴灘､繝ｻ蠅・阜陬懷ｮ・[2m > [22mtargetTime 縺悟､ｧ蟷・↓譛ｪ譚･縺ｧ繧・score 縺ｯ 0 莉･荳・[32m 1[2mms[22m[39m
 [32m笨・[39m src/features/today/domain/__tests__/todayEngineBoundary.spec.ts[2m > [22mcalculateUrgency 窶・蜈ｷ菴灘､繝ｻ蠅・阜陬懷ｮ・[2m > [22mscore 縺ｯ Math.round 縺ｧ謨ｴ謨ｰ縺ｫ縺ｪ繧・[32m 1[2mms[22m[39m
 [32m笨・[39m src/features/today/domain/__tests__/todayEngineBoundary.spec.ts[2m > [22mscoreActionPriority 窶・蜈ｨ sourceType 蝗ｺ螳・[2m > [22mvital_alert 竊・P0[32m 1[2mms[22m[39m
 [32m笨・[39m src/features/today/domain/__tests__/todayEngineBoundary.spec.ts[2m > [22mscoreActionPriority 窶・蜈ｨ sourceType 蝗ｺ螳・[2m > [22mincident 竊・P1[32m 1[2mms[22m[39m
 [32m笨・[39m src/features/today/domain/__tests__/todayEngineBoundary.spec.ts[2m > [22mscoreActionPriority 窶・蜈ｨ sourceType 蝗ｺ螳・[2m > [22mschedule 竊・P2[32m 1[2mms[22m[39m
 [32m笨・[39m src/features/today/domain/__tests__/todayEngineBoundary.spec.ts[2m > [22mscoreActionPriority 窶・蜈ｨ sourceType 蝗ｺ螳・[2m > [22mhandoff 竊・P3[32m 1[2mms[22m[39m
 [32m笨・[39m src/features/today/domain/__tests__/todayEngineBoundary.spec.ts[2m > [22mbuildTodayActionQueue 窶・邨ｱ蜷亥｢・阜陬懷ｮ・[2m > [22m遨ｺ驟榊・繧呈ｸ｡縺吶→遨ｺ驟榊・縺瑚ｿ斐ｋ[32m 2[2mms[22m[39m
 [32m笨・[39m src/features/today/domain/__tests__/todayEngineBoundary.spec.ts[2m > [22mbuildTodayActionQueue 窶・邨ｱ蜷亥｢・阜陬懷ｮ・[2m > [22m蜈ｨ莉ｶ螳御ｺ・ｸ医∩縺ｪ繧臥ｩｺ驟榊・縺瑚ｿ斐ｋ[32m 1[2mms[22m[39m
 [32m笨・[39m src/features/today/domain/__tests__/todayEngineBoundary.spec.ts[2m > [22mbuildTodayActionQueue 窶・邨ｱ蜷亥｢・阜陬懷ｮ・[2m > [22mP0 > P1 > P2 > P3 縺ｮ蜈ｨ蜆ｪ蜈亥ｺｦ鬆・′螳医ｉ繧後ｋ[32m 1[2mms[22m[39m
 [32m笨・[39m src/features/today/domain/__tests__/todayEngineBoundary.spec.ts[2m > [22mbuildTodayActionQueue 窶・邨ｱ蜷亥｢・阜陬懷ｮ・[2m > [22mActionCard 縺ｫ id / title / priority / isOverdue 縺悟性縺ｾ繧後ｋ[32m 2[2mms[22m[39m
 [32m笨・[39m src/features/today/domain/__tests__/todayEngineBoundary.spec.ts[2m > [22mbuildTodayActionQueue 窶・邨ｱ蜷亥｢・阜陬懷ｮ・[2m > [22mtargetTime 縺ｪ縺・+ isCompleted=false 竊・繝ｪ繧ｹ繝医↓谿九ｋ[32m 2[2mms[22m[39m
 [32m笨・[39m src/utils/__tests__/formatScheduleTime.test.ts[2m > [22mformatScheduleTime[2m > [22mbasic functionality[2m > [22mshould format valid ISO string to time[32m 5[2mms[22m[39m
 [32m笨・[39m src/utils/__tests__/formatScheduleTime.test.ts[2m > [22mformatScheduleTime[2m > [22mbasic functionality[2m > [22mshould use custom format[32m 1[2mms[22m[39m
 [32m笨・[39m src/utils/__tests__/formatScheduleTime.test.ts[2m > [22mformatScheduleTime[2m > [22mbasic functionality[2m > [22mshould handle UTC timezone[32m 2[2mms[22m[39m
 [32m笨・[39m src/utils/__tests__/formatScheduleTime.test.ts[2m > [22mformatScheduleTime[2m > [22merror handling[2m > [22mshould return fallback for null input[32m 1[2mms[22m[39m
 [32m笨・[39m src/utils/__tests__/formatScheduleTime.test.ts[2m > [22mformatScheduleTime[2m > [22merror handling[2m > [22mshould return fallback for undefined input[32m 1[2mms[22m[39m
 [32m笨・[39m src/utils/__tests__/formatScheduleTime.test.ts[2m > [22mformatScheduleTime[2m > [22merror handling[2m > [22mshould return fallback for empty timezone[32m 1[2mms[22m[39m
 [32m笨・[39m src/utils/__tests__/formatScheduleTime.test.ts[2m > [22mformatScheduleTime[2m > [22merror handling[2m > [22mshould return fallback for invalid ISO string[32m 1[2mms[22m[39m
 [32m笨・[39m src/utils/__tests__/formatScheduleTime.test.ts[2m > [22mformatScheduleRange[2m > [22msame day range[2m > [22mshould format same day schedule correctly[32m 2[2mms[22m[39m
 [32m笨・[39m src/utils/__tests__/formatScheduleTime.test.ts[2m > [22mformatScheduleRange[2m > [22mnext day crossing[2m > [22mshould format next day crossing correctly[32m 1[2mms[22m[39m
 [32m笨・[39m src/utils/__tests__/formatScheduleTime.test.ts[2m > [22mformatScheduleRange[2m > [22mmulti-day crossing[2m > [22mshould format multi-day crossing with date[32m 1[2mms[22m[39m
 [32m笨・[39m src/utils/__tests__/formatScheduleTime.test.ts[2m > [22mformatScheduleRange[2m > [22mpartial invalid inputs[2m > [22mshould handle start-only valid case[32m 1[2mms[22m[39m
 [32m笨・[39m src/utils/__tests__/formatScheduleTime.test.ts[2m > [22mformatScheduleRange[2m > [22mpartial invalid inputs[2m > [22mshould handle end-only valid case[32m 1[2mms[22m[39m
 [32m笨・[39m src/utils/__tests__/formatScheduleTime.test.ts[2m > [22mformatScheduleRange[2m > [22mpartial invalid inputs[2m > [22mshould handle both invalid case[32m 1[2mms[22m[39m
 [32m笨・[39m src/utils/__tests__/formatScheduleTime.test.ts[2m > [22mformatScheduleRange[2m > [22medge cases[2m > [22mshould handle invalid timezone gracefully[32m 1[2mms[22m[39m
 [32m笨・[39m src/utils/__tests__/formatScheduleTime.test.ts[2m > [22mformatScheduleRange[2m > [22medge cases[2m > [22mshould handle exactly midnight boundary[32m 1[2mms[22m[39m
 [32m笨・[39m src/utils/__tests__/formatScheduleTime.test.ts[2m > [22mformatScheduleRange[2m > [22mmetadata completeness[2m > [22mshould return complete ScheduleRange object[32m 2[2mms[22m[39m
 [32m笨・[39m src/features/action-engine/hooks/__tests__/useSuggestionStateStore.spec.ts[2m > [22museSuggestionStateStore[2m > [22mdismiss 縺ｧ dismissed 迥ｶ諷九ｒ菫晏ｭ倥〒縺阪ｋ[32m 8[2mms[22m[39m
 [32m笨・[39m src/features/action-engine/hooks/__tests__/useSuggestionStateStore.spec.ts[2m > [22museSuggestionStateStore[2m > [22msnooze 縺ｧ snoozedUntil 繧剃ｿ晏ｭ倥〒縺阪ｋ[32m 2[2mms[22m[39m
 [32m笨・[39m src/features/action-engine/hooks/__tests__/useSuggestionStateStore.spec.ts[2m > [22museSuggestionStateStore[2m > [22mreopen 縺ｧ open 迥ｶ諷九↓謌ｻ縺帙ｋ[32m 2[2mms[22m[39m
 [32m笨・[39m src/features/action-engine/hooks/__tests__/useSuggestionStateStore.spec.ts[2m > [22museSuggestionStateStore[2m > [22mloadSuggestionStatesFromStorage 縺ｯ螢翫ｌ縺櫟SON繧呈升繧翫▽縺ｶ縺励※蛻晄悄蛹悶〒縺阪ｋ[32m 2[2mms[22m[39m
 [32m笨・[39m src/features/action-engine/hooks/__tests__/useSuggestionStateStore.spec.ts[2m > [22museSuggestionStateStore[2m > [22mloadSuggestionStatesFromStorage 縺ｯ invalid/unknown state 繧帝勁螟悶〒縺阪ｋ[32m 1[2mms[22m[39m
 [32m笨・[39m src/features/action-engine/hooks/__tests__/useSuggestionStateStore.spec.ts[2m > [22museSuggestionStateStore[2m > [22msaveSuggestionStatesToStorage 縺ｯ version 莉倥″縺ｧ菫晏ｭ倥〒縺阪ｋ[32m 1[2mms[22m[39m
 [32m笨・[39m src/features/action-engine/hooks/__tests__/useSuggestionStateStore.spec.ts[2m > [22museSuggestionStateStore[2m > [22mstore 蛻晄悄蛹匁凾縺ｫ localStorage 縺九ｉ hydrate 縺ｧ縺阪ｋ[32m 3[2mms[22m[39m
 [32m笨・[39m src/features/handoff/analysis/__tests__/buildReviewProposal.spec.ts[2m > [22mbuildReviewProposal[2m > [22m繧ｻ繧ｯ繧ｷ繝ｧ繝ｳ 竊・繝輔ぅ繝ｼ繝ｫ繝牙ｱ暮幕[2m > [22mﾂｧ2・亥ｯｾ雎｡陦悟虚・俄・ targetBehavior, behaviorFrequency, behaviorSituation[32m 7[2mms[22m[39m
 [32m笨・[39m src/features/handoff/analysis/__tests__/buildReviewProposal.spec.ts[2m > [22mbuildReviewProposal[2m > [22m繧ｻ繧ｯ繧ｷ繝ｧ繝ｳ 竊・繝輔ぅ繝ｼ繝ｫ繝牙ｱ暮幕[2m > [22mﾂｧ3・域ｰｷ螻ｱ蛻・梵・俄・ triggers, environmentFactors, emotions, needs[32m 2[2mms[22m[39m
 [32m笨・[39m src/features/handoff/analysis/__tests__/buildReviewProposal.spec.ts[2m > [22mbuildReviewProposal[2m > [22m繧ｻ繧ｯ繧ｷ繝ｧ繝ｳ 竊・繝輔ぅ繝ｼ繝ｫ繝牙ｱ暮幕[2m > [22mﾂｧ5・井ｺ磯亟逧・髪謠ｴ・俄・ environmentalAdjustment 遲・[32m 1[2mms[22m[39m
 [32m笨・[39m src/features/handoff/analysis/__tests__/buildReviewProposal.spec.ts[2m > [22mbuildReviewProposal[2m > [22m繧ｻ繧ｯ繧ｷ繝ｧ繝ｳ 竊・繝輔ぅ繝ｼ繝ｫ繝牙ｱ暮幕[2m > [22mﾂｧ7・亥撫鬘瑚｡悟虚譎ょｯｾ蠢懶ｼ俄・ initialResponse, staffResponse[32m 1[2mms[22m[39m
 [32m笨・[39m src/features/handoff/analysis/__tests__/buildReviewProposal.spec.ts[2m > [22mbuildReviewProposal[2m > [22m繧ｻ繧ｯ繧ｷ繝ｧ繝ｳ 竊・繝輔ぅ繝ｼ繝ｫ繝牙ｱ暮幕[2m > [22mﾂｧ8・亥些讖溷ｯｾ蠢懶ｼ俄・ dangerousBehavior, emergencyResponse, medicalCoordination[32m 1[2mms[22m[39m
 [32m笨・[39m src/features/handoff/analysis/__tests__/buildReviewProposal.spec.ts[2m > [22mbuildReviewProposal[2m > [22m繧ｻ繧ｯ繧ｷ繝ｧ繝ｳ 竊・繝輔ぅ繝ｼ繝ｫ繝牙ｱ暮幕[2m > [22mﾂｧ9・医Δ繝九ち繝ｪ繝ｳ繧ｰ・俄・ evaluationIndicator, evaluationMethod[32m 1[2mms[22m[39m
 [32m笨・[39m src/features/handoff/analysis/__tests__/buildReviewProposal.spec.ts[2m > [22mbuildReviewProposal[2m > [22m隍・焚繧ｻ繧ｯ繧ｷ繝ｧ繝ｳ[2m > [22m隍・焚繧ｻ繧ｯ繧ｷ繝ｧ繝ｳ縺ｮ繧｢繧ｯ繧ｷ繝ｧ繝ｳ縺檎ｵ仙粋縺輔ｌ繧・[32m 1[2mms[22m[39m
 [32m笨・[39m src/features/handoff/analysis/__tests__/buildReviewProposal.spec.ts[2m > [22mbuildReviewProposal[2m > [22m隍・焚繧ｻ繧ｯ繧ｷ繝ｧ繝ｳ[2m > [22mﾂｧ8 縺・蝗槫・縺溷ｴ蜷医・繝輔ぅ繝ｼ繝ｫ繝峨・驥崎､・′髯､蜴ｻ縺輔ｌ繧・[32m 1[2mms[22m[39m
 [32m笨・[39m src/features/handoff/analysis/__tests__/buildReviewProposal.spec.ts[2m > [22mbuildReviewProposal[2m > [22m繝｡繧ｿ諠・ｱ[2m > [22muserCode, urgency, riskScore 縺檎ｶｭ謖√＆繧後ｋ[32m 1[2mms[22m[39m
 [32m笨・[39m src/features/handoff/analysis/__tests__/buildReviewProposal.spec.ts[2m > [22mbuildReviewProposal[2m > [22m繝｡繧ｿ諠・ｱ[2m > [22msourceEvidence 縺ｫ繧｢繝ｩ繝ｼ繝医・繝代ち繝ｼ繝ｳ諠・ｱ縺悟性縺ｾ繧後ｋ[32m 1[2mms[22m[39m
 [32m笨・[39m src/features/handoff/analysis/__tests__/buildReviewProposal.spec.ts[2m > [22mbuildReviewProposal[2m > [22m繝｡繧ｿ諠・ｱ[2m > [22mgeneratedAt 縺檎ｶｭ謖√＆繧後ｋ[32m 1[2mms[22m[39m
 [32m笨・[39m src/features/handoff/analysis/__tests__/buildReviewProposal.spec.ts[2m > [22mbuildReviewProposal[2m > [22m遨ｺ蜈･蜉・[2m > [22mproposedSections 縺檎ｩｺ 竊・actions 繧らｩｺ[32m 1[2mms[22m[39m
 [32m笨・[39m src/features/handoff/analysis/__tests__/buildReviewProposal.spec.ts[2m > [22mbuildReviewProposal[2m > [22mevidenceSummary[2m > [22mevidence 縺後≠繧句ｴ蜷医・邨仙粋縺輔ｌ繧・[32m 1[2mms[22m[39m
 [32m笨・[39m src/features/handoff/analysis/__tests__/buildReviewProposal.spec.ts[2m > [22mbuildReviewProposal[2m > [22mevidenceSummary[2m > [22mevidence 縺檎ｩｺ縺ｮ蝣ｴ蜷医・ reason 縺後ヵ繧ｩ繝ｼ繝ｫ繝舌ャ繧ｯ[32m 1[2mms[22m[39m
 [32m笨・[39m src/features/handoff/analysis/__tests__/buildReviewProposal.spec.ts[2m > [22mbuildReviewProposals[2m > [22m隍・焚縺ｮ recommendation 繧剃ｸ諡ｬ螟画鋤縺ｧ縺阪ｋ[32m 1[2mms[22m[39m
 [32m笨・[39m tests/unit/dataIntegrityScanner.spec.ts[2m > [22mvalidateItems[2m > [22mcounts all items as valid when data is correct[32m 6[2mms[22m[39m
 [32m笨・[39m tests/unit/dataIntegrityScanner.spec.ts[2m > [22mvalidateItems[2m > [22mdetects invalid items and returns translated messages[32m 3[2mms[22m[39m
 [32m笨・[39m tests/unit/dataIntegrityScanner.spec.ts[2m > [22mvalidateItems[2m > [22mhandles empty array[32m 1[2mms[22m[39m
 [32m笨・[39m tests/unit/dataIntegrityScanner.spec.ts[2m > [22mvalidateItems[2m > [22muses "unknown" for items without Id[32m 1[2mms[22m[39m
 [32m笨・[39m tests/unit/dataIntegrityScanner.spec.ts[2m > [22mscanAll[2m > [22mprocesses multiple targets and returns results[32m 3[2mms[22m[39m
 [32m笨・[39m tests/unit/dataIntegrityScanner.spec.ts[2m > [22mscanAll[2m > [22mcalls onProgress callback[32m 1[2mms[22m[39m
 [32m笨・[39m tests/unit/dataIntegrityScanner.spec.ts[2m > [22mscanAll[2m > [22mrespects AbortSignal[32m 1[2mms[22m[39m
 [32m笨・[39m tests/unit/dataIntegrityScanner.spec.ts[2m > [22mscanAll[2m > [22mhandles missing data for a target[32m 1[2mms[22m[39m
 [32m笨・[39m tests/unit/dataIntegrityScanner.spec.ts[2m > [22mformatScanSummary[2m > [22mgenerates clean report for all-valid data[32m 1[2mms[22m[39m
 [32m笨・[39m tests/unit/dataIntegrityScanner.spec.ts[2m > [22mformatScanSummary[2m > [22mgenerates report with error details for invalid data[32m 1[2mms[22m[39m
 [32m笨・[39m tests/unit/records.hook.spec.ts[2m > [22museRecordsApi[2m > [22mlist delegates to getListItemsByTitle with expected args and returns items[32m 24[2mms[22m[39m
 [32m笨・[39m tests/unit/records.hook.spec.ts[2m > [22museRecordsApi[2m > [22madd delegates to addListItemByTitle and returns created row[32m 5[2mms[22m[39m
 [32m笨・[39m src/features/support-plan-guide/domain/__tests__/suggestionDecisionHelpers.spec.ts[2m > [22mgetLatestDecisionMap[2m > [22m遨ｺ驟榊・縺ｪ繧臥ｩｺMap繧定ｿ斐☆[32m 4[2mms[22m[39m
 [32m笨・[39m src/features/support-plan-guide/domain/__tests__/suggestionDecisionHelpers.spec.ts[2m > [22mgetLatestDecisionMap[2m > [22m蜷・id 縺ｮ譛譁ｰ繝ｬ繧ｳ繝ｼ繝峨・縺ｿ霑斐☆[32m 1[2mms[22m[39m
 [32m笨・[39m src/features/support-plan-guide/domain/__tests__/suggestionDecisionHelpers.spec.ts[2m > [22mgetLatestDecisionMap[2m > [22m蜷御ｸ譎ょ綾縺ｮ蝣ｴ蜷医・蠕後・隕∫ｴ縺悟━蜈医＆繧後ｋ[32m 1[2mms[22m[39m
 [32m笨・[39m src/features/support-plan-guide/domain/__tests__/suggestionDecisionHelpers.spec.ts[2m > [22mgetDecisionsBySource[2m > [22m謖・ｮ・source 縺ｮ繝ｬ繧ｳ繝ｼ繝峨・縺ｿ霑斐☆[32m 2[2mms[22m[39m
 [32m笨・[39m src/features/support-plan-guide/domain/__tests__/suggestionDecisionHelpers.spec.ts[2m > [22mgetDecisionsBySource[2m > [22m隧ｲ蠖・source 縺後↑縺代ｌ縺ｰ遨ｺ繧ｪ繝悶ず繧ｧ繧ｯ繝・[32m 1[2mms[22m[39m
 [32m笨・[39m src/features/support-plan-guide/domain/__tests__/suggestionDecisionHelpers.spec.ts[2m > [22mappendDecisionRecord[2m > [22m譁ｰ縺励＞繝ｬ繧ｳ繝ｼ繝峨ｒ譛ｫ蟆ｾ縺ｫ霑ｽ蜉縺吶ｋ[32m 3[2mms[22m[39m
 [32m笨・[39m src/features/support-plan-guide/domain/__tests__/suggestionDecisionHelpers.spec.ts[2m > [22mappendDecisionRecord[2m > [22m蜈・・驟榊・縺ｯ螟画峩縺輔ｌ縺ｪ縺・ｼ医う繝溘Η繝ｼ繧ｿ繝悶Ν・・[32m 1[2mms[22m[39m
 [32m笨・[39m src/features/support-plan-guide/domain/__tests__/suggestionDecisionHelpers.spec.ts[2m > [22mremoveDecisionRecords[2m > [22m謖・ｮ・id + source 縺ｫ荳閾ｴ縺吶ｋ繝ｬ繧ｳ繝ｼ繝峨ｒ髯､蜴ｻ[32m 1[2mms[22m[39m
 [32m笨・[39m src/features/support-plan-guide/domain/__tests__/suggestionDecisionHelpers.spec.ts[2m > [22mremoveDecisionRecords[2m > [22m隧ｲ蠖薙↑縺励・蝣ｴ蜷医・蜈・→蜷後§髟ｷ縺・[32m 1[2mms[22m[39m
 [32m笨・[39m src/features/support-plan-guide/domain/__tests__/suggestionDecisionHelpers.spec.ts[2m > [22mremoveDecisionRecords[2m > [22m蜈・・驟榊・縺ｯ螟画峩縺輔ｌ縺ｪ縺・[32m 1[2mms[22m[39m
 [32m笨・[39m src/features/support-plan-guide/domain/__tests__/suggestionDecisionHelpers.spec.ts[2m > [22msanitizeDecisionRecords[2m > [22m譛牙柑縺ｪ繝ｬ繧ｳ繝ｼ繝蛾・蛻励ｒ縺昴・縺ｾ縺ｾ霑斐☆[32m 1[2mms[22m[39m
 [32m笨・[39m src/features/support-plan-guide/domain/__tests__/suggestionDecisionHelpers.spec.ts[2m > [22msanitizeDecisionRecords[2m > [22mnull / undefined 竊・遨ｺ驟榊・[32m 1[2mms[22m[39m
 [32m笨・[39m src/features/support-plan-guide/domain/__tests__/suggestionDecisionHelpers.spec.ts[2m > [22msanitizeDecisionRecords[2m > [22m驟榊・縺ｧ縺ｪ縺・､ 竊・遨ｺ驟榊・[32m 1[2mms[22m[39m
 [32m笨・[39m src/features/support-plan-guide/domain/__tests__/suggestionDecisionHelpers.spec.ts[2m > [22msanitizeDecisionRecords[2m > [22m荳肴ｭ｣縺ｪ繧ｨ繝ｳ繝医Μ繧偵ヵ繧｣繝ｫ繧ｿ縺吶ｋ[32m 1[2mms[22m[39m
 [32m笨・[39m src/features/support-plan-guide/domain/__tests__/suggestionDecisionHelpers.spec.ts[2m > [22msanitizeDecisionRecords[2m > [22m荳肴ｭ｣縺ｪ action 縺ｮ繝ｬ繧ｳ繝ｼ繝峨ｒ繝輔ぅ繝ｫ繧ｿ縺吶ｋ[32m 1[2mms[22m[39m
 [32m笨・[39m src/utils/__tests__/datetime.test.ts[2m > [22mformatRangeLocal[2m > [22mbasic functionality[2m > [22mshould format single date[32m 5[2mms[22m[39m
 [32m笨・[39m src/utils/__tests__/datetime.test.ts[2m > [22mformatRangeLocal[2m > [22mbasic functionality[2m > [22mshould format date range[32m 2[2mms[22m[39m
 [32m笨・[39m src/utils/__tests__/datetime.test.ts[2m > [22mformatRangeLocal[2m > [22mimproved single-side handling[2m > [22mshould show only end date when start is null[32m 1[2mms[22m[39m
 [32m笨・[39m src/utils/__tests__/datetime.test.ts[2m > [22mformatRangeLocal[2m > [22mimproved single-side handling[2m > [22mshould show only start date when end is null[32m 1[2mms[22m[39m
 [32m笨・[39m src/utils/__tests__/datetime.test.ts[2m > [22mformatRangeLocal[2m > [22mtimezone error handling[2m > [22mshould fallback to Asia/Tokyo for invalid timezone[32m 1[2mms[22m[39m
 [32m笨・[39m src/utils/__tests__/datetime.test.ts[2m > [22mformatRangeLocal[2m > [22mrounding modes[2m > [22mshould round to nearest by default[32m 1[2mms[22m[39m
 [32m笨・[39m src/utils/__tests__/datetime.test.ts[2m > [22mformatRangeLocal[2m > [22mrounding modes[2m > [22mshould floor when roundMode is floor[32m 1[2mms[22m[39m
 [32m笨・[39m src/utils/__tests__/datetime.test.ts[2m > [22mformatRangeLocal[2m > [22mrounding modes[2m > [22mshould ceil when roundMode is ceil[32m 1[2mms[22m[39m
 [32m笨・[39m src/utils/__tests__/datetime.test.ts[2m > [22mformatRangeLocal[2m > [22mrounding modes[2m > [22mshould handle edge case at exact boundary[32m 2[2mms[22m[39m
 [32m笨・[39m src/utils/__tests__/datetime.test.ts[2m > [22mformatRangeLocal[2m > [22mfallback handling[2m > [22mshould return fallback when both dates are invalid[32m 1[2mms[22m[39m
 [32m笨・[39m src/utils/__tests__/datetime.test.ts[2m > [22mformatRangeLocal[2m > [22mfallback handling[2m > [22mshould return empty string by default when both dates are invalid[32m 1[2mms[22m[39m
 [32m笨・[39m src/utils/__tests__/datetime.test.ts[2m > [22mformatRangeLocal[2m > [22moverload type safety[2m > [22mshould work with single parameter (options)[32m 1[2mms[22m[39m
 [32m笨・[39m src/utils/__tests__/datetime.test.ts[2m > [22mformatRangeLocal[2m > [22moverload type safety[2m > [22mshould work with two parameters (start, end)[32m 1[2mms[22m[39m
 [32m笨・[39m src/utils/__tests__/datetime.test.ts[2m > [22mformatRangeLocal[2m > [22moverload type safety[2m > [22mshould work with three parameters (start, end, options)[32m 2[2mms[22m[39m
 [32m笨・[39m src/features/telemetry/domain/__tests__/computeCtaKpis.spec.ts[2m > [22mcomputeCtaKpis[2m > [22m遨ｺ驟榊・縺ｪ繧牙・謖・ｨ吶ぞ繝ｭ[32m 6[2mms[22m[39m
 [32m笨・[39m src/features/telemetry/domain/__tests__/computeCtaKpis.spec.ts[2m > [22mcomputeCtaKpis[2m > [22mHero vs Queue 豈皮紫[2m > [22mHero CTA 縺ｮ縺ｿ 竊・heroRate 100%[32m 2[2mms[22m[39m
 [32m笨・[39m src/features/telemetry/domain/__tests__/computeCtaKpis.spec.ts[2m > [22mcomputeCtaKpis[2m > [22mHero vs Queue 豈皮紫[2m > [22mQueue CTA 縺ｮ縺ｿ 竊・queueRate 100%[32m 1[2mms[22m[39m
 [32m笨・[39m src/features/telemetry/domain/__tests__/computeCtaKpis.spec.ts[2m > [22mcomputeCtaKpis[2m > [22mHero vs Queue 豈皮紫[2m > [22mHero 3 + Queue 1 竊・heroRate 75%[32m 1[2mms[22m[39m
 [32m笨・[39m src/features/telemetry/domain/__tests__/computeCtaKpis.spec.ts[2m > [22mcomputeCtaKpis[2m > [22m逕ｻ髱｢蛻･ KPIs[2m > [22m繧ｯ繝ｪ繝・け縺ｮ縺ゅｋ逕ｻ髱｢縺縺題ｿ斐☆[32m 1[2mms[22m[39m
 [32m笨・[39m src/features/telemetry/domain/__tests__/computeCtaKpis.spec.ts[2m > [22mcomputeCtaKpis[2m > [22m逕ｻ髱｢蛻･ KPIs[2m > [22m隍・焚逕ｻ髱｢縺ｮ繧ｯ繝ｪ繝・け繧呈ｭ｣縺励￥蛻・｡・[32m 1[2mms[22m[39m
 [32m笨・[39m src/features/telemetry/domain/__tests__/computeCtaKpis.spec.ts[2m > [22mcomputeCtaKpis[2m > [22m蟆守ｷ壼・蟶・[2m > [22mCTA ID縺九ｉ驕ｷ遘ｻ蜈医＃縺ｨ縺ｫ髮・ｨ・[32m 1[2mms[22m[39m
 [32m笨・[39m src/features/telemetry/domain/__tests__/computeCtaKpis.spec.ts[2m > [22mcomputeCtaKpis[2m > [22m蟆守ｷ壼・蟶・[2m > [22m髯埼・た繝ｼ繝・[32m 1[2mms[22m[39m
 [32m笨・[39m src/features/telemetry/domain/__tests__/computeCtaKpis.spec.ts[2m > [22mcomputeCtaKpis[2m > [22m繝輔ぃ繝阪Ν[2m > [22m繝ｩ繝ｳ繝・ぅ繝ｳ繧ｰ 竊・繧ｯ繝ｪ繝・け 竊・螳御ｺ・縺ｮ霆｢謠帷紫繧定ｨ育ｮ・[32m 1[2mms[22m[39m
 [32m笨・[39m src/features/telemetry/domain/__tests__/computeCtaKpis.spec.ts[2m > [22mcomputeCtaKpis[2m > [22m譎る俣蟶ｯ蛻・ｸ・[2m > [22m6譎ゅ・1譎ゅ・16繝舌こ繝・ヨ繧定ｿ斐☆[32m 1[2mms[22m[39m
 [32m笨・[39m src/features/telemetry/domain/__tests__/computeCtaKpis.spec.ts[2m > [22mcomputeCtaKpis[2m > [22m譎る俣蟶ｯ蛻・ｸ・[2m > [22mclientTs 縺九ｉ譎る俣蟶ｯ繧呈ｭ｣縺励￥蛻・｡・[32m 1[2mms[22m[39m
 [32m笨・[39m src/features/telemetry/domain/__tests__/computeCtaKpis.spec.ts[2m > [22mcomputeCtaKpis[2m > [22m蜷郁ｨ亥､[2m > [22mlanding 縺ｨ cta_click 繧偵◎繧後◇繧後き繧ｦ繝ｳ繝・[32m 1[2mms[22m[39m
 [32m笨・[39m src/domain/safety/__tests__/physicalRestraint.spec.ts[2m > [22mcomputeDurationMinutes[2m > [22mshould compute duration in minutes from start/end ISO strings[32m 5[2mms[22m[39m
 [32m笨・[39m src/domain/safety/__tests__/physicalRestraint.spec.ts[2m > [22mcomputeDurationMinutes[2m > [22mshould return 0 when end is before start[32m 1[2mms[22m[39m
 [32m笨・[39m src/domain/safety/__tests__/physicalRestraint.spec.ts[2m > [22mcomputeDurationMinutes[2m > [22mshould return 0 for invalid dates[32m 1[2mms[22m[39m
 [32m笨・[39m src/domain/safety/__tests__/physicalRestraint.spec.ts[2m > [22mcomputeDurationMinutes[2m > [22mshould handle same start and end[32m 1[2mms[22m[39m
 [32m笨・[39m src/domain/safety/__tests__/physicalRestraint.spec.ts[2m > [22mcomputeDurationMinutes[2m > [22mshould handle multi-hour durations[32m 1[2mms[22m[39m
 [32m笨・[39m src/domain/safety/__tests__/physicalRestraint.spec.ts[2m > [22mallThreeRequirementsMet[2m > [22mshould return true when all three are met[32m 1[2mms[22m[39m
 [32m笨・[39m src/domain/safety/__tests__/physicalRestraint.spec.ts[2m > [22mallThreeRequirementsMet[2m > [22mshould return false when any is missing[32m 1[2mms[22m[39m
 [32m笨・[39m src/domain/safety/__tests__/physicalRestraint.spec.ts[2m > [22mallThreeRequirementsMet[2m > [22mshould return false when none are met[32m 1[2mms[22m[39m
 [32m笨・[39m src/domain/safety/__tests__/physicalRestraint.spec.ts[2m > [22mcountMetRequirements[2m > [22mshould count 0 when none met[32m 1[2mms[22m[39m
 [32m笨・[39m src/domain/safety/__tests__/physicalRestraint.spec.ts[2m > [22mcountMetRequirements[2m > [22mshould count 2 when two met[32m 1[2mms[22m[39m
 [32m笨・[39m src/domain/safety/__tests__/physicalRestraint.spec.ts[2m > [22mcreateEmptyRestraintDraft[2m > [22mshould create a draft with userId[32m 2[2mms[22m[39m
 [32m笨・[39m src/domain/safety/__tests__/physicalRestraint.spec.ts[2m > [22mcreateEmptyRestraintDraft[2m > [22mshould carry relatedIncidentId when provided[32m 1[2mms[22m[39m
 [32m笨・[39m src/domain/safety/__tests__/physicalRestraint.spec.ts[2m > [22mfromDraftToRestraintRecord[2m > [22mshould convert draft to record with computed duration[32m 1[2mms[22m[39m
 [32m笨・[39m src/domain/safety/__tests__/physicalRestraint.spec.ts[2m > [22mcomputeRestraintSummary[2m > [22mshould return empty summary for empty array[32m 1[2mms[22m[39m
 [32m笨・[39m src/domain/safety/__tests__/physicalRestraint.spec.ts[2m > [22mcomputeRestraintSummary[2m > [22mshould compute correct totals[32m 1[2mms[22m[39m
 [32m笨・[39m src/domain/safety/__tests__/physicalRestraint.spec.ts[2m > [22mcomputeRestraintSummary[2m > [22mshould compute average duration[32m 1[2mms[22m[39m
 [32m笨・[39m tests/unit/pathUtils.spec.ts[2m > [22mnormalizePath[2m > [22mstrips query strings[32m 5[2mms[22m[39m
 [32m笨・[39m tests/unit/pathUtils.spec.ts[2m > [22mnormalizePath[2m > [22mstrips hash fragments[32m 1[2mms[22m[39m
 [32m笨・[39m tests/unit/pathUtils.spec.ts[2m > [22mnormalizePath[2m > [22mstrips trailing slashes[32m 1[2mms[22m[39m
 [32m笨・[39m tests/unit/pathUtils.spec.ts[2m > [22mnormalizePath[2m > [22mreturns / for root with trailing slash[32m 1[2mms[22m[39m
 [32m笨・[39m tests/unit/pathUtils.spec.ts[2m > [22mnormalizePath[2m > [22mreturns empty string for empty input[32m 1[2mms[22m[39m
 [32m笨・[39m tests/unit/pathUtils.spec.ts[2m > [22mnormalizePath[2m > [22mhandles combined query + hash + trailing slash[32m 1[2mms[22m[39m
 [32m笨・[39m tests/unit/pathUtils.spec.ts[2m > [22mnormalizeRouterPath[2m > [22mprefixes / for relative paths[32m 1[2mms[22m[39m
 [32m笨・[39m tests/unit/pathUtils.spec.ts[2m > [22mnormalizeRouterPath[2m > [22mleaves absolute paths unchanged[32m 1[2mms[22m[39m
 [32m笨・[39m tests/unit/pathUtils.spec.ts[2m > [22mnormalizeRouterPath[2m > [22mreturns / for empty input[32m 1[2mms[22m[39m
 [32m笨・[39m tests/unit/pathUtils.spec.ts[2m > [22mnormalizeRouterPath[2m > [22mhandles paths with dynamic segments[32m 1[2mms[22m[39m
 [32m笨・[39m tests/unit/pathUtils.spec.ts[2m > [22misDynamicPattern[2m > [22mreturns true for paths with dynamic segments[32m 1[2mms[22m[39m
 [32m笨・[39m tests/unit/pathUtils.spec.ts[2m > [22misDynamicPattern[2m > [22mreturns true for optional dynamic segments[32m 1[2mms[22m[39m
 [32m笨・[39m tests/unit/pathUtils.spec.ts[2m > [22misDynamicPattern[2m > [22mreturns false for static paths[32m 1[2mms[22m[39m
 [32m笨・[39m tests/unit/pathUtils.spec.ts[2m > [22misDynamicPattern[2m > [22mreturns false for wildcard-only paths[32m 1[2mms[22m[39m
 [32m笨・[39m tests/unit/pathUtils.spec.ts[2m > [22mmatchDynamic[2m > [22mmatches simple dynamic segments[32m 1[2mms[22m[39m
 [32m笨・[39m tests/unit/pathUtils.spec.ts[2m > [22mmatchDynamic[2m > [22mmatches multi-segment dynamic routes[32m 1[2mms[22m[39m
 [32m笨・[39m tests/unit/pathUtils.spec.ts[2m > [22mmatchDynamic[2m > [22mrejects mismatching static segments[32m 1[2mms[22m[39m
 [32m笨・[39m tests/unit/pathUtils.spec.ts[2m > [22mmatchDynamic[2m > [22mrejects paths with more segments than the pattern[32m 1[2mms[22m[39m
 [32m笨・[39m tests/unit/pathUtils.spec.ts[2m > [22mmatchDynamic[2m > [22mrejects paths with fewer segments (non-optional)[32m 1[2mms[22m[39m
 [32m笨・[39m tests/unit/pathUtils.spec.ts[2m > [22mmatchDynamic[2m > [22mmatches optional params when present[32m 1[2mms[22m[39m
 [32m笨・[39m tests/unit/pathUtils.spec.ts[2m > [22mmatchDynamic[2m > [22mmatches optional params when omitted[32m 1[2mms[22m[39m
 [32m笨・[39m tests/unit/pathUtils.spec.ts[2m > [22mmatchDynamic[2m > [22mmatches wildcard routes[32m 1[2mms[22m[39m
 [32m笨・[39m tests/unit/pathUtils.spec.ts[2m > [22mmatchDynamic[2m > [22mmatches wildcard for single extra segment[32m 1[2mms[22m[39m
 [32m笨・[39m tests/unit/pathUtils.spec.ts[2m > [22mmatchDynamic[2m > [22mmatches nav href with concrete value against dynamic route[32m 1[2mms[22m[39m
 [32m笨・[39m tests/unit/service-provision/schema.spec.ts[2m > [22mmakeEntryKey[2m > [22mUserCode 縺ｨ recordDateISO 繧・"|" 縺ｧ邨仙粋縺吶ｋ[32m 5[2mms[22m[39m
 [32m笨・[39m tests/unit/service-provision/schema.spec.ts[2m > [22mmakeEntryKey[2m > [22m遨ｺ譁・ｭ励〒繧らｵ仙粋縺ｧ縺阪ｋ[32m 1[2mms[22m[39m
 [32m笨・[39m tests/unit/service-provision/schema.spec.ts[2m > [22mupsertProvisionInputSchema[2m > [22m譛蟆城剞縺ｮ蜈･蜉帙〒 parse 謌仙粥[32m 2[2mms[22m[39m
 [32m笨・[39m tests/unit/service-provision/schema.spec.ts[2m > [22mupsertProvisionInputSchema[2m > [22m蜈ｨ繝輔ぅ繝ｼ繝ｫ繝牙・蜉帙〒 parse 謌仙粥[32m 1[2mms[22m[39m
 [32m笨・[39m tests/unit/service-provision/schema.spec.ts[2m > [22mupsertProvisionInputSchema[2m > [22muserCode 遨ｺ譁・ｭ・竊・繧ｨ繝ｩ繝ｼ[32m 1[2mms[22m[39m
 [32m笨・[39m tests/unit/service-provision/schema.spec.ts[2m > [22mupsertProvisionInputSchema[2m > [22mrecordDateISO 荳肴ｭ｣繝輔か繝ｼ繝槭ャ繝・竊・繧ｨ繝ｩ繝ｼ[32m 1[2mms[22m[39m
 [32m笨・[39m tests/unit/service-provision/schema.spec.ts[2m > [22mupsertProvisionInputSchema[2m > [22mrecordDateISO 6譯∝ｹｴ 竊・繧ｨ繝ｩ繝ｼ[32m 1[2mms[22m[39m
 [32m笨・[39m tests/unit/service-provision/schema.spec.ts[2m > [22mupsertProvisionInputSchema[2m > [22mstatus 荳肴ｭ｣蛟､ 竊・繧ｨ繝ｩ繝ｼ[32m 1[2mms[22m[39m
 [32m笨・[39m tests/unit/service-provision/schema.spec.ts[2m > [22mupsertProvisionInputSchema[2m > [22mstartHHMM 遽・峇螟厄ｼ郁ｲ謨ｰ・・竊・繧ｨ繝ｩ繝ｼ[32m 1[2mms[22m[39m
 [32m笨・[39m tests/unit/service-provision/schema.spec.ts[2m > [22mupsertProvisionInputSchema[2m > [22mendHHMM 遽・峇螟厄ｼ・360莉･荳奇ｼ・竊・繧ｨ繝ｩ繝ｼ[32m 1[2mms[22m[39m
 [32m笨・[39m tests/unit/service-provision/schema.spec.ts[2m > [22mupsertProvisionInputSchema[2m > [22mstartHHMM null 縺ｯ險ｱ螳ｹ[32m 1[2mms[22m[39m
 [32m笨・[39m tests/unit/service-provision/schema.spec.ts[2m > [22mupsertProvisionInputSchema[2m > [22mnote 2000譁・ｭ苓ｶ・竊・繧ｨ繝ｩ繝ｼ[32m 1[2mms[22m[39m
 [32m笨・[39m tests/unit/service-provision/schema.spec.ts[2m > [22mupsertProvisionInputSchema[2m > [22msource 荳肴ｭ｣蛟､ 竊・繧ｨ繝ｩ繝ｼ[32m 1[2mms[22m[39m
 [32m笨・[39m src/features/daily/domain/__tests__/adoptionMetrics.spec.ts[2m > [22mextractRulePrefix[2m > [22m"highCoOccurrence:panic" 竊・"highCoOccurrence"[32m 4[2mms[22m[39m
 [32m笨・[39m src/features/daily/domain/__tests__/adoptionMetrics.spec.ts[2m > [22mextractRulePrefix[2m > [22m"slotBias" 竊・"slotBias"[32m 1[2mms[22m[39m
 [32m笨・[39m src/features/daily/domain/__tests__/adoptionMetrics.spec.ts[2m > [22mextractRulePrefix[2m > [22m"tagDensityGap" 竊・"tagDensityGap"[32m 1[2mms[22m[39m
 [32m笨・[39m src/features/daily/domain/__tests__/adoptionMetrics.spec.ts[2m > [22mextractRulePrefix[2m > [22m"positiveSignal:eating" 竊・"positiveSignal"[32m 1[2mms[22m[39m
 [32m笨・[39m src/features/daily/domain/__tests__/adoptionMetrics.spec.ts[2m > [22mgetRulePrefixLabel[2m > [22m譌｢遏･縺ｮ prefix 縺ｫ蟇ｾ縺励※譌･譛ｬ隱槭Λ繝吶Ν繧定ｿ斐☆[32m 1[2mms[22m[39m
 [32m笨・[39m src/features/daily/domain/__tests__/adoptionMetrics.spec.ts[2m > [22mgetRulePrefixLabel[2m > [22m譛ｪ遏･縺ｮ prefix 縺ｫ蟇ｾ縺励※縲後◎縺ｮ莉悶阪ｒ霑斐☆[32m 1[2mms[22m[39m
 [32m笨・[39m src/features/daily/domain/__tests__/adoptionMetrics.spec.ts[2m > [22msafeRate[2m > [22m豁｣蟶ｸ縺ｪ蜑ｲ蜷医ｒ蟆乗焚1譯√〒霑斐☆[32m 1[2mms[22m[39m
 [32m笨・[39m src/features/daily/domain/__tests__/adoptionMetrics.spec.ts[2m > [22msafeRate[2m > [22m蛻・ｯ・縺ｧ繧ｼ繝ｭ髯､邂励＠縺ｪ縺・[32m 1[2mms[22m[39m
 [32m笨・[39m src/features/daily/domain/__tests__/adoptionMetrics.spec.ts[2m > [22msafeRate[2m > [22m蛻・ｭ・縺ｯ0繧定ｿ斐☆[32m 1[2mms[22m[39m
 [32m笨・[39m src/features/daily/domain/__tests__/adoptionMetrics.spec.ts[2m > [22msafeRate[2m > [22m100%繧定ｿ斐☆[32m 1[2mms[22m[39m
 [32m笨・[39m src/features/daily/domain/__tests__/adoptionMetrics.spec.ts[2m > [22mcountISPImports[2m > [22m繝｡繧ｿ蜊ｰ縺後≠繧句ｴ蜷医↓繧ｫ繧ｦ繝ｳ繝医☆繧・[32m 1[2mms[22m[39m
 [32m笨・[39m src/features/daily/domain/__tests__/adoptionMetrics.spec.ts[2m > [22mcountISPImports[2m > [22m繝｡繧ｿ蜊ｰ縺後↑縺・ｴ蜷医・0[32m 1[2mms[22m[39m
 [32m笨・[39m src/features/daily/domain/__tests__/adoptionMetrics.spec.ts[2m > [22mcountISPImports[2m > [22m遨ｺ縺ｮ improvementIdeas 縺ｧ繧ょｮ牙・[32m 0[2mms[22m[39m
 [32m笨・[39m src/features/daily/domain/__tests__/adoptionMetrics.spec.ts[2m > [22mcountISPImports[2m > [22m蜷御ｸ繝｡繧ｿ蜊ｰ縺ｮ驥崎､・き繧ｦ繝ｳ繝医ｒ髦ｲ豁｢縺吶ｋ[32m 1[2mms[22m[39m
 [32m笨・[39m src/features/daily/domain/__tests__/adoptionMetrics.spec.ts[2m > [22mcountISPImports[2m > [22m逡ｰ縺ｪ繧九Ν繝ｼ繝ｫ/繝ｦ繝ｼ繧ｶ繝ｼ縺ｯ蛻･縲・↓繧ｫ繧ｦ繝ｳ繝医☆繧・[32m 1[2mms[22m[39m
 [32m笨・[39m src/features/daily/domain/__tests__/adoptionMetrics.spec.ts[2m > [22mcomputeAdoptionMetrics[2m > [22m遨ｺ驟榊・縺ｧ螳牙・縺ｫ繧ｼ繝ｭ縺ｮ metrics 繧定ｿ斐☆[32m 2[2mms[22m[39m
 [32m笨・[39m src/features/daily/domain/__tests__/adoptionMetrics.spec.ts[2m > [22mcomputeAdoptionMetrics[2m > [22maccept / dismiss 繧呈ｭ｣縺励￥繧ｫ繧ｦ繝ｳ繝医☆繧・[32m 1[2mms[22m[39m
 [32m笨・[39m src/features/daily/domain/__tests__/adoptionMetrics.spec.ts[2m > [22mcomputeAdoptionMetrics[2m > [22mISP 蜿肴丐邇・ｒ豁｣縺励￥險育ｮ励☆繧・[32m 1[2mms[22m[39m
 [32m笨・[39m src/features/daily/domain/__tests__/adoptionMetrics.spec.ts[2m > [22mcomputeAdoptionMetrics[2m > [22mimprovementIdeas 逵∫払譎ゅ・蜿肴丐邇・[32m 1[2mms[22m[39m
 [32m笨・[39m src/features/daily/domain/__tests__/adoptionMetrics.spec.ts[2m > [22mcomputeAdoptionMetrics[2m > [22m繝ｫ繝ｼ繝ｫ蛻･髮・ｨ医′豁｣縺励￥繧ｰ繝ｫ繝ｼ繝斐Φ繧ｰ縺輔ｌ繧・[32m 2[2mms[22m[39m
 [32m笨・[39m src/features/daily/domain/__tests__/adoptionMetrics.spec.ts[2m > [22mcomputeAdoptionMetrics[2m > [22m繝ｫ繝ｼ繝ｫ蛻･髮・ｨ医′ acceptRate 髯埼・〒繧ｽ繝ｼ繝医＆繧後ｋ[32m 1[2mms[22m[39m
 [32m笨・[39m src/features/daily/domain/__tests__/adoptionMetrics.spec.ts[2m > [22mcomputeAdoptionMetrics[2m > [22maccept 縺ｮ縺ｿ縺ｮ蝣ｴ蜷医∥cceptRate 縺ｯ 100[32m 1[2mms[22m[39m
 [32m笨・[39m src/features/daily/domain/__tests__/adoptionMetrics.spec.ts[2m > [22mcomputeAdoptionMetrics[2m > [22mdismiss 縺ｮ縺ｿ縺ｮ蝣ｴ蜷医∥cceptRate 縺ｯ 0[32m 1[2mms[22m[39m
 [32m笨・[39m tests/unit/timeFlowUtils.spec.ts[2m > [22mnormalizeTemplateTime[2m > [22mnormalizes HH:MM format[32m 4[2mms[22m[39m
 [32m笨・[39m tests/unit/timeFlowUtils.spec.ts[2m > [22mnormalizeTemplateTime[2m > [22mnormalizes full-width colon[32m 1[2mms[22m[39m
 [32m笨・[39m tests/unit/timeFlowUtils.spec.ts[2m > [22mnormalizeTemplateTime[2m > [22mnormalizes hour-only input[32m 1[2mms[22m[39m
 [32m笨・[39m tests/unit/timeFlowUtils.spec.ts[2m > [22mnormalizeTemplateTime[2m > [22mclamps hours to 0-23[32m 1[2mms[22m[39m
 [32m笨・[39m tests/unit/timeFlowUtils.spec.ts[2m > [22mnormalizeTemplateTime[2m > [22mclamps minutes to 0-59[32m 1[2mms[22m[39m
 [32m笨・[39m tests/unit/timeFlowUtils.spec.ts[2m > [22mnormalizeTemplateTime[2m > [22mreturns 00:00 for empty string[32m 1[2mms[22m[39m
 [32m笨・[39m tests/unit/timeFlowUtils.spec.ts[2m > [22mnormalizeTemplateTime[2m > [22mreturns 00:00 for whitespace-only[32m 1[2mms[22m[39m
 [32m笨・[39m tests/unit/timeFlowUtils.spec.ts[2m > [22mnormalizeTemplateTime[2m > [22mpads single-digit hours and minutes[32m 1[2mms[22m[39m
 [32m笨・[39m tests/unit/timeFlowUtils.spec.ts[2m > [22mnormalizeTemplateTime[2m > [22mreturns raw string for unrecognized format[32m 1[2mms[22m[39m
 [32m笨・[39m tests/unit/timeFlowUtils.spec.ts[2m > [22mnormalizeTemplateTime[2m > [22mhandles 0:0[32m 1[2mms[22m[39m
 [32m笨・[39m tests/unit/timeFlowUtils.spec.ts[2m > [22mnormalizeTemplateTime[2m > [22mhandles 23:59 maximum[32m 1[2mms[22m[39m
 [32m笨・[39m tests/unit/timeFlowUtils.spec.ts[2m > [22mcountRecordedSlots[2m > [22mcounts only 險倬鹸貂医∩ records[32m 1[2mms[22m[39m
 [32m笨・[39m tests/unit/timeFlowUtils.spec.ts[2m > [22mcountRecordedSlots[2m > [22mreturns 0 for empty array[32m 1[2mms[22m[39m
 [32m笨・[39m tests/unit/timeFlowUtils.spec.ts[2m > [22mcountRecordedSlots[2m > [22mreturns 0 when no 險倬鹸貂医∩ records exist[32m 1[2mms[22m[39m
 [32m笨・[39m tests/unit/timeFlowUtils.spec.ts[2m > [22mbuildDefaultMasterTemplates[2m > [22mreturns an array of templates[32m 1[2mms[22m[39m
 [32m笨・[39m tests/unit/timeFlowUtils.spec.ts[2m > [22mbuildDefaultMasterTemplates[2m > [22meach template has a unique id[32m 1[2mms[22m[39m
 [32m笨・[39m tests/unit/timeFlowUtils.spec.ts[2m > [22mbuildDefaultMasterTemplates[2m > [22meach template has iconEmoji[32m 1[2mms[22m[39m
 [32m笨・[39m tests/unit/timeFlowUtils.spec.ts[2m > [22mconvertMasterTemplates[2m > [22mconverts master templates to flow format[32m 2[2mms[22m[39m
 [32m笨・[39m tests/unit/timeFlowUtils.spec.ts[2m > [22mconvertMasterTemplates[2m > [22msorts by time ascending[32m 1[2mms[22m[39m
[90mstdout[2m | tests/unit/spClient.retryAfterDate.spec.ts
[22m[39m[MSAL ENV] Validated successfully

 [32m笨・[39m src/features/schedules/domain/builders/__tests__/scheduleQuickTemplates.spec.ts[2m > [22mbuildQuickTemplates[2m > [22mreturns empty array when no items[32m 5[2mms[22m[39m
 [32m笨・[39m src/features/schedules/domain/builders/__tests__/scheduleQuickTemplates.spec.ts[2m > [22mbuildQuickTemplates[2m > [22mreturns empty array when no User category items[32m 1[2mms[22m[39m
 [32m笨・[39m src/features/schedules/domain/builders/__tests__/scheduleQuickTemplates.spec.ts[2m > [22mbuildQuickTemplates[2m > [22mextracts a single template from one item[32m 2[2mms[22m[39m
 [32m笨・[39m src/features/schedules/domain/builders/__tests__/scheduleQuickTemplates.spec.ts[2m > [22mbuildQuickTemplates[2m > [22mdeduplicates same patterns and counts frequency[32m 1[2mms[22m[39m
 [32m笨・[39m src/features/schedules/domain/builders/__tests__/scheduleQuickTemplates.spec.ts[2m > [22mbuildQuickTemplates[2m > [22mlimits results to specified count[32m 1[2mms[22m[39m
 [32m笨・[39m src/features/schedules/domain/builders/__tests__/scheduleQuickTemplates.spec.ts[2m > [22mbuildQuickTemplates[2m > [22mfilters by userId when specified[32m 1[2mms[22m[39m
 [32m笨・[39m src/features/schedules/domain/builders/__tests__/scheduleQuickTemplates.spec.ts[2m > [22mbuildQuickTemplates[2m > [22muses target date for override startLocal/endLocal[32m 1[2mms[22m[39m
 [32m笨・[39m src/features/schedules/domain/builders/__tests__/scheduleQuickTemplates.spec.ts[2m > [22mbuildQuickTemplates[2m > [22mhandles ISO strings with Z suffix[32m 1[2mms[22m[39m
 [32m笨・[39m src/features/schedules/domain/builders/__tests__/scheduleQuickTemplates.spec.ts[2m > [22mbuildCopyLastTemplate[2m > [22mreturns null when no items for user[32m 1[2mms[22m[39m
 [32m笨・[39m src/features/schedules/domain/builders/__tests__/scheduleQuickTemplates.spec.ts[2m > [22mbuildCopyLastTemplate[2m > [22mreturns null when no User category items[32m 1[2mms[22m[39m
 [32m笨・[39m src/features/schedules/domain/builders/__tests__/scheduleQuickTemplates.spec.ts[2m > [22mbuildCopyLastTemplate[2m > [22mreturns the most recent item as template[32m 2[2mms[22m[39m
 [32m笨・[39m src/features/schedules/domain/builders/__tests__/scheduleQuickTemplates.spec.ts[2m > [22mbuildCopyLastTemplate[2m > [22monly considers items for the specified user[32m 1[2mms[22m[39m
 [32m笨・[39m src/features/schedules/domain/builders/__tests__/scheduleQuickTemplates.spec.ts[2m > [22mbuildCopyLastTemplate[2m > [22mpreserves assignedStaffId and locationName[32m 1[2mms[22m[39m
 [32m笨・[39m src/mui/__tests__/preload-strategies.spec.ts[2m > [22mmui/preload-strategies[2m > [22mroutingPreloadStrategy[2m > [22mshould preload table components for data routes[32m 11[2mms[22m[39m
 [32m笨・[39m src/mui/__tests__/preload-strategies.spec.ts[2m > [22mmui/preload-strategies[2m > [22mroutingPreloadStrategy[2m > [22mshould preload data entry components for entry routes[32m 1[2mms[22m[39m
 [32m笨・[39m src/mui/__tests__/preload-strategies.spec.ts[2m > [22mmui/preload-strategies[2m > [22mroutingPreloadStrategy[2m > [22mshould use warmAll for unknown routes[32m 1[2mms[22m[39m
 [32m笨・[39m src/mui/__tests__/preload-strategies.spec.ts[2m > [22mmui/preload-strategies[2m > [22madaptivePreload[2m > [22mshould skip preload when data saver is enabled[32m 1[2mms[22m[39m
 [32m笨・[39m src/mui/__tests__/preload-strategies.spec.ts[2m > [22mmui/preload-strategies[2m > [22madaptivePreload[2m > [22mshould skip preload on slow connection[32m 1[2mms[22m[39m
 [32m笨・[39m src/mui/__tests__/preload-strategies.spec.ts[2m > [22mmui/preload-strategies[2m > [22madaptivePreload[2m > [22mshould preload on good connection[32m 1[2mms[22m[39m
 [32m笨・[39m src/mui/__tests__/preload-strategies.spec.ts[2m > [22mmui/preload-strategies[2m > [22mspeculativePreload[2m > [22mshould be fire-and-forget[32m 2[2mms[22m[39m
 [32m笨・[39m src/mui/__tests__/preload-strategies.spec.ts[2m > [22mmui/preload-strategies[2m > [22mspeculativePreload[2m > [22mshould log when started[32m 1[2mms[22m[39m
 [32m笨・[39m src/domain/metrics/__tests__/knowledgeMetrics.spec.ts[2m > [22mcomputeKnowledgeMetrics 窶・empty[2m > [22m遨ｺ驟榊・縺ｧ繧ゅお繝ｩ繝ｼ縺ｪ縺丞・謖・ｨ・0 繧定ｿ斐☆[32m 6[2mms[22m[39m
 [32m笨・[39m src/domain/metrics/__tests__/knowledgeMetrics.spec.ts[2m > [22mdecision metrics[2m > [22m譛医≠縺溘ｊ縺ｮ蛻､譁ｭ險倬鹸謨ｰ繧呈ｭ｣縺励￥險育ｮ励☆繧・[32m 1[2mms[22m[39m
 [32m笨・[39m src/domain/metrics/__tests__/knowledgeMetrics.spec.ts[2m > [22mdecision metrics[2m > [22m逅・罰莉倥″蜊ｴ荳狗紫繧呈ｭ｣縺励￥險育ｮ励☆繧・[32m 1[2mms[22m[39m
 [32m笨・[39m src/domain/metrics/__tests__/knowledgeMetrics.spec.ts[2m > [22mdecision metrics[2m > [22maccepted 縺ｮ縺ｿ縺ｮ蝣ｴ蜷医・逅・罰莉倥″蜊ｴ荳狗紫縺ｯ 0[32m 1[2mms[22m[39m
 [32m笨・[39m src/domain/metrics/__tests__/knowledgeMetrics.spec.ts[2m > [22mevidence link metrics[2m > [22m蟷ｳ蝮・Μ繝ｳ繧ｯ謨ｰ繧呈ｭ｣縺励￥險育ｮ励☆繧・[32m 1[2mms[22m[39m
 [32m笨・[39m src/domain/metrics/__tests__/knowledgeMetrics.spec.ts[2m > [22mevidence link metrics[2m > [22m謾ｯ謠ｴ險育判縺・0 莉ｶ縺ｧ繧・avgLinksPerSheet 縺ｯ 0[32m 1[2mms[22m[39m
 [32m笨・[39m src/domain/metrics/__tests__/knowledgeMetrics.spec.ts[2m > [22msource distribution[2m > [22m3 繧ｽ繝ｼ繧ｹ縺吶∋縺ｦ縺瑚ｿ斐＆繧後ｋ[32m 2[2mms[22m[39m
 [32m笨・[39m src/domain/metrics/__tests__/knowledgeMetrics.spec.ts[2m > [22msource distribution[2m > [22m繧ｽ繝ｼ繧ｹ蛻･縺ｮ蛻､譁ｭ謨ｰ繧呈ｭ｣縺励￥髮・ｨ医☆繧・[32m 1[2mms[22m[39m
 [32m笨・[39m src/domain/metrics/__tests__/knowledgeMetrics.spec.ts[2m > [22mpattern reuse[2m > [22m繝ｦ繝九・繧ｯ繝代ち繝ｼ繝ｳ謨ｰ繧呈ｭ｣縺励￥謨ｰ縺医ｋ[32m 1[2mms[22m[39m
 [32m笨・[39m src/domain/metrics/__tests__/knowledgeMetrics.spec.ts[2m > [22mpattern reuse[2m > [22m謌仙粥繝代ち繝ｼ繝ｳ・域治逕ｨ邇・竕･ 60% 縺九▽蜃ｺ迴ｾ 竕･ 3・峨ｒ讀懷・縺吶ｋ[32m 1[2mms[22m[39m
 [32m笨・[39m src/domain/metrics/__tests__/knowledgeMetrics.spec.ts[2m > [22mpattern reuse[2m > [22mtopPatterns 縺ｯ謗｡逕ｨ蝗樊焚髯埼・〒譛螟ｧ 10 莉ｶ[32m 1[2mms[22m[39m
 [32m笨・[39m src/domain/metrics/__tests__/knowledgeMetrics.spec.ts[2m > [22mrealistic scenario[2m > [22m3 繝ｶ譛亥・縺ｮ驕狗畑繝・・繧ｿ繧呈ｭ｣縺励￥髮・ｨ医☆繧・[32m 1[2mms[22m[39m
 [32m笨・[39m src/features/ibd/analysis/pdca/__tests__/inMemoryPdcaRepository.spec.ts[2m > [22mInMemoryPdcaRepository[2m > [22mcreates a new PDCA item with correct fields[32m 5[2mms[22m[39m
 [32m笨・[39m src/features/ibd/analysis/pdca/__tests__/inMemoryPdcaRepository.spec.ts[2m > [22mInMemoryPdcaRepository[2m > [22mdefaults phase to PLAN when not provided[32m 1[2mms[22m[39m
 [32m笨・[39m src/features/ibd/analysis/pdca/__tests__/inMemoryPdcaRepository.spec.ts[2m > [22mInMemoryPdcaRepository[2m > [22mdefaults summary to empty string when not provided[32m 1[2mms[22m[39m
 [32m笨・[39m src/features/ibd/analysis/pdca/__tests__/inMemoryPdcaRepository.spec.ts[2m > [22mInMemoryPdcaRepository[2m > [22mlists items filtered by userId[32m 2[2mms[22m[39m
 [32m笨・[39m src/features/ibd/analysis/pdca/__tests__/inMemoryPdcaRepository.spec.ts[2m > [22mInMemoryPdcaRepository[2m > [22mreturns empty array when userId has no items[32m 2[2mms[22m[39m
 [32m笨・[39m src/features/ibd/analysis/pdca/__tests__/inMemoryPdcaRepository.spec.ts[2m > [22mInMemoryPdcaRepository[2m > [22mreturns empty array when userId is undefined[32m 1[2mms[22m[39m
 [32m笨・[39m src/features/ibd/analysis/pdca/__tests__/inMemoryPdcaRepository.spec.ts[2m > [22mInMemoryPdcaRepository[2m > [22mupdates an existing item[32m 1[2mms[22m[39m
 [32m笨・[39m src/features/ibd/analysis/pdca/__tests__/inMemoryPdcaRepository.spec.ts[2m > [22mInMemoryPdcaRepository[2m > [22mpreserves unchanged fields during update[32m 1[2mms[22m[39m
 [32m笨・[39m src/features/ibd/analysis/pdca/__tests__/inMemoryPdcaRepository.spec.ts[2m > [22mInMemoryPdcaRepository[2m > [22mthrows when updating non-existent item[32m 3[2mms[22m[39m
 [32m笨・[39m src/features/ibd/analysis/pdca/__tests__/inMemoryPdcaRepository.spec.ts[2m > [22mInMemoryPdcaRepository[2m > [22mdeletes an item[32m 1[2mms[22m[39m
 [32m笨・[39m src/features/ibd/analysis/pdca/__tests__/inMemoryPdcaRepository.spec.ts[2m > [22mInMemoryPdcaRepository[2m > [22mis idempotent for deleting non-existent item[32m 1[2mms[22m[39m
 [32m笨・[39m src/features/ibd/analysis/pdca/__tests__/inMemoryPdcaRepository.spec.ts[2m > [22mInMemoryPdcaRepository[2m > [22msupports full create 竊・update 竊・list 竊・delete cycle[32m 1[2mms[22m[39m
 [32m笨・[39m tests/unit/dateFormat-phase2-integration.spec.ts[2m > [22mPhase 2 Round A: formatDateJP 竊・formatDateYmd[2m > [22mformatDateYmd (direct 窶・previously support-plan-guide/helpers)[2m > [22mvalid date 竊・YYYY/MM/DD[32m 9[2mms[22m[39m
 [32m笨・[39m tests/unit/dateFormat-phase2-integration.spec.ts[2m > [22mPhase 2 Round A: formatDateJP 竊・formatDateYmd[2m > [22mformatDateYmd (direct 窶・previously support-plan-guide/helpers)[2m > [22msingle-digit month/day 竊・zero-padded[32m 8[2mms[22m[39m
 [32m笨・[39m tests/unit/dateFormat-phase2-integration.spec.ts[2m > [22mPhase 2 Round A: formatDateJP 竊・formatDateYmd[2m > [22mformatDateYmd (direct 窶・previously support-plan-guide/helpers)[2m > [22mend of year[32m 1[2mms[22m[39m
 [32m笨・[39m tests/unit/dateFormat-phase2-integration.spec.ts[2m > [22mPhase 2 Round A: formatDateJP 竊・formatDateYmd[2m > [22mformatDateYmd (direct 窶・previously support-plan-guide/helpers)[2m > [22mundefined 竊・empty string[32m 1[2mms[22m[39m
 [32m笨・[39m tests/unit/dateFormat-phase2-integration.spec.ts[2m > [22mPhase 2 Round A: formatDateJP 竊・formatDateYmd[2m > [22mformatDateYmd (direct 窶・previously ibd/supportPlanDeadline)[2m > [22mvalid date 竊・YYYY/MM/DD[32m 13[2mms[22m[39m
 [32m笨・[39m tests/unit/dateFormat-phase2-integration.spec.ts[2m > [22mPhase 2 Round A: formatDateJP 竊・formatDateYmd[2m > [22mformatDateYmd (direct 窶・previously ibd/supportPlanDeadline)[2m > [22msingle-digit month/day 竊・zero-padded[32m 1[2mms[22m[39m
 [32m笨・[39m tests/unit/dateFormat-phase2-integration.spec.ts[2m > [22mPhase 2 Round A: formatDateJP 竊・formatDateYmd[2m > [22mformatDateYmd (direct 窶・previously ibd/supportPlanDeadline)[2m > [22mend of year[32m 1[2mms[22m[39m
 [32m笨・[39m tests/unit/dateFormat-phase2-integration.spec.ts[2m > [22mPhase 2 Round A: formatDateJP 竊・formatDateYmd[2m > [22mformatDateYmd (direct 窶・previously ibd/supportPlanDeadline)[2m > [22mundefined 竊・empty string[32m 1[2mms[22m[39m
 [32m笨・[39m tests/unit/dateFormat-phase2-integration.spec.ts[2m > [22mPhase 2 Round A: MonitoringCountdown formatDate output parity[2m > [22m2025/01/15[32m 1[2mms[22m[39m
 [32m笨・[39m tests/unit/dateFormat-phase2-integration.spec.ts[2m > [22mPhase 2 Round A: MonitoringCountdown formatDate output parity[2m > [22m2025/03/05[32m 2[2mms[22m[39m
 [32m笨・[39m tests/unit/dateFormat-phase2-integration.spec.ts[2m > [22mPhase 2 Round A: MonitoringCountdown formatDate output parity[2m > [22m2025/12/31[32m 1[2mms[22m[39m
 [32m笨・[39m tests/unit/dateFormat-phase2-integration.spec.ts[2m > [22mPhase 2 Round A: formatDateLocal 竊・formatDateIso parity[2m > [22m2026-02-24[32m 2[2mms[22m[39m
 [32m笨・[39m tests/unit/dateFormat-phase2-integration.spec.ts[2m > [22mPhase 2 Round A: formatDateLocal 竊・formatDateIso parity[2m > [22m2025-01-01[32m 1[2mms[22m[39m
 [32m笨・[39m tests/unit/dateFormat-phase2-integration.spec.ts[2m > [22mPhase 2 Round A: formatDateLocal 竊・formatDateIso parity[2m > [22m2025-12-31[32m 1[2mms[22m[39m
 [32m笨・[39m tests/unit/dateFormat-phase2-integration.spec.ts[2m > [22mPhase 2 Round B: DaySummaryDrawer formatDateDisplay 竊・formatDateJapanese parity[2m > [22m2025-01-15 竊・2025蟷ｴ1譛・5譌･[32m 1[2mms[22m[39m
 [32m笨・[39m tests/unit/dateFormat-phase2-integration.spec.ts[2m > [22mPhase 2 Round B: DaySummaryDrawer formatDateDisplay 竊・formatDateJapanese parity[2m > [22m2025-03-05 竊・2025蟷ｴ3譛・譌･[32m 1[2mms[22m[39m
 [32m笨・[39m tests/unit/dateFormat-phase2-integration.spec.ts[2m > [22mPhase 2 Round B: DaySummaryDrawer formatDateDisplay 竊・formatDateJapanese parity[2m > [22m2025-12-31 竊・2025蟷ｴ12譛・1譌･[32m 1[2mms[22m[39m
 [32m笨・[39m tests/unit/dateFormat-phase2-integration.spec.ts[2m > [22mPhase 2 Round B: formatDateLabel (UserDetailSections)[2m > [22mnull 竊・"譛ｪ險ｭ螳・[32m 1[2mms[22m[39m
 [32m笨・[39m tests/unit/dateFormat-phase2-integration.spec.ts[2m > [22mPhase 2 Round B: formatDateLabel (UserDetailSections)[2m > [22mundefined 竊・"譛ｪ險ｭ螳・[32m 1[2mms[22m[39m
 [32m笨・[39m tests/unit/dateFormat-phase2-integration.spec.ts[2m > [22mPhase 2 Round B: formatDateLabel (UserDetailSections)[2m > [22mempty string 竊・"譛ｪ險ｭ螳・[32m 1[2mms[22m[39m
 [32m笨・[39m tests/unit/dateFormat-phase2-integration.spec.ts[2m > [22mPhase 2 Round B: formatDateLabel (UserDetailSections)[2m > [22mvalid ISO date string 竊・YYYY蟷ｴM譛・譌･[32m 1[2mms[22m[39m
 [32m笨・[39m tests/unit/dateFormat-phase2-integration.spec.ts[2m > [22mPhase 2 Round B: formatDateLabel (UserDetailSections)[2m > [22mISO datetime string 竊・YYYY蟷ｴM譛・譌･[32m 2[2mms[22m[39m
 [32m笨・[39m tests/unit/dateFormat-phase2-integration.spec.ts[2m > [22mPhase 2 Round B: formatDateLabel (UserDetailSections)[2m > [22msingle-digit month and day 竊・no zero-padding[32m 1[2mms[22m[39m
 [32m笨・[39m tests/unit/dateFormat-phase2-integration.spec.ts[2m > [22mPhase 2 Round B: formatDateLabel (UserDetailSections)[2m > [22minvalid string 竊・returns original value (fallback)[32m 1[2mms[22m[39m
 [32m笨・[39m src/features/exceptions/domain/__tests__/exceptionLogic.spec.ts[2m > [22mdetectMissingRecords[2m > [22m險倬鹸縺後↑縺・Θ繝ｼ繧ｶ繝ｼ繧呈､懷・縺吶ｋ[32m 6[2mms[22m[39m
 [32m笨・[39m src/features/exceptions/domain/__tests__/exceptionLogic.spec.ts[2m > [22mdetectMissingRecords[2m > [22m蜈ｨ蜩｡險倬鹸貂医∩縺ｪ繧臥ｩｺ驟榊・[32m 1[2mms[22m[39m
 [32m笨・[39m src/features/exceptions/domain/__tests__/exceptionLogic.spec.ts[2m > [22mdetectMissingRecords[2m > [22m蛻･譌･縺ｮ險倬鹸縺ｯ讀懷・縺ｫ蜷ｫ繧√↑縺・[32m 1[2mms[22m[39m
 [32m笨・[39m src/features/exceptions/domain/__tests__/exceptionLogic.spec.ts[2m > [22mdetectMissingRecords[2m > [22m蟇ｾ雎｡繝ｦ繝ｼ繧ｶ繝ｼ縺檎ｩｺ縺ｪ繧臥ｩｺ驟榊・[32m 1[2mms[22m[39m
 [32m笨・[39m src/features/exceptions/domain/__tests__/exceptionLogic.spec.ts[2m > [22mdetectCriticalHandoffs[2m > [22m驥崎ｦ・譛ｪ螳御ｺ・・逕ｳ縺鈴√ｊ繧呈､懷・縺吶ｋ[32m 1[2mms[22m[39m
 [32m笨・[39m src/features/exceptions/domain/__tests__/exceptionLogic.spec.ts[2m > [22mdetectCriticalHandoffs[2m > [22m螳御ｺ・ｸ医∩縺ｮ驥崎ｦ∫筏縺鈴√ｊ縺ｯ髯､螟悶☆繧・[32m 1[2mms[22m[39m
 [32m笨・[39m src/features/exceptions/domain/__tests__/exceptionLogic.spec.ts[2m > [22mdetectCriticalHandoffs[2m > [22m遨ｺ驟榊・縺ｪ繧臥ｩｺ[32m 1[2mms[22m[39m
 [32m笨・[39m src/features/exceptions/domain/__tests__/exceptionLogic.spec.ts[2m > [22mdetectAttentionUsers[2m > [22m蠑ｷ蠎ｦ陦悟虚髫懷ｮｳ蟇ｾ雎｡縺ｧ險育判譛ｪ菴懈・繧呈､懷・[32m 1[2mms[22m[39m
 [32m笨・[39m src/features/exceptions/domain/__tests__/exceptionLogic.spec.ts[2m > [22mdetectAttentionUsers[2m > [22m險育判縺ゅｊ縺ｪ繧画､懷・縺励↑縺・[32m 1[2mms[22m[39m
 [32m笨・[39m src/features/exceptions/domain/__tests__/exceptionLogic.spec.ts[2m > [22mdetectAttentionUsers[2m > [22m騾壼ｸｸ謾ｯ謠ｴ縺ｪ繧画､懷・縺励↑縺・[32m 1[2mms[22m[39m
 [32m笨・[39m src/features/exceptions/domain/__tests__/exceptionLogic.spec.ts[2m > [22maggregateExceptions[2m > [22mseverity 縺ｧ繧ｽ繝ｼ繝医☆繧・(critical 竊・low)[32m 2[2mms[22m[39m
 [32m笨・[39m src/features/exceptions/domain/__tests__/exceptionLogic.spec.ts[2m > [22maggregateExceptions[2m > [22m遨ｺ繧ｰ繝ｫ繝ｼ繝励ｒ蜷ｫ繧√※繧ょ虚菴懊☆繧・[32m 1[2mms[22m[39m
 [32m笨・[39m src/features/exceptions/domain/__tests__/exceptionLogic.spec.ts[2m > [22mcomputeExceptionStats[2m > [22m豁｣縺励￥髮・ｨ医☆繧・[32m 1[2mms[22m[39m
 [32m笨・[39m src/features/exceptions/domain/__tests__/exceptionLogic.spec.ts[2m > [22mcomputeExceptionStats[2m > [22m遨ｺ驟榊・縺ｧ繧ｼ繝ｭ蛻晄悄蛹・[32m 1[2mms[22m[39m
 [32m笨・[39m src/features/handoff/domain/filterHandoffsByStatus.spec.ts[2m > [22mfilterHandoffsByStatus[2m > [22mfilter = "all"[2m > [22m蜈ｨ莉ｶ繧定ｿ斐☆[32m 7[2mms[22m[39m
 [32m笨・[39m src/features/handoff/domain/filterHandoffsByStatus.spec.ts[2m > [22mfilterHandoffsByStatus[2m > [22mfilter = "all"[2m > [22m蜈・・驟榊・縺ｨ縺ｯ蛻･繧､繝ｳ繧ｹ繧ｿ繝ｳ繧ｹ繧定ｿ斐☆[32m 2[2mms[22m[39m
 [32m笨・[39m src/features/handoff/domain/filterHandoffsByStatus.spec.ts[2m > [22mfilterHandoffsByStatus[2m > [22mfilter = "all"[2m > [22m蜈・・鬆・ｺ上ｒ邯ｭ謖√☆繧・[32m 1[2mms[22m[39m
 [32m笨・[39m src/features/handoff/domain/filterHandoffsByStatus.spec.ts[2m > [22mfilterHandoffsByStatus[2m > [22mfilter = "actionRequired"[2m > [22m譛ｪ蟇ｾ蠢・+ 蟇ｾ蠢應ｸｭ 縺ｮ縺ｿ霑斐☆[32m 1[2mms[22m[39m
 [32m笨・[39m src/features/handoff/domain/filterHandoffsByStatus.spec.ts[2m > [22mfilterHandoffsByStatus[2m > [22mfilter = "actionRequired"[2m > [22m蟇ｾ蠢懈ｸ医・遒ｺ隱肴ｸ医・螳御ｺ・・譏取律縺ｸ謖∬ｶ翫ｒ髯､螟悶☆繧・[32m 1[2mms[22m[39m
 [32m笨・[39m src/features/handoff/domain/filterHandoffsByStatus.spec.ts[2m > [22mfilterHandoffsByStatus[2m > [22mfilter = "actionRequired"[2m > [22m蜈・・鬆・ｺ上ｒ邯ｭ謖√☆繧・[32m 1[2mms[22m[39m
 [32m笨・[39m src/features/handoff/domain/filterHandoffsByStatus.spec.ts[2m > [22mfilterHandoffsByStatus[2m > [22mfilter = "pending"[2m > [22m譛ｪ蟇ｾ蠢懊・縺ｿ霑斐☆[32m 1[2mms[22m[39m
 [32m笨・[39m src/features/handoff/domain/filterHandoffsByStatus.spec.ts[2m > [22mfilterHandoffsByStatus[2m > [22mfilter = "pending"[2m > [22m蟇ｾ蠢應ｸｭ繧る勁螟悶☆繧・[32m 1[2mms[22m[39m
 [32m笨・[39m src/features/handoff/domain/filterHandoffsByStatus.spec.ts[2m > [22mfilterHandoffsByStatus[2m > [22m繧ｨ繝・ず繧ｱ繝ｼ繧ｹ[2m > [22m遨ｺ驟榊・縺ｫ繝輔ぅ繝ｫ繧ｿ繧帝←逕ｨ縺励※繧らｩｺ繧定ｿ斐☆[32m 1[2mms[22m[39m
 [32m笨・[39m src/features/handoff/domain/filterHandoffsByStatus.spec.ts[2m > [22mfilterHandoffsByStatus[2m > [22m繧ｨ繝・ず繧ｱ繝ｼ繧ｹ[2m > [22m蜈ｨ莉ｶ縺梧悴蟇ｾ蠢懊・縺ｨ縺・actionRequired 縺ｧ蜈ｨ莉ｶ霑斐☆[32m 1[2mms[22m[39m
 [32m笨・[39m src/features/handoff/domain/filterHandoffsByStatus.spec.ts[2m > [22mfilterHandoffsByStatus[2m > [22m繧ｨ繝・ず繧ｱ繝ｼ繧ｹ[2m > [22m蜈ｨ莉ｶ縺悟ｮ御ｺ・・縺ｨ縺・actionRequired 縺ｯ遨ｺ繧定ｿ斐☆[32m 1[2mms[22m[39m
 [32m笨・[39m src/features/handoff/domain/filterHandoffsByStatus.spec.ts[2m > [22mfilterHandoffsByStatus[2m > [22m繧ｨ繝・ず繧ｱ繝ｼ繧ｹ[2m > [22m蜈ｨ莉ｶ縺悟ｮ御ｺ・・縺ｨ縺・pending 縺ｯ遨ｺ繧定ｿ斐☆[32m 1[2mms[22m[39m
 [32m笨・[39m src/features/handoff/domain/filterHandoffsByStatus.spec.ts[2m > [22mgetFilteredCountInfo[2m > [22mfilter=all 縺ｮ縺ｨ縺・isFiltered=false 繧定ｿ斐☆[32m 1[2mms[22m[39m
 [32m笨・[39m src/features/handoff/domain/filterHandoffsByStatus.spec.ts[2m > [22mgetFilteredCountInfo[2m > [22m繝輔ぅ繝ｫ繧ｿ荳ｭ縺ｧ莉ｶ謨ｰ蟾ｮ縺後≠繧九→縺・isFiltered=true 繧定ｿ斐☆[32m 2[2mms[22m[39m
 [32m笨・[39m src/features/handoff/domain/filterHandoffsByStatus.spec.ts[2m > [22mgetFilteredCountInfo[2m > [22m繝輔ぅ繝ｫ繧ｿ荳ｭ縺ｧ繧ょ・莉ｶ荳閾ｴ縺ｪ繧・isFiltered=false[32m 1[2mms[22m[39m
 [32m笨・[39m src/features/handoff/domain/filterHandoffsByStatus.spec.ts[2m > [22mgetFilteredCountInfo[2m > [22m0莉ｶ縺ｮ蝣ｴ蜷・[32m 1[2mms[22m[39m
 [32m笨・[39m src/features/daily/hooks/__tests__/useDailySupportUserFilter.spec.ts[2m > [22museDailySupportUserFilter[2m > [22munknown 蛻､螳壹・蛻ｩ逕ｨ閠・・蟶ｸ縺ｫ髯､螟悶☆繧・[32m 26[2mms[22m[39m
[90mstdout[2m | tests/unit/spClient.retryAfterDate.spec.ts[2m > [22m[2mRetry-After absolute date[2m > [22m[2mwaits until absolute date, then succeeds and emits onRetry metadata
[22m[39m[DriftActionDispatcher] Initialized and subscribed to drift events.
[DriftNotificationHandler] Webhook URL not configured. Notifications disabled.

 [32m笨・[39m tests/unit/spClient.retryAfterDate.spec.ts[2m > [22mRetry-After absolute date[2m > [22mwaits until absolute date, then succeeds and emits onRetry metadata[32m 21[2mms[22m[39m
 [32m笨・[39m src/features/today/actions/alertActions.storage.spec.ts[2m > [22mcreateLocalStorageRepo[2m > [22msetState 窶・success path[2m > [22mpersists state and returns true[32m 5[2mms[22m[39m
 [32m笨・[39m src/features/today/actions/alertActions.storage.spec.ts[2m > [22mcreateLocalStorageRepo[2m > [22msetState 窶・success path[2m > [22moverwrites existing state[32m 1[2mms[22m[39m
 [32m笨・[39m src/features/today/actions/alertActions.storage.spec.ts[2m > [22mcreateLocalStorageRepo[2m > [22msetState 窶・failure path (non-crashing UI)[2m > [22mreturns false and logs error on QuotaExceededError[32m 5[2mms[22m[39m
 [32m笨・[39m src/features/today/actions/alertActions.storage.spec.ts[2m > [22mcreateLocalStorageRepo[2m > [22msetState 窶・failure path (non-crashing UI)[2m > [22mreturns false and logs error on generic error[32m 2[2mms[22m[39m
 [32m笨・[39m src/features/today/actions/alertActions.storage.spec.ts[2m > [22mcreateLocalStorageRepo[2m > [22msetState 窶・failure path (non-crashing UI)[2m > [22mdoes not throw 窶・exception never escapes setState[32m 2[2mms[22m[39m
 [32m笨・[39m src/features/today/actions/alertActions.storage.spec.ts[2m > [22mcreateLocalStorageRepo[2m > [22mload 窶・corrupted data[2m > [22mreturns empty state on corrupted JSON[32m 1[2mms[22m[39m
 [32m笨・[39m src/features/today/actions/alertActions.storage.spec.ts[2m > [22mcreateLocalStorageRepo[2m > [22mclear[2m > [22mremoves storage key[32m 1[2mms[22m[39m
 [32m笨・[39m src/features/today/actions/alertActions.storage.spec.ts[2m > [22mcreateLocalStorageRepo[2m > [22mgetState 窶・defaults[2m > [22mreturns todo for unknown keys[32m 1[2mms[22m[39m
 [32m笨・[39m src/features/daily/components/forms/__tests__/useDailyUserOptions.spec.ts[2m > [22museDailyUserOptions[2m > [22mactive 蛻､螳壹′遒ｺ螳壹＠縺溷茜逕ｨ閠・・縺ｿ options 縺ｫ蜷ｫ繧√ｋ[32m 22[2mms[22m[39m
[90mstdout[2m | tests/unit/spClient.masterLists.spec.ts
[22m[39m[MSAL ENV] Validated successfully

 [32m笨・[39m src/features/telemetry/domain/__tests__/alertPlaybook.spec.ts[2m > [22malertPlaybook[2m > [22m蜈ｨ菴・alert ID 縺ｧ exact match[32m 5[2mms[22m[39m
 [32m笨・[39m src/features/telemetry/domain/__tests__/alertPlaybook.spec.ts[2m > [22malertPlaybook[2m > [22mrole 蛻･ alert ID 縺ｧ exact match[32m 1[2mms[22m[39m
 [32m笨・[39m src/features/telemetry/domain/__tests__/alertPlaybook.spec.ts[2m > [22malertPlaybook[2m > [22madmin 縺ｮ role alert 縺ｧ exact match[32m 1[2mms[22m[39m
 [32m笨・[39m src/features/telemetry/domain/__tests__/alertPlaybook.spec.ts[2m > [22malertPlaybook[2m > [22mrole莉倥″ID縺ｧ譛ｪ逋ｻ骭ｲ縺ｮ蝣ｴ蜷医｜ase ID縺ｫ繝輔か繝ｼ繝ｫ繝舌ャ繧ｯ[32m 1[2mms[22m[39m
 [32m笨・[39m src/features/telemetry/domain/__tests__/alertPlaybook.spec.ts[2m > [22malertPlaybook[2m > [22m螳悟・縺ｫ譛ｪ遏･縺ｮ alert ID 縺ｧ縺ｯ undefined[32m 1[2mms[22m[39m
 [32m笨・[39m src/features/telemetry/domain/__tests__/alertPlaybook.spec.ts[2m > [22malertPlaybook[2m > [22m蜈ｨ繧ｨ繝ｳ繝医Μ縺悟ｿ・医ヵ繧｣繝ｼ繝ｫ繝峨ｒ謖√▽[32m 3[2mms[22m[39m
 [32m笨・[39m src/features/telemetry/domain/__tests__/alertPlaybook.spec.ts[2m > [22malertPlaybook[2m > [22missueTemplate.labels 縺ｫ telemetry 繝ｩ繝吶Ν縺悟性縺ｾ繧後ｋ[32m 3[2mms[22m[39m
 [32m笨・[39m src/features/telemetry/domain/__tests__/alertPlaybook.spec.ts[2m > [22malertPlaybook[2m > [22munknown-role-share-high 縺・data-quality 繝ｩ繝吶Ν繧呈戟縺､[32m 1[2mms[22m[39m
 [32m笨・[39m src/features/telemetry/domain/__tests__/alertPlaybook.spec.ts[2m > [22malertPlaybook[2m > [22mcritical 縺ｪ alert 縺ｮ issueTemplate 縺ｫ critical 繝ｩ繝吶Ν縺悟性縺ｾ繧後ｋ[32m 1[2mms[22m[39m
 [32m笨・[39m src/features/telemetry/domain/__tests__/alertPlaybook.spec.ts[2m > [22malertPlaybook[2m > [22mstaff 縺ｨ admin 縺ｮ completion-low 縺ｧ causes 縺檎焚縺ｪ繧・[32m 2[2mms[22m[39m
 [32m笨・[39m src/features/telemetry/domain/__tests__/alertPlaybook.spec.ts[2m > [22malertPlaybook[2m > [22mstaff 縺ｨ admin 縺ｮ hero-rate-low 縺ｧ relatedScreens 縺檎焚縺ｪ繧・[32m 1[2mms[22m[39m
 [32m笨・[39m src/features/today/transport/__tests__/computeTransportAlerts.spec.ts[2m > [22mcomputeTransportAlerts[2m > [22mreturns no alerts for clean KPIs[32m 5[2mms[22m[39m
 [32m笨・[39m src/features/today/transport/__tests__/computeTransportAlerts.spec.ts[2m > [22mcomputeTransportAlerts[2m > [22mreturns no alerts when values are below thresholds[32m 1[2mms[22m[39m
 [32m笨・[39m src/features/today/transport/__tests__/computeTransportAlerts.spec.ts[2m > [22mcomputeTransportAlerts[2m > [22mgenerates critical alert when syncFailedCount >= 3[32m 3[2mms[22m[39m
 [32m笨・[39m src/features/today/transport/__tests__/computeTransportAlerts.spec.ts[2m > [22mcomputeTransportAlerts[2m > [22mgenerates critical alert when syncFailedCount > 3[32m 1[2mms[22m[39m
 [32m笨・[39m src/features/today/transport/__tests__/computeTransportAlerts.spec.ts[2m > [22mcomputeTransportAlerts[2m > [22mgenerates warning when fallback is active[32m 1[2mms[22m[39m
 [32m笨・[39m src/features/today/transport/__tests__/computeTransportAlerts.spec.ts[2m > [22mcomputeTransportAlerts[2m > [22mgenerates warning when staleCount >= 1[32m 1[2mms[22m[39m
 [32m笨・[39m src/features/today/transport/__tests__/computeTransportAlerts.spec.ts[2m > [22mcomputeTransportAlerts[2m > [22mshows stale count in alert value[32m 1[2mms[22m[39m
 [32m笨・[39m src/features/today/transport/__tests__/computeTransportAlerts.spec.ts[2m > [22mcomputeTransportAlerts[2m > [22mdoes NOT generate low-completion before completionCheckHour[32m 1[2mms[22m[39m
 [32m笨・[39m src/features/today/transport/__tests__/computeTransportAlerts.spec.ts[2m > [22mcomputeTransportAlerts[2m > [22mgenerates warning at completionCheckHour with low rate[32m 1[2mms[22m[39m
 [32m笨・[39m src/features/today/transport/__tests__/computeTransportAlerts.spec.ts[2m > [22mcomputeTransportAlerts[2m > [22mgenerates warning after completionCheckHour with low rate[32m 1[2mms[22m[39m
 [32m笨・[39m src/features/today/transport/__tests__/computeTransportAlerts.spec.ts[2m > [22mcomputeTransportAlerts[2m > [22mdoes NOT generate low-completion when rate >= threshold[32m 1[2mms[22m[39m
 [32m笨・[39m src/features/today/transport/__tests__/computeTransportAlerts.spec.ts[2m > [22mcomputeTransportAlerts[2m > [22mdoes NOT generate low-completion when rate is null[32m 1[2mms[22m[39m
 [32m笨・[39m src/features/today/transport/__tests__/computeTransportAlerts.spec.ts[2m > [22mcomputeTransportAlerts[2m > [22mgenerates multiple alerts simultaneously[32m 2[2mms[22m[39m
 [32m笨・[39m src/features/today/transport/__tests__/computeTransportAlerts.spec.ts[2m > [22mcomputeTransportAlerts[2m > [22mrespects custom thresholds[32m 1[2mms[22m[39m
 [32m笨・[39m tests/unit/mappers.more-status.spec.ts[2m > [22mmapSchedule status normalization[2m > [22mcoerces empty or unknown values to draft[32m 10[2mms[22m[39m
 [32m笨・[39m tests/unit/mappers.more-status.spec.ts[2m > [22mmapSchedule status normalization[2m > [22mhandles case and punctuation variants[32m 4[2mms[22m[39m
 [32m笨・[39m tests/unit/mappers.more-status.spec.ts[2m > [22mmapSchedule fallbacks[2m > [22muses legacy cr014_* fields when modern lookups are empty[32m 3[2mms[22m[39m
 [32m笨・[39m tests/unit/mappers.more-status.spec.ts[2m > [22mmapSchedule fallbacks[2m > [22mretains invalid ISO strings without throwing[32m 1[2mms[22m[39m
 [32m笨・[39m tests/unit/mappers.more-status.spec.ts[2m > [22mmapScheduleToSp[2m > [22mproduces a SharePoint payload even when optional values are absent[32m 1[2mms[22m[39m
 [32m笨・[39m src/domain/isp/__tests__/monitoringMeeting.spec.ts[2m > [22mgetFiscalYear[2m > [22mshould return same year for April-December[32m 5[2mms[22m[39m
 [32m笨・[39m src/domain/isp/__tests__/monitoringMeeting.spec.ts[2m > [22mgetFiscalYear[2m > [22mshould return previous year for January-March[32m 1[2mms[22m[39m
 [32m笨・[39m src/domain/isp/__tests__/monitoringMeeting.spec.ts[2m > [22mgetFiscalYear[2m > [22mshould handle April 1st as new fiscal year[32m 2[2mms[22m[39m
 [32m笨・[39m src/domain/isp/__tests__/monitoringMeeting.spec.ts[2m > [22mfilterByFiscalYear[2m > [22mshould filter records by fiscal year[32m 2[2mms[22m[39m
 [32m笨・[39m src/domain/isp/__tests__/monitoringMeeting.spec.ts[2m > [22mcomputeDaysUntilNextMonitoring[2m > [22mshould return positive days when next date is in the future[32m 1[2mms[22m[39m
 [32m笨・[39m src/domain/isp/__tests__/monitoringMeeting.spec.ts[2m > [22mcomputeDaysUntilNextMonitoring[2m > [22mshould return negative days when overdue[32m 1[2mms[22m[39m
 [32m笨・[39m src/domain/isp/__tests__/monitoringMeeting.spec.ts[2m > [22mcomputeDaysUntilNextMonitoring[2m > [22mshould return 0 on the day[32m 1[2mms[22m[39m
 [32m笨・[39m src/domain/isp/__tests__/monitoringMeeting.spec.ts[2m > [22mcomputeDaysUntilNextMonitoring[2m > [22mshould return null for null input[32m 1[2mms[22m[39m
 [32m笨・[39m src/domain/isp/__tests__/monitoringMeeting.spec.ts[2m > [22mcomputeDaysUntilNextMonitoring[2m > [22mshould return null for invalid date[32m 1[2mms[22m[39m
 [32m笨・[39m src/domain/isp/__tests__/monitoringMeeting.spec.ts[2m > [22mcomputeMonitoringSummary[2m > [22mshould compute summary for fiscal year with fulfilled meetings[32m 2[2mms[22m[39m
 [32m笨・[39m src/domain/isp/__tests__/monitoringMeeting.spec.ts[2m > [22mcomputeMonitoringSummary[2m > [22mshould detect unfulfilled monitoring[32m 1[2mms[22m[39m
 [32m笨・[39m src/domain/isp/__tests__/monitoringMeeting.spec.ts[2m > [22mcomputeMonitoringSummary[2m > [22mshould count pending plan changes[32m 1[2mms[22m[39m
 [32m笨・[39m src/domain/isp/__tests__/monitoringMeeting.spec.ts[2m > [22mcomputeMonitoringSummary[2m > [22mshould handle empty records[32m 2[2mms[22m[39m
 [32m笨・[39m src/domain/isp/__tests__/monitoringMeeting.spec.ts[2m > [22mcomputeMonitoringSummary[2m > [22mshould compute days until next monitoring[32m 1[2mms[22m[39m
 [32m笨・[39m src/domain/isp/__tests__/monitoringMeeting.spec.ts[2m > [22mcomputeAchievementDistribution[2m > [22mshould count achievement levels across all records[32m 1[2mms[22m[39m
 [32m笨・[39m src/domain/isp/__tests__/monitoringMeeting.spec.ts[2m > [22mcomputeAchievementDistribution[2m > [22mshould return all zeros for empty records[32m 1[2mms[22m[39m
 [32m笨・[39m tests/unit/sharepoint/spProvisioningCoordinator.lifecycle.spec.ts[2m > [22mSharePointProvisioningCoordinator - Lifecycle Support[2m > [22mExperimental: should SKIP when feature flag is OFF[32m 15[2mms[22m[39m
 [32m笨・[39m tests/unit/sharepoint/spProvisioningCoordinator.lifecycle.spec.ts[2m > [22mSharePointProvisioningCoordinator - Lifecycle Support[2m > [22mExperimental: should PROCEED when feature flag is ON[32m 17[2mms[22m[39m
 [32m笨・[39m tests/unit/sharepoint/spProvisioningCoordinator.lifecycle.spec.ts[2m > [22mSharePointProvisioningCoordinator - Lifecycle Support[2m > [22mDeprecated: should WARN and skip detailed check[32m 3[2mms[22m[39m
 [32m笨・[39m tests/unit/sharepoint/spProvisioningCoordinator.lifecycle.spec.ts[2m > [22mSharePointProvisioningCoordinator - Lifecycle Support[2m > [22mRequired: should trigger error telemetry on 404[32m 4[2mms[22m[39m
 [32m笨・[39m tests/unit/sharepoint/spProvisioningCoordinator.lifecycle.spec.ts[2m > [22mSharePointProvisioningCoordinator - Lifecycle Support[2m > [22mOptional: should trigger info telemetry on 404[32m 3[2mms[22m[39m
 [32m笨・[39m src/features/daily/domain/__tests__/rowInitialization.spec.ts[2m > [22mcreateEmptyRow[2m > [22m繧ｪ繝励す繝ｧ繝ｳ縺ｪ縺励〒蜈ｨ繝輔ぅ繝ｼ繝ｫ繝峨′遨ｺ/false[32m 6[2mms[22m[39m
 [32m笨・[39m src/features/daily/domain/__tests__/rowInitialization.spec.ts[2m > [22mcreateEmptyRow[2m > [22mlastActivities 縺ゅｊ縺ｧ am/pm 縺後・繝ｪ繝輔ぅ繝ｫ縺輔ｌ繧・[32m 1[2mms[22m[39m
 [32m笨・[39m src/features/daily/domain/__tests__/rowInitialization.spec.ts[2m > [22mcreateEmptyRow[2m > [22mhandoffNote 縺ゅｊ縺ｧ specialNotes 縺ｫ蜿肴丐縺輔ｌ繧・[32m 1[2mms[22m[39m
 [32m笨・[39m src/features/daily/domain/__tests__/rowInitialization.spec.ts[2m > [22mcreateEmptyRow[2m > [22mlastActivities + handoffNote 荳｡譁ｹ縺ゅｊ縺ｧ蜈ｨ縺ｦ蜿肴丐縺輔ｌ繧・[32m 1[2mms[22m[39m
 [32m笨・[39m src/features/daily/domain/__tests__/rowInitialization.spec.ts[2m > [22mcreateEmptyRow[2m > [22mlastActivities 縺ｮ am 縺ｮ縺ｿ遨ｺ縺ｮ蝣ｴ蜷・pm 縺ｮ縺ｿ繝励Μ繝輔ぅ繝ｫ[32m 1[2mms[22m[39m
 [32m笨・[39m src/features/daily/domain/__tests__/rowInitialization.spec.ts[2m > [22mhasRowContent[2m > [22m蜈ｨ縺ｦ遨ｺ縺ｪ繧・false[32m 1[2mms[22m[39m
 [32m笨・[39m src/features/daily/domain/__tests__/rowInitialization.spec.ts[2m > [22mhasRowContent[2m > [22mamActivity 縺ｫ蛟､縺後≠繧後・ true[32m 1[2mms[22m[39m
 [32m笨・[39m src/features/daily/domain/__tests__/rowInitialization.spec.ts[2m > [22mhasRowContent[2m > [22mbehaviorTags 縺ｫ蛟､縺後≠繧後・ true[32m 1[2mms[22m[39m
 [32m笨・[39m src/features/daily/domain/__tests__/rowInitialization.spec.ts[2m > [22mhasRowContent[2m > [22mproblemBehavior 縺ｫ繝輔Λ繧ｰ縺後≠繧後・ true[32m 1[2mms[22m[39m
 [32m笨・[39m src/features/daily/domain/__tests__/rowInitialization.spec.ts[2m > [22mshouldPrefillSpecialNotes[2m > [22m(遨ｺ, 縺ゅｊ) 竊・true[32m 1[2mms[22m[39m
 [32m笨・[39m src/features/daily/domain/__tests__/rowInitialization.spec.ts[2m > [22mshouldPrefillSpecialNotes[2m > [22m(蜈･蜉帶ｸ医∩, 縺ゅｊ) 竊・false[32m 1[2mms[22m[39m
 [32m笨・[39m src/features/daily/domain/__tests__/rowInitialization.spec.ts[2m > [22mshouldPrefillSpecialNotes[2m > [22m(遨ｺ, undefined) 竊・false[32m 1[2mms[22m[39m
 [32m笨・[39m src/features/daily/domain/__tests__/rowInitialization.spec.ts[2m > [22mshouldPrefillSpecialNotes[2m > [22m(遨ｺ逋ｽ縺ｮ縺ｿ, 縺ゅｊ) 竊・true[32m 1[2mms[22m[39m
 [32m笨・[39m src/features/daily/domain/__tests__/rowInitialization.spec.ts[2m > [22mapplyHandoffNotesToRows[2m > [22m遨ｺ specialNotes 縺ｫ handoff note 繧呈ｳｨ蜈･縺吶ｋ[32m 1[2mms[22m[39m
 [32m笨・[39m src/features/daily/domain/__tests__/rowInitialization.spec.ts[2m > [22mapplyHandoffNotesToRows[2m > [22m蜈･蜉帶ｸ医∩ specialNotes 縺ｯ荳頑嶌縺阪＆繧後↑縺・[32m 1[2mms[22m[39m
 [32m笨・[39m src/features/daily/domain/__tests__/rowInitialization.spec.ts[2m > [22mapplyHandoffNotesToRows[2m > [22mhandoff note 縺後↑縺・Θ繝ｼ繧ｶ繝ｼ縺ｯ縺昴・縺ｾ縺ｾ[32m 1[2mms[22m[39m
 [32m笨・[39m src/features/daily/domain/__tests__/rowInitialization.spec.ts[2m > [22mapplyHandoffNotesToRows[2m > [22m蜈ｨ縺ｦ蜈･蜉帶ｸ医∩縺ｪ繧・changed = false[32m 1[2mms[22m[39m
 [32m笨・[39m src/features/daily/domain/__tests__/rowInitialization.spec.ts[2m > [22msyncRowsWithSelectedUsers[2m > [22m譁ｰ隕上Θ繝ｼ繧ｶ繝ｼ霑ｽ蜉縺ｧ createEmptyRow 縺ｫ繧医ｋ陦後′逕滓・縺輔ｌ繧・[32m 2[2mms[22m[39m
 [32m笨・[39m src/features/daily/domain/__tests__/rowInitialization.spec.ts[2m > [22msyncRowsWithSelectedUsers[2m > [22m譌｢蟄倥Θ繝ｼ繧ｶ繝ｼ縺ｮ蜈･蜉帶ｸ医∩繝・・繧ｿ縺御ｿ晄戟縺輔ｌ繧・[32m 1[2mms[22m[39m
 [32m笨・[39m src/features/daily/domain/__tests__/rowInitialization.spec.ts[2m > [22msyncRowsWithSelectedUsers[2m > [22m譛ｪ驕ｸ謚槭・繝ｦ繝ｼ繧ｶ繝ｼ縺ｮ陦後・髯､螟悶＆繧後ｋ[32m 1[2mms[22m[39m
 [32m笨・[39m src/features/daily/domain/__tests__/rowInitialization.spec.ts[2m > [22msyncRowsWithSelectedUsers[2m > [22mhandoff note 莉倥″譁ｰ隕上Θ繝ｼ繧ｶ繝ｼ縺ｧ specialNotes 縺ｫ繝励Μ繝輔ぅ繝ｫ縺輔ｌ繧・[32m 1[2mms[22m[39m
 [32m笨・[39m src/features/support-plan-guide/domain/__tests__/suggestionDecisionMetrics.spec.ts[2m > [22mcomputeSuggestionDecisionMetrics[2m > [22m遨ｺ驟榊・縺ｪ繧牙・繧ｼ繝ｭ[32m 5[2mms[22m[39m
 [32m笨・[39m src/features/support-plan-guide/domain/__tests__/suggestionDecisionMetrics.spec.ts[2m > [22mcomputeSuggestionDecisionMetrics[2m > [22mSmartTab 邉ｻ縺ｮ髮・ｨ医′豁｣縺励＞[32m 1[2mms[22m[39m
 [32m笨・[39m src/features/support-plan-guide/domain/__tests__/suggestionDecisionMetrics.spec.ts[2m > [22mcomputeSuggestionDecisionMetrics[2m > [22m謾ｹ蝟・Γ繝｢邉ｻ縺ｮ髮・ｨ医′豁｣縺励＞[32m 1[2mms[22m[39m
 [32m笨・[39m src/features/support-plan-guide/domain/__tests__/suggestionDecisionMetrics.spec.ts[2m > [22mcomputeSuggestionDecisionMetrics[2m > [22mSmartTab + 謾ｹ蝟・Γ繝｢ 縺ｮ豺ｷ蜷・[32m 1[2mms[22m[39m
 [32m笨・[39m src/features/support-plan-guide/domain/__tests__/suggestionDecisionMetrics.spec.ts[2m > [22mcomputeSuggestionDecisionMetrics[2m > [22m蜷御ｸ id 縺ｫ隍・焚繝ｬ繧ｳ繝ｼ繝峨′縺ゅｋ蝣ｴ蜷医・譛譁ｰ縺ｮ縺ｿ繧ｫ繧ｦ繝ｳ繝・[32m 1[2mms[22m[39m
 [32m笨・[39m src/features/support-plan-guide/domain/__tests__/suggestionDecisionMetrics.spec.ts[2m > [22mcomputeSuggestionDecisionMetrics[2m > [22msourceBreakdown 縺梧ｭ｣縺励￥蛻・°繧後ｋ[32m 1[2mms[22m[39m
 [32m笨・[39m src/features/support-plan-guide/domain/__tests__/suggestionDecisionMetrics.spec.ts[2m > [22mcomputeSuggestionDecisionMetrics[2m > [22macceptanceRate 縺ｯ dismissed 縺励°縺ｪ縺・ｴ蜷医・ 0[32m 1[2mms[22m[39m
 [32m笨・[39m src/features/support-plan-guide/domain/__tests__/suggestionDecisionMetrics.spec.ts[2m > [22mcomputeSuggestionDecisionMetrics[2m > [22mpromotionRate 縺ｯ noted 縺励°縺ｪ縺・ｴ蜷医・ 0[32m 1[2mms[22m[39m
 [32m笨・[39m src/features/support-plan-guide/domain/__tests__/suggestionDecisionMetrics.spec.ts[2m > [22mcomputeSuggestionDecisionMetrics[2m > [22mSmartTab 邉ｻ縺ｮ縺ｿ縺ｮ蝣ｴ蜷・promotionRate 縺ｯ 0[32m 1[2mms[22m[39m
 [32m笨・[39m src/features/support-plan-guide/domain/__tests__/suggestionDecisionMetrics.spec.ts[2m > [22mcomputeSuggestionDecisionMetrics[2m > [22m謾ｹ蝟・Γ繝｢邉ｻ縺ｮ縺ｿ縺ｮ蝣ｴ蜷・acceptanceRate 縺ｯ 0[32m 1[2mms[22m[39m
 [32m笨・[39m src/features/support-plan-guide/domain/__tests__/suggestionDecisionMetrics.spec.ts[2m > [22mformatRate[2m > [22m0 竊・"0%"[32m 1[2mms[22m[39m
 [32m笨・[39m src/features/support-plan-guide/domain/__tests__/suggestionDecisionMetrics.spec.ts[2m > [22mformatRate[2m > [22m1 竊・"100%"[32m 1[2mms[22m[39m
 [32m笨・[39m src/features/support-plan-guide/domain/__tests__/suggestionDecisionMetrics.spec.ts[2m > [22mformatRate[2m > [22m0.5 竊・"50%"[32m 1[2mms[22m[39m
 [32m笨・[39m src/features/support-plan-guide/domain/__tests__/suggestionDecisionMetrics.spec.ts[2m > [22mformatRate[2m > [22m0.666... 竊・"66.7%"[32m 1[2mms[22m[39m
 [32m笨・[39m src/features/support-plan-guide/domain/__tests__/suggestionDecisionMetrics.spec.ts[2m > [22mformatRate[2m > [22m0.333... 竊・"33.3%"[32m 1[2mms[22m[39m
 [32m笨・[39m src/features/support-plan-guide/domain/__tests__/suggestionDecisionMetrics.spec.ts[2m > [22mformatRate[2m > [22m0.25 竊・"25%"[32m 1[2mms[22m[39m
 [32m笨・[39m src/features/support-plan-guide/domain/__tests__/suggestionDecisionMetrics.spec.ts[2m > [22misMetricsEmpty[2m > [22mtotalDecided === 0 縺ｪ繧・true[32m 1[2mms[22m[39m
 [32m笨・[39m src/features/support-plan-guide/domain/__tests__/suggestionDecisionMetrics.spec.ts[2m > [22misMetricsEmpty[2m > [22mtotalDecided > 0 縺ｪ繧・false[32m 1[2mms[22m[39m
 [32m笨・[39m src/features/today/transport/__tests__/transportTelemetry.spec.ts[2m > [22mtrackTransportEvent[2m > [22mwrites sync-failed event to telemetry collection[32m 5[2mms[22m[39m
 [32m笨・[39m src/features/today/transport/__tests__/transportTelemetry.spec.ts[2m > [22mtrackTransportEvent[2m > [22mwrites fallback-all-users event[32m 1[2mms[22m[39m
 [32m笨・[39m src/features/today/transport/__tests__/transportTelemetry.spec.ts[2m > [22mtrackTransportEvent[2m > [22mwrites status-transition event[32m 1[2mms[22m[39m
 [32m笨・[39m src/features/today/transport/__tests__/transportTelemetry.spec.ts[2m > [22mtrackTransportEvent[2m > [22mwrites stale-in-progress event[32m 1[2mms[22m[39m
 [32m笨・[39m src/features/today/transport/__tests__/transportTelemetry.spec.ts[2m > [22mtrackTransportEvent[2m > [22mdoes not throw when addDoc rejects[32m 8[2mms[22m[39m
 [32m笨・[39m src/features/today/transport/__tests__/transportTelemetry.spec.ts[2m > [22mgetTransportStaleDedupKey[2m > [22mgenerates key with 15-minute bucket[32m 1[2mms[22m[39m
 [32m笨・[39m src/features/today/transport/__tests__/transportTelemetry.spec.ts[2m > [22mgetTransportStaleDedupKey[2m > [22mdifferentiates by direction[32m 2[2mms[22m[39m
 [32m笨・[39m src/features/today/transport/__tests__/transportTelemetry.spec.ts[2m > [22mgetTransportStaleDedupKey[2m > [22mdifferentiates by userCode[32m 1[2mms[22m[39m
 [32m笨・[39m tests/unit/spClient.masterLists.spec.ts[2m > [22mspClient master list helpers[2m > [22mretries user master fetches when SharePoint reports missing optional fields[32m 11[2mms[22m[39m
 [32m笨・[39m tests/unit/spClient.masterLists.spec.ts[2m > [22mspClient master list helpers[2m > [22mdrops optional fields opportunistically when error details are unavailable[32m 3[2mms[22m[39m
 [32m笨・[39m tests/unit/spClient.masterLists.spec.ts[2m > [22mspClient master list helpers[2m > [22mhonours staff list guid overrides and clamps the requested page size[32m 2[2mms[22m[39m
 [32m笨・[39m tests/unit/spClient.masterLists.spec.ts[2m > [22mspClient master list helpers[2m > [22mfalls back to default staff list title when overrides are empty[32m 2[2mms[22m[39m
 [32m笨・[39m tests/unit/spClient.masterLists.spec.ts[2m > [22mresolveStaffListIdentifier[2m > [22mparses guid prefixes and braces consistently[32m 3[2mms[22m[39m
 [32m笨・[39m tests/unit/telemetry/fetchSpan.spec.ts[2m > [22mtelemetry/fetchSpan[2m > [22mtruncatePath[2m > [22mremoves query parameters[32m 5[2mms[22m[39m
 [32m笨・[39m tests/unit/telemetry/fetchSpan.spec.ts[2m > [22mtelemetry/fetchSpan[2m > [22mtruncatePath[2m > [22mtruncates paths longer than 80 characters[32m 2[2mms[22m[39m
 [32m笨・[39m tests/unit/telemetry/fetchSpan.spec.ts[2m > [22mtelemetry/fetchSpan[2m > [22mtruncatePath[2m > [22mleaves short paths intact[32m 1[2mms[22m[39m
 [32m笨・[39m tests/unit/telemetry/fetchSpan.spec.ts[2m > [22mtelemetry/fetchSpan[2m > [22mtruncatePath[2m > [22mhandles paths with both long path and query params[32m 1[2mms[22m[39m
 [32m笨・[39m tests/unit/telemetry/fetchSpan.spec.ts[2m > [22mtelemetry/fetchSpan[2m > [22mstartFetchSpan[2m > [22mcreates a span with correct layer and method[32m 3[2mms[22m[39m
 [32m笨・[39m tests/unit/telemetry/fetchSpan.spec.ts[2m > [22mtelemetry/fetchSpan[2m > [22mstartFetchSpan[2m > [22mrecords retryCount on succeed[32m 1[2mms[22m[39m
 [32m笨・[39m tests/unit/telemetry/fetchSpan.spec.ts[2m > [22mtelemetry/fetchSpan[2m > [22mstartFetchSpan[2m > [22mrecords failure with status and errorName[32m 1[2mms[22m[39m
 [32m笨・[39m tests/unit/telemetry/fetchSpan.spec.ts[2m > [22mtelemetry/fetchSpan[2m > [22mstartFetchSpan[2m > [22mrecords network error with no HTTP status[32m 1[2mms[22m[39m
 [32m笨・[39m tests/unit/telemetry/fetchSpan.spec.ts[2m > [22mtelemetry/fetchSpan[2m > [22mstartFetchSpan[2m > [22mgenerates unique span IDs[32m 1[2mms[22m[39m
 [32m笨・[39m tests/unit/telemetry/fetchSpan.spec.ts[2m > [22mtelemetry/fetchSpan[2m > [22mstartFetchSpan[2m > [22muses "graph" layer label[32m 1[2mms[22m[39m
 [32m笨・[39m tests/unit/telemetry/fetchSpan.spec.ts[2m > [22mtelemetry/fetchSpan[2m > [22mstartFetchSpan[2m > [22mtruncates path in meta[32m 1[2mms[22m[39m
 [32m笨・[39m tests/unit/telemetry/fetchSpan.spec.ts[2m > [22mtelemetry/fetchSpan[2m > [22mstartFetchSpan[2m > [22mdefaults retryCount to 0[32m 1[2mms[22m[39m
 [32m笨・[39m src/sharepoint/__tests__/ispGoalMapper.spec.ts[2m > [22mspRowToGoalItem[2m > [22mconverts a fully-populated SP row[32m 5[2mms[22m[39m
 [32m笨・[39m src/sharepoint/__tests__/ispGoalMapper.spec.ts[2m > [22mspRowToGoalItem[2m > [22mhandles null/undefined Domains as empty array[32m 1[2mms[22m[39m
 [32m笨・[39m src/sharepoint/__tests__/ispGoalMapper.spec.ts[2m > [22mspRowToGoalItem[2m > [22mhandles missing GoalType 竊・defaults to "support"[32m 1[2mms[22m[39m
 [32m笨・[39m src/sharepoint/__tests__/ispGoalMapper.spec.ts[2m > [22mnormalizeGoalForSP[2m > [22mproduces a valid PlanGoalPayload[32m 1[2mms[22m[39m
 [32m笨・[39m src/sharepoint/__tests__/ispGoalMapper.spec.ts[2m > [22mnormalizeGoalForSP[2m > [22mtrims label and text[32m 1[2mms[22m[39m
 [32m笨・[39m src/sharepoint/__tests__/ispGoalMapper.spec.ts[2m > [22mnormalizeGoalForSP[2m > [22mfalls back to type label when label is empty[32m 1[2mms[22m[39m
 [32m笨・[39m src/sharepoint/__tests__/ispGoalMapper.spec.ts[2m > [22mnormalizeGoalForSP[2m > [22mhandles undefined domains as empty string[32m 1[2mms[22m[39m
 [32m笨・[39m src/sharepoint/__tests__/ispGoalMapper.spec.ts[2m > [22mnormalizeGoalForSP[2m > [22mhandles null text as empty string[32m 1[2mms[22m[39m
 [32m笨・[39m src/sharepoint/__tests__/ispGoalMapper.spec.ts[2m > [22mnormalizeGoalForSP[2m > [22mfalls back invalid type to "support"[32m 1[2mms[22m[39m
 [32m笨・[39m src/sharepoint/__tests__/ispGoalMapper.spec.ts[2m > [22mformToGoals[2m > [22mreturns form.goals directly[32m 2[2mms[22m[39m
 [32m笨・[39m src/sharepoint/__tests__/ispGoalMapper.spec.ts[2m > [22mformToGoals[2m > [22mreturns empty for form with empty goals[32m 1[2mms[22m[39m
 [32m笨・[39m src/sharepoint/__tests__/ispGoalMapper.spec.ts[2m > [22mmapFieldRowToGoalItem[2m > [22mmaps a Record<string, unknown> using PLAN_GOALS_FIELDS keys[32m 1[2mms[22m[39m
 [32m笨・[39m src/sharepoint/__tests__/ispGoalMapper.spec.ts[2m > [22mbatchUpsertGoals[2m > [22mcalls spFetch with PATCH for sp-{id} goals and POST for new goals[32m 3[2mms[22m[39m
 [32m笨・[39m tests/unit/integrated-resource-calendar.logic.spec.ts[2m > [22mIntegratedResourceCalendar Utils[2m > [22mcheckEventDropAllowed - Issue 8: 繝繝悶Ν繝悶ャ繧ｭ繝ｳ繧ｰ髦ｲ豁｢[2m > [22m螳溽ｸｾ(actualStart)莉倥″繧､繝吶Φ繝医・繝峨Λ繝・げ繧堤ｦ∵ｭ｢縺吶ｋ[32m 5[2mms[22m[39m
 [32m笨・[39m tests/unit/integrated-resource-calendar.logic.spec.ts[2m > [22mIntegratedResourceCalendar Utils[2m > [22mcheckEventDropAllowed - Issue 8: 繝繝悶Ν繝悶ャ繧ｭ繝ｳ繧ｰ髦ｲ豁｢[2m > [22m蜷御ｸ繝ｪ繧ｽ繝ｼ繧ｹ縺ｧ譎る俣縺碁㍾縺ｪ繧九ラ繝ｩ繝・げ繧堤ｦ∵ｭ｢縺吶ｋ[32m 1[2mms[22m[39m
 [32m笨・[39m tests/unit/integrated-resource-calendar.logic.spec.ts[2m > [22mIntegratedResourceCalendar Utils[2m > [22mcheckEventDropAllowed - Issue 8: 繝繝悶Ν繝悶ャ繧ｭ繝ｳ繧ｰ髦ｲ豁｢[2m > [22m蛻･繝ｪ繧ｽ繝ｼ繧ｹ縺ｪ繧牙酔縺俶凾髢灘ｸｯ縺ｧ繧りｨｱ蜿ｯ縺吶ｋ[32m 1[2mms[22m[39m
 [32m笨・[39m tests/unit/integrated-resource-calendar.logic.spec.ts[2m > [22mIntegratedResourceCalendar Utils[2m > [22mcheckEventDropAllowed - Issue 8: 繝繝悶Ν繝悶ャ繧ｭ繝ｳ繧ｰ髦ｲ豁｢[2m > [22m閭梧勹繧､繝吶Φ繝茨ｼ郁ｭｦ蜻顔畑・峨・驥崎､・メ繧ｧ繝・け縺九ｉ髯､螟悶☆繧・[32m 1[2mms[22m[39m
 [32m笨・[39m tests/unit/integrated-resource-calendar.logic.spec.ts[2m > [22mIntegratedResourceCalendar Utils[2m > [22mcheckEventDropAllowed - Issue 8: 繝繝悶Ν繝悶ャ繧ｭ繝ｳ繧ｰ髦ｲ豁｢[2m > [22m繝ｪ繧ｽ繝ｼ繧ｹID縺檎音螳壹〒縺阪↑縺・ｴ蜷医・繧ｨ繝ｩ繝ｼ[32m 1[2mms[22m[39m
 [32m笨・[39m tests/unit/integrated-resource-calendar.logic.spec.ts[2m > [22mIntegratedResourceCalendar Utils[2m > [22mcheckSelectAllowed - Issue 8: 譁ｰ隕城∈謚樒ｯ・峇讀懆ｨｼ[2m > [22m譌｢蟄倥う繝吶Φ繝医→驥崎､・☆繧区凾髢鍋ｯ・峇縺ｮ驕ｸ謚槭ｒ遖∵ｭ｢[32m 1[2mms[22m[39m
 [32m笨・[39m tests/unit/integrated-resource-calendar.logic.spec.ts[2m > [22mIntegratedResourceCalendar Utils[2m > [22mcheckSelectAllowed - Issue 8: 譁ｰ隕城∈謚樒ｯ・峇讀懆ｨｼ[2m > [22m繝ｪ繧ｽ繝ｼ繧ｹID縺後↑縺・∈謚樒ｯ・峇繧堤ｦ∵ｭ｢[32m 1[2mms[22m[39m
 [32m笨・[39m tests/unit/integrated-resource-calendar.logic.spec.ts[2m > [22mIntegratedResourceCalendar Utils[2m > [22mcheckSelectAllowed - Issue 8: 譁ｰ隕城∈謚樒ｯ・峇讀懆ｨｼ[2m > [22m驥崎､・・縺ｪ縺・凾髢鍋ｯ・峇縺ｯ險ｱ蜿ｯ[32m 1[2mms[22m[39m
 [32m笨・[39m tests/unit/integrated-resource-calendar.logic.spec.ts[2m > [22mIntegratedResourceCalendar Utils[2m > [22mcalculateTotalsByResource - Issue 10: 繝ｪ繧ｽ繝ｼ繧ｹ髮・ｨ・[2m > [22m繝ｪ繧ｽ繝ｼ繧ｹ豈弱↓邱乗凾髢薙ｒ髮・ｨ医＠縲・譎る俣雜・℃縺ｫ繝輔Λ繧ｰ繧堤ｫ九※繧・[32m 2[2mms[22m[39m
 [32m笨・[39m tests/unit/integrated-resource-calendar.logic.spec.ts[2m > [22mIntegratedResourceCalendar Utils[2m > [22mcalculateTotalsByResource - Issue 10: 繝ｪ繧ｽ繝ｼ繧ｹ髮・ｨ・[2m > [22mbackground繧､繝吶Φ繝医・髮・ｨ亥ｯｾ雎｡縺九ｉ髯､螟悶☆繧・[32m 1[2mms[22m[39m
 [32m笨・[39m tests/unit/integrated-resource-calendar.logic.spec.ts[2m > [22mIntegratedResourceCalendar Utils[2m > [22mcalculateTotalsByResource - Issue 10: 繝ｪ繧ｽ繝ｼ繧ｹ髮・ｨ・[2m > [22m蜉ｴ蜒肴凾髢謎ｸ企剞繧偵き繧ｹ繧ｿ繝槭う繧ｺ蜿ｯ閭ｽ[32m 1[2mms[22m[39m
 [32m笨・[39m tests/unit/integrated-resource-calendar.logic.spec.ts[2m > [22mIntegratedResourceCalendar Utils[2m > [22mcalculateTotalsByResource - Issue 10: 繝ｪ繧ｽ繝ｼ繧ｹ髮・ｨ・[2m > [22mstart/end縺系ull縺ｮ繧､繝吶Φ繝医・辟｡隕悶☆繧・[32m 1[2mms[22m[39m
 [32m笨・[39m tests/unit/integrated-resource-calendar.logic.spec.ts[2m > [22mIntegratedResourceCalendar Utils[2m > [22mgenerateWarningEvents - Issue 9: 閭梧勹隴ｦ蜻顔函謌・[2m > [22m驕手ｲ闕ｷ繝ｪ繧ｽ繝ｼ繧ｹ縺ｮ隴ｦ蜻翫う繝吶Φ繝医ｒ逕滓・縺吶ｋ[32m 3[2mms[22m[39m
 [32m笨・[39m tests/unit/integrated-resource-calendar.logic.spec.ts[2m > [22mIntegratedResourceCalendar Utils[2m > [22mgenerateWarningEvents - Issue 9: 閭梧勹隴ｦ蜻顔函謌・[2m > [22m隴ｦ蜻雁ｯｾ雎｡縺後↑縺・ｴ蜷医・遨ｺ驟榊・繧定ｿ斐☆[32m 1[2mms[22m[39m
 [32m笨・[39m src/features/dashboard/__tests__/activitySummary.spec.ts[2m > [22mbuildActivitySummary[2m > [22m蝓ｺ譛ｬ逧・↑髮・ｨ域ｩ溯・[2m > [22m螳御ｺ・菴懈・荳ｭ/譛ｪ菴懈・繧呈ｭ｣縺励￥髮・ｨ医☆繧・[32m 5[2mms[22m[39m
 [32m笨・[39m src/features/dashboard/__tests__/activitySummary.spec.ts[2m > [22mbuildActivitySummary[2m > [22m蝓ｺ譛ｬ逧・↑髮・ｨ域ｩ溯・[2m > [22m莉頑律縺ｮ險倬鹸縺ｮ縺ｿ繧偵ヵ繧｣繝ｫ繧ｿ繝ｪ繝ｳ繧ｰ縺吶ｋ[32m 2[2mms[22m[39m
 [32m笨・[39m src/features/dashboard/__tests__/activitySummary.spec.ts[2m > [22mbuildActivitySummary[2m > [22m蝓ｺ譛ｬ逧・↑髮・ｨ域ｩ溯・[2m > [22m險倬鹸縺・莉ｶ縺ｮ蝣ｴ蜷医ｒ蜃ｦ逅・☆繧・[32m 2[2mms[22m[39m
 [32m笨・[39m src/features/dashboard/__tests__/activitySummary.spec.ts[2m > [22mbuildActivitySummary[2m > [22m蝓ｺ譛ｬ逧・↑髮・ｨ域ｩ溯・[2m > [22mexpectedCount縺瑚ｨ倬鹸謨ｰ繧医ｊ螟ｧ縺阪＞蝣ｴ蜷医・expectedCount繧剃ｽｿ逕ｨ縺吶ｋ[32m 1[2mms[22m[39m
 [32m笨・[39m src/features/dashboard/__tests__/activitySummary.spec.ts[2m > [22mbuildActivitySummary[2m > [22m繧｢繝ｩ繝ｼ繝育函謌先ｩ溯・[2m > [22m譛ｪ菴懈・縺・莉ｶ縺ｮ蝣ｴ蜷医・warning alert繧堤函謌舌☆繧・[32m 1[2mms[22m[39m
 [32m笨・[39m src/features/dashboard/__tests__/activitySummary.spec.ts[2m > [22mbuildActivitySummary[2m > [22m繧｢繝ｩ繝ｼ繝育函謌先ｩ溯・[2m > [22m譛ｪ菴懈・縺・-5莉ｶ縺ｮ蝣ｴ蜷医・warning alert繧堤函謌舌☆繧・[32m 1[2mms[22m[39m
 [32m笨・[39m src/features/dashboard/__tests__/activitySummary.spec.ts[2m > [22mbuildActivitySummary[2m > [22m繧｢繝ｩ繝ｼ繝育函謌先ｩ溯・[2m > [22m譛ｪ菴懈・縺・莉ｶ莉･荳翫・蝣ｴ蜷医・error alert繧堤函謌舌☆繧・[32m 1[2mms[22m[39m
 [32m笨・[39m src/features/dashboard/__tests__/activitySummary.spec.ts[2m > [22mbuildActivitySummary[2m > [22m繧｢繝ｩ繝ｼ繝育函謌先ｩ溯・[2m > [22m菴懈・荳ｭ縺ｮ險倬鹸縺後≠繧句ｴ蜷医・info alert繧堤函謌舌☆繧・[32m 1[2mms[22m[39m
 [32m笨・[39m src/features/dashboard/__tests__/activitySummary.spec.ts[2m > [22mbuildActivitySummary[2m > [22m繧｢繝ｩ繝ｼ繝育函謌先ｩ溯・[2m > [22m譛ｪ菴懈・閠・・繝ｪ繧ｹ繝医′5蜷阪ｒ雜・∴繧句ｴ蜷医・荳贋ｽ・蜷阪・縺ｿ陦ｨ遉ｺ縺吶ｋ[32m 1[2mms[22m[39m
 [32m笨・[39m src/features/dashboard/__tests__/activitySummary.spec.ts[2m > [22mbuildActivitySummary[2m > [22m繧｢繝ｩ繝ｼ繝育函謌先ｩ溯・[2m > [22m隍・焚縺ｮ繧｢繝ｩ繝ｼ繝医′蜷梧凾縺ｫ逕滓・縺輔ｌ繧・[32m 1[2mms[22m[39m
 [32m笨・[39m src/features/dashboard/__tests__/activitySummary.spec.ts[2m > [22mbuildActivitySummary[2m > [22m繧ｨ繝・ず繧ｱ繝ｼ繧ｹ[2m > [22m譛溷ｾ・焚縺・縺ｮ蝣ｴ蜷医・total縺ｫ險倬鹸謨ｰ繧剃ｽｿ逕ｨ縺吶ｋ[32m 1[2mms[22m[39m
 [32m笨・[39m src/features/dashboard/__tests__/activitySummary.spec.ts[2m > [22mbuildActivitySummary[2m > [22m繧ｨ繝・ず繧ｱ繝ｼ繧ｹ[2m > [22m縺吶∋縺ｦ螳御ｺ・・蝣ｴ蜷医・繧｢繝ｩ繝ｼ繝医′逕滓・縺輔ｌ縺ｪ縺・[32m 1[2mms[22m[39m
 [32m笨・[39m src/features/ibd/plans/isp-editor/data/__tests__/ispRepo.spec.ts[2m > [22mispRepo[2m > [22mparseYmdLocal[2m > [22mcreates local date at midnight (no timezone drift)[32m 5[2mms[22m[39m
 [32m笨・[39m src/features/ibd/plans/isp-editor/data/__tests__/ispRepo.spec.ts[2m > [22mispRepo[2m > [22mparseYmdLocal[2m > [22mhandles year boundary correctly[32m 1[2mms[22m[39m
 [32m笨・[39m src/features/ibd/plans/isp-editor/data/__tests__/ispRepo.spec.ts[2m > [22mispRepo[2m > [22mcomputeDiff[2m > [22mreturns same when text matches[32m 2[2mms[22m[39m
 [32m笨・[39m src/features/ibd/plans/isp-editor/data/__tests__/ispRepo.spec.ts[2m > [22mispRepo[2m > [22mcomputeDiff[2m > [22mreturns add when old is empty[32m 1[2mms[22m[39m
 [32m笨・[39m src/features/ibd/plans/isp-editor/data/__tests__/ispRepo.spec.ts[2m > [22mispRepo[2m > [22mcomputeDiff[2m > [22mreturns del when new is empty[32m 1[2mms[22m[39m
 [32m笨・[39m src/features/ibd/plans/isp-editor/data/__tests__/ispRepo.spec.ts[2m > [22mispRepo[2m > [22mcomputeDiff[2m > [22mreturns empty array when both empty[32m 1[2mms[22m[39m
 [32m笨・[39m src/features/ibd/plans/isp-editor/data/__tests__/ispRepo.spec.ts[2m > [22mispRepo[2m > [22mcomputeDiff[2m > [22mincludes add/del segments when text changed[32m 1[2mms[22m[39m
 [32m笨・[39m src/features/ibd/plans/isp-editor/data/__tests__/ispRepo.spec.ts[2m > [22mispRepo[2m > [22mcomputeDiff[2m > [22mconcatenated diff text reproduces both inputs[32m 1[2mms[22m[39m
 [32m笨・[39m src/features/ibd/plans/isp-editor/data/__tests__/ispRepo.spec.ts[2m > [22mispRepo[2m > [22mcreateEmptyCurrentPlan[2m > [22mreturns plan with all empty goal texts[32m 1[2mms[22m[39m
 [32m笨・[39m src/features/ibd/plans/isp-editor/data/__tests__/ispRepo.spec.ts[2m > [22mispRepo[2m > [22mcreateEmptyCurrentPlan[2m > [22mreturns a new object each call (no shared reference)[32m 1[2mms[22m[39m
 [32m笨・[39m src/features/ibd/plans/isp-editor/data/__tests__/ispRepo.spec.ts[2m > [22mispRepo[2m > [22mDOMAINS[2m > [22mhas exactly 5 domains[32m 3[2mms[22m[39m
 [32m笨・[39m src/features/ibd/plans/isp-editor/data/__tests__/ispRepo.spec.ts[2m > [22mispRepo[2m > [22mDOMAINS[2m > [22meach domain has id, label, color, bg[32m 1[2mms[22m[39m
 [32m笨・[39m src/sharepoint/diagnosticsReports.spec.ts[2m > [22mshouldResetNotified[2m > [22m蛻晏屓菴懈・・・rev === null・・[2m > [22moverall=fail 縺ｮ蝣ｴ蜷医¨otified = false (Flow 縺梧鏡縺・[32m 5[2mms[22m[39m
 [32m笨・[39m src/sharepoint/diagnosticsReports.spec.ts[2m > [22mshouldResetNotified[2m > [22m蛻晏屓菴懈・・・rev === null・・[2m > [22moverall=warn 縺ｮ蝣ｴ蜷医¨otified = false (Flow 縺梧鏡縺・[32m 1[2mms[22m[39m
 [32m笨・[39m src/sharepoint/diagnosticsReports.spec.ts[2m > [22mshouldResetNotified[2m > [22m蛻晏屓菴懈・・・rev === null・・[2m > [22moverall=pass 縺ｮ蝣ｴ蜷医¨otified = true (Flow 縺梧鏡繧上↑縺・[32m 1[2mms[22m[39m
 [32m笨・[39m src/sharepoint/diagnosticsReports.spec.ts[2m > [22mshouldResetNotified[2m > [22m譖ｴ譁ｰ譎ゑｼ唹verall 縺悟､峨ｏ縺｣縺・[2m > [22mpass 竊・fail・哢otified = false (蜀埼夂衍)[32m 1[2mms[22m[39m
 [32m笨・[39m src/sharepoint/diagnosticsReports.spec.ts[2m > [22mshouldResetNotified[2m > [22m譖ｴ譁ｰ譎ゑｼ唹verall 縺悟､峨ｏ縺｣縺・[2m > [22mwarn 竊・pass・哢otified = true (騾夂衍荳崎ｦ・[32m 1[2mms[22m[39m
 [32m笨・[39m src/sharepoint/diagnosticsReports.spec.ts[2m > [22mshouldResetNotified[2m > [22m譖ｴ譁ｰ譎ゑｼ唹verall 縺悟､峨ｏ縺｣縺・[2m > [22mfail 竊・warn・哢otified = false (蜀埼夂衍)[32m 1[2mms[22m[39m
 [32m笨・[39m src/sharepoint/diagnosticsReports.spec.ts[2m > [22mshouldResetNotified[2m > [22m譖ｴ譁ｰ譎ゑｼ啜opIssue 縺悟､峨ｏ縺｣縺・[2m > [22mTopIssue 縺梧眠隕・竊・Notified = false (蜀埼夂衍)[32m 1[2mms[22m[39m
 [32m笨・[39m src/sharepoint/diagnosticsReports.spec.ts[2m > [22mshouldResetNotified[2m > [22m譖ｴ譁ｰ譎ゑｼ啜opIssue 縺悟､峨ｏ縺｣縺・[2m > [22mTopIssue 縺悟炎髯､ 竊・Notified = false (蜀埼夂衍)[32m 1[2mms[22m[39m
 [32m笨・[39m src/sharepoint/diagnosticsReports.spec.ts[2m > [22mshouldResetNotified[2m > [22m譖ｴ譁ｰ譎ゑｼ啜opIssue 縺悟､峨ｏ縺｣縺・[2m > [22mTopIssue 縺悟酔縺・& overall 縺・fail 竊・Notified = undefined (螟画峩縺ｪ縺・[32m 1[2mms[22m[39m
 [32m笨・[39m src/sharepoint/diagnosticsReports.spec.ts[2m > [22mshouldResetNotified[2m > [22m譖ｴ譁ｰ譎ゑｼ售ummaryText 縺悟､峨ｏ縺｣縺・[2m > [22mSummaryText 縺梧眠隕・竊・Notified = false (蜀埼夂衍)[32m 1[2mms[22m[39m
 [32m笨・[39m src/sharepoint/diagnosticsReports.spec.ts[2m > [22mshouldResetNotified[2m > [22m譖ｴ譁ｰ譎ゑｼ售ummaryText 縺悟､峨ｏ縺｣縺・[2m > [22mSummaryText 縺悟炎髯､ 竊・Notified = false (蜀埼夂衍)[32m 1[2mms[22m[39m
 [32m笨・[39m src/sharepoint/diagnosticsReports.spec.ts[2m > [22mshouldResetNotified[2m > [22m譖ｴ譁ｰ譎ゑｼ售ummaryText 縺悟､峨ｏ縺｣縺・[2m > [22mSummaryText 縺悟酔縺・& overall 縺・warn 竊・Notified = undefined (螟画峩縺ｪ縺・[32m 1[2mms[22m[39m
 [32m笨・[39m src/sharepoint/diagnosticsReports.spec.ts[2m > [22mshouldResetNotified[2m > [22m譖ｴ譁ｰ譎ゑｼ壹☆縺ｹ縺ｦ蜷後§・・otified 繧剃ｿ晄戟・・[2m > [22mNotified=true 縺ｮ縺ｾ縺ｾ菫晄戟・・ndefined霑泌唆・・[32m 1[2mms[22m[39m
 [32m笨・[39m src/sharepoint/diagnosticsReports.spec.ts[2m > [22mshouldResetNotified[2m > [22m譖ｴ譁ｰ譎ゑｼ壹☆縺ｹ縺ｦ蜷後§・・otified 繧剃ｿ晄戟・・[2m > [22mNotified=false 縺ｮ縺ｾ縺ｾ菫晄戟・・ndefined霑泌唆・・[32m 1[2mms[22m[39m
 [32m笨・[39m src/sharepoint/diagnosticsReports.spec.ts[2m > [22mshouldResetNotified[2m > [22m譖ｴ譁ｰ譎ゑｼ壹☆縺ｹ縺ｦ蜷後§・・otified 繧剃ｿ晄戟・・[2m > [22mReportLink 縺悟､峨ｏ縺｣縺ｦ繧ょ・螳ｹ縺悟酔縺倥↑繧・Notified 繧貞､画峩縺励↑縺・[32m 1[2mms[22m[39m
 [32m笨・[39m src/sharepoint/diagnosticsReports.spec.ts[2m > [22mshouldResetNotified[2m > [22m繧ｨ繝・ず繧ｱ繝ｼ繧ｹ・咾hoice 繝輔ぅ繝ｼ繝ｫ繝牙ｽ｢蠑・[2m > [22mOverall 縺梧枚蟄怜・蠖｢蠑擾ｼ・harePoint霑泌唆・峨・蝣ｴ蜷医∵ｭ｣隕丞喧縺励※豈碑ｼ・竊・undefined[32m 1[2mms[22m[39m
 [32m笨・[39m src/sharepoint/diagnosticsReports.spec.ts[2m > [22mshouldResetNotified[2m > [22m繧ｨ繝・ず繧ｱ繝ｼ繧ｹ・咾hoice 繝輔ぅ繝ｼ繝ｫ繝牙ｽ｢蠑・[2m > [22mOverall 縺・{ Value: "..." } 蠖｢蠑上・蝣ｴ蜷医∵ｭ｣隕丞喧縺励※豈碑ｼ・竊・undefined[32m 1[2mms[22m[39m
 [32m笨・[39m src/sharepoint/diagnosticsReports.spec.ts[2m > [22mshouldResetNotified[2m > [22m繧ｨ繝・ず繧ｱ繝ｼ繧ｹ・咾hoice 繝輔ぅ繝ｼ繝ｫ繝牙ｽ｢蠑・[2m > [22mOverall 縺悟､峨ｏ縺｣縺滂ｼ域枚蟄怜・ 竊・{ Value: "..." }・・竊・false[32m 1[2mms[22m[39m
 [32m笨・[39m src/sharepoint/diagnosticsReports.spec.ts[2m > [22mshouldResetNotified[2m > [22m隍・粋繧ｱ繝ｼ繧ｹ・夊､・焚繝輔ぅ繝ｼ繝ｫ繝峨′蜷梧凾縺ｫ螟峨ｏ縺｣縺・[2m > [22mOverall 縺ｨ TopIssue 縺御ｸ｡譁ｹ螟峨ｏ縺｣縺・pass竊断ail) 竊・Notified = false[32m 1[2mms[22m[39m
 [32m笨・[39m src/sharepoint/diagnosticsReports.spec.ts[2m > [22mshouldResetNotified[2m > [22m隍・粋繧ｱ繝ｼ繧ｹ・夊､・焚繝輔ぅ繝ｼ繝ｫ繝峨′蜷梧凾縺ｫ螟峨ｏ縺｣縺・[2m > [22mTopIssue 縺ｨ SummaryText 縺御ｸ｡譁ｹ螟峨ｏ縺｣縺・fail邯咏ｶ・ 竊・Notified = false[32m 1[2mms[22m[39m
 [32m笨・[39m src/sharepoint/diagnosticsReports.spec.ts[2m > [22mshouldResetNotified[2m > [22mNull / Undefined 螳牙・諤ｧ[2m > [22mprev 縺ｮ TopIssue 縺・undefined 縺ｮ蝣ｴ蜷医］ull 縺ｨ縺励※謇ｱ縺・竊・undefined[32m 1[2mms[22m[39m
 [32m笨・[39m src/sharepoint/diagnosticsReports.spec.ts[2m > [22mshouldResetNotified[2m > [22mNull / Undefined 螳牙・諤ｧ[2m > [22mnext 縺ｮ TopIssue 縺・undefined 縺ｮ蝣ｴ蜷医］ull 縺ｨ縺励※謇ｱ縺・竊・false[32m 1[2mms[22m[39m
 [32m笨・[39m src/features/ibd/core/__tests__/proactiveSPSAlerts.spec.ts[2m > [22mevaluateAlertLevel[2m > [22mreturns "ok" when no incidents[32m 4[2mms[22m[39m
 [32m笨・[39m src/features/ibd/core/__tests__/proactiveSPSAlerts.spec.ts[2m > [22mevaluateAlertLevel[2m > [22mreturns "ok" when below watch threshold[32m 1[2mms[22m[39m
 [32m笨・[39m src/features/ibd/core/__tests__/proactiveSPSAlerts.spec.ts[2m > [22mevaluateAlertLevel[2m > [22mreturns "watch" when incidents >= watchCount[32m 1[2mms[22m[39m
 [32m笨・[39m src/features/ibd/core/__tests__/proactiveSPSAlerts.spec.ts[2m > [22mevaluateAlertLevel[2m > [22mreturns "urgent" when incidents >= urgentCount[32m 1[2mms[22m[39m
 [32m笨・[39m src/features/ibd/core/__tests__/proactiveSPSAlerts.spec.ts[2m > [22mevaluateAlertLevel[2m > [22mreturns "urgent" when highIntensity >= urgentHighIntensityCount[32m 1[2mms[22m[39m
 [32m笨・[39m src/features/ibd/core/__tests__/proactiveSPSAlerts.spec.ts[2m > [22mevaluateAlertLevel[2m > [22mrespects custom thresholds[32m 1[2mms[22m[39m
 [32m笨・[39m src/features/ibd/core/__tests__/proactiveSPSAlerts.spec.ts[2m > [22mbuildAlertMessage[2m > [22mreturns empty string for "ok" level[32m 1[2mms[22m[39m
 [32m笨・[39m src/features/ibd/core/__tests__/proactiveSPSAlerts.spec.ts[2m > [22mbuildAlertMessage[2m > [22mgenerates urgent message with SPS info[32m 1[2mms[22m[39m
 [32m笨・[39m src/features/ibd/core/__tests__/proactiveSPSAlerts.spec.ts[2m > [22mbuildAlertMessage[2m > [22mgenerates watch message with SPS null[32m 1[2mms[22m[39m
 [32m笨・[39m src/features/ibd/core/__tests__/proactiveSPSAlerts.spec.ts[2m > [22mgenerateProactiveAlerts[2m > [22mfilters out ok-level users[32m 2[2mms[22m[39m
 [32m笨・[39m src/features/ibd/core/__tests__/proactiveSPSAlerts.spec.ts[2m > [22mgenerateProactiveAlerts[2m > [22mincludes urgent and watch users[32m 1[2mms[22m[39m
 [32m笨・[39m src/features/ibd/core/__tests__/proactiveSPSAlerts.spec.ts[2m > [22mgenerateProactiveAlerts[2m > [22msorts urgent before watch, then by incident count desc[32m 1[2mms[22m[39m
 [32m笨・[39m src/features/ibd/core/__tests__/proactiveSPSAlerts.spec.ts[2m > [22mgenerateProactiveAlerts[2m > [22mreturns empty array when no alerts[32m 1[2mms[22m[39m
 [32m笨・[39m src/features/ibd/core/__tests__/proactiveSPSAlerts.spec.ts[2m > [22mcountRecentIncidents[2m > [22mcounts incidents within lookback window[32m 1[2mms[22m[39m
 [32m笨・[39m src/features/ibd/core/__tests__/proactiveSPSAlerts.spec.ts[2m > [22mcountRecentIncidents[2m > [22mreturns zero for empty records[32m 1[2mms[22m[39m
 [32m笨・[39m src/features/ibd/core/__tests__/proactiveSPSAlerts.spec.ts[2m > [22mcountRecentIncidents[2m > [22mconsiders intensity threshold correctly[32m 0[2mms[22m[39m
 [32m笨・[39m src/features/recommendation/domain/__tests__/unifiedRecommendation.spec.ts[2m > [22mbuildUnifiedRecommendation[2m > [22mcriticalHandoffCount > 0 縺ｪ繧・critical-handoff 縺梧怙蜆ｪ蜈・[32m 4[2mms[22m[39m
 [32m笨・[39m src/features/recommendation/domain/__tests__/unifiedRecommendation.spec.ts[2m > [22mbuildUnifiedRecommendation[2m > [22m險倬鹸譛ｪ蜈･蜉帙・ missing-record (critical-handoff 縺後↑縺代ｌ縺ｰ)[32m 1[2mms[22m[39m
 [32m笨・[39m src/features/recommendation/domain/__tests__/unifiedRecommendation.spec.ts[2m > [22mbuildUnifiedRecommendation[2m > [22m險倬鹸譛ｪ蜈･蜉・+ 驥崎ｦ∫筏縺鈴√ｊ 竊・critical-handoff 縺悟━蜈・[32m 1[2mms[22m[39m
 [32m笨・[39m src/features/recommendation/domain/__tests__/unifiedRecommendation.spec.ts[2m > [22mbuildUnifiedRecommendation[2m > [22m蠑ｷ蠎ｦ陦悟虚髫懷ｮｳ蟇ｾ雎｡閠・・ high-intensity (莉悶↓邱頑･莠矩・′縺ｪ縺代ｌ縺ｰ)[32m 1[2mms[22m[39m
 [32m笨・[39m src/features/recommendation/domain/__tests__/unifiedRecommendation.spec.ts[2m > [22mbuildUnifiedRecommendation[2m > [22mtodaySnapshot urgency=high 竊・snapshot-urgent (莉悶↓邱頑･莠矩・′縺ｪ縺代ｌ縺ｰ)[32m 1[2mms[22m[39m
 [32m笨・[39m src/features/recommendation/domain/__tests__/unifiedRecommendation.spec.ts[2m > [22mbuildUnifiedRecommendation[2m > [22mISP 譛ｪ菴懈・ 竊・missing-plan (譛菴主━蜈・[32m 1[2mms[22m[39m
 [32m笨・[39m src/features/recommendation/domain/__tests__/unifiedRecommendation.spec.ts[2m > [22mbuildUnifiedRecommendation[2m > [22m縺吶∋縺ｦ蝠城｡後↑縺・竊・no-issues[32m 1[2mms[22m[39m
 [32m笨・[39m src/features/recommendation/domain/__tests__/unifiedRecommendation.spec.ts[2m > [22mbuildUnifiedRecommendation[2m > [22mheadline 縺ｨ suggestedAction 縺檎ｩｺ縺ｧ縺ｪ縺・[32m 1[2mms[22m[39m
 [32m笨・[39m src/features/recommendation/domain/__tests__/unifiedRecommendation.spec.ts[2m > [22mbuildUnifiedRecommendation[2m > [22mmissing-record 縺ｮ actionRoute 縺ｫ userId 縺悟性縺ｾ繧後ｋ[32m 1[2mms[22m[39m
 [32m笨・[39m src/features/recommendation/domain/__tests__/unifiedRecommendation.spec.ts[2m > [22mbuildUnifiedRecommendation[2m > [22mcritical-handoff 縺ｮ actionRoute 縺ｯ /handoff/timeline[32m 1[2mms[22m[39m
 [32m笨・[39m src/features/recommendation/domain/__tests__/unifiedRecommendation.spec.ts[2m > [22mbuildUnifiedRecommendation[2m > [22msecondaryNotes 縺ｯ譛螟ｧ 2 莉ｶ[32m 1[2mms[22m[39m
 [32m笨・[39m src/features/recommendation/domain/__tests__/unifiedRecommendation.spec.ts[2m > [22mbuildUnifiedRecommendation[2m > [22mprimary factor 縺ｯ secondaryNotes 縺ｫ蜷ｫ縺ｾ繧後↑縺・[32m 1[2mms[22m[39m
 [32m笨・[39m src/features/recommendation/domain/__tests__/unifiedRecommendation.spec.ts[2m > [22mbuildUnifiedRecommendation[2m > [22m蝠城｡後↑縺励・蝣ｴ蜷・secondaryNotes 縺ｯ遨ｺ[32m 2[2mms[22m[39m
 [32m笨・[39m src/features/recommendation/domain/__tests__/unifiedRecommendation.spec.ts[2m > [22mbuildUnifiedRecommendation[2m > [22mcontextAlerts 縺ｮ error alert 縺・factor 豎ｺ螳壹↓蟇・ｸ弱☆繧・(莉悶↓邱頑･莠矩・′縺ｪ縺代ｌ縺ｰ)[32m 1[2mms[22m[39m
 [32m笨・[39m src/features/recommendation/domain/__tests__/unifiedRecommendation.spec.ts[2m > [22mbuildUnifiedRecommendations[2m > [22m隍・焚蛻ｩ逕ｨ閠・・縺ｮ Map 繧定ｿ斐☆[32m 1[2mms[22m[39m
 [32m笨・[39m src/features/recommendation/domain/__tests__/unifiedRecommendation.spec.ts[2m > [22mbuildUnifiedRecommendations[2m > [22m遨ｺ驟榊・縺ｪ繧臥ｩｺ Map 繧定ｿ斐☆[32m 1[2mms[22m[39m
 [32m笨・[39m tests/unit/icebergToIntervention.spec.ts[2m > [22micebergToInterventionDrafts[2m > [22m繝弱・繝峨ｂ繝ｪ繝ｳ繧ｯ繧ゅ↑縺・ｴ蜷・竊・遨ｺ驟榊・[32m 5[2mms[22m[39m
 [32m笨・[39m tests/unit/icebergToIntervention.spec.ts[2m > [22micebergToInterventionDrafts[2m > [22m陦悟虚繝弱・繝峨・縺ｿ・医Μ繝ｳ繧ｯ縺ｪ縺暦ｼ俄・ 遨ｺtriggerFactors縺ｮDraft[32m 4[2mms[22m[39m
 [32m笨・[39m tests/unit/icebergToIntervention.spec.ts[2m > [22micebergToInterventionDrafts[2m > [22m陦悟虚+隕∝屏縺後Μ繝ｳ繧ｯ縺輔ｌ縺ｦ縺・ｋ 竊・triggerFactors縺ｫ繝槭ャ繝斐Φ繧ｰ[32m 2[2mms[22m[39m
 [32m笨・[39m tests/unit/icebergToIntervention.spec.ts[2m > [22micebergToInterventionDrafts[2m > [22m隍・焚縺ｮ陦悟虚繝弱・繝・竊・陦悟虚縺斐→縺ｫ繧ｰ繝ｫ繝ｼ繝斐Φ繧ｰ縺輔ｌ縺櫂raft[32m 1[2mms[22m[39m
 [32m笨・[39m tests/unit/icebergToIntervention.spec.ts[2m > [22micebergToInterventionDrafts[2m > [22m隕∝屏縺ｮ縺ｿ繝弱・繝会ｼ郁｡悟虚縺ｪ縺暦ｼ俄・ 遨ｺ驟榊・[32m 1[2mms[22m[39m
 [32m笨・[39m tests/unit/icebergToIntervention.spec.ts[2m > [22micebergToInterventionDrafts[2m > [22m繝ｪ繝ｳ繧ｯ蜈医ヮ繝ｼ繝峨′蟄伜惠縺励↑縺・竊・繧ｹ繧ｭ繝・・縺輔ｌ繧・[32m 1[2mms[22m[39m
 [32m笨・[39m tests/unit/icebergToIntervention.spec.ts[2m > [22micebergToInterventionDrafts[2m > [22m驥崎､・Μ繝ｳ繧ｯ縺ｯ1縺､縺ｫ縺ｾ縺ｨ繧√ｉ繧後ｋ[32m 1[2mms[22m[39m
 [32m笨・[39m tests/unit/icebergToIntervention.spec.ts[2m > [22micebergToInterventionDrafts[2m > [22m騾・婿蜷代Μ繝ｳ繧ｯ・郁｡悟虚竊定ｦ∝屏・峨ｂ豁｣縺励￥蜃ｦ逅・＆繧後ｋ[32m 1[2mms[22m[39m
 [32m笨・[39m src/domain/isp/__tests__/reverseTrace.spec.ts[2m > [22mgetStrategyUsagesForAbcRecord[2m > [22mreturns empty summary when no evidence link maps exist[32m 6[2mms[22m[39m
 [32m笨・[39m src/domain/isp/__tests__/reverseTrace.spec.ts[2m > [22mgetStrategyUsagesForAbcRecord[2m > [22mreturns empty summary when ABC record is not referenced[32m 1[2mms[22m[39m
 [32m笨・[39m src/domain/isp/__tests__/reverseTrace.spec.ts[2m > [22mgetStrategyUsagesForAbcRecord[2m > [22mfinds single usage in one strategy[32m 3[2mms[22m[39m
 [32m笨・[39m src/domain/isp/__tests__/reverseTrace.spec.ts[2m > [22mgetStrategyUsagesForAbcRecord[2m > [22mfinds usages across multiple strategies in same sheet[32m 1[2mms[22m[39m
 [32m笨・[39m src/domain/isp/__tests__/reverseTrace.spec.ts[2m > [22mgetStrategyUsagesForAbcRecord[2m > [22mfinds usages across multiple sheets[32m 1[2mms[22m[39m
 [32m笨・[39m src/domain/isp/__tests__/reverseTrace.spec.ts[2m > [22mgetStrategyUsagesForAbcRecord[2m > [22mcounts duplicates within same strategy correctly[32m 1[2mms[22m[39m
 [32m笨・[39m src/domain/isp/__tests__/reverseTrace.spec.ts[2m > [22mgetStrategyUsagesForAbcRecord[2m > [22mignores PDCA links when searching for ABC[32m 1[2mms[22m[39m
 [32m笨・[39m src/domain/isp/__tests__/reverseTrace.spec.ts[2m > [22mgetStrategyUsagesForAbcRecord[2m > [22msorts usages by count descending[32m 1[2mms[22m[39m
 [32m笨・[39m src/domain/isp/__tests__/reverseTrace.spec.ts[2m > [22mgetStrategyUsagesForPdcaItem[2m > [22mreturns empty summary when no evidence link maps exist[32m 1[2mms[22m[39m
 [32m笨・[39m src/domain/isp/__tests__/reverseTrace.spec.ts[2m > [22mgetStrategyUsagesForPdcaItem[2m > [22mfinds PDCA usage across sheets[32m 1[2mms[22m[39m
 [32m笨・[39m src/domain/isp/__tests__/reverseTrace.spec.ts[2m > [22mgetStrategyUsagesForPdcaItem[2m > [22mignores ABC links when searching for PDCA[32m 1[2mms[22m[39m
 [32m笨・[39m src/domain/isp/__tests__/reverseTrace.spec.ts[2m > [22mSTRATEGY_LABELS[2m > [22mhas Japanese labels for all strategies[32m 1[2mms[22m[39m
 [32m笨・[39m tests/unit/env/env.schema.spec.ts[2m > [22menv.schema[2m > [22mparses defaults when no values provided[32m 7[2mms[22m[39m
 [32m笨・[39m tests/unit/env/env.schema.spec.ts[2m > [22menv.schema[2m > [22mcoerces strings to numbers and caches the result[32m 2[2mms[22m[39m
 [32m笨・[39m tests/unit/env/env.schema.spec.ts[2m > [22menv.schema[2m > [22mallows runtime overrides without mutating the cache[32m 2[2mms[22m[39m
 [32m笨・[39m tests/unit/env/env.schema.spec.ts[2m > [22menv.schema[2m > [22mrejects invalid values with descriptive errors[32m 4[2mms[22m[39m
 [32m笨・[39m tests/unit/env/env.schema.spec.ts[2m > [22menv.schema[2m > [22maccepts AAD alias keys by normalizing them to MSAL required keys[32m 2[2mms[22m[39m
 [32m笨・[39m tests/unit/env/env.schema.spec.ts[2m > [22menv.schema[2m > [22maccepts single-element array values for MSAL keys[32m 2[2mms[22m[39m
 [32m笨・[39m src/features/kokuhoren-csv/__tests__/serializer.spec.ts[2m > [22mserializeCell[2m > [22mstring kind[2m > [22mwraps value in double quotes[32m 4[2mms[22m[39m
 [32m笨・[39m src/features/kokuhoren-csv/__tests__/serializer.spec.ts[2m > [22mserializeCell[2m > [22mstring kind[2m > [22mescapes internal double quotes[32m 1[2mms[22m[39m
 [32m笨・[39m src/features/kokuhoren-csv/__tests__/serializer.spec.ts[2m > [22mserializeCell[2m > [22mstring kind[2m > [22mreturns empty for null[32m 1[2mms[22m[39m
 [32m笨・[39m src/features/kokuhoren-csv/__tests__/serializer.spec.ts[2m > [22mserializeCell[2m > [22mstring kind[2m > [22mreturns empty for undefined[32m 1[2mms[22m[39m
 [32m笨・[39m src/features/kokuhoren-csv/__tests__/serializer.spec.ts[2m > [22mserializeCell[2m > [22mstring kind[2m > [22mreturns empty for empty string[32m 1[2mms[22m[39m
 [32m笨・[39m src/features/kokuhoren-csv/__tests__/serializer.spec.ts[2m > [22mserializeCell[2m > [22mstring kind[2m > [22mconverts number to quoted string[32m 1[2mms[22m[39m
 [32m笨・[39m src/features/kokuhoren-csv/__tests__/serializer.spec.ts[2m > [22mserializeCell[2m > [22mnumber kind[2m > [22moutputs number without quotes[32m 1[2mms[22m[39m
 [32m笨・[39m src/features/kokuhoren-csv/__tests__/serializer.spec.ts[2m > [22mserializeCell[2m > [22mnumber kind[2m > [22moutputs string-encoded number without quotes[32m 1[2mms[22m[39m
 [32m笨・[39m src/features/kokuhoren-csv/__tests__/serializer.spec.ts[2m > [22mserializeCell[2m > [22mnumber kind[2m > [22mreturns empty for null[32m 1[2mms[22m[39m
 [32m笨・[39m src/features/kokuhoren-csv/__tests__/serializer.spec.ts[2m > [22mserializeCell[2m > [22mnumber kind[2m > [22mreturns empty for undefined[32m 1[2mms[22m[39m
 [32m笨・[39m src/features/kokuhoren-csv/__tests__/serializer.spec.ts[2m > [22mserializeCell[2m > [22mnumber kind[2m > [22mreturns empty for empty string[32m 1[2mms[22m[39m
 [32m笨・[39m src/features/kokuhoren-csv/__tests__/serializer.spec.ts[2m > [22mserializeCell[2m > [22mnumber kind[2m > [22mreturns empty for NaN string[32m 1[2mms[22m[39m
 [32m笨・[39m src/features/kokuhoren-csv/__tests__/serializer.spec.ts[2m > [22mserializeCell[2m > [22mnumber kind[2m > [22mhandles zero correctly[32m 1[2mms[22m[39m
 [32m笨・[39m src/features/kokuhoren-csv/__tests__/serializer.spec.ts[2m > [22mserializeCell[2m > [22mnumber kind[2m > [22mhandles negative numbers[32m 1[2mms[22m[39m
 [32m笨・[39m src/features/kokuhoren-csv/__tests__/serializer.spec.ts[2m > [22mserializeRow[2m > [22mserializes a full row with comma separation[32m 1[2mms[22m[39m
 [32m笨・[39m src/features/kokuhoren-csv/__tests__/serializer.spec.ts[2m > [22mserializeRow[2m > [22mhandles null values as empty cells[32m 1[2mms[22m[39m
 [32m笨・[39m src/features/kokuhoren-csv/__tests__/serializer.spec.ts[2m > [22mserializeRow[2m > [22mhandles missing keys as empty cells[32m 1[2mms[22m[39m
 [32m笨・[39m src/features/kokuhoren-csv/__tests__/serializer.spec.ts[2m > [22mserializeRows[2m > [22mjoins rows with CRLF and adds trailing CRLF[32m 1[2mms[22m[39m
 [32m笨・[39m src/features/kokuhoren-csv/__tests__/serializer.spec.ts[2m > [22mserializeRows[2m > [22mreturns empty string for empty array[32m 1[2mms[22m[39m
 [32m笨・[39m src/features/kokuhoren-csv/__tests__/serializer.spec.ts[2m > [22mserializeRows[2m > [22mhandles single row with trailing CRLF[32m 1[2mms[22m[39m
 [32m笨・[39m src/features/handoff/domain/groupHandoffsByUser.spec.ts[2m > [22mgroupHandoffsByUser[2m > [22m遨ｺ驟榊・縺ｫ蟇ｾ縺励※遨ｺ驟榊・繧定ｿ斐☆[32m 6[2mms[22m[39m
 [32m笨・[39m src/features/handoff/domain/groupHandoffsByUser.spec.ts[2m > [22mgroupHandoffsByUser[2m > [22m繝ｬ繧ｳ繝ｼ繝峨ｒ蛻ｩ逕ｨ閠・＃縺ｨ縺ｫ繧ｰ繝ｫ繝ｼ繝怜喧縺吶ｋ[32m 4[2mms[22m[39m
 [32m笨・[39m src/features/handoff/domain/groupHandoffsByUser.spec.ts[2m > [22mgroupHandoffsByUser[2m > [22m蜷・げ繝ｫ繝ｼ繝励・譛譁ｰ繝｡繝・そ繝ｼ繧ｸ繝ｻ謚慕ｨｿ閠・・譎ょ綾縺梧ｭ｣縺励＞[32m 1[2mms[22m[39m
 [32m笨・[39m src/features/handoff/domain/groupHandoffsByUser.spec.ts[2m > [22mgroupHandoffsByUser[2m > [22mtotalCount 縺梧ｭ｣縺励＞[32m 1[2mms[22m[39m
 [32m笨・[39m src/features/handoff/domain/groupHandoffsByUser.spec.ts[2m > [22mgroupHandoffsByUser[2m > [22m驥崎ｦ√げ繝ｫ繝ｼ繝励′隕∵ｳｨ諢上げ繝ｫ繝ｼ繝励ｈ繧雁・縺ｫ繧ｽ繝ｼ繝医＆繧後ｋ[32m 1[2mms[22m[39m
 [32m笨・[39m src/features/handoff/domain/groupHandoffsByUser.spec.ts[2m > [22mgroupHandoffsByUser[2m > [22m隕∵ｳｨ諢上げ繝ｫ繝ｼ繝励′騾壼ｸｸ繧ｰ繝ｫ繝ｼ繝励ｈ繧雁・縺ｫ繧ｽ繝ｼ繝医＆繧後ｋ[32m 1[2mms[22m[39m
 [32m笨・[39m src/features/handoff/domain/groupHandoffsByUser.spec.ts[2m > [22mgroupHandoffsByUser[2m > [22m蜷御ｸ驥崎ｦ∝ｺｦ縺ｧ縺ｯ譛譁ｰ謚慕ｨｿ縺後≠繧句茜逕ｨ閠・′蜈医↓繧ｽ繝ｼ繝医＆繧後ｋ[32m 1[2mms[22m[39m
 [32m笨・[39m src/features/handoff/domain/groupHandoffsByUser.spec.ts[2m > [22mgroupHandoffsByUser[2m > [22m繝｡繧ｿ繝・・繧ｿ谺謳肴凾縺ｫ螳牙ｮ壹＠縺溘ヵ繧ｩ繝ｼ繝ｫ繝舌ャ繧ｯ繧定ｿ斐☆[32m 1[2mms[22m[39m
 [32m笨・[39m src/features/handoff/domain/groupHandoffsByUser.spec.ts[2m > [22mgroupHandoffsByUser[2m > [22m繧ｰ繝ｫ繝ｼ繝怜・ records 縺ｯ譛譁ｰ鬆・〒荳ｦ縺ｶ[32m 1[2mms[22m[39m
 [32m笨・[39m src/features/handoff/domain/groupHandoffsByUser.spec.ts[2m > [22mgroupHandoffsByUser[2m > [22mhasImportant / hasCaution 縺梧ｭ｣縺励￥蛻､螳壹＆繧後ｋ[32m 1[2mms[22m[39m
 [32m笨・[39m src/features/handoff/domain/groupHandoffsByUser.spec.ts[2m > [22mgroupHandoffsByUser[2m > [22m豺ｷ蜷・severity 縺後≠繧句ｴ蜷医・ highestSeverity 縺梧ｭ｣縺励＞[32m 1[2mms[22m[39m
 [32m笨・[39m src/features/handoff/domain/groupHandoffsByUser.spec.ts[2m > [22mgroupHandoffsByUser[2m > [22m驥崎ｦ√Ξ繧ｳ繝ｼ繝峨′縺ゅｋ繧ｰ繝ｫ繝ｼ繝励′譛譁ｰ謚慕ｨｿ縺ｧ雋縺代※縺・※繧ょ・縺ｫ繧ｽ繝ｼ繝医＆繧後ｋ[32m 1[2mms[22m[39m
 [32m笨・[39m src/features/today/actions/alertActions.logger.spec.ts[2m > [22mclassifyStorageError[2m > [22mclassifies QuotaExceededError as persist_failed_quota[32m 5[2mms[22m[39m
 [32m笨・[39m src/features/today/actions/alertActions.logger.spec.ts[2m > [22mclassifyStorageError[2m > [22mclassifies SyntaxError as persist_failed_parse[32m 1[2mms[22m[39m
 [32m笨・[39m src/features/today/actions/alertActions.logger.spec.ts[2m > [22mclassifyStorageError[2m > [22mclassifies unknown errors as persist_failed_unknown[32m 1[2mms[22m[39m
 [32m笨・[39m src/features/today/actions/alertActions.logger.spec.ts[2m > [22mclassifyStorageError[2m > [22mdistinguishes DOMException without QuotaExceededError name[32m 1[2mms[22m[39m
 [32m笨・[39m src/features/today/actions/alertActions.logger.spec.ts[2m > [22mlogBriefingAction[2m > [22mcalls auditLog.info with correct event structure[32m 5[2mms[22m[39m
 [32m笨・[39m src/features/today/actions/alertActions.logger.spec.ts[2m > [22mlogBriefingAction[2m > [22mdoes NOT include userName (PII guard)[32m 2[2mms[22m[39m
 [32m笨・[39m src/features/today/actions/alertActions.logger.spec.ts[2m > [22mlogBriefingActionError[2m > [22mcalls auditLog.error and persistentLogger.error[32m 2[2mms[22m[39m
 [32m笨・[39m src/features/today/actions/alertActions.logger.spec.ts[2m > [22mlogBriefingActionError[2m > [22mincludes error class in persisted error message[32m 1[2mms[22m[39m
 [32m笨・[39m src/features/today/actions/alertActions.logger.spec.ts[2m > [22mlogBriefingActionError[2m > [22mdoes NOT include PII in error event[32m 1[2mms[22m[39m
 [32m笨・[39m src/features/telemetry/domain/__tests__/computeAlertPersistence.spec.ts[2m > [22mcomputeAlertPersistence[2m > [22mcurrent 縺ｮ縺ｿ縺ｫ蟄伜惠縺吶ｋ繧｢繝ｩ繝ｼ繝医・ new[32m 6[2mms[22m[39m
 [32m笨・[39m src/features/telemetry/domain/__tests__/computeAlertPersistence.spec.ts[2m > [22mcomputeAlertPersistence[2m > [22mcurrent + previous 荳｡譁ｹ縺ｫ蟄伜惠縺怜､縺悟酔縺・竊・ongoing[32m 1[2mms[22m[39m
 [32m笨・[39m src/features/telemetry/domain/__tests__/computeAlertPersistence.spec.ts[2m > [22mcomputeAlertPersistence[2m > [22mlow 邉ｻ: 蛟､縺御ｸ翫′繧・竊・improving[32m 1[2mms[22m[39m
 [32m笨・[39m src/features/telemetry/domain/__tests__/computeAlertPersistence.spec.ts[2m > [22mcomputeAlertPersistence[2m > [22mlow 邉ｻ: 蛟､縺御ｸ九′繧・竊・worsening[32m 1[2mms[22m[39m
 [32m笨・[39m src/features/telemetry/domain/__tests__/computeAlertPersistence.spec.ts[2m > [22mcomputeAlertPersistence[2m > [22mhigh 邉ｻ: 蛟､縺御ｸ九′繧・竊・improving[32m 1[2mms[22m[39m
 [32m笨・[39m src/features/telemetry/domain/__tests__/computeAlertPersistence.spec.ts[2m > [22mcomputeAlertPersistence[2m > [22mhigh 邉ｻ: 蛟､縺御ｸ翫′繧・竊・worsening[32m 1[2mms[22m[39m
 [32m笨・[39m src/features/telemetry/domain/__tests__/computeAlertPersistence.spec.ts[2m > [22mcomputeAlertPersistence[2m > [22malertKey 縺・role 縺斐→縺ｫ蛻・°繧後ｋ[32m 1[2mms[22m[39m
 [32m笨・[39m src/features/telemetry/domain/__tests__/computeAlertPersistence.spec.ts[2m > [22mcomputeAlertPersistence[2m > [22mprevious 縺ｪ縺励〒繧ょｮ牙・縺ｫ蜍輔￥[32m 1[2mms[22m[39m
 [32m笨・[39m src/features/telemetry/domain/__tests__/computeAlertPersistence.spec.ts[2m > [22mcomputeAlertPersistence[2m > [22mcurrent 縺檎ｩｺ縺ｪ繧臥ｩｺ驟榊・繧定ｿ斐☆[32m 2[2mms[22m[39m
 [32m笨・[39m src/features/telemetry/domain/__tests__/computeAlertPersistence.spec.ts[2m > [22mcomputeAlertPersistence[2m > [22mfirstSeenAt 縺ｯ蜑肴悄髢薙↓蟄伜惠縺吶ｋ蝣ｴ蜷・previousPeriodStart 繧定ｨｭ螳壹☆繧・[32m 1[2mms[22m[39m
 [32m笨・[39m src/features/telemetry/domain/__tests__/computeAlertPersistence.spec.ts[2m > [22mformatPersistenceDuration[2m > [22m1莉･荳・竊・莉頑悄縺ｮ縺ｿ[32m 1[2mms[22m[39m
 [32m笨・[39m src/features/telemetry/domain/__tests__/computeAlertPersistence.spec.ts[2m > [22mformatPersistenceDuration[2m > [22m2莉･荳・竊・N譛滄俣邯咏ｶ・[32m 1[2mms[22m[39m
 [32m笨・[39m src/features/telemetry/domain/__tests__/computeAlertPersistence.spec.ts[2m > [22mformatWorseningStreak[2m > [22m0莉･荳・竊・null[32m 1[2mms[22m[39m
 [32m笨・[39m src/features/telemetry/domain/__tests__/computeAlertPersistence.spec.ts[2m > [22mformatWorseningStreak[2m > [22m1莉･荳・竊・N譛滄俣騾｣邯壽が蛹・[32m 1[2mms[22m[39m
[90mstdout[2m | tests/unit/auth.msalConfig.branches.spec.ts[2m > [22m[2mmsalConfig fallbacks[2m > [22m[2muses provided config values and runtime origin redirect
[22m[39m[MSAL ENV] Validated successfully

[90mstdout[2m | tests/unit/auth.msalConfig.branches.spec.ts[2m > [22m[2mmsalConfig fallbacks[2m > [22m[2mfalls back to dummy values and localhost redirect when window is absent
[22m[39m[MSAL ENV] Validated successfully

[90mstdout[2m | tests/unit/auth.msalConfig.branches.spec.ts[2m > [22m[2mmsalConfig fallbacks[2m > [22m[2mnormalizes legacy /callback env redirect to /auth/callback
[22m[39m[MSAL ENV] Validated successfully

 [32m笨・[39m tests/unit/auth.msalConfig.branches.spec.ts[2m > [22mmsalConfig fallbacks[2m > [22muses provided config values and runtime origin redirect[32m 12[2mms[22m[39m
 [32m笨・[39m tests/unit/auth.msalConfig.branches.spec.ts[2m > [22mmsalConfig fallbacks[2m > [22mfalls back to dummy values and localhost redirect when window is absent[32m 4[2mms[22m[39m
 [32m笨・[39m tests/unit/auth.msalConfig.branches.spec.ts[2m > [22mmsalConfig fallbacks[2m > [22mnormalizes legacy /callback env redirect to /auth/callback[32m 4[2mms[22m[39m
 [32m笨・[39m src/hydration/__tests__/features.spec.ts[2m > [22mhydration/features[2m > [22mexposes feature span metadata with feature: prefix[32m 6[2mms[22m[39m
 [32m笨・[39m src/hydration/__tests__/features.spec.ts[2m > [22mhydration/features[2m > [22mstarts and completes spans via helper[32m 2[2mms[22m[39m
 [32m笨・[39m src/hydration/__tests__/features.spec.ts[2m > [22mhydration/features[2m > [22mmaintains unique IDs across registry[32m 1[2mms[22m[39m
 [32m笨・[39m src/hydration/__tests__/features.spec.ts[2m > [22mHYDRATION_FEATURES registry (table coverage)[2m > [22mexposes a non-empty registry tree[32m 1[2mms[22m[39m
 [32m笨・[39m src/hydration/__tests__/features.spec.ts[2m > [22mHYDRATION_FEATURES registry (table coverage)[2m > [22mensures every feature span id uses the "feature:" namespace[32m 1[2mms[22m[39m
 [32m笨・[39m src/hydration/__tests__/features.spec.ts[2m > [22mHYDRATION_FEATURES registry (table coverage)[2m > [22mensures feature span ids are unique and labeled[32m 2[2mms[22m[39m
 [32m笨・[39m src/hydration/__tests__/features.spec.ts[2m > [22mHYDRATION_FEATURES registry (table coverage)[2m > [22menforces positive budgets within guard rails[32m 2[2mms[22m[39m
 [32m笨・[39m src/hydration/__tests__/features.spec.ts[2m > [22mHYDRATION_FEATURES registry (table coverage)[2m > [22mcontains feature groups for support-plan, IRC, dashboard, meeting, and schedules[32m 1[2mms[22m[39m
 [32m笨・[39m src/hydration/__tests__/features.spec.ts[2m > [22mHYDRATION_FEATURES registry (table coverage)[2m > [22mproduces stable table-like entries from the tree structure[32m 3[2mms[22m[39m
[90mstdout[2m | tests/unit/infra/SharePointBehaviorRepository.planSlotKey.spec.ts
[22m[39m[MSAL ENV] Validated successfully

[90mstdout[2m | src/data/pdfOutputLog/__tests__/pdfOutputLogRepository.spec.ts[2m > [22m[2mpdfOutputLogRepository[2m > [22m[2mlog[2m > [22m[2mcreates a list item with correct payload
[22m[39m[PdfOutputLog] 笨・Logged: monthly-report_U001_2026-03 (ID: 99)

[90mstdout[2m | src/data/pdfOutputLog/__tests__/pdfOutputLogRepository.spec.ts[2m > [22m[2mpdfOutputLogRepository[2m > [22m[2mlog[2m > [22m[2mincludes optional fields when provided
[22m[39m[PdfOutputLog] 笨・Logged: billing_U002_2026-02 (ID: 100)

 [32m笨・[39m src/data/pdfOutputLog/__tests__/pdfOutputLogRepository.spec.ts[2m > [22mpdfOutputLogRepository[2m > [22mmapRowToEntry[2m > [22mmaps SP row to domain entry[32m 5[2mms[22m[39m
 [32m笨・[39m src/data/pdfOutputLog/__tests__/pdfOutputLogRepository.spec.ts[2m > [22mpdfOutputLogRepository[2m > [22mlog[2m > [22mcreates a list item with correct payload[32m 7[2mms[22m[39m
 [32m笨・[39m src/data/pdfOutputLog/__tests__/pdfOutputLogRepository.spec.ts[2m > [22mpdfOutputLogRepository[2m > [22mlog[2m > [22mincludes optional fields when provided[32m 2[2mms[22m[39m
 [32m笨・[39m src/data/pdfOutputLog/__tests__/pdfOutputLogRepository.spec.ts[2m > [22mpdfOutputLogRepository[2m > [22mgetByPeriod[2m > [22mqueries with correct filter[32m 2[2mms[22m[39m
 [32m笨・[39m src/data/pdfOutputLog/__tests__/pdfOutputLogRepository.spec.ts[2m > [22mpdfOutputLogRepository[2m > [22mgetByUser[2m > [22mqueries with user filter and default top[32m 2[2mms[22m[39m
 [32m笨・[39m src/data/pdfOutputLog/__tests__/pdfOutputLogRepository.spec.ts[2m > [22mpdfOutputLogRepository[2m > [22mgetByUser[2m > [22mrespects custom top parameter[32m 2[2mms[22m[39m
 [32m笨・[39m src/features/telemetry/domain/__tests__/computeCtaKpiDiff.spec.ts[2m > [22mcomputeCtaKpiDiff[2m > [22mdiff calculation[2m > [22mHero蛻ｩ逕ｨ邇・′荳翫′縺｣縺溷ｴ蜷・竊・繧定ｿ斐☆[32m 5[2mms[22m[39m
 [32m笨・[39m src/features/telemetry/domain/__tests__/computeCtaKpiDiff.spec.ts[2m > [22mcomputeCtaKpiDiff[2m > [22mdiff calculation[2m > [22mQueue蛻ｩ逕ｨ邇・′荳九′縺｣縺溷ｴ蜷・竊・繧定ｿ斐☆[32m 1[2mms[22m[39m
 [32m笨・[39m src/features/telemetry/domain/__tests__/computeCtaKpiDiff.spec.ts[2m > [22mcomputeCtaKpiDiff[2m > [22mdiff calculation[2m > [22m螟牙喧縺ｪ縺励・蝣ｴ蜷・flat 縺ｨ ﾂｱ0% 繧定ｿ斐☆[32m 1[2mms[22m[39m
 [32m笨・[39m src/features/telemetry/domain/__tests__/computeCtaKpiDiff.spec.ts[2m > [22mcomputeCtaKpiDiff[2m > [22mdiff calculation[2m > [22mCTA邱乗焚縺ｮ蟾ｮ蛻・・謨ｰ蛟､・磯撼繝代・繧ｻ繝ｳ繝・・繧ｸ・峨〒霑斐☆[32m 1[2mms[22m[39m
 [32m笨・[39m src/features/telemetry/domain/__tests__/computeCtaKpiDiff.spec.ts[2m > [22mcomputeCtaKpiDiff[2m > [22mdiff calculation[2m > [22m螳御ｺ・紫縺ｮ蟾ｮ蛻・ｒ豁｣縺励￥險育ｮ励☆繧・[32m 1[2mms[22m[39m
 [32m笨・[39m src/features/telemetry/domain/__tests__/computeCtaKpiDiff.spec.ts[2m > [22mcomputeCtaKpiDiff[2m > [22mdiff calculation[2m > [22mprevious 縺・null 縺ｮ蝣ｴ蜷医∝燕譛滄俣 0 縺ｨ縺励※險育ｮ励☆繧・[32m 1[2mms[22m[39m
 [32m笨・[39m src/features/telemetry/domain/__tests__/computeCtaKpiDiff.spec.ts[2m > [22mcomputeCtaKpiDiff[2m > [22malerts[2m > [22mHero蛻ｩ逕ｨ邇・′髢ｾ蛟､繧剃ｸ句屓繧九→warning繧定ｿ斐☆[32m 1[2mms[22m[39m
 [32m笨・[39m src/features/telemetry/domain/__tests__/computeCtaKpiDiff.spec.ts[2m > [22mcomputeCtaKpiDiff[2m > [22malerts[2m > [22mQueue蛻ｩ逕ｨ邇・′髢ｾ蛟､繧定ｶ・∴繧九→warning繧定ｿ斐☆[32m 1[2mms[22m[39m
 [32m笨・[39m src/features/telemetry/domain/__tests__/computeCtaKpiDiff.spec.ts[2m > [22mcomputeCtaKpiDiff[2m > [22malerts[2m > [22m螳御ｺ・紫縺碁明蛟､繧剃ｸ句屓繧九→critical繧定ｿ斐☆[32m 1[2mms[22m[39m
 [32m笨・[39m src/features/telemetry/domain/__tests__/computeCtaKpiDiff.spec.ts[2m > [22mcomputeCtaKpiDiff[2m > [22malerts[2m > [22mLanding竊辰TA霆｢謠帷紫縺御ｽ弱＞縺ｨwarning繧定ｿ斐☆[32m 1[2mms[22m[39m
 [32m笨・[39m src/features/telemetry/domain/__tests__/computeCtaKpiDiff.spec.ts[2m > [22mcomputeCtaKpiDiff[2m > [22malerts[2m > [22m蜈ｨ謖・ｨ吶′髢ｾ蛟､繧呈ｺ縺溘＠縺ｦ縺・ｌ縺ｰ繧｢繝ｩ繝ｼ繝医↑縺・[32m 2[2mms[22m[39m
 [32m笨・[39m src/features/telemetry/domain/__tests__/computeCtaKpiDiff.spec.ts[2m > [22mcomputeCtaKpiDiff[2m > [22malerts[2m > [22mCTA繝・・繧ｿ縺後↑縺・ｴ蜷医・繧｢繝ｩ繝ｼ繝医ｒ蜃ｺ縺輔↑縺・[32m 1[2mms[22m[39m
 [32m笨・[39m src/features/telemetry/domain/__tests__/computeCtaKpiDiff.spec.ts[2m > [22mcomputeCtaKpiDiff[2m > [22malerts[2m > [22m繧ｫ繧ｹ繧ｿ繝髢ｾ蛟､繧貞女縺台ｻ倥￠繧・[32m 1[2mms[22m[39m
 [32m笨・[39m src/features/telemetry/domain/__tests__/computeCtaKpiDiff.spec.ts[2m > [22mcomputeCtaKpiDiff[2m > [22malerts[2m > [22mLanding謨ｰ縺・譛ｪ貅縺ｮ縺ｨ縺垢TA霆｢謠帷紫繧｢繝ｩ繝ｼ繝医・蜃ｺ縺輔↑縺・ｼ医し繝ｳ繝励Ν荳崎ｶｳ・・[32m 1[2mms[22m[39m
 [32m笨・[39m src/features/telemetry/domain/__tests__/generateIssueDraft.spec.ts[2m > [22mgenerateIssueDraft[2m > [22mtitle 縺ｨ labels 繧・PlaybookEntry 縺九ｉ蜿門ｾ・[32m 6[2mms[22m[39m
 [32m笨・[39m src/features/telemetry/domain/__tests__/generateIssueDraft.spec.ts[2m > [22mgenerateIssueDraft[2m > [22mbody 縺ｫ謖・ｨ吝､縺ｨ髢ｾ蛟､縺悟性縺ｾ繧後ｋ[32m 1[2mms[22m[39m
 [32m笨・[39m src/features/telemetry/domain/__tests__/generateIssueDraft.spec.ts[2m > [22mgenerateIssueDraft[2m > [22mbody 縺ｫ諠ｳ螳壼次蝗縺悟性縺ｾ繧後ｋ[32m 1[2mms[22m[39m
 [32m笨・[39m src/features/telemetry/domain/__tests__/generateIssueDraft.spec.ts[2m > [22mgenerateIssueDraft[2m > [22mbody 縺ｫ遒ｺ隱阪・繧､繝ｳ繝医′繝√ぉ繝・け繝ｪ繧ｹ繝亥ｽ｢蠑上〒蜷ｫ縺ｾ繧後ｋ[32m 1[2mms[22m[39m
 [32m笨・[39m src/features/telemetry/domain/__tests__/generateIssueDraft.spec.ts[2m > [22mgenerateIssueDraft[2m > [22mbody 縺ｫ髢｢騾｣逕ｻ髱｢縺ｮ繝代せ縺悟性縺ｾ繧後ｋ[32m 1[2mms[22m[39m
 [32m笨・[39m src/features/telemetry/domain/__tests__/generateIssueDraft.spec.ts[2m > [22mgenerateIssueDraft[2m > [22mcritical 縺ｮ蝣ｴ蜷医・ 閥 emoji 縺悟性縺ｾ繧後ｋ[32m 1[2mms[22m[39m
 [32m笨・[39m src/features/telemetry/domain/__tests__/generateIssueDraft.spec.ts[2m > [22mgenerateIssueDraft[2m > [22mwarning 縺ｮ蝣ｴ蜷医・ 泯 emoji 縺悟性縺ｾ繧後ｋ[32m 1[2mms[22m[39m
 [32m笨・[39m src/features/telemetry/domain/__tests__/generateIssueDraft.spec.ts[2m > [22mgenerateIssueDraft[2m > [22mbody 縺ｫ繧｢繝ｩ繝ｼ繝医・ message 縺悟性縺ｾ繧後ｋ[32m 1[2mms[22m[39m
 [32m笨・[39m src/features/telemetry/domain/__tests__/generateIssueDraft.spec.ts[2m > [22mgenerateIssueDraft[2m > [22mmetadata 縺ｫ alertId, severity, currentValue, threshold 縺悟性縺ｾ繧後ｋ[32m 1[2mms[22m[39m
 [32m笨・[39m src/features/telemetry/domain/__tests__/generateIssueDraft.spec.ts[2m > [22mgenerateIssueDraft[2m > [22mrole 莉倥″ alertId 縺九ｉ metadata.role 繧呈耳螳壹☆繧・[32m 1[2mms[22m[39m
 [32m笨・[39m src/features/telemetry/domain/__tests__/generateIssueDraft.spec.ts[2m > [22mgenerateIssueDraft[2m > [22mrole 縺ｪ縺・alertId 縺ｧ縺ｯ metadata.role 縺・undefined[32m 1[2mms[22m[39m
 [32m笨・[39m src/features/telemetry/domain/__tests__/generateIssueDraft.spec.ts[2m > [22mgenerateIssueDraft[2m > [22mpersistenceInfo 縺ゅｊ 竊・body 縺ｫ迥ｶ諷区ュ蝣ｱ繧ｻ繧ｯ繧ｷ繝ｧ繝ｳ縺悟性縺ｾ繧後ｋ[32m 1[2mms[22m[39m
 [32m笨・[39m src/features/telemetry/domain/__tests__/generateIssueDraft.spec.ts[2m > [22mgenerateIssueDraft[2m > [22mpersistenceInfo 縺ゅｊ 竊・metadata 縺ｫ state/consecutivePeriods/worseningStreak[32m 1[2mms[22m[39m
 [32m笨・[39m src/features/telemetry/domain/__tests__/generateIssueDraft.spec.ts[2m > [22mgenerateIssueDraft[2m > [22mpersistenceInfo 縺ｪ縺・竊・body 縺ｫ迥ｶ諷九そ繧ｯ繧ｷ繝ｧ繝ｳ縺ｪ縺・& metadata.state undefined[32m 1[2mms[22m[39m
 [32m笨・[39m src/features/callLogs/domain/__tests__/groupCallLogsByPriority.spec.ts[2m > [22mgroupCallLogsByPriority[2m > [22mshould return empty array for empty input[32m 6[2mms[22m[39m
 [32m笨・[39m src/features/callLogs/domain/__tests__/groupCallLogsByPriority.spec.ts[2m > [22mgroupCallLogsByPriority[2m > [22mshould return empty array when all logs are done[32m 1[2mms[22m[39m
 [32m笨・[39m src/features/callLogs/domain/__tests__/groupCallLogsByPriority.spec.ts[2m > [22mgroupCallLogsByPriority[2m > [22mshould group overdue logs correctly[32m 3[2mms[22m[39m
 [32m笨・[39m src/features/callLogs/domain/__tests__/groupCallLogsByPriority.spec.ts[2m > [22mgroupCallLogsByPriority[2m > [22mshould group due-soon logs correctly[32m 2[2mms[22m[39m
 [32m笨・[39m src/features/callLogs/domain/__tests__/groupCallLogsByPriority.spec.ts[2m > [22mgroupCallLogsByPriority[2m > [22mshould group open (no due) logs correctly[32m 1[2mms[22m[39m
 [32m笨・[39m src/features/callLogs/domain/__tests__/groupCallLogsByPriority.spec.ts[2m > [22mgroupCallLogsByPriority[2m > [22mshould order groups: overdue 竊・due-soon 竊・open[32m 1[2mms[22m[39m
 [32m笨・[39m src/features/callLogs/domain/__tests__/groupCallLogsByPriority.spec.ts[2m > [22mgroupCallLogsByPriority[2m > [22mshould omit empty groups[32m 1[2mms[22m[39m
 [32m笨・[39m src/features/callLogs/domain/__tests__/groupCallLogsByPriority.spec.ts[2m > [22mgroupCallLogsByPriority[2m > [22mshould sort overdue logs by oldest due first[32m 1[2mms[22m[39m
 [32m笨・[39m src/features/callLogs/domain/__tests__/groupCallLogsByPriority.spec.ts[2m > [22mgroupCallLogsByPriority[2m > [22mshould sort due-soon logs by nearest due first[32m 1[2mms[22m[39m
 [32m笨・[39m src/features/callLogs/domain/__tests__/groupCallLogsByPriority.spec.ts[2m > [22mgroupCallLogsByPriority[2m > [22mshould sort open logs by urgency desc then receivedAt desc[32m 1[2mms[22m[39m
 [32m笨・[39m src/features/callLogs/domain/__tests__/groupCallLogsByPriority.spec.ts[2m > [22mgroupCallLogsByPriority[2m > [22mshould skip done logs entirely[32m 1[2mms[22m[39m
 [32m笨・[39m src/features/callLogs/domain/__tests__/groupCallLogsByPriority.spec.ts[2m > [22mgroupCallLogsByPriority[2m > [22mshould put callback_pending without due into open group[32m 1[2mms[22m[39m
 [32m笨・[39m src/features/daily/domain/__tests__/behaviorTag.spec.ts[2m > [22mbehaviorTag[2m > [22mBEHAVIOR_TAGS 繝槭せ繧ｿ[2m > [22m12蛟九・繧ｿ繧ｰ縺悟ｮ夂ｾｩ縺輔ｌ縺ｦ縺・ｋ[32m 6[2mms[22m[39m
 [32m笨・[39m src/features/daily/domain/__tests__/behaviorTag.spec.ts[2m > [22mbehaviorTag[2m > [22mBEHAVIOR_TAGS 繝槭せ繧ｿ[2m > [22m蜈ｨ繧ｿ繧ｰ縺ｫ label 縺ｨ category 縺悟ｭ伜惠縺吶ｋ[32m 4[2mms[22m[39m
 [32m笨・[39m src/features/daily/domain/__tests__/behaviorTag.spec.ts[2m > [22mbehaviorTag[2m > [22mBEHAVIOR_TAGS 繝槭せ繧ｿ[2m > [22m蝠城｡瑚｡悟虚繝√ャ繝励→驥崎､・☆繧九く繝ｼ縺悟性縺ｾ繧後※縺・↑縺・[32m 2[2mms[22m[39m
 [32m笨・[39m src/features/daily/domain/__tests__/behaviorTag.spec.ts[2m > [22mbehaviorTag[2m > [22mBEHAVIOR_TAG_CATEGORIES[2m > [22m4繧ｫ繝・ざ繝ｪ縺悟ｮ夂ｾｩ縺輔ｌ縺ｦ縺・ｋ[32m 1[2mms[22m[39m
 [32m笨・[39m src/features/daily/domain/__tests__/behaviorTag.spec.ts[2m > [22mbehaviorTag[2m > [22mBEHAVIOR_TAG_CATEGORIES[2m > [22m蜈ｨ繧ｫ繝・ざ繝ｪ縺ｫ譌･譛ｬ隱槭Λ繝吶Ν縺後≠繧・[32m 1[2mms[22m[39m
 [32m笨・[39m src/features/daily/domain/__tests__/behaviorTag.spec.ts[2m > [22mbehaviorTag[2m > [22mBEHAVIOR_TAG_CATEGORY_ORDER[2m > [22m4繧ｫ繝・ざ繝ｪ縺梧ｭ｣縺励＞鬆・ｺ上〒荳ｦ繧薙〒縺・ｋ[32m 2[2mms[22m[39m
 [32m笨・[39m src/features/daily/domain/__tests__/behaviorTag.spec.ts[2m > [22mbehaviorTag[2m > [22mgetTagsByCategory[2m > [22mbehavior 繧ｫ繝・ざ繝ｪ縺ｮ繧ｿ繧ｰ繧定ｿ斐☆[32m 1[2mms[22m[39m
 [32m笨・[39m src/features/daily/domain/__tests__/behaviorTag.spec.ts[2m > [22mbehaviorTag[2m > [22mgetTagsByCategory[2m > [22mcommunication 繧ｫ繝・ざ繝ｪ縺ｮ繧ｿ繧ｰ繧定ｿ斐☆[32m 1[2mms[22m[39m
 [32m笨・[39m src/features/daily/domain/__tests__/behaviorTag.spec.ts[2m > [22mbehaviorTag[2m > [22mgetTagsByCategory[2m > [22mdailyLiving 繧ｫ繝・ざ繝ｪ縺ｮ繧ｿ繧ｰ繧定ｿ斐☆[32m 1[2mms[22m[39m
 [32m笨・[39m src/features/daily/domain/__tests__/behaviorTag.spec.ts[2m > [22mbehaviorTag[2m > [22mgetTagsByCategory[2m > [22mpositive 繧ｫ繝・ざ繝ｪ縺ｮ繧ｿ繧ｰ繧定ｿ斐☆[32m 1[2mms[22m[39m
 [32m笨・[39m src/features/daily/domain/__tests__/behaviorTag.spec.ts[2m > [22mbehaviorTag[2m > [22mgetTagsByCategory[2m > [22m蜈ｨ繧ｫ繝・ざ繝ｪ縺ｮ繧ｿ繧ｰ繧貞粋險医☆繧九→蜈ｨ繧ｿ繧ｰ謨ｰ縺ｨ荳閾ｴ縺吶ｋ[32m 1[2mms[22m[39m
 [32m笨・[39m src/features/daily/domain/__tests__/behaviorTag.spec.ts[2m > [22mbehaviorTag[2m > [22mgetTagLabel[2m > [22m蜈ｨ繧ｭ繝ｼ縺ｫ蟇ｾ縺励※繝ｩ繝吶Ν繧定ｿ斐☆[32m 1[2mms[22m[39m
 [32m笨・[39m src/features/daily/domain/__tests__/behaviorTag.spec.ts[2m > [22mbehaviorTag[2m > [22mgetTagLabel[2m > [22m蛟句挨縺ｮ繝ｩ繝吶Ν縺梧ｭ｣縺励＞[32m 1[2mms[22m[39m
 [32m笨・[39m src/features/daily/domain/__tests__/behaviorTag.spec.ts[2m > [22mbehaviorTag[2m > [22mgetTagCategoryLabel[2m > [22m繧ｿ繧ｰ繧ｭ繝ｼ縺九ｉ繧ｫ繝・ざ繝ｪ縺ｮ陦ｨ遉ｺ蜷阪ｒ霑斐☆[32m 1[2mms[22m[39m
 [32m笨・[39m src/features/handoff/domain/__tests__/groupHandoffsByPriority.spec.ts[2m > [22mgroupHandoffsByPriority[2m > [22m遨ｺ驟榊・ 竊・[][32m 5[2mms[22m[39m
 [32m笨・[39m src/features/handoff/domain/__tests__/groupHandoffsByPriority.spec.ts[2m > [22mgroupHandoffsByPriority[2m > [22mnull 竊・[][32m 1[2mms[22m[39m
 [32m笨・[39m src/features/handoff/domain/__tests__/groupHandoffsByPriority.spec.ts[2m > [22mgroupHandoffsByPriority[2m > [22m蜈ｨ莉ｶ蟇ｾ蠢懈ｸ・竊・[][32m 1[2mms[22m[39m
 [32m笨・[39m src/features/handoff/domain/__tests__/groupHandoffsByPriority.spec.ts[2m > [22mgroupHandoffsByPriority[2m > [22m驥崎ｦ・隕∵ｳｨ諢・騾壼ｸｸ縺梧ｷｷ蝨ｨ 竊・3繧ｰ繝ｫ繝ｼ繝暦ｼ磯㍾隕≫・隕∵ｳｨ諢鞘・騾壼ｸｸ縺ｮ鬆・ｼ・[32m 2[2mms[22m[39m
 [32m笨・[39m src/features/handoff/domain/__tests__/groupHandoffsByPriority.spec.ts[2m > [22mgroupHandoffsByPriority[2m > [22m1繧ｰ繝ｫ繝ｼ繝励・縺ｿ 竊・縺昴・繧ｰ繝ｫ繝ｼ繝励□縺・[32m 1[2mms[22m[39m
 [32m笨・[39m src/features/handoff/domain/__tests__/groupHandoffsByPriority.spec.ts[2m > [22mgroupHandoffsByPriority[2m > [22mexcludeId 縺ｧ Hero 陦ｨ遉ｺ荳ｭ縺ｮ1莉ｶ繧帝勁螟・[32m 1[2mms[22m[39m
 [32m笨・[39m src/features/handoff/domain/__tests__/groupHandoffsByPriority.spec.ts[2m > [22mgroupHandoffsByPriority[2m > [22m蟇ｾ蠢應ｸｭ繧ょ性縺ｾ繧後ｋ[32m 1[2mms[22m[39m
 [32m笨・[39m src/features/handoff/domain/__tests__/groupHandoffsByPriority.spec.ts[2m > [22mgroupHandoffsByPriority[2m > [22m蜷・げ繝ｫ繝ｼ繝怜・縺ｯ createdAt 譏・・[32m 1[2mms[22m[39m
 [32m笨・[39m src/features/handoff/domain/__tests__/groupHandoffsByPriority.spec.ts[2m > [22mgroupHandoffsByPriority[2m > [22mexcludeId 縺悟ｭ伜惠縺励↑縺・ID 縺ｧ繧ょｮ牙・[32m 1[2mms[22m[39m
 [32m笨・[39m src/features/handoff/domain/__tests__/groupHandoffsByPriority.spec.ts[2m > [22mgetActionableCount[2m > [22m遨ｺ驟榊・ 竊・0[32m 1[2mms[22m[39m
 [32m笨・[39m src/features/handoff/domain/__tests__/groupHandoffsByPriority.spec.ts[2m > [22mgetActionableCount[2m > [22m譛ｪ蟇ｾ蠢・+ 蟇ｾ蠢應ｸｭ縺ｮ莉ｶ謨ｰ繧定ｿ斐☆[32m 1[2mms[22m[39m
 [32m笨・[39m src/features/handoff/domain/__tests__/groupHandoffsByPriority.spec.ts[2m > [22mgetActionableCount[2m > [22mexcludeId 繧帝勁螟悶＠縺滉ｻｶ謨ｰ繧定ｿ斐☆[32m 1[2mms[22m[39m
[90mstdout[2m | src/features/attendance/infra/Legacy/__tests__/attendanceDailyRepository.spec.ts
[22m[39m[MSAL ENV] Validated successfully

 [32m笨・[39m src/features/exceptions/__tests__/groupExceptionsByParent.test.ts[2m > [22mgroupExceptionsByParent[2m > [22mparentId 縺ｮ縺ｪ縺・い繧､繝・Β縺ｯ standalone 縺ｨ縺励※謇ｱ縺・[32m 8[2mms[22m[39m
 [32m笨・[39m src/features/exceptions/__tests__/groupExceptionsByParent.test.ts[2m > [22mgroupExceptionsByParent[2m > [22mparentId 繧呈戟縺､繧｢繧､繝・Β縺ｮ隕ｪ繧・parent縲∝ｭ舌ｒ child 縺ｨ縺励※讒矩蛹悶☆繧・[32m 2[2mms[22m[39m
 [32m笨・[39m src/features/exceptions/__tests__/groupExceptionsByParent.test.ts[2m > [22mgroupExceptionsByParent[2m > [22m隕ｪ縺ｮ highestChildSeverity 縺悟ｭ舌・譛鬮・severity 繧貞渚譏縺吶ｋ[32m 1[2mms[22m[39m
 [32m笨・[39m src/features/exceptions/__tests__/groupExceptionsByParent.test.ts[2m > [22mgroupExceptionsByParent[2m > [22m隕ｪ縺後＞縺ｪ縺・orphan 蟄舌・ standalone 縺ｨ縺励※謇ｱ縺・[32m 1[2mms[22m[39m
 [32m笨・[39m src/features/exceptions/__tests__/groupExceptionsByParent.test.ts[2m > [22mgroupExceptionsByParent[2m > [22m豺ｷ蝨ｨ縺吶ｋ隕ｪ蟄・+ standalone 繧呈ｭ｣縺励￥荳ｦ縺ｹ繧・[32m 1[2mms[22m[39m
 [32m笨・[39m src/features/exceptions/__tests__/groupExceptionsByParent.test.ts[2m > [22mgroupExceptionsByParent[2m > [22m蟄舌′0莉ｶ縺ｮ蝣ｴ蜷医・ standalone 縺ｨ縺励※謇ｱ縺・[32m 1[2mms[22m[39m
 [32m笨・[39m src/features/exceptions/__tests__/groupExceptionsByParent.test.ts[2m > [22mgetInitialExpandedParents[2m > [22mcritical 縺ｮ蟄舌′縺・ｋ隕ｪ繧貞ｱ暮幕縺吶ｋ[32m 1[2mms[22m[39m
 [32m笨・[39m src/features/exceptions/__tests__/groupExceptionsByParent.test.ts[2m > [22mgetInitialExpandedParents[2m > [22mhigh 縺ｮ蟄舌′縺・ｋ隕ｪ繧貞ｱ暮幕縺吶ｋ[32m 1[2mms[22m[39m
 [32m笨・[39m src/features/exceptions/__tests__/groupExceptionsByParent.test.ts[2m > [22mgetInitialExpandedParents[2m > [22mmedium/low 縺ｮ縺ｿ縺ｮ隕ｪ縺ｯ謚倥ｊ縺溘◆繧[32m 1[2mms[22m[39m
 [32m笨・[39m src/features/exceptions/__tests__/groupExceptionsByParent.test.ts[2m > [22mgetInitialExpandedParents[2m > [22m隍・焚縺ｮ隕ｪ縺後≠繧句ｴ蜷医∵擅莉ｶ縺ｫ蜷医≧繧ゅ・縺ｮ縺ｿ螻暮幕縺吶ｋ[32m 1[2mms[22m[39m
 [32m笨・[39m tests/unit/infra/SharePointBehaviorRepository.planSlotKey.spec.ts[2m > [22mSharePointBehaviorRepository planSlotKey mapping[2m > [22mparses Observation JSON meta into top-level domain fields on listByUser[32m 9[2mms[22m[39m
 [32m笨・[39m tests/unit/infra/SharePointBehaviorRepository.planSlotKey.spec.ts[2m > [22mSharePointBehaviorRepository planSlotKey mapping[2m > [22mprefers normalized columns over Observation meta on listByUser[32m 3[2mms[22m[39m
 [32m笨・[39m tests/unit/infra/SharePointBehaviorRepository.planSlotKey.spec.ts[2m > [22mSharePointBehaviorRepository planSlotKey mapping[2m > [22mpreserves planSlotKey metadata after add even when create response is sparse[32m 3[2mms[22m[39m
 [32m笨・[39m tests/unit/infra/SharePointBehaviorRepository.planSlotKey.spec.ts[2m > [22mSharePointBehaviorRepository planSlotKey mapping[2m > [22mrejects add when timeSlot exists without planSlotKey[32m 3[2mms[22m[39m
 [32m笨・[39m src/domain/support/__tests__/buildIncidentCreateInput.spec.ts[2m > [22mbuildIncidentCreateInput[2m > [22mDraft + User 竊・UserSnapshot 莉倥″ HighRiskIncident 繧堤函謌舌☆繧・[32m 7[2mms[22m[39m
 [32m笨・[39m src/domain/support/__tests__/buildIncidentCreateInput.spec.ts[2m > [22mbuildIncidentCreateInput[2m > [22mUserSnapshot 縺ｫ繝輔Ν螻樊ｧ・域髪謠ｴ蛹ｺ蛻・・驥榊ｺｦ繝輔Λ繧ｰ遲会ｼ峨′蜷ｫ縺ｾ繧後ｋ[32m 2[2mms[22m[39m
 [32m笨・[39m src/domain/support/__tests__/buildIncidentCreateInput.spec.ts[2m > [22mbuildIncidentCreateInput[2m > [22msnapshotAt 縺・ISO 8601 蠖｢蠑上〒險倬鹸縺輔ｌ繧・[32m 2[2mms[22m[39m
 [32m笨・[39m src/domain/support/__tests__/buildIncidentCreateInput.spec.ts[2m > [22mbuildIncidentCreateInput[2m > [22mDraft 縺ｮ繝輔ぅ繝ｼ繝ｫ繝峨′豁｣縺励￥ HighRiskIncident 縺ｫ繝槭ャ繝斐Φ繧ｰ縺輔ｌ繧・[32m 2[2mms[22m[39m
 [32m笨・[39m src/domain/support/__tests__/buildIncidentCreateInput.spec.ts[2m > [22mbuildIncidentCreateInput[2m > [22mtargetUser 縺・null 縺ｮ蝣ｴ蜷・IncidentUserNotResolvedError 繧呈兜縺偵ｋ[32m 4[2mms[22m[39m
 [32m笨・[39m src/domain/support/__tests__/buildIncidentCreateInput.spec.ts[2m > [22mbuildIncidentCreateInput[2m > [22mtargetUser 縺・undefined 縺ｮ蝣ｴ蜷・IncidentUserNotResolvedError 繧呈兜縺偵ｋ[32m 1[2mms[22m[39m
 [32m笨・[39m src/domain/support/__tests__/buildIncidentCreateInput.spec.ts[2m > [22mbuildIncidentCreateInput[2m > [22mUserSnapshot 縺ｯ繝槭せ繧ｿ螟画峩縺ｮ蠖ｱ髻ｿ繧貞女縺代↑縺・ｸ榊､峨さ繝斐・縺ｧ縺ゅｋ[32m 1[2mms[22m[39m
 [32m笨・[39m src/domain/support/__tests__/buildIncidentCreateInput.spec.ts[2m > [22mbuildIncidentCreateInput[2m > [22m譛蟆城剞縺ｮ螻樊ｧ縺励°縺ｪ縺・user 縺ｧ繧・snapshot 縺檎函謌舌＆繧後ｋ[32m 1[2mms[22m[39m
 [32m笨・[39m src/domain/support/__tests__/buildIncidentCreateInput.spec.ts[2m > [22mIncidentUserNotResolvedError[2m > [22m豁｣縺励＞繧ｨ繝ｩ繝ｼ讒矩繧呈戟縺､[32m 2[2mms[22m[39m
[90mstdout[2m | tests/unit/daily/daily.repositoryFactory.spec.ts[2m > [22m[2mDaily repositoryFactory[2m > [22m[2mSharePoint path[2m > [22m[2mreturns SharePoint repo when forceKind=sharepoint with acquireToken
[22m[39m[DataProvider] Active backend: sharepoint
[DataProvider] Active backend: sharepoint

 [32m笨・[39m tests/unit/daily/daily.repositoryFactory.spec.ts[2m > [22mDaily repositoryFactory[2m > [22mdemo/InMemory path[2m > [22mreturns InMemory when isDev=true[32m 5[2mms[22m[39m
 [32m笨・[39m tests/unit/daily/daily.repositoryFactory.spec.ts[2m > [22mDaily repositoryFactory[2m > [22mdemo/InMemory path[2m > [22mreturns InMemory when demo mode enabled[32m 1[2mms[22m[39m
 [32m笨・[39m tests/unit/daily/daily.repositoryFactory.spec.ts[2m > [22mDaily repositoryFactory[2m > [22mdemo/InMemory path[2m > [22mreturns InMemory when skipLogin[32m 1[2mms[22m[39m
 [32m笨・[39m tests/unit/daily/daily.repositoryFactory.spec.ts[2m > [22mDaily repositoryFactory[2m > [22mdemo/InMemory path[2m > [22mreturns InMemory when no SPFx context[32m 1[2mms[22m[39m
 [32m笨・[39m tests/unit/daily/daily.repositoryFactory.spec.ts[2m > [22mDaily repositoryFactory[2m > [22mdemo/InMemory path[2m > [22mreturns InMemory when test mode[32m 1[2mms[22m[39m
 [32m笨・[39m tests/unit/daily/daily.repositoryFactory.spec.ts[2m > [22mDaily repositoryFactory[2m > [22mSharePoint path[2m > [22mreturns SharePoint repo when forceKind=sharepoint with acquireToken[32m 7[2mms[22m[39m
 [32m笨・[39m tests/unit/daily/daily.repositoryFactory.spec.ts[2m > [22mDaily repositoryFactory[2m > [22mSharePoint path[2m > [22mthrows when forceKind=sharepoint without acquireToken[32m 2[2mms[22m[39m
 [32m笨・[39m tests/unit/daily/daily.repositoryFactory.spec.ts[2m > [22mDaily repositoryFactory[2m > [22mcaching[2m > [22mreturns cached instance on second call with same params[32m 1[2mms[22m[39m
 [32m笨・[39m tests/unit/daily/daily.repositoryFactory.spec.ts[2m > [22mDaily repositoryFactory[2m > [22mcaching[2m > [22mreturns fresh instance after reset[32m 1[2mms[22m[39m
 [32m笨・[39m tests/unit/hashUtil.spec.ts[2m > [22mhashUtil canonicalization[2m > [22mcanonicalJSONStringify stable for different key orders[32m 5[2mms[22m[39m
 [32m笨・[39m tests/unit/hashUtil.spec.ts[2m > [22mhashUtil canonicalization[2m > [22mcanonicalJSONStringify replaces cycles and repeated references with null[32m 1[2mms[22m[39m
 [32m笨・[39m tests/unit/hashUtil.spec.ts[2m > [22mhashUtil canonicalization[2m > [22mcomputeEntryHash same for deep equal payload and different when field changes[32m 18[2mms[22m[39m
 [32m笨・[39m tests/unit/hashUtil.spec.ts[2m > [22mhashUtil canonicalization[2m > [22mcomputeEntryHash treats missing optional fields as empty strings[32m 3[2mms[22m[39m
 [32m笨・[39m src/features/dailyOps/data/__tests__/sharePointAdapter.spec.ts[2m > [22mbuildCompositeFilter[2m > [22mtime 縺・undefined 縺ｮ縺ｨ縺・[2m > [22mshould include null-check clause for the time field[32m 4[2mms[22m[39m
 [32m笨・[39m src/features/dailyOps/data/__tests__/sharePointAdapter.spec.ts[2m > [22mbuildCompositeFilter[2m > [22mtime 縺・undefined 縺ｮ縺ｨ縺・[2m > [22mshould not include an exact time eq clause when time is undefined[32m 1[2mms[22m[39m
 [32m笨・[39m src/features/dailyOps/data/__tests__/sharePointAdapter.spec.ts[2m > [22mbuildCompositeFilter[2m > [22mtime 縺悟､繧呈戟縺､縺ｨ縺・[2m > [22mshould include exact time eq clause[32m 1[2mms[22m[39m
 [32m笨・[39m src/features/dailyOps/data/__tests__/sharePointAdapter.spec.ts[2m > [22mbuildCompositeFilter[2m > [22mtime 縺悟､繧呈戟縺､縺ｨ縺・[2m > [22mshould not include null-check clause when time is provided[32m 1[2mms[22m[39m
 [32m笨・[39m src/features/dailyOps/data/__tests__/sharePointAdapter.spec.ts[2m > [22mbuildCompositeFilter[2m > [22mdate 縺ｮ豁｣隕丞喧[2m > [22mshould use iso date-only form in the filter even when DateTime is given[32m 1[2mms[22m[39m
 [32m笨・[39m src/features/dailyOps/data/__tests__/sharePointAdapter.spec.ts[2m > [22mbuildCompositeFilter[2m > [22m蜈ｨ譚｡莉ｶ縺・AND 縺ｧ邨仙粋縺輔ｌ繧・[2m > [22mshould contain all five clauses joined by " and "[32m 2[2mms[22m[39m
 [32m笨・[39m src/features/dailyOps/data/__tests__/sharePointAdapter.spec.ts[2m > [22mbuildCompositeFilter[2m > [22m蜈ｨ譚｡莉ｶ縺・AND 縺ｧ邨仙粋縺輔ｌ繧・[2m > [22mshould include date, targetType, targetId, kind in the filter[32m 1[2mms[22m[39m
 [32m笨・[39m src/features/dailyOps/data/__tests__/sharePointAdapter.spec.ts[2m > [22mtoIsoDateOnly[2m > [22mshould return date portion of a date-only string unchanged[32m 1[2mms[22m[39m
 [32m笨・[39m src/features/dailyOps/data/__tests__/sharePointAdapter.spec.ts[2m > [22mtoIsoDateOnly[2m > [22mshould strip time portion from ISO datetime string with timezone[32m 1[2mms[22m[39m
 [32m笨・[39m src/features/dailyOps/data/__tests__/sharePointAdapter.spec.ts[2m > [22mtoIsoDateOnly[2m > [22mshould strip time portion from datetime without timezone[32m 1[2mms[22m[39m
 [32m笨・[39m src/features/dailyOps/data/__tests__/sharePointAdapter.spec.ts[2m > [22mtoIsoDateOnly[2m > [22mshould return first 10 characters for any input[32m 1[2mms[22m[39m
 [32m笨・[39m src/features/dailyOps/data/__tests__/sharePointAdapter.spec.ts[2m > [22mmapFromSp[2m > [22mshould map basic SP item to DailyOpsSignal[32m 1[2mms[22m[39m
 [32m笨・[39m src/features/dailyOps/data/__tests__/sharePointAdapter.spec.ts[2m > [22mmapFromSp[2m > [22mshould default status to Active when status field is missing[32m 1[2mms[22m[39m
 [32m笨・[39m src/features/dailyOps/data/__tests__/sharePointAdapter.spec.ts[2m > [22mmapFromSp[2m > [22mshould default source to Other when source field is missing[32m 1[2mms[22m[39m
 [32m笨・[39m src/features/dailyOps/data/__tests__/sharePointAdapter.spec.ts[2m > [22mmapFromSp[2m > [22mshould set time when time field has a value[32m 1[2mms[22m[39m
 [32m笨・[39m src/features/dailyOps/data/__tests__/sharePointAdapter.spec.ts[2m > [22mmapFromSp[2m > [22mshould leave time undefined when time field is null[32m 1[2mms[22m[39m
 [32m笨・[39m src/features/dailyOps/data/__tests__/sharePointAdapter.spec.ts[2m > [22mmapFromSp[2m > [22mshould set summary when summary field has a value[32m 1[2mms[22m[39m
 [32m笨・[39m src/features/dailyOps/data/__tests__/sharePointAdapter.spec.ts[2m > [22mmapFromSp[2m > [22mshould map createdAt from Created field[32m 1[2mms[22m[39m
 [32m笨・[39m src/features/dailyOps/data/__tests__/sharePointAdapter.spec.ts[2m > [22mmapFromSp[2m > [22mshould return undefined createdAt when Created is absent[32m 1[2mms[22m[39m
 [32m笨・[39m src/features/dailyOps/data/__tests__/sharePointAdapter.spec.ts[2m > [22mmapFromSp[2m > [22mshould return undefined updatedAt when Modified is absent[32m 1[2mms[22m[39m
 [32m笨・[39m src/features/today/domain/buildSceneNextAction.spec.ts[2m > [22mbuildSceneNextAction[2m > [22mreturns attendance-alert action when pendingBriefings > 0 (critical)[32m 6[2mms[22m[39m
 [32m笨・[39m src/features/today/domain/buildSceneNextAction.spec.ts[2m > [22mbuildSceneNextAction[2m > [22mbriefing priority overrides scene-specific checks[32m 1[2mms[22m[39m
 [32m笨・[39m src/features/today/domain/buildSceneNextAction.spec.ts[2m > [22mbuildSceneNextAction[2m > [22mreturns attendance action during arrival-intake with pending attendance[32m 1[2mms[22m[39m
 [32m笨・[39m src/features/today/domain/buildSceneNextAction.spec.ts[2m > [22mbuildSceneNextAction[2m > [22mdoes NOT return attendance action in other scenes[32m 2[2mms[22m[39m
 [32m笨・[39m src/features/today/domain/buildSceneNextAction.spec.ts[2m > [22mbuildSceneNextAction[2m > [22mreturns quick-record action when pendingDailyRecords > 0[32m 1[2mms[22m[39m
 [32m笨・[39m src/features/today/domain/buildSceneNextAction.spec.ts[2m > [22mbuildSceneNextAction[2m > [22mreturns quick-record without userId when alertUsers is empty[32m 1[2mms[22m[39m
 [32m笨・[39m src/features/today/domain/buildSceneNextAction.spec.ts[2m > [22mbuildSceneNextAction[2m > [22mreturns low-priority user fallback when all clear[32m 2[2mms[22m[39m
 [32m笨・[39m src/features/today/domain/buildSceneNextAction.spec.ts[2m > [22mbuildSceneNextAction[2m > [22mreturns critical quick-record action during day-closing with pending records[32m 1[2mms[22m[39m
 [32m笨・[39m src/features/today/domain/buildSceneNextAction.spec.ts[2m > [22mbuildSceneNextAction[2m > [22mreturns critical quick-record without userId when alertUsers is empty during day-closing[32m 1[2mms[22m[39m
 [32m笨・[39m src/features/today/domain/buildSceneNextAction.spec.ts[2m > [22mbuildSceneNextAction[2m > [22mreturns celebration message during day-closing when all complete[32m 1[2mms[22m[39m
 [32m笨・[39m src/features/today/domain/buildSceneNextAction.spec.ts[2m > [22mbuildSceneNextAction[2m > [22mbriefing priority overrides day-closing specific checks[32m 1[2mms[22m[39m
 [32m笨・[39m src/features/today/domain/buildSceneNextAction.spec.ts[2m > [22mbuildSceneNextAction[2m > [22mpropagates scene to output[32m 1[2mms[22m[39m
 [32m笨・[39m src/features/operationFlow/__tests__/settingsToUiIntegration.spec.ts[2m > [22m險ｭ螳・竊・UI蜿肴丐: 邏皮ｲ矩未謨ｰ繝ｬ繧､繝､繝ｼ縺ｮ邨ｱ蜷医ユ繧ｹ繝・[2m > [22mTodayPhaseIndicator: 險ｭ螳壼､画峩縺ｮ蜿肴丐[2m > [22mDEFAULT: 09:20 竊・am-operation (騾壽園蜿怜・)[32m 5[2mms[22m[39m
 [32m笨・[39m src/features/operationFlow/__tests__/settingsToUiIntegration.spec.ts[2m > [22m險ｭ螳・竊・UI蜿肴丐: 邏皮ｲ矩未謨ｰ繝ｬ繧､繝､繝ｼ縺ｮ邨ｱ蜷医ユ繧ｹ繝・[2m > [22mTodayPhaseIndicator: 險ｭ螳壼､画峩縺ｮ蜿肴丐[2m > [22m繧ｫ繧ｹ繧ｿ繝: 譛昜ｼ壹ｒ10:00縺ｾ縺ｧ蟒ｶ髟ｷ 竊・09:20縺・morning-meeting 縺ｫ縺ｪ繧・[32m 2[2mms[22m[39m
 [32m笨・[39m src/features/operationFlow/__tests__/settingsToUiIntegration.spec.ts[2m > [22m險ｭ螳・竊・UI蜿肴丐: 邏皮ｲ矩未謨ｰ繝ｬ繧､繝､繝ｼ縺ｮ邨ｱ蜷医ユ繧ｹ繝・[2m > [22mTodayPhaseIndicator: 險ｭ螳壼､画峩縺ｮ蜿肴丐[2m > [22m繧ｫ繧ｹ繧ｿ繝: 蜊亥燕豢ｻ蜍輔・髢句ｧ九ｒ驕・ｉ縺帙ｋ縺ｨ09:30縺後∪縺騾壽園蜿怜・[32m 1[2mms[22m[39m
 [32m笨・[39m src/features/operationFlow/__tests__/settingsToUiIntegration.spec.ts[2m > [22m險ｭ螳・竊・UI蜿肴丐: 邏皮ｲ矩未謨ｰ繝ｬ繧､繝､繝ｼ縺ｮ邨ｱ蜷医ユ繧ｹ繝・[2m > [22mTodayPhaseIndicator: 險ｭ螳壼､画峩縺ｮ蜿肴丐[2m > [22m繧ｫ繧ｹ繧ｿ繝: primaryScreen 繧貞､峨∴繧九→ hint 縺ｫ蜿肴丐[32m 1[2mms[22m[39m
 [32m笨・[39m src/features/operationFlow/__tests__/settingsToUiIntegration.spec.ts[2m > [22m險ｭ螳・竊・UI蜿肴丐: 邏皮ｲ矩未謨ｰ繝ｬ繧､繝､繝ｼ縺ｮ邨ｱ蜷医ユ繧ｹ繝・[2m > [22mDailyPhaseHintBanner: 險ｭ螳壼､画峩縺ｮ蜿肴丐[2m > [22mDEFAULT: 09:00 竊・morning-meeting[32m 1[2mms[22m[39m
 [32m笨・[39m src/features/operationFlow/__tests__/settingsToUiIntegration.spec.ts[2m > [22m險ｭ螳・竊・UI蜿肴丐: 邏皮ｲ矩未謨ｰ繝ｬ繧､繝､繝ｼ縺ｮ邨ｱ蜷医ユ繧ｹ繝・[2m > [22mDailyPhaseHintBanner: 險ｭ螳壼､画峩縺ｮ蜿肴丐[2m > [22m繧ｫ繧ｹ繧ｿ繝: 譛昜ｼ壹ｒ8:45窶・:55縺ｫ遏ｭ邵ｮ 竊・09:00縺・arrival_intake (am-operation) 縺ｫ縺ｪ繧・[32m 2[2mms[22m[39m
 [32m笨・[39m src/features/operationFlow/__tests__/settingsToUiIntegration.spec.ts[2m > [22m險ｭ螳・竊・UI蜿肴丐: 邏皮ｲ矩未謨ｰ繝ｬ繧､繝､繝ｼ縺ｮ邨ｱ蜷医ユ繧ｹ繝・[2m > [22mDailyPhaseHintBanner: 險ｭ螳壼､画峩縺ｮ蜿肴丐[2m > [22m繧ｫ繧ｹ繧ｿ繝: 騾謇蟇ｾ蠢懊・譎る俣蟶ｯ繧貞燕蛟偵＠ 竊・15:00縺・evening-closing[32m 1[2mms[22m[39m
 [32m笨・[39m src/features/operationFlow/__tests__/settingsToUiIntegration.spec.ts[2m > [22m險ｭ螳・竊・UI蜿肴丐: 邏皮ｲ矩未謨ｰ繝ｬ繧､繝､繝ｼ縺ｮ邨ｱ蜷医ユ繧ｹ繝・[2m > [22m蛻晄悄蛟､繝ｪ繧ｻ繝・ヨ[2m > [22mRepository 縺ｧ saveAll 竊・resetToDefault 竊・getAll 縺・DEFAULT_PHASE_CONFIG 縺ｫ謌ｻ繧・[32m 1[2mms[22m[39m
 [32m笨・[39m src/features/operationFlow/__tests__/settingsToUiIntegration.spec.ts[2m > [22m險ｭ螳・竊・UI蜿肴丐: 邏皮ｲ矩未謨ｰ繝ｬ繧､繝､繝ｼ縺ｮ邨ｱ蜷医ユ繧ｹ繝・[2m > [22m蛻晄悄蛟､繝ｪ繧ｻ繝・ヨ[2m > [22m繝ｪ繧ｻ繝・ヨ蠕後↓ getTodayPhaseHint 縺悟・縺ｮ蛻､螳壹↓謌ｻ繧・[32m 1[2mms[22m[39m
 [32m笨・[39m src/features/operationFlow/__tests__/settingsToUiIntegration.spec.ts[2m > [22m險ｭ螳・竊・UI蜿肴丐: 邏皮ｲ矩未謨ｰ繝ｬ繧､繝､繝ｼ縺ｮ邨ｱ蜷医ユ繧ｹ繝・[2m > [22m繝輔か繝ｼ繝ｫ繝舌ャ繧ｯ[2m > [22m遨ｺ縺ｮ險ｭ螳夐・蛻励ｒ貂｡縺励※繧ら判髱｢縺悟｣翫ｌ縺ｪ縺・(DEFAULT 縺ｫ繝輔か繝ｼ繝ｫ繝舌ャ繧ｯ)[32m 1[2mms[22m[39m
 [32m笨・[39m src/features/operationFlow/__tests__/settingsToUiIntegration.spec.ts[2m > [22m險ｭ螳・竊・UI蜿肴丐: 邏皮ｲ矩未謨ｰ繝ｬ繧､繝､繝ｼ縺ｮ邨ｱ蜷医ユ繧ｹ繝・[2m > [22m繝輔か繝ｼ繝ｫ繝舌ャ繧ｯ[2m > [22mDailyPhaseHintBanner 繧らｩｺ險ｭ螳壹〒螢翫ｌ縺ｪ縺・[32m 1[2mms[22m[39m
 [32m笨・[39m src/features/operationFlow/__tests__/settingsToUiIntegration.spec.ts[2m > [22m險ｭ螳・竊・UI蜿肴丐: 邏皮ｲ矩未謨ｰ繝ｬ繧､繝､繝ｼ縺ｮ邨ｱ蜷医ユ繧ｹ繝・[2m > [22m繝輔か繝ｼ繝ｫ繝舌ャ繧ｯ[2m > [22mconfig 蠑墓焚縺ｪ縺励〒繧・DEFAULT_PHASE_CONFIG 縺ｧ蜍穂ｽ・[32m 1[2mms[22m[39m
 [32m笨・[39m src/features/attendance/infra/Legacy/__tests__/attendanceDailyRepository.spec.ts[2m > [22mattendanceDailyRepository[2m > [22mqueries by RecordDate without selecting legacy Key field[32m 9[2mms[22m[39m
 [32m笨・[39m src/features/attendance/infra/Legacy/__tests__/attendanceDailyRepository.spec.ts[2m > [22mattendanceDailyRepository[2m > [22mfalls back to legacy Key value when Title is missing[32m 3[2mms[22m[39m
 [32m笨・[39m src/features/attendance/infra/Legacy/__tests__/attendanceDailyRepository.spec.ts[2m > [22mattendanceDailyRepository[2m > [22mupserts using Title as key filter and payload key field[32m 8[2mms[22m[39m
 [32m笨・[39m src/features/attendance/infra/Legacy/__tests__/attendanceDailyRepository.spec.ts[2m > [22mattendanceDailyRepository[2m > [22mreturns empty list when required schema fields are not found[32m 3[2mms[22m[39m
 [32m笨・[39m tests/unit/config/serviceRecords.schema.spec.ts[2m > [22mconfig/serviceRecords[2m > [22mexposes immutable defaults via constants[32m 5[2mms[22m[39m
 [32m笨・[39m tests/unit/config/serviceRecords.schema.spec.ts[2m > [22mconfig/serviceRecords[2m > [22mderives configured values from env schema[32m 3[2mms[22m[39m
 [32m笨・[39m tests/unit/config/serviceRecords.schema.spec.ts[2m > [22mconfig/serviceRecords[2m > [22msupports per-call overrides without disturbing cached config[32m 2[2mms[22m[39m
 [32m笨・[39m tests/unit/config/serviceRecords.schema.spec.ts[2m > [22mconfig/serviceRecords[2m > [22msupports overrides for thresholds with proper calculations[32m 2[2mms[22m[39m
 [32m笨・[39m tests/unit/config/serviceRecords.schema.spec.ts[2m > [22mconfig/serviceRecords[2m > [22mvalidates env values and throws descriptive errors for invalid formats[32m 3[2mms[22m[39m
 [32m笨・[39m tests/unit/config/serviceRecords.schema.spec.ts[2m > [22mconfig/serviceRecords[2m > [22mhandles edge cases in time calculations[32m 2[2mms[22m[39m
 [32m笨・[39m src/features/daily/adapters/__tests__/spsToAbcOptions.spec.ts[2m > [22mgetDefaultSPSDrivenOptions[2m > [22mreturns default mood options[32m 5[2mms[22m[39m
 [32m笨・[39m src/features/daily/adapters/__tests__/spsToAbcOptions.spec.ts[2m > [22mgetDefaultSPSDrivenOptions[2m > [22mreturns default ABC options[32m 1[2mms[22m[39m
 [32m笨・[39m src/features/daily/adapters/__tests__/spsToAbcOptions.spec.ts[2m > [22mgetDefaultSPSDrivenOptions[2m > [22mreturns all 4 stage options[32m 3[2mms[22m[39m
 [32m笨・[39m src/features/daily/adapters/__tests__/spsToAbcOptions.spec.ts[2m > [22mgetDefaultSPSDrivenOptions[2m > [22mreturns empty categoryHints[32m 1[2mms[22m[39m
 [32m笨・[39m src/features/daily/adapters/__tests__/spsToAbcOptions.spec.ts[2m > [22mbuildSPSDrivenOptions[2m > [22mproduces mood options from positiveConditions + defaults[32m 3[2mms[22m[39m
 [32m笨・[39m src/features/daily/adapters/__tests__/spsToAbcOptions.spec.ts[2m > [22mbuildSPSDrivenOptions[2m > [22mproduces antecedent options from IcebergModel + COMMON_ANTECEDENT_TAGS[32m 1[2mms[22m[39m
 [32m笨・[39m src/features/daily/adapters/__tests__/spsToAbcOptions.spec.ts[2m > [22mbuildSPSDrivenOptions[2m > [22mproduces behavior options from manual personAction[32m 1[2mms[22m[39m
 [32m笨・[39m src/features/daily/adapters/__tests__/spsToAbcOptions.spec.ts[2m > [22mbuildSPSDrivenOptions[2m > [22mproduces consequence options from extractInterventionMethods[32m 1[2mms[22m[39m
 [32m笨・[39m src/features/daily/adapters/__tests__/spsToAbcOptions.spec.ts[2m > [22mbuildSPSDrivenOptions[2m > [22mfilters stageOptions to only stages present in manual[32m 1[2mms[22m[39m
 [32m笨・[39m src/features/daily/adapters/__tests__/spsToAbcOptions.spec.ts[2m > [22mbuildSPSDrivenOptions[2m > [22mextracts categoryHints from interventions[32m 1[2mms[22m[39m
 [32m笨・[39m src/features/daily/adapters/__tests__/spsToAbcOptions.spec.ts[2m > [22mbuildSPSDrivenOptions[2m > [22mfalls back to defaults when SPS has empty data[32m 1[2mms[22m[39m
 [32m笨・[39m src/features/daily/adapters/__tests__/spsToAbcOptions.spec.ts[2m > [22mbuildSPSDrivenOptions[2m > [22mdeduplicates all option arrays[32m 1[2mms[22m[39m
 [32m笨・[39m src/features/daily/adapters/__tests__/spsToAbcOptions.spec.ts[2m > [22mmergeOptionsWithDefaults[2m > [22mreturns full defaults when given empty partial[32m 1[2mms[22m[39m
 [32m笨・[39m src/features/daily/adapters/__tests__/spsToAbcOptions.spec.ts[2m > [22mmergeOptionsWithDefaults[2m > [22mpreserves custom mood options when provided[32m 1[2mms[22m[39m
 [32m笨・[39m src/features/daily/adapters/__tests__/spsToAbcOptions.spec.ts[2m > [22mmergeOptionsWithDefaults[2m > [22mpreserves partial abcOptions and fills missing with defaults[32m 1[2mms[22m[39m
 [32m笨・[39m src/features/dashboard/staffAvailability.test.ts[2m > [22mcalculateStaffAvailability[2m > [22mfree 迥ｶ諷九・蛻､螳・[2m > [22m莠亥ｮ壹′荳蛻・↑縺・・蜩｡縺ｯ free[32m 7[2mms[22m[39m
 [32m笨・[39m src/features/dashboard/staffAvailability.test.ts[2m > [22mcalculateStaffAvailability[2m > [22mfree 迥ｶ諷九・蛻､螳・[2m > [22m谺｡縺ｮ莠亥ｮ壹∪縺ｧ1譎る俣莉･荳翫≠繧句ｴ蜷医・ free[32m 1[2mms[22m[39m
 [32m笨・[39m src/features/dashboard/staffAvailability.test.ts[2m > [22mcalculateStaffAvailability[2m > [22mpartial 迥ｶ諷九・蛻､螳・[2m > [22m谺｡縺ｮ莠亥ｮ壹∪縺ｧ30-60蛻・・蝣ｴ蜷医・ partial[32m 1[2mms[22m[39m
 [32m笨・[39m src/features/dashboard/staffAvailability.test.ts[2m > [22mcalculateStaffAvailability[2m > [22mbusy 迥ｶ諷九・蛻､螳・[2m > [22m繧ｵ繝昴・繝亥ｽｹ縺ｨ縺励※1莉ｶ縺ｮ莠亥ｮ壹′縺ゅｋ蝣ｴ蜷医・ busy[32m 1[2mms[22m[39m
 [32m笨・[39m src/features/dashboard/staffAvailability.test.ts[2m > [22mcalculateStaffAvailability[2m > [22mbusy 迥ｶ諷九・蛻､螳・[2m > [22m谺｡縺ｮ莠亥ｮ壹∪縺ｧ30蛻・悴貅縺ｮ蝣ｴ蜷医・ busy[32m 1[2mms[22m[39m
 [32m笨・[39m src/features/dashboard/staffAvailability.test.ts[2m > [22mcalculateStaffAvailability[2m > [22moccupied 迥ｶ諷九・蛻､螳・[2m > [22m繝｡繧､繝ｳ諡・ｽ薙→縺励※莠亥ｮ壹′縺ゅｋ蝣ｴ蜷医・ occupied[32m 1[2mms[22m[39m
 [32m笨・[39m src/features/dashboard/staffAvailability.test.ts[2m > [22mcalculateStaffAvailability[2m > [22mfreeSlots 縺ｮ險育ｮ・[2m > [22m蜊亥燕縺ｨ蜊亥ｾ後↓莠亥ｮ壹′縺ゅｋ蝣ｴ蜷医∵仂莨代∩縺後ヵ繝ｪ繝ｼ繧ｹ繝ｭ繝・ヨ[32m 1[2mms[22m[39m
 [32m笨・[39m src/features/dashboard/staffAvailability.test.ts[2m > [22mcalculateStaffAvailability[2m > [22mfreeSlots 縺ｮ險育ｮ・[2m > [22m騾｣邯壹＠縺滉ｺ亥ｮ壹・蝣ｴ蜷医∫ｩｺ縺肴凾髢薙↑縺・[32m 1[2mms[22m[39m
 [32m笨・[39m src/features/dashboard/staffAvailability.test.ts[2m > [22mcalculateStaffAvailability[2m > [22mnextFreeTime 縺ｮ險育ｮ・[2m > [22m迴ｾ蝨ｨ莠亥ｮ壻ｸｭ縺ｮ蝣ｴ蜷医∽ｺ亥ｮ夂ｵゆｺ・凾蛻ｻ縺・nextFreeTime[32m 1[2mms[22m[39m
 [32m笨・[39m src/features/dashboard/staffAvailability.test.ts[2m > [22mcalculateStaffAvailability[2m > [22mnextFreeTime 縺ｮ險育ｮ・[2m > [22m縺吶∋縺ｦ縺ｮ莠亥ｮ壹′邨ゆｺ・＠縺ｦ縺・ｋ蝣ｴ蜷医∫樟蝨ｨ譎ょ綾縺・nextFreeTime[32m 1[2mms[22m[39m
 [32m笨・[39m src/features/dashboard/staffAvailability.test.ts[2m > [22mcalculateStaffAvailability[2m > [22m隍・焚閨ｷ蜩｡縺ｮ蜃ｦ逅・[2m > [22m3莠ｺ縺ｮ閨ｷ蜩｡縺ｮ縺・■縲・莠ｺ縺縺台ｺ亥ｮ壹′縺ゅｋ蝣ｴ蜷・[32m 1[2mms[22m[39m
 [32m笨・[39m src/features/support-plan-guide/infra/__tests__/InMemorySupportPlanDraftRepository.spec.ts[2m > [22mInMemorySupportPlanDraftRepository[2m > [22mseeds with one default draft[32m 6[2mms[22m[39m
 [32m笨・[39m src/features/support-plan-guide/infra/__tests__/InMemorySupportPlanDraftRepository.spec.ts[2m > [22mInMemorySupportPlanDraftRepository[2m > [22msaveDraft creates a new draft[32m 2[2mms[22m[39m
 [32m笨・[39m src/features/support-plan-guide/infra/__tests__/InMemorySupportPlanDraftRepository.spec.ts[2m > [22mInMemorySupportPlanDraftRepository[2m > [22msaveDraft updates an existing draft[32m 1[2mms[22m[39m
 [32m笨・[39m src/features/support-plan-guide/infra/__tests__/InMemorySupportPlanDraftRepository.spec.ts[2m > [22mInMemorySupportPlanDraftRepository[2m > [22mdeleteDraft removes a draft[32m 1[2mms[22m[39m
 [32m笨・[39m src/features/support-plan-guide/infra/__tests__/InMemorySupportPlanDraftRepository.spec.ts[2m > [22mInMemorySupportPlanDraftRepository[2m > [22mdeleteDraft is idempotent for non-existent IDs[32m 3[2mms[22m[39m
 [32m笨・[39m src/features/support-plan-guide/infra/__tests__/InMemorySupportPlanDraftRepository.spec.ts[2m > [22mInMemorySupportPlanDraftRepository[2m > [22mbulkSave adds multiple drafts[32m 2[2mms[22m[39m
 [32m笨・[39m src/features/support-plan-guide/infra/__tests__/InMemorySupportPlanDraftRepository.spec.ts[2m > [22mInMemorySupportPlanDraftRepository[2m > [22mlistDrafts filters by userCode[32m 1[2mms[22m[39m
 [32m笨・[39m src/features/support-plan-guide/infra/__tests__/InMemorySupportPlanDraftRepository.spec.ts[2m > [22mInMemorySupportPlanDraftRepository[2m > [22mlistDrafts returns sorted by createdAt[32m 1[2mms[22m[39m
 [32m笨・[39m src/features/support-plan-guide/infra/__tests__/InMemorySupportPlanDraftRepository.spec.ts[2m > [22mInMemorySupportPlanDraftRepository[2m > [22mclear removes all data[32m 1[2mms[22m[39m
[90mstdout[2m | tests/unit/schedules/schedules.repositoryFactory.spec.ts[2m > [22m[2mschedules repositoryFactory[2m > [22m[2mSharePoint path[2m > [22m[2mreturns SharePoint repo when forceKind=real with acquireToken
[22m[39m[DataProvider] Active backend: memory

 [32m笨・[39m tests/unit/schedules/schedules.repositoryFactory.spec.ts[2m > [22mschedules repositoryFactory[2m > [22mdemo/InMemory path[2m > [22mreturns InMemory when isDev is true[32m 5[2mms[22m[39m
 [32m笨・[39m tests/unit/schedules/schedules.repositoryFactory.spec.ts[2m > [22mschedules repositoryFactory[2m > [22mdemo/InMemory path[2m > [22mreturns InMemory when demo mode is enabled[32m 1[2mms[22m[39m
 [32m笨・[39m tests/unit/schedules/schedules.repositoryFactory.spec.ts[2m > [22mschedules repositoryFactory[2m > [22mdemo/InMemory path[2m > [22mreturns InMemory when skipLogin is true[32m 1[2mms[22m[39m
 [32m笨・[39m tests/unit/schedules/schedules.repositoryFactory.spec.ts[2m > [22mschedules repositoryFactory[2m > [22mdemo/InMemory path[2m > [22mreturns InMemory when no SPFx context (safe fallback)[32m 1[2mms[22m[39m
 [32m笨・[39m tests/unit/schedules/schedules.repositoryFactory.spec.ts[2m > [22mschedules repositoryFactory[2m > [22mdemo/InMemory path[2m > [22mreturns InMemory when test mode is enabled[32m 1[2mms[22m[39m
 [32m笨・[39m tests/unit/schedules/schedules.repositoryFactory.spec.ts[2m > [22mschedules repositoryFactory[2m > [22mSharePoint path[2m > [22mreturns SharePoint repo when forceKind=real with acquireToken[32m 7[2mms[22m[39m
 [32m笨・[39m tests/unit/schedules/schedules.repositoryFactory.spec.ts[2m > [22mschedules repositoryFactory[2m > [22mSharePoint path[2m > [22mthrows when forceKind=sharepoint without acquireToken[32m 2[2mms[22m[39m
 [32m笨・[39m tests/unit/schedules/schedules.repositoryFactory.spec.ts[2m > [22mschedules repositoryFactory[2m > [22mcaching[2m > [22mreturns same instance for repeated calls with no options[32m 1[2mms[22m[39m
 [32m笨・[39m tests/unit/schedules/schedules.repositoryFactory.spec.ts[2m > [22mschedules repositoryFactory[2m > [22mcaching[2m > [22mreturns fresh instance after resetScheduleRepository()[32m 1[2mms[22m[39m
[90mstdout[2m | tests/unit/spClient.batch.parse.spec.ts
[22m[39m[MSAL ENV] Validated successfully

 [32m笨・[39m tests/unit/env.parse.spec.ts[2m > [22menv parsing fallbacks[2m > [22mtreats various truthy/falsy feature toggle values consistently[32m 6[2mms[22m[39m
 [32m笨・[39m tests/unit/env.parse.spec.ts[2m > [22menv parsing fallbacks[2m > [22mparses numeric env values with safe fallbacks[32m 1[2mms[22m[39m
 [32m笨・[39m tests/unit/env.parse.spec.ts[2m > [22menv parsing fallbacks[2m > [22mnormalizes SharePoint resource and relative site paths[32m 1[2mms[22m[39m
 [32m笨・[39m tests/unit/env.parse.spec.ts[2m > [22menv parsing fallbacks[2m > [22mfilters login scopes to identity set and warns on extras[32m 5[2mms[22m[39m
 [32m笨・[39m tests/unit/env.parse.spec.ts[2m > [22menv parsing fallbacks[2m > [22mderives SharePoint default scope from skip-login placeholder[32m 1[2mms[22m[39m
 [32m笨・[39m tests/unit/env.parse.spec.ts[2m > [22menv parsing fallbacks[2m > [22mreuses SharePoint scope from configured MSAL scopes when missing[32m 1[2mms[22m[39m
 [32m笨・[39m tests/unit/env.parse.spec.ts[2m > [22menv parsing fallbacks[2m > [22mderives SharePoint scope from resource host when possible[32m 1[2mms[22m[39m
 [32m笨・[39m tests/unit/env.parse.spec.ts[2m > [22menv parsing fallbacks[2m > [22mreturns explicit SharePoint scope when valid and throws on invalid formats[32m 2[2mms[22m[39m
 [32m笨・[39m src/features/records/monthly/__tests__/aggregate.partial.spec.ts[2m > [22m驛ｨ蛻・・蜉帙・譛ｪ螳御ｺ・こ繝ｼ繧ｹ繝・せ繝・[2m > [22m螳悟・譛ｪ蜈･蜉帶怦 竊・蜈ｨ縺ｦemptyRows[32m 6[2mms[22m[39m
 [32m笨・[39m src/features/records/monthly/__tests__/aggregate.partial.spec.ts[2m > [22m驛ｨ蛻・・蜉帙・譛ｪ螳御ｺ・こ繝ｼ繧ｹ繝・せ繝・[2m > [22m髢句ｧ矩比ｸｭ譛・竊・譛医・15譌･縺九ｉ髢句ｧ・[32m 2[2mms[22m[39m
 [32m笨・[39m src/features/records/monthly/__tests__/aggregate.partial.spec.ts[2m > [22m驛ｨ蛻・・蜉帙・譛ｪ螳御ｺ・こ繝ｼ繧ｹ繝・せ繝・[2m > [22m譁ｭ邯夂噪險倬鹸 竊・鬟帙・鬟帙・縺ｮ譌･莉・[32m 1[2mms[22m[39m
 [32m笨・[39m src/features/records/monthly/__tests__/aggregate.partial.spec.ts[2m > [22m驛ｨ蛻・・蜉帙・譛ｪ螳御ｺ・こ繝ｼ繧ｹ繝・せ繝・[2m > [22m譛域忰霑ｽ縺・ｾｼ縺ｿ 竊・譛邨よ律縺ｫ髮・ｸｭ險倬鹸[32m 1[2mms[22m[39m
 [32m笨・[39m src/features/records/monthly/__tests__/aggregate.partial.spec.ts[2m > [22mextractRecordDateRange - 險倬鹸譌･遽・峇謚ｽ蜃ｺ繝・せ繝・[2m > [22m豁｣蟶ｸ繧ｱ繝ｼ繧ｹ 竊・譛蛻昴→譛蠕後・險倬鹸譌･繧呈歓蜃ｺ[32m 1[2mms[22m[39m
 [32m笨・[39m src/features/records/monthly/__tests__/aggregate.partial.spec.ts[2m > [22mextractRecordDateRange - 險倬鹸譌･遽・峇謚ｽ蜃ｺ繝・せ繝・[2m > [22m遨ｺ險倬鹸髯､螟・竊・螳滄圀縺ｮ險倬鹸縺ｮ縺ｿ縺九ｉ謚ｽ蜃ｺ[32m 1[2mms[22m[39m
 [32m笨・[39m src/features/records/monthly/__tests__/aggregate.partial.spec.ts[2m > [22mextractRecordDateRange - 險倬鹸譌･遽・峇謚ｽ蜃ｺ繝・せ繝・[2m > [22m蜈ｨ縺ｦ遨ｺ險倬鹸 竊・undefined霑泌唆[32m 1[2mms[22m[39m
 [32m笨・[39m src/features/records/monthly/__tests__/aggregate.partial.spec.ts[2m > [22mextractRecordDateRange - 險倬鹸譌･遽・峇謚ｽ蜃ｺ繝・せ繝・[2m > [22m蜊倅ｸ險倬鹸 竊・蜷後§譌･莉倥′霑泌唆[32m 1[2mms[22m[39m
 [32m笨・[39m src/features/records/monthly/__tests__/aggregate.partial.spec.ts[2m > [22mshouldUpdateSummary - 蟾ｮ蛻・峩譁ｰ蛻､螳壹ユ繧ｹ繝・[2m > [22mKPI螟画峩縺ゅｊ 竊・譖ｴ譁ｰ蠢・ｦ・[32m 1[2mms[22m[39m
 [32m笨・[39m src/features/records/monthly/__tests__/aggregate.partial.spec.ts[2m > [22mshouldUpdateSummary - 蟾ｮ蛻・峩譁ｰ蛻､螳壹ユ繧ｹ繝・[2m > [22m螳御ｺ・紫螟画峩縺ゅｊ 竊・譖ｴ譁ｰ蠢・ｦ・[32m 1[2mms[22m[39m
 [32m笨・[39m src/features/records/monthly/__tests__/aggregate.partial.spec.ts[2m > [22mshouldUpdateSummary - 蟾ｮ蛻・峩譁ｰ蛻､螳壹ユ繧ｹ繝・[2m > [22m蠕ｮ蟆上↑螳御ｺ・紫螟牙喧 竊・迴ｾ蝨ｨ縺ｮ螳溯｣・〒縺ｯ譖ｴ譁ｰ縺輔ｌ繧・[32m 1[2mms[22m[39m
 [32m笨・[39m src/features/records/monthly/__tests__/aggregate.partial.spec.ts[2m > [22mshouldUpdateSummary - 蟾ｮ蛻・峩譁ｰ蛻､螳壹ユ繧ｹ繝・[2m > [22m陦ｨ遉ｺ蜷阪・譌･莉倥・縺ｿ螟画峩 竊・譖ｴ譁ｰ荳崎ｦ・[32m 1[2mms[22m[39m
 [32m笨・[39m src/features/records/monthly/__tests__/aggregate.partial.spec.ts[2m > [22mshouldUpdateSummary - 蟾ｮ蛻・峩譁ｰ蛻､螳壹ユ繧ｹ繝・[2m > [22m迚ｹ險倅ｺ矩・・莠区腐莉ｶ謨ｰ螟画峩 竊・譖ｴ譁ｰ蠢・ｦ・[32m 1[2mms[22m[39m
 [32m笨・[39m tests/unit/debugLogger.spec.ts[2m > [22mauditLog[2m > [22msuppresses debug logs when debug mode disabled but forwards others[32m 15[2mms[22m[39m
 [32m笨・[39m tests/unit/debugLogger.spec.ts[2m > [22mauditLog[2m > [22memits debug logs when audit debug flag enabled[32m 5[2mms[22m[39m
 [32m笨・[39m tests/unit/cross-module/serviceProvisionIntegration.spec.ts[2m > [22mtoProvisionSummary[2m > [22m繝ｬ繧ｳ繝ｼ繝峨°繧峨し繝槭Μ繧呈ｭ｣縺励￥螟画鋤[32m 4[2mms[22m[39m
 [32m笨・[39m tests/unit/cross-module/serviceProvisionIntegration.spec.ts[2m > [22mtoProvisionSummary[2m > [22m繝｡繝｢繝励Ξ繝薙Η繝ｼ縺ｯ50譁・ｭ励〒蛻・ｊ謐ｨ縺ｦ[32m 1[2mms[22m[39m
 [32m笨・[39m tests/unit/cross-module/serviceProvisionIntegration.spec.ts[2m > [22mtoProvisionSummary[2m > [22m繝｡繝｢縺檎ｩｺ縺ｪ繧峨・繝ｬ繝薙Η繝ｼ縺ｯundefined[32m 1[2mms[22m[39m
 [32m笨・[39m tests/unit/cross-module/serviceProvisionIntegration.spec.ts[2m > [22mEMPTY_PROVISION_SUMMARY[2m > [22mhasRecord 縺・false[32m 1[2mms[22m[39m
 [32m笨・[39m tests/unit/cross-module/serviceProvisionIntegration.spec.ts[2m > [22mdetectCrossModuleIssues 窶・ServiceProvision rules[2m > [22m谺蟶ｭ + 謠蝉ｾ帛ｮ溽ｸｾ縲梧署萓帙坂・ error (absence-provision-provided)[32m 3[2mms[22m[39m
 [32m笨・[39m tests/unit/cross-module/serviceProvisionIntegration.spec.ts[2m > [22mdetectCrossModuleIssues 窶・ServiceProvision rules[2m > [22m谺蟶ｭ + 謠蝉ｾ帛ｮ溽ｸｾ縲梧ｬ蟶ｭ縲坂・ 繧ｨ繝ｩ繝ｼ縺ｪ縺暦ｼ域紛蜷茨ｼ・[32m 1[2mms[22m[39m
 [32m笨・[39m tests/unit/cross-module/serviceProvisionIntegration.spec.ts[2m > [22mdetectCrossModuleIssues 窶・ServiceProvision rules[2m > [22m騾謇貂・+ 謠蝉ｾ帛ｮ溽ｸｾ縺ｪ縺・竊・warning (attended-no-provision-record)[32m 1[2mms[22m[39m
 [32m笨・[39m tests/unit/cross-module/serviceProvisionIntegration.spec.ts[2m > [22mdetectCrossModuleIssues 窶・ServiceProvision rules[2m > [22m騾壽園荳ｭ + 謠蝉ｾ帛ｮ溽ｸｾ縺ｪ縺・竊・warning[32m 1[2mms[22m[39m
 [32m笨・[39m tests/unit/cross-module/serviceProvisionIntegration.spec.ts[2m > [22mdetectCrossModuleIssues 窶・ServiceProvision rules[2m > [22m騾謇貂・+ 謠蝉ｾ帛ｮ溽ｸｾ縺ゅｊ 竊・warning縺ｪ縺暦ｼ域紛蜷茨ｼ・[32m 1[2mms[22m[39m
 [32m笨・[39m tests/unit/cross-module/serviceProvisionIntegration.spec.ts[2m > [22mdetectCrossModuleIssues 窶・ServiceProvision rules[2m > [22m譛ｪ遒ｺ隱搾ｼ域ｬ蟶ｭ縺ｧ繧る壽園縺ｧ繧ゅ↑縺・ｼ俄・ provision髢｢騾｣繝ｫ繝ｼ繝ｫ縺ｯ逋ｺ轣ｫ縺励↑縺・[32m 2[2mms[22m[39m
 [32m笨・[39m tests/unit/cross-module/serviceProvisionIntegration.spec.ts[2m > [22mbuildDailyUserSnapshot 窶・ServiceProvision integration[2m > [22mserviceProvisionData 縺梧ｸ｡縺輔ｌ縺溘ｉ繧ｹ繝翫ャ繝励す繝ｧ繝・ヨ縺ｫ蜿肴丐[32m 1[2mms[22m[39m
 [32m笨・[39m tests/unit/cross-module/serviceProvisionIntegration.spec.ts[2m > [22mbuildDailyUserSnapshot 窶・ServiceProvision integration[2m > [22mserviceProvisionData 縺梧悴險ｭ螳壹↑繧峨せ繝翫ャ繝励す繝ｧ繝・ヨ縺ｫ繧ょ渚譏縺輔ｌ縺ｪ縺・[32m 1[2mms[22m[39m
 [32m笨・[39m tests/unit/cross-module/serviceProvisionIntegration.spec.ts[2m > [22mbuildDailyUserSnapshot 窶・ServiceProvision integration[2m > [22m谺蟶ｭ + 謠蝉ｾ帙梧署萓帙阪・繝輔Ν邨ｱ蜷医ユ繧ｹ繝・竊・error issue 縺檎函謌舌＆繧後ｋ[32m 1[2mms[22m[39m
 [32m笨・[39m src/features/daily/repositories/adapters/__tests__/spsToAbcOptions.spec.ts[2m > [22mgetDefaultSPSDrivenOptions[2m > [22mreturns default mood options[32m 5[2mms[22m[39m
 [32m笨・[39m src/features/daily/repositories/adapters/__tests__/spsToAbcOptions.spec.ts[2m > [22mgetDefaultSPSDrivenOptions[2m > [22mreturns default ABC options[32m 1[2mms[22m[39m
 [32m笨・[39m src/features/daily/repositories/adapters/__tests__/spsToAbcOptions.spec.ts[2m > [22mgetDefaultSPSDrivenOptions[2m > [22mreturns all 4 stage options[32m 2[2mms[22m[39m
 [32m笨・[39m src/features/daily/repositories/adapters/__tests__/spsToAbcOptions.spec.ts[2m > [22mgetDefaultSPSDrivenOptions[2m > [22mreturns empty categoryHints[32m 2[2mms[22m[39m
 [32m笨・[39m src/features/daily/repositories/adapters/__tests__/spsToAbcOptions.spec.ts[2m > [22mbuildSPSDrivenOptions[2m > [22mproduces mood options from positiveConditions + defaults[32m 2[2mms[22m[39m
 [32m笨・[39m src/features/daily/repositories/adapters/__tests__/spsToAbcOptions.spec.ts[2m > [22mbuildSPSDrivenOptions[2m > [22mproduces antecedent options from IcebergModel + COMMON_ANTECEDENT_TAGS[32m 1[2mms[22m[39m
 [32m笨・[39m src/features/daily/repositories/adapters/__tests__/spsToAbcOptions.spec.ts[2m > [22mbuildSPSDrivenOptions[2m > [22mproduces behavior options from manual personAction[32m 1[2mms[22m[39m
 [32m笨・[39m src/features/daily/repositories/adapters/__tests__/spsToAbcOptions.spec.ts[2m > [22mbuildSPSDrivenOptions[2m > [22mproduces consequence options from extractInterventionMethods[32m 1[2mms[22m[39m
 [32m笨・[39m src/features/daily/repositories/adapters/__tests__/spsToAbcOptions.spec.ts[2m > [22mbuildSPSDrivenOptions[2m > [22mfilters stageOptions to only stages present in manual[32m 1[2mms[22m[39m
 [32m笨・[39m src/features/daily/repositories/adapters/__tests__/spsToAbcOptions.spec.ts[2m > [22mbuildSPSDrivenOptions[2m > [22mextracts categoryHints from interventions[32m 1[2mms[22m[39m
 [32m笨・[39m src/features/daily/repositories/adapters/__tests__/spsToAbcOptions.spec.ts[2m > [22mbuildSPSDrivenOptions[2m > [22mfalls back to defaults when SPS has empty data[32m 1[2mms[22m[39m
 [32m笨・[39m src/features/daily/repositories/adapters/__tests__/spsToAbcOptions.spec.ts[2m > [22mbuildSPSDrivenOptions[2m > [22mdeduplicates all option arrays[32m 1[2mms[22m[39m
 [32m笨・[39m src/features/daily/repositories/adapters/__tests__/spsToAbcOptions.spec.ts[2m > [22mmergeOptionsWithDefaults[2m > [22mreturns full defaults when given empty partial[32m 1[2mms[22m[39m
 [32m笨・[39m src/features/daily/repositories/adapters/__tests__/spsToAbcOptions.spec.ts[2m > [22mmergeOptionsWithDefaults[2m > [22mpreserves custom mood options when provided[32m 1[2mms[22m[39m
 [32m笨・[39m src/features/daily/repositories/adapters/__tests__/spsToAbcOptions.spec.ts[2m > [22mmergeOptionsWithDefaults[2m > [22mpreserves partial abcOptions and fills missing with defaults[32m 1[2mms[22m[39m
 [32m笨・[39m tests/unit/users.selectFields.spec.ts[2m > [22mUsers Select Fields tiers[2m > [22mCORE is a non-empty array containing essential identifiers[32m 6[2mms[22m[39m
 [32m笨・[39m tests/unit/users.selectFields.spec.ts[2m > [22mUsers Select Fields tiers[2m > [22mDETAIL is a strict superset of CORE[32m 2[2mms[22m[39m
 [32m笨・[39m tests/unit/users.selectFields.spec.ts[2m > [22mUsers Select Fields tiers[2m > [22mDETAIL contains all support/grant decision fields[32m 1[2mms[22m[39m
 [32m笨・[39m tests/unit/users.selectFields.spec.ts[2m > [22mUsers Select Fields tiers[2m > [22mFULL is a strict superset of DETAIL[32m 2[2mms[22m[39m
 [32m笨・[39m tests/unit/users.selectFields.spec.ts[2m > [22mUsers Select Fields tiers[2m > [22mFULL contains all billing/addon fields (silent-missing guard)[32m 3[2mms[22m[39m
 [32m笨・[39m tests/unit/users.selectFields.spec.ts[2m > [22mUsers Select Fields tiers[2m > [22mresolveUserSelectFields returns correct tier[32m 1[2mms[22m[39m
 [32m笨・[39m tests/unit/users.selectFields.spec.ts[2m > [22mUsers Select Fields tiers[2m > [22mUSERS_SELECT_FIELDS_SAFE is an alias for CORE[32m 1[2mms[22m[39m
 [32m笨・[39m tests/unit/users.selectFields.spec.ts[2m > [22mUsers Select Fields tiers[2m > [22mno duplicate fields in any tier[32m 1[2mms[22m[39m
 [32m笨・[39m tests/unit/dateFormat-phase3-integration.spec.ts[2m > [22mPhase 3: useRoomReservations formatDateDisplay parity[2m > [22m2026-03-14 竊・old/new match[32m 5[2mms[22m[39m
 [32m笨・[39m tests/unit/dateFormat-phase3-integration.spec.ts[2m > [22mPhase 3: useRoomReservations formatDateDisplay parity[2m > [22m2026-03-09 竊・old/new match[32m 1[2mms[22m[39m
 [32m笨・[39m tests/unit/dateFormat-phase3-integration.spec.ts[2m > [22mPhase 3: useRoomReservations formatDateDisplay parity[2m > [22m2026-03-15 竊・old/new match[32m 1[2mms[22m[39m
 [32m笨・[39m tests/unit/dateFormat-phase3-integration.spec.ts[2m > [22mPhase 3: useRoomReservations formatDateDisplay parity[2m > [22m2026-01-01 竊・old/new match[32m 1[2mms[22m[39m
 [32m笨・[39m tests/unit/dateFormat-phase3-integration.spec.ts[2m > [22mPhase 3: useRoomReservations formatDateDisplay parity[2m > [22m2025-12-31 竊・old/new match[32m 1[2mms[22m[39m
 [32m笨・[39m tests/unit/dateFormat-phase3-integration.spec.ts[2m > [22mPhase 3: useRoomReservations formatDateDisplay parity[2m > [22mincludes weekday in parentheses[32m 1[2mms[22m[39m
 [32m笨・[39m tests/unit/dateFormat-phase3-integration.spec.ts[2m > [22mPhase 3: useRoomReservations formatDateDisplay parity[2m > [22m2026-03-14 (Saturday) 竊・3/14(蝨・[32m 1[2mms[22m[39m
 [32m笨・[39m tests/unit/dateFormat-phase3-integration.spec.ts[2m > [22mPhase 3: formatDateIso (formerly formatDateLocal wrapper)[2m > [22m2026-03-11[32m 1[2mms[22m[39m
 [32m笨・[39m tests/unit/dateFormat-phase3-integration.spec.ts[2m > [22mPhase 3: formatDateIso (formerly formatDateLocal wrapper)[2m > [22m2026-01-05[32m 1[2mms[22m[39m
 [32m笨・[39m tests/unit/dateFormat-phase3-integration.spec.ts[2m > [22mPhase 3: formatDateIso (formerly formatDateLocal wrapper)[2m > [22m2025-12-31[32m 1[2mms[22m[39m
 [32m笨・[39m tests/unit/dateFormat-phase3-integration.spec.ts[2m > [22mPhase 3: formatDateIso (formerly formatDateLocal wrapper)[2m > [22m2026-03-14[32m 1[2mms[22m[39m
 [32m笨・[39m tests/unit/dateFormat-phase3-integration.spec.ts[2m > [22mPhase 3: formatDateIso (formerly formatDateLocal wrapper)[2m > [22mdefault today returns YYYY-MM-DD[32m 1[2mms[22m[39m
 [32m笨・[39m tests/unit/dateFormat-phase3-integration.spec.ts[2m > [22mPhase 3: SupportPlanningSheetPage inline replacement parity[2m > [22mISO datetime string 竊・date-only format[32m 1[2mms[22m[39m
 [32m笨・[39m tests/unit/dateFormat-phase3-integration.spec.ts[2m > [22mPhase 3: SupportPlanningSheetPage inline replacement parity[2m > [22mnull 竊・empty string[32m 1[2mms[22m[39m
 [32m笨・[39m tests/unit/dateFormat-phase3-integration.spec.ts[2m > [22mPhase 3: SupportPlanningSheetPage inline replacement parity[2m > [22mundefined 竊・empty string[32m 1[2mms[22m[39m
 [32m笨・[39m tests/unit/dateFormat-phase3-integration.spec.ts[2m > [22mPhase 3: RecordPanel recordDateLabel parity[2m > [22mDate object 竊・YYYY/MM/DD[32m 1[2mms[22m[39m
 [32m笨・[39m tests/unit/dateFormat-phase3-integration.spec.ts[2m > [22mPhase 3: RecordPanel recordDateLabel parity[2m > [22msingle-digit month/day 竊・zero-padded[32m 1[2mms[22m[39m
 [32m笨・[39m tests/unit/dateFormat-phase3-integration.spec.ts[2m > [22mPhase 3: RecordPanel recordDateLabel parity[2m > [22mmatches Intl output pattern[32m 1[2mms[22m[39m
 [32m笨・[39m src/features/action-engine/telemetry/__tests__/recordSuggestionTelemetry.spec.ts[2m > [22mrecordSuggestionTelemetry[2m > [22mFirestore telemetry 縺ｫ騾∽ｿ｡縺吶ｋ[32m 8[2mms[22m[39m
 [32m笨・[39m src/features/action-engine/telemetry/__tests__/recordSuggestionTelemetry.spec.ts[2m > [22mrecordSuggestionTelemetry[2m > [22mdedupeKey 縺悟酔縺伜ｴ蜷医・驥崎､・∽ｿ｡縺励↑縺・[32m 1[2mms[22m[39m
 [32m笨・[39m src/features/action-engine/telemetry/__tests__/recordSuggestionTelemetry.spec.ts[2m > [22mrecordSuggestionTelemetry[2m > [22mcollection() 縺悟酔譛滉ｾ句､悶〒繧・throw 縺励↑縺・[32m 9[2mms[22m[39m
 [32m笨・[39m src/features/records/monthly/__tests__/aggregate.holiday.spec.ts[2m > [22mgetWorkingDaysInMonth - 蝟ｶ讌ｭ譌･險育ｮ励ユ繧ｹ繝・[2m > [22m2024蟷ｴ1譛・竊・23蝟ｶ讌ｭ譌･・亥悄譌･髯､螟厄ｼ・[32m 5[2mms[22m[39m
 [32m笨・[39m src/features/records/monthly/__tests__/aggregate.holiday.spec.ts[2m > [22mgetWorkingDaysInMonth - 蝟ｶ讌ｭ譌･險育ｮ励ユ繧ｹ繝・[2m > [22m2024蟷ｴ2譛茨ｼ磯柾蟷ｴ・俄・ 21蝟ｶ讌ｭ譌･[32m 2[2mms[22m[39m
 [32m笨・[39m src/features/records/monthly/__tests__/aggregate.holiday.spec.ts[2m > [22mgetWorkingDaysInMonth - 蝟ｶ讌ｭ譌･險育ｮ励ユ繧ｹ繝・[2m > [22m2024蟷ｴ11譛・竊・21蝟ｶ讌ｭ譌･[32m 1[2mms[22m[39m
 [32m笨・[39m src/features/records/monthly/__tests__/aggregate.holiday.spec.ts[2m > [22mgetWorkingDaysInMonth - 蝟ｶ讌ｭ譌･險育ｮ励ユ繧ｹ繝・[2m > [22m2024蟷ｴ12譛・竊・22蝟ｶ讌ｭ譌･[32m 1[2mms[22m[39m
 [32m笨・[39m src/features/records/monthly/__tests__/aggregate.holiday.spec.ts[2m > [22mgetTotalDaysInMonth - 證ｦ譌･險育ｮ励ユ繧ｹ繝・[2m > [22m2024蟷ｴ1譛・竊・31譌･[32m 1[2mms[22m[39m
 [32m笨・[39m src/features/records/monthly/__tests__/aggregate.holiday.spec.ts[2m > [22mgetTotalDaysInMonth - 證ｦ譌･險育ｮ励ユ繧ｹ繝・[2m > [22m2024蟷ｴ2譛茨ｼ磯柾蟷ｴ・俄・ 29譌･[32m 1[2mms[22m[39m
 [32m笨・[39m src/features/records/monthly/__tests__/aggregate.holiday.spec.ts[2m > [22mgetTotalDaysInMonth - 證ｦ譌･險育ｮ励ユ繧ｹ繝・[2m > [22m2023蟷ｴ2譛茨ｼ亥ｹｳ蟷ｴ・俄・ 28譌･[32m 1[2mms[22m[39m
 [32m笨・[39m src/features/records/monthly/__tests__/aggregate.holiday.spec.ts[2m > [22mgetTotalDaysInMonth - 證ｦ譌･險育ｮ励ユ繧ｹ繝・[2m > [22m2024蟷ｴ4譛・竊・30譌･[32m 1[2mms[22m[39m
 [32m笨・[39m src/features/records/monthly/__tests__/aggregate.holiday.spec.ts[2m > [22maggregateMonthlyKpi - 蝟ｶ讌ｭ譌･vs證ｦ譌･繧ｪ繝励す繝ｧ繝ｳ[2m > [22m蝟ｶ讌ｭ譌･繝吶・繧ｹ・医ョ繝輔か繝ｫ繝茨ｼ俄・ 蝨滓律髯､螟悶〒險育ｮ・[32m 1[2mms[22m[39m
 [32m笨・[39m src/features/records/monthly/__tests__/aggregate.holiday.spec.ts[2m > [22maggregateMonthlyKpi - 蝟ｶ讌ｭ譌･vs證ｦ譌･繧ｪ繝励す繝ｧ繝ｳ[2m > [22m證ｦ譌･繝吶・繧ｹ 竊・蜈ｨ譌･謨ｰ縺ｧ險育ｮ・[32m 1[2mms[22m[39m
 [32m笨・[39m src/features/records/monthly/__tests__/aggregate.holiday.spec.ts[2m > [22maggregateMonthlyKpi - 蝟ｶ讌ｭ譌･vs證ｦ譌･繧ｪ繝励す繝ｧ繝ｳ[2m > [22m1譌･縺ゅ◆繧願｡梧焚繧ｫ繧ｹ繧ｿ繝槭う繧ｺ 竊・25陦・譌･[32m 1[2mms[22m[39m
 [32m笨・[39m src/features/records/monthly/__tests__/aggregate.holiday.spec.ts[2m > [22m譛郁ｷｨ縺弱・蠅・阜繧ｱ繝ｼ繧ｹ繝・せ繝・[2m > [22m譛亥・縺ｮ縺ｿ險倬鹸 竊・譛医・騾比ｸｭ縺九ｉ髢句ｧ・[32m 1[2mms[22m[39m
 [32m笨・[39m src/features/records/monthly/__tests__/aggregate.holiday.spec.ts[2m > [22m譛郁ｷｨ縺弱・蠅・阜繧ｱ繝ｼ繧ｹ繝・せ繝・[2m > [22m譛域忰縺ｮ縺ｿ險倬鹸 竊・譛医・譛蠕後□縺第ｴｻ蜍・[32m 1[2mms[22m[39m
 [32m笨・[39m src/features/records/monthly/__tests__/aggregate.holiday.spec.ts[2m > [22m譛郁ｷｨ縺弱・蠅・阜繧ｱ繝ｼ繧ｹ繝・せ繝・[2m > [22m逡ｰ縺ｪ繧区怦縺ｮ險倬鹸縺梧ｷｷ蝨ｨ 竊・迴ｾ蝨ｨ縺ｮ螳溯｣・・蜈ｨ險倬鹸繧偵き繧ｦ繝ｳ繝・[32m 1[2mms[22m[39m
 [32m笨・[39m src/features/records/monthly/__tests__/aggregate.holiday.spec.ts[2m > [22m譛郁ｷｨ縺弱・蠅・阜繧ｱ繝ｼ繧ｹ繝・せ繝・[2m > [22m髢丞ｹｴ2譛・竊・29譌･蟇ｾ蠢懃｢ｺ隱・[32m 1[2mms[22m[39m
 [32m笨・[39m src/features/handoff/__tests__/handoffCommentTypes.spec.ts[2m > [22mfromSpCommentItem[2m > [22mmaps all SharePoint fields to the frontend HandoffComment shape[32m 5[2mms[22m[39m
 [32m笨・[39m src/features/handoff/__tests__/handoffCommentTypes.spec.ts[2m > [22mfromSpCommentItem[2m > [22muses Created timestamp verbatim as createdAt[32m 1[2mms[22m[39m
 [32m笨・[39m src/features/handoff/__tests__/handoffCommentTypes.spec.ts[2m > [22mfromSpCommentItem[2m > [22mfalls back to current ISO timestamp when Created is undefined[32m 3[2mms[22m[39m
 [32m笨・[39m src/features/handoff/__tests__/handoffCommentTypes.spec.ts[2m > [22mfromSpCommentItem[2m > [22mfalls back to current ISO timestamp when Created is empty string[32m 2[2mms[22m[39m
 [32m笨・[39m src/features/handoff/__tests__/handoffCommentTypes.spec.ts[2m > [22mfromSpCommentItem[2m > [22mpreserves numeric id and handoffId without coercion[32m 1[2mms[22m[39m
 [32m笨・[39m src/features/handoff/__tests__/handoffCommentTypes.spec.ts[2m > [22mtoSpCommentCreatePayload[2m > [22mmaps NewCommentInput to SP create payload with PascalCase keys[32m 1[2mms[22m[39m
 [32m笨・[39m src/features/handoff/__tests__/handoffCommentTypes.spec.ts[2m > [22mtoSpCommentCreatePayload[2m > [22momits Id and Created (server-generated fields)[32m 2[2mms[22m[39m
 [32m笨・[39m src/features/handoff/__tests__/handoffCommentTypes.spec.ts[2m > [22mtoSpCommentCreatePayload[2m > [22mproduces exactly 4 keys 窶・no extras leak through[32m 2[2mms[22m[39m
 [32m笨・[39m src/features/handoff/__tests__/handoffCommentTypes.spec.ts[2m > [22mtoSpCommentCreatePayload[2m > [22mround-trips correctly: create 竊・SP 竊・fromSpCommentItem[32m 1[2mms[22m[39m
[90mstdout[2m | tests/unit/spClient.batch.parse.spec.ts[2m > [22m[2mspClient batch parsing[2m > [22m[2mreturns SharePointBatchResult entries with per-operation status
[22m[39m[DriftActionDispatcher] Initialized and subscribed to drift events.
[DriftNotificationHandler] Webhook URL not configured. Notifications disabled.

 [32m笨・[39m tests/unit/spClient.batch.parse.spec.ts[2m > [22mspClient batch parsing[2m > [22mreturns SharePointBatchResult entries with per-operation status[32m 20[2mms[22m[39m
 [32m笨・[39m src/features/support-plan-guide/utils/__tests__/markdownExportCompliance.spec.ts[2m > [22mbuildSupportPlanMarkdown 窶・P2-A 邨ｱ蜷亥・蜉・[2m > [22mcompliance 縺・null 縺ｧ繧よ里蟄倥・ form 繧ｻ繧ｯ繧ｷ繝ｧ繝ｳ縺ｯ豁｣蟶ｸ縺ｫ蜃ｺ蜉帙＆繧後ｋ[32m 6[2mms[22m[39m
 [32m笨・[39m src/features/support-plan-guide/utils/__tests__/markdownExportCompliance.spec.ts[2m > [22mbuildSupportPlanMarkdown 窶・P2-A 邨ｱ蜷亥・蜉・[2m > [22m蜷梧э險倬鹸縺・Markdown 縺ｫ蜷ｫ縺ｾ繧後ｋ[32m 2[2mms[22m[39m
 [32m笨・[39m src/features/support-plan-guide/utils/__tests__/markdownExportCompliance.spec.ts[2m > [22mbuildSupportPlanMarkdown 窶・P2-A 邨ｱ蜷亥・蜉・[2m > [22m莉｣逅・ｺｺ諠・ｱ縺悟性縺ｾ繧後ｋ・育ｶ壽氛莉倥″・・[32m 1[2mms[22m[39m
 [32m笨・[39m src/features/support-plan-guide/utils/__tests__/markdownExportCompliance.spec.ts[2m > [22mbuildSupportPlanMarkdown 窶・P2-A 邨ｱ蜷亥・蜉・[2m > [22m莠､莉倩ｨ倬鹸縺梧ｭ｣縺励￥蜃ｺ蜉帙＆繧後ｋ[32m 1[2mms[22m[39m
 [32m笨・[39m src/features/support-plan-guide/utils/__tests__/markdownExportCompliance.spec.ts[2m > [22mbuildSupportPlanMarkdown 窶・P2-A 邨ｱ蜷亥・蜉・[2m > [22m謇ｿ隱肴ｸ医∩縺ｮ蝣ｴ蜷医∵価隱崎ｨ倬鹸縺悟・蜉帙＆繧後ｋ[32m 1[2mms[22m[39m
 [32m笨・[39m src/features/support-plan-guide/utils/__tests__/markdownExportCompliance.spec.ts[2m > [22mbuildSupportPlanMarkdown 窶・P2-A 邨ｱ蜷亥・蜉・[2m > [22m荳区嶌縺咲憾諷九・蝣ｴ蜷医∵価隱阪せ繝・・繧ｿ繧ｹ縺後御ｸ区嶌縺阪阪→陦ｨ遉ｺ縺輔ｌ繧・[32m 1[2mms[22m[39m
 [32m笨・[39m src/features/support-plan-guide/utils/__tests__/markdownExportCompliance.spec.ts[2m > [22mbuildSupportPlanMarkdown 窶・P2-A 邨ｱ蜷亥・蜉・[2m > [22m譛滄剞諠・ｱ繧ｻ繧ｯ繧ｷ繝ｧ繝ｳ縺悟・蜉帙＆繧後ｋ・域ｮ区律謨ｰ縺ゅｊ・・[32m 1[2mms[22m[39m
 [32m笨・[39m src/features/support-plan-guide/utils/__tests__/markdownExportCompliance.spec.ts[2m > [22mbuildSupportPlanMarkdown 窶・P2-A 邨ｱ蜷亥・蜉・[2m > [22m譛滄剞雜・℃縺ｮ蝣ｴ蜷医∬ｶ・℃譌･謨ｰ縺瑚｡ｨ遉ｺ縺輔ｌ繧・[32m 1[2mms[22m[39m
 [32m笨・[39m src/features/support-plan-guide/utils/__tests__/markdownExportCompliance.spec.ts[2m > [22mbuildSupportPlanMarkdown 窶・P2-A 邨ｱ蜷亥・蜉・[2m > [22mgoals 繧・compliance 繧ょ性繧邨ｱ蜷亥・蜉帙′豁｣縺励￥逕滓・縺輔ｌ繧・[32m 2[2mms[22m[39m
 [32m笨・[39m tests/unit/staffAttendanceDateUtils.spec.ts[2m > [22mtoISODate[2m > [22mformats a date as YYYY-MM-DD[32m 4[2mms[22m[39m
 [32m笨・[39m tests/unit/staffAttendanceDateUtils.spec.ts[2m > [22mtoISODate[2m > [22mpads single-digit month and day[32m 1[2mms[22m[39m
 [32m笨・[39m tests/unit/staffAttendanceDateUtils.spec.ts[2m > [22mtoISODate[2m > [22mhandles Dec 31[32m 1[2mms[22m[39m
 [32m笨・[39m tests/unit/staffAttendanceDateUtils.spec.ts[2m > [22mstartOfMonthISO[2m > [22mreturns the first day of the month[32m 1[2mms[22m[39m
 [32m笨・[39m tests/unit/staffAttendanceDateUtils.spec.ts[2m > [22mstartOfMonthISO[2m > [22mworks for January[32m 1[2mms[22m[39m
 [32m笨・[39m tests/unit/staffAttendanceDateUtils.spec.ts[2m > [22mendOfMonthISO[2m > [22mreturns last day of March (31 days)[32m 1[2mms[22m[39m
 [32m笨・[39m tests/unit/staffAttendanceDateUtils.spec.ts[2m > [22mendOfMonthISO[2m > [22mreturns last day of February (non-leap)[32m 1[2mms[22m[39m
 [32m笨・[39m tests/unit/staffAttendanceDateUtils.spec.ts[2m > [22mendOfMonthISO[2m > [22mreturns last day of February (leap year)[32m 1[2mms[22m[39m
 [32m笨・[39m tests/unit/staffAttendanceDateUtils.spec.ts[2m > [22mendOfMonthISO[2m > [22mreturns last day of April (30 days)[32m 1[2mms[22m[39m
 [32m笨・[39m tests/unit/staffAttendanceDateUtils.spec.ts[2m > [22mendOfMonthISO[2m > [22mreturns last day of December[32m 1[2mms[22m[39m
 [32m笨・[39m tests/unit/staffAttendanceDateUtils.spec.ts[2m > [22mstartOfWeekISO (譛域屆蟋九∪繧・[2m > [22mreturns Monday for a Wednesday input[32m 2[2mms[22m[39m
 [32m笨・[39m tests/unit/staffAttendanceDateUtils.spec.ts[2m > [22mstartOfWeekISO (譛域屆蟋九∪繧・[2m > [22mreturns same day for a Monday input[32m 1[2mms[22m[39m
 [32m笨・[39m tests/unit/staffAttendanceDateUtils.spec.ts[2m > [22mstartOfWeekISO (譛域屆蟋九∪繧・[2m > [22mreturns previous Monday for a Sunday input[32m 1[2mms[22m[39m
 [32m笨・[39m tests/unit/staffAttendanceDateUtils.spec.ts[2m > [22mstartOfWeekISO (譛域屆蟋九∪繧・[2m > [22mcrosses month boundary correctly[32m 1[2mms[22m[39m
 [32m笨・[39m tests/unit/staffAttendanceDateUtils.spec.ts[2m > [22mendOfWeekISO (譌･譖懃ｵゅｏ繧・[2m > [22mreturns Sunday for a Wednesday input[32m 1[2mms[22m[39m
 [32m笨・[39m tests/unit/staffAttendanceDateUtils.spec.ts[2m > [22mendOfWeekISO (譌･譖懃ｵゅｏ繧・[2m > [22mreturns same day for a Sunday input[32m 1[2mms[22m[39m
 [32m笨・[39m tests/unit/staffAttendanceDateUtils.spec.ts[2m > [22mendOfWeekISO (譌･譖懃ｵゅｏ繧・[2m > [22mreturns coming Sunday for a Monday input[32m 1[2mms[22m[39m
 [32m笨・[39m tests/unit/staffAttendanceDateUtils.spec.ts[2m > [22mendOfWeekISO (譌･譖懃ｵゅｏ繧・[2m > [22mcrosses month boundary correctly[32m 1[2mms[22m[39m
 [32m笨・[39m src/features/action-engine/telemetry/__tests__/summarizeSuggestionTelemetry.spec.ts[2m > [22msummarizeSuggestionTelemetry[2m > [22mshown/clicked/dismissed/snoozed/resurfaced 縺ｨ邇・ｒ髮・ｨ医☆繧具ｼ・hown 縺ｯ stableId+screen 縺ｧ dedupe・・[32m 7[2mms[22m[39m
 [32m笨・[39m src/features/action-engine/telemetry/__tests__/summarizeSuggestionTelemetry.spec.ts[2m > [22msummarizeSuggestionTelemetry[2m > [22m蛻・ｯ・縺ｧ縺ｯ邇・ｒ0縺ｫ縺吶ｋ・・aN繧定ｿ斐＆縺ｪ縺・ｼ・[32m 2[2mms[22m[39m
 [32m笨・[39m src/features/action-engine/telemetry/__tests__/summarizeSuggestionTelemetry.spec.ts[2m > [22msummarizeSuggestionTelemetry[2m > [22mwindow 譛ｪ謖・ｮ壽凾縺ｯ逶ｴ霑・譌･繧剃ｽｿ縺・[32m 1[2mms[22m[39m
 [32m笨・[39m src/features/action-engine/telemetry/__tests__/summarizeSuggestionTelemetry.spec.ts[2m > [22msummarizeSuggestionTelemetry[2m > [22mwindow 縺ｮ from/to 蠅・阜繧貞性縺ｿ縲∫┌蜉ｹ timestamp 縺ｯ髯､螟悶☆繧・[32m 1[2mms[22m[39m
 [32m笨・[39m src/features/action-engine/telemetry/__tests__/summarizeSuggestionTelemetry.spec.ts[2m > [22mgroupSuggestionTelemetryByRule[2m > [22mruleId 豁｣隕丞喧 + shown 髯埼・〒霑斐☆[32m 2[2mms[22m[39m
 [32m笨・[39m src/features/action-engine/telemetry/__tests__/summarizeSuggestionTelemetry.spec.ts[2m > [22mgroupSuggestionTelemetryByScreen[2m > [22mtoday / exception-center 縺ｮ荳｡陦後ｒ霑斐＠縲∫紫繧定ｨ育ｮ励☆繧・[32m 3[2mms[22m[39m
 [32m笨・[39m src/features/action-engine/telemetry/__tests__/summarizeSuggestionTelemetry.spec.ts[2m > [22mgroupSuggestionTelemetryByPriority[2m > [22mP0 / P1 / P2 繧貞崋螳夐・〒霑斐☆・医う繝吶Φ繝・縺ｮ蜆ｪ蜈亥ｺｦ繧ょ性繧・・[32m 2[2mms[22m[39m
 [32m笨・[39m src/features/telemetry/domain/__tests__/computeRoleAlerts.spec.ts[2m > [22mcomputeRoleAlerts[2m > [22m豁｣蟶ｸ縺ｪ KPI 縺ｧ縺ｯ繧｢繝ｩ繝ｼ繝医↑縺・[32m 6[2mms[22m[39m
 [32m笨・[39m src/features/telemetry/domain/__tests__/computeRoleAlerts.spec.ts[2m > [22mcomputeRoleAlerts[2m > [22mstaff 縺ｮ Hero 蛻ｩ逕ｨ邇・ｽ惹ｸ九〒 warning[32m 2[2mms[22m[39m
 [32m笨・[39m src/features/telemetry/domain/__tests__/computeRoleAlerts.spec.ts[2m > [22mcomputeRoleAlerts[2m > [22madmin 縺ｮ Queue 蛛城㍾縺ｧ warning[32m 1[2mms[22m[39m
 [32m笨・[39m src/features/telemetry/domain/__tests__/computeRoleAlerts.spec.ts[2m > [22mcomputeRoleAlerts[2m > [22mstaff 縺ｮ螳御ｺ・紫菴惹ｸ九〒 critical[32m 1[2mms[22m[39m
 [32m笨・[39m src/features/telemetry/domain/__tests__/computeRoleAlerts.spec.ts[2m > [22mcomputeRoleAlerts[2m > [22munknown 繧ｷ繧ｧ繧｢縺碁ｫ倥＞蝣ｴ蜷医・ warning[32m 1[2mms[22m[39m
 [32m笨・[39m src/features/telemetry/domain/__tests__/computeRoleAlerts.spec.ts[2m > [22mcomputeRoleAlerts[2m > [22munknown 繧ｷ繧ｧ繧｢縺碁明蛟､莉･荳九↑繧峨い繝ｩ繝ｼ繝医↑縺・[32m 1[2mms[22m[39m
 [32m笨・[39m src/features/telemetry/domain/__tests__/computeRoleAlerts.spec.ts[2m > [22mcomputeRoleAlerts[2m > [22mCTA 縺・minCtaForAlert 譛ｪ貅縺ｮ role 縺ｯ繧ｹ繧ｭ繝・・[32m 1[2mms[22m[39m
 [32m笨・[39m src/features/telemetry/domain/__tests__/computeRoleAlerts.spec.ts[2m > [22mcomputeRoleAlerts[2m > [22m隍・焚 role ﾃ・隍・焚驕募渚縺ｧ繧｢繝ｩ繝ｼ繝医′遨阪∪繧後ｋ[32m 1[2mms[22m[39m
 [32m笨・[39m src/features/telemetry/domain/__tests__/computeRoleAlerts.spec.ts[2m > [22mcomputeRoleAlerts[2m > [22m遨ｺ驟榊・縺ｧ縺ｯ繧｢繝ｩ繝ｼ繝医↑縺・[32m 1[2mms[22m[39m
 [32m笨・[39m src/features/telemetry/domain/__tests__/computeRoleAlerts.spec.ts[2m > [22mcomputeRoleAlerts[2m > [22m謾ｹ蝟・署譯域枚縺・role 縺斐→縺ｫ逡ｰ縺ｪ繧・[32m 2[2mms[22m[39m
 [32m笨・[39m src/features/telemetry/domain/__tests__/computeRoleAlerts.spec.ts[2m > [22mcomputeRoleAlerts[2m > [22m繧ｫ繧ｹ繧ｿ繝髢ｾ蛟､縺ｧ alert 逋ｺ轣ｫ繧貞宛蠕｡縺ｧ縺阪ｋ[32m 1[2mms[22m[39m
 [32m笨・[39m src/features/today/domain/__tests__/computeStatusDelta.spec.ts[2m > [22mcomputeStatusDelta[2m > [22mreturns null when yesterday is null[32m 4[2mms[22m[39m
 [32m笨・[39m src/features/today/domain/__tests__/computeStatusDelta.spec.ts[2m > [22mcomputeStatusDelta[2m > [22mreturns null when yesterday is undefined[32m 1[2mms[22m[39m
 [32m笨・[39m src/features/today/domain/__tests__/computeStatusDelta.spec.ts[2m > [22mcomputeStatusDelta[2m > [22mreturns zero deltas when today equals yesterday[32m 2[2mms[22m[39m
 [32m笨・[39m src/features/today/domain/__tests__/computeStatusDelta.spec.ts[2m > [22mcomputeStatusDelta[2m > [22mreturns positive deltas when situation worsened[32m 1[2mms[22m[39m
 [32m笨・[39m src/features/today/domain/__tests__/computeStatusDelta.spec.ts[2m > [22mcomputeStatusDelta[2m > [22mreturns negative deltas when situation improved[32m 1[2mms[22m[39m
 [32m笨・[39m src/features/today/domain/__tests__/computeStatusDelta.spec.ts[2m > [22mcomputeStatusDelta[2m > [22mcomputes fever and urgent deltas correctly[32m 1[2mms[22m[39m
 [32m笨・[39m src/features/today/domain/__tests__/computeStatusDelta.spec.ts[2m > [22mformatDeltaText[2m > [22mreturns null when delta is null[32m 1[2mms[22m[39m
 [32m笨・[39m src/features/today/domain/__tests__/computeStatusDelta.spec.ts[2m > [22mformatDeltaText[2m > [22mreturns null when delta is undefined[32m 1[2mms[22m[39m
 [32m笨・[39m src/features/today/domain/__tests__/computeStatusDelta.spec.ts[2m > [22mformatDeltaText[2m > [22mreturns null when all deltas are zero[32m 1[2mms[22m[39m
 [32m笨・[39m src/features/today/domain/__tests__/computeStatusDelta.spec.ts[2m > [22mformatDeltaText[2m > [22mshows positive delta with + sign for worsening[32m 1[2mms[22m[39m
 [32m笨・[39m src/features/today/domain/__tests__/computeStatusDelta.spec.ts[2m > [22mformatDeltaText[2m > [22mshows negative delta without + sign for improvement[32m 1[2mms[22m[39m
 [32m笨・[39m src/features/today/domain/__tests__/computeStatusDelta.spec.ts[2m > [22mformatDeltaText[2m > [22mpicks the delta with largest absolute value[32m 1[2mms[22m[39m
 [32m笨・[39m src/features/today/domain/__tests__/computeStatusDelta.spec.ts[2m > [22mformatDeltaText[2m > [22mshows fever delta correctly[32m 1[2mms[22m[39m
 [32m笨・[39m src/features/today/domain/__tests__/computeStatusDelta.spec.ts[2m > [22mformatDeltaText[2m > [22mshows urgent delta correctly[32m 1[2mms[22m[39m
 [32m笨・[39m src/features/today/domain/__tests__/computeStatusDelta.spec.ts[2m > [22mformatDeltaText[2m > [22mwhen multiple deltas have same abs value, picks first by priority order[32m 1[2mms[22m[39m
 [32m笨・[39m src/features/exceptions/domain/__tests__/computeExceptionPriorityScore.spec.ts[2m > [22mcomputeExceptionPriorityScore[2m > [22mseverity 縺ｮ驥阪∩: critical > high > medium > low[32m 6[2mms[22m[39m
 [32m笨・[39m src/features/exceptions/domain/__tests__/computeExceptionPriorityScore.spec.ts[2m > [22mcomputeExceptionPriorityScore[2m > [22m讒矩驥阪∩: child > parent > standalone[32m 1[2mms[22m[39m
 [32m笨・[39m src/features/exceptions/domain/__tests__/computeExceptionPriorityScore.spec.ts[2m > [22mcomputeExceptionPriorityScore[2m > [22msignal 驥阪∩: sync-fail > missing-driver > stale > none[32m 1[2mms[22m[39m
 [32m笨・[39m src/features/exceptions/domain/__tests__/computeExceptionPriorityScore.spec.ts[2m > [22mcomputeExceptionPriorityScore[2m > [22m邨碁℃譎る俣縺碁聞縺・⊇縺ｩ蜉轤ｹ縺輔ｌ繧・[32m 1[2mms[22m[39m
 [32m笨・[39m src/features/exceptions/domain/__tests__/computeExceptionPriorityScore.spec.ts[2m > [22mcomputeExceptionPriorityScore[2m > [22m莉ｶ謨ｰ繝ｻ蛻・焚諠・ｱ縺後≠繧九⊇縺ｩ volume 縺悟刈轤ｹ縺輔ｌ繧・[32m 1[2mms[22m[39m
 [32m笨・[39m src/features/exceptions/domain/__tests__/computeExceptionPriorityScore.spec.ts[2m > [22mcomputeExceptionPriorityScore[2m > [22m辟｡蜉ｹ縺ｪ譌･莉倥〒繧ゆｾ句､悶ｒ謚輔￡縺夊ｨ育ｮ励〒縺阪ｋ[32m 1[2mms[22m[39m
 [32m笨・[39m src/features/exceptions/domain/__tests__/computeExceptionPriorityScore.spec.ts[2m > [22mcomputeExceptionPriorityScore[2m > [22m譛滄剞雜・℃譌･謨ｰ縺悟､ｧ縺阪＞縺ｻ縺ｩ蜆ｪ蜈亥ｺｦ縺御ｸ翫′繧・[32m 1[2mms[22m[39m
 [32m笨・[39m src/features/exceptions/domain/__tests__/computeExceptionPriorityScore.spec.ts[2m > [22mcomputeExceptionPriorityScore[2m > [22mcorrective-action 繧ｫ繝・ざ繝ｪ縺ｯ譏ｯ豁｣隕∝凄蜉轤ｹ縺輔ｌ繧・[32m 1[2mms[22m[39m
 [32m笨・[39m src/features/exceptions/domain/__tests__/computeExceptionPriorityScore.spec.ts[2m > [22mcomputeExceptionPriorityScore[2m > [22m驥榊､ｧ繧ｫ繝・ざ繝ｪ・・ritical-handoff・峨・繧ｫ繝・ざ繝ｪ蜉轤ｹ縺輔ｌ繧・[32m 1[2mms[22m[39m
 [32m笨・[39m src/features/exceptions/domain/__tests__/computeExceptionPriorityScore.spec.ts[2m > [22mcomputeExceptionPriorityScore[2m > [22m蛻ｩ逕ｨ閠・腰菴阪・莉ｶ謨ｰ縺悟､壹＞ parent 縺ｯ userCount 蜉轤ｹ縺輔ｌ繧・[32m 1[2mms[22m[39m
 [32m笨・[39m src/features/exceptions/domain/__tests__/computeExceptionPriorityScore.spec.ts[2m > [22mcomputeExceptionPriorityScore[2m > [22mpriority 譚先侭謚ｽ蜃ｺ縺ｯ蜈ｬ髢九・繝ｫ繝代・縺ｧ蜿門ｾ励〒縺阪ｋ[32m 1[2mms[22m[39m
 [32m笨・[39m tests/unit/DraftHistoryPanel.spec.ts[2m > [22mgroupRecordsIntoBatches[2m > [22m遨ｺ驟榊・縺九ｉ縺ｯ遨ｺ繝舌ャ繝・・蛻励ｒ霑斐☆[32m 5[2mms[22m[39m
 [32m笨・[39m tests/unit/DraftHistoryPanel.spec.ts[2m > [22mgroupRecordsIntoBatches[2m > [22m蜷御ｸ譎ょ綾縺ｮ繝ｬ繧ｳ繝ｼ繝峨・1繝舌ャ繝√↓縺ｾ縺ｨ縺ｾ繧・[32m 3[2mms[22m[39m
 [32m笨・[39m tests/unit/DraftHistoryPanel.spec.ts[2m > [22mgroupRecordsIntoBatches[2m > [22m60遘剃ｻ･蜀・・繝ｬ繧ｳ繝ｼ繝峨・蜷御ｸ繝舌ャ繝√↓縺ｪ繧・[32m 1[2mms[22m[39m
 [32m笨・[39m tests/unit/DraftHistoryPanel.spec.ts[2m > [22mgroupRecordsIntoBatches[2m > [22m61遘剃ｻ･荳企屬繧後ｋ縺ｨ蛻･繝舌ャ繝√↓蛻・屬縺輔ｌ繧・[32m 1[2mms[22m[39m
 [32m笨・[39m tests/unit/DraftHistoryPanel.spec.ts[2m > [22mgroupRecordsIntoBatches[2m > [22m繝舌ャ繝√・髯埼・↓繧ｽ繝ｼ繝医＆繧後ｋ[32m 1[2mms[22m[39m
 [32m笨・[39m tests/unit/DraftHistoryPanel.spec.ts[2m > [22mgroupRecordsIntoBatches[2m > [22mstatusCounts 縺梧ｭ｣縺励￥髮・ｨ医＆繧後ｋ[32m 1[2mms[22m[39m
 [32m笨・[39m tests/unit/DraftHistoryPanel.spec.ts[2m > [22mgroupRecordsIntoBatches[2m > [22mgoalLabels 縺碁㍾隍・↑縺城寔邏・＆繧後ｋ[32m 1[2mms[22m[39m
 [32m笨・[39m tests/unit/DraftHistoryPanel.spec.ts[2m > [22mgroupRecordsIntoBatches[2m > [22mbatchId 縺ｯ蜈磯ｭ繝ｬ繧ｳ繝ｼ繝峨・ decisionAt[32m 1[2mms[22m[39m
 [32m笨・[39m tests/unit/DraftHistoryPanel.spec.ts[2m > [22mgroupRecordsIntoBatches[2m > [22m3繝舌ャ繝√↓蛻・°繧後ｋ繧ｱ繝ｼ繧ｹ[32m 1[2mms[22m[39m
 [32m笨・[39m src/domain/regulatory/__tests__/buildSevereAddonFindingActions.spec.ts[2m > [22mbuildSevereAddonFindingActions[2m > [22mtier2_candidate 竊・plan + evidence[32m 7[2mms[22m[39m
 [32m笨・[39m src/domain/regulatory/__tests__/buildSevereAddonFindingActions.spec.ts[2m > [22mbuildSevereAddonFindingActions[2m > [22mtier2_candidate (with planningSheetId) 竊・蛟句挨繧ｷ繝ｼ繝医・繝ｼ繧ｸ縺ｸ驕ｷ遘ｻ[32m 1[2mms[22m[39m
 [32m笨・[39m src/domain/regulatory/__tests__/buildSevereAddonFindingActions.spec.ts[2m > [22mbuildSevereAddonFindingActions[2m > [22mtier3_candidate 竊・plan + evidence[32m 1[2mms[22m[39m
 [32m笨・[39m src/domain/regulatory/__tests__/buildSevereAddonFindingActions.spec.ts[2m > [22mbuildSevereAddonFindingActions[2m > [22mbasic_training_ratio_insufficient 竊・staff (莠区･ｭ謇繝ｬ繝吶Ν)[32m 1[2mms[22m[39m
 [32m笨・[39m src/domain/regulatory/__tests__/buildSevereAddonFindingActions.spec.ts[2m > [22mbuildSevereAddonFindingActions[2m > [22mplanning_sheet_reassessment_overdue 竊・review + evidence[32m 1[2mms[22m[39m
 [32m笨・[39m src/domain/regulatory/__tests__/buildSevereAddonFindingActions.spec.ts[2m > [22mbuildSevereAddonFindingActions[2m > [22mweekly_observation_shortage 竊・review + evidence[32m 1[2mms[22m[39m
 [32m笨・[39m src/domain/regulatory/__tests__/buildSevereAddonFindingActions.spec.ts[2m > [22mbuildSevereAddonFindingActions[2m > [22mevidence URL 縺ｫ source=regulatory-addon 縺悟性縺ｾ繧後ｋ[32m 1[2mms[22m[39m
 [32m笨・[39m src/domain/regulatory/__tests__/buildSevereAddonFindingActions.spec.ts[2m > [22mbuildSevereAddonFindingActions[2m > [22m__facility__ 縺ｮ finding 縺ｯ繝ｦ繝ｼ繧ｶ繝ｼ蟆守ｷ壹↑縺・[32m 1[2mms[22m[39m
 [32m笨・[39m src/domain/regulatory/__tests__/buildSevereAddonFindingActions.spec.ts[2m > [22mbuildSevereAddonFindingActions[2m > [22mauthoring_requirement_unmet 竊・review + staff[32m 1[2mms[22m[39m
 [32m笨・[39m src/domain/regulatory/__tests__/buildSevereAddonFindingActions.spec.ts[2m > [22mbuildSevereAddonFindingActions[2m > [22massignment_without_required_qualification 竊・staff only[32m 1[2mms[22m[39m
 [32m笨・[39m src/features/shared/goal/__tests__/goalMigration.spec.ts[2m > [22mmigrateV2TextToGoals[2m > [22m遨ｺ蛟､縺ｮ蜃ｦ逅・[2m > [22m遨ｺ譁・ｭ怜・繧呈ｸ｡縺吶→遨ｺ驟榊・繧定ｿ斐☆[32m 5[2mms[22m[39m
 [32m笨・[39m src/features/shared/goal/__tests__/goalMigration.spec.ts[2m > [22mmigrateV2TextToGoals[2m > [22m遨ｺ蛟､縺ｮ蜃ｦ逅・[2m > [22m遨ｺ逋ｽ縺ｮ縺ｿ縺ｮ譁・ｭ怜・繧呈ｸ｡縺吶→遨ｺ驟榊・繧定ｿ斐☆[32m 1[2mms[22m[39m
 [32m笨・[39m src/features/shared/goal/__tests__/goalMigration.spec.ts[2m > [22mmigrateV2TextToGoals[2m > [22m遨ｺ蛟､縺ｮ蜃ｦ逅・[2m > [22mundefined 繧呈ｸ｡縺吶→遨ｺ驟榊・繧定ｿ斐☆[32m 1[2mms[22m[39m
 [32m笨・[39m src/features/shared/goal/__tests__/goalMigration.spec.ts[2m > [22mmigrateV2TextToGoals[2m > [22m蜊倅ｸ陦後・蜃ｦ逅・[2m > [22m繝励Ξ繝輔ぅ繝・け繧ｹ縺ｮ縺ｪ縺・腰荳陦・ 驟榊・髟ｷ1, 繧ｵ繝輔ぅ繝・け繧ｹ縺ｪ縺・ text 縺後◎縺ｮ縺ｾ縺ｾ, domains 縺檎ｩｺ[32m 4[2mms[22m[39m
 [32m笨・[39m src/features/shared/goal/__tests__/goalMigration.spec.ts[2m > [22mmigrateV2TextToGoals[2m > [22m隍・焚陦後→繝励Ξ繝輔ぅ繝・け繧ｹ髯､蜴ｻ[2m > [22m驟榊・縺ｮ髟ｷ縺輔′ 3 縺ｧ縺ゅｋ[32m 1[2mms[22m[39m
 [32m笨・[39m src/features/shared/goal/__tests__/goalMigration.spec.ts[2m > [22mmigrateV2TextToGoals[2m > [22m隍・焚陦後→繝励Ξ繝輔ぅ繝・け繧ｹ髯､蜴ｻ[2m > [22m蜷・ｦ∫ｴ縺ｮ text 縺九ｉ繝励Ξ繝輔ぅ繝・け繧ｹ縺碁勁蜴ｻ縺輔ｌ縺ｦ縺・ｋ[32m 1[2mms[22m[39m
 [32m笨・[39m src/features/shared/goal/__tests__/goalMigration.spec.ts[2m > [22mmigrateV2TextToGoals[2m > [22m隍・焚陦後→繝励Ξ繝輔ぅ繝・け繧ｹ髯､蜴ｻ[2m > [22mlabel 縺ｫ騾｣逡ｪ繧ｵ繝輔ぅ繝・け繧ｹ (竭竭｡竭｢) 縺梧ｭ｣縺励￥莉倅ｸ弱＆繧後※縺・ｋ[32m 1[2mms[22m[39m
 [32m笨・[39m src/features/shared/goal/__tests__/goalMigration.spec.ts[2m > [22mmigrateV2TextToGoals[2m > [22mUUID 縺ｮ讀懆ｨｼ[2m > [22m縺吶∋縺ｦ縺ｮ id 縺梧怏蜉ｹ縺ｪ UUIDv4 蠖｢蠑上〒縺ゅｋ[32m 1[2mms[22m[39m
 [32m笨・[39m src/features/shared/goal/__tests__/goalMigration.spec.ts[2m > [22mmigrateV2TextToGoals[2m > [22mUUID 縺ｮ讀懆ｨｼ[2m > [22m縺吶∋縺ｦ縺ｮ id 縺御ｸ諢上〒縺ゅｋ[32m 1[2mms[22m[39m
 [32m笨・[39m src/features/shared/goal/__tests__/goalMigration.spec.ts[2m > [22mmigrateV2TextToGoals[2m > [22m蝙九・繝槭ャ繝斐Φ繧ｰ[2m > [22mtype="long" 縺悟推繧｢繧､繝・Β縺ｫ豁｣縺励￥繧ｻ繝・ヨ縺輔ｌ繧・[32m 1[2mms[22m[39m
 [32m笨・[39m src/features/shared/goal/__tests__/goalMigration.spec.ts[2m > [22mmigrateV2TextToGoals[2m > [22m蝙九・繝槭ャ繝斐Φ繧ｰ[2m > [22mtype="short" 縺悟推繧｢繧､繝・Β縺ｫ豁｣縺励￥繧ｻ繝・ヨ縺輔ｌ繧・[32m 1[2mms[22m[39m
 [32m笨・[39m src/features/shared/goal/__tests__/goalMigration.spec.ts[2m > [22mmigrateV2TextToGoals[2m > [22m蝙九・繝槭ャ繝斐Φ繧ｰ[2m > [22mtype="support" 縺悟推繧｢繧､繝・Β縺ｫ豁｣縺励￥繧ｻ繝・ヨ縺輔ｌ繧・[32m 1[2mms[22m[39m
 [32m笨・[39m src/features/dashboard/__tests__/crossModuleAlerts.test.ts[2m > [22mC-3 Cross-Module Alert Integration[2m > [22mmapIssueToDashboardAlert[2m > [22mattendance_activity_mismatch 竊・error severity, activity href[32m 6[2mms[22m[39m
 [32m笨・[39m src/features/dashboard/__tests__/crossModuleAlerts.test.ts[2m > [22mC-3 Cross-Module Alert Integration[2m > [22mmapIssueToDashboardAlert[2m > [22mdata_missing 竊・warning severity, attendance href[32m 1[2mms[22m[39m
 [32m笨・[39m src/features/dashboard/__tests__/crossModuleAlerts.test.ts[2m > [22mC-3 Cross-Module Alert Integration[2m > [22mmapIssueToDashboardAlert[2m > [22munknown issue 竊・fallback to dashboard[32m 1[2mms[22m[39m
 [32m笨・[39m src/features/dashboard/__tests__/crossModuleAlerts.test.ts[2m > [22mC-3 Cross-Module Alert Integration[2m > [22mbuildCrossModuleDashboardAlerts[2m > [22m隍・焚繧ｹ繝翫ャ繝励す繝ｧ繝・ヨ縺九ｉ驥崎ｦ∝ｺｦ鬆・・繧｢繝ｩ繝ｼ繝育函謌・[32m 1[2mms[22m[39m
 [32m笨・[39m src/features/dashboard/__tests__/crossModuleAlerts.test.ts[2m > [22mC-3 Cross-Module Alert Integration[2m > [22mbuildCrossModuleDashboardAlerts[2m > [22m蜷御ｸID縺ｮ繧｢繝ｩ繝ｼ繝医・繧医ｊ驥崎ｦ∝ｺｦ縺ｮ鬮倥＞繧ゅ・縺ｧ荳頑嶌縺・[32m 2[2mms[22m[39m
 [32m笨・[39m src/features/dashboard/__tests__/crossModuleAlerts.test.ts[2m > [22mC-3 Cross-Module Alert Integration[2m > [22mbuildCrossModuleDashboardAlerts[2m > [22m繧｢繝ｩ繝ｼ繝医す繝翫Μ繧ｪ縺ｮ邨ｱ蜷医ユ繧ｹ繝・[32m 3[2mms[22m[39m
 [32m笨・[39m src/features/dashboard/__tests__/crossModuleAlerts.test.ts[2m > [22mC-3 Cross-Module Alert Integration[2m > [22mIntegration Test: Safety HUD騾｣謳ｺ[2m > [22mE2E: DailyUserSnapshot 竊・CrossModuleAlert 竊・DashboardSummary 竊・Safety HUD[32m 2[2mms[22m[39m
 [32m笨・[39m src/features/dashboard/__tests__/crossModuleAlerts.test.ts[2m > [22mC-3 Cross-Module Alert Integration[2m > [22mIntegration Test: Safety HUD騾｣謳ｺ[2m > [22mCross-Module Alert迚ｹ蠕ｴ遒ｺ隱・[32m 1[2mms[22m[39m
 [32m笨・[39m src/features/attendance/__tests__/journalMapper.test.ts[2m > [22mmapStatusToJournal[2m > [22mstatus=騾壽園荳ｭ, earlyLeave=false 竊・蜃ｺ蟶ｭ[32m 4[2mms[22m[39m
 [32m笨・[39m src/features/attendance/__tests__/journalMapper.test.ts[2m > [22mmapStatusToJournal[2m > [22mstatus=騾謇貂・ earlyLeave=false 竊・蜃ｺ蟶ｭ[32m 1[2mms[22m[39m
 [32m笨・[39m src/features/attendance/__tests__/journalMapper.test.ts[2m > [22mmapStatusToJournal[2m > [22mstatus=蠖捺律谺蟶ｭ, earlyLeave=false 竊・谺蟶ｭ[32m 1[2mms[22m[39m
 [32m笨・[39m src/features/attendance/__tests__/journalMapper.test.ts[2m > [22mmapStatusToJournal[2m > [22mstatus=譛ｪ, earlyLeave=false 竊・蜃ｺ蟶ｭ[32m 1[2mms[22m[39m
 [32m笨・[39m src/features/attendance/__tests__/journalMapper.test.ts[2m > [22mmapStatusToJournal[2m > [22m譌ｩ騾: 騾謇貂・+ isEarlyLeave 竊・譌ｩ騾[32m 1[2mms[22m[39m
 [32m笨・[39m src/features/attendance/__tests__/journalMapper.test.ts[2m > [22mmapStatusToJournal[2m > [22m譌ｩ騾: 騾壽園荳ｭ + isEarlyLeave 竊・譌ｩ騾[32m 1[2mms[22m[39m
 [32m笨・[39m src/features/attendance/__tests__/journalMapper.test.ts[2m > [22mmapStatusToJournal[2m > [22m谺蟶ｭ縺ｯ譌ｩ騾繝輔Λ繧ｰ辟｡隕・[32m 1[2mms[22m[39m
 [32m笨・[39m src/features/attendance/__tests__/journalMapper.test.ts[2m > [22mmapTransportToJournal[2m > [22mmethod=office_shuttle 竊・豢ｻ騾∬ｿ寂・笳・[32m 1[2mms[22m[39m
 [32m笨・[39m src/features/attendance/__tests__/journalMapper.test.ts[2m > [22mmapTransportToJournal[2m > [22mmethod=family 竊・螳ｶ譌鞘・K[32m 1[2mms[22m[39m
 [32m笨・[39m src/features/attendance/__tests__/journalMapper.test.ts[2m > [22mmapTransportToJournal[2m > [22mmethod=self 竊・蠕呈ｭｩ竊探[32m 1[2mms[22m[39m
 [32m笨・[39m src/features/attendance/__tests__/journalMapper.test.ts[2m > [22mmapTransportToJournal[2m > [22mmethod=guide_helper 竊・豢ｻ騾∬ｿ寂・笳・[32m 1[2mms[22m[39m
 [32m笨・[39m src/features/attendance/__tests__/journalMapper.test.ts[2m > [22mmapTransportToJournal[2m > [22mmethod=other 竊・[32m 0[2mms[22m[39m
 [32m笨・[39m src/features/attendance/__tests__/journalMapper.test.ts[2m > [22mmapTransportToJournal[2m > [22mundefined 竊・遨ｺ譁・ｭ・[32m 0[2mms[22m[39m
 [32m笨・[39m src/features/attendance/__tests__/journalMapper.test.ts[2m > [22mmapVisitToJournalEntry[2m > [22m蜃ｺ蟶ｭ陦後ｒ螟画鋤[32m 2[2mms[22m[39m
 [32m笨・[39m src/features/attendance/__tests__/journalMapper.test.ts[2m > [22mmapVisitToJournalEntry[2m > [22m谺蟶ｭ陦・ 騾∬ｿ弱・譎ょ綾縺ｯ遨ｺ[32m 1[2mms[22m[39m
 [32m笨・[39m src/features/attendance/__tests__/journalMapper.test.ts[2m > [22mmapVisitToJournalEntry[2m > [22m譌ｩ騾陦・[32m 1[2mms[22m[39m
 [32m笨・[39m src/features/daily/__tests__/dailyTableRepository.spec.ts[2m > [22mdailyTableRepository[2m > [22mshould save and retrieve records for a specific user within range[32m 8[2mms[22m[39m
 [32m笨・[39m src/features/daily/__tests__/dailyTableRepository.spec.ts[2m > [22mdailyTableRepository[2m > [22mshould filter records outside the date range[32m 1[2mms[22m[39m
 [32m笨・[39m src/features/daily/__tests__/dailyTableRepository.spec.ts[2m > [22mdailyTableRepository[2m > [22mshould overwrite records with the same userId and date[32m 1[2mms[22m[39m
 [32m笨・[39m src/features/daily/__tests__/dailyTableRepository.spec.ts[2m > [22mdailyTableRepository[2m > [22mshould handle numeric userId by normalizing to string[32m 1[2mms[22m[39m
 [32m笨・[39m src/features/daily/__tests__/dailyTableRepository.spec.ts[2m > [22mdailyTableRepository[2m > [22mshould prune old records when exceeding PRUNE_LIMIT[32m 9[2mms[22m[39m
 [32m笨・[39m src/domain/bridge/__tests__/monitoringSchedule.spec.ts[2m > [22mcomputeMonitoringSchedule[2m > [22mshould return null for invalid appliedFrom[32m 4[2mms[22m[39m
 [32m笨・[39m src/domain/bridge/__tests__/monitoringSchedule.spec.ts[2m > [22mcomputeMonitoringSchedule[2m > [22mshould compute first monitoring due date from start[32m 2[2mms[22m[39m
 [32m笨・[39m src/domain/bridge/__tests__/monitoringSchedule.spec.ts[2m > [22mcomputeMonitoringSchedule[2m > [22mshould use lastMonitoredAt for next due date[32m 1[2mms[22m[39m
 [32m笨・[39m src/domain/bridge/__tests__/monitoringSchedule.spec.ts[2m > [22mcomputeMonitoringSchedule[2m > [22mshould prefer reviewedAt over lastMonitoredAt[32m 1[2mms[22m[39m
 [32m笨・[39m src/domain/bridge/__tests__/monitoringSchedule.spec.ts[2m > [22mcomputeMonitoringSchedule[2m > [22mshould detect overdue[32m 1[2mms[22m[39m
 [32m笨・[39m src/domain/bridge/__tests__/monitoringSchedule.spec.ts[2m > [22mcomputeMonitoringSchedule[2m > [22mshould detect due today[32m 1[2mms[22m[39m
 [32m笨・[39m src/domain/bridge/__tests__/monitoringSchedule.spec.ts[2m > [22mcomputeMonitoringSchedule[2m > [22mshould detect upcoming (within 14 days)[32m 1[2mms[22m[39m
 [32m笨・[39m src/domain/bridge/__tests__/monitoringSchedule.spec.ts[2m > [22mcomputeMonitoringSchedule[2m > [22mshould generate annual schedule[32m 1[2mms[22m[39m
 [32m笨・[39m src/domain/bridge/__tests__/monitoringSchedule.spec.ts[2m > [22mcomputeMonitoringSchedule[2m > [22mshould mark completed milestones[32m 1[2mms[22m[39m
 [32m笨・[39m src/domain/bridge/__tests__/monitoringSchedule.spec.ts[2m > [22mcomputeMonitoringSchedule[2m > [22mshould use default 90 days if reviewCycleDays not specified[32m 1[2mms[22m[39m
 [32m笨・[39m src/domain/bridge/__tests__/monitoringSchedule.spec.ts[2m > [22mformatMonitoringDeadline[2m > [22mshould format overdue[32m 1[2mms[22m[39m
 [32m笨・[39m src/domain/bridge/__tests__/monitoringSchedule.spec.ts[2m > [22mformatMonitoringDeadline[2m > [22mshould format due today[32m 1[2mms[22m[39m
 [32m笨・[39m src/domain/bridge/__tests__/monitoringSchedule.spec.ts[2m > [22mformatMonitoringDeadline[2m > [22mshould format upcoming[32m 1[2mms[22m[39m
 [32m笨・[39m src/domain/bridge/__tests__/monitoringSchedule.spec.ts[2m > [22mformatMonitoringDeadline[2m > [22mshould format safe[32m 1[2mms[22m[39m
 [32m笨・[39m src/domain/user/__tests__/buildRequiredUserSnapshot.spec.ts[2m > [22mbuildRequiredUserSnapshot[2m > [22m豁｣蟶ｸ: UserSnapshot 繧堤函謌舌☆繧・[32m 5[2mms[22m[39m
 [32m笨・[39m src/domain/user/__tests__/buildRequiredUserSnapshot.spec.ts[2m > [22mbuildRequiredUserSnapshot[2m > [22m豁｣蟶ｸ: 譛蟆城剞縺ｮ繝輔ぅ繝ｼ繝ｫ繝峨〒繧ら函謌舌〒縺阪ｋ[32m 1[2mms[22m[39m
 [32m笨・[39m src/domain/user/__tests__/buildRequiredUserSnapshot.spec.ts[2m > [22mbuildRequiredUserSnapshot[2m > [22m繧ｨ繝ｩ繝ｼ: null 縺ｪ繧・RequiredUserNotResolvedError[32m 1[2mms[22m[39m
 [32m笨・[39m src/domain/user/__tests__/buildRequiredUserSnapshot.spec.ts[2m > [22mbuildRequiredUserSnapshot[2m > [22m繧ｨ繝ｩ繝ｼ: undefined 縺ｪ繧・RequiredUserNotResolvedError[32m 1[2mms[22m[39m
 [32m笨・[39m src/domain/user/__tests__/buildRequiredUserSnapshot.spec.ts[2m > [22mbuildRequiredUserSnapshot[2m > [22m繧ｨ繝ｩ繝ｼ: userId 縺後Γ繝・そ繝ｼ繧ｸ縺ｫ蜷ｫ縺ｾ繧後ｋ[32m 1[2mms[22m[39m
 [32m笨・[39m src/domain/user/__tests__/buildRequiredUserSnapshot.spec.ts[2m > [22mbuildRequiredUserSnapshot[2m > [22m繧ｨ繝ｩ繝ｼ: userId 逵∫払譎ゅｂ繧ｨ繝ｩ繝ｼ繝｡繝・そ繝ｼ繧ｸ縺悟・繧・[32m 1[2mms[22m[39m
 [32m笨・[39m src/domain/user/__tests__/buildRequiredUserSnapshot.spec.ts[2m > [22mbuildRequiredUserRef[2m > [22m豁｣蟶ｸ: UserRef 繧堤函謌舌☆繧・[32m 2[2mms[22m[39m
 [32m笨・[39m src/domain/user/__tests__/buildRequiredUserSnapshot.spec.ts[2m > [22mbuildRequiredUserRef[2m > [22m繧ｨ繝ｩ繝ｼ: null 縺ｪ繧・RequiredUserNotResolvedError[32m 1[2mms[22m[39m
 [32m笨・[39m src/domain/user/__tests__/buildRequiredUserSnapshot.spec.ts[2m > [22mbuildRequiredUserRef[2m > [22m繧ｨ繝ｩ繝ｼ: undefined 縺ｪ繧・RequiredUserNotResolvedError[32m 1[2mms[22m[39m
 [32m笨・[39m src/domain/user/__tests__/buildRequiredUserSnapshot.spec.ts[2m > [22mRequiredUserNotResolvedError[2m > [22mcode 縺・REQUIRED_USER_NOT_RESOLVED[32m 1[2mms[22m[39m
 [32m笨・[39m src/domain/user/__tests__/buildRequiredUserSnapshot.spec.ts[2m > [22mRequiredUserNotResolvedError[2m > [22mError 繧堤ｶ呎価縺励※縺・ｋ[32m 1[2mms[22m[39m
 [32m笨・[39m src/features/daily/domain/__tests__/executionRecordTypes.spec.ts[2m > [22mmakeRecordId[2m > [22mcreates composite key from date, userId, scheduleItemId[32m 4[2mms[22m[39m
 [32m笨・[39m src/features/daily/domain/__tests__/executionRecordTypes.spec.ts[2m > [22mmakeDailyUserKey[2m > [22mcreates date::userId key[32m 1[2mms[22m[39m
 [32m笨・[39m src/features/daily/domain/__tests__/executionRecordTypes.spec.ts[2m > [22mcreateEmptyRecord[2m > [22mcreates a record with unrecorded status[32m 2[2mms[22m[39m
 [32m笨・[39m src/features/daily/domain/__tests__/executionRecordTypes.spec.ts[2m > [22mexecutionRecordSchema[2m > [22mvalidates a correct record[32m 3[2mms[22m[39m
 [32m笨・[39m src/features/daily/domain/__tests__/executionRecordTypes.spec.ts[2m > [22mexecutionRecordSchema[2m > [22mrejects invalid date format[32m 2[2mms[22m[39m
 [32m笨・[39m src/features/daily/domain/__tests__/executionRecordTypes.spec.ts[2m > [22mexecutionRecordSchema[2m > [22mrejects invalid status[32m 1[2mms[22m[39m
 [32m笨・[39m src/features/daily/domain/__tests__/executionRecordTypes.spec.ts[2m > [22mexecutionRecordSchema[2m > [22maccepts all 4 valid statuses[32m 1[2mms[22m[39m
 [32m笨・[39m src/features/daily/domain/__tests__/executionRecordTypes.spec.ts[2m > [22mexecutionStoreSchema[2m > [22mvalidates empty store[32m 2[2mms[22m[39m
 [32m笨・[39m src/features/daily/domain/__tests__/executionRecordTypes.spec.ts[2m > [22mexecutionStoreSchema[2m > [22mvalidates store with records[32m 2[2mms[22m[39m
 [32m笨・[39m tests/unit/service-provision/repository.spec.ts[2m > [22mInMemoryServiceProvisionRepository[2m > [22m譁ｰ隕・upsert 竊・繝ｬ繧ｳ繝ｼ繝我ｽ懈・[32m 5[2mms[22m[39m
 [32m笨・[39m tests/unit/service-provision/repository.spec.ts[2m > [22mInMemoryServiceProvisionRepository[2m > [22m蜷御ｸ EntryKey 縺ｧ蜀・upsert 竊・譖ｴ譁ｰ・井ｻｶ謨ｰ蠅励∴縺ｪ縺・ｼ・[32m 2[2mms[22m[39m
 [32m笨・[39m tests/unit/service-provision/repository.spec.ts[2m > [22mInMemoryServiceProvisionRepository[2m > [22m逡ｰ縺ｪ繧・EntryKey 竊・蛻･繝ｬ繧ｳ繝ｼ繝峨→縺励※菴懈・[32m 1[2mms[22m[39m
 [32m笨・[39m tests/unit/service-provision/repository.spec.ts[2m > [22mInMemoryServiceProvisionRepository[2m > [22mupsert 譎ゅ↓ id 縺ｯ菫晄戟縺輔ｌ繧具ｼ域峩譁ｰ縺ｧ繧ょ､峨ｏ繧峨↑縺・ｼ・[32m 1[2mms[22m[39m
 [32m笨・[39m tests/unit/service-provision/repository.spec.ts[2m > [22mInMemoryServiceProvisionRepository[2m > [22m蜈ｨ繝輔ぅ繝ｼ繝ｫ繝峨′豁｣縺励￥菫晏ｭ倥＆繧後ｋ[32m 1[2mms[22m[39m
 [32m笨・[39m tests/unit/service-provision/repository.spec.ts[2m > [22mInMemoryServiceProvisionRepository[2m > [22m蟄伜惠縺吶ｋ EntryKey 竊・繝ｬ繧ｳ繝ｼ繝芽ｿ泌唆[32m 1[2mms[22m[39m
 [32m笨・[39m tests/unit/service-provision/repository.spec.ts[2m > [22mInMemoryServiceProvisionRepository[2m > [22m蟄伜惠縺励↑縺・EntryKey 竊・null[32m 1[2mms[22m[39m
 [32m笨・[39m tests/unit/service-provision/repository.spec.ts[2m > [22mInMemoryServiceProvisionRepository[2m > [22m謖・ｮ壽律縺ｮ繝ｬ繧ｳ繝ｼ繝峨・縺ｿ霑斐☆[32m 1[2mms[22m[39m
 [32m笨・[39m tests/unit/service-provision/repository.spec.ts[2m > [22mInMemoryServiceProvisionRepository[2m > [22m繝ｬ繧ｳ繝ｼ繝峨↑縺玲律 竊・遨ｺ驟榊・[32m 2[2mms[22m[39m
 [32m笨・[39m tests/unit/service-provision/repository.spec.ts[2m > [22mInMemoryServiceProvisionRepository[2m > [22m逵∫払繝輔ぅ繝ｼ繝ｫ繝峨・繝・ヵ繧ｩ繝ｫ繝亥､縺瑚ｨｭ螳壹＆繧後ｋ[32m 1[2mms[22m[39m
 [32m笨・[39m src/stores/__tests__/useDataSourceStore.spec.ts[2m > [22museDataSourceStore[2m > [22mstarts with empty sources[32m 7[2mms[22m[39m
 [32m笨・[39m src/stores/__tests__/useDataSourceStore.spec.ts[2m > [22museDataSourceStore[2m > [22mreport() adds a data source entry with timestamp[32m 2[2mms[22m[39m
 [32m笨・[39m src/stores/__tests__/useDataSourceStore.spec.ts[2m > [22museDataSourceStore[2m > [22mreport() updates existing entry[32m 1[2mms[22m[39m
 [32m笨・[39m src/stores/__tests__/useDataSourceStore.spec.ts[2m > [22museDataSourceStore[2m > [22mselectHasFallback returns true when any source is fallback[32m 1[2mms[22m[39m
 [32m笨・[39m src/stores/__tests__/useDataSourceStore.spec.ts[2m > [22museDataSourceStore[2m > [22mselectHasFallback returns false when all sources are live[32m 1[2mms[22m[39m
 [32m笨・[39m src/stores/__tests__/useDataSourceStore.spec.ts[2m > [22museDataSourceStore[2m > [22mselectFallbackSources returns only fallback entries[32m 2[2mms[22m[39m
 [32m笨・[39m src/stores/__tests__/useDataSourceStore.spec.ts[2m > [22museDataSourceStore[2m > [22mselectSummary provides correct counts[32m 1[2mms[22m[39m
 [32m笨・[39m src/stores/__tests__/useDataSourceStore.spec.ts[2m > [22museDataSourceStore[2m > [22mclear() removes a specific source[32m 1[2mms[22m[39m
 [32m笨・[39m src/stores/__tests__/useDataSourceStore.spec.ts[2m > [22museDataSourceStore[2m > [22mclearAll() removes all sources[32m 2[2mms[22m[39m
 [32m笨・[39m src/sharepoint/query/__tests__/builders.spec.ts[2m > [22mOData query builders[2m > [22mbuildEq[2m > [22mwraps string value in single quotes[32m 4[2mms[22m[39m
 [32m笨・[39m src/sharepoint/query/__tests__/builders.spec.ts[2m > [22mOData query builders[2m > [22mbuildEq[2m > [22memits bare number without quotes[32m 1[2mms[22m[39m
 [32m笨・[39m src/sharepoint/query/__tests__/builders.spec.ts[2m > [22mOData query builders[2m > [22mbuildEq[2m > [22memits bare boolean without quotes[32m 1[2mms[22m[39m
 [32m笨・[39m src/sharepoint/query/__tests__/builders.spec.ts[2m > [22mOData query builders[2m > [22mbuildEq[2m > [22mescapes single quotes in string values[32m 1[2mms[22m[39m
 [32m笨・[39m src/sharepoint/query/__tests__/builders.spec.ts[2m > [22mOData query builders[2m > [22mbuildNe[2m > [22mbuilds ne filter[32m 1[2mms[22m[39m
 [32m笨・[39m src/sharepoint/query/__tests__/builders.spec.ts[2m > [22mOData query builders[2m > [22mbuildGe / buildLe / buildGt / buildLt[2m > [22mbuilds ge filter[32m 1[2mms[22m[39m
 [32m笨・[39m src/sharepoint/query/__tests__/builders.spec.ts[2m > [22mOData query builders[2m > [22mbuildGe / buildLe / buildGt / buildLt[2m > [22mbuilds le filter[32m 1[2mms[22m[39m
 [32m笨・[39m src/sharepoint/query/__tests__/builders.spec.ts[2m > [22mOData query builders[2m > [22mbuildGe / buildLe / buildGt / buildLt[2m > [22mbuilds gt filter[32m 1[2mms[22m[39m
 [32m笨・[39m src/sharepoint/query/__tests__/builders.spec.ts[2m > [22mOData query builders[2m > [22mbuildGe / buildLe / buildGt / buildLt[2m > [22mbuilds lt filter[32m 1[2mms[22m[39m
 [32m笨・[39m src/sharepoint/query/__tests__/builders.spec.ts[2m > [22mOData query builders[2m > [22mbuildSubstringOf[2m > [22mwraps value in single quotes and escapes them[32m 1[2mms[22m[39m
 [32m笨・[39m src/sharepoint/query/__tests__/builders.spec.ts[2m > [22mOData query builders[2m > [22mbuildStartsWith[2m > [22mwraps value in single quotes and escapes them[32m 1[2mms[22m[39m
 [32m笨・[39m src/sharepoint/query/__tests__/builders.spec.ts[2m > [22mOData query builders[2m > [22mbuildDateTime[2m > [22memits datetime literal[32m 1[2mms[22m[39m
 [32m笨・[39m src/sharepoint/query/__tests__/builders.spec.ts[2m > [22mOData query builders[2m > [22mjoinAnd[2m > [22mjoins two filters with " and "[32m 1[2mms[22m[39m
 [32m笨・[39m src/sharepoint/query/__tests__/builders.spec.ts[2m > [22mOData query builders[2m > [22mjoinAnd[2m > [22mfilters out falsy values[32m 1[2mms[22m[39m
 [32m笨・[39m src/sharepoint/query/__tests__/builders.spec.ts[2m > [22mOData query builders[2m > [22mjoinAnd[2m > [22mreturns empty string when all falsy[32m 1[2mms[22m[39m
 [32m笨・[39m src/sharepoint/query/__tests__/builders.spec.ts[2m > [22mOData query builders[2m > [22mjoinOr[2m > [22mjoins two filters with " or "[32m 1[2mms[22m[39m
 [32m笨・[39m src/sharepoint/query/__tests__/builders.spec.ts[2m > [22mOData query builders[2m > [22mjoinOr[2m > [22mfilters out falsy values[32m 0[2mms[22m[39m
 [32m笨・[39m src/features/callLogs/data/__tests__/buildCallLogCreateBody.spec.ts[2m > [22mbuildCallLogCreateBody 窶・status[2m > [22mshould set status to "callback_pending" when needCallback=true[32m 4[2mms[22m[39m
 [32m笨・[39m src/features/callLogs/data/__tests__/buildCallLogCreateBody.spec.ts[2m > [22mbuildCallLogCreateBody 窶・status[2m > [22mshould set status to "callback_pending" when callbackDueAt exists[32m 1[2mms[22m[39m
 [32m笨・[39m src/features/callLogs/data/__tests__/buildCallLogCreateBody.spec.ts[2m > [22mbuildCallLogCreateBody 窶・status[2m > [22mshould set status to "new" when callback requirement is absent[32m 1[2mms[22m[39m
 [32m笨・[39m src/features/callLogs/data/__tests__/buildCallLogCreateBody.spec.ts[2m > [22mbuildCallLogCreateBody 窶・receivedByName[2m > [22mshould inject the receivedByName parameter into the body[32m 1[2mms[22m[39m
 [32m笨・[39m src/features/callLogs/data/__tests__/buildCallLogCreateBody.spec.ts[2m > [22mbuildCallLogCreateBody 窶・receivedAt[2m > [22mshould use provided receivedAt when set[32m 1[2mms[22m[39m
 [32m笨・[39m src/features/callLogs/data/__tests__/buildCallLogCreateBody.spec.ts[2m > [22mbuildCallLogCreateBody 窶・receivedAt[2m > [22mshould use now.toISOString() when receivedAt is omitted[32m 1[2mms[22m[39m
 [32m笨・[39m src/features/callLogs/data/__tests__/buildCallLogCreateBody.spec.ts[2m > [22mbuildCallLogCreateBody 窶・urgency[2m > [22mshould use provided urgency when set[32m 1[2mms[22m[39m
 [32m笨・[39m src/features/callLogs/data/__tests__/buildCallLogCreateBody.spec.ts[2m > [22mbuildCallLogCreateBody 窶・urgency[2m > [22mshould default urgency to "normal" when omitted[32m 1[2mms[22m[39m
 [32m笨・[39m src/features/callLogs/data/__tests__/buildCallLogCreateBody.spec.ts[2m > [22mbuildCallLogCreateBody 窶・Title[2m > [22mshould generate Title as "subject (callerName)"[32m 1[2mms[22m[39m
 [32m笨・[39m src/features/callLogs/data/__tests__/buildCallLogCreateBody.spec.ts[2m > [22mbuildCallLogCreateBody 窶・optional fields[2m > [22mshould set callerOrg to null when omitted[32m 1[2mms[22m[39m
 [32m笨・[39m src/features/callLogs/data/__tests__/buildCallLogCreateBody.spec.ts[2m > [22mbuildCallLogCreateBody 窶・optional fields[2m > [22mshould set relatedUserId to null when omitted[32m 1[2mms[22m[39m
 [32m笨・[39m src/features/callLogs/data/__tests__/buildCallLogCreateBody.spec.ts[2m > [22mbuildCallLogCreateBody 窶・optional fields[2m > [22mshould set callbackDueAt to null when omitted[32m 1[2mms[22m[39m
 [32m笨・[39m src/features/callLogs/data/__tests__/buildCallLogCreateBody.spec.ts[2m > [22mbuildCallLogCreateBody 窶・optional fields[2m > [22mshould include callerOrg when provided[32m 1[2mms[22m[39m
 [32m笨・[39m src/features/callLogs/data/__tests__/buildCallLogCreateBody.spec.ts[2m > [22mbuildCallLogCreateBody 窶・optional fields[2m > [22mshould include callbackDueAt when provided[32m 1[2mms[22m[39m
 [32m笨・[39m src/features/import/domain/__tests__/autoLinkBipToProcedures.spec.ts[2m > [22mautoLinkBipToProcedures[2m > [22mreturns procedures unchanged when plans is empty[32m 5[2mms[22m[39m
 [32m笨・[39m src/features/import/domain/__tests__/autoLinkBipToProcedures.spec.ts[2m > [22mautoLinkBipToProcedures[2m > [22mlinks via synonym match: 縺ｯ縺輔∩ 竊・邏吝・繧・[32m 3[2mms[22m[39m
 [32m笨・[39m src/features/import/domain/__tests__/autoLinkBipToProcedures.spec.ts[2m > [22mautoLinkBipToProcedures[2m > [22mlinks via synonym match: 鬟滉ｺ・竊・邨ｦ鬟・[32m 1[2mms[22m[39m
 [32m笨・[39m src/features/import/domain/__tests__/autoLinkBipToProcedures.spec.ts[2m > [22mautoLinkBipToProcedures[2m > [22mlinks via direct keyword match in activity[32m 1[2mms[22m[39m
 [32m笨・[39m src/features/import/domain/__tests__/autoLinkBipToProcedures.spec.ts[2m > [22mautoLinkBipToProcedures[2m > [22mdoes NOT link unrelated items[32m 2[2mms[22m[39m
 [32m笨・[39m src/features/import/domain/__tests__/autoLinkBipToProcedures.spec.ts[2m > [22mautoLinkBipToProcedures[2m > [22mlinks multiple plans to one procedure[32m 1[2mms[22m[39m
 [32m笨・[39m src/features/import/domain/__tests__/autoLinkBipToProcedures.spec.ts[2m > [22mautoLinkBipToProcedures[2m > [22mpreserves existing linkedInterventionIds[32m 1[2mms[22m[39m
 [32m笨・[39m src/features/import/domain/__tests__/autoLinkBipToProcedures.spec.ts[2m > [22mautoLinkBipToProcedures[2m > [22mdeduplicates linked IDs[32m 1[2mms[22m[39m
 [32m笨・[39m src/features/import/domain/__tests__/autoLinkBipToProcedures.spec.ts[2m > [22mautoLinkBipToProcedures[2m > [22mdoes not mutate original procedures[32m 1[2mms[22m[39m
 [32m笨・[39m src/features/callLogs/domain/__tests__/callbackDueLabel.spec.ts[2m > [22mgetCallbackDueInfo[2m > [22mshould return none for status=new[32m 5[2mms[22m[39m
 [32m笨・[39m src/features/callLogs/domain/__tests__/callbackDueLabel.spec.ts[2m > [22mgetCallbackDueInfo[2m > [22mshould return none for status=done[32m 1[2mms[22m[39m
 [32m笨・[39m src/features/callLogs/domain/__tests__/callbackDueLabel.spec.ts[2m > [22mgetCallbackDueInfo[2m > [22mshould return none with label for callback_pending without callbackDueAt[32m 1[2mms[22m[39m
 [32m笨・[39m src/features/callLogs/domain/__tests__/callbackDueLabel.spec.ts[2m > [22mgetCallbackDueInfo[2m > [22mshould return overdue when callbackDueAt is 30 minutes past[32m 1[2mms[22m[39m
 [32m笨・[39m src/features/callLogs/domain/__tests__/callbackDueLabel.spec.ts[2m > [22mgetCallbackDueInfo[2m > [22mshould return overdue when callbackDueAt is 3 hours past[32m 1[2mms[22m[39m
 [32m笨・[39m src/features/callLogs/domain/__tests__/callbackDueLabel.spec.ts[2m > [22mgetCallbackDueInfo[2m > [22mshould return overdue when callbackDueAt is 2 days past[32m 1[2mms[22m[39m
 [32m笨・[39m src/features/callLogs/domain/__tests__/callbackDueLabel.spec.ts[2m > [22mgetCallbackDueInfo[2m > [22mshould return due-soon when callbackDueAt is 30 minutes ahead[32m 1[2mms[22m[39m
 [32m笨・[39m src/features/callLogs/domain/__tests__/callbackDueLabel.spec.ts[2m > [22mgetCallbackDueInfo[2m > [22mshould return due-soon when callbackDueAt is 1 hour 45 minutes ahead[32m 1[2mms[22m[39m
 [32m笨・[39m src/features/callLogs/domain/__tests__/callbackDueLabel.spec.ts[2m > [22mgetCallbackDueInfo[2m > [22mshould return due-later when callbackDueAt is 5 hours ahead[32m 1[2mms[22m[39m
 [32m笨・[39m src/features/callLogs/domain/__tests__/callbackDueLabel.spec.ts[2m > [22mgetCallbackDueInfo[2m > [22mshould return due-later when callbackDueAt is next day[32m 1[2mms[22m[39m
 [32m笨・[39m src/features/callLogs/domain/__tests__/callbackDueLabel.spec.ts[2m > [22mgetCallbackDueInfo[2m > [22mshould return overdue at exactly 1 minute past due[32m 1[2mms[22m[39m
 [32m笨・[39m src/features/callLogs/domain/__tests__/callbackDueLabel.spec.ts[2m > [22mgetCallbackDueInfo[2m > [22mshould return due-soon at exactly 2 hours before due[32m 1[2mms[22m[39m
 [32m笨・[39m src/features/callLogs/domain/__tests__/callbackDueLabel.spec.ts[2m > [22mgetCallbackDueInfo[2m > [22mshould return due-later at exactly 2 hours 1 minute before due[32m 1[2mms[22m[39m
 [32m笨・[39m src/features/callLogs/domain/__tests__/callbackDueLabel.spec.ts[2m > [22mgetCallbackDueInfo[2m > [22mshould return due-soon at exactly 0 minutes remaining[32m 1[2mms[22m[39m
 [32m笨・[39m src/features/auth/__tests__/store.spec.ts[2m > [22mDashboardAudience helpers[2m > [22mcanAccessDashboardAudience[2m > [22mcanAccessDashboardAudience(admin, admin) should be true[32m 4[2mms[22m[39m
 [32m笨・[39m src/features/auth/__tests__/store.spec.ts[2m > [22mDashboardAudience helpers[2m > [22mcanAccessDashboardAudience[2m > [22mcanAccessDashboardAudience(admin, staff) should be true[32m 1[2mms[22m[39m
 [32m笨・[39m src/features/auth/__tests__/store.spec.ts[2m > [22mDashboardAudience helpers[2m > [22mcanAccessDashboardAudience[2m > [22mcanAccessDashboardAudience(staff, admin) should be false[32m 1[2mms[22m[39m
 [32m笨・[39m src/features/auth/__tests__/store.spec.ts[2m > [22mDashboardAudience helpers[2m > [22mcanAccessDashboardAudience[2m > [22mcanAccessDashboardAudience(staff, staff) should be true[32m 1[2mms[22m[39m
 [32m笨・[39m src/features/auth/__tests__/store.spec.ts[2m > [22mDashboardAudience helpers[2m > [22misDashboardAudience[2m > [22mshould return true for exact match[32m 1[2mms[22m[39m
 [32m笨・[39m src/features/auth/__tests__/store.spec.ts[2m > [22mDashboardAudience helpers[2m > [22misDashboardAudience[2m > [22mshould return false for non-match[32m 1[2mms[22m[39m
 [32m笨・[39m src/features/auth/__tests__/store.spec.ts[2m > [22mDashboardAudience helpers[2m > [22mdashboardAudienceFromPath[2m > [22mshould return admin for /admin/dashboard paths[32m 1[2mms[22m[39m
 [32m笨・[39m src/features/auth/__tests__/store.spec.ts[2m > [22mDashboardAudience helpers[2m > [22mdashboardAudienceFromPath[2m > [22mshould return staff for non-admin paths[32m 1[2mms[22m[39m
 [32m笨・[39m src/features/auth/__tests__/store.spec.ts[2m > [22mAuth Zustand Store[2m > [22mshould initialize with staff role by default[32m 2[2mms[22m[39m
 [32m笨・[39m src/features/auth/__tests__/store.spec.ts[2m > [22mAuth Zustand Store[2m > [22mshould update role via setCurrentUserRole[32m 7[2mms[22m[39m
 [32m笨・[39m src/features/auth/__tests__/store.spec.ts[2m > [22mAuth Zustand Store[2m > [22mshould persist role to localStorage[32m 3[2mms[22m[39m
 [32m笨・[39m src/features/auth/__tests__/store.spec.ts[2m > [22mAuth Zustand Store[2m > [22mshould not trigger update when setting same role[32m 1[2mms[22m[39m
 [32m笨・[39m tests/unit/audit.more-branches.spec.ts[2m > [22maudit helpers additional branches[2m > [22mtruncates audit log when exceeding MAX_LOGS and prepends new event[32m 8[2mms[22m[39m
 [32m笨・[39m tests/unit/audit.more-branches.spec.ts[2m > [22maudit helpers additional branches[2m > [22mretainAuditWhere keeps filtered subset and persists to storage[32m 3[2mms[22m[39m
 [32m笨・[39m tests/unit/audit.more-branches.spec.ts[2m > [22maudit helpers additional branches[2m > [22mretainAuditWhere handles storage errors gracefully[32m 3[2mms[22m[39m
 [32m笨・[39m tests/unit/audit.more-branches.spec.ts[2m > [22maudit helpers additional branches[2m > [22maddAuditLog forwards to pushAudit with legacy shape[32m 3[2mms[22m[39m
 [32m笨・[39m tests/unit/useAuditSync.dup.spec.ts[2m > [22museAuditSync[2m > [22mreturns zero totals when there are no audit logs[32m 6[2mms[22m[39m
 [32m笨・[39m tests/unit/useAuditSync.dup.spec.ts[2m > [22museAuditSync[2m > [22msyncs all logs and clears audit state when SharePoint writes succeed[32m 6[2mms[22m[39m
 [32m笨・[39m tests/unit/useAuditSync.dup.spec.ts[2m > [22museAuditSync[2m > [22mtreats duplicate errors as success and still clears audit logs[32m 1[2mms[22m[39m
 [32m笨・[39m tests/unit/useAuditSync.dup.spec.ts[2m > [22museAuditSync[2m > [22mlogs unexpected errors and keeps audit data for retry[32m 2[2mms[22m[39m
 [32m笨・[39m tests/unit/hydration/routes.spec.ts[2m > [22mresolveHydrationEntry[2m > [22m蝓ｺ譛ｬ繝ｫ繝ｼ繝医・繝・ヴ繝ｳ繧ｰ[2m > [22mresolves / to { id: 'route:dashboard', label: 'Dashboard', budget: 80 }[32m 5[2mms[22m[39m
 [32m笨・[39m tests/unit/hydration/routes.spec.ts[2m > [22mresolveHydrationEntry[2m > [22m蝓ｺ譛ｬ繝ｫ繝ｼ繝医・繝・ヴ繝ｳ繧ｰ[2m > [22mresolves  to { id: 'route:dashboard', label: 'Dashboard', budget: 80 }[32m 1[2mms[22m[39m
 [32m笨・[39m tests/unit/hydration/routes.spec.ts[2m > [22mresolveHydrationEntry[2m > [22m蝓ｺ譛ｬ繝ｫ繝ｼ繝医・繝・ヴ繝ｳ繧ｰ[2m > [22mresolves /dashboard to { id: 'route:dashboard', label: 'Dashboard', budget: 80 }[32m 1[2mms[22m[39m
 [32m笨・[39m tests/unit/hydration/routes.spec.ts[2m > [22mresolveHydrationEntry[2m > [22m蝓ｺ譛ｬ繝ｫ繝ｼ繝医・繝・ヴ繝ｳ繧ｰ[2m > [22mresolves /today to { id: 'route:today', label: 'Today Ops', budget: 120 }[32m 1[2mms[22m[39m
 [32m笨・[39m tests/unit/hydration/routes.spec.ts[2m > [22mresolveHydrationEntry[2m > [22m蝓ｺ譛ｬ繝ｫ繝ｼ繝医・繝・ヴ繝ｳ繧ｰ[2m > [22mresolves /records to { id: 'route:records', label: 'Records', budget: 90 }[32m 2[2mms[22m[39m
 [32m笨・[39m tests/unit/hydration/routes.spec.ts[2m > [22mresolveHydrationEntry[2m > [22m蝓ｺ譛ｬ繝ｫ繝ｼ繝医・繝・ヴ繝ｳ繧ｰ[2m > [22mresolves /records/support-procedures to { id: 'route:support-procedures', label: 'Support Procedures', budget: 120 }[32m 1[2mms[22m[39m
 [32m笨・[39m tests/unit/hydration/routes.spec.ts[2m > [22mresolveHydrationEntry[2m > [22m蝓ｺ譛ｬ繝ｫ繝ｼ繝医・繝・ヴ繝ｳ繧ｰ[2m > [22mresolves /audit/logs to { id: 'route:audit', label: 'Audit', budget: 90 }[32m 1[2mms[22m[39m
 [32m笨・[39m tests/unit/hydration/routes.spec.ts[2m > [22mresolveHydrationEntry[2m > [22m蝓ｺ譛ｬ繝ｫ繝ｼ繝医・繝・ヴ繝ｳ繧ｰ[2m > [22mresolves /checklist/audit to { id: 'route:checklist', label: 'Checklist', budget: 90 }[32m 1[2mms[22m[39m
 [32m笨・[39m tests/unit/hydration/routes.spec.ts[2m > [22mresolveHydrationEntry[2m > [22m蝓ｺ譛ｬ繝ｫ繝ｼ繝医・繝・ヴ繝ｳ繧ｰ[2m > [22mresolves /users to { id: 'route:users', label: 'Users', budget: 90 }[32m 1[2mms[22m[39m
 [32m笨・[39m tests/unit/hydration/routes.spec.ts[2m > [22mresolveHydrationEntry[2m > [22m蝓ｺ譛ｬ繝ｫ繝ｼ繝医・繝・ヴ繝ｳ繧ｰ[2m > [22mresolves /staff/ to { id: 'route:staff', label: 'Staff', budget: 90 }[32m 1[2mms[22m[39m
 [32m笨・[39m tests/unit/hydration/routes.spec.ts[2m > [22mresolveHydrationEntry[2m > [22m蝓ｺ譛ｬ繝ｫ繝ｼ繝医・繝・ヴ繝ｳ繧ｰ[2m > [22mresolves /schedules/week to { id: 'route:schedules:week', label: 'Schedules Week', budget: 150 }[32m 1[2mms[22m[39m
 [32m笨・[39m tests/unit/hydration/routes.spec.ts[2m > [22mresolveHydrationEntry[2m > [22m蝓ｺ譛ｬ繝ｫ繝ｼ繝医・繝・ヴ繝ｳ繧ｰ[2m > [22mresolves /schedules/month to { id: 'route:schedules:month', label: 'Schedules Month', budget: 160 }[32m 0[2mms[22m[39m
 [32m笨・[39m tests/unit/hydration/routes.spec.ts[2m > [22mresolveHydrationEntry[2m > [22m蝓ｺ譛ｬ繝ｫ繝ｼ繝医・繝・ヴ繝ｳ繧ｰ[2m > [22mresolves /schedules/create to { id: 'route:schedules:create', label: 'Schedules Create', budget: 150 }[32m 0[2mms[22m[39m
 [32m笨・[39m tests/unit/hydration/routes.spec.ts[2m > [22mresolveHydrationEntry[2m > [22m蝓ｺ譛ｬ繝ｫ繝ｼ繝医・繝・ヴ繝ｳ繧ｰ[2m > [22mresolves /schedule/week to { id: 'route:schedules:week', label: 'Schedules Week', budget: 150 }[32m 1[2mms[22m[39m
 [32m笨・[39m tests/unit/hydration/routes.spec.ts[2m > [22mresolveHydrationEntry[2m > [22m蝓ｺ譛ｬ繝ｫ繝ｼ繝医・繝・ヴ繝ｳ繧ｰ[2m > [22mresolves /schedules/day to { id: 'route:schedules:day', label: 'Schedules Day', budget: 120 }[32m 0[2mms[22m[39m
 [32m笨・[39m tests/unit/hydration/routes.spec.ts[2m > [22mresolveHydrationEntry[2m > [22m蝓ｺ譛ｬ繝ｫ繝ｼ繝医・繝・ヴ繝ｳ繧ｰ[2m > [22mresolves /daily to { id: 'route:daily', label: 'Daily Menu', budget: 90 }[32m 0[2mms[22m[39m
 [32m笨・[39m tests/unit/hydration/routes.spec.ts[2m > [22mresolveHydrationEntry[2m > [22m蝓ｺ譛ｬ繝ｫ繝ｼ繝医・繝・ヴ繝ｳ繧ｰ[2m > [22mresolves /daily/support to { id: 'route:daily:support', label: 'Daily Support', budget: 110 }[32m 0[2mms[22m[39m
 [32m笨・[39m tests/unit/hydration/routes.spec.ts[2m > [22mresolveHydrationEntry[2m > [22m蝓ｺ譛ｬ繝ｫ繝ｼ繝医・繝・ヴ繝ｳ繧ｰ[2m > [22mresolves /daily/time-based to { id: 'route:daily:time-based', label: 'Iceberg PDCA', budget: 110 }[32m 0[2mms[22m[39m
 [32m笨・[39m tests/unit/hydration/routes.spec.ts[2m > [22mresolveHydrationEntry[2m > [22m蝓ｺ譛ｬ繝ｫ繝ｼ繝医・繝・ヴ繝ｳ繧ｰ[2m > [22mresolves /daily/activity to { id: 'route:daily:activity', label: 'Daily Activity', budget: 110 }[32m 0[2mms[22m[39m
 [32m笨・[39m tests/unit/hydration/routes.spec.ts[2m > [22mresolveHydrationEntry[2m > [22m蝓ｺ譛ｬ繝ｫ繝ｼ繝医・繝・ヴ繝ｳ繧ｰ[2m > [22mresolves /analysis/dashboard to { id: 'route:analysis:dashboard', label: 'Analysis Dashboard', budget: 120 }[32m 0[2mms[22m[39m
 [32m笨・[39m tests/unit/hydration/routes.spec.ts[2m > [22mresolveHydrationEntry[2m > [22m蝓ｺ譛ｬ繝ｫ繝ｼ繝医・繝・ヴ繝ｳ繧ｰ[2m > [22mresolves /admin/dashboard to { id: 'route:admin:dashboard', label: '邂｡逅・・ム繝・す繝･繝懊・繝・, budget: 110 }[32m 0[2mms[22m[39m
 [32m笨・[39m tests/unit/hydration/routes.spec.ts[2m > [22mresolveHydrationEntry[2m > [22m蝓ｺ譛ｬ繝ｫ繝ｼ繝医・繝・ヴ繝ｳ繧ｰ[2m > [22mresolves /admin/integrated-resource-calendar to { id: 'route:admin:integrated-resource-calendar', label: '邨ｱ蜷医Μ繧ｽ繝ｼ繧ｹ繧ｫ繝ｬ繝ｳ繝繝ｼ邂｡逅・, budget: 140 }[32m 1[2mms[22m[39m
 [32m笨・[39m tests/unit/hydration/routes.spec.ts[2m > [22mresolveHydrationEntry[2m > [22m蝓ｺ譛ｬ繝ｫ繝ｼ繝医・繝・ヴ繝ｳ繧ｰ[2m > [22mresolves /admin/templates to { id: 'route:admin:templates', label: '謾ｯ謠ｴ繝・Φ繝励Ξ繝ｼ繝育ｮ｡逅・, budget: 110 }[32m 1[2mms[22m[39m
 [32m笨・[39m tests/unit/hydration/routes.spec.ts[2m > [22mresolveHydrationEntry[2m > [22m蝓ｺ譛ｬ繝ｫ繝ｼ繝医・繝・ヴ繝ｳ繧ｰ[2m > [22mresolves /admin/step-templates to { id: 'route:admin:step-templates', label: '謾ｯ謠ｴ繧ｹ繝・ャ繝礼ｮ｡逅・, budget: 110 }[32m 1[2mms[22m[39m
 [32m笨・[39m tests/unit/hydration/routes.spec.ts[2m > [22mresolveHydrationEntry[2m > [22m蝓ｺ譛ｬ繝ｫ繝ｼ繝医・繝・ヴ繝ｳ繧ｰ[2m > [22mresolves /admin/individual-support to { id: 'route:admin:individual-support', label: '蛟句挨謾ｯ謠ｴ險育判邂｡逅・, budget: 120 }[32m 0[2mms[22m[39m
 [32m笨・[39m tests/unit/hydration/routes.spec.ts[2m > [22mresolveHydrationEntry[2m > [22m蝓ｺ譛ｬ繝ｫ繝ｼ繝医・繝・ヴ繝ｳ繧ｰ[2m > [22mresolves /handoff-timeline to { id: 'route:handoff-timeline', label: '蠑慕ｶ吶℃繧ｿ繧､繝繝ｩ繧､繝ｳ', budget: 120 }[32m 0[2mms[22m[39m
 [32m笨・[39m tests/unit/hydration/routes.spec.ts[2m > [22mresolveHydrationEntry[2m > [22mview 繧ｯ繧ｨ繝ｪ繝代Λ繝｡繝ｼ繧ｿ縺ｫ繧医ｋ繧ｹ繧ｱ繧ｸ繝･繝ｼ繝ｫ蛻・ｊ譖ｿ縺・[2m > [22mresolves /schedules/week?view=day to { id: 'route:schedules:day', label: 'Schedules Day', budget: 120 } for day view[32m 1[2mms[22m[39m
 [32m笨・[39m tests/unit/hydration/routes.spec.ts[2m > [22mresolveHydrationEntry[2m > [22mview 繧ｯ繧ｨ繝ｪ繝代Λ繝｡繝ｼ繧ｿ縺ｫ繧医ｋ繧ｹ繧ｱ繧ｸ繝･繝ｼ繝ｫ蛻・ｊ譖ｿ縺・[2m > [22mresolves /schedules/day?view=day to { id: 'route:schedules:day', label: 'Schedules Day', budget: 120 } for day view[32m 1[2mms[22m[39m
 [32m笨・[39m tests/unit/hydration/routes.spec.ts[2m > [22mresolveHydrationEntry[2m > [22mview 繧ｯ繧ｨ繝ｪ繝代Λ繝｡繝ｼ繧ｿ縺ｫ繧医ｋ繧ｹ繧ｱ繧ｸ繝･繝ｼ繝ｫ蛻・ｊ譖ｿ縺・[2m > [22mresolves /schedules/month?view=day to { id: 'route:schedules:day', label: 'Schedules Day', budget: 120 } for day view[32m 0[2mms[22m[39m
 [32m笨・[39m tests/unit/hydration/routes.spec.ts[2m > [22mresolveHydrationEntry[2m > [22mview 繧ｯ繧ｨ繝ｪ繝代Λ繝｡繝ｼ繧ｿ縺ｫ繧医ｋ繧ｹ繧ｱ繧ｸ繝･繝ｼ繝ｫ蛻・ｊ譖ｿ縺・[2m > [22mresolves /schedules/week?view=DAY to { id: 'route:schedules:day', label: 'Schedules Day', budget: 120 } for day view (uppercase)[32m 0[2mms[22m[39m
 [32m笨・[39m tests/unit/hydration/routes.spec.ts[2m > [22mresolveHydrationEntry[2m > [22mview 繧ｯ繧ｨ繝ｪ繝代Λ繝｡繝ｼ繧ｿ縺ｫ繧医ｋ繧ｹ繧ｱ繧ｸ繝･繝ｼ繝ｫ蛻・ｊ譖ｿ縺・[2m > [22mresolves /schedules/week?view=Day to { id: 'route:schedules:day', label: 'Schedules Day', budget: 120 } for day view (mixed case)[32m 0[2mms[22m[39m
 [32m笨・[39m tests/unit/hydration/routes.spec.ts[2m > [22mresolveHydrationEntry[2m > [22mview 繧ｯ繧ｨ繝ｪ繝代Λ繝｡繝ｼ繧ｿ縺ｫ繧医ｋ繧ｹ繧ｱ繧ｸ繝･繝ｼ繝ｫ蛻・ｊ譖ｿ縺・[2m > [22mresolves /schedules/week?tab=1&view=day&sort=date to { id: 'route:schedules:day', label: 'Schedules Day', budget: 120 } for day view with other params[32m 0[2mms[22m[39m
 [32m笨・[39m tests/unit/hydration/routes.spec.ts[2m > [22mresolveHydrationEntry[2m > [22mview 繧ｯ繧ｨ繝ｪ繝代Λ繝｡繝ｼ繧ｿ縺ｫ繧医ｋ繧ｹ繧ｱ繧ｸ繝･繝ｼ繝ｫ蛻・ｊ譖ｿ縺・[2m > [22mresolves /schedules/week?tab=1 to { id: 'route:schedules:week', label: 'Schedules Week', budget: 150 } for no view param defaults to week[32m 0[2mms[22m[39m
 [32m笨・[39m tests/unit/hydration/routes.spec.ts[2m > [22mresolveHydrationEntry[2m > [22mview 繧ｯ繧ｨ繝ｪ繝代Λ繝｡繝ｼ繧ｿ縺ｫ繧医ｋ繧ｹ繧ｱ繧ｸ繝･繝ｼ繝ｫ蛻・ｊ譖ｿ縺・[2m > [22mresolves /schedules/day?tab=1 to { id: 'route:schedules:day', label: 'Schedules Day', budget: 120 } for no view param - day path stays day[32m 0[2mms[22m[39m
 [32m笨・[39m tests/unit/hydration/routes.spec.ts[2m > [22mresolveHydrationEntry[2m > [22mview 繧ｯ繧ｨ繝ｪ繝代Λ繝｡繝ｼ繧ｿ縺ｫ繧医ｋ繧ｹ繧ｱ繧ｸ繝･繝ｼ繝ｫ蛻・ｊ譖ｿ縺・[2m > [22mresolves /schedules/month?tab=1 to { id: 'route:schedules:month', label: 'Schedules Month', budget: 160 } for no view param defaults to month[32m 0[2mms[22m[39m
 [32m笨・[39m tests/unit/hydration/routes.spec.ts[2m > [22mresolveHydrationEntry[2m > [22mview 繧ｯ繧ｨ繝ｪ繝代Λ繝｡繝ｼ繧ｿ縺ｫ繧医ｋ繧ｹ繧ｱ繧ｸ繝･繝ｼ繝ｫ蛻・ｊ譖ｿ縺・[2m > [22mresolves /schedules/create?step=1 to { id: 'route:schedules:create', label: 'Schedules Create', budget: 150 } for no view param defaults to create[32m 0[2mms[22m[39m
 [32m笨・[39m tests/unit/hydration/routes.spec.ts[2m > [22mresolveHydrationEntry[2m > [22mview 繧ｯ繧ｨ繝ｪ繝代Λ繝｡繝ｼ繧ｿ縺ｫ繧医ｋ繧ｹ繧ｱ繧ｸ繝･繝ｼ繝ｫ蛻・ｊ譖ｿ縺・[2m > [22mresolves /schedules/week?view=invalid to { id: 'route:schedules:week', label: 'Schedules Week', budget: 150 } for invalid view defaults to week[32m 0[2mms[22m[39m
 [32m笨・[39m tests/unit/hydration/routes.spec.ts[2m > [22mresolveHydrationEntry[2m > [22mview 繧ｯ繧ｨ繝ｪ繝代Λ繝｡繝ｼ繧ｿ縺ｫ繧医ｋ繧ｹ繧ｱ繧ｸ繝･繝ｼ繝ｫ蛻・ｊ譖ｿ縺・[2m > [22mresolves /schedules/month?view=invalid to { id: 'route:schedules:month', label: 'Schedules Month', budget: 160 } for invalid view defaults to month[32m 0[2mms[22m[39m
 [32m笨・[39m tests/unit/hydration/routes.spec.ts[2m > [22mresolveHydrationEntry[2m > [22m繝代せ豁｣隕丞喧[2m > [22mnormalizes casing and trailing slash[32m 1[2mms[22m[39m
 [32m笨・[39m tests/unit/hydration/routes.spec.ts[2m > [22mresolveHydrationEntry[2m > [22m繝代せ豁｣隕丞喧[2m > [22msupports paths without a leading slash[32m 1[2mms[22m[39m
 [32m笨・[39m tests/unit/hydration/routes.spec.ts[2m > [22mresolveHydrationEntry[2m > [22m繝代せ豁｣隕丞喧[2m > [22mhandles mixed case paths correctly[32m 1[2mms[22m[39m
 [32m笨・[39m tests/unit/hydration/routes.spec.ts[2m > [22mresolveHydrationEntry[2m > [22m繝代せ豁｣隕丞喧[2m > [22mquery parameter keys are case sensitive[32m 1[2mms[22m[39m
 [32m笨・[39m tests/unit/hydration/routes.spec.ts[2m > [22mresolveHydrationEntry[2m > [22m繧ｨ繝・ず繧ｱ繝ｼ繧ｹ[2m > [22mreturns null for unmatched paths[32m 1[2mms[22m[39m
 [32m笨・[39m tests/unit/hydration/routes.spec.ts[2m > [22mresolveHydrationEntry[2m > [22m繧ｨ繝・ず繧ｱ繝ｼ繧ｹ[2m > [22mreturns null for empty/undefined inputs[32m 1[2mms[22m[39m
 [32m笨・[39m tests/unit/hydration/routes.spec.ts[2m > [22mresolveHydrationEntry[2m > [22m繧ｨ繝・ず繧ｱ繝ｼ繧ｹ[2m > [22mhandles malformed query strings gracefully[32m 1[2mms[22m[39m
 [32m笨・[39m src/features/exceptions/domain/__tests__/mapSuggestionToException.spec.ts[2m > [22mmapSuggestionToException[2m > [22mP0 竊・critical severity 縺ｫ螟画鋤縺吶ｋ[32m 5[2mms[22m[39m
 [32m笨・[39m src/features/exceptions/domain/__tests__/mapSuggestionToException.spec.ts[2m > [22mmapSuggestionToException[2m > [22mP1 竊・high severity 縺ｫ螟画鋤縺吶ｋ[32m 1[2mms[22m[39m
 [32m笨・[39m src/features/exceptions/domain/__tests__/mapSuggestionToException.spec.ts[2m > [22mmapSuggestionToException[2m > [22mP2 竊・medium severity 縺ｫ螟画鋤縺吶ｋ[32m 1[2mms[22m[39m
 [32m笨・[39m src/features/exceptions/domain/__tests__/mapSuggestionToException.spec.ts[2m > [22mmapSuggestionToException[2m > [22mid 縺ｯ ae: 繝励Ξ繝輔ぅ繝・け繧ｹ + stableId[32m 1[2mms[22m[39m
 [32m笨・[39m src/features/exceptions/domain/__tests__/mapSuggestionToException.spec.ts[2m > [22mmapSuggestionToException[2m > [22mstableId 縺・ExceptionItem 縺ｫ菫晄戟縺輔ｌ繧・[32m 1[2mms[22m[39m
 [32m笨・[39m src/features/exceptions/domain/__tests__/mapSuggestionToException.spec.ts[2m > [22mmapSuggestionToException[2m > [22mdescription 縺ｫ evidence 隕∫ｴ・′蜈･繧・[32m 1[2mms[22m[39m
 [32m笨・[39m src/features/exceptions/domain/__tests__/mapSuggestionToException.spec.ts[2m > [22mmapSuggestionToException[2m > [22mCTA 縺ｮ label 縺ｨ route 縺・actionLabel / actionPath 縺ｫ繝槭ャ繝斐Φ繧ｰ縺輔ｌ繧・[32m 1[2mms[22m[39m
 [32m笨・[39m src/features/exceptions/domain/__tests__/mapSuggestionToException.spec.ts[2m > [22mmapSuggestionToException[2m > [22mtargetUserId 縺御ｿ晄戟縺輔ｌ繧・[32m 1[2mms[22m[39m
 [32m笨・[39m src/features/exceptions/domain/__tests__/mapSuggestionToException.spec.ts[2m > [22mmapSuggestionToException[2m > [22mtargetDate 縺ｯ createdAt 縺ｮ譌･莉倬Κ蛻・[32m 1[2mms[22m[39m
 [32m笨・[39m src/features/exceptions/domain/__tests__/mapSuggestionToException.spec.ts[2m > [22mseverityToPriority[2m > [22mcritical 竊・P0[32m 1[2mms[22m[39m
 [32m笨・[39m src/features/exceptions/domain/__tests__/mapSuggestionToException.spec.ts[2m > [22mseverityToPriority[2m > [22mhigh 竊・P1[32m 1[2mms[22m[39m
 [32m笨・[39m src/features/exceptions/domain/__tests__/mapSuggestionToException.spec.ts[2m > [22mseverityToPriority[2m > [22mmedium 竊・P2[32m 1[2mms[22m[39m
 [32m笨・[39m src/features/exceptions/domain/__tests__/mapSuggestionToException.spec.ts[2m > [22mseverityToPriority[2m > [22mlow 竊・null[32m 1[2mms[22m[39m
 [32m笨・[39m src/features/exceptions/domain/__tests__/mapSuggestionToException.spec.ts[2m > [22mTEMPERATURE_LABELS[2m > [22mP0 縺ｯ蜊ｳ蟇ｾ蠢懈耳螂ｨ[32m 1[2mms[22m[39m
 [32m笨・[39m src/features/exceptions/domain/__tests__/mapSuggestionToException.spec.ts[2m > [22mTEMPERATURE_LABELS[2m > [22mP1 縺ｯ莉企ｱ隕狗峩縺・[32m 1[2mms[22m[39m
 [32m笨・[39m src/features/exceptions/domain/__tests__/mapSuggestionToException.spec.ts[2m > [22mTEMPERATURE_LABELS[2m > [22mP2 縺ｯ隕ｳ蟇溽ｶ咏ｶ・[32m 1[2mms[22m[39m
 [32m笨・[39m src/features/handoff/analysis/ai/__tests__/buildHandoffSummaryPrompt.spec.ts[2m > [22mbuildHandoffSummaryPrompt[2m > [22m遨ｺ繝・・繧ｿ縺ｧ繧ょｮ牙・縺ｫ繝励Ο繝ｳ繝励ヨ縺檎函謌舌＆繧後ｋ[32m 5[2mms[22m[39m
 [32m笨・[39m src/features/handoff/analysis/ai/__tests__/buildHandoffSummaryPrompt.spec.ts[2m > [22mbuildHandoffSummaryPrompt[2m > [22maudience=morning 縺ｧ縲梧悃莨壹阪′蜷ｫ縺ｾ繧後ｋ[32m 1[2mms[22m[39m
 [32m笨・[39m src/features/handoff/analysis/ai/__tests__/buildHandoffSummaryPrompt.spec.ts[2m > [22mbuildHandoffSummaryPrompt[2m > [22maudience=evening 縺ｧ縲悟､穂ｼ壹阪′蜷ｫ縺ｾ繧後ｋ[32m 1[2mms[22m[39m
 [32m笨・[39m src/features/handoff/analysis/ai/__tests__/buildHandoffSummaryPrompt.spec.ts[2m > [22mbuildHandoffSummaryPrompt[2m > [22maudience=manager 縺ｧ縲檎ｮ｡逅・・阪′蜷ｫ縺ｾ繧後ｋ[32m 1[2mms[22m[39m
 [32m笨・[39m src/features/handoff/analysis/ai/__tests__/buildHandoffSummaryPrompt.spec.ts[2m > [22mbuildHandoffSummaryPrompt[2m > [22m繧ｭ繝ｼ繝ｯ繝ｼ繝峨・荳贋ｽ・莉ｶ縺ｾ縺ｧ蜃ｺ蜉帙＆繧後ｋ[32m 1[2mms[22m[39m
 [32m笨・[39m src/features/handoff/analysis/ai/__tests__/buildHandoffSummaryPrompt.spec.ts[2m > [22mbuildHandoffSummaryPrompt[2m > [22m繧｢繝ｩ繝ｼ繝医・荳贋ｽ・莉ｶ縺ｾ縺ｧ蜃ｺ蜉帙＆繧後ｋ[32m 1[2mms[22m[39m
 [32m笨・[39m src/features/handoff/analysis/ai/__tests__/buildHandoffSummaryPrompt.spec.ts[2m > [22mbuildHandoffSummaryPrompt[2m > [22m鬮倥Μ繧ｹ繧ｯ蛻ｩ逕ｨ閠・・ critical/high 縺ｮ縺ｿ蜃ｺ蜉帙＆繧後ｋ[32m 1[2mms[22m[39m
 [32m笨・[39m src/features/handoff/analysis/ai/__tests__/buildHandoffSummaryPrompt.spec.ts[2m > [22mbuildHandoffSummaryPrompt[2m > [22m蠅怜刈蛯ｾ蜷代・蛻ｩ逕ｨ閠・・縺ｿ蜃ｺ蜉帙＆繧後ｋ・・table/decreasing 縺ｯ髯､螟厄ｼ・[32m 1[2mms[22m[39m
 [32m笨・[39m src/features/handoff/analysis/ai/__tests__/buildHandoffSummaryPrompt.spec.ts[2m > [22mbuildHandoffSummaryPrompt[2m > [22mJSON蜃ｺ蜉帛ｽ｢蠑上・謖・､ｺ縺悟性縺ｾ繧後ｋ[32m 1[2mms[22m[39m
 [32m笨・[39m src/features/handoff/analysis/ai/__tests__/buildHandoffSummaryPrompt.spec.ts[2m > [22mbuildHandoffSummaryPrompt[2m > [22m200蟄怜宛髯舌・謖・､ｺ縺悟性縺ｾ繧後ｋ[32m 1[2mms[22m[39m
 [32m笨・[39m src/features/handoff/analysis/ai/__tests__/buildHandoffSummaryPrompt.spec.ts[2m > [22mbuildHandoffSummaryPrompt[2m > [22m繧ｫ繝・ざ繝ｪ蛻・ｸ・′縺ゅｋ蝣ｴ蜷医・蜃ｺ蜉帙＆繧後ｋ[32m 1[2mms[22m[39m
 [32m笨・[39m src/features/handoff/analysis/ai/__tests__/buildHandoffSummaryPrompt.spec.ts[2m > [22mbuildHandoffSummaryPrompt[2m > [22m莠区･ｭ謇蜷阪→譛滄俣繝ｩ繝吶Ν縺梧ｭ｣縺励￥蝓九ａ霎ｼ縺ｾ繧後ｋ[32m 1[2mms[22m[39m
 [32m笨・[39m tests/unit/formatScheduleTime.spec.ts[2m > [22mformatScheduleTime[2m > [22mformats UTC ISO in facility TZ[32m 6[2mms[22m[39m
 [32m笨・[39m tests/unit/formatScheduleTime.spec.ts[2m > [22mformatScheduleTime[2m > [22mreturns fallback for invalid ISO[32m 1[2mms[22m[39m
 [32m笨・[39m tests/unit/formatScheduleTime.spec.ts[2m > [22mformatScheduleTime[2m > [22mhandles DST spring-forward gap (US/Pacific)[32m 2[2mms[22m[39m
 [32m笨・[39m tests/unit/formatScheduleTime.spec.ts[2m > [22mformatScheduleTime[2m > [22mhandles DST fall-back overlap (US/Pacific)[32m 1[2mms[22m[39m
 [32m笨・[39m tests/unit/formatScheduleTime.spec.ts[2m > [22mformatScheduleTime[2m > [22mfalls back gracefully when timezone is invalid[32m 1[2mms[22m[39m
 [32m笨・[39m tests/unit/formatScheduleTime.spec.ts[2m > [22mformatScheduleRange[2m > [22mreturns structured data with timezone suffix[32m 2[2mms[22m[39m
 [32m笨・[39m tests/unit/formatScheduleTime.spec.ts[2m > [22mformatScheduleRange[2m > [22mhandles fallback when ISO values are invalid[32m 1[2mms[22m[39m
 [32m笨・[39m tests/unit/formatScheduleTime.spec.ts[2m > [22mformatScheduleRange[2m > [22mannotates with calendar date when spanning multiple days[32m 1[2mms[22m[39m
 [32m笨・[39m tests/unit/formatScheduleTime.spec.ts[2m > [22mformatScheduleRange[2m > [22mexposes span metadata for multi-day schedules[32m 1[2mms[22m[39m
 [32m笨・[39m tests/unit/mappers.schedule.lookups.spec.ts[2m > [22mmapSchedule lookup expansions[2m > [22mexpands nested lookup results and preserves derived metadata[32m 11[2mms[22m[39m
 [32m笨・[39m tests/unit/mappers.schedule.lookups.spec.ts[2m > [22mmapSchedule lookup expansions[2m > [22momits derived arrays when lookups and fallbacks are empty[32m 3[2mms[22m[39m
 [32m笨・[39m tests/unit/mappers.schedule.lookups.spec.ts[2m > [22mmapScheduleToSp status mapping[2m > [22mcovers SharePoint status conversions and optional payload branches[32m 2[2mms[22m[39m
 [32m笨・[39m src/features/daily/domain/__tests__/suggestionAction.spec.ts[2m > [22mbuildSuggestionMemoText[2m > [22m繝｡繝・そ繝ｼ繧ｸ + 譌･莉・+ 譬ｹ諡繧貞性繧繝・く繧ｹ繝医ｒ霑斐☆[32m 5[2mms[22m[39m
 [32m笨・[39m src/features/daily/domain/__tests__/suggestionAction.spec.ts[2m > [22mbuildSuggestionMemoText[2m > [22mevidence 縺ｮ隕∫ｴ・′2陦檎岼縺ｫ蜷ｫ縺ｾ繧後ｋ[32m 2[2mms[22m[39m
 [32m笨・[39m src/features/daily/domain/__tests__/suggestionAction.spec.ts[2m > [22mappendSuggestionMemo[2m > [22m遨ｺ縺ｮ specialNotes 縺ｫ縺ｯ繧ｻ繝代Ξ繝ｼ繧ｿ縺ｪ縺励〒霑ｽ險倥☆繧・[32m 1[2mms[22m[39m
 [32m笨・[39m src/features/daily/domain/__tests__/suggestionAction.spec.ts[2m > [22mappendSuggestionMemo[2m > [22m譌｢蟄倥Γ繝｢縺後≠繧後・ --- 繧ｻ繝代Ξ繝ｼ繧ｿ縺ｧ蛹ｺ蛻・▲縺ｦ霑ｽ險倥☆繧・[32m 1[2mms[22m[39m
 [32m笨・[39m src/features/daily/domain/__tests__/suggestionAction.spec.ts[2m > [22mappendSuggestionMemo[2m > [22m譌｢蟄倥Γ繝｢縺ｮ譛ｫ蟆ｾ遨ｺ逋ｽ縺ｯ繝医Μ繝縺輔ｌ繧・[32m 1[2mms[22m[39m
 [32m笨・[39m src/features/daily/domain/__tests__/suggestionAction.spec.ts[2m > [22mcreateSuggestionAction[2m > [22maccept 縺ｮ繧｢繧ｯ繧ｷ繝ｧ繝ｳ險倬鹸繧堤函謌舌☆繧・[32m 1[2mms[22m[39m
 [32m笨・[39m src/features/daily/domain/__tests__/suggestionAction.spec.ts[2m > [22mcreateSuggestionAction[2m > [22mdismiss 縺ｮ繧｢繧ｯ繧ｷ繝ｧ繝ｳ險倬鹸繧堤函謌舌☆繧・[32m 1[2mms[22m[39m
 [32m笨・[39m src/features/daily/domain/__tests__/suggestionAction.spec.ts[2m > [22misAlreadyAccepted[2m > [22m譛ｪ謗｡逕ｨ縺ｮ蝣ｴ蜷・false 繧定ｿ斐☆[32m 1[2mms[22m[39m
 [32m笨・[39m src/features/daily/domain/__tests__/suggestionAction.spec.ts[2m > [22misAlreadyAccepted[2m > [22mundefined 縺ｧ繧ょｮ牙・縺ｫ false 繧定ｿ斐☆[32m 1[2mms[22m[39m
 [32m笨・[39m src/features/daily/domain/__tests__/suggestionAction.spec.ts[2m > [22misAlreadyAccepted[2m > [22maccept 貂医∩縺ｮ ruleId + message 縺ｧ true 繧定ｿ斐☆[32m 1[2mms[22m[39m
 [32m笨・[39m src/features/daily/domain/__tests__/suggestionAction.spec.ts[2m > [22misAlreadyAccepted[2m > [22mdismiss 縺縺代〒縺ｯ false 繧定ｿ斐☆[32m 1[2mms[22m[39m
 [32m笨・[39m src/features/daily/domain/__tests__/suggestionAction.spec.ts[2m > [22misAlreadyAccepted[2m > [22mruleId 縺悟酔縺倥〒繧・message 縺碁＆縺医・ false[32m 1[2mms[22m[39m
 [32m笨・[39m src/features/daily/domain/__tests__/suggestionAction.spec.ts[2m > [22misAlreadyActioned[2m > [22maccept 貂医∩縺ｪ繧・true[32m 1[2mms[22m[39m
 [32m笨・[39m src/features/daily/domain/__tests__/suggestionAction.spec.ts[2m > [22misAlreadyActioned[2m > [22mdismiss 貂医∩縺ｧ繧・true[32m 1[2mms[22m[39m
 [32m笨・[39m src/features/daily/domain/__tests__/suggestionAction.spec.ts[2m > [22misAlreadyActioned[2m > [22m譛ｪ繧｢繧ｯ繧ｷ繝ｧ繝ｳ縺ｪ繧・false[32m 1[2mms[22m[39m
 [32m笨・[39m src/features/daily/domain/__tests__/suggestionAction.spec.ts[2m > [22misAlreadyActioned[2m > [22mundefined 縺ｧ繧ょｮ牙・縺ｫ false[32m 1[2mms[22m[39m
[90mstdout[2m | tests/unit/msal.singleton.spec.ts[2m > [22m[2mMSAL PCA singleton[2m > [22m[2mdoes not create PCA twice when called multiple times
[22m[39m[msal] singleton instance created, initialized, and cached

[90mstdout[2m | tests/unit/msal.singleton.spec.ts[2m > [22m[2mMSAL PCA singleton[2m > [22m[2mreturns the same instance from getPcaOrNull
[22m[39m[msal] singleton instance created, initialized, and cached

 [32m笨・[39m tests/unit/msal.singleton.spec.ts[2m > [22mMSAL PCA singleton[2m > [22mdoes not create PCA twice when called multiple times[32m 13[2mms[22m[39m
 [32m笨・[39m tests/unit/msal.singleton.spec.ts[2m > [22mMSAL PCA singleton[2m > [22mreturns the same instance from getPcaOrNull[32m 2[2mms[22m[39m
 [32m笨・[39m tests/unit/msal.singleton.spec.ts[2m > [22mMSAL PCA singleton[2m > [22mgetPcaOrNull returns null before initialization[32m 2[2mms[22m[39m
 [32m笨・[39m src/features/exceptions/domain/__tests__/groupByUser.spec.ts[2m > [22mgroupExceptionsByUser[2m > [22m遨ｺ驟榊・縺ｧ遨ｺ驟榊・繧定ｿ斐☆[32m 5[2mms[22m[39m
 [32m笨・[39m src/features/exceptions/domain/__tests__/groupByUser.spec.ts[2m > [22mgroupExceptionsByUser[2m > [22m蜷御ｸ蛻ｩ逕ｨ閠・・謠先｡医ｒ縺ｾ縺ｨ繧√ｋ[32m 3[2mms[22m[39m
 [32m笨・[39m src/features/exceptions/domain/__tests__/groupByUser.spec.ts[2m > [22mgroupExceptionsByUser[2m > [22mhighest severity 縺御ｻ｣陦ｨ縺ｫ縺ｪ繧・[32m 1[2mms[22m[39m
 [32m笨・[39m src/features/exceptions/domain/__tests__/groupByUser.spec.ts[2m > [22mgroupExceptionsByUser[2m > [22mhighest severity 縺ｮ髯埼・〒繧ｽ繝ｼ繝医＆繧後ｋ[32m 1[2mms[22m[39m
 [32m笨・[39m src/features/exceptions/domain/__tests__/groupByUser.spec.ts[2m > [22mgroupExceptionsByUser[2m > [22mcorrective-action 莉･螟悶・繧ｫ繝・ざ繝ｪ縺ｯ辟｡隕悶☆繧・[32m 1[2mms[22m[39m
 [32m笨・[39m src/features/exceptions/domain/__tests__/groupByUser.spec.ts[2m > [22mgroupExceptionsByUser[2m > [22mtargetUserId 縺梧悴險ｭ螳壹・蝣ｴ蜷・__unknown__ 縺ｫ縺ｾ縺ｨ繧√ｋ[32m 1[2mms[22m[39m
 [32m笨・[39m src/features/exceptions/domain/__tests__/groupByUser.spec.ts[2m > [22mgroupExceptionsByUser[2m > [22muserName 縺ｯ譛蛻昴・ item 縺九ｉ蜿門ｾ励＆繧後ｋ[32m 1[2mms[22m[39m
 [32m笨・[39m src/features/exceptions/domain/__tests__/groupByUser.spec.ts[2m > [22mgroupExceptionsByUser[2m > [22m蜷御ｸ severity 縺ｮ繧ｰ繝ｫ繝ｼ繝励・ userId 霎樊嶌鬆・[32m 2[2mms[22m[39m
 [32m笨・[39m src/features/exceptions/domain/__tests__/groupByUser.spec.ts[2m > [22mgroupExceptionsByUser[2m > [22m隕ｪ蟄先ｧ矩縺後≠繧句ｴ蜷医∬ｦｪ陦後・ grouped 髮・ｴ・°繧蛾勁螟悶☆繧・[32m 1[2mms[22m[39m
 [32m笨・[39m src/lib/sp/__tests__/queryGuard.spec.ts[2m > [22mqueryGuard - evaluateQueryRisk[2m > [22mtop: defaults if missing[32m 5[2mms[22m[39m
 [32m笨・[39m src/lib/sp/__tests__/queryGuard.spec.ts[2m > [22mqueryGuard - evaluateQueryRisk[2m > [22mtop: corrects 0 to 1[32m 1[2mms[22m[39m
 [32m笨・[39m src/lib/sp/__tests__/queryGuard.spec.ts[2m > [22mqueryGuard - evaluateQueryRisk[2m > [22mtop: caps top greater than MAX[32m 1[2mms[22m[39m
 [32m笨・[39m src/lib/sp/__tests__/queryGuard.spec.ts[2m > [22mqueryGuard - evaluateQueryRisk[2m > [22mselect: missing triggers missingSelect and medium risk[32m 1[2mms[22m[39m
 [32m笨・[39m src/lib/sp/__tests__/queryGuard.spec.ts[2m > [22mqueryGuard - evaluateQueryRisk[2m > [22mexpand: single expand triggers hasExpand and medium risk[32m 1[2mms[22m[39m
 [32m笨・[39m src/lib/sp/__tests__/queryGuard.spec.ts[2m > [22mqueryGuard - evaluateQueryRisk[2m > [22mexpand: multiple expands trigger high risk[32m 1[2mms[22m[39m
 [32m笨・[39m src/lib/sp/__tests__/queryGuard.spec.ts[2m > [22mqueryGuard - evaluateQueryRisk[2m > [22morderBy: missing in list triggers missingOrderBy and medium risk[32m 1[2mms[22m[39m
 [32m笨・[39m src/lib/sp/__tests__/queryGuard.spec.ts[2m > [22mqueryGuard - evaluateQueryRisk[2m > [22morderBy: ignored if top is 1[32m 1[2mms[22m[39m
 [32m笨・[39m src/lib/sp/__tests__/queryGuard.spec.ts[2m > [22mqueryGuard - evaluateQueryRisk[2m > [22mfilter: index heuristic - catches potentially unindexed filters[32m 1[2mms[22m[39m
 [32m笨・[39m src/lib/sp/__tests__/queryGuard.spec.ts[2m > [22mqueryGuard - evaluateQueryRisk[2m > [22mfilter: no match on simple string without keywords[32m 1[2mms[22m[39m
 [32m笨・[39m src/lib/sp/__tests__/queryGuard.spec.ts[2m > [22mqueryGuard - evaluateQueryRisk[2m > [22mriskLevel: high for export/analytics with large top[32m 1[2mms[22m[39m
 [32m笨・[39m src/lib/sp/__tests__/queryGuard.spec.ts[2m > [22mqueryGuard - evaluateQueryRisk[2m > [22mriskLevel: low for well-formed queries[32m 1[2mms[22m[39m
 [32m笨・[39m src/domain/regulatory/__tests__/buildFindingActions.spec.ts[2m > [22mbuildFindingActions[2m > [22mplanning_sheet_missing 竊・謾ｯ謠ｴ險育判繧剃ｽ懈・[32m 6[2mms[22m[39m
 [32m笨・[39m src/domain/regulatory/__tests__/buildFindingActions.spec.ts[2m > [22mbuildFindingActions[2m > [22mauthor_qualification_missing 竊・謾ｯ謠ｴ險育判繧堤｢ｺ隱・[32m 1[2mms[22m[39m
 [32m笨・[39m src/domain/regulatory/__tests__/buildFindingActions.spec.ts[2m > [22mbuildFindingActions[2m > [22mauthor_qualification_missing without planningSheetId 竊・no actions[32m 1[2mms[22m[39m
 [32m笨・[39m src/domain/regulatory/__tests__/buildFindingActions.spec.ts[2m > [22mbuildFindingActions[2m > [22mreview_overdue 竊・隕狗峩縺励ｒ髢句ｧ・+ 蛻・梵繧堤｢ｺ隱・[32m 1[2mms[22m[39m
 [32m笨・[39m src/domain/regulatory/__tests__/buildFindingActions.spec.ts[2m > [22mbuildFindingActions[2m > [22mprocedure_record_gap 竊・3縺､縺ｮ繧｢繧ｯ繧ｷ繝ｧ繝ｳ (譎る俣蜑ｲ + 謾ｯ謠ｴ險育判 + 蛻・梵)[32m 2[2mms[22m[39m
 [32m笨・[39m src/domain/regulatory/__tests__/buildFindingActions.spec.ts[2m > [22mbuildFindingActions[2m > [22mdelivery_missing 竊・謾ｯ謠ｴ險育判繧堤｢ｺ隱・(evidence 縺ｪ縺・[32m 1[2mms[22m[39m
 [32m笨・[39m src/domain/regulatory/__tests__/buildFindingActions.spec.ts[2m > [22mbuildFindingActions[2m > [22madd_on_candidate 竊・謾ｯ謠ｴ險育判繧堤｢ｺ隱・+ 蛻・梵繧堤｢ｺ隱・[32m 1[2mms[22m[39m
 [32m笨・[39m src/domain/regulatory/__tests__/buildFindingActions.spec.ts[2m > [22mbuildFindingActions[2m > [22mencodes special characters in userId[32m 1[2mms[22m[39m
 [32m笨・[39m src/domain/regulatory/__tests__/buildFindingActions.spec.ts[2m > [22mbuildFindingActions[2m > [22mevidence actions include source=regulatory-dashboard[32m 1[2mms[22m[39m
 [32m笨・[39m src/domain/regulatory/__tests__/buildFindingActions.spec.ts[2m > [22mbuildFindingActions[2m > [22mevidence action URL encodes special userId[32m 1[2mms[22m[39m
 [32m笨・[39m src/features/today/domain/__tests__/formatRingValueText.spec.ts[2m > [22mformatRingValueText[2m > [22mshows remaining count for records[32m 4[2mms[22m[39m
 [32m笨・[39m src/features/today/domain/__tests__/formatRingValueText.spec.ts[2m > [22mformatRingValueText[2m > [22mshows 螳御ｺ・when records all done[32m 1[2mms[22m[39m
 [32m笨・[39m src/features/today/domain/__tests__/formatRingValueText.spec.ts[2m > [22mformatRingValueText[2m > [22mshows 窶・when records total is 0[32m 1[2mms[22m[39m
 [32m笨・[39m src/features/today/domain/__tests__/formatRingValueText.spec.ts[2m > [22mformatRingValueText[2m > [22mclamps negative remaining to 0 for records[32m 1[2mms[22m[39m
 [32m笨・[39m src/features/today/domain/__tests__/formatRingValueText.spec.ts[2m > [22mformatRingValueText[2m > [22mshows remaining count for caseRecords[32m 1[2mms[22m[39m
 [32m笨・[39m src/features/today/domain/__tests__/formatRingValueText.spec.ts[2m > [22mformatRingValueText[2m > [22mshows 螳御ｺ・when caseRecords all done[32m 1[2mms[22m[39m
 [32m笨・[39m src/features/today/domain/__tests__/formatRingValueText.spec.ts[2m > [22mformatRingValueText[2m > [22mshows fraction for attendance[32m 1[2mms[22m[39m
 [32m笨・[39m src/features/today/domain/__tests__/formatRingValueText.spec.ts[2m > [22mformatRingValueText[2m > [22mshows 窶・when attendance total is 0[32m 1[2mms[22m[39m
 [32m笨・[39m src/features/today/domain/__tests__/formatRingValueText.spec.ts[2m > [22mformatRingValueText[2m > [22mshows count for contacts[32m 1[2mms[22m[39m
 [32m笨・[39m src/features/today/domain/__tests__/formatRingValueText.spec.ts[2m > [22mformatRingValueText[2m > [22mshows 0莉ｶ for contacts when none[32m 1[2mms[22m[39m
 [32m笨・[39m src/features/today/domain/__tests__/formatRingValueText.spec.ts[2m > [22mformatRingSubText[2m > [22mshows fraction as subtext for records with remaining[32m 1[2mms[22m[39m
 [32m笨・[39m src/features/today/domain/__tests__/formatRingValueText.spec.ts[2m > [22mformatRingSubText[2m > [22mshows 螳御ｺ・as subtext for completed records[32m 1[2mms[22m[39m
 [32m笨・[39m src/features/today/domain/__tests__/formatRingValueText.spec.ts[2m > [22mformatRingSubText[2m > [22mreturns null for records with zero total[32m 1[2mms[22m[39m
 [32m笨・[39m src/features/today/domain/__tests__/formatRingValueText.spec.ts[2m > [22mformatRingSubText[2m > [22mshows fraction as subtext for caseRecords with remaining[32m 1[2mms[22m[39m
 [32m笨・[39m src/features/today/domain/__tests__/formatRingValueText.spec.ts[2m > [22mformatRingSubText[2m > [22mshows 蜈ｨ蜩｡蜃ｺ蟶ｭ when all present[32m 1[2mms[22m[39m
 [32m笨・[39m src/features/today/domain/__tests__/formatRingValueText.spec.ts[2m > [22mformatRingSubText[2m > [22mshows absent count when not all present[32m 1[2mms[22m[39m
 [32m笨・[39m src/features/today/domain/__tests__/formatRingValueText.spec.ts[2m > [22mformatRingSubText[2m > [22mreturns null for attendance with zero total[32m 1[2mms[22m[39m
 [32m笨・[39m src/features/today/domain/__tests__/formatRingValueText.spec.ts[2m > [22mformatRingSubText[2m > [22mshows 蟇ｾ蠢懈ｸ・for zero contacts[32m 0[2mms[22m[39m
 [32m笨・[39m src/features/today/domain/__tests__/formatRingValueText.spec.ts[2m > [22mformatRingSubText[2m > [22mreturns null for non-zero contacts[32m 0[2mms[22m[39m
 [32m笨・[39m src/features/telemetry/domain/__tests__/computeCtaKpisByRole.spec.ts[2m > [22mcomputeCtaKpisByRole[2m > [22mrole蛻･縺ｫ蛻・牡縺輔ｌ繧・[32m 7[2mms[22m[39m
 [32m笨・[39m src/features/telemetry/domain/__tests__/computeCtaKpisByRole.spec.ts[2m > [22mcomputeCtaKpisByRole[2m > [22mstaff縺ｮ縺ｿ 竊・1隕∫ｴ[32m 1[2mms[22m[39m
 [32m笨・[39m src/features/telemetry/domain/__tests__/computeCtaKpisByRole.spec.ts[2m > [22mcomputeCtaKpisByRole[2m > [22m隍・焚role 竊・hero/queue險育ｮ励′豁｣縺励＞[32m 2[2mms[22m[39m
 [32m笨・[39m src/features/telemetry/domain/__tests__/computeCtaKpisByRole.spec.ts[2m > [22mcomputeCtaKpisByRole[2m > [22mCTA縺ｪ縺羊ole縺ｯ髯､螟悶＆繧後ｋ[32m 1[2mms[22m[39m
 [32m笨・[39m src/features/telemetry/domain/__tests__/computeCtaKpisByRole.spec.ts[2m > [22mcomputeCtaKpisByRole[2m > [22mrole譛ｪ謖・ｮ壹・ unknown 縺ｫ繝輔か繝ｼ繝ｫ繝舌ャ繧ｯ[32m 2[2mms[22m[39m
 [32m笨・[39m src/features/telemetry/domain/__tests__/computeCtaKpisByRole.spec.ts[2m > [22mcomputeCtaKpisByRole[2m > [22m螳御ｺ・紫縺梧ｭ｣縺励￥險育ｮ励＆繧後ｋ[32m 1[2mms[22m[39m
 [32m笨・[39m src/features/telemetry/domain/__tests__/computeCtaKpisByRole.spec.ts[2m > [22mcomputeCtaKpisByRole[2m > [22m陦ｨ遉ｺ鬆・・ staff 竊・admin 竊・unknown 縺ｧ蝗ｺ螳・[32m 2[2mms[22m[39m
 [32m笨・[39m src/features/telemetry/domain/__tests__/computeCtaKpisByRole.spec.ts[2m > [22mcomputeCtaKpisByRole[2m > [22m遨ｺ驟榊・ 竊・遨ｺ驟榊・[32m 1[2mms[22m[39m
 [32m笨・[39m src/domain/isp/__tests__/countStrategyAdoptions.spec.ts[2m > [22mcountStrategyAdoptions[2m > [22mreturns all zeros when no ABC record IDs provided[32m 5[2mms[22m[39m
 [32m笨・[39m src/domain/isp/__tests__/countStrategyAdoptions.spec.ts[2m > [22mcountStrategyAdoptions[2m > [22mreturns all zeros when no evidence link maps exist[32m 1[2mms[22m[39m
 [32m笨・[39m src/domain/isp/__tests__/countStrategyAdoptions.spec.ts[2m > [22mcountStrategyAdoptions[2m > [22mcounts ABC links matching user record IDs per strategy[32m 1[2mms[22m[39m
 [32m笨・[39m src/domain/isp/__tests__/countStrategyAdoptions.spec.ts[2m > [22mcountStrategyAdoptions[2m > [22mignores PDCA links (only counts ABC)[32m 1[2mms[22m[39m
 [32m笨・[39m src/domain/isp/__tests__/countStrategyAdoptions.spec.ts[2m > [22mcountStrategyAdoptions[2m > [22mignores ABC links not belonging to the user[32m 1[2mms[22m[39m
 [32m笨・[39m src/domain/isp/__tests__/countStrategyAdoptions.spec.ts[2m > [22mcountStrategyAdoptions[2m > [22maggregates across multiple planning sheets[32m 1[2mms[22m[39m
 [32m笨・[39m src/domain/isp/__tests__/countStrategyAdoptions.spec.ts[2m > [22mgetTotalAdoptions[2m > [22msums all strategy counts[32m 1[2mms[22m[39m
 [32m笨・[39m src/domain/isp/__tests__/countStrategyAdoptions.spec.ts[2m > [22mgetTotalAdoptions[2m > [22mreturns 0 for all-zero counts[32m 1[2mms[22m[39m
 [32m笨・[39m src/domain/isp/__tests__/countStrategyAdoptions.spec.ts[2m > [22mSTRATEGY_KEYS and STRATEGY_LABELS[2m > [22mhas 3 strategy keys[32m 2[2mms[22m[39m
 [32m笨・[39m src/domain/isp/__tests__/countStrategyAdoptions.spec.ts[2m > [22mSTRATEGY_KEYS and STRATEGY_LABELS[2m > [22mevery key has a Japanese label[32m 1[2mms[22m[39m
 [32m笨・[39m src/features/users/__tests__/schema.spec.ts[2m > [22mUsers Module Zod Schemas[2m > [22mSpUserMasterItemSchema[2m > [22mshould parse a valid SharePoint user item[32m 8[2mms[22m[39m
 [32m笨・[39m src/features/users/__tests__/schema.spec.ts[2m > [22mUsers Module Zod Schemas[2m > [22mSpUserMasterItemSchema[2m > [22mshould handle nullish fields with defaults[32m 1[2mms[22m[39m
 [32m笨・[39m src/features/users/__tests__/schema.spec.ts[2m > [22mUsers Module Zod Schemas[2m > [22mUserMasterDomainSchema (Transformation)[2m > [22mshould transform SharePoint item to Domain model[32m 2[2mms[22m[39m
 [32m笨・[39m src/features/users/__tests__/schema.spec.ts[2m > [22mUsers Module Zod Schemas[2m > [22mUserMasterDomainSchema (Transformation)[2m > [22mshould normalize attendance days correctly[32m 1[2mms[22m[39m
 [32m笨・[39m src/features/schedules/domain/validation/__tests__/scheduleNextGap.spec.ts[2m > [22mfindNextGap[2m > [22mreturns first slot (06:00-07:00) when no items exist[32m 5[2mms[22m[39m
 [32m笨・[39m src/features/schedules/domain/validation/__tests__/scheduleNextGap.spec.ts[2m > [22mfindNextGap[2m > [22mskips occupied first slot and returns second[32m 1[2mms[22m[39m
 [32m笨・[39m src/features/schedules/domain/validation/__tests__/scheduleNextGap.spec.ts[2m > [22mfindNextGap[2m > [22mskips multiple occupied slots[32m 1[2mms[22m[39m
 [32m笨・[39m src/features/schedules/domain/validation/__tests__/scheduleNextGap.spec.ts[2m > [22mfindNextGap[2m > [22msearches after specified time[32m 1[2mms[22m[39m
 [32m笨・[39m src/features/schedules/domain/validation/__tests__/scheduleNextGap.spec.ts[2m > [22mfindNextGap[2m > [22mreturns null when all slots are occupied[32m 1[2mms[22m[39m
 [32m笨・[39m src/features/schedules/domain/validation/__tests__/scheduleNextGap.spec.ts[2m > [22mfindNextGap[2m > [22mignores items on different dates[32m 1[2mms[22m[39m
 [32m笨・[39m src/features/schedules/domain/validation/__tests__/scheduleNextGap.spec.ts[2m > [22mfindNextGap[2m > [22mhandles partially overlapping items[32m 1[2mms[22m[39m
 [32m笨・[39m src/features/schedules/domain/validation/__tests__/scheduleNextGap.spec.ts[2m > [22mfindNextGap[2m > [22mfinds gap between occupied slots[32m 1[2mms[22m[39m
 [32m笨・[39m src/features/schedules/domain/validation/__tests__/scheduleNextGap.spec.ts[2m > [22mfindNextGap[2m > [22mreturns null when afterTime is past business end[32m 1[2mms[22m[39m
 [32m笨・[39m src/features/schedules/domain/validation/__tests__/scheduleNextGap.spec.ts[2m > [22mcountRemainingGaps[2m > [22mreturns 15 for empty day (06:00-21:00, 60-min slots)[32m 2[2mms[22m[39m
 [32m笨・[39m src/features/schedules/domain/validation/__tests__/scheduleNextGap.spec.ts[2m > [22mcountRemainingGaps[2m > [22mreturns 14 when one slot is occupied[32m 1[2mms[22m[39m
 [32m笨・[39m src/features/schedules/domain/validation/__tests__/scheduleNextGap.spec.ts[2m > [22mcountRemainingGaps[2m > [22mreturns 0 when all slots are filled[32m 1[2mms[22m[39m
 [32m笨・[39m src/features/compliance-checklist/domain/__tests__/checklistLogic.spec.ts[2m > [22mchecklistLogic[2m > [22mfilterChecklistItems[2m > [22mruleIdFilter 縺檎ｩｺ縺ｮ蝣ｴ蜷医・蜈ｨ莉ｶ霑斐☆縺薙→[32m 6[2mms[22m[39m
 [32m笨・[39m src/features/compliance-checklist/domain/__tests__/checklistLogic.spec.ts[2m > [22mchecklistLogic[2m > [22mfilterChecklistItems[2m > [22mruleIdFilter (id) 縺御ｸ閾ｴ縺吶ｋ繧ゅ・縺縺代ｒ霑斐☆縺薙→ (譌｢蟄・value 豈碑ｼ・・繝舌げ菫ｮ豁｣)[32m 2[2mms[22m[39m
 [32m笨・[39m src/features/compliance-checklist/domain/__tests__/checklistLogic.spec.ts[2m > [22mchecklistLogic[2m > [22mfilterChecklistItems[2m > [22m荳閾ｴ縺吶ｋ ruleId 縺後↑縺・ｴ蜷医・遨ｺ驟榊・繧定ｿ斐☆縺薙→[32m 1[2mms[22m[39m
 [32m笨・[39m src/features/compliance-checklist/domain/__tests__/checklistLogic.spec.ts[2m > [22mchecklistLogic[2m > [22misValidChecklistInsert[2m > [22m蠢・磯・岼縺後☆縺ｹ縺ｦ蝓九∪縺｣縺ｦ縺・ｌ縺ｰ true 縺ｨ縺ｪ繧九％縺ｨ[32m 1[2mms[22m[39m
 [32m笨・[39m src/features/compliance-checklist/domain/__tests__/checklistLogic.spec.ts[2m > [22mchecklistLogic[2m > [22misValidChecklistInsert[2m > [22m蠢・磯・岼縺ｮ縺・★繧後°縺梧ｬ謳阪＠縺ｦ縺・ｋ蝣ｴ蜷医・ false 縺ｨ縺ｪ繧九％縺ｨ[32m 1[2mms[22m[39m
 [32m笨・[39m src/features/compliance-checklist/domain/__tests__/checklistLogic.spec.ts[2m > [22mchecklistLogic[2m > [22misValidChecklistInsert[2m > [22m遨ｺ逋ｽ繧ｹ繝壹・繧ｹ縺ｮ縺ｿ縺ｮ蜈･蜉帙・谺謳肴桶縺・(false) 縺ｨ縺ｪ繧九％縺ｨ[32m 1[2mms[22m[39m
 [32m笨・[39m src/features/compliance-checklist/domain/__tests__/checklistLogic.spec.ts[2m > [22mchecklistLogic[2m > [22mmapToChecklistItem[2m > [22m縺吶∋縺ｦ縺ｮ蠢・医ヵ繧｣繝ｼ繝ｫ繝峨′豁｣遒ｺ縺ｫ繝槭ャ繝斐Φ繧ｰ縺輔ｌ繧九％縺ｨ[32m 1[2mms[22m[39m
 [32m笨・[39m src/features/compliance-checklist/domain/__tests__/checklistLogic.spec.ts[2m > [22mchecklistLogic[2m > [22mmapToChecklistItem[2m > [22mnullable縺ｪ蛟､縺・undefined/null 縺ｧ繧ょｮ牙・縺ｫ null 縺ｨ縺励※繝輔か繝ｼ繝ｫ繝舌ャ繧ｯ縺輔ｌ繧九％縺ｨ[32m 1[2mms[22m[39m
 [32m笨・[39m src/features/compliance-checklist/domain/__tests__/checklistLogic.spec.ts[2m > [22mchecklistLogic[2m > [22msortChecklistItems[2m > [22m譌｢蟄倥・驟榊・縺ｮ鬆・ｺ上ｒ縺昴・縺ｾ縺ｾ邯ｭ謖・ｼ郁ｦｳ貂ｬ蝗ｺ螳夲ｼ峨☆繧九％縺ｨ[32m 2[2mms[22m[39m
 [32m笨・[39m src/features/callLogs/domain/__tests__/resolveNextCallAction.spec.ts[2m > [22mresolveNextCallAction[2m > [22mshould return null for empty array[32m 4[2mms[22m[39m
 [32m笨・[39m src/features/callLogs/domain/__tests__/resolveNextCallAction.spec.ts[2m > [22mresolveNextCallAction[2m > [22mshould return null when all logs are done[32m 1[2mms[22m[39m
 [32m笨・[39m src/features/callLogs/domain/__tests__/resolveNextCallAction.spec.ts[2m > [22mresolveNextCallAction[2m > [22mshould return open log with reason: new[32m 1[2mms[22m[39m
 [32m笨・[39m src/features/callLogs/domain/__tests__/resolveNextCallAction.spec.ts[2m > [22mresolveNextCallAction[2m > [22mshould return overdue log with reason: overdue and dueInfo[32m 1[2mms[22m[39m
 [32m笨・[39m src/features/callLogs/domain/__tests__/resolveNextCallAction.spec.ts[2m > [22mresolveNextCallAction[2m > [22mshould prioritize overdue over urgent[32m 1[2mms[22m[39m
 [32m笨・[39m src/features/callLogs/domain/__tests__/resolveNextCallAction.spec.ts[2m > [22mresolveNextCallAction[2m > [22mshould prioritize due-soon over urgent[32m 1[2mms[22m[39m
 [32m笨・[39m src/features/callLogs/domain/__tests__/resolveNextCallAction.spec.ts[2m > [22mresolveNextCallAction[2m > [22mshould prioritize urgent over today[32m 1[2mms[22m[39m
 [32m笨・[39m src/features/callLogs/domain/__tests__/resolveNextCallAction.spec.ts[2m > [22mresolveNextCallAction[2m > [22mshould prioritize today over new[32m 1[2mms[22m[39m
 [32m笨・[39m src/features/callLogs/domain/__tests__/resolveNextCallAction.spec.ts[2m > [22mresolveNextCallAction[2m > [22mshould pick the longest-overdue log among multiple overdue[32m 1[2mms[22m[39m
 [32m笨・[39m src/features/callLogs/domain/__tests__/resolveNextCallAction.spec.ts[2m > [22mresolveNextCallAction[2m > [22mshould pick the nearest-due log among multiple due-soon[32m 1[2mms[22m[39m
 [32m笨・[39m src/features/callLogs/domain/__tests__/resolveNextCallAction.spec.ts[2m > [22mresolveNextCallAction[2m > [22mshould pick the newest-received log among same-urgency open logs[32m 1[2mms[22m[39m
 [32m笨・[39m src/features/callLogs/domain/__tests__/resolveNextCallAction.spec.ts[2m > [22mresolveNextCallAction[2m > [22mshould skip done logs and return the open one[32m 1[2mms[22m[39m
 [32m笨・[39m src/features/callLogs/domain/__tests__/resolveNextCallAction.spec.ts[2m > [22mresolveNextCallAction[2m > [22mshould handle mixed priorities correctly[32m 1[2mms[22m[39m
 [32m笨・[39m src/features/daily/domain/__tests__/dailyTableMapper.spec.ts[2m > [22mtoLunchIntake[2m > [22m譛牙柑縺ｪ蛟､繧定ｿ斐☆[32m 5[2mms[22m[39m
 [32m笨・[39m src/features/daily/domain/__tests__/dailyTableMapper.spec.ts[2m > [22mtoLunchIntake[2m > [22m辟｡蜉ｹ縺ｪ蛟､縺ｧ undefined 繧定ｿ斐☆[32m 1[2mms[22m[39m
 [32m笨・[39m src/features/daily/domain/__tests__/dailyTableMapper.spec.ts[2m > [22mtoLunchIntake[2m > [22m遨ｺ譁・ｭ励〒 undefined 繧定ｿ斐☆[32m 1[2mms[22m[39m
 [32m笨・[39m src/features/daily/domain/__tests__/dailyTableMapper.spec.ts[2m > [22mtoProblemBehaviorTypes[2m > [22m隍・焚繝輔Λ繧ｰ on 竊・驟榊・[32m 3[2mms[22m[39m
 [32m笨・[39m src/features/daily/domain/__tests__/dailyTableMapper.spec.ts[2m > [22mtoProblemBehaviorTypes[2m > [22m蜈ｨ繝輔Λ繧ｰ off 竊・遨ｺ驟榊・[32m 2[2mms[22m[39m
 [32m笨・[39m src/features/daily/domain/__tests__/dailyTableMapper.spec.ts[2m > [22mfromProblemBehaviorTypes[2m > [22m繝ｩ繧ｦ繝ｳ繝峨ヨ繝ｪ繝・・: 螟画鋤 竊・騾・､画鋤 縺ｧ荳閾ｴ縺吶ｋ[32m 1[2mms[22m[39m
 [32m笨・[39m src/features/daily/domain/__tests__/dailyTableMapper.spec.ts[2m > [22mfromProblemBehaviorTypes[2m > [22m遨ｺ驟榊・ 竊・蜈ｨ false[32m 1[2mms[22m[39m
 [32m笨・[39m src/features/daily/domain/__tests__/dailyTableMapper.spec.ts[2m > [22mtoDailyTableRecord[2m > [22m蜈ｨ繝輔ぅ繝ｼ繝ｫ繝峨′豁｣蟶ｸ縺ｫ螟画鋤縺輔ｌ繧・[32m 2[2mms[22m[39m
 [32m笨・[39m src/features/daily/domain/__tests__/dailyTableMapper.spec.ts[2m > [22mtoDailyTableRecord[2m > [22m遨ｺ蛟､縺・undefined 縺ｫ豁｣隕丞喧縺輔ｌ繧・[32m 1[2mms[22m[39m
 [32m笨・[39m src/features/daily/domain/__tests__/dailyTableMapper.spec.ts[2m > [22mfromDailyTableRecord[2m > [22m繝ｩ繧ｦ繝ｳ繝峨ヨ繝ｪ繝・・: 螟画鋤 竊・騾・､画鋤 縺ｧ荳ｻ隕√ヵ繧｣繝ｼ繝ｫ繝峨′蠕ｩ蜈・＆繧後ｋ[32m 1[2mms[22m[39m
 [32m笨・[39m src/features/daily/domain/__tests__/dailyTableMapper.spec.ts[2m > [22mfromDailyTableRecord[2m > [22moptional 繝輔ぅ繝ｼ繝ｫ繝峨′谺謳阪＠縺・record 繧ょｮ牙・縺ｫ螟画鋤縺輔ｌ繧・[32m 1[2mms[22m[39m
 [32m笨・[39m tests/unit/mappers.lookup.fallback.spec.ts[2m > [22mmapSchedule lookup fallbacks[2m > [22mnormalizes numeric and string lookup identifiers with deduped staff names[32m 10[2mms[22m[39m
 [32m笨・[39m tests/unit/mappers.lookup.fallback.spec.ts[2m > [22mmapSchedule lookup fallbacks[2m > [22mfalls back to legacy staff ids and names when assigned lookups are absent[32m 3[2mms[22m[39m
 [32m笨・[39m tests/unit/mappers.lookup.fallback.spec.ts[2m > [22mmapSchedule lookup fallbacks[2m > [22muses lookup titles when identifiers are invalid across sources[32m 2[2mms[22m[39m
 [32m笨・[39m src/features/telemetry/domain/__tests__/classifyAlertState.spec.ts[2m > [22mclassifyAlertStates[2m > [22m蜑肴悄髢薙↓縺ｪ縺代ｌ縺ｰ new[32m 6[2mms[22m[39m
 [32m笨・[39m src/features/telemetry/domain/__tests__/classifyAlertState.spec.ts[2m > [22mclassifyAlertStates[2m > [22m蜷後§蛟､縺ｧ蜑肴悄髢薙↓縺ゅｌ縺ｰ continuing[32m 2[2mms[22m[39m
 [32m笨・[39m src/features/telemetry/domain/__tests__/classifyAlertState.spec.ts[2m > [22mclassifyAlertStates[2m > [22mlow 邉ｻ縺ｧ蛟､縺御ｸ翫′繧後・ improving[32m 1[2mms[22m[39m
 [32m笨・[39m src/features/telemetry/domain/__tests__/classifyAlertState.spec.ts[2m > [22mclassifyAlertStates[2m > [22mlow 邉ｻ縺ｧ蛟､縺御ｸ九′繧後・ worsening[32m 1[2mms[22m[39m
 [32m笨・[39m src/features/telemetry/domain/__tests__/classifyAlertState.spec.ts[2m > [22mclassifyAlertStates[2m > [22mhigh 邉ｻ縺ｧ蛟､縺御ｸ九′繧後・ improving[32m 1[2mms[22m[39m
 [32m笨・[39m src/features/telemetry/domain/__tests__/classifyAlertState.spec.ts[2m > [22mclassifyAlertStates[2m > [22mhigh 邉ｻ縺ｧ蛟､縺御ｸ翫′繧後・ worsening[32m 1[2mms[22m[39m
 [32m笨・[39m src/features/telemetry/domain/__tests__/classifyAlertState.spec.ts[2m > [22mclassifyAlertStates[2m > [22mrole莉倥″ ID 縺ｧ繧よｭ｣縺励￥蛻・｡・[32m 1[2mms[22m[39m
 [32m笨・[39m src/features/telemetry/domain/__tests__/classifyAlertState.spec.ts[2m > [22mclassifyAlertStates[2m > [22munknown-role-share-high 縺・high 縺ｨ縺励※蜃ｦ逅・＆繧後ｋ[32m 1[2mms[22m[39m
 [32m笨・[39m src/features/telemetry/domain/__tests__/classifyAlertState.spec.ts[2m > [22mclassifyAlertStates[2m > [22m隍・焚 alerts 繧貞酔譎ゅ↓蛻・｡・[32m 1[2mms[22m[39m
 [32m笨・[39m src/features/telemetry/domain/__tests__/classifyAlertState.spec.ts[2m > [22mclassifyAlertStates[2m > [22m遨ｺ驟榊・縺ｧ縺ｯ遨ｺ邨先棡[32m 1[2mms[22m[39m
 [32m笨・[39m src/features/telemetry/domain/__tests__/classifyAlertState.spec.ts[2m > [22mclassifyAlertStates[2m > [22mpreviousValue 繧呈ｭ｣縺励￥菫晄戟[32m 1[2mms[22m[39m
[90mstdout[2m | tests/unit/spClient.nextLink.preserveParams.spec.ts
[22m[39m[MSAL ENV] Validated successfully

 [32m笨・[39m tests/unit/official-forms/uploadToSharePoint.spec.ts[2m > [22muploadToSharePointLibrary[2m > [22mcalls spFetch with correct URL and method[32m 9[2mms[22m[39m
 [32m笨・[39m tests/unit/official-forms/uploadToSharePoint.spec.ts[2m > [22muploadToSharePointLibrary[2m > [22mreturns fileUrl and fileName on success[32m 1[2mms[22m[39m
 [32m笨・[39m tests/unit/official-forms/uploadToSharePoint.spec.ts[2m > [22muploadToSharePointLibrary[2m > [22mhandles response without "d" wrapper (flat JSON)[32m 1[2mms[22m[39m
 [32m笨・[39m tests/unit/official-forms/uploadToSharePoint.spec.ts[2m > [22muploadToSharePointLibrary[2m > [22mthrows on HTTP error with status and body excerpt[32m 3[2mms[22m[39m
 [32m笨・[39m tests/unit/official-forms/uploadToSharePoint.spec.ts[2m > [22muploadToSharePointLibrary[2m > [22mthrows on HTTP 500 with truncated body[32m 1[2mms[22m[39m
 [32m笨・[39m tests/unit/official-forms/uploadToSharePoint.spec.ts[2m > [22muploadToSharePointLibrary[2m > [22mhandles JSON parse failure gracefully[32m 1[2mms[22m[39m
 [32m笨・[39m tests/unit/official-forms/uploadToSharePoint.spec.ts[2m > [22muploadToSharePointLibrary[2m > [22mencodes Japanese filename characters in URL[32m 1[2mms[22m[39m
[90mstdout[2m | src/features/handoff/hooks/__tests__/useImportantHandoffsForDaily.test.ts
[22m[39m[MSAL ENV] Validated successfully

 [32m笨・[39m src/auth/__tests__/rbac-defense.spec.ts[2m > [22mRBAC Defense Layer[2m > [22mcanAccess 窶・role hierarchy invariants[2m > [22madmin can access all three levels[32m 5[2mms[22m[39m
 [32m笨・[39m src/auth/__tests__/rbac-defense.spec.ts[2m > [22mRBAC Defense Layer[2m > [22mcanAccess 窶・role hierarchy invariants[2m > [22mreception cannot access admin, but can access self and viewer[32m 1[2mms[22m[39m
 [32m笨・[39m src/auth/__tests__/rbac-defense.spec.ts[2m > [22mRBAC Defense Layer[2m > [22mcanAccess 窶・role hierarchy invariants[2m > [22mviewer cannot access admin or reception[32m 1[2mms[22m[39m
 [32m笨・[39m src/auth/__tests__/rbac-defense.spec.ts[2m > [22mRBAC Defense Layer[2m > [22mcanAccess 窶・role hierarchy invariants[2m > [22mhierarchy is strictly transitive (admin > reception > viewer)[32m 1[2mms[22m[39m
 [32m笨・[39m src/auth/__tests__/rbac-defense.spec.ts[2m > [22mRBAC Defense Layer[2m > [22misNavVisible 窶・audience filtering[2m > [22maudience "all" is visible to every navAudience[32m 1[2mms[22m[39m
 [32m笨・[39m src/auth/__tests__/rbac-defense.spec.ts[2m > [22mRBAC Defense Layer[2m > [22misNavVisible 窶・audience filtering[2m > [22maudience "admin" is hidden from staff / all[32m 1[2mms[22m[39m
 [32m笨・[39m src/auth/__tests__/rbac-defense.spec.ts[2m > [22mRBAC Defense Layer[2m > [22misNavVisible 窶・audience filtering[2m > [22maudience "staff" is hidden from "all" but visible to admin[32m 1[2mms[22m[39m
 [32m笨・[39m src/auth/__tests__/rbac-defense.spec.ts[2m > [22mRBAC Defense Layer[2m > [22misNavVisible 窶・audience filtering[2m > [22maudience array ["reception", "admin"] is visible to reception/admin only[32m 1[2mms[22m[39m
 [32m笨・[39m src/auth/__tests__/rbac-defense.spec.ts[2m > [22mRBAC Defense Layer[2m > [22misNavVisible 窶・audience filtering[2m > [22mitem with no audience defaults to "all"[32m 1[2mms[22m[39m
 [32m笨・[39m src/auth/__tests__/rbac-defense.spec.ts[2m > [22mRBAC Defense Layer[2m > [22mcomposite: admin-only routes are doubly protected[2m > [22mviewer cannot see admin nav AND cannot access admin route[32m 1[2mms[22m[39m
 [32m笨・[39m src/auth/__tests__/rbac-defense.spec.ts[2m > [22mRBAC Defense Layer[2m > [22mcomposite: admin-only routes are doubly protected[2m > [22mreception cannot see admin nav AND cannot access admin route[32m 1[2mms[22m[39m
 [32m笨・[39m src/auth/__tests__/rbac-defense.spec.ts[2m > [22mRBAC Defense Layer[2m > [22mcomposite: admin-only routes are doubly protected[2m > [22madmin can see admin nav AND can access admin route[32m 1[2mms[22m[39m
 [32m笨・[39m src/auth/__tests__/rbac-defense.spec.ts[2m > [22mRBAC Defense Layer[2m > [22mfail-closed safety[2m > [22minvalid role string defaults to denied (canAccess returns false)[32m 1[2mms[22m[39m
 [32m笨・[39m src/app/hubs/__tests__/hubDefinitions.spec.ts[2m > [22mhubDefinitions[2m > [22mexposes root path / role / nav label from a single dictionary[32m 5[2mms[22m[39m
 [32m笨・[39m src/app/hubs/__tests__/hubDefinitions.spec.ts[2m > [22mhubDefinitions[2m > [22mmatches hub active paths from dictionary config[32m 1[2mms[22m[39m
 [32m笨・[39m src/app/hubs/__tests__/hubDefinitions.spec.ts[2m > [22mhubDefinitions[2m > [22mrespects inactive path exclusions[32m 1[2mms[22m[39m
 [32m笨・[39m src/app/hubs/__tests__/hubDefinitions.spec.ts[2m > [22mhubDefinitions[2m > [22mresolves pathname to hub route metadata[32m 1[2mms[22m[39m
 [32m笨・[39m src/app/hubs/__tests__/hubDefinitions.spec.ts[2m > [22mhubDefinitions[2m > [22mexposes standalone hub ids for route generation[32m 1[2mms[22m[39m
 [32m笨・[39m src/app/hubs/__tests__/hubDefinitions.spec.ts[2m > [22mhubDefinitions[2m > [22mkeeps fixed one-line purpose text for each hub header[32m 1[2mms[22m[39m
 [32m笨・[39m src/app/hubs/__tests__/hubDefinitions.spec.ts[2m > [22mhubDefinitions[2m > [22mresolves primary/secondary/comingSoon entries by role and policy[32m 3[2mms[22m[39m
 [32m笨・[39m src/app/hubs/__tests__/hubDefinitions.spec.ts[2m > [22mhubDefinitions[2m > [22mkeeps KPI-driven ordering deterministic by role[32m 1[2mms[22m[39m
 [32m笨・[39m src/features/today/domain/mapSchedulesToTodayLanes.spec.ts[2m > [22mmapSchedulesToTodayLanes[2m > [22mreturns safe empty lanes when items is undefined[32m 6[2mms[22m[39m
 [32m笨・[39m src/features/today/domain/mapSchedulesToTodayLanes.spec.ts[2m > [22mmapSchedulesToTodayLanes[2m > [22mreturns safe empty lanes when items is null[32m 1[2mms[22m[39m
 [32m笨・[39m src/features/today/domain/mapSchedulesToTodayLanes.spec.ts[2m > [22mmapSchedulesToTodayLanes[2m > [22mreturns safe empty lanes when items is empty array[32m 2[2mms[22m[39m
 [32m笨・[39m src/features/today/domain/mapSchedulesToTodayLanes.spec.ts[2m > [22mmapSchedulesToTodayLanes[2m > [22mmaps real schedule data to thin today lanes[32m 4[2mms[22m[39m
 [32m笨・[39m src/features/today/domain/mapSchedulesToTodayLanes.spec.ts[2m > [22mmapSchedulesToTodayLanes[2m > [22mordering is stable 窶・sorted by time ascending[32m 1[2mms[22m[39m
 [32m笨・[39m src/features/today/domain/mapSchedulesToTodayLanes.spec.ts[2m > [22mmapSchedulesToTodayLanes[2m > [22mfilters out all-day events (no actionable start time)[32m 1[2mms[22m[39m
 [32m笨・[39m src/features/today/domain/mapSchedulesToTodayLanes.spec.ts[2m > [22mmapSchedulesToTodayLanes[2m > [22mfilters out items with fallback startText "窶・[32m 1[2mms[22m[39m
 [32m笨・[39m src/features/today/domain/mapSchedulesToTodayLanes.spec.ts[2m > [22mmapSchedulesToTodayLanes[2m > [22mmissing optional fields do not break mapping[32m 1[2mms[22m[39m
 [32m笨・[39m src/features/today/domain/mapSchedulesToTodayLanes.spec.ts[2m > [22mmapSchedulesToTodayLanes[2m > [22mprovides fallback time when startText is missing[32m 1[2mms[22m[39m
 [32m笨・[39m src/features/daily/repositories/sharepoint/__tests__/SharePointDailyRecordRepository.rowAggregate.spec.ts[2m > [22mSharePointDailyRecordRepository row-aggregate fallback[2m > [22maggregates row-based cr013 records into DailyRecordItem[] when canonical schema is absent[32m 21[2mms[22m[39m
 [32m笨・[39m src/features/today/domain/__tests__/buildUserAlerts.spec.ts[2m > [22mbuildUserAlerts[2m > [22m遨ｺ驟榊・縺ｪ繧臥ｩｺ縺ｮ Map 繧定ｿ斐☆[32m 4[2mms[22m[39m
 [32m笨・[39m src/features/today/domain/__tests__/buildUserAlerts.spec.ts[2m > [22mbuildUserAlerts[2m > [22m菴主ｼｷ蠎ｦ繝ｬ繧ｳ繝ｼ繝峨・縺ｿ 竊・鬮伜ｼｷ蠎ｦ繧｢繝ｩ繝ｼ繝医・蜃ｺ縺ｪ縺・[32m 2[2mms[22m[39m
 [32m笨・[39m src/features/today/domain/__tests__/buildUserAlerts.spec.ts[2m > [22mbuildUserAlerts[2m > [22m鬮伜ｼｷ蠎ｦ繝ｬ繧ｳ繝ｼ繝峨′縺ゅｌ縺ｰ high-intensity 繧｢繝ｩ繝ｼ繝医′蜃ｺ繧・[32m 1[2mms[22m[39m
 [32m笨・[39m src/features/today/domain/__tests__/buildUserAlerts.spec.ts[2m > [22mbuildUserAlerts[2m > [22m逶ｴ霑代↓髮・ｸｭ 竊・繝医Ξ繝ｳ繝・竊・縺ｧ severity=warning[32m 1[2mms[22m[39m
 [32m笨・[39m src/features/today/domain/__tests__/buildUserAlerts.spec.ts[2m > [22mbuildUserAlerts[2m > [22m蜿､縺・⊇縺・↓髮・ｸｭ 竊・繝医Ξ繝ｳ繝・竊・縺ｧ severity=info[32m 1[2mms[22m[39m
 [32m笨・[39m src/features/today/domain/__tests__/buildUserAlerts.spec.ts[2m > [22mbuildUserAlerts[2m > [22m陦悟虚蜷阪・諡ｬ蠑ｧ驛ｨ蛻・′逵∫払縺輔ｌ繧・[32m 1[2mms[22m[39m
 [32m笨・[39m src/features/today/domain/__tests__/buildUserAlerts.spec.ts[2m > [22mbuildUserAlerts[2m > [22mreferencedStrategies 縺ｮ applied=true 竊・active-strategy 繧｢繝ｩ繝ｼ繝医′蜃ｺ繧・[32m 1[2mms[22m[39m
 [32m笨・[39m src/features/today/domain/__tests__/buildUserAlerts.spec.ts[2m > [22mbuildUserAlerts[2m > [22mapplied=false 縺ｮ縺ｿ 竊・謌ｦ逡･繧｢繝ｩ繝ｼ繝医・蜃ｺ縺ｪ縺・[32m 1[2mms[22m[39m
 [32m笨・[39m src/features/today/domain/__tests__/buildUserAlerts.spec.ts[2m > [22mbuildUserAlerts[2m > [22m荳｡譁ｹ縺ｮ繧｢繝ｩ繝ｼ繝医′縺ゅｋ蝣ｴ蜷・竊・譛螟ｧ2莉ｶ縺ｫ邨槭ｉ繧後ｋ[32m 1[2mms[22m[39m
 [32m笨・[39m src/features/today/domain/__tests__/buildUserAlerts.spec.ts[2m > [22mbuildUserAlerts[2m > [22m隍・焚繝ｦ繝ｼ繧ｶ繝ｼ縺梧ｷｷ蝨ｨ 竊・蜷・Θ繝ｼ繧ｶ繝ｼ迢ｬ遶九↓邂怜・[32m 1[2mms[22m[39m
 [32m笨・[39m src/features/today/domain/__tests__/buildUserAlerts.spec.ts[2m > [22mbuildUserAlerts[2m > [22m髟ｷ縺・姶逡･繝・く繧ｹ繝医・蛻・ｊ隧ｰ繧√ｉ繧後ｋ[32m 1[2mms[22m[39m
[90mstdout[2m | tests/unit/spClient.nextLink.preserveParams.spec.ts[2m > [22m[2mspClient listItems nextLink[2m > [22m[2mpreserves select/expand parameters across nextLink paging
[22m[39m[DriftActionDispatcher] Initialized and subscribed to drift events.
[DriftNotificationHandler] Webhook URL not configured. Notifications disabled.

 [32m笨・[39m tests/unit/spClient.nextLink.preserveParams.spec.ts[2m > [22mspClient listItems nextLink[2m > [22mpreserves select/expand parameters across nextLink paging[32m 15[2mms[22m[39m
 [32m笨・[39m tests/unit/notice.spec.ts[2m > [22mwithUserMessage[2m > [22muses specific network message and preserves original text when error matches timeout rule[32m 5[2mms[22m[39m
 [32m笨・[39m tests/unit/notice.spec.ts[2m > [22mwithUserMessage[2m > [22muses auth specific message when error code indicates forbidden[32m 1[2mms[22m[39m
 [32m笨・[39m tests/unit/notice.spec.ts[2m > [22mwithUserMessage[2m > [22muses schema message when error message references field issues[32m 1[2mms[22m[39m
 [32m笨・[39m tests/unit/notice.spec.ts[2m > [22mwithUserMessage[2m > [22mfalls back to provided message when no rule matches and trims fallback[32m 1[2mms[22m[39m
 [32m笨・[39m tests/unit/notice.spec.ts[2m > [22mshowDemoWriteDisabled[2m > [22mnotifies that writes are disabled when fallback is disallowed[32m 3[2mms[22m[39m
 [32m笨・[39m tests/unit/notice.spec.ts[2m > [22mshowDemoWriteDisabled[2m > [22mwarns about demo mode when fallback allowed and demo enabled[32m 1[2mms[22m[39m
 [32m笨・[39m tests/unit/notice.spec.ts[2m > [22mshowDemoWriteDisabled[2m > [22mdoes nothing when fallback allowed but demo disabled[32m 1[2mms[22m[39m
 [32m笨・[39m tests/unit/notice.spec.ts[2m > [22mregisterNotifier / notify[2m > [22mdelivers notifications when handler registered[32m 1[2mms[22m[39m
 [32m笨・[39m tests/unit/notice.spec.ts[2m > [22mregisterNotifier / notify[2m > [22mignores notify when no handler registered[32m 1[2mms[22m[39m
 [32m笨・[39m src/sharepoint/fields/__tests__/activityDiaryFields.drift.spec.ts[2m > [22mACTIVITY_DIARY_CANDIDATES 窶・讓呎ｺ門錐[2m > [22m蠢・・4 繝輔ぅ繝ｼ繝ｫ繝峨′縺吶∋縺ｦ隗｣豎ｺ縺輔ｌ繧・[32m 6[2mms[22m[39m
 [32m笨・[39m src/sharepoint/fields/__tests__/activityDiaryFields.drift.spec.ts[2m > [22mACTIVITY_DIARY_CANDIDATES 窶・讓呎ｺ門錐[2m > [22mdrift 繝輔Λ繧ｰ縺・false・亥ｮ悟・荳閾ｴ・・[32m 1[2mms[22m[39m
 [32m笨・[39m src/sharepoint/fields/__tests__/activityDiaryFields.drift.spec.ts[2m > [22mACTIVITY_DIARY_CANDIDATES 窶・讓呎ｺ門錐[2m > [22misHealthy=true[32m 1[2mms[22m[39m
 [32m笨・[39m src/sharepoint/fields/__tests__/activityDiaryFields.drift.spec.ts[2m > [22mACTIVITY_DIARY_CANDIDATES 窶・UserIdId drift[2m > [22mUserIdId 縺・userId 縺ｨ縺励※隗｣豎ｺ縺輔ｌ繧・[32m 2[2mms[22m[39m
 [32m笨・[39m src/sharepoint/fields/__tests__/activityDiaryFields.drift.spec.ts[2m > [22mACTIVITY_DIARY_CANDIDATES 窶・UserIdId drift[2m > [22mUserId 縺・userId 縺ｨ縺励※隗｣豎ｺ縺輔ｌ繧・[32m 1[2mms[22m[39m
 [32m笨・[39m src/sharepoint/fields/__tests__/activityDiaryFields.drift.spec.ts[2m > [22mACTIVITY_DIARY_CANDIDATES 窶・UserIdId drift[2m > [22mcr013_userId 縺・userId 縺ｨ縺励※隗｣豎ｺ縺輔ｌ繧・[32m 1[2mms[22m[39m
 [32m笨・[39m src/sharepoint/fields/__tests__/activityDiaryFields.drift.spec.ts[2m > [22mACTIVITY_DIARY_CANDIDATES 窶・date drift[2m > [22mRecordDate 縺・date 縺ｨ縺励※隗｣豎ｺ縺輔ｌ繧・[32m 1[2mms[22m[39m
 [32m笨・[39m src/sharepoint/fields/__tests__/activityDiaryFields.drift.spec.ts[2m > [22mACTIVITY_DIARY_CANDIDATES 窶・date drift[2m > [22mEntryDate 縺・date 縺ｨ縺励※隗｣豎ｺ縺輔ｌ繧・[32m 2[2mms[22m[39m
 [32m笨・[39m src/sharepoint/fields/__tests__/activityDiaryFields.drift.spec.ts[2m > [22mACTIVITY_DIARY_CANDIDATES 窶・date drift[2m > [22mDate0 (suffix drift) 縺・date 縺ｨ縺励※隗｣豎ｺ縺輔ｌ繧・[32m 2[2mms[22m[39m
 [32m笨・[39m src/sharepoint/fields/__tests__/activityDiaryFields.drift.spec.ts[2m > [22mACTIVITY_DIARY_CANDIDATES 窶・shift drift[2m > [22mPeriod 縺・shift 縺ｨ縺励※隗｣豎ｺ縺輔ｌ繧・[32m 1[2mms[22m[39m
 [32m笨・[39m src/sharepoint/fields/__tests__/activityDiaryFields.drift.spec.ts[2m > [22mACTIVITY_DIARY_CANDIDATES 窶・shift drift[2m > [22mTimeSlot 縺・shift 縺ｨ縺励※隗｣豎ｺ縺輔ｌ繧・[32m 1[2mms[22m[39m
 [32m笨・[39m src/sharepoint/fields/__tests__/activityDiaryFields.drift.spec.ts[2m > [22mACTIVITY_DIARY_CANDIDATES 窶・shift drift[2m > [22mShift0 (suffix drift) 縺・shift 縺ｨ縺励※隗｣豎ｺ縺輔ｌ繧・[32m 1[2mms[22m[39m
 [32m笨・[39m src/sharepoint/fields/__tests__/activityDiaryFields.drift.spec.ts[2m > [22mACTIVITY_DIARY_ESSENTIALS 蠅・阜[2m > [22m蠢・・4 繝輔ぅ繝ｼ繝ｫ繝峨′謠・∴縺ｰ isHealthy=true[32m 1[2mms[22m[39m
 [32m笨・[39m src/sharepoint/fields/__tests__/activityDiaryFields.drift.spec.ts[2m > [22mACTIVITY_DIARY_ESSENTIALS 蠅・阜[2m > [22mshift 縺梧ｬ關ｽ縺吶ｌ縺ｰ isHealthy=false[32m 1[2mms[22m[39m
 [32m笨・[39m src/sharepoint/fields/__tests__/activityDiaryFields.drift.spec.ts[2m > [22mACTIVITY_DIARY_ESSENTIALS 蠅・阜[2m > [22muserId 縺悟ｮ悟・谺關ｽ縺吶ｌ縺ｰ isHealthy=false[32m 1[2mms[22m[39m
 [32m笨・[39m src/sharepoint/fields/__tests__/activityDiaryFields.drift.spec.ts[2m > [22mACTIVITY_DIARY_ESSENTIALS 蠅・阜[2m > [22m繧ｪ繝励す繝ｧ繝ｳ蛻励′谺關ｽ縺励※繧・isHealthy=true[32m 1[2mms[22m[39m
 [32m笨・[39m src/features/handoff/hooks/__tests__/useImportantHandoffsForDaily.test.ts[2m > [22museImportantHandoffsForDaily utilities[2m > [22mbuildSpecialNotesFromImportantHandoffs[2m > [22mshould generate formatted special notes from handoffs[32m 6[2mms[22m[39m
 [32m笨・[39m src/features/handoff/hooks/__tests__/useImportantHandoffsForDaily.test.ts[2m > [22museImportantHandoffsForDaily utilities[2m > [22mbuildSpecialNotesFromImportantHandoffs[2m > [22mshould append to existing notes[32m 1[2mms[22m[39m
 [32m笨・[39m src/features/handoff/hooks/__tests__/useImportantHandoffsForDaily.test.ts[2m > [22museImportantHandoffsForDaily utilities[2m > [22mbuildSpecialNotesFromImportantHandoffs[2m > [22mshould return existing notes when no handoffs[32m 1[2mms[22m[39m
 [32m笨・[39m src/features/handoff/hooks/__tests__/useImportantHandoffsForDaily.test.ts[2m > [22museImportantHandoffsForDaily utilities[2m > [22mshouldAutoGenerateSpecialNotes[2m > [22mshould return true for new record with important handoffs[32m 1[2mms[22m[39m
 [32m笨・[39m src/features/handoff/hooks/__tests__/useImportantHandoffsForDaily.test.ts[2m > [22museImportantHandoffsForDaily utilities[2m > [22mshouldAutoGenerateSpecialNotes[2m > [22mshould return false for edit mode[32m 1[2mms[22m[39m
 [32m笨・[39m src/features/handoff/hooks/__tests__/useImportantHandoffsForDaily.test.ts[2m > [22museImportantHandoffsForDaily utilities[2m > [22mshouldAutoGenerateSpecialNotes[2m > [22mshould return false when no person selected[32m 1[2mms[22m[39m
 [32m笨・[39m src/features/handoff/hooks/__tests__/useImportantHandoffsForDaily.test.ts[2m > [22museImportantHandoffsForDaily utilities[2m > [22mshouldAutoGenerateSpecialNotes[2m > [22mshould return false when special notes already exist[32m 1[2mms[22m[39m
 [32m笨・[39m src/features/handoff/hooks/__tests__/useImportantHandoffsForDaily.test.ts[2m > [22museImportantHandoffsForDaily utilities[2m > [22mshouldAutoGenerateSpecialNotes[2m > [22mshould return false when no important handoffs[32m 2[2mms[22m[39m
 [32m笨・[39m src/features/handoff/hooks/__tests__/useImportantHandoffsForDaily.test.ts[2m > [22museImportantHandoffsForDaily utilities[2m > [22mhasAutoGeneratedContent[2m > [22mshould detect auto-generated content[32m 1[2mms[22m[39m
 [32m笨・[39m src/features/handoff/hooks/__tests__/useImportantHandoffsForDaily.test.ts[2m > [22museImportantHandoffsForDaily utilities[2m > [22mhasAutoGeneratedContent[2m > [22mshould return false for manual content only[32m 1[2mms[22m[39m
 [32m笨・[39m src/features/handoff/hooks/__tests__/useImportantHandoffsForDaily.test.ts[2m > [22museImportantHandoffsForDaily utilities[2m > [22mremoveAutoGeneratedContent[2m > [22mshould remove auto-generated content[32m 1[2mms[22m[39m
 [32m笨・[39m src/features/handoff/hooks/__tests__/useImportantHandoffsForDaily.test.ts[2m > [22museImportantHandoffsForDaily utilities[2m > [22mremoveAutoGeneratedContent[2m > [22mshould return original text when no auto-generated content[32m 1[2mms[22m[39m
 [32m笨・[39m src/features/daily/domain/__tests__/behaviorPatternSuggestions.spec.ts[2m > [22mgeneratePatternSuggestions[2m > [22minsights 縺・null 縺ｪ繧臥ｩｺ驟榊・[32m 5[2mms[22m[39m
 [32m笨・[39m src/features/daily/domain/__tests__/behaviorPatternSuggestions.spec.ts[2m > [22mgeneratePatternSuggestions[2m > [22m蜈ｨ繧ｿ繧ｰ縺ｮ rate < 50 縺ｪ繧・Rule 1 (highCoOccurrence) 縺ｯ荳咲匱轣ｫ[32m 2[2mms[22m[39m
 [32m笨・[39m src/features/daily/domain/__tests__/behaviorPatternSuggestions.spec.ts[2m > [22mgeneratePatternSuggestions[2m > [22mrate = 50, total = 2 縺ｪ繧・Rule 1 逋ｺ轣ｫ・井ｻｶ謨ｰ蟆代↑縺・枚險・・[32m 2[2mms[22m[39m
 [32m笨・[39m src/features/daily/domain/__tests__/behaviorPatternSuggestions.spec.ts[2m > [22mgeneratePatternSuggestions[2m > [22mrate = 50 縺縺・total = 1 縺ｪ繧・Rule 1 荳咲匱轣ｫ・医ョ繝ｼ繧ｿ荳崎ｶｳ・・[32m 1[2mms[22m[39m
 [32m笨・[39m src/features/daily/domain/__tests__/behaviorPatternSuggestions.spec.ts[2m > [22mgeneratePatternSuggestions[2m > [22mAM/PM 縺ｮ Top1 縺檎焚縺ｪ繧九→ Rule 2 (slotBias) 逋ｺ轣ｫ[32m 2[2mms[22m[39m
 [32m笨・[39m src/features/daily/domain/__tests__/behaviorPatternSuggestions.spec.ts[2m > [22mgeneratePatternSuggestions[2m > [22mAM/PM 縺ｮ Top1 縺悟酔縺倥↑繧・Rule 2 荳咲匱轣ｫ[32m 1[2mms[22m[39m
 [32m笨・[39m src/features/daily/domain/__tests__/behaviorPatternSuggestions.spec.ts[2m > [22mgeneratePatternSuggestions[2m > [22mwithProblem - withoutProblem >= 1.0 縺ｪ繧・Rule 3 (tagDensityGap) 逋ｺ轣ｫ[32m 1[2mms[22m[39m
 [32m笨・[39m src/features/daily/domain/__tests__/behaviorPatternSuggestions.spec.ts[2m > [22mgeneratePatternSuggestions[2m > [22mpositive 繧ｿ繧ｰ縺ゅｊ rate < 30 縺ｪ繧・Rule 4 (positiveSignal) 逋ｺ轣ｫ[32m 1[2mms[22m[39m
 [32m笨・[39m src/features/daily/domain/__tests__/behaviorPatternSuggestions.spec.ts[2m > [22mgeneratePatternSuggestions[2m > [22m4莉ｶ莉･荳翫ヲ繝・ヨ縺励※繧よ怙螟ｧ 3莉ｶ縺ｫ蛻・ｊ隧ｰ繧√ｉ繧後ｋ[32m 1[2mms[22m[39m
 [32m笨・[39m src/features/daily/domain/__tests__/behaviorPatternSuggestions.spec.ts[2m > [22mgeneratePatternSuggestions[2m > [22m蜈ｨ繝ｫ繝ｼ繝ｫ荳咲匱轣ｫ縺ｪ繧臥ｩｺ驟榊・[32m 1[2mms[22m[39m
 [32m笨・[39m src/features/daily/domain/__tests__/behaviorPatternSuggestions.spec.ts[2m > [22mgeneratePatternSuggestions[2m > [22mtotal >= 4 & rate >= 50 縺ｪ繧臥｢ｺ菫｡蠎ｦ縺ｮ鬮倥＞譁・ｨ[32m 1[2mms[22m[39m
 [32m笨・[39m src/features/today/hooks/__tests__/useWorkflowPhases.spec.ts[2m > [22mbuildWorkflowItems[2m > [22m蛻ｩ逕ｨ閠・＃縺ｨ縺ｮ phase 繧呈ｭ｣縺励￥蛻､螳壹☆繧・[32m 6[2mms[22m[39m
 [32m笨・[39m src/features/today/hooks/__tests__/useWorkflowPhases.spec.ts[2m > [22mbuildWorkflowItems[2m > [22mpriority 鬆・↓繧ｽ繝ｼ繝医＆繧後ｋ[32m 1[2mms[22m[39m
 [32m笨・[39m src/features/today/hooks/__tests__/useWorkflowPhases.spec.ts[2m > [22mbuildWorkflowItems[2m > [22m蛻ｩ逕ｨ閠・′縺・↑縺・ｴ蜷医・遨ｺ驟榊・[32m 2[2mms[22m[39m
 [32m笨・[39m src/features/today/hooks/__tests__/useWorkflowPhases.spec.ts[2m > [22mbuildWorkflowItems[2m > [22m險育判繧ｷ繝ｼ繝医′縺ｪ縺・茜逕ｨ閠・ｂ needs_assessment 縺ｨ縺励※謇ｱ縺医ｋ[32m 1[2mms[22m[39m
 [32m笨・[39m src/features/today/hooks/__tests__/useWorkflowPhases.spec.ts[2m > [22mbuildWorkflowItems[2m > [22mtopPriorityItem 縺梧怙荳贋ｽ阪↓縺ｪ繧・[32m 1[2mms[22m[39m
 [32m笨・[39m src/features/today/hooks/__tests__/useWorkflowPhases.spec.ts[2m > [22mcountByPhase[2m > [22m繝輔ぉ繝ｼ繧ｺ蛻･莉ｶ謨ｰ縺梧ｭ｣縺励￥髮・ｨ医＆繧後ｋ[32m 1[2mms[22m[39m
 [32m笨・[39m src/features/today/hooks/__tests__/useWorkflowPhases.spec.ts[2m > [22mcountByPhase[2m > [22m遨ｺ驟榊・縺ｧ縺ｯ蜈ｨ縺ｦ 0[32m 1[2mms[22m[39m
 [32m笨・[39m src/features/today/hooks/__tests__/useWorkflowPhases.spec.ts[2m > [22mtoPlanningSheetSnapshot[2m > [22mPlanningSheetListItem 繧呈ｭ｣縺励￥螟画鋤縺吶ｋ[32m 1[2mms[22m[39m
 [32m笨・[39m src/features/today/hooks/__tests__/useWorkflowPhases.spec.ts[2m > [22mtoPlanningSheetSnapshot[2m > [22mprocedureCount 逵∫払譎ゅ・繝・ヵ繧ｩ繝ｫ繝・1[32m 1[2mms[22m[39m
 [32m笨・[39m src/features/daily/__tests__/schema.spec.ts[2m > [22mDaily Module Zod Schemas[2m > [22mSharePointDailyRecordItemSchema[2m > [22mshould parse a valid SharePoint item[32m 7[2mms[22m[39m
 [32m笨・[39m src/features/daily/__tests__/schema.spec.ts[2m > [22mDaily Module Zod Schemas[2m > [22mSharePointDailyRecordItemSchema[2m > [22mshould handle missing fields with defaults[32m 2[2mms[22m[39m
 [32m笨・[39m src/features/daily/__tests__/schema.spec.ts[2m > [22mDaily Module Zod Schemas[2m > [22mSharePointDailyRecordItemSchema[2m > [22mshould handle invalid JSON in UserRowsJSON gracefully[32m 3[2mms[22m[39m
 [32m笨・[39m src/features/daily/__tests__/schema.spec.ts[2m > [22mDaily Module Zod Schemas[2m > [22mDailyRecordItemSchema (Transformation)[2m > [22mshould transform SharePoint item to Domain model[32m 3[2mms[22m[39m
 [32m笨・[39m src/features/daily/__tests__/schema.spec.ts[2m > [22mDaily Module Zod Schemas[2m > [22mDailyRecordItemSchema (Transformation)[2m > [22mshould fail if UserRowsJSON contains invalid user row data format during transformation[32m 3[2mms[22m[39m
 [32m笨・[39m src/features/support-plan-guide/domain/__tests__/suggestedGoalsAdapter.spec.ts[2m > [22mtoAssessmentSummary[2m > [22msheet.assessment 繧・AssessmentSummaryInput 縺ｫ螟画鋤縺吶ｋ[32m 7[2mms[22m[39m
 [32m笨・[39m src/features/support-plan-guide/domain/__tests__/suggestedGoalsAdapter.spec.ts[2m > [22mtoAssessmentSummary[2m > [22m遨ｺ縺ｮ assessment 縺ｧ繧ゅお繝ｩ繝ｼ縺ｫ縺ｪ繧峨↑縺・[32m 1[2mms[22m[39m
 [32m笨・[39m src/features/support-plan-guide/domain/__tests__/suggestedGoalsAdapter.spec.ts[2m > [22mtoIcebergSummary[2m > [22msheet 縺ｮ Iceberg 諠・ｱ繧・IcebergSummaryInput 縺ｫ螟画鋤縺吶ｋ[32m 1[2mms[22m[39m
 [32m笨・[39m src/features/support-plan-guide/domain/__tests__/suggestedGoalsAdapter.spec.ts[2m > [22mtoMonitoringSummary[2m > [22m繝輔か繝ｼ繝 + latestMonitoring 竊・MonitoringSummaryInput[32m 1[2mms[22m[39m
 [32m笨・[39m src/features/support-plan-guide/domain/__tests__/suggestedGoalsAdapter.spec.ts[2m > [22mtoMonitoringSummary[2m > [22m繝｢繝九ち繝ｪ繝ｳ繧ｰ譛ｪ螳滓命 + 繝輔か繝ｼ繝遨ｺ 竊・null[32m 1[2mms[22m[39m
 [32m笨・[39m src/features/support-plan-guide/domain/__tests__/suggestedGoalsAdapter.spec.ts[2m > [22mtoMonitoringSummary[2m > [22mlatestMonitoring 縺・null 縺ｧ繧ゅヵ繧ｩ繝ｼ繝縺ｫ險倩ｼ峨≠繧後・霑斐☆[32m 1[2mms[22m[39m
 [32m笨・[39m src/features/support-plan-guide/domain/__tests__/suggestedGoalsAdapter.spec.ts[2m > [22mtoSuggestedGoalsInput[2m > [22mbundle + form 繧堤ｵｱ蜷医＠縺ｦ蜈･蜉帙ｒ逕滓・縺吶ｋ[32m 2[2mms[22m[39m
 [32m笨・[39m src/features/support-plan-guide/domain/__tests__/suggestedGoalsAdapter.spec.ts[2m > [22mtoSuggestedGoalsInput[2m > [22mplanningSheets 縺檎ｩｺ縺ｧ繧ょ虚菴懊☆繧・[32m 1[2mms[22m[39m
 [32m笨・[39m tests/unit/sharepoint/fields.integrity.spec.ts[2m > [22mfields.ts 窶・險ｭ險井ｸ榊､画擅莉ｶ[2m > [22mListKeys 縺ｫ Dat_Behaviors 縺悟性縺ｾ繧後↑縺・％縺ｨ[32m 6[2mms[22m[39m
 [32m笨・[39m tests/unit/sharepoint/fields.integrity.spec.ts[2m > [22mfields.ts 窶・險ｭ險井ｸ榊､画擅莉ｶ[2m > [22m蜈ｨ縺ｦ縺ｮ ListKeys 縺ｫ蟇ｾ蠢懊☆繧・LIST_CONFIG 繧ｨ繝ｳ繝医Μ縺悟ｭ伜惠縺吶ｋ縺薙→[32m 3[2mms[22m[39m
 [32m笨・[39m tests/unit/sharepoint/fields.integrity.spec.ts[2m > [22mfields.ts 窶・險ｭ險井ｸ榊､画擅莉ｶ[2m > [22mLIST_CONFIG 縺ｮ繧ｿ繧､繝医Ν縺・ListKeys 縺ｮ蛟､縺ｨ隲也炊逧・↓蟇ｾ蠢懊☆繧九％縺ｨ[32m 2[2mms[22m[39m
 [32m笨・[39m tests/unit/sharepoint/fields.integrity.spec.ts[2m > [22mfields.ts 窶・險ｭ險井ｸ榊､画擅莉ｶ[2m > [22mFIELD_MAP_ICEBERG_ANALYSIS 縺ｫ蠢・医ヵ繧｣繝ｼ繝ｫ繝峨′蟄伜惠縺吶ｋ縺薙→[32m 1[2mms[22m[39m
 [32m笨・[39m tests/unit/sharepoint/fields.integrity.spec.ts[2m > [22mfields.ts 窶・險ｭ險井ｸ榊､画擅莉ｶ[2m > [22mListKeys.IcebergAnalysis 縺・LIST_CONFIG 縺ｫ逋ｻ骭ｲ縺輔ｌ縺ｦ縺・ｋ縺薙→[32m 1[2mms[22m[39m
 [32m笨・[39m tests/unit/sharepoint/fields.integrity.spec.ts[2m > [22mfields.ts 窶・險ｭ險井ｸ榊､画擅莉ｶ[2m > [22mFIELD_MAP_SURVEY_TOKUSEI 縺ｫ豢ｾ逕溘ヵ繧｣繝ｼ繝ｫ繝峨′蜷ｫ縺ｾ繧後↑縺・％縺ｨ[32m 1[2mms[22m[39m
 [32m笨・[39m tests/unit/sharepoint/fields.integrity.spec.ts[2m > [22mfields.ts 窶・險ｭ險井ｸ榊､画擅莉ｶ[2m > [22mFIELD_DERIVED_TOKUSEI 縺ｯ personality / sensoryFeatures / behaviorFeatures 縺ｮ3蛻励・縺ｿ[32m 2[2mms[22m[39m
 [32m笨・[39m src/features/callLogs/domain/__tests__/callLogFilterPresets.spec.ts[2m > [22mparseFilterPreset[2m > [22mshould parse "overdue" as a valid preset[32m 4[2mms[22m[39m
 [32m笨・[39m src/features/callLogs/domain/__tests__/callLogFilterPresets.spec.ts[2m > [22mparseFilterPreset[2m > [22mshould parse "urgent" as a valid preset[32m 1[2mms[22m[39m
 [32m笨・[39m src/features/callLogs/domain/__tests__/callLogFilterPresets.spec.ts[2m > [22mparseFilterPreset[2m > [22mshould parse "mine" as a valid preset[32m 1[2mms[22m[39m
 [32m笨・[39m src/features/callLogs/domain/__tests__/callLogFilterPresets.spec.ts[2m > [22mparseFilterPreset[2m > [22mshould parse "callback" as a valid preset[32m 1[2mms[22m[39m
 [32m笨・[39m src/features/callLogs/domain/__tests__/callLogFilterPresets.spec.ts[2m > [22mparseFilterPreset[2m > [22mshould parse "open" as a valid preset[32m 1[2mms[22m[39m
 [32m笨・[39m src/features/callLogs/domain/__tests__/callLogFilterPresets.spec.ts[2m > [22mparseFilterPreset[2m > [22mshould return null for unknown value[32m 1[2mms[22m[39m
 [32m笨・[39m src/features/callLogs/domain/__tests__/callLogFilterPresets.spec.ts[2m > [22mparseFilterPreset[2m > [22mshould return null for null input[32m 1[2mms[22m[39m
 [32m笨・[39m src/features/callLogs/domain/__tests__/callLogFilterPresets.spec.ts[2m > [22mparseFilterPreset[2m > [22mshould return null for empty string[32m 1[2mms[22m[39m
 [32m笨・[39m src/features/callLogs/domain/__tests__/callLogFilterPresets.spec.ts[2m > [22mparseFilterPreset[2m > [22mshould be case-insensitive[32m 1[2mms[22m[39m
 [32m笨・[39m src/features/callLogs/domain/__tests__/callLogFilterPresets.spec.ts[2m > [22mparseFilterPreset[2m > [22mshould trim whitespace[32m 1[2mms[22m[39m
 [32m笨・[39m src/features/callLogs/domain/__tests__/callLogFilterPresets.spec.ts[2m > [22mgetPresetConfig[2m > [22mshould return callback_pending tab for overdue preset[32m 1[2mms[22m[39m
 [32m笨・[39m src/features/callLogs/domain/__tests__/callLogFilterPresets.spec.ts[2m > [22mgetPresetConfig[2m > [22mshould return all tab for urgent preset[32m 1[2mms[22m[39m
 [32m笨・[39m src/features/callLogs/domain/__tests__/callLogFilterPresets.spec.ts[2m > [22mgetPresetConfig[2m > [22mshould return all tab for mine preset[32m 1[2mms[22m[39m
 [32m笨・[39m src/features/callLogs/domain/__tests__/callLogFilterPresets.spec.ts[2m > [22mgetPresetConfig[2m > [22mshould return new tab for open preset[32m 1[2mms[22m[39m
 [32m笨・[39m src/features/callLogs/domain/__tests__/callLogFilterPresets.spec.ts[2m > [22mbuildCallLogFilterUrl[2m > [22mshould generate correct URL for overdue[32m 1[2mms[22m[39m
 [32m笨・[39m src/features/callLogs/domain/__tests__/callLogFilterPresets.spec.ts[2m > [22mbuildCallLogFilterUrl[2m > [22mshould generate correct URL for mine[32m 1[2mms[22m[39m
 [32m笨・[39m src/domain/isp/__tests__/buildIspCreateInput.spec.ts[2m > [22mbuildIspCreateInput[2m > [22m蛻ｩ逕ｨ閠・・繧ｹ繧ｿ縺九ｉ UserSnapshot 繧堤函謌舌＠縺ｦ豕ｨ蜈･縺吶ｋ[32m 5[2mms[22m[39m
 [32m笨・[39m src/domain/isp/__tests__/buildIspCreateInput.spec.ts[2m > [22mbuildIspCreateInput[2m > [22msnapshotAt 縺・ISO 8601 蠖｢蠑上〒莉倅ｸ弱＆繧後ｋ[32m 1[2mms[22m[39m
 [32m笨・[39m src/domain/isp/__tests__/buildIspCreateInput.spec.ts[2m > [22mbuildIspCreateInput[2m > [22m繝輔か繝ｼ繝蛟､縺後◎縺ｮ縺ｾ縺ｾ IspCreateInput 縺ｫ騾城℃縺輔ｌ繧・[32m 2[2mms[22m[39m
 [32m笨・[39m src/domain/isp/__tests__/buildIspCreateInput.spec.ts[2m > [22mbuildIspCreateInput[2m > [22m譛蟆城剞縺ｮ蛻ｩ逕ｨ閠・ｱ樊ｧ縺ｧ繧ゅせ繝翫ャ繝励す繝ｧ繝・ヨ縺檎函謌舌＆繧後ｋ[32m 1[2mms[22m[39m
 [32m笨・[39m src/domain/isp/__tests__/buildIspCreateInput.spec.ts[2m > [22mbuildIspCreateInput[2m > [22m蛻ｩ逕ｨ閠・′ undefined 縺ｮ蝣ｴ蜷・UserNotResolvedError 繧・throw 縺吶ｋ[32m 1[2mms[22m[39m
 [32m笨・[39m src/domain/isp/__tests__/buildIspCreateInput.spec.ts[2m > [22mbuildIspCreateInput[2m > [22m蛻ｩ逕ｨ閠・′ null 縺ｮ蝣ｴ蜷・UserNotResolvedError 繧・throw 縺吶ｋ[32m 1[2mms[22m[39m
 [32m笨・[39m src/domain/isp/__tests__/buildIspCreateInput.spec.ts[2m > [22mbuildIspCreateInput[2m > [22mUserNotResolvedError 縺ｫ userId 縺悟性縺ｾ繧後ｋ[32m 1[2mms[22m[39m
 [32m笨・[39m src/domain/isp/__tests__/buildIspCreateInput.spec.ts[2m > [22mUserNotResolvedError[2m > [22muserId 縺ゅｊ縺ｮ繝｡繝・そ繝ｼ繧ｸ[32m 1[2mms[22m[39m
 [32m笨・[39m src/domain/isp/__tests__/buildIspCreateInput.spec.ts[2m > [22mUserNotResolvedError[2m > [22muserId 縺ｪ縺励・繝｡繝・そ繝ｼ繧ｸ[32m 1[2mms[22m[39m
 [32m笨・[39m src/features/schedules/__tests__/ui-density-tokens.test.ts[2m > [22mschedules: UI density token guardrails[2m > [22mtoken exports[2m > [22mexports SCHEDULE_TIMELINE_SPACING for DayView[32m 4[2mms[22m[39m
 [32m笨・[39m src/features/schedules/__tests__/ui-density-tokens.test.ts[2m > [22mschedules: UI density token guardrails[2m > [22mtoken exports[2m > [22mexports SCHEDULE_MONTH_SPACING for MonthPage[32m 1[2mms[22m[39m
 [32m笨・[39m src/features/schedules/__tests__/ui-density-tokens.test.ts[2m > [22mschedules: UI density token guardrails[2m > [22mtimeline spacing shape (DayView)[2m > [22mprovides padding tokens in compact/normal pairs[32m 1[2mms[22m[39m
 [32m笨・[39m src/features/schedules/__tests__/ui-density-tokens.test.ts[2m > [22mschedules: UI density token guardrails[2m > [22mtimeline spacing shape (DayView)[2m > [22mprovides gap tokens for layout spacing[32m 1[2mms[22m[39m
 [32m笨・[39m src/features/schedules/__tests__/ui-density-tokens.test.ts[2m > [22mschedules: UI density token guardrails[2m > [22mtimeline spacing shape (DayView)[2m > [22mprovides visual rail and dot configuration[32m 1[2mms[22m[39m
 [32m笨・[39m src/features/schedules/__tests__/ui-density-tokens.test.ts[2m > [22mschedules: UI density token guardrails[2m > [22mtimeline spacing shape (DayView)[2m > [22mcompact tokens are more or equal to normal spacing[32m 1[2mms[22m[39m
 [32m笨・[39m src/features/schedules/__tests__/ui-density-tokens.test.ts[2m > [22mschedules: UI density token guardrails[2m > [22mmonth grid spacing shape (MonthPage)[2m > [22mprovides header padding tokens in compact/normal pairs[32m 1[2mms[22m[39m
 [32m笨・[39m src/features/schedules/__tests__/ui-density-tokens.test.ts[2m > [22mschedules: UI density token guardrails[2m > [22mmonth grid spacing shape (MonthPage)[2m > [22mprovides grid layout gaps in compact/normal pairs[32m 1[2mms[22m[39m
 [32m笨・[39m src/features/schedules/__tests__/ui-density-tokens.test.ts[2m > [22mschedules: UI density token guardrails[2m > [22mmonth grid spacing shape (MonthPage)[2m > [22mprovides weekday header padding[32m 1[2mms[22m[39m
 [32m笨・[39m src/features/schedules/__tests__/ui-density-tokens.test.ts[2m > [22mschedules: UI density token guardrails[2m > [22mmonth grid spacing shape (MonthPage)[2m > [22mprovides cell padding and gap tokens for day cells[32m 1[2mms[22m[39m
 [32m笨・[39m src/features/schedules/__tests__/ui-density-tokens.test.ts[2m > [22mschedules: UI density token guardrails[2m > [22mmonth grid spacing shape (MonthPage)[2m > [22mprovides cell height constraints[32m 1[2mms[22m[39m
 [32m笨・[39m src/features/schedules/__tests__/ui-density-tokens.test.ts[2m > [22mschedules: UI density token guardrails[2m > [22mmonth grid spacing shape (MonthPage)[2m > [22mcompact modes provide tighter spacing than normal[32m 1[2mms[22m[39m
 [32m笨・[39m src/features/schedules/__tests__/ui-density-tokens.test.ts[2m > [22mschedules: UI density token guardrails[2m > [22mtoken consistency principles[2m > [22mall token values are CSS-compatible types (string | number)[32m 1[2mms[22m[39m
 [32m笨・[39m src/features/schedules/__tests__/ui-density-tokens.test.ts[2m > [22mschedules: UI density token guardrails[2m > [22mtoken consistency principles[2m > [22mprevents inline hardcoded spacing values in components[32m 1[2mms[22m[39m
 [32m笨・[39m tests/unit/mappers.more-branches.spec.ts[2m > [22mlib/mappers additional branch coverage[2m > [22mnormalizes duplicates, invalid lookups, and fallback strings[32m 11[2mms[22m[39m
 [32m笨・[39m tests/unit/mappers.more-branches.spec.ts[2m > [22mlib/mappers additional branch coverage[2m > [22mdetectAllDay respects boolean coercion tokens and invalid ranges[32m 4[2mms[22m[39m
 [32m笨・[39m tests/unit/mappers.more-branches.spec.ts[2m > [22mlib/mappers additional branch coverage[2m > [22mensures local range handles naive timestamps and invalid input[32m 2[2mms[22m[39m
 [32m笨・[39m tests/unit/userSchema.hierarchy.spec.ts[2m > [22mUser schema hierarchy (Core 竓・Detail 竓・Full)[2m > [22mUserCoreSchema parses core-only data[32m 6[2mms[22m[39m
 [32m笨・[39m tests/unit/userSchema.hierarchy.spec.ts[2m > [22mUser schema hierarchy (Core 竓・Detail 竓・Full)[2m > [22mUserDetailSchema parses detail data[32m 3[2mms[22m[39m
 [32m笨・[39m tests/unit/userSchema.hierarchy.spec.ts[2m > [22mUser schema hierarchy (Core 竓・Detail 竓・Full)[2m > [22mUserFullSchema parses full data[32m 3[2mms[22m[39m
 [32m笨・[39m tests/unit/userSchema.hierarchy.spec.ts[2m > [22mUser schema hierarchy (Core 竓・Detail 竓・Full)[2m > [22mUserDetailSchema accepts core-only data (detail fields are optional)[32m 1[2mms[22m[39m
 [32m笨・[39m tests/unit/userSchema.hierarchy.spec.ts[2m > [22mUser schema hierarchy (Core 竓・Detail 竓・Full)[2m > [22mUserFullSchema accepts core-only data (all extension fields are optional)[32m 1[2mms[22m[39m
 [32m笨・[39m tests/unit/userSchema.hierarchy.spec.ts[2m > [22mUser schema hierarchy (Core 竓・Detail 竓・Full)[2m > [22mUserCoreSchema rejects missing required fields[32m 2[2mms[22m[39m
 [32m笨・[39m tests/unit/kokuhoren-csv/serializer.spec.ts[2m > [22mserializeCell[2m > [22mstring: 騾壼ｸｸ譁・ｭ怜・ 竊・"abc"[32m 4[2mms[22m[39m
 [32m笨・[39m tests/unit/kokuhoren-csv/serializer.spec.ts[2m > [22mserializeCell[2m > [22mstring: 繝繝悶Ν繧ｯ繧ｩ繝ｼ繝亥性繧 竊・"a""b"[32m 2[2mms[22m[39m
 [32m笨・[39m tests/unit/kokuhoren-csv/serializer.spec.ts[2m > [22mserializeCell[2m > [22mstring: 遨ｺ譁・ｭ・竊・遨ｺ谺・[32m 1[2mms[22m[39m
 [32m笨・[39m tests/unit/kokuhoren-csv/serializer.spec.ts[2m > [22mserializeCell[2m > [22mstring: null 竊・遨ｺ谺・[32m 1[2mms[22m[39m
 [32m笨・[39m tests/unit/kokuhoren-csv/serializer.spec.ts[2m > [22mserializeCell[2m > [22mstring: undefined 竊・遨ｺ谺・[32m 1[2mms[22m[39m
 [32m笨・[39m tests/unit/kokuhoren-csv/serializer.spec.ts[2m > [22mserializeCell[2m > [22mnumber: 謨ｰ蛟､ 竊・蠑慕畑隨ｦ縺ｪ縺・[32m 1[2mms[22m[39m
 [32m笨・[39m tests/unit/kokuhoren-csv/serializer.spec.ts[2m > [22mserializeCell[2m > [22mnumber: 譁・ｭ怜・謨ｰ蛟､ 竊・謨ｰ蛟､蛹悶＠縺ｦ蠑慕畑隨ｦ縺ｪ縺・[32m 1[2mms[22m[39m
 [32m笨・[39m tests/unit/kokuhoren-csv/serializer.spec.ts[2m > [22mserializeCell[2m > [22mnumber: null 竊・遨ｺ谺・[32m 1[2mms[22m[39m
 [32m笨・[39m tests/unit/kokuhoren-csv/serializer.spec.ts[2m > [22mserializeCell[2m > [22mnumber: NaN譁・ｭ怜・ 竊・遨ｺ谺・[32m 1[2mms[22m[39m
 [32m笨・[39m tests/unit/kokuhoren-csv/serializer.spec.ts[2m > [22mserializeCell[2m > [22mnumber: 0 竊・"0"・域怏蜉ｹ蛟､・・[32m 1[2mms[22m[39m
 [32m笨・[39m tests/unit/kokuhoren-csv/serializer.spec.ts[2m > [22mserializeRow[2m > [22m豁｣蟶ｸ陦・竊・蠑慕畑隨ｦ蛻ｶ蠕｡縺悟・縺斐→縺ｫ驕ｩ逕ｨ[32m 1[2mms[22m[39m
 [32m笨・[39m tests/unit/kokuhoren-csv/serializer.spec.ts[2m > [22mserializeRow[2m > [22m谺謳榊､縺ｯ遨ｺ谺・[32m 1[2mms[22m[39m
 [32m笨・[39m tests/unit/kokuhoren-csv/serializer.spec.ts[2m > [22mserializeRows[2m > [22m隍・焚陦・竊・CRLF蛹ｺ蛻・ｊ縲∵忰蟆ｾ謾ｹ陦後≠繧・[32m 1[2mms[22m[39m
 [32m笨・[39m tests/unit/kokuhoren-csv/serializer.spec.ts[2m > [22mserializeRows[2m > [22m遨ｺ驟榊・ 竊・遨ｺ譁・ｭ・[32m 1[2mms[22m[39m
 [32m笨・[39m tests/unit/kokuhoren-csv/generate71.spec.ts[2m > [22mgenerateKokuhorenCsv71[2m > [22m謠蝉ｾ帙Ξ繧ｳ繝ｼ繝・竊・蛻励′莉墓ｧ倬壹ｊ縺ｮ蠑慕畑隨ｦ縺ｧ蜃ｺ蜉・[32m 7[2mms[22m[39m
 [32m笨・[39m tests/unit/kokuhoren-csv/generate71.spec.ts[2m > [22mgenerateKokuhorenCsv71[2m > [22m谺蟶ｭ繝ｬ繧ｳ繝ｼ繝・竊・譎る俣/蜉邂励′遨ｺ谺・[32m 1[2mms[22m[39m
 [32m笨・[39m tests/unit/kokuhoren-csv/generate71.spec.ts[2m > [22mgenerateKokuhorenCsv71[2m > [22m隍・焚繝ｦ繝ｼ繧ｶ繝ｼ ﾃ・隍・焚譌･ 竊・userCode竊呈律莉倬・↓繧ｽ繝ｼ繝・[32m 3[2mms[22m[39m
 [32m笨・[39m tests/unit/kokuhoren-csv/generate71.spec.ts[2m > [22mgenerateKokuhorenCsv71[2m > [22m遨ｺ繝ｬ繧ｳ繝ｼ繝・竊・遨ｺ譁・ｭ・[32m 1[2mms[22m[39m
 [32m笨・[39m tests/unit/kokuhoren-csv/generate71.spec.ts[2m > [22mgenerateKokuhorenCsv71[2m > [22mCRLF謾ｹ陦後〒譛ｫ蟆ｾ謾ｹ陦後≠繧・[32m 1[2mms[22m[39m
 [32m笨・[39m tests/unit/kokuhoren-csv/generate71.spec.ts[2m > [22mgenerateCsvFilename[2m > [22m2026-02 竊・KOKU_71_202602.csv[32m 1[2mms[22m[39m
 [32m笨・[39m tests/unit/kokuhoren-csv/generate71.spec.ts[2m > [22mgenerateCsvFilename[2m > [22m2025-12 竊・KOKU_71_202512.csv[32m 1[2mms[22m[39m
 [32m笨・[39m src/domain/callLogs/__tests__/schema.spec.ts[2m > [22misOpenCallLog[2m > [22mshould return true when status is "new"[32m 4[2mms[22m[39m
 [32m笨・[39m src/domain/callLogs/__tests__/schema.spec.ts[2m > [22misOpenCallLog[2m > [22mshould return true when status is "callback_pending"[32m 1[2mms[22m[39m
 [32m笨・[39m src/domain/callLogs/__tests__/schema.spec.ts[2m > [22misOpenCallLog[2m > [22mshould return false when status is "done"[32m 1[2mms[22m[39m
 [32m笨・[39m src/domain/callLogs/__tests__/schema.spec.ts[2m > [22misUrgentCallLog[2m > [22mshould return true when urgency is "urgent"[32m 1[2mms[22m[39m
 [32m笨・[39m src/domain/callLogs/__tests__/schema.spec.ts[2m > [22misUrgentCallLog[2m > [22mshould return false when urgency is "today"[32m 1[2mms[22m[39m
 [32m笨・[39m src/domain/callLogs/__tests__/schema.spec.ts[2m > [22misUrgentCallLog[2m > [22mshould return false when urgency is "normal"[32m 1[2mms[22m[39m
 [32m笨・[39m src/domain/callLogs/__tests__/schema.spec.ts[2m > [22misTodayOrUrgentCallLog[2m > [22mshould return true when urgency is "urgent"[32m 1[2mms[22m[39m
 [32m笨・[39m src/domain/callLogs/__tests__/schema.spec.ts[2m > [22misTodayOrUrgentCallLog[2m > [22mshould return true when urgency is "today"[32m 1[2mms[22m[39m
 [32m笨・[39m src/domain/callLogs/__tests__/schema.spec.ts[2m > [22misTodayOrUrgentCallLog[2m > [22mshould return false when urgency is "normal"[32m 1[2mms[22m[39m
 [32m笨・[39m src/domain/callLogs/__tests__/schema.spec.ts[2m > [22misCallbackOverdue[2m > [22mshould return false when status is not callback_pending[32m 1[2mms[22m[39m
 [32m笨・[39m src/domain/callLogs/__tests__/schema.spec.ts[2m > [22misCallbackOverdue[2m > [22mshould return false when callbackDueAt is undefined[32m 1[2mms[22m[39m
 [32m笨・[39m src/domain/callLogs/__tests__/schema.spec.ts[2m > [22misCallbackOverdue[2m > [22mshould return true when callbackDueAt is in the past[32m 1[2mms[22m[39m
 [32m笨・[39m src/domain/callLogs/__tests__/schema.spec.ts[2m > [22misCallbackOverdue[2m > [22mshould return false when callbackDueAt is in the future[32m 1[2mms[22m[39m
 [32m笨・[39m src/domain/callLogs/__tests__/schema.spec.ts[2m > [22misCallbackOverdue[2m > [22mshould use current time when now is not provided[32m 1[2mms[22m[39m
 [32m笨・[39m src/features/planning-sheet/__tests__/supportTemplateBridge.spec.ts[2m > [22msupportTemplateBridge[2m > [22mcsvRowToProcedureStep[2m > [22mmaps CSV row to ProcedureStep with all fields[32m 5[2mms[22m[39m
 [32m笨・[39m src/features/planning-sheet/__tests__/supportTemplateBridge.spec.ts[2m > [22msupportTemplateBridge[2m > [22mcsvRowToProcedureStep[2m > [22mhandles missing person manual[32m 1[2mms[22m[39m
 [32m笨・[39m src/features/planning-sheet/__tests__/supportTemplateBridge.spec.ts[2m > [22msupportTemplateBridge[2m > [22mcsvRowToProcedureStep[2m > [22mreturns null for rows without activity[32m 1[2mms[22m[39m
 [32m笨・[39m src/features/planning-sheet/__tests__/supportTemplateBridge.spec.ts[2m > [22msupportTemplateBridge[2m > [22mcsvRowToProcedureStep[2m > [22muses index + 1 when RowNo is invalid[32m 1[2mms[22m[39m
 [32m笨・[39m src/features/planning-sheet/__tests__/supportTemplateBridge.spec.ts[2m > [22msupportTemplateBridge[2m > [22mcsvRowsToProcedureSteps[2m > [22mconverts multiple rows, skips invalid, re-numbers[32m 4[2mms[22m[39m
 [32m笨・[39m src/features/planning-sheet/__tests__/supportTemplateBridge.spec.ts[2m > [22msupportTemplateBridge[2m > [22mscheduleItemToProcedureStep[2m > [22mmaps ScheduleItem to ProcedureStep[32m 1[2mms[22m[39m
 [32m笨・[39m src/features/planning-sheet/__tests__/supportTemplateBridge.spec.ts[2m > [22msupportTemplateBridge[2m > [22mprocedureStepToScheduleItem[2m > [22mmaps ProcedureStep to ScheduleItem[32m 1[2mms[22m[39m
 [32m笨・[39m src/features/planning-sheet/__tests__/supportTemplateBridge.spec.ts[2m > [22msupportTemplateBridge[2m > [22mround-trip conversion[2m > [22mScheduleItem 竊・ProcedureStep 竊・ScheduleItem preserves essential data[32m 1[2mms[22m[39m
 [32m笨・[39m src/features/planning-sheet/__tests__/buildImportPreview.spec.ts[2m > [22mbuildImportPreview[2m > [22m遨ｺ繝輔か繝ｼ繝縺ｫ蟇ｾ縺励※繝代ャ繝√ｒ蠖薙※繧九→蜈ｨ縺ｦ new 縺ｫ縺ｪ繧・[32m 7[2mms[22m[39m
 [32m笨・[39m src/features/planning-sheet/__tests__/buildImportPreview.spec.ts[2m > [22mbuildImportPreview[2m > [22m譌｢蟄伜､縺後≠繧九ヵ繧｣繝ｼ繝ｫ繝峨・ append 縺ｫ縺ｪ繧・[32m 1[2mms[22m[39m
 [32m笨・[39m src/features/planning-sheet/__tests__/buildImportPreview.spec.ts[2m > [22mbuildImportPreview[2m > [22m遨ｺ譁・ｭ励・繝代ャ繝√・繧ｹ繧ｭ繝・・縺輔ｌ繧・[32m 1[2mms[22m[39m
 [32m笨・[39m src/features/planning-sheet/__tests__/buildImportPreview.spec.ts[2m > [22mbuildImportPreview[2m > [22m繝輔ぅ繝ｼ繝ｫ繝峨Λ繝吶Ν縺ｨ繧ｻ繧ｯ繧ｷ繝ｧ繝ｳ縺梧ｭ｣縺励￥險ｭ螳壹＆繧後ｋ[32m 1[2mms[22m[39m
 [32m笨・[39m src/features/planning-sheet/__tests__/buildImportPreview.spec.ts[2m > [22mbuildImportPreview[2m > [22m繧ｻ繧ｯ繧ｷ繝ｧ繝ｳ鬆・↓繧ｽ繝ｼ繝医＆繧後ｋ[32m 1[2mms[22m[39m
 [32m笨・[39m src/features/planning-sheet/__tests__/buildImportPreview.spec.ts[2m > [22mbuildImportPreview[2m > [22mFIELD_LABELS 縺ｫ縺ｪ縺・ヵ繧｣繝ｼ繝ｫ繝峨・繧ｹ繧ｭ繝・・縺輔ｌ繧・[32m 1[2mms[22m[39m
 [32m笨・[39m src/features/planning-sheet/__tests__/buildImportPreview.spec.ts[2m > [22mbuildImportPreview[2m > [22m繝代ャ繝√′遨ｺ縺ｮ蝣ｴ蜷医∫ｩｺ縺ｮ邨先棡繧定ｿ斐☆[32m 1[2mms[22m[39m
 [32m笨・[39m src/features/planning-sheet/__tests__/buildImportPreview.spec.ts[2m > [22mbuildImportPreview[2m > [22mincomingValue 縺ｯ蜑榊ｾ後・遨ｺ逋ｽ縺後ヨ繝ｪ繝縺輔ｌ繧・[32m 1[2mms[22m[39m
 [32m笨・[39m src/features/handoff/__tests__/regulatoryResolution.spec.ts[2m > [22misRegulatoryHandoff[2m > [22msourceType=regulatory-finding 竊・true[32m 5[2mms[22m[39m
 [32m笨・[39m src/features/handoff/__tests__/regulatoryResolution.spec.ts[2m > [22misRegulatoryHandoff[2m > [22msourceType=severe-addon-finding 竊・true[32m 1[2mms[22m[39m
 [32m笨・[39m src/features/handoff/__tests__/regulatoryResolution.spec.ts[2m > [22misRegulatoryHandoff[2m > [22msourceType=meeting-minutes 竊・false[32m 1[2mms[22m[39m
 [32m笨・[39m src/features/handoff/__tests__/regulatoryResolution.spec.ts[2m > [22misRegulatoryHandoff[2m > [22msourceType=undefined 竊・false[32m 1[2mms[22m[39m
 [32m笨・[39m src/features/handoff/__tests__/regulatoryResolution.spec.ts[2m > [22mhasResolutionTrail[2m > [22mterminal + resolvedBy + resolvedAt 竊・true[32m 1[2mms[22m[39m
 [32m笨・[39m src/features/handoff/__tests__/regulatoryResolution.spec.ts[2m > [22mhasResolutionTrail[2m > [22mterminal 縺縺・resolvedBy 縺後↑縺・竊・false[32m 1[2mms[22m[39m
 [32m笨・[39m src/features/handoff/__tests__/regulatoryResolution.spec.ts[2m > [22mhasResolutionTrail[2m > [22mterminal 縺縺・resolvedAt 縺後↑縺・竊・false[32m 1[2mms[22m[39m
 [32m笨・[39m src/features/handoff/__tests__/regulatoryResolution.spec.ts[2m > [22mhasResolutionTrail[2m > [22mresolvedBy 縺檎ｩｺ譁・ｭ・竊・false[32m 1[2mms[22m[39m
 [32m笨・[39m src/features/handoff/__tests__/regulatoryResolution.spec.ts[2m > [22mhasResolutionTrail[2m > [22m髱・terminal 竊・false・・esolvedBy/At 縺後≠縺｣縺ｦ繧ゑｼ・[32m 1[2mms[22m[39m
 [32m笨・[39m src/features/handoff/__tests__/regulatoryResolution.spec.ts[2m > [22mgetRegulatoryResolutionStatus[2m > [22m譛ｪ蟇ｾ蠢・竊・pending[32m 1[2mms[22m[39m
 [32m笨・[39m src/features/handoff/__tests__/regulatoryResolution.spec.ts[2m > [22mgetRegulatoryResolutionStatus[2m > [22m蟇ｾ蠢應ｸｭ 竊・pending[32m 1[2mms[22m[39m
 [32m笨・[39m src/features/handoff/__tests__/regulatoryResolution.spec.ts[2m > [22mgetRegulatoryResolutionStatus[2m > [22m蟇ｾ蠢懈ｸ・+ 險ｼ霍｡縺ゅｊ 竊・resolved[32m 1[2mms[22m[39m
 [32m笨・[39m src/features/handoff/__tests__/regulatoryResolution.spec.ts[2m > [22mgetRegulatoryResolutionStatus[2m > [22m螳御ｺ・+ 險ｼ霍｡縺ｪ縺・竊・closed_no_trail[32m 1[2mms[22m[39m
 [32m笨・[39m src/features/handoff/__tests__/regulatoryResolution.spec.ts[2m > [22mgetRegulatoryResolutionStatus[2m > [22m譏取律縺ｸ謖∬ｶ・竊・pending[32m 1[2mms[22m[39m
 [32m笨・[39m src/features/handoff/__tests__/regulatoryResolution.spec.ts[2m > [22mbuildResolutionPayload[2m > [22mstatus=蟇ｾ蠢懈ｸ・ resolvedBy, resolvedAt, resolutionNote 繧貞性繧[32m 1[2mms[22m[39m
 [32m笨・[39m src/features/handoff/__tests__/regulatoryResolution.spec.ts[2m > [22mbuildResolutionPayload[2m > [22mresolutionNote 逵∫払譎ゅ・遨ｺ譁・ｭ・[32m 1[2mms[22m[39m
 [32m笨・[39m src/features/daily/repositories/sharepoint/__tests__/SharePointDailyRecordRepository.drift.spec.ts[2m > [22mSharePointDailyRecordRepository Drift Immunity[2m > [22mresolves drifted internal names (e.g. RecordDate0) correctly[32m 20[2mms[22m[39m
 [32m笨・[39m src/features/daily/repositories/sharepoint/__tests__/SharePointDailyRecordRepository.drift.spec.ts[2m > [22mSharePointDailyRecordRepository Drift Immunity[2m > [22msucceeds despite missing optional fields (ReporterName)[32m 5[2mms[22m[39m
 [32m笨・[39m src/features/daily/repositories/sharepoint/__tests__/SharePointDailyRecordRepository.drift.spec.ts[2m > [22mSharePointDailyRecordRepository Drift Immunity[2m > [22mfails if essential fields (UserRowsJSON) are missing[32m 4[2mms[22m[39m
 [32m笨・[39m src/features/daily/repositories/sharepoint/__tests__/SharePointDailyRecordRepository.drift.spec.ts[2m > [22mSharePointDailyRecordRepository Drift Immunity[2m > [22msends only resolved fields during write (Saver fail-open)[32m 6[2mms[22m[39m
 [32m笨・[39m src/features/daily/domain/__tests__/behaviorTagCrossInsights.spec.ts[2m > [22mhasProblemBehavior[2m > [22m蜈ｨ false 縺ｪ繧・false[32m 4[2mms[22m[39m
 [32m笨・[39m src/features/daily/domain/__tests__/behaviorTagCrossInsights.spec.ts[2m > [22mhasProblemBehavior[2m > [22m1 縺､縺ｧ繧・true 縺ｪ繧・true[32m 1[2mms[22m[39m
 [32m笨・[39m src/features/daily/domain/__tests__/behaviorTagCrossInsights.spec.ts[2m > [22mcomputeBehaviorTagCrossInsights[2m > [22m遨ｺ陦碁・蛻・竊・null[32m 2[2mms[22m[39m
 [32m笨・[39m src/features/daily/domain/__tests__/behaviorTagCrossInsights.spec.ts[2m > [22mcomputeBehaviorTagCrossInsights[2m > [22m蜈ｨ陦後ち繧ｰ縺ｪ縺・竊・null[32m 1[2mms[22m[39m
 [32m笨・[39m src/features/daily/domain/__tests__/behaviorTagCrossInsights.spec.ts[2m > [22mcomputeBehaviorTagCrossInsights[2m > [22m繧ｿ繧ｰ蛻･蝠城｡瑚｡悟虚菴ｵ逋ｺ邇・ｒ豁｣縺励￥險育ｮ励☆繧・[32m 2[2mms[22m[39m
 [32m笨・[39m src/features/daily/domain/__tests__/behaviorTagCrossInsights.spec.ts[2m > [22mcomputeBehaviorTagCrossInsights[2m > [22mAM豢ｻ蜍輔≠繧翫・陦後′ AM Top3 縺ｫ蜿肴丐縺輔ｌ繧・[32m 1[2mms[22m[39m
 [32m笨・[39m src/features/daily/domain/__tests__/behaviorTagCrossInsights.spec.ts[2m > [22mcomputeBehaviorTagCrossInsights[2m > [22m蝠城｡瑚｡悟虚縺ゅｊ/縺ｪ縺怜挨縺ｮ蟷ｳ蝮・ち繧ｰ謨ｰ繧定ｨ育ｮ励☆繧・[32m 1[2mms[22m[39m
 [32m笨・[39m src/features/daily/domain/__tests__/behaviorTagCrossInsights.spec.ts[2m > [22mcomputeBehaviorTagCrossInsights[2m > [22m蝠城｡瑚｡悟虚蜈ｨ false 縺ｯ縺ｪ縺怜・縺ｫ繧ｫ繧ｦ繝ｳ繝・[32m 1[2mms[22m[39m
 [32m笨・[39m src/features/daily/domain/__tests__/behaviorTagCrossInsights.spec.ts[2m > [22mcomputeBehaviorTagCrossInsights[2m > [22m菴ｵ逋ｺ邇・′鬮倥＞鬆・↓繧ｽ繝ｼ繝医＆繧後ｋ[32m 2[2mms[22m[39m
 [32m笨・[39m src/features/daily/domain/__tests__/behaviorTagCrossInsights.spec.ts[2m > [22mcomputeBehaviorTagCrossInsights[2m > [22m繧ｹ繝ｭ繝・ヨ蛻･ Top 繧ｿ繧ｰ縺・3 莉ｶ莉･荳九↓繧ｹ繝ｩ繧､繧ｹ縺輔ｌ繧・[32m 1[2mms[22m[39m
 [32m笨・[39m src/features/daily/domain/__tests__/behaviorTagCrossInsights.spec.ts[2m > [22mcomputeBehaviorTagCrossInsights[2m > [22mAM繝ｻPM 荳｡譁ｹ縺ｫ豢ｻ蜍輔′縺ゅｋ陦後・荳｡譁ｹ縺ｮ繧ｹ繝ｭ繝・ヨ髮・ｨ医↓蜈･繧・[32m 1[2mms[22m[39m
 [32m笨・[39m tests/unit/mappers.spec.ts[2m > [22mlib/mappers[2m > [22mmapUser normalizes strings, arrays, and fallback fields[32m 7[2mms[22m[39m
 [32m笨・[39m tests/unit/mappers.spec.ts[2m > [22mlib/mappers[2m > [22mmapStaff merges legacy fields, normalizes times, and deduplicates arrays[32m 4[2mms[22m[39m
 [32m笨・[39m tests/unit/mappers.spec.ts[2m > [22mlib/mappers[2m > [22mmapDaily coerces numbers, strings, and nested values safely[32m 2[2mms[22m[39m
 [32m笨・[39m tests/unit/mappers.spec.ts[2m > [22mlib/mappers[2m > [22mdetectAllDay respects explicit flag and derives from local range when absent[32m 4[2mms[22m[39m
 [32m笨・[39m src/features/exceptions/domain/__tests__/buildCorrectiveActionExceptions.spec.ts[2m > [22mbuildCorrectiveActionExceptions[2m > [22m蛻ｩ逕ｨ閠・＃縺ｨ縺ｫ parent + child 繧堤函謌舌☆繧・[32m 8[2mms[22m[39m
 [32m笨・[39m src/features/exceptions/domain/__tests__/buildCorrectiveActionExceptions.spec.ts[2m > [22mbuildCorrectiveActionExceptions[2m > [22m蟄蝉ｾ句､悶・ priority 譏・・ｼ・0竊単1竊単2・峨〒荳ｦ縺ｶ[32m 1[2mms[22m[39m
 [32m笨・[39m src/features/exceptions/domain/__tests__/buildCorrectiveActionExceptions.spec.ts[2m > [22mbuildCorrectiveActionExceptions[2m > [22m1蛻ｩ逕ｨ閠・≠縺溘ｊ child 縺ｯ譛螟ｧ5莉ｶ・域里螳夲ｼ・[32m 2[2mms[22m[39m
 [32m笨・[39m src/features/exceptions/domain/__tests__/buildCorrectiveActionExceptions.spec.ts[2m > [22mbuildCorrectiveActionExceptions[2m > [22mdeep link・・ctionPath・峨・ child 蛛ｴ縺ｫ菫晄戟縺輔ｌ繧・[32m 1[2mms[22m[39m
 [32m笨・[39m src/features/exceptions/domain/__tests__/buildCorrectiveActionExceptions.spec.ts[2m > [22mbuildCorrectiveActionExceptions[2m > [22mtargetUserId 縺檎ｩｺ縺ｮ謠先｡医・螳牙・縺ｫ繧ｹ繧ｭ繝・・縺吶ｋ[32m 1[2mms[22m[39m
 [32m笨・[39m src/features/exceptions/domain/__tests__/buildCorrectiveActionExceptions.spec.ts[2m > [22mbuildCorrectiveActionExceptions[2m > [22muserNames 縺御ｸ弱∴繧峨ｌ縺溷ｴ蜷医・陦ｨ遉ｺ蜷阪ｒ parent/child 縺ｫ蜿肴丐縺吶ｋ[32m 1[2mms[22m[39m
 [32m笨・[39m src/domain/regulatory/__tests__/basicTrainingRatio.spec.ts[2m > [22mcreateBasicTrainingRatioSnapshot[2m > [22m逕滓ｴｻ謾ｯ謠ｴ蜩｡5莠ｺ荳ｭ1莠ｺ菫ｮ莠・竊・20% 蜈・ｶｳ[32m 5[2mms[22m[39m
 [32m笨・[39m src/domain/regulatory/__tests__/basicTrainingRatio.spec.ts[2m > [22mcreateBasicTrainingRatioSnapshot[2m > [22m逕滓ｴｻ謾ｯ謠ｴ蜩｡莉･螟厄ｼ・ther・峨・蛻・ｯ阪↓蜷ｫ繧√↑縺・[32m 1[2mms[22m[39m
 [32m笨・[39m src/domain/regulatory/__tests__/basicTrainingRatio.spec.ts[2m > [22mcreateBasicTrainingRatioSnapshot[2m > [22m髱槫ｸｸ蜍､繧ょｮ滉ｺｺ謨ｰ縺ｫ繧ｫ繧ｦ繝ｳ繝医☆繧・[32m 1[2mms[22m[39m
 [32m笨・[39m src/domain/regulatory/__tests__/basicTrainingRatio.spec.ts[2m > [22mcreateBasicTrainingRatioSnapshot[2m > [22m蟶ｸ蜍､謠帷ｮ励〒縺ｯ縺ｪ縺丞ｮ滉ｺｺ謨ｰ縺ｧ邂怜・縺吶ｋ・医ヱ繝ｼ繝・.5莠ｺ縺ｧ縺ｯ縺ｪ縺・莠ｺ謇ｱ縺・ｼ・[32m 1[2mms[22m[39m
 [32m笨・[39m src/domain/regulatory/__tests__/basicTrainingRatio.spec.ts[2m > [22mcreateBasicTrainingRatioSnapshot[2m > [22m遨ｺ縺ｮ閨ｷ蜩｡繝ｪ繧ｹ繝・竊・0莠ｺ/0莠ｺ = NG[32m 1[2mms[22m[39m
 [32m笨・[39m src/domain/regulatory/__tests__/basicTrainingRatio.spec.ts[2m > [22mcreateBasicTrainingRatioSnapshot[2m > [22mstaffDetails 縺ｫ逕滓ｴｻ謾ｯ謠ｴ蜩｡縺縺代′蜷ｫ縺ｾ繧後ｋ[32m 2[2mms[22m[39m
 [32m笨・[39m src/domain/regulatory/__tests__/basicTrainingRatio.spec.ts[2m > [22mformatRatioSummary[2m > [22m蜈・ｶｳ譎ゅ・繧ｵ繝槭Μ縺ｫ 笨・縺悟性縺ｾ繧後ｋ[32m 1[2mms[22m[39m
 [32m笨・[39m src/domain/regulatory/__tests__/basicTrainingRatio.spec.ts[2m > [22mformatRatioSummary[2m > [22m譛ｪ蜈・ｶｳ譎ゅ・繧ｵ繝槭Μ縺ｫ 笶・縺悟性縺ｾ繧後ｋ[32m 1[2mms[22m[39m
 [32m笨・[39m src/features/telemetry/domain/__tests__/buildReviewLoopSummary.spec.ts[2m > [22mbuildReviewLoopSummary[2m > [22m莉ｶ謨ｰ繧呈ｭ｣縺励￥髮・ｨ医☆繧・[32m 5[2mms[22m[39m
 [32m笨・[39m src/features/telemetry/domain/__tests__/buildReviewLoopSummary.spec.ts[2m > [22mbuildReviewLoopSummary[2m > [22mcritical / warning 繧貞・縺代ｋ[32m 1[2mms[22m[39m
 [32m笨・[39m src/features/telemetry/domain/__tests__/buildReviewLoopSummary.spec.ts[2m > [22mbuildReviewLoopSummary[2m > [22mtopConcerns 繧貞━蜈磯・〒霑斐☆・・orsening > ongoing > new critical・・[32m 1[2mms[22m[39m
 [32m笨・[39m src/features/telemetry/domain/__tests__/buildReviewLoopSummary.spec.ts[2m > [22mbuildReviewLoopSummary[2m > [22mpersistence 縺ｫ縺ｪ縺・alert 縺ｯ new 縺ｨ縺励※髮・ｨ医＆繧後ｋ[32m 1[2mms[22m[39m
 [32m笨・[39m src/features/telemetry/domain/__tests__/buildReviewLoopSummary.spec.ts[2m > [22mbuildReviewLoopSummary[2m > [22m遨ｺ縺ｮ蜈･蜉帙〒繧ょｮ牙・縺ｫ蜍輔￥[32m 2[2mms[22m[39m
 [32m笨・[39m src/features/telemetry/domain/__tests__/buildReviewLoopSummary.spec.ts[2m > [22mbuildReviewLoopSummary[2m > [22mtopConcerns 縺ｯ譛螟ｧ5莉ｶ縺ｫ蛻ｶ髯舌＆繧後ｋ[32m 2[2mms[22m[39m
 [32m笨・[39m src/features/telemetry/domain/__tests__/buildReviewLoopSummary.spec.ts[2m > [22mbuildReviewLoopSummary[2m > [22mimproving 縺ｮ繧｢繝ｩ繝ｼ繝医・ topConcerns 縺ｫ蜈･繧峨↑縺・[32m 1[2mms[22m[39m
 [32m笨・[39m src/features/callLogs/data/__tests__/mapItemToCallLog.spec.ts[2m > [22mmapItemToCallLog 窶・豁｣蟶ｸ邉ｻ[2m > [22mshould map all fields correctly from a full SP item[32m 6[2mms[22m[39m
 [32m笨・[39m src/features/callLogs/data/__tests__/mapItemToCallLog.spec.ts[2m > [22mmapItemToCallLog 窶・豁｣蟶ｸ邉ｻ[2m > [22mshould set needCallback to false when field is false[32m 1[2mms[22m[39m
 [32m笨・[39m src/features/callLogs/data/__tests__/mapItemToCallLog.spec.ts[2m > [22mmapItemToCallLog 窶・豁｣蟶ｸ邉ｻ[2m > [22mshould handle all valid status values[32m 1[2mms[22m[39m
 [32m笨・[39m src/features/callLogs/data/__tests__/mapItemToCallLog.spec.ts[2m > [22mmapItemToCallLog 窶・豁｣蟶ｸ邉ｻ[2m > [22mshould handle all valid urgency values[32m 1[2mms[22m[39m
 [32m笨・[39m src/features/callLogs/data/__tests__/mapItemToCallLog.spec.ts[2m > [22mmapItemToCallLog 窶・繝輔か繝ｼ繝ｫ繝舌ャ繧ｯ[2m > [22mshould use fallback callerName "(荳肴・)" when field is missing[32m 1[2mms[22m[39m
 [32m笨・[39m src/features/callLogs/data/__tests__/mapItemToCallLog.spec.ts[2m > [22mmapItemToCallLog 窶・繝輔か繝ｼ繝ｫ繝舌ャ繧ｯ[2m > [22mshould return undefined callerOrg when field is null[32m 1[2mms[22m[39m
 [32m笨・[39m src/features/callLogs/data/__tests__/mapItemToCallLog.spec.ts[2m > [22mmapItemToCallLog 窶・繝輔か繝ｼ繝ｫ繝舌ャ繧ｯ[2m > [22mshould return undefined relatedUserId when field is null[32m 1[2mms[22m[39m
 [32m笨・[39m src/features/callLogs/data/__tests__/mapItemToCallLog.spec.ts[2m > [22mmapItemToCallLog 窶・繝輔か繝ｼ繝ｫ繝舌ャ繧ｯ[2m > [22mshould return undefined completedAt when field is null[32m 1[2mms[22m[39m
 [32m笨・[39m src/features/callLogs/data/__tests__/mapItemToCallLog.spec.ts[2m > [22mmapItemToCallLog 窶・繝輔か繝ｼ繝ｫ繝舌ャ繧ｯ[2m > [22mshould default needCallback to false when field is undefined[32m 1[2mms[22m[39m
 [32m笨・[39m src/features/callLogs/data/__tests__/mapItemToCallLog.spec.ts[2m > [22mmapItemToCallLog 窶・繝輔か繝ｼ繝ｫ繝舌ャ繧ｯ[2m > [22mshould fallback status to "new" when value is invalid[32m 1[2mms[22m[39m
 [32m笨・[39m src/features/callLogs/data/__tests__/mapItemToCallLog.spec.ts[2m > [22mmapItemToCallLog 窶・繝輔か繝ｼ繝ｫ繝舌ャ繧ｯ[2m > [22mshould fallback urgency to "normal" when value is invalid[32m 1[2mms[22m[39m
 [32m笨・[39m src/features/exceptions/components/__tests__/ExceptionTable.logic.spec.ts[2m > [22mExceptionTable.logic priority stability[2m > [22mcompareByPriority uses id as final tie-break[32m 7[2mms[22m[39m
 [32m笨・[39m src/features/exceptions/components/__tests__/ExceptionTable.logic.spec.ts[2m > [22mExceptionTable.logic priority stability[2m > [22mbuildDisplayRows keeps deterministic order for equal-priority rows[32m 3[2mms[22m[39m
 [32m笨・[39m src/features/exceptions/components/__tests__/ExceptionTable.logic.spec.ts[2m > [22mExceptionTable.logic priority stability[2m > [22mcritical 縺縺・overdue 縺ｧ縺ｯ縺ｪ縺・ｾ句､悶・荳ｭ菴・severity 縺ｮ overdue 繧医ｊ蜈医↓譚･繧・[32m 1[2mms[22m[39m
 [32m笨・[39m src/features/exceptions/components/__tests__/ExceptionTable.logic.spec.ts[2m > [22mExceptionTable.logic priority stability[2m > [22moverdue 縺縺・corrective action 荳崎ｦ√・萓句､悶〒繧ょ酔 severity 縺ｮ髱・overdue 繧医ｊ蜆ｪ蜈医＆繧後ｋ[32m 1[2mms[22m[39m
 [32m笨・[39m src/features/exceptions/components/__tests__/ExceptionTable.logic.spec.ts[2m > [22mExceptionTable.logic priority stability[2m > [22m蜷御ｸ蛻ｩ逕ｨ閠・↓隍・焚莉ｶ縺ゅｋ繧ｰ繝ｫ繝ｼ繝励・ priority sort 縺ｧ蜈磯ｭ縺ｫ縺ｾ縺ｨ縺ｾ繧・[32m 1[2mms[22m[39m
 [32m笨・[39m tests/unit/mappers.branches.spec.ts[2m > [22mlib/mappers branch coverage[2m > [22mtoLocalRange gracefully handles missing or invalid dates[32m 5[2mms[22m[39m
 [32m笨・[39m tests/unit/mappers.branches.spec.ts[2m > [22mlib/mappers branch coverage[2m > [22mdetectAllDay derives value from local midnight bounds and respects invalid cases[32m 5[2mms[22m[39m
 [32m笨・[39m tests/unit/mappers.branches.spec.ts[2m > [22mlib/mappers branch coverage[2m > [22mmapSchedule normalizes fields, preserves invalid ISO strings, and deduplicates lookups[32m 4[2mms[22m[39m
 [32m笨・[39m src/features/today/transport/__tests__/computeTransportKpis.spec.ts[2m > [22mcomputeTransportKpis[2m > [22mreturns empty KPIs for empty events[32m 5[2mms[22m[39m
 [32m笨・[39m src/features/today/transport/__tests__/computeTransportKpis.spec.ts[2m > [22mcomputeTransportKpis[2m > [22mcounts transitions by direction[32m 1[2mms[22m[39m
 [32m笨・[39m src/features/today/transport/__tests__/computeTransportKpis.spec.ts[2m > [22mcomputeTransportKpis[2m > [22mcounts arrived from toStatus[32m 1[2mms[22m[39m
 [32m笨・[39m src/features/today/transport/__tests__/computeTransportKpis.spec.ts[2m > [22mcomputeTransportKpis[2m > [22mcounts syncFailed events[32m 1[2mms[22m[39m
 [32m笨・[39m src/features/today/transport/__tests__/computeTransportKpis.spec.ts[2m > [22mcomputeTransportKpis[2m > [22mcounts fallback events and sets active[32m 1[2mms[22m[39m
 [32m笨・[39m src/features/today/transport/__tests__/computeTransportKpis.spec.ts[2m > [22mcomputeTransportKpis[2m > [22msets fallbackActive false when no fallback[32m 1[2mms[22m[39m
 [32m笨・[39m src/features/today/transport/__tests__/computeTransportKpis.spec.ts[2m > [22mcomputeTransportKpis[2m > [22mcounts stale events[32m 1[2mms[22m[39m
 [32m笨・[39m src/features/today/transport/__tests__/computeTransportKpis.spec.ts[2m > [22mcomputeTransportKpis[2m > [22mcomputes arrivalCompletionRate with totalTransportUsers[32m 1[2mms[22m[39m
 [32m笨・[39m src/features/today/transport/__tests__/computeTransportKpis.spec.ts[2m > [22mcomputeTransportKpis[2m > [22mreturns null arrivalCompletionRate when totalTransportUsers is 0[32m 1[2mms[22m[39m
 [32m笨・[39m src/features/today/transport/__tests__/computeTransportKpis.spec.ts[2m > [22mcomputeTransportKpis[2m > [22mreturns null arrivalCompletionRate when totalTransportUsers is undefined[32m 1[2mms[22m[39m
 [32m笨・[39m src/features/today/transport/__tests__/computeTransportKpis.spec.ts[2m > [22mcomputeTransportKpis[2m > [22mrounds arrivalCompletionRate to nearest integer[32m 1[2mms[22m[39m
 [32m笨・[39m src/features/today/transport/__tests__/computeTransportKpis.spec.ts[2m > [22mcomputeTransportKpis[2m > [22mhandles mixed event types correctly[32m 1[2mms[22m[39m
 [32m笨・[39m tests/unit/sharepoint/spProvisioningCoordinator.spec.ts[2m > [22mSharePointProvisioningCoordinator - Granular Integrity Check[2m > [22mshould PASS when all essential fields exist exactly[32m 10[2mms[22m[39m
 [32m笨・[39m tests/unit/sharepoint/spProvisioningCoordinator.spec.ts[2m > [22mSharePointProvisioningCoordinator - Granular Integrity Check[2m > [22mshould FAIL when an essential field is missing[32m 3[2mms[22m[39m
 [32m笨・[39m tests/unit/sharepoint/spProvisioningCoordinator.spec.ts[2m > [22mSharePointProvisioningCoordinator - Granular Integrity Check[2m > [22mshould return multiple missing fields[32m 3[2mms[22m[39m
 [32m笨・[39m tests/unit/sharepoint/spProvisioningCoordinator.spec.ts[2m > [22mSharePointProvisioningCoordinator - Granular Integrity Check[2m > [22mshould handle non-existent lists gracefully (not in registry)[32m 1[2mms[22m[39m
 [32m笨・[39m tests/unit/sharepoint/spProvisioningCoordinator.spec.ts[2m > [22mSharePointProvisioningCoordinator - Granular Integrity Check[2m > [22mshould handle name mismatches correctly (SharePoint suffixes)[32m 2[2mms[22m[39m
 [32m笨・[39m tests/unit/runtimeEnvOverrides.spec.ts[2m > [22mgetRuntimeEnv protected flag overrides[2m > [22mfalls back to inline values when runtime env lacks E2E hints[32m 7[2mms[22m[39m
 [32m笨・[39m tests/unit/runtimeEnvOverrides.spec.ts[2m > [22mgetRuntimeEnv protected flag overrides[2m > [22mallows overrides when runtime env signals an E2E context[32m 3[2mms[22m[39m
 [32m笨・[39m tests/unit/runtimeEnvOverrides.spec.ts[2m > [22mgetRuntimeEnv protected flag overrides[2m > [22mallows explicit opt-in via __ALLOW_RUNTIME_FLAG_OVERRIDES__[32m 3[2mms[22m[39m
 [32m笨・[39m src/features/today/domain/__tests__/correctiveActionIntegration.spec.ts[2m > [22mcorrective_action 竊・Today ActionQueue 邨ｱ蜷・[2m > [22mP0 corrective_action 縺ｯ vital_alert 縺ｨ蜷後§ priority 縺ｧ陦ｨ遉ｺ縺輔ｌ繧・[32m 7[2mms[22m[39m
 [32m笨・[39m src/features/today/domain/__tests__/correctiveActionIntegration.spec.ts[2m > [22mcorrective_action 竊・Today ActionQueue 邨ｱ蜷・[2m > [22mP1 corrective_action 縺ｯ P1 縺ｨ縺励※陦ｨ遉ｺ縺輔ｌ繧具ｼ・1 縺ｫ貎ｰ縺輔ｌ縺ｪ縺・ｼ・[32m 1[2mms[22m[39m
 [32m笨・[39m src/features/today/domain/__tests__/correctiveActionIntegration.spec.ts[2m > [22mcorrective_action 竊・Today ActionQueue 邨ｱ蜷・[2m > [22mP2 corrective_action 縺ｯ P2 縺ｨ縺励※陦ｨ遉ｺ縺輔ｌ繧・[32m 1[2mms[22m[39m
 [32m笨・[39m src/features/today/domain/__tests__/correctiveActionIntegration.spec.ts[2m > [22mcorrective_action 竊・Today ActionQueue 邨ｱ蜷・[2m > [22mcontextMessage 縺ｫ evidence 隕∫ｴ・′陦ｨ遉ｺ縺輔ｌ繧・[32m 1[2mms[22m[39m
 [32m笨・[39m src/features/today/domain/__tests__/correctiveActionIntegration.spec.ts[2m > [22mcorrective_action 竊・Today ActionQueue 邨ｱ蜷・[2m > [22mactionType 縺ｯ NAVIGATE[32m 1[2mms[22m[39m
 [32m笨・[39m src/features/today/domain/__tests__/correctiveActionIntegration.spec.ts[2m > [22mcorrective_action 竊・Today ActionQueue 邨ｱ蜷・[2m > [22mpayload 縺ｫ蜈・・ suggestion 縺御ｿ晄戟縺輔ｌ縺ｦ縺・ｋ[32m 1[2mms[22m[39m
 [32m笨・[39m src/features/today/domain/__tests__/correctiveActionIntegration.spec.ts[2m > [22mcorrective_action 竊・Today ActionQueue 邨ｱ蜷・[2m > [22m譌｢蟄・sources 縺ｨ corrective sources 縺梧ｭ｣縺励￥繧ｽ繝ｼ繝医＆繧後ｋ[32m 3[2mms[22m[39m
 [32m笨・[39m src/features/today/domain/__tests__/correctiveActionIntegration.spec.ts[2m > [22mcorrective_action 竊・Today ActionQueue 邨ｱ蜷・[2m > [22mcorrective_action 縺ｯ requiresAttention 縺・true・・0/P1 縺ｮ蝣ｴ蜷茨ｼ・[32m 1[2mms[22m[39m
 [32m笨・[39m src/features/today/domain/inferTodayScene.spec.ts[2m > [22minferTodayScene[2m > [22mreturns morning-briefing before 9:30[32m 4[2mms[22m[39m
 [32m笨・[39m src/features/today/domain/inferTodayScene.spec.ts[2m > [22minferTodayScene[2m > [22mreturns arrival-intake from 9:30 to 10:19[32m 1[2mms[22m[39m
 [32m笨・[39m src/features/today/domain/inferTodayScene.spec.ts[2m > [22minferTodayScene[2m > [22mreturns before-am-activity from 10:20 to 10:29[32m 1[2mms[22m[39m
 [32m笨・[39m src/features/today/domain/inferTodayScene.spec.ts[2m > [22minferTodayScene[2m > [22mreturns am-activity from 10:30 to 11:44[32m 1[2mms[22m[39m
 [32m笨・[39m src/features/today/domain/inferTodayScene.spec.ts[2m > [22minferTodayScene[2m > [22mreturns lunch-transition from 11:45 to 12:59[32m 1[2mms[22m[39m
 [32m笨・[39m src/features/today/domain/inferTodayScene.spec.ts[2m > [22minferTodayScene[2m > [22mreturns before-pm-activity from 13:00 to 13:44[32m 1[2mms[22m[39m
 [32m笨・[39m src/features/today/domain/inferTodayScene.spec.ts[2m > [22minferTodayScene[2m > [22mreturns pm-activity from 13:45 to 15:19[32m 1[2mms[22m[39m
 [32m笨・[39m src/features/today/domain/inferTodayScene.spec.ts[2m > [22minferTodayScene[2m > [22mreturns post-activity from 15:20 to 15:39[32m 1[2mms[22m[39m
 [32m笨・[39m src/features/today/domain/inferTodayScene.spec.ts[2m > [22minferTodayScene[2m > [22mreturns before-departure from 15:40 to 15:59[32m 1[2mms[22m[39m
 [32m笨・[39m src/features/today/domain/inferTodayScene.spec.ts[2m > [22minferTodayScene[2m > [22mreturns day-closing from 16:00[32m 1[2mms[22m[39m
 [32m笨・[39m src/features/today/domain/inferTodayScene.spec.ts[2m > [22minferTodayScene[2m > [22mreturns morning-briefing for early morning[32m 1[2mms[22m[39m
 [32m笨・[39m tests/unit/audit.final-catches.spec.ts[2m > [22maudit final catch branches[2m > [22mswallows write failures when pushing audit events[32m 12[2mms[22m[39m
 [32m笨・[39m tests/unit/audit.final-catches.spec.ts[2m > [22maudit final catch branches[2m > [22mhandles retain failures when localStorage.removeItem throws[32m 4[2mms[22m[39m
 [32m笨・[39m src/features/handoff/__tests__/handoffAuditTypes.spec.ts[2m > [22mformatAuditDescription[2m > [22mcreated 繧｢繧ｯ繧ｷ繝ｧ繝ｳ縺ｧ changedBy・郁｡ｨ遉ｺ蜷搾ｼ峨ｒ菴ｿ縺・[32m 5[2mms[22m[39m
 [32m笨・[39m src/features/handoff/__tests__/handoffAuditTypes.spec.ts[2m > [22mformatAuditDescription[2m > [22mstatus_changed 繧｢繧ｯ繧ｷ繝ｧ繝ｳ縺ｧ changedBy・郁｡ｨ遉ｺ蜷搾ｼ峨ｒ菴ｿ縺・[32m 1[2mms[22m[39m
 [32m笨・[39m src/features/handoff/__tests__/handoffAuditTypes.spec.ts[2m > [22mformatAuditDescription[2m > [22mfield_updated 繧｢繧ｯ繧ｷ繝ｧ繝ｳ縺ｧ changedBy・郁｡ｨ遉ｺ蜷搾ｼ峨ｒ菴ｿ縺・[32m 1[2mms[22m[39m
 [32m笨・[39m src/features/handoff/__tests__/handoffAuditTypes.spec.ts[2m > [22mformatAuditDescription[2m > [22mcomment_added 繧｢繧ｯ繧ｷ繝ｧ繝ｳ縺ｧ changedBy・郁｡ｨ遉ｺ蜷搾ｼ峨ｒ菴ｿ縺・[32m 1[2mms[22m[39m
 [32m笨・[39m src/features/handoff/__tests__/handoffAuditTypes.spec.ts[2m > [22mformatAuditDescription[2m > [22mchangedByAccount 縺ｯ formatAuditDescription 縺ｫ縺ｯ蜷ｫ縺ｾ繧後↑縺・[32m 1[2mms[22m[39m
 [32m笨・[39m src/features/handoff/__tests__/handoffAuditTypes.spec.ts[2m > [22mfromSpAuditLogItem[2m > [22mChangedBy 縺ｨ ChangedByAccount 繧呈ｭ｣縺励￥繝槭ャ繝斐Φ繧ｰ縺吶ｋ[32m 1[2mms[22m[39m
 [32m笨・[39m src/features/handoff/__tests__/handoffAuditTypes.spec.ts[2m > [22mtoSpAuditLogCreatePayload[2m > [22mchangedBy 縺ｨ changedByAccount 繧・SP 繝輔ぅ繝ｼ繝ｫ繝峨↓螟画鋤縺吶ｋ[32m 1[2mms[22m[39m
 [32m笨・[39m src/features/handoff/__tests__/handoffAuditTypes.spec.ts[2m > [22mformatStatusTransition[2m > [22m荳｡譁ｹ謖・ｮ・ old 竊・new[32m 1[2mms[22m[39m
 [32m笨・[39m src/features/handoff/__tests__/handoffAuditTypes.spec.ts[2m > [22mformatStatusTransition[2m > [22mold 縺ｮ縺ｿ: old 竊・[32m 1[2mms[22m[39m
 [32m笨・[39m src/features/handoff/__tests__/handoffAuditTypes.spec.ts[2m > [22mformatStatusTransition[2m > [22mnew 縺ｮ縺ｿ: 竊・new[32m 1[2mms[22m[39m
 [32m笨・[39m src/features/support-plan-guide/hooks/__tests__/useIspCreate.spec.ts[2m > [22mdraftToIspFormValues[2m > [22m繝峨Λ繝輔ヨ縺ｮ繝輔か繝ｼ繝蛟､繧・IspFormValues 縺ｫ豁｣縺励￥繝槭ャ繝斐Φ繧ｰ縺吶ｋ[32m 5[2mms[22m[39m
 [32m笨・[39m src/features/support-plan-guide/hooks/__tests__/useIspCreate.spec.ts[2m > [22mdraftToIspFormValues[2m > [22mgoals 縺九ｉ longTermGoals / shortTermGoals 繧呈ｭ｣縺励￥蛻・屬縺吶ｋ[32m 2[2mms[22m[39m
 [32m笨・[39m src/features/support-plan-guide/hooks/__tests__/useIspCreate.spec.ts[2m > [22mdraftToIspFormValues[2m > [22mgoals 縺檎ｩｺ縺ｮ蝣ｴ蜷医・繝・ヵ繧ｩ繝ｫ繝亥､繧剃ｽｿ逕ｨ縺吶ｋ[32m 1[2mms[22m[39m
 [32m笨・[39m src/features/support-plan-guide/hooks/__tests__/useIspCreate.spec.ts[2m > [22mdraftToIspFormValues[2m > [22m遨ｺ繝ｩ繝吶Ν縺ｮ goal 縺ｯ繝輔ぅ繝ｫ繧ｿ縺輔ｌ繧・[32m 1[2mms[22m[39m
 [32m笨・[39m src/features/support-plan-guide/hooks/__tests__/useIspCreate.spec.ts[2m > [22mdraftToIspFormValues[2m > [22mplanPeriod 縺ｫ縲後懊阪′縺ｪ縺・ｴ蜷医・ ISO 譌･莉倥・繝輔か繝ｼ繝ｫ繝舌ャ繧ｯ[32m 1[2mms[22m[39m
 [32m笨・[39m src/features/support-plan-guide/hooks/__tests__/useIspCreate.spec.ts[2m > [22mbuildUserLookup[2m > [22mUserID 竊・IUserMaster 縺ｮ Map 繧呈ｧ狗ｯ峨☆繧・[32m 1[2mms[22m[39m
 [32m笨・[39m src/features/support-plan-guide/hooks/__tests__/useIspCreate.spec.ts[2m > [22mbuildUserLookup[2m > [22mUserID 縺檎ｩｺ縺ｮ繝ｦ繝ｼ繧ｶ繝ｼ縺ｯ繧ｹ繧ｭ繝・・縺吶ｋ[32m 1[2mms[22m[39m
 [32m笨・[39m src/features/support-plan-guide/hooks/__tests__/useIspCreate.spec.ts[2m > [22mbuildUserLookup[2m > [22m遨ｺ驟榊・縺ｧ縺ｯ遨ｺ縺ｮ Map 繧定ｿ斐☆[32m 1[2mms[22m[39m
 [32m笨・[39m src/features/exceptions/domain/__tests__/buildTodayExceptions.spec.ts[2m > [22mbuildTodayExceptions[2m > [22m1. critical-handoff 縺ｯ霑斐ｋ[32m 6[2mms[22m[39m
 [32m笨・[39m src/features/exceptions/domain/__tests__/buildTodayExceptions.spec.ts[2m > [22mbuildTodayExceptions[2m > [22m2. dismissed 縺ｯ髯､螟悶＆繧後ｋ[32m 1[2mms[22m[39m
 [32m笨・[39m src/features/exceptions/domain/__tests__/buildTodayExceptions.spec.ts[2m > [22mbuildTodayExceptions[2m > [22m3. snoozed 縺ｯ髯､螟悶＆繧後ｋ[32m 1[2mms[22m[39m
 [32m笨・[39m src/features/exceptions/domain/__tests__/buildTodayExceptions.spec.ts[2m > [22mbuildTodayExceptions[2m > [22m4. missing-record / attention-user 縺ｯ high 莉･荳翫□縺題ｿ斐ｋ[32m 2[2mms[22m[39m
 [32m笨・[39m src/features/exceptions/domain/__tests__/buildTodayExceptions.spec.ts[2m > [22mbuildTodayExceptions[2m > [22m5. priority 縺ｨ繧ｫ繝・ざ繝ｪ縺ｧ豁｣縺励￥荳ｦ縺ｶ[32m 1[2mms[22m[39m
 [32m笨・[39m src/features/exceptions/domain/__tests__/buildTodayExceptions.spec.ts[2m > [22mbuildTodayExceptions[2m > [22m6. actionPath 辟｡縺励・謇ｱ縺・・髯､螟悶＆繧後ｋ[32m 1[2mms[22m[39m
 [32m笨・[39m src/features/exceptions/domain/__tests__/buildTodayExceptions.spec.ts[2m > [22mbuildTodayExceptions[2m > [22m7. 遨ｺ驟榊・蜈･蜉帙〒遨ｺ驟榊・[32m 2[2mms[22m[39m
 [32m笨・[39m src/features/exceptions/domain/__tests__/buildTodayExceptions.spec.ts[2m > [22mbuildTodayExceptions[2m > [22m8. 蜷御ｸ user 縺ｮ隍・焚萓句､悶′縺昴・縺ｾ縺ｾ霑斐ｋ (髮・ｴ・＠縺ｪ縺・[32m 1[2mms[22m[39m
 [32m笨・[39m src/features/schedules/__tests__/monthpage-fixed-layout-guardrails.test.ts[2m > [22mMonthPage fixed layout guardrails[2m > [22mfixed layout contract[2m > [22mmaintains height: 100dvh on section[32m 5[2mms[22m[39m
 [32m笨・[39m src/features/schedules/__tests__/monthpage-fixed-layout-guardrails.test.ts[2m > [22mMonthPage fixed layout guardrails[2m > [22mfixed layout contract[2m > [22mmaintains overflow: hidden on section[32m 1[2mms[22m[39m
 [32m笨・[39m src/features/schedules/__tests__/monthpage-fixed-layout-guardrails.test.ts[2m > [22mMonthPage fixed layout guardrails[2m > [22mfixed layout contract[2m > [22mmaintains boxSizing: border-box on section[32m 1[2mms[22m[39m
 [32m笨・[39m src/features/schedules/__tests__/monthpage-fixed-layout-guardrails.test.ts[2m > [22mMonthPage fixed layout guardrails[2m > [22mfixed layout contract[2m > [22mmaintains paddingBottom: 128px for footer reserve[32m 1[2mms[22m[39m
 [32m笨・[39m src/features/schedules/__tests__/monthpage-fixed-layout-guardrails.test.ts[2m > [22mMonthPage fixed layout guardrails[2m > [22mfixed layout contract[2m > [22mrejects regression to smaller padding (32px)[32m 1[2mms[22m[39m
 [32m笨・[39m src/features/schedules/__tests__/monthpage-fixed-layout-guardrails.test.ts[2m > [22mMonthPage fixed layout guardrails[2m > [22mResizeObserver stability[2m > [22mobserves pageRef (fixed container), not gridWrapRef[32m 1[2mms[22m[39m
 [32m笨・[39m src/features/schedules/__tests__/monthpage-fixed-layout-guardrails.test.ts[2m > [22mMonthPage fixed layout guardrails[2m > [22mResizeObserver stability[2m > [22mguards against 0-height during initialization[32m 1[2mms[22m[39m
 [32m笨・[39m src/features/schedules/__tests__/monthpage-fixed-layout-guardrails.test.ts[2m > [22mMonthPage fixed layout guardrails[2m > [22mResizeObserver stability[2m > [22mcalls ro.disconnect() in cleanup[32m 1[2mms[22m[39m
 [32m笨・[39m src/features/schedules/__tests__/monthpage-fixed-layout-guardrails.test.ts[2m > [22mMonthPage fixed layout guardrails[2m > [22mResizeObserver stability[2m > [22mnotes design intent for future maintainers[32m 1[2mms[22m[39m
 [32m笨・[39m src/features/schedules/__tests__/monthpage-fixed-layout-guardrails.test.ts[2m > [22mMonthPage fixed layout guardrails[2m > [22mfallback for initial measurement[2m > [22muses flex: 1 fallback when cellGridH not yet calculated[32m 1[2mms[22m[39m
 [32m笨・[39m src/features/schedules/__tests__/monthpage-fixed-layout-guardrails.test.ts[2m > [22mMonthPage fixed layout guardrails[2m > [22miPad landscape regression prevention[2m > [22mrejects regression to display: contents on week rows[32m 1[2mms[22m[39m
 [32m笨・[39m src/features/schedules/__tests__/monthpage-fixed-layout-guardrails.test.ts[2m > [22mMonthPage fixed layout guardrails[2m > [22miPad landscape regression prevention[2m > [22mmaintains pageRef as measurement root[32m 1[2mms[22m[39m
 [32m笨・[39m src/features/schedules/__tests__/monthpage-fixed-layout-guardrails.test.ts[2m > [22mMonthPage fixed layout guardrails[2m > [22miPad landscape regression prevention[2m > [22mmaintains cellGridH state for height assignment[32m 1[2mms[22m[39m
 [32m笨・[39m src/features/daily/__tests__/problemBehaviorSuggestion.test.ts[2m > [22mProblem Behavior Suggestion System (Phase 11B)[2m > [22mbuildProblemBehaviorSuggestion[2m > [22m閾ｪ蛯ｷ陦悟虚繧呈ｭ｣縺励￥讀懷・縺吶ｋ[32m 7[2mms[22m[39m
 [32m笨・[39m src/features/daily/__tests__/problemBehaviorSuggestion.test.ts[2m > [22mProblem Behavior Suggestion System (Phase 11B)[2m > [22mbuildProblemBehaviorSuggestion[2m > [22m證ｴ蜉幄｡悟虚繧呈ｭ｣縺励￥讀懷・縺吶ｋ[32m 2[2mms[22m[39m
 [32m笨・[39m src/features/daily/__tests__/problemBehaviorSuggestion.test.ts[2m > [22mProblem Behavior Suggestion System (Phase 11B)[2m > [22mbuildProblemBehaviorSuggestion[2m > [22m螟ｧ螢ｰ繝ｻ螂・｣ｰ繧呈ｭ｣縺励￥讀懷・縺吶ｋ[32m 1[2mms[22m[39m
 [32m笨・[39m src/features/daily/__tests__/problemBehaviorSuggestion.test.ts[2m > [22mProblem Behavior Suggestion System (Phase 11B)[2m > [22mbuildProblemBehaviorSuggestion[2m > [22m逡ｰ鬟溯｡悟虚繧呈ｭ｣縺励￥讀懷・縺吶ｋ[32m 1[2mms[22m[39m
 [32m笨・[39m src/features/daily/__tests__/problemBehaviorSuggestion.test.ts[2m > [22mProblem Behavior Suggestion System (Phase 11B)[2m > [22mbuildProblemBehaviorSuggestion[2m > [22m隍・焚縺ｮ蝠城｡瑚｡悟虚繧貞酔譎ゅ↓讀懷・縺吶ｋ[32m 1[2mms[22m[39m
 [32m笨・[39m src/features/daily/__tests__/problemBehaviorSuggestion.test.ts[2m > [22mProblem Behavior Suggestion System (Phase 11B)[2m > [22mbuildProblemBehaviorSuggestion[2m > [22m隧ｲ蠖薙＠縺ｪ縺・ｴ蜷医・縺昴・莉悶→縺励※謇ｱ縺・[32m 1[2mms[22m[39m
 [32m笨・[39m src/features/daily/__tests__/problemBehaviorSuggestion.test.ts[2m > [22mProblem Behavior Suggestion System (Phase 11B)[2m > [22mbuildProblemBehaviorSuggestion[2m > [22m遨ｺ縺ｮ逕ｳ縺鈴√ｊ縺ｧ縺ｯ菴輔ｂ謠先｡医＠縺ｪ縺・[32m 1[2mms[22m[39m
 [32m笨・[39m src/features/daily/__tests__/problemBehaviorSuggestion.test.ts[2m > [22mProblem Behavior Suggestion System (Phase 11B)[2m > [22mbuildProblemBehaviorSuggestion[2m > [22m隍・焚縺ｮ逕ｳ縺鈴√ｊ繝｡繝・そ繝ｼ繧ｸ繧堤ｵｱ蜷医＠縺ｦ蛻､螳壹☆繧・[32m 1[2mms[22m[39m
 [32m笨・[39m src/features/daily/__tests__/problemBehaviorSuggestion.test.ts[2m > [22mProblem Behavior Suggestion System (Phase 11B)[2m > [22misProblemBehaviorEmpty[2m > [22m遨ｺ縺ｮ蝠城｡瑚｡悟虚繝・・繧ｿ繧呈ｭ｣縺励￥蛻､螳壹☆繧・[32m 1[2mms[22m[39m
 [32m笨・[39m src/features/daily/__tests__/problemBehaviorSuggestion.test.ts[2m > [22mProblem Behavior Suggestion System (Phase 11B)[2m > [22misProblemBehaviorEmpty[2m > [22m繝・・繧ｿ縺悟・縺｣縺ｦ縺・ｋ蝠城｡瑚｡悟虚繧呈ｭ｣縺励￥蛻､螳壹☆繧・[32m 1[2mms[22m[39m
 [32m笨・[39m src/features/daily/__tests__/problemBehaviorSuggestion.test.ts[2m > [22mProblem Behavior Suggestion System (Phase 11B)[2m > [22mIntegration Scenarios[2m > [22m螳滄圀縺ｮ譁ｽ險ｭ縺ｧ縺ｮ逕ｳ縺鈴√ｊ繝代ち繝ｼ繝ｳ繧偵ユ繧ｹ繝医☆繧・[32m 1[2mms[22m[39m
 [32m笨・[39m src/features/org/data/orgRowSchema.spec.ts[2m > [22morgRowSchema[2m > [22mtrims fields and keeps OrgCode as identifier[32m 7[2mms[22m[39m
 [32m笨・[39m src/features/org/data/orgRowSchema.spec.ts[2m > [22morgRowSchema[2m > [22mfalls back to OrgCode as label when title missing[32m 1[2mms[22m[39m
 [32m笨・[39m src/features/org/data/orgRowSchema.spec.ts[2m > [22morgRowSchema[2m > [22msplits comma separated audience strings[32m 1[2mms[22m[39m
 [32m笨・[39m src/features/org/data/orgRowSchema.spec.ts[2m > [22morgRowSchema[2m > [22mdefaults sort order and isActive when omitted[32m 1[2mms[22m[39m
 [32m笨・[39m src/features/org/data/orgRowSchema.spec.ts[2m > [22morgRowSchema[2m > [22maccepts ID fallback when Id missing[32m 1[2mms[22m[39m
 [32m笨・[39m src/features/regulatory/__tests__/weeklyObservationChecker.spec.ts[2m > [22mfindUsersWithoutRecentObservation[2m > [22m蟇ｾ雎｡閠・′遨ｺ縺ｮ蝣ｴ蜷医∫ｩｺ繧定ｿ斐☆[32m 5[2mms[22m[39m
 [32m笨・[39m src/features/regulatory/__tests__/weeklyObservationChecker.spec.ts[2m > [22mfindUsersWithoutRecentObservation[2m > [22m逶ｴ霑・0譌･莉･蜀・↓隕ｳ蟇溘′縺ゅｋ蛻ｩ逕ｨ閠・・荳崎ｶｳ縺ｪ縺・[32m 1[2mms[22m[39m
 [32m笨・[39m src/features/regulatory/__tests__/weeklyObservationChecker.spec.ts[2m > [22mfindUsersWithoutRecentObservation[2m > [22m逶ｴ霑・0譌･莉･蜀・↓隕ｳ蟇溘′縺ｪ縺・茜逕ｨ閠・ｒ讀懷・縺吶ｋ[32m 1[2mms[22m[39m
 [32m笨・[39m src/features/regulatory/__tests__/weeklyObservationChecker.spec.ts[2m > [22mfindUsersWithoutRecentObservation[2m > [22m隕ｳ蟇溯ｨ倬鹸縺悟・縺上↑縺・茜逕ｨ閠・ｒ讀懷・縺吶ｋ[32m 1[2mms[22m[39m
 [32m笨・[39m src/features/regulatory/__tests__/weeklyObservationChecker.spec.ts[2m > [22mfindUsersWithoutRecentObservation[2m > [22m蟇ｾ雎｡螟悶・蛻ｩ逕ｨ閠・・隕ｳ蟇溘・辟｡隕悶☆繧・[32m 1[2mms[22m[39m
 [32m笨・[39m src/features/regulatory/__tests__/weeklyObservationChecker.spec.ts[2m > [22mfindUsersWithoutRecentObservation[2m > [22mlookbackDays 繧偵き繧ｹ繧ｿ繝槭う繧ｺ縺ｧ縺阪ｋ[32m 1[2mms[22m[39m
 [32m笨・[39m src/features/regulatory/__tests__/weeklyObservationChecker.spec.ts[2m > [22mfindUsersWithoutRecentObservation[2m > [22m蠅・阜蛟､: 縺｡繧・≧縺ｩ30譌･蜑阪・隕ｳ蟇溘・荳崎ｶｳ縺ｪ縺・[32m 1[2mms[22m[39m
 [32m笨・[39m tests/unit/audit.branches.spec.ts[2m > [22maudit localStorage error branches[2m > [22mreadAudit handles malformed JSON and clears corrupt entry[32m 7[2mms[22m[39m
 [32m笨・[39m tests/unit/audit.branches.spec.ts[2m > [22maudit localStorage error branches[2m > [22mpushAudit swallows write errors after reading existing logs[32m 6[2mms[22m[39m
 [32m笨・[39m tests/unit/audit.branches.spec.ts[2m > [22maudit localStorage error branches[2m > [22mretainAuditWhere removes all entries when predicate filters everything out[32m 1[2mms[22m[39m
 [32m笨・[39m tests/unit/spListHealthCheck.spec.ts[2m > [22mSP_LIST_REGISTRY[2m > [22mshould not be empty[32m 4[2mms[22m[39m
 [32m笨・[39m tests/unit/spListHealthCheck.spec.ts[2m > [22mSP_LIST_REGISTRY[2m > [22mshould have unique keys[32m 2[2mms[22m[39m
 [32m笨・[39m tests/unit/spListHealthCheck.spec.ts[2m > [22mSP_LIST_REGISTRY[2m > [22mevery entry should have valid meta-data structure[32m 19[2mms[22m[39m
 [32m笨・[39m tests/unit/spListHealthCheck.spec.ts[2m > [22mbuildListCheckPath[2m > [22mshould build title-based path for normal list names[32m 1[2mms[22m[39m
 [32m笨・[39m tests/unit/spListHealthCheck.spec.ts[2m > [22mbuildListCheckPath[2m > [22mshould encode special characters in title[32m 1[2mms[22m[39m
 [32m笨・[39m tests/unit/spListHealthCheck.spec.ts[2m > [22mbuildListCheckPath[2m > [22mshould build GUID-based path for guid: prefix[32m 1[2mms[22m[39m
 [32m笨・[39m tests/unit/spListHealthCheck.spec.ts[2m > [22mbuildListCheckPath[2m > [22mshould build GUID-based path for bare GUID string[32m 1[2mms[22m[39m
 [32m笨・[39m tests/unit/spListHealthCheck.spec.ts[2m > [22mcheckSingleList[2m > [22mshould return ok for 200 response[32m 1[2mms[22m[39m
 [32m笨・[39m tests/unit/spListHealthCheck.spec.ts[2m > [22mcheckSingleList[2m > [22mshould return not_found for 404 response[32m 1[2mms[22m[39m
 [32m笨・[39m tests/unit/spListHealthCheck.spec.ts[2m > [22mcheckSingleList[2m > [22mshould return forbidden for 403 response[32m 1[2mms[22m[39m
 [32m笨・[39m tests/unit/spListHealthCheck.spec.ts[2m > [22mcheckSingleList[2m > [22mshould return forbidden for 401 response[32m 1[2mms[22m[39m
 [32m笨・[39m tests/unit/spListHealthCheck.spec.ts[2m > [22mcheckSingleList[2m > [22mshould return error for 500 response[32m 1[2mms[22m[39m
 [32m笨・[39m tests/unit/spListHealthCheck.spec.ts[2m > [22mcheckSingleList[2m > [22mshould return error when fetcher throws[32m 1[2mms[22m[39m
 [32m笨・[39m tests/unit/spListHealthCheck.spec.ts[2m > [22mcheckSingleList[2m > [22mshould return error when resolve() throws[32m 1[2mms[22m[39m
 [32m笨・[39m tests/unit/spListHealthCheck.spec.ts[2m > [22mcheckAllLists[2m > [22mshould check all entries and return summary[32m 6[2mms[22m[39m
 [32m笨・[39m tests/unit/spListHealthCheck.spec.ts[2m > [22mcheckAllLists[2m > [22mshould correctly count mixed statuses[32m 2[2mms[22m[39m
 [32m笨・[39m tests/unit/spListHealthCheck.spec.ts[2m > [22mcheckAllLists[2m > [22mshould handle GUID-based list names[32m 1[2mms[22m[39m
 [32m笨・[39m src/domain/metrics/__tests__/userPdcaInputConnector.spec.ts[2m > [22mbuildUserPdcaInputs[2m > [22mactive 縺ｪ蛻ｩ逕ｨ閠・・縺ｿ繧貞性繧[32m 6[2mms[22m[39m
 [32m笨・[39m src/domain/metrics/__tests__/userPdcaInputConnector.spec.ts[2m > [22mbuildUserPdcaInputs[2m > [22mserviceStartDate 繧・supportStartDate 縺ｫ螟画鋤縺吶ｋ[32m 1[2mms[22m[39m
 [32m笨・[39m src/domain/metrics/__tests__/userPdcaInputConnector.spec.ts[2m > [22mbuildUserPdcaInputs[2m > [22mserviceStartDate 縺・null 縺ｮ蝣ｴ蜷医・ supportStartDate = null[32m 1[2mms[22m[39m
 [32m笨・[39m src/domain/metrics/__tests__/userPdcaInputConnector.spec.ts[2m > [22mbuildUserPdcaInputs[2m > [22mcycleDays 縺ｮ繝・ヵ繧ｩ繝ｫ繝医・ 90[32m 1[2mms[22m[39m
 [32m笨・[39m src/domain/metrics/__tests__/userPdcaInputConnector.spec.ts[2m > [22mbuildUserPdcaInputs[2m > [22mcycleDays 繧偵き繧ｹ繧ｿ繝謖・ｮ壹〒縺阪ｋ[32m 1[2mms[22m[39m
 [32m笨・[39m src/domain/metrics/__tests__/userPdcaInputConnector.spec.ts[2m > [22mbuildUserPdcaInputs[2m > [22mmonitoringCompletions 繧呈ｭ｣縺励￥繝槭ャ繝斐Φ繧ｰ縺吶ｋ[32m 1[2mms[22m[39m
 [32m笨・[39m src/domain/metrics/__tests__/userPdcaInputConnector.spec.ts[2m > [22mbuildUserPdcaInputs[2m > [22mplanUpdateDates 繧呈ｭ｣縺励￥繝槭ャ繝斐Φ繧ｰ縺吶ｋ[32m 1[2mms[22m[39m
 [32m笨・[39m src/domain/metrics/__tests__/userPdcaInputConnector.spec.ts[2m > [22mbuildUserPdcaInputs[2m > [22m遨ｺ縺ｮ蛻ｩ逕ｨ閠・ｸ隕ｧ縺ｯ遨ｺ驟榊・繧定ｿ斐☆[32m 1[2mms[22m[39m
 [32m笨・[39m src/domain/metrics/__tests__/userPdcaInputConnector.spec.ts[2m > [22mbuildUserPdcaInputs[2m > [22mactive 縺・undefined 縺ｮ蛻ｩ逕ｨ閠・・蜷ｫ縺ｾ繧後ｋ[32m 1[2mms[22m[39m
 [32m笨・[39m tests/unit/sensoryToAssessmentItems.spec.ts[2m > [22msensoryToAssessmentItems[2m > [22m蜈ｨ繧ｹ繧ｳ繧｢3・亥ｮ壼梛・俄・ 遨ｺ驟榊・繧定ｿ斐☆[32m 5[2mms[22m[39m
 [32m笨・[39m tests/unit/sensoryToAssessmentItems.spec.ts[2m > [22msensoryToAssessmentItems[2m > [22m驕取撫 (竕･4) 縺ｮ鬆・岼繧偵ヵ繧｣繝ｫ繧ｿ縺吶ｋ[32m 4[2mms[22m[39m
 [32m笨・[39m tests/unit/sensoryToAssessmentItems.spec.ts[2m > [22msensoryToAssessmentItems[2m > [22m驤埼ｺｻ (竕､2) 縺ｮ鬆・岼繧偵ヵ繧｣繝ｫ繧ｿ縺吶ｋ[32m 1[2mms[22m[39m
 [32m笨・[39m tests/unit/sensoryToAssessmentItems.spec.ts[2m > [22msensoryToAssessmentItems[2m > [22m驕取撫・矩・鮗ｻ縺ｮ隍・粋繧ｱ繝ｼ繧ｹ繧呈ｭ｣縺励￥霑斐☆[32m 1[2mms[22m[39m
 [32m笨・[39m tests/unit/sensoryToAssessmentItems.spec.ts[2m > [22msensoryToAssessmentItems[2m > [22m繝懊・繝繝ｼ繧ｹ繧ｳ繧｢4縺ｯ驕取撫縲・縺ｯ驤埼ｺｻ縺ｨ縺励※謇ｱ縺・[32m 1[2mms[22m[39m
 [32m笨・[39m tests/unit/sensoryToAssessmentItems.spec.ts[2m > [22msensoryToAssessmentItems[2m > [22m蜈ｨ繧ｹ繧ｳ繧｢髢ｾ蛟､雜・∴ 竊・6莉ｶ霑斐☆[32m 1[2mms[22m[39m
 [32m笨・[39m tests/unit/sensoryToAssessmentItems.spec.ts[2m > [22msensoryToAssessmentItems[2m > [22mID縺・sensory-{field} 蠖｢蠑上〒螳牙ｮ壹☆繧・[32m 1[2mms[22m[39m
[90mstdout[2m | src/features/handoff/__tests__/regulatoryFindingsForMeeting.spec.ts
[22m[39m[MSAL ENV] Validated successfully

 [32m笨・[39m src/features/handoff/__tests__/regulatoryFindingsForMeeting.spec.ts[2m > [22mextractPendingRegulatoryHandoffs[2m > [22mregulatory-finding 縺ｨ severe-addon-finding 縺ｮ譛ｪ螳御ｺ・・縺ｿ謚ｽ蜃ｺ縺吶ｋ[32m 7[2mms[22m[39m
 [32m笨・[39m src/features/handoff/__tests__/regulatoryFindingsForMeeting.spec.ts[2m > [22mextractPendingRegulatoryHandoffs[2m > [22m遨ｺ驟榊・縺ｫ蟇ｾ縺励※遨ｺ驟榊・繧定ｿ斐☆[32m 1[2mms[22m[39m
 [32m笨・[39m src/features/handoff/__tests__/regulatoryFindingsForMeeting.spec.ts[2m > [22mextractPendingRegulatoryHandoffs[2m > [22mterminal status・亥ｮ御ｺ・・蟇ｾ蠢懈ｸ茨ｼ峨・縺吶∋縺ｦ髯､螟悶☆繧・[32m 1[2mms[22m[39m
 [32m笨・[39m src/features/handoff/__tests__/regulatoryFindingsForMeeting.spec.ts[2m > [22mextractPendingRegulatoryHandoffs[2m > [22m譏取律縺ｸ謖∬ｶ翫・髱・terminal 竊・謚ｽ蜃ｺ縺輔ｌ繧・[32m 1[2mms[22m[39m
 [32m笨・[39m src/features/handoff/__tests__/regulatoryFindingsForMeeting.spec.ts[2m > [22mclassifyRegulatoryHandoff[2m > [22msourceKey 縺ｫ reassessment_overdue 竊・"reassessment"[32m 1[2mms[22m[39m
 [32m笨・[39m src/features/handoff/__tests__/regulatoryFindingsForMeeting.spec.ts[2m > [22mclassifyRegulatoryHandoff[2m > [22msourceKey 縺ｫ weekly_observation 竊・"observation"[32m 1[2mms[22m[39m
 [32m笨・[39m src/features/handoff/__tests__/regulatoryFindingsForMeeting.spec.ts[2m > [22mclassifyRegulatoryHandoff[2m > [22msourceKey 縺ｫ qualification 竊・"qualification"[32m 1[2mms[22m[39m
 [32m笨・[39m src/features/handoff/__tests__/regulatoryFindingsForMeeting.spec.ts[2m > [22mclassifyRegulatoryHandoff[2m > [22msourceKey 縺ｫ authoring_requirement 竊・"qualification"[32m 1[2mms[22m[39m
 [32m笨・[39m src/features/handoff/__tests__/regulatoryFindingsForMeeting.spec.ts[2m > [22mclassifyRegulatoryHandoff[2m > [22msourceKey 縺ｫ severe_addon 竊・"addon"[32m 1[2mms[22m[39m
 [32m笨・[39m src/features/handoff/__tests__/regulatoryFindingsForMeeting.spec.ts[2m > [22mclassifyRegulatoryHandoff[2m > [22msourceKey 縺ｫ basic_training 竊・"addon"[32m 1[2mms[22m[39m
 [32m笨・[39m src/features/handoff/__tests__/regulatoryFindingsForMeeting.spec.ts[2m > [22mclassifyRegulatoryHandoff[2m > [22msourceType 縺・regulatory-finding 縺ｧ蛻・｡槭〒縺阪↑縺・ｴ蜷・竊・"audit"[32m 1[2mms[22m[39m
 [32m笨・[39m src/features/handoff/__tests__/regulatoryFindingsForMeeting.spec.ts[2m > [22mclassifyRegulatoryHandoff[2m > [22msourceType 繧・sourceKey 繧ゅ↑縺・ｴ蜷・竊・"other"[32m 1[2mms[22m[39m
 [32m笨・[39m tests/unit/shouldTriggerNavShellHud.spec.ts[2m > [22mshouldTriggerNavShellHud[2m > [22mfires on Alt+P without editable focus[32m 5[2mms[22m[39m
 [32m笨・[39m tests/unit/shouldTriggerNavShellHud.spec.ts[2m > [22mshouldTriggerNavShellHud[2m > [22mignores repeated key events[32m 1[2mms[22m[39m
 [32m笨・[39m tests/unit/shouldTriggerNavShellHud.spec.ts[2m > [22mshouldTriggerNavShellHud[2m > [22mignores when focused element is editable[32m 5[2mms[22m[39m
 [32m笨・[39m tests/unit/shouldTriggerNavShellHud.spec.ts[2m > [22mshouldTriggerNavShellHud[2m > [22mignores when non-matching modifier keys are pressed[32m 1[2mms[22m[39m
 [32m笨・[39m tests/unit/shouldTriggerNavShellHud.spec.ts[2m > [22mshouldTriggerNavShellHud[2m > [22mignores when key is not P[32m 1[2mms[22m[39m
 [32m笨・[39m src/domain/timeline/__tests__/handoffAdapter.spec.ts[2m > [22mhandoffToTimelineEvent[2m > [22midentity resolver: userCode 縺後◎縺ｮ縺ｾ縺ｾ userId 縺ｫ縺ｪ繧・[32m 5[2mms[22m[39m
 [32m笨・[39m src/domain/timeline/__tests__/handoffAdapter.spec.ts[2m > [22mhandoffToTimelineEvent[2m > [22mlookup resolver: userCode 縺・userId 縺ｫ螟画鋤縺輔ｌ繧・[32m 1[2mms[22m[39m
 [32m笨・[39m src/domain/timeline/__tests__/handoffAdapter.spec.ts[2m > [22mhandoffToTimelineEvent[2m > [22mnull resolver: 隗｣豎ｺ荳崎・縺ｪ繧・null 繧定ｿ斐☆[32m 1[2mms[22m[39m
 [32m笨・[39m src/domain/timeline/__tests__/handoffAdapter.spec.ts[2m > [22mhandoffToTimelineEvent[2m > [22m蝓ｺ譛ｬ螟画鋤: id, source, title, sourceRef 縺梧ｭ｣縺励＞[32m 2[2mms[22m[39m
 [32m笨・[39m src/domain/timeline/__tests__/handoffAdapter.spec.ts[2m > [22mhandoffToTimelineEvent[2m > [22moccurredAt 縺ｫ createdAt 縺後◎縺ｮ縺ｾ縺ｾ菴ｿ繧上ｌ繧・[32m 1[2mms[22m[39m
 [32m笨・[39m src/domain/timeline/__tests__/handoffAdapter.spec.ts[2m > [22mhandoffToTimelineEvent[2m > [22mseverity "騾壼ｸｸ" 竊・"info"[32m 1[2mms[22m[39m
 [32m笨・[39m src/domain/timeline/__tests__/handoffAdapter.spec.ts[2m > [22mhandoffToTimelineEvent[2m > [22mseverity "隕∵ｳｨ諢・ 竊・"warning"[32m 1[2mms[22m[39m
 [32m笨・[39m src/domain/timeline/__tests__/handoffAdapter.spec.ts[2m > [22mhandoffToTimelineEvent[2m > [22mseverity "驥崎ｦ・ 竊・"critical"[32m 1[2mms[22m[39m
 [32m笨・[39m src/domain/timeline/__tests__/handoffAdapter.spec.ts[2m > [22mhandoffToTimelineEvent[2m > [22mdescription 縺ｫ message 縺悟・繧・[32m 1[2mms[22m[39m
 [32m笨・[39m src/domain/timeline/__tests__/handoffAdapter.spec.ts[2m > [22mhandoffToTimelineEvent[2m > [22mmessage 縺檎ｩｺ縺ｪ繧・description 縺ｯ undefined[32m 1[2mms[22m[39m
 [32m笨・[39m src/domain/timeline/__tests__/handoffAdapter.spec.ts[2m > [22mhandoffToTimelineEvent[2m > [22mmeta 縺ｫ category, severity, status 縺悟性縺ｾ繧後ｋ[32m 1[2mms[22m[39m
[90mstdout[2m | src/auth/__tests__/msalConfig.spec.ts
[22m[39m[MSAL ENV] Validated successfully

 [32m笨・[39m src/auth/__tests__/msalConfig.spec.ts[2m > [22mmsalConfig[2m > [22mexported constants[2m > [22mGRAPH_RESOURCE is Microsoft Graph URL[32m 4[2mms[22m[39m
 [32m笨・[39m src/auth/__tests__/msalConfig.spec.ts[2m > [22mmsalConfig[2m > [22mexported constants[2m > [22mGRAPH_SCOPES includes User.Read and GroupMember.Read.All[32m 2[2mms[22m[39m
 [32m笨・[39m src/auth/__tests__/msalConfig.spec.ts[2m > [22mmsalConfig[2m > [22mexported constants[2m > [22mLOGIN_SCOPES includes identity scopes and graph scopes[32m 1[2mms[22m[39m
 [32m笨・[39m src/auth/__tests__/msalConfig.spec.ts[2m > [22mmsalConfig[2m > [22mexported constants[2m > [22mSP_RESOURCE is a string (may be empty in test env)[32m 1[2mms[22m[39m
 [32m笨・[39m src/auth/__tests__/msalConfig.spec.ts[2m > [22mmsalConfig[2m > [22mmsalConfig structure[2m > [22mhas auth.clientId (test placeholder in CI)[32m 1[2mms[22m[39m
 [32m笨・[39m src/auth/__tests__/msalConfig.spec.ts[2m > [22mmsalConfig[2m > [22mmsalConfig structure[2m > [22mhas auth.authority with tenant[32m 1[2mms[22m[39m
 [32m笨・[39m src/auth/__tests__/msalConfig.spec.ts[2m > [22mmsalConfig[2m > [22mmsalConfig structure[2m > [22mhas auth.redirectUri[32m 1[2mms[22m[39m
 [32m笨・[39m src/auth/__tests__/msalConfig.spec.ts[2m > [22mmsalConfig[2m > [22mmsalConfig structure[2m > [22mhas auth.postLogoutRedirectUri[32m 1[2mms[22m[39m
 [32m笨・[39m src/auth/__tests__/msalConfig.spec.ts[2m > [22mmsalConfig[2m > [22mmsalConfig structure[2m > [22muses localStorage cacheLocation[32m 1[2mms[22m[39m
 [32m笨・[39m src/auth/__tests__/msalConfig.spec.ts[2m > [22mmsalConfig[2m > [22mmsalConfig structure[2m > [22menables storeAuthStateInCookie for Safari/iOS compat[32m 1[2mms[22m[39m
 [32m笨・[39m src/features/exceptions/domain/__tests__/buildHandoffExceptions.spec.ts[2m > [22mbuildHandoffExceptions[2m > [22m蛻ｩ逕ｨ閠・＃縺ｨ縺ｫ parent + child 繧堤函謌舌☆繧・[32m 7[2mms[22m[39m
 [32m笨・[39m src/features/exceptions/domain/__tests__/buildHandoffExceptions.spec.ts[2m > [22mbuildHandoffExceptions[2m > [22mchild deep link 縺ｯ handoffId 縺ｨ date 繧貞性繧[32m 1[2mms[22m[39m
 [32m笨・[39m src/features/exceptions/domain/__tests__/buildHandoffExceptions.spec.ts[2m > [22mbuildHandoffExceptions[2m > [22m1蛻ｩ逕ｨ閠・≠縺溘ｊ child 縺ｯ譛螟ｧ5莉ｶ・域里螳夲ｼ・[32m 2[2mms[22m[39m
 [32m笨・[39m src/features/exceptions/domain/__tests__/buildHandoffExceptions.spec.ts[2m > [22mbuildHandoffExceptions[2m > [22m螳御ｺ・遒ｺ隱肴ｸ医∪縺溘・ userId 荳肴・縺ｮ繝・・繧ｿ縺ｯ繧ｹ繧ｭ繝・・縺吶ｋ[32m 1[2mms[22m[39m
 [32m笨・[39m src/features/exceptions/domain/__tests__/buildHandoffExceptions.spec.ts[2m > [22mbuildHandoffExceptions[2m > [22muserNames 縺後≠繧後・陦ｨ遉ｺ蜷阪ｒ parent/child 縺ｫ蜿肴丐縺吶ｋ[32m 1[2mms[22m[39m
 [32m笨・[39m src/features/exceptions/__tests__/extractTransportDetails.test.ts[2m > [22mextractTransportDetails[2m > [22m遨ｺ縺ｮ繧､繝吶Φ繝磯・蛻励°繧臥ｩｺ縺ｮ邨先棡繧定ｿ斐☆[32m 5[2mms[22m[39m
 [32m笨・[39m src/features/exceptions/__tests__/extractTransportDetails.test.ts[2m > [22mextractTransportDetails[2m > [22mstale 繧､繝吶Φ繝医ｒ繝ｦ繝ｼ繧ｶ繝ｼ蛻･縺ｫ謚ｽ蜃ｺ縺吶ｋ[32m 3[2mms[22m[39m
 [32m笨・[39m src/features/exceptions/__tests__/extractTransportDetails.test.ts[2m > [22mextractTransportDetails[2m > [22m蜷御ｸ繝ｦ繝ｼ繧ｶ繝ｼﾃ玲婿蜷代・ stale 縺ｯ譛螟ｧ minutesElapsed 縺ｮ繧ゅ・縺縺第ｮ九☆[32m 1[2mms[22m[39m
 [32m笨・[39m src/features/exceptions/__tests__/extractTransportDetails.test.ts[2m > [22mextractTransportDetails[2m > [22mstale 縺ｯ minutesElapsed 髯埼・〒繧ｽ繝ｼ繝医＆繧後ｋ[32m 1[2mms[22m[39m
 [32m笨・[39m src/features/exceptions/__tests__/extractTransportDetails.test.ts[2m > [22mextractTransportDetails[2m > [22msync-failed 繧､繝吶Φ繝医ｒ謚ｽ蜃ｺ縺吶ｋ[32m 1[2mms[22m[39m
 [32m笨・[39m src/features/exceptions/__tests__/extractTransportDetails.test.ts[2m > [22mextractTransportDetails[2m > [22m蜷御ｸ繝ｦ繝ｼ繧ｶ繝ｼﾃ玲婿蜷代・ sync-failed 縺ｯ驥崎､・勁蜴ｻ縺輔ｌ繧・[32m 1[2mms[22m[39m
 [32m笨・[39m src/features/exceptions/__tests__/extractTransportDetails.test.ts[2m > [22mextractTransportDetails[2m > [22mtransition / fallback 繧､繝吶Φ繝医・辟｡隕悶＆繧後ｋ[32m 1[2mms[22m[39m
[90mstdout[2m | tests/unit/spClient.error500.text.spec.ts
[22m[39m[MSAL ENV] Validated successfully

 [32m笨・[39m src/features/handoff/domain/__tests__/resolveNextHandoffAction.spec.ts[2m > [22mresolveNextHandoffAction[2m > [22m遨ｺ驟榊・ 竊・null[32m 6[2mms[22m[39m
 [32m笨・[39m src/features/handoff/domain/__tests__/resolveNextHandoffAction.spec.ts[2m > [22mresolveNextHandoffAction[2m > [22mnull/undefined 竊・null[32m 1[2mms[22m[39m
 [32m笨・[39m src/features/handoff/domain/__tests__/resolveNextHandoffAction.spec.ts[2m > [22mresolveNextHandoffAction[2m > [22m蜈ｨ莉ｶ蟇ｾ蠢懈ｸ・竊・null[32m 1[2mms[22m[39m
 [32m笨・[39m src/features/handoff/domain/__tests__/resolveNextHandoffAction.spec.ts[2m > [22mresolveNextHandoffAction[2m > [22m驥崎ｦ・莉ｶ縺ｮ縺ｿ 竊・reason: critical[32m 1[2mms[22m[39m
 [32m笨・[39m src/features/handoff/domain/__tests__/resolveNextHandoffAction.spec.ts[2m > [22mresolveNextHandoffAction[2m > [22m隕∵ｳｨ諢・莉ｶ縺ｮ縺ｿ 竊・reason: caution[32m 1[2mms[22m[39m
 [32m笨・[39m src/features/handoff/domain/__tests__/resolveNextHandoffAction.spec.ts[2m > [22mresolveNextHandoffAction[2m > [22m騾壼ｸｸ1莉ｶ縺ｮ縺ｿ 竊・reason: normal[32m 1[2mms[22m[39m
 [32m笨・[39m src/features/handoff/domain/__tests__/resolveNextHandoffAction.spec.ts[2m > [22mresolveNextHandoffAction[2m > [22m隍・焚譛ｪ蟇ｾ蠢・豺ｷ蝨ｨ) 竊・驥崎ｦ√′蜆ｪ蜈・[32m 1[2mms[22m[39m
 [32m笨・[39m src/features/handoff/domain/__tests__/resolveNextHandoffAction.spec.ts[2m > [22mresolveNextHandoffAction[2m > [22m蜷後Λ繝ｳ繧ｯ蜀・・蜿､縺・婿縺悟・[32m 1[2mms[22m[39m
 [32m笨・[39m src/features/handoff/domain/__tests__/resolveNextHandoffAction.spec.ts[2m > [22mresolveNextHandoffAction[2m > [22m蟇ｾ蠢應ｸｭ縺ｯ蟇ｾ雎｡螟・[32m 2[2mms[22m[39m
 [32m笨・[39m src/features/handoff/domain/__tests__/resolveNextHandoffAction.spec.ts[2m > [22mresolveNextHandoffAction[2m > [22m荳区嶌縺阪〒繧よ悴蟇ｾ蠢懊↑繧牙ｯｾ雎｡[32m 1[2mms[22m[39m
 [32m笨・[39m tests/unit/useImportHandlers.spec.ts[2m > [22museImportHandlers[2m > [22mhandleReflectCandidate reflects new content correctly[32m 27[2mms[22m[39m
 [32m笨・[39m tests/unit/useImportHandlers.spec.ts[2m > [22museImportHandlers[2m > [22mhandleReflectCandidate reflects content to correct field based on type[32m 3[2mms[22m[39m
 [32m笨・[39m tests/unit/useImportHandlers.spec.ts[2m > [22museImportHandlers[2m > [22mhandleReflectCandidate prevents duplicate reflection using slice check[32m 5[2mms[22m[39m
 [32m笨・[39m tests/unit/tz.parse.spec.ts[2m > [22mtz helpers[2m > [22mformats values using cached formatters on repeated calls[32m 6[2mms[22m[39m
 [32m笨・[39m tests/unit/tz.parse.spec.ts[2m > [22mtz helpers[2m > [22msupports Intl options objects when formatting[32m 2[2mms[22m[39m
 [32m笨・[39m tests/unit/tz.parse.spec.ts[2m > [22mtz helpers[2m > [22mnormalizes local datetime strings when converting from zoned time[32m 1[2mms[22m[39m
 [32m笨・[39m tests/unit/tz.parse.spec.ts[2m > [22mtz helpers[2m > [22mparses timezone-qualified strings without losing offset[32m 1[2mms[22m[39m
 [32m笨・[39m tests/unit/tz.parse.spec.ts[2m > [22mtz helpers[2m > [22mreturns invalid dates for empty or bad inputs[32m 1[2mms[22m[39m
 [32m笨・[39m tests/unit/tz.parse.spec.ts[2m > [22mtz helpers[2m > [22mround-trips between zoned strings and UTC instants[32m 2[2mms[22m[39m
 [32m笨・[39m src/features/callLogs/components/__tests__/chips.spec.ts[2m > [22mgetCallLogStatusLabel[2m > [22mshould return "譛ｪ蟇ｾ蠢・ for "new"[32m 4[2mms[22m[39m
 [32m笨・[39m src/features/callLogs/components/__tests__/chips.spec.ts[2m > [22mgetCallLogStatusLabel[2m > [22mshould return "謚倩ｿ斐＠蠕・■" for "callback_pending"[32m 1[2mms[22m[39m
 [32m笨・[39m src/features/callLogs/components/__tests__/chips.spec.ts[2m > [22mgetCallLogStatusLabel[2m > [22mshould return "螳御ｺ・ for "done"[32m 1[2mms[22m[39m
 [32m笨・[39m src/features/callLogs/components/__tests__/chips.spec.ts[2m > [22mCALL_LOG_STATUS_CONFIG[2m > [22mshould have an entry for status "new"[32m 1[2mms[22m[39m
 [32m笨・[39m src/features/callLogs/components/__tests__/chips.spec.ts[2m > [22mCALL_LOG_STATUS_CONFIG[2m > [22mshould have an entry for status "callback_pending"[32m 1[2mms[22m[39m
 [32m笨・[39m src/features/callLogs/components/__tests__/chips.spec.ts[2m > [22mCALL_LOG_STATUS_CONFIG[2m > [22mshould have an entry for status "done"[32m 1[2mms[22m[39m
 [32m笨・[39m src/features/callLogs/components/__tests__/chips.spec.ts[2m > [22mgetCallLogUrgencyLabel[2m > [22mshould return "騾壼ｸｸ" for "normal"[32m 1[2mms[22m[39m
 [32m笨・[39m src/features/callLogs/components/__tests__/chips.spec.ts[2m > [22mgetCallLogUrgencyLabel[2m > [22mshould return "譛ｬ譌･荳ｭ" for "today"[32m 1[2mms[22m[39m
 [32m笨・[39m src/features/callLogs/components/__tests__/chips.spec.ts[2m > [22mgetCallLogUrgencyLabel[2m > [22mshould return "閾ｳ諤･" for "urgent"[32m 1[2mms[22m[39m
 [32m笨・[39m src/features/callLogs/components/__tests__/chips.spec.ts[2m > [22mCALL_LOG_URGENCY_CONFIG[2m > [22mshould have an entry for urgency "normal"[32m 1[2mms[22m[39m
 [32m笨・[39m src/features/callLogs/components/__tests__/chips.spec.ts[2m > [22mCALL_LOG_URGENCY_CONFIG[2m > [22mshould have an entry for urgency "today"[32m 1[2mms[22m[39m
 [32m笨・[39m src/features/callLogs/components/__tests__/chips.spec.ts[2m > [22mCALL_LOG_URGENCY_CONFIG[2m > [22mshould have an entry for urgency "urgent"[32m 1[2mms[22m[39m
 [32m笨・[39m src/sharepoint/__tests__/holidays.spec.ts[2m > [22mholidays[2m > [22mHOLIDAYS static table[2m > [22mcontains 2025 national holidays[32m 5[2mms[22m[39m
 [32m笨・[39m src/sharepoint/__tests__/holidays.spec.ts[2m > [22mholidays[2m > [22mHOLIDAYS static table[2m > [22mcontains 2026 national holidays[32m 1[2mms[22m[39m
 [32m笨・[39m src/sharepoint/__tests__/holidays.spec.ts[2m > [22mholidays[2m > [22mHOLIDAYS static table[2m > [22mdoes not contain non-holiday dates[32m 1[2mms[22m[39m
 [32m笨・[39m src/sharepoint/__tests__/holidays.spec.ts[2m > [22mholidays[2m > [22mHOLIDAYS static table[2m > [22mhas correct count of holidays[32m 1[2mms[22m[39m
 [32m笨・[39m src/sharepoint/__tests__/holidays.spec.ts[2m > [22mholidays[2m > [22mgetHolidayLabel[2m > [22mreturns holiday label from static table[32m 1[2mms[22m[39m
 [32m笨・[39m src/sharepoint/__tests__/holidays.spec.ts[2m > [22mholidays[2m > [22mgetHolidayLabel[2m > [22mreturns undefined for non-holiday dates[32m 1[2mms[22m[39m
 [32m笨・[39m src/sharepoint/__tests__/holidays.spec.ts[2m > [22mholidays[2m > [22mgetHolidayLabel[2m > [22mprioritizes dynamic holidays over static[32m 1[2mms[22m[39m
 [32m笨・[39m src/sharepoint/__tests__/holidays.spec.ts[2m > [22mholidays[2m > [22mgetHolidayLabel[2m > [22mfalls back to static after resetDynamicHolidays[32m 1[2mms[22m[39m
 [32m笨・[39m tests/unit/features/exceptions/ExceptionTableLogic.spec.ts[2m > [22mExceptionTable Logic (displayRows)[2m > [22m1. filterExceptions[2m > [22mcategoryFilter 縺ｨ severityFilter 縺・all 縺ｮ蝣ｴ蜷医・蜈ｨ莉ｶ霑斐☆縺薙→[32m 5[2mms[22m[39m
 [32m笨・[39m tests/unit/features/exceptions/ExceptionTableLogic.spec.ts[2m > [22mExceptionTable Logic (displayRows)[2m > [22m1. filterExceptions[2m > [22m謖・ｮ壹＠縺溘き繝・ざ繝ｪ縺ｨ驥榊､ｧ蠎ｦ縺ｧ驕ｩ蛻・↓繝輔ぅ繝ｫ繧ｿ縺輔ｌ繧九％縺ｨ[32m 2[2mms[22m[39m
 [32m笨・[39m tests/unit/features/exceptions/ExceptionTableLogic.spec.ts[2m > [22mExceptionTable Logic (displayRows)[2m > [22m2. buildExceptionDisplayRows (繝｢繝ｼ繝牙・蟯舌・莉｣陦ｨ陦碁∈謚・[2m > [22mflat 繝｢繝ｼ繝峨・蝣ｴ蜷医・繧｢繧､繝・Β1陦後↓縺ｪ繧企嚴螻､蛹悶＆繧後↑縺・％縺ｨ[32m 1[2mms[22m[39m
 [32m笨・[39m tests/unit/features/exceptions/ExceptionTableLogic.spec.ts[2m > [22mExceptionTable Logic (displayRows)[2m > [22m2. buildExceptionDisplayRows (繝｢繝ｼ繝牙・蟯舌・莉｣陦ｨ陦碁∈謚・[2m > [22mgrouped 繝｢繝ｼ繝峨・蝣ｴ蜷医√Θ繝ｼ繧ｶ繝ｼ縺斐→縺ｫ繧ｰ繝ｫ繝ｼ繝怜喧縺輔ｌ縲∽ｻ｣陦ｨ陦後・驕ｸ謚槭Ν繝ｼ繝ｫ縺悟ｮ医ｉ繧後※縺・ｋ縺薙→[32m 2[2mms[22m[39m
 [32m笨・[39m tests/unit/features/exceptions/ExceptionTableLogic.spec.ts[2m > [22mExceptionTable Logic (displayRows)[2m > [22m3. sortExceptionDisplayRows (螟壽ｮｵ繧ｽ繝ｼ繝磯｣謳ｺ)[2m > [22msortOrder: severity - 驥崎ｦ∝ｺｦ鬆・ｼ亥酔繝ｬ繝吶Ν縺ｪ繧画律莉倬剄鬆・ｼ峨↓荳ｦ縺ｶ縺薙→[32m 1[2mms[22m[39m
 [32m笨・[39m tests/unit/features/exceptions/ExceptionTableLogic.spec.ts[2m > [22mExceptionTable Logic (displayRows)[2m > [22m3. sortExceptionDisplayRows (螟壽ｮｵ繧ｽ繝ｼ繝磯｣謳ｺ)[2m > [22msortOrder: newest - 譌･莉倬剄鬆・ｼ亥酔譌･縺ｪ繧蛾㍾隕∝ｺｦ鬆・ｼ峨↓荳ｦ縺ｶ縺薙→[32m 1[2mms[22m[39m
 [32m笨・[39m tests/unit/features/exceptions/ExceptionTableLogic.spec.ts[2m > [22mExceptionTable Logic (displayRows)[2m > [22m4. getExceptionSortDate (蠅・阜譚｡莉ｶ繝ｻ繧ｨ繝ｩ繝ｼ閠先ｧ)[2m > [22m荳肴ｭ｣縺ｪ譌･莉倥ｄ譛ｪ螳夂ｾｩ縺ｮ蝣ｴ蜷医√け繝ｩ繝・す繝･縺帙★縺ｫ隕∫ｴ縺・0 謇ｱ縺・→縺励※繝輔か繝ｼ繝ｫ繝舌ャ繧ｯ縺輔ｌ繧九％縺ｨ[32m 1[2mms[22m[39m
[90mstdout[2m | tests/unit/spClient.error500.text.spec.ts[2m > [22m[2mspClient text 500 handling[2m > [22m[2msurfaces plain text body when JSON parsing fails
[22m[39m[DriftActionDispatcher] Initialized and subscribed to drift events.
[DriftNotificationHandler] Webhook URL not configured. Notifications disabled.

 [32m笨・[39m tests/unit/spClient.error500.text.spec.ts[2m > [22mspClient text 500 handling[2m > [22msurfaces plain text body when JSON parsing fails[32m 13[2mms[22m[39m
[90mstdout[2m | src/features/handoff/__tests__/computeHandoffSummary.spec.ts
[22m[39m[MSAL ENV] Validated successfully

 [32m笨・[39m tests/unit/audit.retain.spec.ts[2m > [22mretainAuditWhere[2m > [22mkeeps matching audit events and discards others[32m 8[2mms[22m[39m
 [32m笨・[39m tests/unit/audit.retain.spec.ts[2m > [22mretainAuditWhere[2m > [22mhandles storage failures when removing filtered logs[32m 5[2mms[22m[39m
 [32m笨・[39m src/features/today/domain/__tests__/buildHighLoadTileViewModel.spec.ts[2m > [22mbuildHighLoadTileViewModel[2m > [22m遨ｺ驟榊・ 竊・visible: false[32m 5[2mms[22m[39m
 [32m笨・[39m src/features/today/domain/__tests__/buildHighLoadTileViewModel.spec.ts[2m > [22mbuildHighLoadTileViewModel[2m > [22m1譌･ high 竊・visible: true, dayCount: 1, hasCritical: false[32m 2[2mms[22m[39m
 [32m笨・[39m src/features/today/domain/__tests__/buildHighLoadTileViewModel.spec.ts[2m > [22mbuildHighLoadTileViewModel[2m > [22m2譌･ mixed (high + critical) 竊・hasCritical: true, top 縺ｯ critical[32m 1[2mms[22m[39m
 [32m笨・[39m src/features/today/domain/__tests__/buildHighLoadTileViewModel.spec.ts[2m > [22mbuildHighLoadTileViewModel[2m > [22m逅・罰縺ｪ縺・(reasons: []) 竊・topReasonLabel: "鬮倩ｲ闕ｷ" 繝輔か繝ｼ繝ｫ繝舌ャ繧ｯ[32m 1[2mms[22m[39m
 [32m笨・[39m src/features/today/domain/__tests__/buildHighLoadTileViewModel.spec.ts[2m > [22mbuildHighLoadTileViewModel[2m > [22m蜷後せ繧ｳ繧｢縺ｮ high 縺ｨ critical 竊・hasCritical: true[32m 1[2mms[22m[39m
 [32m笨・[39m src/features/today/domain/__tests__/buildHighLoadTileViewModel.spec.ts[2m > [22mbuildHighLoadTileViewModel[2m > [22m3譌･莉･荳・竊・dayCount 縺梧ｭ｣縺励￥蜿肴丐[32m 1[2mms[22m[39m
 [32m笨・[39m src/features/today/domain/__tests__/buildHighLoadTileViewModel.spec.ts[2m > [22mbuildHighLoadTileViewModel[2m > [22mhigh 縺ｮ縺ｿ隍・焚 竊・hasCritical: false[32m 1[2mms[22m[39m
[90mstdout[2m | src/features/monitoring/repositories/__tests__/createMonitoringMeetingRepository.spec.ts
[22m[39m[MSAL ENV] Validated successfully

[90mstdout[2m | src/app/config/__tests__/navigationConfig.test.ts
[22m[39m[MSAL ENV] Validated successfully

 [32m笨・[39m src/features/official-forms/__tests__/uploadToSharePoint.spec.ts[2m > [22muploadToSharePointLibrary[2m > [22muploads bytes and returns SharePoint file URL[32m 8[2mms[22m[39m
 [32m笨・[39m src/features/official-forms/__tests__/uploadToSharePoint.spec.ts[2m > [22muploadToSharePointLibrary[2m > [22mthrows descriptive error when SharePoint responds with non-2xx[32m 4[2mms[22m[39m
 [32m笨・[39m src/features/exceptions/domain/__tests__/buildDailyRecordExceptions.spec.ts[2m > [22mbuildDailyRecordExceptions[2m > [22mmissing-record 繧・parent + child 縺ｫ螟画鋤縺吶ｋ[32m 10[2mms[22m[39m
 [32m笨・[39m src/features/exceptions/domain/__tests__/buildDailyRecordExceptions.spec.ts[2m > [22mbuildDailyRecordExceptions[2m > [22mchild 縺ｯ譛螟ｧ5莉ｶ縲∬ｶ・℃蛻・・ parent 隱ｬ譏弱↓蜿肴丐縺吶ｋ[32m 2[2mms[22m[39m
 [32m笨・[39m src/features/exceptions/domain/__tests__/buildDailyRecordExceptions.spec.ts[2m > [22mbuildDailyRecordExceptions[2m > [22muserId 荳肴ｭ｣縺ｯ繧ｹ繧ｭ繝・・縺吶ｋ[32m 2[2mms[22m[39m
 [32m笨・[39m src/features/exceptions/domain/__tests__/buildDailyRecordExceptions.spec.ts[2m > [22mbuildDailyRecordExceptions[2m > [22mmissing 縺後↑縺代ｌ縺ｰ遨ｺ驟榊・[32m 1[2mms[22m[39m
 [32m笨・[39m src/features/action-engine/telemetry/__tests__/detectSuggestionLifecycleAnomalies.spec.ts[2m > [22mdetectSuggestionLifecycleAnomalies[2m > [22m蜑肴悄髢薙↓ shown 縺悟香蛻・≠繧顔樟譛滄俣縺・0 縺ｮ縺ｨ縺・zero anomaly 繧定ｿ斐☆[32m 6[2mms[22m[39m
 [32m笨・[39m src/features/action-engine/telemetry/__tests__/detectSuggestionLifecycleAnomalies.spec.ts[2m > [22mdetectSuggestionLifecycleAnomalies[2m > [22mshown 縺碁明蛟､莉･荳翫↓貂帛ｰ代＠縺溘→縺・drop anomaly 繧定ｿ斐☆[32m 1[2mms[22m[39m
 [32m笨・[39m src/features/action-engine/telemetry/__tests__/detectSuggestionLifecycleAnomalies.spec.ts[2m > [22mdetectSuggestionLifecycleAnomalies[2m > [22m貂帛ｰ醍紫縺碁明蛟､譛ｪ貅縺ｪ繧・drop anomaly 縺ｯ霑斐＆縺ｪ縺・[32m 1[2mms[22m[39m
 [32m笨・[39m src/features/action-engine/telemetry/__tests__/detectSuggestionLifecycleAnomalies.spec.ts[2m > [22mdetectSuggestionLifecycleAnomalies[2m > [22mrule 蜊倅ｽ阪・ disappearance anomaly 繧定ｿ斐☆[32m 1[2mms[22m[39m
 [32m笨・[39m src/features/action-engine/telemetry/__tests__/detectSuggestionLifecycleAnomalies.spec.ts[2m > [22mdetectSuggestionLifecycleAnomalies[2m > [22mdisappearance anomaly 縺ｯ莉ｶ謨ｰ荳贋ｽ阪°繧我ｸ企剞莉ｶ謨ｰ縺ｾ縺ｧ霑斐☆[32m 2[2mms[22m[39m
 [32m笨・[39m src/features/handoff/__tests__/computeHandoffSummary.spec.ts[2m > [22mcomputeHandoffSummary[2m > [22m遨ｺ驟榊・縺ｮ縺ｨ縺阪√☆縺ｹ縺ｦ繧ｼ繝ｭ縺ｮ繧ｵ繝槭Μ繝ｼ繧定ｿ斐☆[32m 5[2mms[22m[39m
 [32m笨・[39m src/features/handoff/__tests__/computeHandoffSummary.spec.ts[2m > [22mcomputeHandoffSummary[2m > [22m繧ｹ繝・・繧ｿ繧ｹ縺斐→縺ｫ豁｣縺励￥繧ｫ繧ｦ繝ｳ繝医☆繧・[32m 2[2mms[22m[39m
 [32m笨・[39m src/features/handoff/__tests__/computeHandoffSummary.spec.ts[2m > [22mcomputeHandoffSummary[2m > [22m驥崎ｦ・ﾃ・譛ｪ螳御ｺ・縺ｮ繝ｬ繧ｳ繝ｼ繝峨・縺ｿ criticalCount 縺ｫ繧ｫ繧ｦ繝ｳ繝医☆繧・[32m 1[2mms[22m[39m
 [32m笨・[39m src/features/handoff/__tests__/computeHandoffSummary.spec.ts[2m > [22mcomputeHandoffSummary[2m > [22m繧ｫ繝・ざ繝ｪ蛻･縺ｫ豁｣縺励￥繧ｫ繧ｦ繝ｳ繝医☆繧・[32m 1[2mms[22m[39m
 [32m笨・[39m src/features/handoff/__tests__/computeHandoffSummary.spec.ts[2m > [22mcomputeHandoffSummary[2m > [22mtotal 縺ｯ蜈･蜉幃・蛻励・髟ｷ縺輔→荳閾ｴ縺吶ｋ[32m 1[2mms[22m[39m
 [32m笨・[39m src/features/handoff/__tests__/computeHandoffSummary.spec.ts[2m > [22mcomputeHandoffSummary[2m > [22msourceType 蛻･縺ｫ豁｣縺励￥繧ｫ繧ｦ繝ｳ繝医☆繧・[32m 1[2mms[22m[39m
 [32m笨・[39m src/features/handoff/__tests__/computeHandoffSummary.spec.ts[2m > [22mcomputeHandoffSummary[2m > [22msourceType 縺・undefined 縺ｮ縺ｨ縺・manual 縺ｫ繧ｫ繧ｦ繝ｳ繝医☆繧・[32m 1[2mms[22m[39m
 [32m笨・[39m src/features/handoff/__tests__/computeHandoffSummary.spec.ts[2m > [22mcomputeHandoffSummary[2m > [22m遨ｺ驟榊・縺ｮ縺ｨ縺・bySourceType 繧ゅ☆縺ｹ縺ｦ繧ｼ繝ｭ[32m 1[2mms[22m[39m
[90mstdout[2m | tests/unit/spClient.error500.spec.ts
[22m[39m[MSAL ENV] Validated successfully

 [32m笨・[39m tests/unit/datetime.extra.spec.ts[2m > [22mformatRangeLocal[2m > [22mreturns fallback when both start and end values are invalid[32m 5[2mms[22m[39m
 [32m笨・[39m tests/unit/datetime.extra.spec.ts[2m > [22mformatRangeLocal[2m > [22mformats a rounded range with timezone suffix[32m 2[2mms[22m[39m
 [32m笨・[39m tests/unit/datetime.extra.spec.ts[2m > [22mformatRangeLocal[2m > [22mhandles invalid end values and omits the range separator[32m 1[2mms[22m[39m
 [32m笨・[39m tests/unit/datetime.extra.spec.ts[2m > [22mformatRangeLocal[2m > [22maccepts options as the second argument[32m 1[2mms[22m[39m
 [32m笨・[39m tests/unit/datetime.extra.spec.ts[2m > [22mformatRangeLocal[2m > [22mskips rounding when the step is non-positive and handles numeric inputs[32m 2[2mms[22m[39m
 [32m笨・[39m tests/unit/datetime.extra.spec.ts[2m > [22mformatRangeLocal[2m > [22muses fallback text when start is invalid and respects provided timezone[32m 1[2mms[22m[39m
 [32m笨・[39m src/features/today/hooks/__tests__/useSupportRecordCompletion.spec.ts[2m > [22mcomputeSupportRecordCompletion[2m > [22mmarks a user as complete when all slots are recorded[32m 7[2mms[22m[39m
 [32m笨・[39m src/features/today/hooks/__tests__/useSupportRecordCompletion.spec.ts[2m > [22mcomputeSupportRecordCompletion[2m > [22mmarks a user as pending when some slots are unrecorded[32m 2[2mms[22m[39m
 [32m笨・[39m src/features/today/hooks/__tests__/useSupportRecordCompletion.spec.ts[2m > [22mcomputeSupportRecordCompletion[2m > [22mhandles zero-slot users as not-complete[32m 2[2mms[22m[39m
 [32m笨・[39m src/features/today/hooks/__tests__/useSupportRecordCompletion.spec.ts[2m > [22mcomputeSupportRecordCompletion[2m > [22mhandles multiple users with mixed completion[32m 1[2mms[22m[39m
 [32m笨・[39m src/features/today/hooks/__tests__/useSupportRecordCompletion.spec.ts[2m > [22mcomputeSupportRecordCompletion[2m > [22mreturns empty summary for empty userIds[32m 1[2mms[22m[39m
 [32m笨・[39m src/features/today/hooks/__tests__/useSupportRecordCompletion.spec.ts[2m > [22mcomputeSupportRecordCompletion[2m > [22mcaps rate at 1 even if recorded > total (data inconsistency)[32m 1[2mms[22m[39m
 [32m笨・[39m src/features/action-engine/telemetry/__tests__/buildSuggestionTelemetryEvent.spec.ts[2m > [22mbuildSuggestionTelemetryEvent[2m > [22m蠢・医ヵ繧｣繝ｼ繝ｫ繝峨・縺ｿ縺ｧ shown payload 繧堤ｵ・∩遶九※繧・[32m 8[2mms[22m[39m
 [32m笨・[39m src/features/action-engine/telemetry/__tests__/buildSuggestionTelemetryEvent.spec.ts[2m > [22mbuildSuggestionTelemetryEvent[2m > [22msnoozed payload 縺ｫ preset / until 繧貞性繧√ｋ[32m 2[2mms[22m[39m
 [32m笨・[39m src/features/action-engine/telemetry/__tests__/buildSuggestionTelemetryEvent.spec.ts[2m > [22mbuildSuggestionTelemetryEvent[2m > [22mtimestamp 謖・ｮ壽凾縺ｯ縺昴・蛟､繧剃ｽｿ縺・[32m 1[2mms[22m[39m
 [32m笨・[39m src/features/action-engine/telemetry/__tests__/buildSuggestionTelemetryEvent.spec.ts[2m > [22mbuildSuggestionTelemetryEvent[2m > [22mCTA surface 繧貞性繧√◆ payload 繧堤ｵ・∩遶九※繧・[32m 2[2mms[22m[39m
 [32m笨・[39m src/features/monitoring/repositories/__tests__/createMonitoringMeetingRepository.spec.ts[2m > [22mcreateMonitoringMeetingRepository[2m > [22mreturns localMonitoringMeetingRepository when mode is "local"[32m 4[2mms[22m[39m
 [32m笨・[39m src/features/monitoring/repositories/__tests__/createMonitoringMeetingRepository.spec.ts[2m > [22mcreateMonitoringMeetingRepository[2m > [22mdefaults to local mode when no argument is provided[32m 1[2mms[22m[39m
 [32m笨・[39m src/features/monitoring/repositories/__tests__/createMonitoringMeetingRepository.spec.ts[2m > [22mcreateMonitoringMeetingRepository[2m > [22mthrows when sharepoint mode is requested without spClient[32m 2[2mms[22m[39m
 [32m笨・[39m src/features/monitoring/repositories/__tests__/createMonitoringMeetingRepository.spec.ts[2m > [22mcreateMonitoringMeetingRepository[2m > [22mreturns a repository fulfilling Port when sharepoint mode has spClient[32m 2[2mms[22m[39m
 [32m笨・[39m src/features/monitoring/repositories/__tests__/createMonitoringMeetingRepository.spec.ts[2m > [22mcreateMonitoringMeetingRepository[2m > [22mreturned local repository fulfills MonitoringMeetingRepository interface[32m 1[2mms[22m[39m
 [32m笨・[39m src/features/today/records/autoNextCounters.spec.ts[2m > [22mautoNextCounters[2m > [22mstarts with zero counters[32m 5[2mms[22m[39m
 [32m笨・[39m src/features/today/records/autoNextCounters.spec.ts[2m > [22mautoNextCounters[2m > [22mincrements save counters on recordAutoNextSave[32m 2[2mms[22m[39m
 [32m笨・[39m src/features/today/records/autoNextCounters.spec.ts[2m > [22mautoNextCounters[2m > [22mincrements complete count and resets session saves[32m 1[2mms[22m[39m
 [32m笨・[39m src/features/today/records/autoNextCounters.spec.ts[2m > [22mautoNextCounters[2m > [22maccumulates across multiple complete cycles[32m 1[2mms[22m[39m
 [32m笨・[39m src/features/today/records/autoNextCounters.spec.ts[2m > [22mautoNextCounters[2m > [22mresetAutoNextCounters clears all values[32m 1[2mms[22m[39m
 [32m笨・[39m src/features/today/records/autoNextCounters.spec.ts[2m > [22mautoNextCounters[2m > [22mdoes not crash when localStorage throws[32m 2[2mms[22m[39m
 [32m笨・[39m src/app/config/__tests__/navigationConfig.test.ts[2m > [22mNavigation Configuration[2m > [22mevery navigation item must have a valid group assigned[32m 8[2mms[22m[39m
 [31mﾃ・[39m src/app/config/__tests__/navigationConfig.test.ts[2m > [22mNavigation Configuration[2m > [22mgroups items correctly according to NAV_GROUP_ORDER[32m 11[2mms[22m[39m
[31m   竊・expected false to be true // Object.is equality[39m
 [32m笨・[39m src/app/config/__tests__/navigationConfig.test.ts[2m > [22mNavigation Configuration[2m > [22mhides admin items when feature flag/permissions omit them[32m 1[2mms[22m[39m
[90mstdout[2m | src/features/demo/__tests__/seedIbdDemoData.spec.ts
[22m[39m[MSAL ENV] Validated successfully

 [32m笨・[39m src/features/staff/attendance/__tests__/buildStaffAttendanceRows.spec.ts[2m > [22mbuildStaffAttendanceRows[2m > [22mstaff 2蜷・ attendance 0莉ｶ 竊・2陦後→繧よ悴蜈･蜉・[32m 8[2mms[22m[39m
 [32m笨・[39m src/features/staff/attendance/__tests__/buildStaffAttendanceRows.spec.ts[2m > [22mbuildStaffAttendanceRows[2m > [22mstaff 2蜷・ attendance 1莉ｶ 竊・1陦後□縺・status 縺悟渚譏[32m 2[2mms[22m[39m
 [32m笨・[39m src/features/staff/attendance/__tests__/buildStaffAttendanceRows.spec.ts[2m > [22mbuildStaffAttendanceRows[2m > [22msort: 譛ｪ蜈･蜉・竊・谺蜍､ 竊・蜃ｺ蜍､ 竊・staffId[32m 1[2mms[22m[39m
 [32m笨・[39m src/features/staff/attendance/__tests__/buildStaffAttendanceRows.spec.ts[2m > [22mbuildStaffAttendanceRows[2m > [22mstaffName is preserved from staff master[32m 1[2mms[22m[39m
 [32m笨・[39m src/features/staff/attendance/__tests__/buildStaffAttendanceRows.spec.ts[2m > [22mbuildStaffAttendanceRows[2m > [22msame status sorts by staffId ascending[32m 1[2mms[22m[39m
[90mstdout[2m | tests/unit/spClient.error500.spec.ts[2m > [22m[2mspClient 500 handling[2m > [22m[2mraises error containing OData message when SharePoint returns 500
[22m[39m[DriftActionDispatcher] Initialized and subscribed to drift events.
[DriftNotificationHandler] Webhook URL not configured. Notifications disabled.

 [32m笨・[39m tests/unit/spClient.error500.spec.ts[2m > [22mspClient 500 handling[2m > [22mraises error containing OData message when SharePoint returns 500[32m 15[2mms[22m[39m
 [32m笨・[39m src/features/schedules/lib/dateKey.test.ts[2m > [22mdateKey[2m > [22mtoDateKey[2m > [22mreturns YYYY-MM-DD format[32m 6[2mms[22m[39m
 [32m笨・[39m src/features/schedules/lib/dateKey.test.ts[2m > [22mdateKey[2m > [22mtoDateKey[2m > [22mrespects VITE_SCHEDULES_TZ environment[32m 2[2mms[22m[39m
 [32m笨・[39m src/features/schedules/lib/dateKey.test.ts[2m > [22mdateKey[2m > [22mtoDateKey[2m > [22mfalls back to Asia/Tokyo when env not set[32m 2[2mms[22m[39m
 [32m笨・[39m src/features/schedules/lib/dateKey.test.ts[2m > [22mdateKey[2m > [22mgetSchedulesTz[2m > [22mreturns configured TZ from window.__ENV__[32m 1[2mms[22m[39m
 [32m笨・[39m src/features/schedules/lib/dateKey.test.ts[2m > [22mdateKey[2m > [22mgetSchedulesTz[2m > [22mfalls back to Asia/Tokyo by default[32m 1[2mms[22m[39m
 [32m笨・[39m src/features/support-plan-guide/utils/__tests__/sanitizeFormGoals.spec.ts[2m > [22msanitizeForm 窶・Phase 5[2m > [22mgoals 縺梧里縺ｫ蟄伜惠縺吶ｋ蝣ｴ蜷・[2m > [22m譌｢蟄倥・ goals 驟榊・縺後◎縺ｮ縺ｾ縺ｾ菫晄戟縺輔ｌ繧・[32m 6[2mms[22m[39m
 [32m笨・[39m src/features/support-plan-guide/utils/__tests__/sanitizeFormGoals.spec.ts[2m > [22msanitizeForm 窶・Phase 5[2m > [22mgoals 縺梧里縺ｫ蟄伜惠縺吶ｋ蝣ｴ蜷・[2m > [22m遨ｺ縺ｮ goals 驟榊・繧ゅ◎縺ｮ縺ｾ縺ｾ菫晄戟縺輔ｌ繧・[32m 1[2mms[22m[39m
 [32m笨・[39m src/features/support-plan-guide/utils/__tests__/sanitizeFormGoals.spec.ts[2m > [22msanitizeForm 窶・Phase 5[2m > [22mgoals 縺梧悴螳夂ｾｩ縺ｮ蝣ｴ蜷・[2m > [22m繝・ヵ繧ｩ繝ｫ繝亥､縺ｮ遨ｺ驟榊・縺瑚ｿ斐＆繧後ｋ[32m 1[2mms[22m[39m
 [32m笨・[39m src/features/support-plan-guide/utils/__tests__/sanitizeFormGoals.spec.ts[2m > [22msanitizeForm 窶・Phase 5[2m > [22mgoals 縺梧悴螳夂ｾｩ縺ｮ蝣ｴ蜷・[2m > [22mundefined data 竊・遨ｺ繝輔か繝ｼ繝・・oals 縺ｯ遨ｺ驟榊・・・[32m 1[2mms[22m[39m
 [32m笨・[39m src/features/support-plan-guide/utils/__tests__/sanitizeFormGoals.spec.ts[2m > [22msanitizeForm 窶・Phase 5[2m > [22mstring 繝輔ぅ繝ｼ繝ｫ繝峨・繧ｵ繝九ち繧､繧ｺ縺ｨ縺ｮ蜈ｱ蟄・[2m > [22mstring 繝輔ぅ繝ｼ繝ｫ繝峨・繧ｵ繝九ち繧､繧ｺ縺ｨ goals 菫晄戟縺悟酔譎ゅ↓蜍穂ｽ懊☆繧・[32m 1[2mms[22m[39m
 [32m笨・[39m src/features/support-plan-guide/utils/__tests__/sanitizeFormGoals.spec.ts[2m > [22msanitizeForm 窶・Phase 5[2m > [22mstring 繝輔ぅ繝ｼ繝ｫ繝峨・繧ｵ繝九ち繧､繧ｺ縺ｨ縺ｮ蜈ｱ蟄・[2m > [22m荳肴・縺ｪ繝輔ぅ繝ｼ繝ｫ繝峨・辟｡隕悶＆繧後ｋ[32m 1[2mms[22m[39m
 [32m笨・[39m tests/unit/PlanningSheetStatsGrid.spec.ts[2m > [22mdaysUntilReview[2m > [22mreturns null when nextReviewAt is null[32m 5[2mms[22m[39m
 [32m笨・[39m tests/unit/PlanningSheetStatsGrid.spec.ts[2m > [22mdaysUntilReview[2m > [22mreturns positive days when review is in the future[32m 4[2mms[22m[39m
 [32m笨・[39m tests/unit/PlanningSheetStatsGrid.spec.ts[2m > [22mdaysUntilReview[2m > [22mreturns 0 when review is today[32m 1[2mms[22m[39m
 [32m笨・[39m tests/unit/PlanningSheetStatsGrid.spec.ts[2m > [22mdaysUntilReview[2m > [22mreturns negative days when review is overdue[32m 1[2mms[22m[39m
 [32m笨・[39m tests/unit/PlanningSheetStatsGrid.spec.ts[2m > [22mdaysUntilReview[2m > [22mhandles year boundary[32m 1[2mms[22m[39m
 [32m笨・[39m src/features/support-plan-guide/hooks/__tests__/useSupportPlanBundle.spec.ts[2m > [22mderiveLatestMonitoring[2m > [22mreturns null when no sheets[32m 4[2mms[22m[39m
 [32m笨・[39m src/features/support-plan-guide/hooks/__tests__/useSupportPlanBundle.spec.ts[2m > [22mderiveLatestMonitoring[2m > [22mreturns monitoring info from sheet with nextReviewAt[32m 2[2mms[22m[39m
 [32m笨・[39m src/features/support-plan-guide/hooks/__tests__/useSupportPlanBundle.spec.ts[2m > [22mderiveLatestMonitoring[2m > [22mreturns the latest date among multiple sheets[32m 1[2mms[22m[39m
 [32m笨・[39m src/features/support-plan-guide/hooks/__tests__/useSupportPlanBundle.spec.ts[2m > [22mderiveLatestMonitoring[2m > [22mmarks planChangeRequired when monitoring is older than 180 days[32m 1[2mms[22m[39m
 [32m笨・[39m src/features/support-plan-guide/hooks/__tests__/useSupportPlanBundle.spec.ts[2m > [22mderiveLatestMonitoring[2m > [22mdoes not mark planChangeRequired when monitoring is recent[32m 1[2mms[22m[39m
 [32m笨・[39m src/features/support-plan-guide/hooks/__tests__/useSupportPlanBundle.spec.ts[2m > [22mcountRecordsBySheet[2m > [22mreturns empty for no records[32m 3[2mms[22m[39m
 [32m笨・[39m src/features/support-plan-guide/hooks/__tests__/useSupportPlanBundle.spec.ts[2m > [22mcountRecordsBySheet[2m > [22mcounts records by planningSheetId[32m 1[2mms[22m[39m
 [32m笨・[39m src/features/support-plan-guide/hooks/__tests__/useSupportPlanBundle.spec.ts[2m > [22mcountRecordsBySheet[2m > [22mignores records without planningSheetId[32m 1[2mms[22m[39m
[90mstdout[2m | src/features/daily/repositories/sharepoint/__tests__/SharePointActivityDiaryRepository.drift.spec.ts
[22m[39m[MSAL ENV] Validated successfully

 [32m笨・[39m src/domain/regulatory/__tests__/aggregateIcebergEvidence.spec.ts[2m > [22maggregateIcebergEvidence[2m > [22m遨ｺ驟榊・ 竊・遨ｺ繝ｬ繧ｳ繝ｼ繝・[32m 3[2mms[22m[39m
 [32m笨・[39m src/domain/regulatory/__tests__/aggregateIcebergEvidence.spec.ts[2m > [22maggregateIcebergEvidence[2m > [22mplanningSheetId 縺ｪ縺励い繧､繝・Β繧偵せ繧ｭ繝・・[32m 1[2mms[22m[39m
 [32m笨・[39m src/domain/regulatory/__tests__/aggregateIcebergEvidence.spec.ts[2m > [22maggregateIcebergEvidence[2m > [22m蜊倅ｸ繧ｷ繝ｼ繝医・蜊倅ｸ繧｢繧､繝・Β 竊・繧ｫ繧ｦ繝ｳ繝・ + 譌･莉・[32m 1[2mms[22m[39m
 [32m笨・[39m src/domain/regulatory/__tests__/aggregateIcebergEvidence.spec.ts[2m > [22maggregateIcebergEvidence[2m > [22m蜷御ｸ繧ｷ繝ｼ繝医・隍・焚繧｢繧､繝・Β 竊・繧ｫ繧ｦ繝ｳ繝亥刈邂・+ 譛譁ｰ譌･莉・[32m 1[2mms[22m[39m
 [32m笨・[39m src/domain/regulatory/__tests__/aggregateIcebergEvidence.spec.ts[2m > [22maggregateIcebergEvidence[2m > [22m隍・焚繧ｷ繝ｼ繝医・迢ｬ遶矩寔險・[32m 1[2mms[22m[39m
 [32m笨・[39m src/domain/regulatory/__tests__/aggregateIcebergEvidence.spec.ts[2m > [22maggregateIcebergEvidence[2m > [22mplanningSheetId 縺ゅｊ縺ｪ縺玲ｷｷ蝨ｨ 竊・縺ゅｊ縺ｮ縺ｿ髮・ｨ・[32m 1[2mms[22m[39m
 [32m笨・[39m src/domain/regulatory/__tests__/aggregateIcebergEvidence.spec.ts[2m > [22maggregateIcebergEvidence[2m > [22mISO datetime 縺ｮ譌･莉倬Κ蛻・・縺ｿ豈碑ｼ・ｼ域凾髢薙・辟｡隕厄ｼ・[32m 1[2mms[22m[39m
 [32m笨・[39m src/domain/regulatory/__tests__/aggregateIcebergEvidence.spec.ts[2m > [22maggregateIcebergEvidence[2m > [22m譌･莉倥・縺ｿ縺ｮ繝輔か繝ｼ繝槭ャ繝茨ｼ・ 縺ｪ縺暦ｼ峨↓繧ょｯｾ蠢・[32m 1[2mms[22m[39m
 [32m笨・[39m src/features/demo/__tests__/seedIbdDemoData.spec.ts[2m > [22mseedIbdDemoData[2m > [22mpopulates SPS, supervision counter, and ABC records correctly[32m 8[2mms[22m[39m
 [32m笨・[39m src/features/demo/__tests__/seedIbdDemoData.spec.ts[2m > [22mseedIbdDemoData[2m > [22mis idempotent 窶・calling twice still yields same counts[32m 1[2mms[22m[39m
 [32m笨・[39m src/features/demo/__tests__/seedIbdDemoData.spec.ts[2m > [22mseedIbdDemoData[2m > [22mreturns zeroes for invalid userId[32m 3[2mms[22m[39m
 [32m笨・[39m src/features/daily/domain/__tests__/behaviorTagInsights.spec.ts[2m > [22mcomputeBehaviorTagInsights[2m > [22m遨ｺ驟榊・ 竊・null[32m 5[2mms[22m[39m
 [32m笨・[39m src/features/daily/domain/__tests__/behaviorTagInsights.spec.ts[2m > [22mcomputeBehaviorTagInsights[2m > [22m蜈ｨ陦後ち繧ｰ縺ｪ縺・竊・null[32m 1[2mms[22m[39m
 [32m笨・[39m src/features/daily/domain/__tests__/behaviorTagInsights.spec.ts[2m > [22mcomputeBehaviorTagInsights[2m > [22m蝓ｺ譛ｬ險育ｮ・ Top, avgTagsPerRow, tagUsageRate 縺梧ｭ｣縺励＞[32m 4[2mms[22m[39m
 [32m笨・[39m src/features/daily/domain/__tests__/behaviorTagInsights.spec.ts[2m > [22mcomputeBehaviorTagInsights[2m > [22m6遞ｮ莉･荳翫・繧ｿ繧ｰ縺ｧ繧・Top5 縺ｫ蛻・ｊ隧ｰ繧√ｋ[32m 1[2mms[22m[39m
 [32m笨・[39m src/features/daily/domain/__tests__/behaviorTagInsights.spec.ts[2m > [22mcomputeBehaviorTagInsights[2m > [22mavgTagsPerRow 縺悟ｰ乗焚1譯√↓荳ｸ繧√ｉ繧後ｋ[32m 1[2mms[22m[39m
 [32m笨・[39m src/features/daily/domain/__tests__/behaviorTagInsights.spec.ts[2m > [22mcomputeBehaviorTagInsights[2m > [22mtagUsageRate 縺梧紛謨ｰ%縺ｫ荳ｸ繧√ｉ繧後ｋ[32m 1[2mms[22m[39m
 [32m笨・[39m src/features/daily/domain/__tests__/behaviorTagInsights.spec.ts[2m > [22mcomputeBehaviorTagInsights[2m > [22m1陦・繧ｿ繧ｰ 竊・譛蟆上・譛牙柑邨先棡[32m 1[2mms[22m[39m
 [32m笨・[39m src/features/daily/domain/__tests__/behaviorTagInsights.spec.ts[2m > [22mcomputeBehaviorTagInsights[2m > [22mTop 繧ｿ繧ｰ縺ｯ count 髯埼・〒繧ｽ繝ｼ繝医＆繧後ｋ[32m 2[2mms[22m[39m
 [32m笨・[39m src/features/daily/domain/__tests__/behaviorTagInsights.spec.ts[2m > [22mcomputeBehaviorTagInsights[2m > [22mBEHAVIOR_TAGS 縺ｫ譛ｪ螳夂ｾｩ縺ｮ繧ｭ繝ｼ縺ｧ繧ゅヵ繧ｩ繝ｼ繝ｫ繝舌ャ繧ｯ縺吶ｋ[32m 1[2mms[22m[39m
 [32m笨・[39m src/app/hubs/__tests__/hubTelemetry.spec.ts[2m > [22mhubTelemetry[2m > [22mrecords hub card click telemetry with hub metadata[32m 9[2mms[22m[39m
 [32m笨・[39m src/app/hubs/__tests__/hubTelemetry.spec.ts[2m > [22mhubTelemetry[2m > [22mincludes clientTs as ISO string[32m 1[2mms[22m[39m
 [32m笨・[39m src/app/hubs/__tests__/hubTelemetry.spec.ts[2m > [22mhubTelemetry[2m > [22mis no-op when Firestore write is unavailable[32m 1[2mms[22m[39m
 [32m笨・[39m src/features/ibd/analysis/pdca/__tests__/icebergEvidenceAdapter.spec.ts[2m > [22mbuildIcebergEvidence[2m > [22mitems 縺檎ｩｺ縺ｪ繧・count=0, bullets=[] 繧定ｿ斐☆[32m 7[2mms[22m[39m
 [32m笨・[39m src/features/ibd/analysis/pdca/__tests__/icebergEvidenceAdapter.spec.ts[2m > [22mbuildIcebergEvidence[2m > [22mACT 繝輔ぉ繝ｼ繧ｺ繧貞━蜈医＠縺ｦ繧ｽ繝ｼ繝医☆繧・[32m 1[2mms[22m[39m
 [32m笨・[39m src/features/ibd/analysis/pdca/__tests__/icebergEvidenceAdapter.spec.ts[2m > [22mbuildIcebergEvidence[2m > [22mactCount 縺ｯ ACT 繝輔ぉ繝ｼ繧ｺ縺ｮ縺ｿ繧偵き繧ｦ繝ｳ繝医☆繧・[32m 1[2mms[22m[39m
 [32m笨・[39m src/features/ibd/analysis/pdca/__tests__/icebergEvidenceAdapter.spec.ts[2m > [22mbuildIcebergEvidence[2m > [22mbullet 縺ｫ title, phase label, updatedAt 縺ｮ譌･莉倬Κ蛻・ｒ蜷ｫ繧√ｋ[32m 2[2mms[22m[39m
 [32m笨・[39m src/features/ibd/analysis/pdca/__tests__/icebergEvidenceAdapter.spec.ts[2m > [22mbuildIcebergEvidence[2m > [22msummary 縺檎ｩｺ縺ｪ繧・bullet 縺ｫ蜷ｫ繧√↑縺・[32m 1[2mms[22m[39m
 [32m笨・[39m src/features/ibd/analysis/pdca/__tests__/icebergEvidenceAdapter.spec.ts[2m > [22mbuildIcebergEvidence[2m > [22mtext 縺ｫ繝倥ャ繝繝ｼ縺ｨ繝輔ャ繧ｿ繝ｼ繧貞性繧[32m 2[2mms[22m[39m
 [32m笨・[39m src/features/ibd/analysis/pdca/__tests__/icebergEvidenceAdapter.spec.ts[2m > [22mbuildIcebergEvidence[2m > [22muserId 繧偵◎縺ｮ縺ｾ縺ｾ霑斐☆[32m 1[2mms[22m[39m
[90mstdout[2m | tests/unit/checklist.api.spec.ts
[22m[39m[MSAL ENV] Validated successfully

 [32m笨・[39m src/features/planning-sheet/__tests__/monitoringSchedule.spec.ts[2m > [22mcalculateMonitoringSchedule[2m > [22m謾ｯ謠ｴ蛻晄律縺ｯ隨ｬ1譛溘・谿九ｊ90譌･[32m 5[2mms[22m[39m
 [32m笨・[39m src/features/planning-sheet/__tests__/monitoringSchedule.spec.ts[2m > [22mcalculateMonitoringSchedule[2m > [22m45譌･邨碁℃縺ｧ谿九ｊ45譌･繝ｻ騾ｲ謐・0%[32m 1[2mms[22m[39m
 [32m笨・[39m src/features/planning-sheet/__tests__/monitoringSchedule.spec.ts[2m > [22mcalculateMonitoringSchedule[2m > [22m89譌･邨碁℃縺ｧ谿九ｊ1譌･繝ｻ騾ｲ謐・9%[32m 1[2mms[22m[39m
 [32m笨・[39m src/features/planning-sheet/__tests__/monitoringSchedule.spec.ts[2m > [22mcalculateMonitoringSchedule[2m > [22m縺｡繧・≧縺ｩ 90譌･縺ｧ隨ｬ2譛溘↓蜈･繧・[32m 1[2mms[22m[39m
 [32m笨・[39m src/features/planning-sheet/__tests__/monitoringSchedule.spec.ts[2m > [22mcalculateMonitoringSchedule[2m > [22m譛滄剞雜・℃譎ゅ・ isOverdue=true, overdueDays 縺梧ｭ｣[32m 1[2mms[22m[39m
 [32m笨・[39m src/features/planning-sheet/__tests__/monitoringSchedule.spec.ts[2m > [22mcalculateMonitoringSchedule[2m > [22m30譌･蜻ｨ譛溘〒險育ｮ励〒縺阪ｋ[32m 1[2mms[22m[39m
 [32m笨・[39m src/features/planning-sheet/__tests__/monitoringSchedule.spec.ts[2m > [22mcalculateMonitoringSchedule[2m > [22m180譌･蜻ｨ譛滂ｼ・繝ｶ譛茨ｼ峨〒險育ｮ励〒縺阪ｋ[32m 1[2mms[22m[39m
 [32m笨・[39m src/features/planning-sheet/__tests__/monitoringSchedule.spec.ts[2m > [22mcalculateMonitoringSchedule[2m > [22m繝・ヵ繧ｩ繝ｫ繝医・90譌･[32m 1[2mms[22m[39m
 [32m笨・[39m src/features/planning-sheet/__tests__/monitoringSchedule.spec.ts[2m > [22mcalculateMonitoringSchedule[2m > [22m隨ｬ3譛滂ｼ・80譌･縲・70譌･・峨↓豁｣縺励￥蜈･繧・[32m 1[2mms[22m[39m
 [32m笨・[39m src/features/planning-sheet/__tests__/monitoringSchedule.spec.ts[2m > [22mresolveSupportStartDate[2m > [22msupportStartDate 縺後≠繧後・縺昴ｌ繧定ｿ斐☆[32m 2[2mms[22m[39m
 [32m笨・[39m src/features/planning-sheet/__tests__/monitoringSchedule.spec.ts[2m > [22mresolveSupportStartDate[2m > [22msupportStartDate 縺後↑縺・appliedFrom 縺後≠繧後・ fallback[32m 1[2mms[22m[39m
 [32m笨・[39m src/features/planning-sheet/__tests__/monitoringSchedule.spec.ts[2m > [22mresolveSupportStartDate[2m > [22m荳｡譁ｹ縺ｪ縺代ｌ縺ｰ null[32m 1[2mms[22m[39m
 [32m笨・[39m src/features/daily/repositories/sharepoint/__tests__/SharePointActivityDiaryRepository.drift.spec.ts[2m > [22mSharePointActivityDiaryRepository (Drift Immunity)[2m > [22mshould resolve schema drift (suffix) and save successfully[32m 19[2mms[22m[39m
 [32m笨・[39m src/features/daily/repositories/sharepoint/__tests__/SharePointActivityDiaryRepository.drift.spec.ts[2m > [22mSharePointActivityDiaryRepository (Drift Immunity)[2m > [22mshould fail-open (skip) when optional fields are missing[32m 6[2mms[22m[39m
 [32m笨・[39m src/features/daily/repositories/sharepoint/__tests__/SharePointActivityDiaryRepository.drift.spec.ts[2m > [22mSharePointActivityDiaryRepository (Drift Immunity)[2m > [22mshould throw error when essential fields are missing[32m 5[2mms[22m[39m
 [32m笨・[39m src/domain/isp/__tests__/evidenceLink.spec.ts[2m > [22mcreateEmptyEvidenceLinkMap[2m > [22mreturns a map with all three strategy keys[32m 6[2mms[22m[39m
 [32m笨・[39m src/domain/isp/__tests__/evidenceLink.spec.ts[2m > [22mcreateEmptyEvidenceLinkMap[2m > [22minitializes all arrays as empty[32m 2[2mms[22m[39m
 [32m笨・[39m src/domain/isp/__tests__/evidenceLink.spec.ts[2m > [22mcreateEmptyEvidenceLinkMap[2m > [22mreturns a new object each time (not shared reference)[32m 2[2mms[22m[39m
 [32m笨・[39m src/domain/isp/__tests__/evidenceLink.spec.ts[2m > [22mcreateEmptyEvidenceLinkMap[2m > [22mallows mutation without affecting other instances[32m 1[2mms[22m[39m
 [32m笨・[39m src/domain/isp/__tests__/evidenceLink.spec.ts[2m > [22mEvidenceLinkMap type compatibility[2m > [22maccepts valid EvidenceLinkMap structure[32m 1[2mms[22m[39m
 [32m笨・[39m src/features/telemetry/components/__tests__/suggestionLifecycle.spec.ts[2m > [22mbuildSuggestionLifecycleWindow[2m > [22mtoday 縺ｯ蠖捺律0譎ゅ從ow 縺九▽ maxDocs=200[32m 5[2mms[22m[39m
 [32m笨・[39m src/features/telemetry/components/__tests__/suggestionLifecycle.spec.ts[2m > [22mbuildSuggestionLifecycleWindow[2m > [22m7d 縺ｯ now 縺九ｉ7譌･驕｡繧・[32m 1[2mms[22m[39m
 [32m笨・[39m src/features/telemetry/components/__tests__/suggestionLifecycle.spec.ts[2m > [22mbuildSuggestionLifecycleWindow[2m > [22m30d 縺ｯ now 縺九ｉ30譌･驕｡繧・[32m 1[2mms[22m[39m
 [32m笨・[39m src/features/telemetry/components/__tests__/suggestionLifecycle.spec.ts[2m > [22mformatSuggestionRate[2m > [22m蟆乗焚1譯√〒繝代・繧ｻ繝ｳ繝郁｡ｨ遉ｺ縺吶ｋ[32m 1[2mms[22m[39m
 [32m笨・[39m src/features/telemetry/components/__tests__/suggestionLifecycle.spec.ts[2m > [22mformatSuggestionRate[2m > [22mNaN / 雋蛟､縺ｯ 0% 謇ｱ縺・↓縺吶ｋ[32m 1[2mms[22m[39m
 [32m笨・[39m src/features/telemetry/components/__tests__/suggestionLifecycle.spec.ts[2m > [22mbuildPreviousSuggestionLifecycleWindow[2m > [22m迴ｾ蝨ｨwindow縺ｨ蜷悟ｹ・〒縲・㍾隍・＠縺ｪ縺・燕譛滄俣window繧定ｿ斐☆[32m 1[2mms[22m[39m
[90mstdout[2m | tests/unit/IntegratedResourceCalendar.logic.spec.ts
[22m[39m[MSAL ENV] Validated successfully

 [32m笨・[39m tests/unit/IntegratedResourceCalendar.logic.spec.ts[2m > [22mIntegratedResourceCalendar logic helpers[2m > [22mevaluateMoveEvent[2m > [22mallows move when no actual and no overlap[32m 5[2mms[22m[39m
 [32m笨・[39m tests/unit/IntegratedResourceCalendar.logic.spec.ts[2m > [22mIntegratedResourceCalendar logic helpers[2m > [22mevaluateMoveEvent[2m > [22mblocks move when dragged event already has actual[32m 1[2mms[22m[39m
 [32m笨・[39m tests/unit/IntegratedResourceCalendar.logic.spec.ts[2m > [22mIntegratedResourceCalendar logic helpers[2m > [22mevaluateMoveEvent[2m > [22mblocks move when overlapping another event on same resource[32m 1[2mms[22m[39m
 [32m笨・[39m tests/unit/IntegratedResourceCalendar.logic.spec.ts[2m > [22mIntegratedResourceCalendar logic helpers[2m > [22mevaluateMoveEvent[2m > [22mignores background events when checking overlap[32m 1[2mms[22m[39m
 [32m笨・[39m tests/unit/IntegratedResourceCalendar.logic.spec.ts[2m > [22mIntegratedResourceCalendar logic helpers[2m > [22mevaluateSelectEvent[2m > [22mblocks selection with no resourceId[32m 1[2mms[22m[39m
 [32m笨・[39m tests/unit/IntegratedResourceCalendar.logic.spec.ts[2m > [22mIntegratedResourceCalendar logic helpers[2m > [22mevaluateSelectEvent[2m > [22mblocks selection when overlapping existing event on same resource[32m 1[2mms[22m[39m
 [32m笨・[39m tests/unit/IntegratedResourceCalendar.logic.spec.ts[2m > [22mIntegratedResourceCalendar logic helpers[2m > [22mevaluateSelectEvent[2m > [22mallows selection when there is no overlap on same resource[32m 1[2mms[22m[39m
 [32m笨・[39m src/features/action-engine/telemetry/__tests__/computeWeeklyReviewResult.spec.ts[2m > [22mcomputeWeeklyReviewResult[2m > [22m蜈ｨ譚｡莉ｶ繧呈ｺ縺溘☆縺ｨ PASS[32m 5[2mms[22m[39m
 [32m笨・[39m src/features/action-engine/telemetry/__tests__/computeWeeklyReviewResult.spec.ts[2m > [22mcomputeWeeklyReviewResult[2m > [22mdismissRate 縺ｮ謾ｹ蝟・ｸ崎ｶｳ縺ｧ FAIL[32m 1[2mms[22m[39m
 [32m笨・[39m src/features/action-engine/telemetry/__tests__/computeWeeklyReviewResult.spec.ts[2m > [22mcomputeWeeklyReviewResult[2m > [22mresurfacedRate 縺ｮ謾ｹ蝟・ｸ崎ｶｳ縺ｧ FAIL[32m 1[2mms[22m[39m
 [32m笨・[39m src/features/action-engine/telemetry/__tests__/computeWeeklyReviewResult.spec.ts[2m > [22mcomputeWeeklyReviewResult[2m > [22mshownCount 豈皮紫荳崎ｶｳ縺ｧ FAIL[32m 1[2mms[22m[39m
 [32m笨・[39m src/features/action-engine/telemetry/__tests__/computeWeeklyReviewResult.spec.ts[2m > [22mcomputeWeeklyReviewResult[2m > [22mshownCount 譛菴惹ｻｶ謨ｰ荳崎ｶｳ縺ｧ FAIL[32m 1[2mms[22m[39m
 [32m笨・[39m src/features/action-engine/telemetry/__tests__/computeWeeklyReviewResult.spec.ts[2m > [22mcomputeWeeklyReviewResult[2m > [22m髢ｾ蛟､縺｡繧・≧縺ｩ縺ｯ PASS・亥｢・阜蛟､・・[32m 1[2mms[22m[39m
 [32m笨・[39m src/features/action-engine/telemetry/__tests__/computeWeeklyReviewResult.spec.ts[2m > [22mcomputeWeeklyReviewResult[2m > [22mcritical anomaly 縺後≠繧後・ FAIL 蟇・ｊ蛻､螳壹↓縺吶ｋ[32m 1[2mms[22m[39m
 [32m笨・[39m src/features/action-engine/telemetry/__tests__/computeWeeklyReviewResult.spec.ts[2m > [22mcomputeWeeklyReviewResult[2m > [22mwarning anomaly 縺ｮ縺ｿ縺ｪ繧・PASS 繧堤ｶｭ謖√＠陬懷勧逅・罰繧貞・縺・[32m 1[2mms[22m[39m
 [32m笨・[39m src/domain/timeline/__tests__/incidentAdapter.spec.ts[2m > [22mincidentToTimelineEvent[2m > [22m蝓ｺ譛ｬ螟画鋤: id, source, userId 縺梧ｭ｣縺励＞[32m 6[2mms[22m[39m
 [32m笨・[39m src/domain/timeline/__tests__/incidentAdapter.spec.ts[2m > [22mincidentToTimelineEvent[2m > [22moccurredAt 縺後◎縺ｮ縺ｾ縺ｾ貂｡縺輔ｌ繧・[32m 1[2mms[22m[39m
 [32m笨・[39m src/domain/timeline/__tests__/incidentAdapter.spec.ts[2m > [22mincidentToTimelineEvent[2m > [22mtitle 縺ｫ severity 縺悟性縺ｾ繧後ｋ[32m 1[2mms[22m[39m
 [32m笨・[39m src/domain/timeline/__tests__/incidentAdapter.spec.ts[2m > [22mincidentToTimelineEvent[2m > [22mseverity "菴・ 竊・"info"[32m 1[2mms[22m[39m
 [32m笨・[39m src/domain/timeline/__tests__/incidentAdapter.spec.ts[2m > [22mincidentToTimelineEvent[2m > [22mseverity "荳ｭ" 竊・"warning"[32m 1[2mms[22m[39m
 [32m笨・[39m src/domain/timeline/__tests__/incidentAdapter.spec.ts[2m > [22mincidentToTimelineEvent[2m > [22mseverity "鬮・ 竊・"critical"[32m 1[2mms[22m[39m
 [32m笨・[39m src/domain/timeline/__tests__/incidentAdapter.spec.ts[2m > [22mincidentToTimelineEvent[2m > [22mseverity "驥榊､ｧ繧､繝ｳ繧ｷ繝・Φ繝・ 竊・"critical"[32m 1[2mms[22m[39m
 [32m笨・[39m src/domain/timeline/__tests__/incidentAdapter.spec.ts[2m > [22mincidentToTimelineEvent[2m > [22mdescription 縺悟､画鋤縺輔ｌ繧・[32m 1[2mms[22m[39m
 [32m笨・[39m src/domain/timeline/__tests__/incidentAdapter.spec.ts[2m > [22mincidentToTimelineEvent[2m > [22mmeta 縺ｫ severity 縺悟性縺ｾ繧後ｋ[32m 1[2mms[22m[39m
[90mstdout[2m | src/__tests__/App.test.tsx
[22m[39m笨・App.tsx Feature Flag Control Tests: Core logic validation completed
識 Focus: HydrationHud & Graph/Demo switching via environment variables
孱・・Safety: Default false values ensure production-ready behavior

 [32m笨・[39m src/__tests__/App.test.tsx[2m > [22mApp.tsx Feature Flag Integration[2m > [22m剥 HydrationHud陦ｨ遉ｺ蛻ｶ蠕｡縺ｮ讀懆ｨｼ・医ユ繧ｹ繝育腸蠅・宛邏・↓繧医ｊ繝ｭ繧ｸ繝・け驥崎ｦ厄ｼ・[32m 6[2mms[22m[39m
 [32m笨・[39m src/__tests__/App.test.tsx[2m > [22mApp.tsx Feature Flag Integration[2m > [22m套 Graph/Demo Port 蛻・ｊ譖ｿ縺亥宛蠕｡縺ｮ讀懆ｨｼ[32m 1[2mms[22m[39m
 [32m笨・[39m src/__tests__/App.test.tsx[2m > [22mApp.tsx Feature Flag Integration[2m > [22m寺・・Feature Flag 縺ｮ螳牙・縺ｪ繝・ヵ繧ｩ繝ｫ繝亥虚菴・[32m 1[2mms[22m[39m
 [32m笨・[39m src/__tests__/App.test.tsx[2m > [22mApp.tsx Feature Flag Integration[2m > [22m・ｽ Feature Flag 迺ｰ蠅・ｨｭ螳壹・謨ｴ蜷域ｧ[32m 1[2mms[22m[39m
 [32m笨・[39m src/__tests__/App.test.tsx[2m > [22mApp.tsx Feature Flag Integration[2m > [22m庁 App.tsx 螻､讒矩縺ｮ遒ｺ隱搾ｼ域ｦょｿｵ讀懆ｨｼ・・[32m 2[2mms[22m[39m
[90mstdout[2m | tests/unit/checklist.api.spec.ts[2m > [22m[2mchecklist list 401 refresh flow[2m > [22m[2m401 then refreshed token returns data
[22m[39m[DriftActionDispatcher] Initialized and subscribed to drift events.
[DriftNotificationHandler] Webhook URL not configured. Notifications disabled.

 [32m笨・[39m tests/unit/checklist.api.spec.ts[2m > [22mchecklist list 401 refresh flow[2m > [22m401 then refreshed token returns data[32m 13[2mms[22m[39m
 [32m笨・[39m src/features/service-provision/infra/__tests__/DataProviderServiceProvisionRepository.spec.ts[2m > [22mDataProviderServiceProvisionRepository (Dynamic Schema)[2m > [22mshould resolve drifted field names and fetch items correctly[32m 8[2mms[22m[39m
 [32m笨・[39m src/features/service-provision/infra/__tests__/DataProviderServiceProvisionRepository.spec.ts[2m > [22mDataProviderServiceProvisionRepository (Dynamic Schema)[2m > [22mshould use drifted field names during upsert (Update)[32m 2[2mms[22m[39m
 [32m笨・[39m src/features/service-provision/infra/__tests__/DataProviderServiceProvisionRepository.spec.ts[2m > [22mDataProviderServiceProvisionRepository (Dynamic Schema)[2m > [22mshould handle missing essential fields by warning but continuing[32m 1[2mms[22m[39m
 [32m笨・[39m src/features/daily/domain/validation/__tests__/validateTimeOverlap.spec.ts[2m > [22mvalidateTimeOverlap[2m > [22m驥崎､・・蝓ｺ譛ｬ繝代ち繝ｼ繝ｳ[2m > [22m驥崎､・′縺ｪ縺・ｴ蜷医・ hasOverlap = false 繧定ｿ斐☆・磯囮髢捺凾髢難ｼ・[32m 7[2mms[22m[39m
 [32m笨・[39m src/features/daily/domain/validation/__tests__/validateTimeOverlap.spec.ts[2m > [22mvalidateTimeOverlap[2m > [22m驥崎､・・蝓ｺ譛ｬ繝代ち繝ｼ繝ｳ[2m > [22m遶ｯ轤ｹ縺御ｸ閾ｴ縺吶ｋ繧ｱ繝ｼ繧ｹ縺ｯ驥崎､・→縺ｿ縺ｪ縺輔↑縺・[32m 1[2mms[22m[39m
 [32m笨・[39m src/features/daily/domain/validation/__tests__/validateTimeOverlap.spec.ts[2m > [22mvalidateTimeOverlap[2m > [22m驥崎､・・蝓ｺ譛ｬ繝代ち繝ｼ繝ｳ[2m > [22m荳驛ｨ縺碁㍾隍・☆繧九こ繝ｼ繧ｹ・医ち繝ｼ繧ｲ繝・ヨ縺ｮ蠕悟濠縺梧里蟄倥→陲ｫ繧具ｼ・[32m 1[2mms[22m[39m
 [32m笨・[39m src/features/daily/domain/validation/__tests__/validateTimeOverlap.spec.ts[2m > [22mvalidateTimeOverlap[2m > [22m驥崎､・・蝓ｺ譛ｬ繝代ち繝ｼ繝ｳ[2m > [22m螳悟・縺ｫ蛹・性縺輔ｌ繧九こ繝ｼ繧ｹ・域里蟄倥・荳ｭ縺ｫ縺吶▲縺ｽ繧奇ｼ・[32m 1[2mms[22m[39m
 [32m笨・[39m src/features/daily/domain/validation/__tests__/validateTimeOverlap.spec.ts[2m > [22mvalidateTimeOverlap[2m > [22m驥崎､・・蝓ｺ譛ｬ繝代ち繝ｼ繝ｳ[2m > [22m螳悟・縺ｫ蛹・性縺吶ｋ繧ｱ繝ｼ繧ｹ・医ち繝ｼ繧ｲ繝・ヨ縺梧里蟄倥ｒ蛹・・・・[32m 1[2mms[22m[39m
 [32m笨・[39m src/features/daily/domain/validation/__tests__/validateTimeOverlap.spec.ts[2m > [22mvalidateTimeOverlap[2m > [22m繧ｪ繝励す繝ｧ繝翫Ν縺ｪ讖溯・繝ｻ繧ｨ繝・ず繧ｱ繝ｼ繧ｹ[2m > [22m閾ｪ蛻・・霄ｫ縺ｮID繧・excludeSelfId 縺ｫ謖・ｮ壹＠縺溷ｴ蜷医・辟｡隕悶☆繧具ｼ域峩譁ｰ譎ゑｼ・[32m 1[2mms[22m[39m
 [32m笨・[39m src/features/daily/domain/validation/__tests__/validateTimeOverlap.spec.ts[2m > [22mvalidateTimeOverlap[2m > [22m繧ｪ繝励す繝ｧ繝翫Ν縺ｪ讖溯・繝ｻ繧ｨ繝・ず繧ｱ繝ｼ繧ｹ[2m > [22m蜈･蜉帙′null繧・ｩｺ譁・ｭ励・蝣ｴ蜷医・驥崎､・↑縺励→縺吶ｋ・域､懆ｨｼ荳崎・・・[32m 1[2mms[22m[39m
 [32m笨・[39m src/features/daily/domain/validation/__tests__/validateTimeOverlap.spec.ts[2m > [22mvalidateTimeOverlap[2m > [22m繧ｪ繝励す繝ｧ繝翫Ν縺ｪ讖溯・繝ｻ繧ｨ繝・ず繧ｱ繝ｼ繧ｹ[2m > [22m髢句ｧ・=邨ゆｺ・・蝣ｴ蜷医・荳肴ｭ｣繝・・繧ｿ縺ｪ縺ｮ縺ｧ驥崎､・愛螳壹ｒ縺励↑縺・[32m 1[2mms[22m[39m
 [32m笨・[39m src/features/daily/domain/validation/__tests__/validateTimeOverlap.spec.ts[2m > [22mvalidateTimeOverlap[2m > [22m繧ｪ繝励す繝ｧ繝翫Ν縺ｪ讖溯・繝ｻ繧ｨ繝・ず繧ｱ繝ｼ繧ｹ[2m > [22m譌｢蟄倥ョ繝ｼ繧ｿ縺御ｸ肴ｭ｣・磯幕蟋・=邨ゆｺ・・蛟､縺後↑縺・↑縺ｩ・峨↑蝣ｴ蜷医√◎縺ｮ繝ｬ繧ｳ繝ｼ繝峨→縺ｮ驥崎､・愛螳壹・繧ｹ繧ｭ繝・・縺吶ｋ[32m 1[2mms[22m[39m
 [32m笨・[39m src/features/daily/domain/__tests__/deriveDefaultStrategies.spec.ts[2m > [22mderiveDefaultStrategies[2m > [22m遨ｺ驟榊・ 竊・遨ｺ Set[32m 5[2mms[22m[39m
 [32m笨・[39m src/features/daily/domain/__tests__/deriveDefaultStrategies.spec.ts[2m > [22mderiveDefaultStrategies[2m > [22mreferencedStrategies 縺ｪ縺・竊・遨ｺ Set[32m 1[2mms[22m[39m
 [32m笨・[39m src/features/daily/domain/__tests__/deriveDefaultStrategies.spec.ts[2m > [22mderiveDefaultStrategies[2m > [22mapplied=false 縺ｮ縺ｿ 竊・遨ｺ Set[32m 1[2mms[22m[39m
 [32m笨・[39m src/features/daily/domain/__tests__/deriveDefaultStrategies.spec.ts[2m > [22mderiveDefaultStrategies[2m > [22mapplied=true 竊・蛻晄悄驕ｸ謚槭↓蜷ｫ縺ｾ繧後ｋ[32m 2[2mms[22m[39m
 [32m笨・[39m src/features/daily/domain/__tests__/deriveDefaultStrategies.spec.ts[2m > [22mderiveDefaultStrategies[2m > [22m3譌･雜・℃縺ｮ險倬鹸 竊・遨ｺ Set[32m 1[2mms[22m[39m
 [32m笨・[39m src/features/daily/domain/__tests__/deriveDefaultStrategies.spec.ts[2m > [22mderiveDefaultStrategies[2m > [22m3譌･莉･蜀・・險倬鹸 竊・驕ｩ逕ｨ縺輔ｌ繧・[32m 1[2mms[22m[39m
 [32m笨・[39m src/features/daily/domain/__tests__/deriveDefaultStrategies.spec.ts[2m > [22mderiveDefaultStrategies[2m > [22m蜷御ｸ繧ｫ繝・ざ繝ｪ2莉ｶ 竊・譛螟ｧ1莉ｶ縺ｫ邨槭ｉ繧後ｋ[32m 1[2mms[22m[39m
 [32m笨・[39m src/features/daily/domain/__tests__/deriveDefaultStrategies.spec.ts[2m > [22mderiveDefaultStrategies[2m > [22m3繧ｫ繝・ざ繝ｪ豺ｷ蝨ｨ 竊・蜷郁ｨ域怙螟ｧ2莉ｶ縺ｫ邨槭ｉ繧後ｋ[32m 1[2mms[22m[39m
 [32m笨・[39m src/features/daily/domain/__tests__/deriveDefaultStrategies.spec.ts[2m > [22mderiveDefaultStrategies[2m > [22m譏ｨ譌･縺ｮ險倬鹸 竊・sourceLabel 縺ｫ縲梧乖譌･縲阪′蜷ｫ縺ｾ繧後ｋ[32m 1[2mms[22m[39m
 [32m笨・[39m src/features/daily/domain/__tests__/deriveDefaultStrategies.spec.ts[2m > [22mderiveDefaultStrategies[2m > [22m譛譁ｰ險倬鹸縺ｮ縺ｿ蜿ら・・・莉ｶ逶ｮ縺ｯ辟｡隕厄ｼ・[32m 1[2mms[22m[39m
 [32m笨・[39m src/features/audit/batchUtil.spec.ts[2m > [22mbuildBatchInsertBody[2m > [22mcreates valid batch body with all items[32m 7[2mms[22m[39m
 [32m笨・[39m src/features/audit/batchUtil.spec.ts[2m > [22mbuildBatchInsertBody[2m > [22mhandles special characters in list title with proper encoding[32m 1[2mms[22m[39m
 [32m笨・[39m src/features/audit/batchUtil.spec.ts[2m > [22mbuildBatchInsertBody[2m > [22mhandles empty items array[32m 1[2mms[22m[39m
 [32m笨・[39m src/features/audit/batchUtil.spec.ts[2m > [22mbuildBatchInsertBody[2m > [22mgenerates unique boundaries for multiple calls[32m 1[2mms[22m[39m
 [32m笨・[39m tests/unit/azure-functions.working-days.spec.ts[2m > [22mAzure Functions - calculateWorkingDays[2m > [22m2025蟷ｴ1譛医・遞ｼ蜒肴律謨ｰ險育ｮ暦ｼ育･晄律繝ｻ蝨滓律髯､縺擾ｼ・[32m 6[2mms[22m[39m
 [32m笨・[39m tests/unit/azure-functions.working-days.spec.ts[2m > [22mAzure Functions - calculateWorkingDays[2m > [22m2025蟷ｴ11譛医・遞ｼ蜒肴律謨ｰ險育ｮ暦ｼ域枚蛹悶・譌･繝ｻ蜍､蜉ｴ諢溯ｬ昴・譌･蜷ｫ繧・・[32m 2[2mms[22m[39m
 [32m笨・[39m tests/unit/azure-functions.working-days.spec.ts[2m > [22mAzure Functions - calculateWorkingDays[2m > [22m蝨滓律繧帝勁螟悶＠縺ｪ縺・ｴ蜷医・險育ｮ・[32m 1[2mms[22m[39m
 [32m笨・[39m tests/unit/azure-functions.working-days.spec.ts[2m > [22mAzure Functions - calculateWorkingDays[2m > [22m逾晄律繧帝勁螟悶＠縺ｪ縺・ｴ蜷医・險育ｮ・[32m 1[2mms[22m[39m
 [32m笨・[39m tests/unit/azure-functions.working-days.spec.ts[2m > [22mAzure Functions - calculateWorkingDays[2m > [22m逾晄律縺ｮ縺ｪ縺・怦縺ｮ險育ｮ暦ｼ・025蟷ｴ6譛茨ｼ・[32m 1[2mms[22m[39m
 [32m笨・[39m tests/unit/azure-functions.working-days.spec.ts[2m > [22mAzure Functions - calculateWorkingDays[2m > [22m繧ｴ繝ｼ繝ｫ繝・Φ繧ｦ繧｣繝ｼ繧ｯ・・025蟷ｴ5譛茨ｼ峨・險育ｮ・[32m 1[2mms[22m[39m
 [32m笨・[39m tests/unit/kokuhoren-csv/encoding.spec.ts[2m > [22mencodeToSjis[2m > [22mASCII譁・ｭ怜・ 竊・縺昴・縺ｾ縺ｾ・・hift_JIS = ASCII莠呈鋤・・[32m 6[2mms[22m[39m
 [32m笨・[39m tests/unit/kokuhoren-csv/encoding.spec.ts[2m > [22mencodeToSjis[2m > [22m譌･譛ｬ隱槭後≠縲坂・ SJIS 0x82 0xA0[32m 2[2mms[22m[39m
 [32m笨・[39m tests/unit/kokuhoren-csv/encoding.spec.ts[2m > [22mencodeToSjis[2m > [22mCSV陦鯉ｼ域焚蛟､+蠑慕畑隨ｦ莉倥″譌･譛ｬ隱橸ｼ俄・ SJIS螟画鋤蜿ｯ閭ｽ[32m 1[2mms[22m[39m
 [32m笨・[39m tests/unit/kokuhoren-csv/encoding.spec.ts[2m > [22mencodeToSjis[2m > [22m遨ｺ譁・ｭ怜・ 竊・遨ｺUint8Array[32m 1[2mms[22m[39m
 [32m笨・[39m tests/unit/kokuhoren-csv/encoding.spec.ts[2m > [22mencodeToSjis[2m > [22m繧ｫ繝ｳ繝槭→繝繝悶Ν繧ｯ繧ｩ繝ｼ繝医′菫晄戟縺輔ｌ繧・[32m 1[2mms[22m[39m
 [32m笨・[39m tests/unit/kokuhoren-csv/encoding.spec.ts[2m > [22mencodeToSjis[2m > [22m蜊願ｧ偵き繝翫ｂ螟画鋤蜿ｯ閭ｽ[32m 1[2mms[22m[39m
 [32m笨・[39m src/utils/__tests__/cn.test.ts[2m > [22mcn utility[2m > [22mshould combine basic strings[32m 4[2mms[22m[39m
 [32m笨・[39m src/utils/__tests__/cn.test.ts[2m > [22mcn utility[2m > [22mshould handle falsy values[32m 1[2mms[22m[39m
 [32m笨・[39m src/utils/__tests__/cn.test.ts[2m > [22mcn utility[2m > [22mshould handle number 0 correctly (exclude it)[32m 1[2mms[22m[39m
 [32m笨・[39m src/utils/__tests__/cn.test.ts[2m > [22mcn utility[2m > [22mshould handle other numbers[32m 1[2mms[22m[39m
 [32m笨・[39m src/utils/__tests__/cn.test.ts[2m > [22mcn utility[2m > [22mshould handle conditional objects[32m 1[2mms[22m[39m
 [32m笨・[39m src/utils/__tests__/cn.test.ts[2m > [22mcn utility[2m > [22mshould handle nested arrays[32m 1[2mms[22m[39m
 [32m笨・[39m src/utils/__tests__/cn.test.ts[2m > [22mcn utility[2m > [22mshould remove duplicates[32m 1[2mms[22m[39m
 [32m笨・[39m src/utils/__tests__/cn.test.ts[2m > [22mcn utility[2m > [22mshould trim whitespace in strings[32m 1[2mms[22m[39m
 [32m笨・[39m src/utils/__tests__/cn.test.ts[2m > [22mcn utility[2m > [22mshould handle object keys with whitespace[32m 1[2mms[22m[39m
 [32m笨・[39m src/utils/__tests__/cn.test.ts[2m > [22mcn utility[2m > [22mshould handle complex Tailwind usage[32m 1[2mms[22m[39m
 [32m笨・[39m src/features/today/hooks/buildNextActionViewModel.spec.ts[2m > [22mbuildNextActionViewModel[2m > [22mreturns kind=empty when item is null[32m 5[2mms[22m[39m
 [32m笨・[39m src/features/today/hooks/buildNextActionViewModel.spec.ts[2m > [22mbuildNextActionViewModel[2m > [22mreturns kind=active with formatted minutesUntilLabel[32m 1[2mms[22m[39m
 [32m笨・[39m src/features/today/hooks/buildNextActionViewModel.spec.ts[2m > [22mbuildNextActionViewModel[2m > [22mformats minutesUntil with hours[32m 1[2mms[22m[39m
 [32m笨・[39m src/features/today/hooks/buildNextActionViewModel.spec.ts[2m > [22mbuildNextActionViewModel[2m > [22mformats exact hours without minutes suffix[32m 1[2mms[22m[39m
 [32m笨・[39m src/features/today/hooks/buildNextActionViewModel.spec.ts[2m > [22mbuildNextActionViewModel[2m > [22msets owner to null when item has no owner[32m 1[2mms[22m[39m
 [32m笨・[39m src/features/today/hooks/buildNextActionViewModel.spec.ts[2m > [22mbuildNextActionViewModel[2m > [22mreturns overdue minutesUntilLabel for overdue items[32m 1[2mms[22m[39m
 [32m笨・[39m src/features/today/hooks/buildNextActionViewModel.spec.ts[2m > [22mbuildNextActionViewModel[2m > [22mreturns active sceneState for active items[32m 1[2mms[22m[39m
 [32m笨・[39m src/features/today/lib/__tests__/resolvePhase.spec.ts[2m > [22mresolvePhase[2m > [22mresolvePhase(0) 竊・morning[32m 4[2mms[22m[39m
 [32m笨・[39m src/features/today/lib/__tests__/resolvePhase.spec.ts[2m > [22mresolvePhase[2m > [22mresolvePhase(3) 竊・morning[32m 1[2mms[22m[39m
 [32m笨・[39m src/features/today/lib/__tests__/resolvePhase.spec.ts[2m > [22mresolvePhase[2m > [22mresolvePhase(6) 竊・morning[32m 1[2mms[22m[39m
 [32m笨・[39m src/features/today/lib/__tests__/resolvePhase.spec.ts[2m > [22mresolvePhase[2m > [22mresolvePhase(7) 竊・morning[32m 1[2mms[22m[39m
 [32m笨・[39m src/features/today/lib/__tests__/resolvePhase.spec.ts[2m > [22mresolvePhase[2m > [22mresolvePhase(10) 竊・morning[32m 1[2mms[22m[39m
 [32m笨・[39m src/features/today/lib/__tests__/resolvePhase.spec.ts[2m > [22mresolvePhase[2m > [22mresolvePhase(11) 竊・midday[32m 1[2mms[22m[39m
 [32m笨・[39m src/features/today/lib/__tests__/resolvePhase.spec.ts[2m > [22mresolvePhase[2m > [22mresolvePhase(13) 竊・midday[32m 1[2mms[22m[39m
 [32m笨・[39m src/features/today/lib/__tests__/resolvePhase.spec.ts[2m > [22mresolvePhase[2m > [22mresolvePhase(15) 竊・midday[32m 1[2mms[22m[39m
 [32m笨・[39m src/features/today/lib/__tests__/resolvePhase.spec.ts[2m > [22mresolvePhase[2m > [22mresolvePhase(16) 竊・evening[32m 1[2mms[22m[39m
 [32m笨・[39m src/features/today/lib/__tests__/resolvePhase.spec.ts[2m > [22mresolvePhase[2m > [22mresolvePhase(19) 竊・evening[32m 1[2mms[22m[39m
 [32m笨・[39m src/features/today/lib/__tests__/resolvePhase.spec.ts[2m > [22mresolvePhase[2m > [22mresolvePhase(23) 竊・evening[32m 1[2mms[22m[39m
 [32m笨・[39m src/features/dashboard/selectors/__tests__/getPendingUserOrder.spec.ts[2m > [22mgetPendingUserOrder[2m > [22msorts by userId policy[32m 5[2mms[22m[39m
 [32m笨・[39m src/features/dashboard/selectors/__tests__/getPendingUserOrder.spec.ts[2m > [22mgetPendingUserOrder[2m > [22msorts by attendanceToday policy, preserving attendance order[32m 2[2mms[22m[39m
 [32m笨・[39m src/features/dashboard/selectors/__tests__/getPendingUserOrder.spec.ts[2m > [22mgetPendingUserOrder[2m > [22msorts by attendanceToday policy, placing missing attendance users at the end sorted by ID[32m 1[2mms[22m[39m
 [32m笨・[39m src/features/dashboard/selectors/__tests__/getPendingUserOrder.spec.ts[2m > [22mgetPendingUserOrder[2m > [22mfalls back to userId sort when attendanceToday policy is used but no attendance order is provided[32m 1[2mms[22m[39m
 [32m笨・[39m src/features/dashboard/selectors/__tests__/getPendingUserOrder.spec.ts[2m > [22mgetPendingUserOrder[2m > [22mmatches UserIDs across format variants (U-001 vs U001)[32m 1[2mms[22m[39m
 [32m笨・[39m src/features/dashboard/selectors/__tests__/getPendingUserOrder.spec.ts[2m > [22mgetPendingUserOrder[2m > [22mhandles mixed format variants in attendance order (some hyphenated, some not)[32m 1[2mms[22m[39m
 [32m笨・[39m src/features/dashboard/selectors/__tests__/getPendingUserOrder.spec.ts[2m > [22mgetPendingUserOrder[2m > [22mhandles lowercase format variants[32m 1[2mms[22m[39m
 [32m笨・[39m src/features/dashboard/selectors/__tests__/getPendingUserOrder.spec.ts[2m > [22mgetPendingUserOrder[2m > [22mreturns original pending IDs (not normalized) in the result[32m 2[2mms[22m[39m
 [32m笨・[39m src/sharepoint/fields/__tests__/monitoringMeetingFields.drift.spec.ts[2m > [22mMONITORING_MEETING_CANDIDATES 窶・cr014_ 讓呎ｺ門錐[2m > [22m蠢・・繝輔ぅ繝ｼ繝ｫ繝峨′縺吶∋縺ｦ隗｣豎ｺ縺輔ｌ繧・[32m 6[2mms[22m[39m
 [32m笨・[39m src/sharepoint/fields/__tests__/monitoringMeetingFields.drift.spec.ts[2m > [22mMONITORING_MEETING_CANDIDATES 窶・cr014_ 讓呎ｺ門錐[2m > [22mdrift 繝輔Λ繧ｰ縺・false・亥ｮ悟・荳閾ｴ・・[32m 1[2mms[22m[39m
 [32m笨・[39m src/sharepoint/fields/__tests__/monitoringMeetingFields.drift.spec.ts[2m > [22mMONITORING_MEETING_CANDIDATES 窶・cr014_ 讓呎ｺ門錐[2m > [22misHealthy=true[32m 1[2mms[22m[39m
 [32m笨・[39m src/sharepoint/fields/__tests__/monitoringMeetingFields.drift.spec.ts[2m > [22mMONITORING_MEETING_CANDIDATES 窶・cr014_ 繝励Ξ繝輔ぅ繝・け繧ｹ關ｽ縺｡[2m > [22mRecordId 縺・recordId 縺ｨ縺励※隗｣豎ｺ縺輔ｌ繧・[32m 1[2mms[22m[39m
 [32m笨・[39m src/sharepoint/fields/__tests__/monitoringMeetingFields.drift.spec.ts[2m > [22mMONITORING_MEETING_CANDIDATES 窶・cr014_ 繝励Ξ繝輔ぅ繝・け繧ｹ關ｽ縺｡[2m > [22mMeetingDate 縺・meetingDate 縺ｨ縺励※隗｣豎ｺ縺輔ｌ繧・[32m 2[2mms[22m[39m
 [32m笨・[39m src/sharepoint/fields/__tests__/monitoringMeetingFields.drift.spec.ts[2m > [22mMONITORING_MEETING_CANDIDATES 窶・cr014_ 繝励Ξ繝輔ぅ繝・け繧ｹ關ｽ縺｡[2m > [22m3轤ｹ縺吶∋縺ｦ繧ｭ繝｣繝｡繝ｫ繧ｱ繝ｼ繧ｹ蜷阪〒繧・isHealthy=true[32m 1[2mms[22m[39m
 [32m笨・[39m src/sharepoint/fields/__tests__/monitoringMeetingFields.drift.spec.ts[2m > [22mMONITORING_MEETING_CANDIDATES 窶・userId drift[2m > [22mUserId 縺・userId 縺ｨ縺励※隗｣豎ｺ縺輔ｌ繧・[32m 1[2mms[22m[39m
 [32m笨・[39m src/sharepoint/fields/__tests__/monitoringMeetingFields.drift.spec.ts[2m > [22mMONITORING_MEETING_CANDIDATES 窶・userId drift[2m > [22mUserCode 縺・userId 縺ｨ縺励※隗｣豎ｺ縺輔ｌ繧・[32m 1[2mms[22m[39m
 [32m笨・[39m src/sharepoint/fields/__tests__/monitoringMeetingFields.drift.spec.ts[2m > [22mMONITORING_MEETING_CANDIDATES 窶・userId drift[2m > [22mcr014_userId0 (suffix drift) 縺・userId 縺ｨ縺励※隗｣豎ｺ縺輔ｌ繧・[32m 1[2mms[22m[39m
 [32m笨・[39m src/sharepoint/fields/__tests__/monitoringMeetingFields.drift.spec.ts[2m > [22mMONITORING_MEETING_CANDIDATES 窶・meetingDate drift[2m > [22mMeetingDate 縺・meetingDate 縺ｨ縺励※隗｣豎ｺ縺輔ｌ繧・[32m 1[2mms[22m[39m
 [32m笨・[39m src/sharepoint/fields/__tests__/monitoringMeetingFields.drift.spec.ts[2m > [22mMONITORING_MEETING_CANDIDATES 窶・meetingDate drift[2m > [22mcr014_meetingDate0 (suffix drift) 縺・meetingDate 縺ｨ縺励※隗｣豎ｺ縺輔ｌ繧・[32m 1[2mms[22m[39m
 [32m笨・[39m src/sharepoint/fields/__tests__/monitoringMeetingFields.drift.spec.ts[2m > [22mMONITORING_MEETING_ESSENTIALS FAIL/WARN 蠅・阜[2m > [22m蠢・・轤ｹ + optional 縺ｪ縺励〒繧・isHealthy=true[32m 2[2mms[22m[39m
 [32m笨・[39m src/sharepoint/fields/__tests__/monitoringMeetingFields.drift.spec.ts[2m > [22mMONITORING_MEETING_ESSENTIALS FAIL/WARN 蠅・阜[2m > [22mrecordId 縺悟ｮ悟・谺關ｽ縺吶ｌ縺ｰ isHealthy=false・・AIL・・[32m 1[2mms[22m[39m
 [32m笨・[39m src/sharepoint/fields/__tests__/monitoringMeetingFields.drift.spec.ts[2m > [22mMONITORING_MEETING_ESSENTIALS FAIL/WARN 蠅・阜[2m > [22muserId 縺悟ｮ悟・谺關ｽ縺吶ｌ縺ｰ isHealthy=false・・AIL・・[32m 2[2mms[22m[39m
 [32m笨・[39m src/sharepoint/fields/__tests__/monitoringMeetingFields.drift.spec.ts[2m > [22mMONITORING_MEETING_ESSENTIALS FAIL/WARN 蠅・阜[2m > [22mmeetingDate 縺悟ｮ悟・谺關ｽ縺吶ｌ縺ｰ isHealthy=false・・AIL・・[32m 1[2mms[22m[39m
 [32m笨・[39m src/sharepoint/fields/__tests__/monitoringMeetingFields.drift.spec.ts[2m > [22mMONITORING_MEETING_ESSENTIALS FAIL/WARN 蠅・阜[2m > [22mispId 縺梧ｬ關ｽ縺励※繧・isHealthy=true・・ARN 豌ｴ貅悶・optional・・[32m 2[2mms[22m[39m
 [32m笨・[39m src/sharepoint/fields/__tests__/monitoringMeetingFields.drift.spec.ts[2m > [22mMONITORING_MEETING_ESSENTIALS FAIL/WARN 蠅・阜[2m > [22mgoalEvaluationsJson / overallAssessment 谺關ｽ縺ｧ繧・isHealthy=true・・ARN 豌ｴ貅厄ｼ・[32m 1[2mms[22m[39m
 [32m笨・[39m src/features/today/telemetry/summarizeTodayQueue.spec.ts[2m > [22msummarizeTodayQueue[2m > [22msummarizes an empty array correctly[32m 5[2mms[22m[39m
 [32m笨・[39m src/features/today/telemetry/summarizeTodayQueue.spec.ts[2m > [22msummarizeTodayQueue[2m > [22mcorrectly counts priorities[32m 2[2mms[22m[39m
 [32m笨・[39m src/features/today/telemetry/summarizeTodayQueue.spec.ts[2m > [22msummarizeTodayQueue[2m > [22mcorrectly counts overdue and requiresAttention independently of priority[32m 1[2mms[22m[39m
 [32m笨・[39m src/features/today/telemetry/summarizeTodayQueue.spec.ts[2m > [22msummarizeTodayQueue[2m > [22mdoes not mutate the input array[32m 2[2mms[22m[39m
 [32m笨・[39m src/features/today/telemetry/summarizeTodayQueue.spec.ts[2m > [22msummarizeTodayQueue[2m > [22mpreserves the provided timestamp exactly[32m 1[2mms[22m[39m
 [32m笨・[39m src/features/ibd/analysis/pdca/__tests__/dailyMetricsAdapter.test.ts[2m > [22mdailyMetricsAdapter trend functions[2m > [22mreturns current-week metrics when only this week has events[32m 7[2mms[22m[39m
 [32m笨・[39m src/features/ibd/analysis/pdca/__tests__/dailyMetricsAdapter.test.ts[2m > [22mdailyMetricsAdapter trend functions[2m > [22mreturns up trend when current completion rate improves over previous week[32m 2[2mms[22m[39m
 [32m笨・[39m src/features/ibd/analysis/pdca/__tests__/dailyMetricsAdapter.test.ts[2m > [22mdailyMetricsAdapter trend functions[2m > [22mreturns down trend when current completion rate worsens over previous week[32m 1[2mms[22m[39m
 [32m笨・[39m src/features/ibd/analysis/pdca/__tests__/dailyMetricsAdapter.test.ts[2m > [22mdailyMetricsAdapter trend functions[2m > [22mreturns flat trend when difference is inside threshold[32m 1[2mms[22m[39m
 [32m笨・[39m src/features/ibd/analysis/pdca/__tests__/dailyMetricsAdapter.test.ts[2m > [22mdailyMetricsAdapter trend functions[2m > [22muses default completion tolerance for boundary decisions[32m 1[2mms[22m[39m
 [32m笨・[39m src/features/ibd/analysis/pdca/__tests__/dailyMetricsAdapter.test.ts[2m > [22mdailyMetricsAdapter trend functions[2m > [22maggregates month boundary correctly for current and previous month[32m 1[2mms[22m[39m
 [32m笨・[39m src/features/dashboard/logic/__tests__/syncGuardrails.spec.ts[2m > [22msyncGuardrails[2m > [22mcalculateBackoff[2m > [22mreturns 0 for 0 failures[32m 5[2mms[22m[39m
 [32m笨・[39m src/features/dashboard/logic/__tests__/syncGuardrails.spec.ts[2m > [22msyncGuardrails[2m > [22mcalculateBackoff[2m > [22mreturns base for 1 failure[32m 1[2mms[22m[39m
 [32m笨・[39m src/features/dashboard/logic/__tests__/syncGuardrails.spec.ts[2m > [22msyncGuardrails[2m > [22mcalculateBackoff[2m > [22mdoubles for 2 failures[32m 1[2mms[22m[39m
 [32m笨・[39m src/features/dashboard/logic/__tests__/syncGuardrails.spec.ts[2m > [22msyncGuardrails[2m > [22mcalculateBackoff[2m > [22mcaps at max[32m 1[2mms[22m[39m
 [32m笨・[39m src/features/dashboard/logic/__tests__/syncGuardrails.spec.ts[2m > [22msyncGuardrails[2m > [22mshouldSkipSync[2m > [22mreturns true if feature is disabled[32m 1[2mms[22m[39m
 [32m笨・[39m src/features/dashboard/logic/__tests__/syncGuardrails.spec.ts[2m > [22msyncGuardrails[2m > [22mshouldSkipSync[2m > [22mreturns true if SharePoint is disabled[32m 1[2mms[22m[39m
 [32m笨・[39m src/features/dashboard/logic/__tests__/syncGuardrails.spec.ts[2m > [22msyncGuardrails[2m > [22mshouldSkipSync[2m > [22mreturns true if cooling down[32m 1[2mms[22m[39m
 [32m笨・[39m src/features/dashboard/logic/__tests__/syncGuardrails.spec.ts[2m > [22msyncGuardrails[2m > [22mshouldSkipSync[2m > [22mreturns false if allowed[32m 1[2mms[22m[39m
 [32m笨・[39m src/features/dashboard/logic/__tests__/syncGuardrails.spec.ts[2m > [22msyncGuardrails[2m > [22mcalculateRetryAfterTimestamp[2m > [22madds backoff to now[32m 1[2mms[22m[39m
 [32m笨・[39m tests/unit/service-provision/absentSupportLog.spec.ts[2m > [22mformatAbsentSupportNote[2m > [22m蜈ｨ鬆・岼蜈･蜉・竊・螳悟・繝輔か繝ｼ繝槭ャ繝・[32m 5[2mms[22m[39m
 [32m笨・[39m tests/unit/service-provision/absentSupportLog.spec.ts[2m > [22mformatAbsentSupportNote[2m > [22m遨ｺ繝輔ぅ繝ｼ繝ｫ繝・竊・・域悴蜈･蜉幢ｼ芽｡ｨ遉ｺ[32m 1[2mms[22m[39m
 [32m笨・[39m tests/unit/service-provision/absentSupportLog.spec.ts[2m > [22mformatAbsentSupportNote[2m > [22m荳埼壹・蝣ｴ蜷・竊・[荳埼咯 陦ｨ遉ｺ[32m 1[2mms[22m[39m
 [32m笨・[39m tests/unit/service-provision/absentSupportLog.spec.ts[2m > [22mbuildNoteWithAbsentLog[2m > [22m繝ｭ繧ｰ縺ゅｊ + 繝｡繝｢縺ゅｊ 竊・繝ｭ繧ｰ蜈・+ 蛹ｺ蛻・ｊ邱・+ 繝｡繝｢[32m 1[2mms[22m[39m
 [32m笨・[39m tests/unit/service-provision/absentSupportLog.spec.ts[2m > [22mbuildNoteWithAbsentLog[2m > [22m繝ｭ繧ｰ縺ゅｊ + 繝｡繝｢縺ｪ縺・竊・繝ｭ繧ｰ縺ｮ縺ｿ[32m 1[2mms[22m[39m
 [32m笨・[39m tests/unit/service-provision/absentSupportLog.spec.ts[2m > [22mbuildNoteWithAbsentLog[2m > [22m繝ｭ繧ｰ縺ｪ縺・竊・繝｡繝｢縺ｮ縺ｿ[32m 1[2mms[22m[39m
 [32m笨・[39m tests/unit/service-provision/absentSupportLog.spec.ts[2m > [22mformatAbsentSupportBrief[2m > [22m蜈ｨ鬆・岼 竊・遏ｭ邵ｮ3陦・[32m 1[2mms[22m[39m
 [32m笨・[39m tests/unit/service-provision/absentSupportLog.spec.ts[2m > [22mformatAbsentSupportBrief[2m > [22m荳埼・竊・[荳埼咯 陦ｨ遉ｺ[32m 1[2mms[22m[39m
 [32m笨・[39m src/domain/regulatory/__tests__/findingEvidenceSummary.spec.ts[2m > [22mresolveFindingEvidence[2m > [22mreturns evidence summary when sheet has iceberg data[32m 5[2mms[22m[39m
 [32m笨・[39m src/domain/regulatory/__tests__/findingEvidenceSummary.spec.ts[2m > [22mresolveFindingEvidence[2m > [22mreturns "no evidence" when sheet has 0 sessions[32m 1[2mms[22m[39m
 [32m笨・[39m src/domain/regulatory/__tests__/findingEvidenceSummary.spec.ts[2m > [22mresolveFindingEvidence[2m > [22mreturns empty when planningSheetId is undefined[32m 1[2mms[22m[39m
 [32m笨・[39m src/domain/regulatory/__tests__/findingEvidenceSummary.spec.ts[2m > [22mresolveFindingEvidence[2m > [22mreturns empty when icebergData is null[32m 1[2mms[22m[39m
 [32m笨・[39m src/domain/regulatory/__tests__/findingEvidenceSummary.spec.ts[2m > [22mresolveFindingEvidence[2m > [22mreturns "no evidence" when sheet is not in evidence data[32m 1[2mms[22m[39m
 [32m笨・[39m src/domain/regulatory/__tests__/findingEvidenceSummary.spec.ts[2m > [22mresolveAllFindingEvidence[2m > [22mreturns a map of all finding evidence[32m 1[2mms[22m[39m
 [32m笨・[39m src/domain/regulatory/__tests__/findingEvidenceSummary.spec.ts[2m > [22mresolveAllFindingEvidence[2m > [22mreturns empty map for empty findings[32m 1[2mms[22m[39m
 [32m笨・[39m src/domain/regulatory/__tests__/findingEvidenceSummary.spec.ts[2m > [22mresolveAllFindingEvidence[2m > [22mhandles null icebergData gracefully[32m 1[2mms[22m[39m
 [32m笨・[39m tests/unit/uuid.spec.ts[2m > [22msafeRandomUUID[2m > [22mreturns a UUID-looking string (generic smoke)[32m 5[2mms[22m[39m
 [32m笨・[39m tests/unit/uuid.spec.ts[2m > [22msafeRandomUUID[2m > [22muses native crypto.randomUUID when present (spied)[32m 2[2mms[22m[39m
 [32m笨・[39m tests/unit/uuid.spec.ts[2m > [22msafeRandomUUID[2m > [22mprefers injected implementation over native[32m 1[2mms[22m[39m
 [32m笨・[39m tests/unit/uuid.spec.ts[2m > [22msafeRandomUUID[2m > [22mfalls back to crypto.getRandomValues when randomUUID is missing[32m 1[2mms[22m[39m
 [32m笨・[39m tests/unit/uuid.spec.ts[2m > [22msafeRandomUUID[2m > [22muses Math.random fallback when crypto is unavailable[32m 1[2mms[22m[39m
 [32m笨・[39m src/features/schedules/utils/__tests__/scheduleAnnouncements.test.ts[2m > [22mscheduleAnnouncements[2m > [22mincludes user name, time range, and service label on success[32m 7[2mms[22m[39m
 [32m笨・[39m src/features/schedules/utils/__tests__/scheduleAnnouncements.test.ts[2m > [22mscheduleAnnouncements[2m > [22mfalls back to title when user name is missing[32m 1[2mms[22m[39m
 [32m笨・[39m src/features/schedules/utils/__tests__/scheduleAnnouncements.test.ts[2m > [22mscheduleAnnouncements[2m > [22mexpresses failure with context[32m 1[2mms[22m[39m
 [32m笨・[39m src/features/schedules/utils/__tests__/scheduleAnnouncements.test.ts[2m > [22mscheduleAnnouncements[2m > [22mtreats identical start/end timestamps as all-day[32m 1[2mms[22m[39m
 [32m笨・[39m src/auth/__tests__/roles.spec.ts[2m > [22mcanAccess[2m > [22mcanAccess(admin, admin) should be true[32m 5[2mms[22m[39m
 [32m笨・[39m src/auth/__tests__/roles.spec.ts[2m > [22mcanAccess[2m > [22mcanAccess(admin, reception) should be true[32m 1[2mms[22m[39m
 [32m笨・[39m src/auth/__tests__/roles.spec.ts[2m > [22mcanAccess[2m > [22mcanAccess(admin, viewer) should be true[32m 2[2mms[22m[39m
 [32m笨・[39m src/auth/__tests__/roles.spec.ts[2m > [22mcanAccess[2m > [22mcanAccess(reception, admin) should be false[32m 1[2mms[22m[39m
 [32m笨・[39m src/auth/__tests__/roles.spec.ts[2m > [22mcanAccess[2m > [22mcanAccess(reception, reception) should be true[32m 1[2mms[22m[39m
 [32m笨・[39m src/auth/__tests__/roles.spec.ts[2m > [22mcanAccess[2m > [22mcanAccess(reception, viewer) should be true[32m 1[2mms[22m[39m
 [32m笨・[39m src/auth/__tests__/roles.spec.ts[2m > [22mcanAccess[2m > [22mcanAccess(viewer, admin) should be false[32m 1[2mms[22m[39m
 [32m笨・[39m src/auth/__tests__/roles.spec.ts[2m > [22mcanAccess[2m > [22mcanAccess(viewer, reception) should be false[32m 0[2mms[22m[39m
 [32m笨・[39m src/auth/__tests__/roles.spec.ts[2m > [22mcanAccess[2m > [22mcanAccess(viewer, viewer) should be true[32m 1[2mms[22m[39m
 [32m笨・[39m src/auth/__tests__/roles.spec.ts[2m > [22mcanAccess[2m > [22mshould enforce strict hierarchy: admin > reception > viewer[32m 1[2mms[22m[39m
 [32m笨・[39m src/domain/timeline/__tests__/ispAdapter.spec.ts[2m > [22mispToTimelineEvent[2m > [22m蝓ｺ譛ｬ螟画鋤: id, source, userId 縺梧ｭ｣縺励＞[32m 6[2mms[22m[39m
 [32m笨・[39m src/domain/timeline/__tests__/ispAdapter.spec.ts[2m > [22mispToTimelineEvent[2m > [22moccurredAt 縺ｫ createdAt 縺御ｽｿ繧上ｌ繧・[32m 1[2mms[22m[39m
 [32m笨・[39m src/domain/timeline/__tests__/ispAdapter.spec.ts[2m > [22mispToTimelineEvent[2m > [22mseverity 縺ｯ蟶ｸ縺ｫ info[32m 1[2mms[22m[39m
 [32m笨・[39m src/domain/timeline/__tests__/ispAdapter.spec.ts[2m > [22mispToTimelineEvent[2m > [22mtitle 縺ｫ繧ｹ繝・・繧ｿ繧ｹ縺ｮ譌･譛ｬ隱槭Λ繝吶Ν縺悟性縺ｾ繧後ｋ[32m 1[2mms[22m[39m
 [32m笨・[39m src/domain/timeline/__tests__/ispAdapter.spec.ts[2m > [22mispToTimelineEvent[2m > [22mtitle: assessment 竊・繧｢繧ｻ繧ｹ繝｡繝ｳ繝・[32m 1[2mms[22m[39m
 [32m笨・[39m src/domain/timeline/__tests__/ispAdapter.spec.ts[2m > [22mispToTimelineEvent[2m > [22mtitle: monitoring 竊・繝｢繝九ち繝ｪ繝ｳ繧ｰ[32m 1[2mms[22m[39m
 [32m笨・[39m src/domain/timeline/__tests__/ispAdapter.spec.ts[2m > [22mispToTimelineEvent[2m > [22mmeta 縺ｫ status 縺ｨ version 縺悟性縺ｾ繧後ｋ[32m 1[2mms[22m[39m
 [32m笨・[39m src/features/today/domain/__tests__/buildTodayActionQueue.spec.ts[2m > [22mbuildTodayActionQueue[2m > [22m[P0 Top Priority] P0 縺ｯ縺ｩ繧薙↑ P2 繧医ｊ繧ょ・鬆ｭ縺ｫ譚･繧・[32m 5[2mms[22m[39m
 [32m笨・[39m src/features/today/domain/__tests__/buildTodayActionQueue.spec.ts[2m > [22mbuildTodayActionQueue[2m > [22m[Completion Filtering] 螳御ｺ・ｸ医∩縺ｯ邨先棡縺九ｉ髯､螟悶＆繧後ｋ[32m 3[2mms[22m[39m
 [32m笨・[39m src/features/today/domain/__tests__/buildTodayActionQueue.spec.ts[2m > [22mbuildTodayActionQueue[2m > [22m[Staff Allocation] 蜷檎せ譎ゅ・諡・ｽ謎ｸ閾ｴ縺悟・縺ｫ譚･繧・[32m 1[2mms[22m[39m
 [32m笨・[39m src/features/today/domain/__tests__/buildTodayActionQueue.spec.ts[2m > [22mbuildTodayActionQueue[2m > [22m[Time Travel] now 縺ｫ繧医▲縺ｦ鬆・ｺ上→ overdue 縺悟､牙喧縺吶ｋ[32m 1[2mms[22m[39m
 [32m笨・[39m src/features/today/domain/__tests__/buildTodayActionQueue.spec.ts[2m > [22mbuildTodayActionQueue[2m > [22m[SLA Escalation] 14:00螳御ｺ・ｸ医∩縺ｪ繧・15:00 縺ｮ SLA雜・℃繧ｿ繧ｹ繧ｯ縺悟・鬆ｭ蛹悶☆繧・[32m 1[2mms[22m[39m
 [32m笨・[39m src/auth/__tests__/scopes.spec.ts[2m > [22mbuildMsalScopes[2m > [22mshould return configured scopes when VITE_MSAL_SCOPES is set[32m 5[2mms[22m[39m
 [32m笨・[39m src/auth/__tests__/scopes.spec.ts[2m > [22mbuildMsalScopes[2m > [22mshould fall back to login scopes + SP default when no configured scopes[32m 1[2mms[22m[39m
 [32m笨・[39m src/auth/__tests__/scopes.spec.ts[2m > [22mbuildMsalScopes[2m > [22mshould deduplicate scopes[32m 1[2mms[22m[39m
 [32m笨・[39m src/auth/__tests__/scopes.spec.ts[2m > [22mbuildMsalScopes[2m > [22mshould filter out empty/whitespace scopes[32m 1[2mms[22m[39m
 [32m笨・[39m src/auth/__tests__/scopes.spec.ts[2m > [22mbuildMsalScopes[2m > [22mshould return empty array when no scopes available[32m 1[2mms[22m[39m
 [32m笨・[39m src/auth/__tests__/scopes.spec.ts[2m > [22mbuildMsalScopes[2m > [22mshould return login scopes only when SP default is not set[32m 1[2mms[22m[39m
 [32m笨・[39m src/features/today/telemetry/todayQueueTelemetryStore.spec.ts[2m > [22mtodayQueueTelemetryStore[2m > [22mstarts with empty samples[32m 5[2mms[22m[39m
 [32m笨・[39m src/features/today/telemetry/todayQueueTelemetryStore.spec.ts[2m > [22mtodayQueueTelemetryStore[2m > [22mcan push a sample[32m 3[2mms[22m[39m
 [32m笨・[39m src/features/today/telemetry/todayQueueTelemetryStore.spec.ts[2m > [22mtodayQueueTelemetryStore[2m > [22mcan clear samples[32m 1[2mms[22m[39m
 [32m笨・[39m src/features/today/telemetry/todayQueueTelemetryStore.spec.ts[2m > [22mtodayQueueTelemetryStore[2m > [22mretrieves the last pushed sample using selectLatestTodayQueueSample[32m 1[2mms[22m[39m
 [32m笨・[39m src/features/today/telemetry/todayQueueTelemetryStore.spec.ts[2m > [22mtodayQueueTelemetryStore[2m > [22mtruncates to exactly MAX_TELEMETRY_SAMPLES (100) and drops the oldest[32m 2[2mms[22m[39m
 [32m笨・[39m src/features/regulatory/__tests__/assignmentQualificationChecker.spec.ts[2m > [22mfindUsersWithUnqualifiedAssignment[2m > [22m蟇ｾ雎｡閠・′遨ｺ縺ｮ蝣ｴ蜷医∫ｩｺ繧定ｿ斐☆[32m 5[2mms[22m[39m
 [32m笨・[39m src/features/regulatory/__tests__/assignmentQualificationChecker.spec.ts[2m > [22mfindUsersWithUnqualifiedAssignment[2m > [22m蝓ｺ遉守比ｿｮ菫ｮ莠・・蜩｡縺碁・鄂ｮ縺輔ｌ縺ｦ縺・ｋ蝣ｴ蜷医∽ｸ崎ｶｳ縺ｪ縺・[32m 1[2mms[22m[39m
 [32m笨・[39m src/features/regulatory/__tests__/assignmentQualificationChecker.spec.ts[2m > [22mfindUsersWithUnqualifiedAssignment[2m > [22m螳溯ｷｵ遐比ｿｮ菫ｮ莠・・蜩｡繧る←譬ｼ縺ｨ縺ｿ縺ｪ縺・[32m 1[2mms[22m[39m
 [32m笨・[39m src/features/regulatory/__tests__/assignmentQualificationChecker.spec.ts[2m > [22mfindUsersWithUnqualifiedAssignment[2m > [22m雉・ｼ縺ｪ縺嶺ｸｻ諡・ｽ薙′縺・ｋ蝣ｴ蜷医∽ｸ崎ｶｳ繧呈､懷・縺吶ｋ[32m 1[2mms[22m[39m
 [32m笨・[39m src/features/regulatory/__tests__/assignmentQualificationChecker.spec.ts[2m > [22mfindUsersWithUnqualifiedAssignment[2m > [22m蜑ｯ諡・ｽ難ｼ・ub・峨・雉・ｼ繝√ぉ繝・け蟇ｾ雎｡螟・[32m 1[2mms[22m[39m
 [32m笨・[39m src/features/regulatory/__tests__/assignmentQualificationChecker.spec.ts[2m > [22mfindUsersWithUnqualifiedAssignment[2m > [22m驟咲ｽｮ邨ゆｺ・ｸ医∩縺ｮ閨ｷ蜩｡縺ｯ髯､螟悶☆繧・[32m 1[2mms[22m[39m
 [32m笨・[39m src/features/regulatory/__tests__/assignmentQualificationChecker.spec.ts[2m > [22mfindUsersWithUnqualifiedAssignment[2m > [22m隍・焚蛻ｩ逕ｨ閠・ｒ蛟句挨縺ｫ蛻､螳壹☆繧・[32m 1[2mms[22m[39m
 [32m笨・[39m src/features/regulatory/__tests__/assignmentQualificationChecker.spec.ts[2m > [22mfindUsersWithUnqualifiedAssignment[2m > [22m雉・ｼ諠・ｱ縺後↑縺・・蜩｡縺ｯ荳崎ｶｳ謇ｱ縺・[32m 1[2mms[22m[39m
 [32m笨・[39m tests/unit/msal.spec.ts[2m > [22mmsal helpers[2m > [22mcreates a deterministic E2E account stub[32m 6[2mms[22m[39m
 [32m笨・[39m tests/unit/msal.spec.ts[2m > [22mmsal helpers[2m > [22mskips persistence when window is not available[32m 2[2mms[22m[39m
 [32m笨・[39m tests/unit/msal.spec.ts[2m > [22mmsal helpers[2m > [22mstores token in sessionStorage when available[32m 2[2mms[22m[39m
 [32m笨・[39m tests/unit/msal.spec.ts[2m > [22mmsal helpers[2m > [22mswallows storage exceptions during persistence[32m 2[2mms[22m[39m
 [32m笨・[39m src/features/staff/attendance/__tests__/summary.spec.ts[2m > [22mstaff attendance summary[2m > [22mcountByStatus counts and normalizes blanks[32m 5[2mms[22m[39m
 [32m笨・[39m src/features/staff/attendance/__tests__/summary.spec.ts[2m > [22mstaff attendance summary[2m > [22mbuildMonthlySummary returns totals + unique staff count + derived counts[32m 2[2mms[22m[39m
 [32m笨・[39m src/features/staff/attendance/__tests__/summary.spec.ts[2m > [22mstaff attendance summary[2m > [22mbuildStaffBreakdown groups by staff and sorts by absence/late/total[32m 2[2mms[22m[39m
 [32m笨・[39m src/features/staff/attendance/__tests__/summary.spec.ts[2m > [22mstaff attendance summary[2m > [22mlistAllStatuses returns sorted status keys[32m 2[2mms[22m[39m
 [32m笨・[39m tests/unit/mappers.title-fallback.spec.ts[2m > [22mmappers 窶・note fallbacks and trimming[2m > [22mprefers the primary note field and trims whitespace[32m 8[2mms[22m[39m
 [32m笨・[39m tests/unit/mappers.title-fallback.spec.ts[2m > [22mmappers 窶・note fallbacks and trimming[2m > [22mfalls back to legacy Notes when primary fields are blank[32m 2[2mms[22m[39m
 [32m笨・[39m src/features/daily/domain/mappers/__tests__/mapToTableViewModel.spec.ts[2m > [22mmapToTableViewModel[2m > [22mnormalizeDailyRecord[2m > [22m谺謳阪ヵ繧｣繝ｼ繝ｫ繝峨ｒ螳牙・縺ｪ繝・ヵ繧ｩ繝ｫ繝亥､縺ｧ陬懷ｮ後☆繧・[32m 5[2mms[22m[39m
 [32m笨・[39m src/features/daily/domain/mappers/__tests__/mapToTableViewModel.spec.ts[2m > [22mmapToTableViewModel[2m > [22mnormalizeDailyRecord[2m > [22m荳崎ｦ√↑遨ｺ逋ｽ繧偵ヨ繝ｪ繝縺吶ｋ[32m 1[2mms[22m[39m
 [32m笨・[39m src/features/daily/domain/mappers/__tests__/mapToTableViewModel.spec.ts[2m > [22mmapToTableViewModel[2m > [22mtoTableRowViewModel[2m > [22m繝ｦ繝ｼ繧ｶ繝ｼ諠・ｱ縺ｨ邨仙粋縺・ViewModel 繧堤函謌舌☆繧・[32m 1[2mms[22m[39m
 [32m笨・[39m src/features/daily/domain/mappers/__tests__/mapToTableViewModel.spec.ts[2m > [22mmapToTableViewModel[2m > [22mtoTableRowViewModel[2m > [22m繝槭せ繧ｿ繝ｼ縺ｫ繝ｦ繝ｼ繧ｶ繝ｼ縺悟ｭ伜惠縺励↑縺・ｴ蜷医ヵ繧ｩ繝ｼ繝ｫ繝舌ャ繧ｯ縺吶ｋ[32m 1[2mms[22m[39m
 [32m笨・[39m src/features/daily/domain/mappers/__tests__/mapToTableViewModel.spec.ts[2m > [22mmapToTableViewModel[2m > [22mmapToTableViewModel (荳諡ｬ蜃ｦ逅・[2m > [22m繝ｪ繧ｹ繝亥・菴薙ｒ螟画鋤縺励∵律莉倬剄鬆・・蜷榊燕譏・・〒繧ｽ繝ｼ繝医☆繧・[32m 4[2mms[22m[39m
 [32m笨・[39m src/features/safety/__tests__/complianceTypes.spec.ts[2m > [22msafety compliance dashboard types[2m > [22mreturns good when requirement is met[32m 7[2mms[22m[39m
 [32m笨・[39m src/features/safety/__tests__/complianceTypes.spec.ts[2m > [22msafety compliance dashboard types[2m > [22mreturns critical when unmet and deadline is within 30 days[32m 2[2mms[22m[39m
 [32m笨・[39m src/features/safety/__tests__/complianceTypes.spec.ts[2m > [22msafety compliance dashboard types[2m > [22mreturns warning when unmet without urgent deadline[32m 1[2mms[22m[39m
 [32m笨・[39m src/features/safety/__tests__/complianceTypes.spec.ts[2m > [22msafety compliance dashboard types[2m > [22mexposes consistent labels and colors[32m 1[2mms[22m[39m
 [32m笨・[39m tests/unit/utils.datetime.gaps.spec.ts[2m > [22mutils/datetime branch coverage[2m > [22mreturns fallback when both inputs are invalid[32m 5[2mms[22m[39m
 [32m笨・[39m tests/unit/utils.datetime.gaps.spec.ts[2m > [22mutils/datetime branch coverage[2m > [22mignores invalid Date instances while formatting valid end date[32m 2[2mms[22m[39m
 [32m笨・[39m tests/unit/utils.datetime.gaps.spec.ts[2m > [22mutils/datetime branch coverage[2m > [22maccepts options object as second argument and applies rounding[32m 1[2mms[22m[39m
 [32m笨・[39m tests/unit/utils.datetime.gaps.spec.ts[2m > [22mutils/datetime branch coverage[2m > [22mfalls back to placeholder parts when formatter omits values[32m 2[2mms[22m[39m
 [32m笨・[39m tests/unit/audit.catch-paths.spec.ts[2m > [22maudit catch paths[2m > [22mlogs and swallows errors when localStorage.setItem throws during pushAudit[32m 9[2mms[22m[39m
 [32m笨・[39m tests/unit/audit.catch-paths.spec.ts[2m > [22maudit catch paths[2m > [22mlogs when retainAuditWhere cannot persist filtered audit log[32m 2[2mms[22m[39m
 [32m笨・[39m src/domain/timeline/__tests__/dailyAdapter.spec.ts[2m > [22mdailyToTimelineEvent[2m > [22mA蝙九Ξ繧ｳ繝ｼ繝峨ｒ螟画鋤: id, source, title 縺梧ｭ｣縺励＞[32m 6[2mms[22m[39m
 [32m笨・[39m src/domain/timeline/__tests__/dailyAdapter.spec.ts[2m > [22mdailyToTimelineEvent[2m > [22mB蝙九Ξ繧ｳ繝ｼ繝峨ｒ螟画鋤: title 縺ｫ縲瑚ｻｸ蛻･縲阪′蜷ｫ縺ｾ繧後ｋ[32m 1[2mms[22m[39m
 [32m笨・[39m src/domain/timeline/__tests__/dailyAdapter.spec.ts[2m > [22mdailyToTimelineEvent[2m > [22moccurredAt 縺ｯ date 縺ｫ T00:00:00 繧剃ｻ伜刈[32m 1[2mms[22m[39m
 [32m笨・[39m src/domain/timeline/__tests__/dailyAdapter.spec.ts[2m > [22mdailyToTimelineEvent[2m > [22mA蝙・ specialNotes 縺・description 縺ｫ蜈･繧・[32m 1[2mms[22m[39m
 [32m笨・[39m src/domain/timeline/__tests__/dailyAdapter.spec.ts[2m > [22mdailyToTimelineEvent[2m > [22mB蝙・ notes 縺・description 縺ｫ蜈･繧・[32m 1[2mms[22m[39m
 [32m笨・[39m src/domain/timeline/__tests__/dailyAdapter.spec.ts[2m > [22mdailyToTimelineEvent[2m > [22mdescription 縺檎ｩｺ縺ｮ縺ｨ縺阪・ undefined[32m 1[2mms[22m[39m
 [32m笨・[39m src/domain/timeline/__tests__/dailyAdapter.spec.ts[2m > [22mdailyToTimelineEvent[2m > [22mmeta 縺ｫ kind 縺ｨ status 縺悟性縺ｾ繧後ｋ[32m 1[2mms[22m[39m
 [32m笨・[39m tests/unit/useLastSync.spec.ts[2m > [22museLastSync telemetry store[2m > [22mstarts idle with no history[32m 7[2mms[22m[39m
 [32m笨・[39m tests/unit/useLastSync.spec.ts[2m > [22museLastSync telemetry store[2m > [22mformats captions for pending and success states[32m 2[2mms[22m[39m
 [32m笨・[39m tests/unit/useLastSync.spec.ts[2m > [22museLastSync telemetry store[2m > [22mcaptures failure details and recovers on next success[32m 2[2mms[22m[39m
[90mstdout[2m | src/features/operation-hub/logic/__tests__/timelineLogic.spec.ts
[22m[39m[MSAL ENV] Validated successfully

 [32m笨・[39m src/features/daily/__tests__/MonitoringCountdown.spec.ts[2m > [22mcomputeMonitoringCycle・亥茜逕ｨ閠・挨繧｢繧ｻ繧ｹ繝｡繝ｳ繝郁ｵｷ轤ｹ・・[2m > [22m繧｢繧ｻ繧ｹ繝｡繝ｳ繝域律 2026-01-15 竊・谺｡蝗・2026-04-15[32m 6[2mms[22m[39m
 [32m笨・[39m src/features/daily/__tests__/MonitoringCountdown.spec.ts[2m > [22mcomputeMonitoringCycle・亥茜逕ｨ閠・挨繧｢繧ｻ繧ｹ繝｡繝ｳ繝郁ｵｷ轤ｹ・・[2m > [22m繧｢繧ｻ繧ｹ繝｡繝ｳ繝域律 2026-02-10 竊・谺｡蝗・2026-05-10[32m 1[2mms[22m[39m
 [32m笨・[39m src/features/daily/__tests__/MonitoringCountdown.spec.ts[2m > [22mcomputeMonitoringCycle・亥茜逕ｨ閠・挨繧｢繧ｻ繧ｹ繝｡繝ｳ繝郁ｵｷ轤ｹ・・[2m > [22m谺｡蝗槭ｒ驕弱℃縺ｦ縺・◆繧芽・蜍慕噪縺ｫ谺｡縺ｮ繧ｵ繧､繧ｯ繝ｫ縺ｸ騾ｲ繧[32m 1[2mms[22m[39m
 [32m笨・[39m src/features/daily/__tests__/MonitoringCountdown.spec.ts[2m > [22mcomputeMonitoringCycle・亥茜逕ｨ閠・挨繧｢繧ｻ繧ｹ繝｡繝ｳ繝郁ｵｷ轤ｹ・・[2m > [22m迴ｾ蝨ｨ譌･縺後い繧ｻ繧ｹ繝｡繝ｳ繝域律繧医ｊ蜑阪・蝣ｴ蜷・[32m 1[2mms[22m[39m
 [32m笨・[39m src/features/daily/__tests__/MonitoringCountdown.spec.ts[2m > [22mcomputeMonitoringCycle・亥茜逕ｨ閠・挨繧｢繧ｻ繧ｹ繝｡繝ｳ繝郁ｵｷ轤ｹ・・[2m > [22m縺｡繧・≧縺ｩ繧ｵ繧､繧ｯ繝ｫ蠅・阜譌･縺ｮ蝣ｴ蜷・[32m 1[2mms[22m[39m
 [32m笨・[39m src/features/daily/__tests__/MonitoringCountdown.spec.ts[2m > [22mcomputeMonitoringCycle・亥茜逕ｨ閠・挨繧｢繧ｻ繧ｹ繝｡繝ｳ繝郁ｵｷ轤ｹ・・[2m > [22mprogress 縺ｯ 0-100 縺ｮ遽・峇蜀・[32m 1[2mms[22m[39m
 [32m笨・[39m src/features/daily/__tests__/MonitoringCountdown.spec.ts[2m > [22mcomputeMonitoringCycle・亥茜逕ｨ閠・挨繧｢繧ｻ繧ｹ繝｡繝ｳ繝郁ｵｷ轤ｹ・・[2m > [22m譛域忰譌･縺ｮ繧｢繧ｻ繧ｹ繝｡繝ｳ繝域律繧よｭ｣縺励￥蜃ｦ逅・＆繧後ｋ・・/31 竊・4/30・・[32m 1[2mms[22m[39m
 [32m笨・[39m src/features/today/domain/__tests__/sortRingsByPriority.spec.ts[2m > [22msortRingsByPriority[2m > [22mmoves attention items to front[32m 6[2mms[22m[39m
 [32m笨・[39m src/features/today/domain/__tests__/sortRingsByPriority.spec.ts[2m > [22msortRingsByPriority[2m > [22mpreserves order within same status[32m 1[2mms[22m[39m
 [32m笨・[39m src/features/today/domain/__tests__/sortRingsByPriority.spec.ts[2m > [22msortRingsByPriority[2m > [22mkeeps order when all complete[32m 1[2mms[22m[39m
 [32m笨・[39m src/features/today/domain/__tests__/sortRingsByPriority.spec.ts[2m > [22msortRingsByPriority[2m > [22mhandles multiple attention items[32m 1[2mms[22m[39m
 [32m笨・[39m src/features/today/domain/__tests__/sortRingsByPriority.spec.ts[2m > [22msortRingsByPriority[2m > [22mdoes not mutate the original array[32m 1[2mms[22m[39m
 [32m笨・[39m src/features/today/domain/__tests__/sortRingsByPriority.spec.ts[2m > [22msortRingsByPriority[2m > [22mhandles empty array[32m 1[2mms[22m[39m
 [32m笨・[39m src/features/today/domain/__tests__/sortRingsByPriority.spec.ts[2m > [22msortRingsByPriority[2m > [22mhandles single item[32m 1[2mms[22m[39m
 [32m笨・[39m src/features/action-engine/telemetry/__tests__/suggestionDeepLinkTracker.spec.ts[2m > [22msuggestionDeepLinkTracker[2m > [22mCTA click 繧・pending 菫晏ｭ倥＠縲∽ｸ閾ｴ繝ｫ繝ｼ繝医〒蛻ｰ驕斐ｒ consume 縺ｧ縺阪ｋ[32m 6[2mms[22m[39m
 [32m笨・[39m src/features/action-engine/telemetry/__tests__/suggestionDeepLinkTracker.spec.ts[2m > [22msuggestionDeepLinkTracker[2m > [22m荳堺ｸ閾ｴ繝ｫ繝ｼ繝医〒縺ｯ pending 繧堤ｶｭ謖√＠縲∽ｸ閾ｴ譎ゅ↓豸郁ｲｻ縺吶ｋ[32m 2[2mms[22m[39m
 [32m笨・[39m src/features/action-engine/telemetry/__tests__/suggestionDeepLinkTracker.spec.ts[2m > [22msuggestionDeepLinkTracker[2m > [22mTTL 邨碁℃蠕後・ pending 縺ｯ遐ｴ譽・＆繧後ｋ[32m 1[2mms[22m[39m
 [32m笨・[39m src/features/action-engine/telemetry/__tests__/suggestionDeepLinkTracker.spec.ts[2m > [22msuggestionDeepLinkTracker[2m > [22mnon-CTA event 縺ｯ pending 繧剃ｿ晏ｭ倥＠縺ｪ縺・[32m 1[2mms[22m[39m
 [32m笨・[39m src/features/attendance/__tests__/useAttendanceActions.classify.spec.ts[2m > [22mclassifyAttendanceError[2m > [22mreturns CONFLICT for status 409/412[32m 5[2mms[22m[39m
 [32m笨・[39m src/features/attendance/__tests__/useAttendanceActions.classify.spec.ts[2m > [22mclassifyAttendanceError[2m > [22mreturns THROTTLED for status 429/503[32m 1[2mms[22m[39m
 [32m笨・[39m src/features/attendance/__tests__/useAttendanceActions.classify.spec.ts[2m > [22mclassifyAttendanceError[2m > [22mreturns NETWORK for network-like fetch error[32m 1[2mms[22m[39m
 [32m笨・[39m src/features/attendance/__tests__/useAttendanceActions.classify.spec.ts[2m > [22mclassifyAttendanceError[2m > [22mreturns UNKNOWN when no known status or network signature exists[32m 1[2mms[22m[39m
 [32m笨・[39m src/features/attendance/__tests__/useAttendanceActions.classify.spec.ts[2m > [22misAttendanceError[2m > [22mdetects classified attendance error objects[32m 1[2mms[22m[39m
 [32m笨・[39m src/features/attendance/__tests__/useAttendanceActions.classify.spec.ts[2m > [22misAttendanceError[2m > [22mrejects non-classified objects[32m 1[2mms[22m[39m
[90mstdout[2m | src/features/monitoring/repositories/sharepoint/__tests__/SharePointMonitoringMeetingRepository.drift.spec.ts
[22m[39m[MSAL ENV] Validated successfully

 [32m笨・[39m tests/unit/normalizeUserId.spec.ts[2m > [22mnormalizeUserId[2m > [22mstrips hyphens[32m 4[2mms[22m[39m
 [32m笨・[39m tests/unit/normalizeUserId.spec.ts[2m > [22mnormalizeUserId[2m > [22muppercases lowercase input[32m 1[2mms[22m[39m
 [32m笨・[39m tests/unit/normalizeUserId.spec.ts[2m > [22mnormalizeUserId[2m > [22mtrims whitespace[32m 1[2mms[22m[39m
 [32m笨・[39m tests/unit/normalizeUserId.spec.ts[2m > [22mnormalizeUserId[2m > [22mstrips all non-alphanumeric characters[32m 1[2mms[22m[39m
 [32m笨・[39m tests/unit/normalizeUserId.spec.ts[2m > [22mnormalizeUserId[2m > [22mis idempotent[32m 1[2mms[22m[39m
 [32m笨・[39m tests/unit/normalizeUserId.spec.ts[2m > [22mnormalizeUserId[2m > [22mhandles numeric-only IDs[32m 1[2mms[22m[39m
 [32m笨・[39m tests/unit/normalizeUserId.spec.ts[2m > [22mnormalizeUserId[2m > [22mhandles LOCAL-U format[32m 1[2mms[22m[39m
 [32m笨・[39m src/features/daily/table/models/__tests__/buildTableDailyRecordRows.spec.ts[2m > [22mbuildTableDailyRecordRows[2m > [22mtoTableDailyRecordRow[2m > [22m1. 蝠城｡瑚｡悟虚縺・true 縺ｮ鬆・岼縺縺・variant="filled", color="warning" 縺ｫ縺ｪ繧・[32m 5[2mms[22m[39m
 [32m笨・[39m src/features/daily/table/models/__tests__/buildTableDailyRecordRows.spec.ts[2m > [22mbuildTableDailyRecordRows[2m > [22mtoTableDailyRecordRow[2m > [22m2. behaviorTags 縺・undefined/null 逶ｸ蠖薙〒繧・[] 縺ｫ縺ｪ繧具ｼ・ull蜷ｸ蜿趣ｼ・[32m 2[2mms[22m[39m
 [32m笨・[39m src/features/daily/table/models/__tests__/buildTableDailyRecordRows.spec.ts[2m > [22mbuildTableDailyRecordRows[2m > [22mtoTableDailyRecordRow[2m > [22m3. hasRowContent 縺梧悄蠕・←縺翫ｊ縺ｫ縺ｪ繧・[32m 1[2mms[22m[39m
 [32m笨・[39m src/features/daily/table/models/__tests__/buildTableDailyRecordRows.spec.ts[2m > [22mbuildTableDailyRecordRows[2m > [22mtoTableDailyRecordRow[2m > [22m4. searchText 縺・userId / userName 縺ｪ縺ｩ縺九ｉ螳牙ｮ夂函謌舌＆繧後ｋ[32m 1[2mms[22m[39m
 [32m笨・[39m src/features/daily/table/models/__tests__/buildTableDailyRecordRows.spec.ts[2m > [22mbuildTableDailyRecordRows[2m > [22mbuildTableDailyRecordRows[2m > [22m隍・焚陦後ｒ豁｣縺励￥螟画鋤縺ｧ縺阪ｋ縺薙→[32m 2[2mms[22m[39m
 [32m笨・[39m src/features/operation-hub/logic/__tests__/timelineLogic.spec.ts[2m > [22moperation-hub timelineLogic[2m > [22mmarkConflicts[2m > [22mmarks only overlapping events as conflict[32m 5[2mms[22m[39m
 [32m笨・[39m src/features/operation-hub/logic/__tests__/timelineLogic.spec.ts[2m > [22moperation-hub timelineLogic[2m > [22mtoTimelineEvents[2m > [22mgroups by employment, clamps by day bounds, applies colors, and marks overlaps[32m 6[2mms[22m[39m
 [32m笨・[39m src/domain/isp/bridge/__tests__/phaseE.spec.ts[2m > [22mbuildDailySupportUrl[2m > [22mbuilds URL with userId only[32m 4[2mms[22m[39m
 [32m笨・[39m src/domain/isp/bridge/__tests__/phaseE.spec.ts[2m > [22mbuildDailySupportUrl[2m > [22mbuilds URL with userId and planningSheetId[32m 1[2mms[22m[39m
 [32m笨・[39m src/domain/isp/bridge/__tests__/phaseE.spec.ts[2m > [22mbuildDailySupportUrl[2m > [22momits planningSheetId when undefined[32m 1[2mms[22m[39m
 [32m笨・[39m src/domain/isp/bridge/__tests__/phaseE.spec.ts[2m > [22mbuildDailySupportUrl[2m > [22momits planningSheetId when empty string[32m 1[2mms[22m[39m
 [32m笨・[39m src/domain/isp/bridge/__tests__/phaseE.spec.ts[2m > [22mbuildDailySupportUrl[2m > [22mencodes special characters in userId[32m 1[2mms[22m[39m
 [32m笨・[39m src/infra/sharepoint/repos/schedulesRepo.spec.ts[2m > [22mschedulesRepo write gate[2m > [22mcreateSchedule throws WriteDisabledError when write is disabled[32m 7[2mms[22m[39m
 [32m笨・[39m src/infra/sharepoint/repos/schedulesRepo.spec.ts[2m > [22mschedulesRepo write gate[2m > [22mupdateSchedule throws WriteDisabledError when write is disabled[32m 2[2mms[22m[39m
 [32m笨・[39m src/infra/sharepoint/repos/schedulesRepo.spec.ts[2m > [22mschedulesRepo write gate[2m > [22mremoveSchedule throws WriteDisabledError when write is disabled[32m 1[2mms[22m[39m
 [32m笨・[39m src/infra/sharepoint/repos/schedulesRepo.spec.ts[2m > [22mschedulesRepo write gate[2m > [22mWriteDisabledError has WRITE_DISABLED code[32m 1[2mms[22m[39m
[90mstdout[2m | tests/unit/calculateStaffConflicts.spec.ts
[22m[39m[MSAL ENV] Validated successfully

 [32m笨・[39m src/features/today/transport/transportVehicleNames.spec.ts[2m > [22mtransportVehicleNames[2m > [22mresolves default display names for fixed vehicles[32m 5[2mms[22m[39m
 [32m笨・[39m src/features/today/transport/transportVehicleNames.spec.ts[2m > [22mtransportVehicleNames[2m > [22muses custom override when provided[32m 1[2mms[22m[39m
 [32m笨・[39m src/features/today/transport/transportVehicleNames.spec.ts[2m > [22mtransportVehicleNames[2m > [22mremoves override when value is empty or default name[32m 1[2mms[22m[39m
 [32m笨・[39m src/features/today/transport/transportVehicleNames.spec.ts[2m > [22mtransportVehicleNames[2m > [22msaves and loads overrides from localStorage[32m 2[2mms[22m[39m
 [32m笨・[39m src/features/today/transport/transportVehicleNames.spec.ts[2m > [22mtransportVehicleNames[2m > [22mreturns empty overrides when persisted data is invalid[32m 1[2mms[22m[39m
 [32m笨・[39m src/features/monitoring/repositories/sharepoint/__tests__/SharePointMonitoringMeetingRepository.drift.spec.ts[2m > [22mSharePointMonitoringMeetingRepository Drift Immunity[2m > [22mshould resolve drift names like RecordId0 and MeetingDate0[32m 18[2mms[22m[39m
 [32m笨・[39m src/features/monitoring/repositories/sharepoint/__tests__/SharePointMonitoringMeetingRepository.drift.spec.ts[2m > [22mSharePointMonitoringMeetingRepository Drift Immunity[2m > [22mshould fail-open when optional fields are missing[32m 7[2mms[22m[39m
 [32m笨・[39m src/features/monitoring/repositories/sharepoint/__tests__/SharePointMonitoringMeetingRepository.drift.spec.ts[2m > [22mSharePointMonitoringMeetingRepository Drift Immunity[2m > [22mshould throw error when essential field recordId is missing[32m 6[2mms[22m[39m
 [32m笨・[39m tests/unit/env-featureFlags-sync.spec.ts[2m > [22menv 竊・featureFlags export sync[2m > [22mevery FeatureFlagSnapshot key has a callable resolver from env.ts[32m 7[2mms[22m[39m
 [32m笨・[39m tests/unit/env-featureFlags-sync.spec.ts[2m > [22menv 竊・featureFlags export sync[2m > [22mFLAG_RESOLVER_MAP covers every key in FeatureFlagSnapshot[32m 2[2mms[22m[39m
 [32m笨・[39m tests/unit/env-featureFlags-sync.spec.ts[2m > [22menv 竊・featureFlags export sync[2m > [22mresolveFeatureFlags() returns only boolean values[32m 1[2mms[22m[39m
 [32m笨・[39m tests/unit/env-featureFlags-sync.spec.ts[2m > [22menv 竊・featureFlags export sync[2m > [22menv.ts utility exports used by featureFlags are callable[32m 1[2mms[22m[39m
 [32m笨・[39m tests/unit/env-featureFlags-sync.spec.ts[2m > [22menv 竊・featureFlags export sync[2m > [22mevery flag consumed by CreateNavItemsConfig has a matching FeatureFlagSnapshot key[32m 1[2mms[22m[39m
[90mstdout[2m | src/features/audit/useAuditSyncBatch.resend.spec.ts
[22m[39m[MSAL ENV] Validated successfully

 [32m笨・[39m tests/unit/hashUtil.fallback.spec.ts[2m > [22mhashUtil sha256 fallback[2m > [22muses Node webcrypto when global crypto is unavailable[32m 11[2mms[22m[39m
 [32m笨・[39m src/features/today/records/__tests__/resolveNextUser.spec.ts[2m > [22mresolveNextUser[2m > [22mreturns the next user when current user is in the middle of the queue[32m 5[2mms[22m[39m
 [32m笨・[39m src/features/today/records/__tests__/resolveNextUser.spec.ts[2m > [22mresolveNextUser[2m > [22mreturns the next user when current user is first in the queue[32m 1[2mms[22m[39m
 [32m笨・[39m src/features/today/records/__tests__/resolveNextUser.spec.ts[2m > [22mresolveNextUser[2m > [22mreturns undefined when current user is the last in the queue (end-of-queue)[32m 1[2mms[22m[39m
 [32m笨・[39m src/features/today/records/__tests__/resolveNextUser.spec.ts[2m > [22mresolveNextUser[2m > [22mreturns undefined when pending list is empty[32m 1[2mms[22m[39m
 [32m笨・[39m src/features/today/records/__tests__/resolveNextUser.spec.ts[2m > [22mresolveNextUser[2m > [22mreturns undefined when currentUserId is null and pending list is empty[32m 1[2mms[22m[39m
 [32m笨・[39m src/features/today/records/__tests__/resolveNextUser.spec.ts[2m > [22mresolveNextUser[2m > [22mreturns first pending user when currentUserId is null[32m 1[2mms[22m[39m
 [32m笨・[39m src/features/today/records/__tests__/resolveNextUser.spec.ts[2m > [22mresolveNextUser[2m > [22mfail-safes to first pending user when current user is NOT in the list (concurrent edit)[32m 1[2mms[22m[39m
 [32m笨・[39m src/features/today/records/__tests__/resolveNextUser.spec.ts[2m > [22mresolveNextUser[2m > [22mreturns undefined when only one user and it is the current user[32m 1[2mms[22m[39m
 [32m笨・[39m src/features/today/records/__tests__/resolveNextUser.spec.ts[2m > [22mresolveNextUser[2m > [22mhandles single pending user when current user is not in list[32m 1[2mms[22m[39m
 [32m笨・[39m src/features/users/domain/__tests__/userLifecycle.spec.ts[2m > [22muserLifecycle[2m > [22mUsageStatus=螂醍ｴ・ｵゆｺ・繧・terminated 蛻､螳壹☆繧・[32m 4[2mms[22m[39m
 [32m笨・[39m src/features/users/domain/__tests__/userLifecycle.spec.ts[2m > [22muserLifecycle[2m > [22mServiceEndDate 縺碁℃蜴ｻ譌･縺ｪ繧・terminated 蛻､螳壹☆繧・[32m 1[2mms[22m[39m
 [32m笨・[39m src/features/users/domain/__tests__/userLifecycle.spec.ts[2m > [22muserLifecycle[2m > [22mUsageStatus/IsActive/ServiceEndDate 縺梧ｬ關ｽ縺励※縺・ｋ蝣ｴ蜷医・ unknown[32m 1[2mms[22m[39m
 [32m笨・[39m src/features/users/domain/__tests__/userLifecycle.spec.ts[2m > [22muserLifecycle[2m > [22mactive 蛻､螳壹・譏守､ｺ繧ｷ繧ｰ繝翫Ν縺後≠繧九Θ繝ｼ繧ｶ繝ｼ縺ｮ縺ｿ騾壹☆[32m 2[2mms[22m[39m
 [32m笨・[39m src/features/users/domain/__tests__/userLifecycle.spec.ts[2m > [22muserLifecycle[2m > [22mterminated 縺ｯ邱ｨ髮・ｸ榊庄縲「nknown 縺ｯ邱ｨ髮・庄・亥●豁｢縺ｮ縺ｿ蠑ｷ蛻ｶ・・[32m 1[2mms[22m[39m
 [32m笨・[39m src/features/ops-dashboard/hooks/__tests__/useOpsMetrics.collectSuggestionActions.spec.ts[2m > [22mcollectSuggestionActions[2m > [22mcollects actions from daily-record-* keys only[32m 7[2mms[22m[39m
 [32m笨・[39m src/features/ops-dashboard/hooks/__tests__/useOpsMetrics.collectSuggestionActions.spec.ts[2m > [22mcollectSuggestionActions[2m > [22mskips malformed or non-array payloads safely[32m 1[2mms[22m[39m
 [32m笨・[39m src/features/ops-dashboard/hooks/__tests__/useOpsMetrics.collectSuggestionActions.spec.ts[2m > [22mcollectSuggestionActions[2m > [22muses expected storage key pattern[32m 1[2mms[22m[39m
 [32m笨・[39m src/features/daily/domain/integrity/__tests__/dailyIntegrityChecker.test.ts[2m > [22mdailyIntegrityChecker[2m > [22mscanDailyRecordIntegrity[2m > [22mshould detect orphan_parent when parent has version but no children[32m 6[2mms[22m[39m
 [32m笨・[39m src/features/daily/domain/integrity/__tests__/dailyIntegrityChecker.test.ts[2m > [22mdailyIntegrityChecker[2m > [22mscanDailyRecordIntegrity[2m > [22mshould detect version_mismatch when ghost records exist beyond latestVersion[32m 2[2mms[22m[39m
 [32m笨・[39m src/features/daily/domain/integrity/__tests__/dailyIntegrityChecker.test.ts[2m > [22mdailyIntegrityChecker[2m > [22mscanDailyRecordIntegrity[2m > [22mshould detect stale_pending for records stuck in progress[32m 1[2mms[22m[39m
 [32m笨・[39m src/features/daily/domain/integrity/__tests__/dailyIntegrityChecker.test.ts[2m > [22mdailyIntegrityChecker[2m > [22mscanDailyRecordIntegrity[2m > [22mshould return empty when integrity is healthy[32m 1[2mms[22m[39m
 [32m笨・[39m src/features/daily/domain/integrity/__tests__/dailyIntegrityChecker.test.ts[2m > [22mdailyIntegrityChecker[2m > [22mmapIntegrityToExceptionItem[2m > [22mshould map DailyIntegrityException to ExceptionItem correctly[32m 1[2mms[22m[39m
 [32m笨・[39m src/features/ibd/analysis/pdca/__tests__/readDailySnapshot.test.ts[2m > [22mreadDailySnapshot helpers[2m > [22mbuilds snapshot id from template/date/user[32m 25[2mms[22m[39m
 [32m笨・[39m src/features/ibd/analysis/pdca/__tests__/readDailySnapshot.test.ts[2m > [22mreadDailySnapshot helpers[2m > [22mparses valid snapshot payload[32m 3[2mms[22m[39m
 [32m笨・[39m src/features/ibd/analysis/pdca/__tests__/readDailySnapshot.test.ts[2m > [22mreadDailySnapshot helpers[2m > [22mreturns null for invalid payload[32m 2[2mms[22m[39m
 [32m笨・[39m src/features/ibd/analysis/pdca/__tests__/readDailySnapshot.test.ts[2m > [22mreadDailySnapshot helpers[2m > [22mreturns invalid for identity mismatch[32m 1[2mms[22m[39m
 [32m笨・[39m src/features/ibd/analysis/pdca/__tests__/readDailySnapshot.test.ts[2m > [22mreadDailySnapshot helpers[2m > [22mreturns invalid for out-of-range metrics[32m 1[2mms[22m[39m
 [32m笨・[39m src/features/support-plan-guide/utils/__tests__/pdfExportGoals.spec.ts[2m > [22mgoalsToHtml 窶・Phase 4 PDF 蜃ｺ蜉帙・繝ｫ繝代・[2m > [22mtype 縺ｧ繝輔ぅ繝ｫ繧ｿ縺励∝ｯｾ蠢懊☆繧・GoalItem 縺ｮ縺ｿ蜃ｺ蜉帙☆繧・[32m 5[2mms[22m[39m
 [32m笨・[39m src/features/support-plan-guide/utils/__tests__/pdfExportGoals.spec.ts[2m > [22mgoalsToHtml 窶・Phase 4 PDF 蜃ｺ蜉帙・繝ｫ繝代・[2m > [22m遨ｺ驟榊・縺ｮ蝣ｴ蜷医・遨ｺ譁・ｭ怜・繧定ｿ斐☆[32m 1[2mms[22m[39m
 [32m笨・[39m src/features/support-plan-guide/utils/__tests__/pdfExportGoals.spec.ts[2m > [22mgoalsToHtml 窶・Phase 4 PDF 蜃ｺ蜉帙・繝ｫ繝代・[2m > [22mlabel 縺檎ｩｺ縺ｮ GoalItem 縺ｯ <strong> 繧ｿ繧ｰ縺ｪ縺励〒 text 縺ｮ縺ｿ蜃ｺ蜉帙☆繧・[32m 2[2mms[22m[39m
 [32m笨・[39m src/features/support-plan-guide/utils/__tests__/pdfExportGoals.spec.ts[2m > [22mgoalsToHtml 窶・Phase 4 PDF 蜃ｺ蜉帙・繝ｫ繝代・[2m > [22m<ul><li> 讒矩縺ｧ蜃ｺ蜉帙＆繧後ｋ[32m 1[2mms[22m[39m
 [32m笨・[39m src/features/support-plan-guide/utils/__tests__/pdfExportGoals.spec.ts[2m > [22mgoalsToHtml 窶・Phase 4 PDF 蜃ｺ蜉帙・繝ｫ繝代・[2m > [22mHTML 迚ｹ谿頑枚蟄励′繧ｨ繧ｹ繧ｱ繝ｼ繝励＆繧後ｋ[32m 1[2mms[22m[39m
 [32m笨・[39m src/features/support-plan-guide/utils/__tests__/pdfExportGoals.spec.ts[2m > [22mgoalsToHtml 窶・Phase 4 PDF 蜃ｺ蜉帙・繝ｫ繝代・[2m > [22mtext 蜀・・謾ｹ陦後′ <br/> 縺ｫ螟画鋤縺輔ｌ繧・[32m 1[2mms[22m[39m
 [32m笨・[39m src/features/audit/useAuditSyncBatch.resend.spec.ts[2m > [22mresend-only-failed logic[2m > [22mretries only failed, keeps duplicates/existing as non-targets[32m 6[2mms[22m[39m
 [32m笨・[39m src/features/audit/useAuditSyncBatch.resend.spec.ts[2m > [22mresend-only-failed logic[2m > [22mwhen all succeed, retry list is empty[32m 2[2mms[22m[39m
 [32m笨・[39m src/features/audit/useAuditSyncBatch.resend.spec.ts[2m > [22mresend-only-failed logic[2m > [22mcounts only 409 as duplicate[32m 1[2mms[22m[39m
 [32m笨・[39m src/features/audit/useAuditSyncBatch.resend.spec.ts[2m > [22mresend-only-failed logic[2m > [22mhandles empty statuses array[32m 1[2mms[22m[39m
 [32m笨・[39m src/features/audit/useAuditSyncBatch.resend.spec.ts[2m > [22mresend-only-failed logic[2m > [22mtests boundary status codes[32m 1[2mms[22m[39m
 [32m笨・[39m tests/unit/prefetch.net.flags.spec.ts[2m > [22mcanPrefetch network guards[2m > [22mrespects the VITE_PREFETCH_DISABLE environment toggle[32m 5[2mms[22m[39m
 [32m笨・[39m tests/unit/prefetch.net.flags.spec.ts[2m > [22mcanPrefetch network guards[2m > [22msuppresses prefetch when Save-Data is enabled[32m 1[2mms[22m[39m
 [32m笨・[39m tests/unit/prefetch.net.flags.spec.ts[2m > [22mcanPrefetch network guards[2m > [22mallows interactive intents but blocks passive ones on slow connections[32m 1[2mms[22m[39m
 [32m笨・[39m tests/unit/prefetch.net.flags.spec.ts[2m > [22mcanPrefetch network guards[2m > [22mblocks viewport prefetches on high latency while keeping hover intact[32m 1[2mms[22m[39m
 [32m笨・[39m tests/unit/prefetch.net.flags.spec.ts[2m > [22mcanPrefetch network guards[2m > [22mdisallows prefetch when offline[32m 2[2mms[22m[39m
 [32m笨・[39m tests/unit/RegulatorySummaryBand.spec.ts[2m > [22mworstSignal[2m > [22mreturns ok for empty items[32m 4[2mms[22m[39m
 [32m笨・[39m tests/unit/RegulatorySummaryBand.spec.ts[2m > [22mworstSignal[2m > [22mreturns danger if any item is danger[32m 1[2mms[22m[39m
 [32m笨・[39m tests/unit/RegulatorySummaryBand.spec.ts[2m > [22mworstSignal[2m > [22mreturns warning if worst is warning[32m 1[2mms[22m[39m
 [32m笨・[39m tests/unit/RegulatorySummaryBand.spec.ts[2m > [22mworstSignal[2m > [22mreturns ok if all are ok[32m 1[2mms[22m[39m
 [32m笨・[39m tests/unit/RegulatorySummaryBand.spec.ts[2m > [22msignalCounts[2m > [22mcounts correctly[32m 2[2mms[22m[39m
 [32m笨・[39m tests/unit/datetime.spec.ts[2m > [22mformatRangeLocal[2m > [22mreturns fallback when both start and end values are invalid[32m 4[2mms[22m[39m
 [32m笨・[39m tests/unit/datetime.spec.ts[2m > [22mformatRangeLocal[2m > [22mformats a rounded range with timezone suffix[32m 3[2mms[22m[39m
 [32m笨・[39m tests/unit/datetime.spec.ts[2m > [22mformatRangeLocal[2m > [22mhandles invalid end values and omits the range separator[32m 1[2mms[22m[39m
 [32m笨・[39m tests/unit/datetime.spec.ts[2m > [22mformatRangeLocal[2m > [22maccepts options as the second argument[32m 1[2mms[22m[39m
 [32m笨・[39m src/features/daily/domain/__tests__/resolveHeroRecord.spec.ts[2m > [22mresolveHeroRecord[2m > [22m遨ｺ驟榊・ 竊・noRecords[32m 5[2mms[22m[39m
 [32m笨・[39m src/features/daily/domain/__tests__/resolveHeroRecord.spec.ts[2m > [22mresolveHeroRecord[2m > [22m蜈ｨ莉ｶ螳御ｺ・竊・allCompleted[32m 1[2mms[22m[39m
 [32m笨・[39m src/features/daily/domain/__tests__/resolveHeroRecord.spec.ts[2m > [22mresolveHeroRecord[2m > [22m菴懈・荳ｭ縺悟ｭ伜惠 竊・菴懈・荳ｭ繧貞━蜈・[32m 1[2mms[22m[39m
 [32m笨・[39m src/features/daily/domain/__tests__/resolveHeroRecord.spec.ts[2m > [22mresolveHeroRecord[2m > [22m譛ｪ菴懈・縺ｮ縺ｿ 竊・譛蛻昴・譛ｪ菴懈・[32m 1[2mms[22m[39m
 [32m笨・[39m src/features/daily/domain/__tests__/resolveHeroRecord.spec.ts[2m > [22mresolveHeroRecord[2m > [22m菴懈・荳ｭ縺瑚､・焚 竊・譛蛻昴・菴懈・荳ｭ繧定ｿ斐☆[32m 1[2mms[22m[39m
 [32m笨・[39m src/features/daily/domain/__tests__/resolveHeroRecord.spec.ts[2m > [22mresolveHeroRecord[2m > [22m1莉ｶ縺縺代〒螳御ｺ・竊・allCompleted total=1[32m 1[2mms[22m[39m
 [32m笨・[39m src/features/daily/domain/__tests__/resolveHeroRecord.spec.ts[2m > [22mresolveHeroRecord[2m > [22m1莉ｶ縺縺代〒譛ｪ菴懈・ 竊・next remaining=1[32m 1[2mms[22m[39m
 [32m笨・[39m src/features/today/telemetry/recordLanding.spec.ts[2m > [22mrecordLanding[2m > [22mrecords landing event to telemetry collection[32m 9[2mms[22m[39m
 [32m笨・[39m src/features/today/telemetry/recordLanding.spec.ts[2m > [22mrecordLanding[2m > [22mis no-op when Firestore is unavailable[32m 1[2mms[22m[39m
 [32m笨・[39m tests/unit/formatFlushSummaryToast.spec.ts[2m > [22mformatFlushSummaryToast[2m > [22mreturns info severity when no items processed[32m 5[2mms[22m[39m
 [32m笨・[39m tests/unit/formatFlushSummaryToast.spec.ts[2m > [22mformatFlushSummaryToast[2m > [22mreturns error severity when error entries exist[32m 1[2mms[22m[39m
 [32m笨・[39m tests/unit/formatFlushSummaryToast.spec.ts[2m > [22mformatFlushSummaryToast[2m > [22mreturns warning severity when partial sync occurs[32m 1[2mms[22m[39m
 [32m笨・[39m tests/unit/formatFlushSummaryToast.spec.ts[2m > [22mformatFlushSummaryToast[2m > [22mreturns success severity when all entries succeed[32m 1[2mms[22m[39m
 [32m笨・[39m tests/unit/formatFlushSummaryToast.spec.ts[2m > [22mformatFlushSummaryToast[2m > [22msurfaces BP totals when present[32m 1[2mms[22m[39m
 [32m笨・[39m tests/unit/formatFlushSummaryToast.spec.ts[2m > [22mformatFlushSummaryToast[2m > [22muses online label when source is online[32m 1[2mms[22m[39m
 [32m笨・[39m src/features/action-engine/domain/__tests__/summarizeEvidence.spec.ts[2m > [22msummarizeEvidence[2m > [22m陦悟虚蠅怜刈蛯ｾ蜷代・繝｡繝医Μ繧ｯ繧ｹ繧定ｦ∫ｴ・[32m 5[2mms[22m[39m
 [32m笨・[39m src/features/action-engine/domain/__tests__/summarizeEvidence.spec.ts[2m > [22msummarizeEvidence[2m > [22m謇矩・ｮ滓命邇・・繝｡繝医Μ繧ｯ繧ｹ繧定ｦ∫ｴ・[32m 1[2mms[22m[39m
 [32m笨・[39m src/features/action-engine/domain/__tests__/summarizeEvidence.spec.ts[2m > [22msummarizeEvidence[2m > [22m鬮伜ｼｷ蠎ｦ陦悟虚縺ｮ繝｡繝医Μ繧ｯ繧ｹ繧定ｦ∫ｴ・[32m 2[2mms[22m[39m
 [32m笨・[39m src/features/action-engine/domain/__tests__/summarizeEvidence.spec.ts[2m > [22msummarizeEvidence[2m > [22m譎る俣蟶ｯ髮・ｸｭ縺ｮ繝｡繝医Μ繧ｯ繧ｹ繧定ｦ∫ｴ・[32m 1[2mms[22m[39m
 [32m笨・[39m src/features/action-engine/domain/__tests__/summarizeEvidence.spec.ts[2m > [22msummarizeEvidence[2m > [22mBIP譛ｪ菴懈・縺ｮ繝｡繝医Μ繧ｯ繧ｹ繧定ｦ∫ｴ・[32m 1[2mms[22m[39m
 [32m笨・[39m src/features/action-engine/domain/__tests__/summarizeEvidence.spec.ts[2m > [22msummarizeEvidence[2m > [22m繝・・繧ｿ荳崎ｶｳ縺ｮ繝｡繝医Μ繧ｯ繧ｹ繧定ｦ∫ｴ・[32m 1[2mms[22m[39m
 [32m笨・[39m src/features/action-engine/domain/__tests__/summarizeEvidence.spec.ts[2m > [22msummarizeEvidence[2m > [22mmetrics 縺後↑縺・ｴ蜷医・繝輔か繝ｼ繝ｫ繝舌ャ繧ｯ[32m 1[2mms[22m[39m
 [32m笨・[39m src/features/transport-assignments/domain/__tests__/userTransportCourse.spec.ts[2m > [22mresolveUserFixedTransportCourse[2m > [22muses TransportCourse as the primary key[32m 4[2mms[22m[39m
 [32m笨・[39m src/features/transport-assignments/domain/__tests__/userTransportCourse.spec.ts[2m > [22mresolveUserFixedTransportCourse[2m > [22mprefers TransportCourse over legacy fallback keys when both are present[32m 1[2mms[22m[39m
 [32m笨・[39m src/features/transport-assignments/domain/__tests__/userTransportCourse.spec.ts[2m > [22mresolveUserFixedTransportCourse[2m > [22mfalls back to legacy keys only when TransportCourse is missing[32m 1[2mms[22m[39m
 [32m笨・[39m src/features/transport-assignments/domain/__tests__/userTransportCourse.spec.ts[2m > [22mresolveUserFixedTransportCourse[2m > [22mreturns null for invalid or missing values[32m 1[2mms[22m[39m
 [32m笨・[39m src/features/daily/domain/validation/__tests__/calculateSupportDuration.spec.ts[2m > [22mcalculateSupportDuration[2m > [22m蜷梧律縺ｮ騾壼ｸｸ繧ｱ繝ｼ繧ｹ繧呈ｭ｣縺励￥險育ｮ励〒縺阪ｋ・・譎る俣・・[32m 5[2mms[22m[39m
 [32m笨・[39m src/features/daily/domain/validation/__tests__/calculateSupportDuration.spec.ts[2m > [22mcalculateSupportDuration[2m > [22m蜷梧律縺ｮ騾壼ｸｸ繧ｱ繝ｼ繧ｹ繧呈ｭ｣縺励￥險育ｮ励〒縺阪ｋ・育ｫｯ謨ｰ・・[32m 1[2mms[22m[39m
 [32m笨・[39m src/features/daily/domain/validation/__tests__/calculateSupportDuration.spec.ts[2m > [22mcalculateSupportDuration[2m > [22m髢句ｧ九→邨ゆｺ・′蜷後§蝣ｴ蜷医・0蛻・↓縺ｪ繧・[32m 1[2mms[22m[39m
 [32m笨・[39m src/features/daily/domain/validation/__tests__/calculateSupportDuration.spec.ts[2m > [22mcalculateSupportDuration[2m > [22m譌･霍ｨ縺弱・謇ｱ縺・[2m > [22m邨ゆｺ・′髢句ｧ九ｈ繧雁燕縺ｮ蝣ｴ蜷医√ョ繝輔か繝ｫ繝医〒縺ｯ譌･霍ｨ縺守ｦ∵ｭ｢縺ｨ縺ｿ縺ｪ縺・繧定ｿ斐☆[32m 1[2mms[22m[39m
 [32m笨・[39m src/features/daily/domain/validation/__tests__/calculateSupportDuration.spec.ts[2m > [22mcalculateSupportDuration[2m > [22m譌･霍ｨ縺弱・謇ｱ縺・[2m > [22mallowCrossDay=true 縺ｮ蝣ｴ蜷医∫ｵゆｺ・′髢句ｧ九ｈ繧雁燕縺ｪ繧臥ｿ梧律謇ｱ縺・ｼ・4h蜉邂暦ｼ峨〒險育ｮ励☆繧・[32m 2[2mms[22m[39m
 [32m笨・[39m src/features/daily/domain/validation/__tests__/calculateSupportDuration.spec.ts[2m > [22mcalculateSupportDuration[2m > [22m荳肴ｭ｣縺ｪ蜈･蜉帙・謇ｱ縺・[2m > [22mnull 縺梧ｸ｡縺輔ｌ縺溷ｴ蜷医・0繧定ｿ斐☆[32m 1[2mms[22m[39m
 [32m笨・[39m src/features/daily/domain/validation/__tests__/calculateSupportDuration.spec.ts[2m > [22mcalculateSupportDuration[2m > [22m荳肴ｭ｣縺ｪ蜈･蜉帙・謇ｱ縺・[2m > [22mundefined 縺梧ｸ｡縺輔ｌ縺溷ｴ蜷医・0繧定ｿ斐☆[32m 1[2mms[22m[39m
 [32m笨・[39m src/features/daily/domain/validation/__tests__/calculateSupportDuration.spec.ts[2m > [22mcalculateSupportDuration[2m > [22m荳肴ｭ｣縺ｪ蜈･蜉帙・謇ｱ縺・[2m > [22m遨ｺ譁・ｭ励′貂｡縺輔ｌ縺溷ｴ蜷医・0繧定ｿ斐☆[32m 1[2mms[22m[39m
 [32m笨・[39m src/features/daily/domain/validation/__tests__/calculateSupportDuration.spec.ts[2m > [22mcalculateSupportDuration[2m > [22m荳肴ｭ｣縺ｪ蜈･蜉帙・謇ｱ縺・[2m > [22m蠖｢蠑上′荳肴ｭ｣縺ｪ蝣ｴ蜷医・0繧定ｿ斐☆[32m 1[2mms[22m[39m
[90mstdout[2m | tests/unit/ensureConfig.spec.ts
[22m[39m[MSAL ENV] Validated successfully

 [32m笨・[39m src/features/today/domain/__tests__/sortActionQueue.spec.ts[2m > [22msortActionQueue[2m > [22mPriority 縺梧怙蜆ｪ蜈医＆繧後ｋ[32m 5[2mms[22m[39m
 [32m笨・[39m src/features/today/domain/__tests__/sortActionQueue.spec.ts[2m > [22msortActionQueue[2m > [22m蜷御ｸPriority縺ｧ縺ｯ urgencyScore 鬮倥＞鬆・[32m 1[2mms[22m[39m
 [32m笨・[39m src/features/today/domain/__tests__/sortActionQueue.spec.ts[2m > [22msortActionQueue[2m > [22m蜷檎せ譎ゅ・ currentStaffId 荳閾ｴ繧貞━蜈・[32m 1[2mms[22m[39m
 [32m笨・[39m src/features/today/domain/__tests__/sortActionQueue.spec.ts[2m > [22msortActionQueue[2m > [22m螳悟・蜷檎せ譎ゅ・ id 譏・・〒蝗ｺ螳壹＆繧後ｋ[32m 2[2mms[22m[39m
 [32m笨・[39m src/features/action-engine/domain/__tests__/isSuggestionVisible.spec.ts[2m > [22misSuggestionVisible[2m > [22mstate 縺・undefined 縺ｪ繧芽｡ｨ遉ｺ[32m 3[2mms[22m[39m
 [32m笨・[39m src/features/action-engine/domain/__tests__/isSuggestionVisible.spec.ts[2m > [22misSuggestionVisible[2m > [22mstatus: open 縺ｪ繧芽｡ｨ遉ｺ[32m 1[2mms[22m[39m
 [32m笨・[39m src/features/action-engine/domain/__tests__/isSuggestionVisible.spec.ts[2m > [22misSuggestionVisible[2m > [22mstatus: dismissed 縺ｪ繧蛾撼陦ｨ遉ｺ[32m 1[2mms[22m[39m
 [32m笨・[39m src/features/action-engine/domain/__tests__/isSuggestionVisible.spec.ts[2m > [22misSuggestionVisible[2m > [22mstatus: snoozed 縺ｧ snoozedUntil 縺梧悴譚･縺ｪ繧蛾撼陦ｨ遉ｺ[32m 0[2mms[22m[39m
 [32m笨・[39m src/features/action-engine/domain/__tests__/isSuggestionVisible.spec.ts[2m > [22misSuggestionVisible[2m > [22mstatus: snoozed 縺ｧ snoozedUntil 縺碁℃蜴ｻ縺ｪ繧牙・陦ｨ遉ｺ[32m 0[2mms[22m[39m
 [32m笨・[39m src/features/action-engine/domain/__tests__/isSuggestionVisible.spec.ts[2m > [22misSuggestionVisible[2m > [22mstatus: snoozed 縺ｧ snoozedUntil 縺・now 縺ｨ蜷梧凾蛻ｻ縺ｪ繧牙・陦ｨ遉ｺ[32m 0[2mms[22m[39m
 [32m笨・[39m src/features/action-engine/domain/__tests__/isSuggestionVisible.spec.ts[2m > [22misSuggestionVisible[2m > [22mstatus: snoozed 縺ｧ snoozedUntil 縺檎怐逡･縺ｪ繧蛾撼陦ｨ遉ｺ[32m 0[2mms[22m[39m
 [32m笨・[39m tests/unit/schedules.sharePointAdapter.conflict.spec.ts[2m > [22msharePointAdapter conflict mapping (Phase 2-1b)[2m > [22mmaps 412 Precondition Failed to result.conflict()[32m 5[2mms[22m[39m
 [32m笨・[39m tests/unit/schedules.sharePointAdapter.conflict.spec.ts[2m > [22msharePointAdapter conflict mapping (Phase 2-1b)[2m > [22mreturns validation error when etag is missing[32m 1[2mms[22m[39m
 [32m笨・[39m tests/unit/schedules.sharePointAdapter.conflict.spec.ts[2m > [22msharePointAdapter conflict mapping (Phase 2-1b)[2m > [22mmaps 403 to forbidden[32m 1[2mms[22m[39m
 [32m笨・[39m tests/unit/schedules.sharePointAdapter.conflict.spec.ts[2m > [22msharePointAdapter conflict mapping (Phase 2-1b)[2m > [22mmaps 404 to notFound[32m 1[2mms[22m[39m
 [32m笨・[39m tests/unit/batchUtil.fallback.spec.ts[2m > [22mbatch parser fallback[2m > [22mparses without boundary (mixed newlines) but with HTTP lines[32m 7[2mms[22m[39m
 [32m笨・[39m tests/unit/batchUtil.fallback.spec.ts[2m > [22mbatch parser fallback[2m > [22mfinds Content-Id case-insensitively & within 6 lines[32m 2[2mms[22m[39m
 [32m笨・[39m src/sharepoint/fields/__tests__/dailyAttendanceFields.drift.spec.ts[2m > [22mDAILY_ATTENDANCE_CANDIDATES 窶・讓呎ｺ門錐[2m > [22m蠢・・3 繝輔ぅ繝ｼ繝ｫ繝峨′縺吶∋縺ｦ隗｣豎ｺ縺輔ｌ繧・[32m 6[2mms[22m[39m
 [32m笨・[39m src/sharepoint/fields/__tests__/dailyAttendanceFields.drift.spec.ts[2m > [22mDAILY_ATTENDANCE_CANDIDATES 窶・讓呎ｺ門錐[2m > [22mdrift 繝輔Λ繧ｰ縺・false・亥ｮ悟・荳閾ｴ・・[32m 1[2mms[22m[39m
 [32m笨・[39m src/sharepoint/fields/__tests__/dailyAttendanceFields.drift.spec.ts[2m > [22mDAILY_ATTENDANCE_CANDIDATES 窶・讓呎ｺ門錐[2m > [22misHealthy=true[32m 1[2mms[22m[39m
 [32m笨・[39m src/sharepoint/fields/__tests__/dailyAttendanceFields.drift.spec.ts[2m > [22mDAILY_ATTENDANCE_CANDIDATES 窶・userID drift[2m > [22mUserCode 縺・userID 縺ｨ縺励※隗｣豎ｺ縺輔ｌ繧・(WARN)[32m 1[2mms[22m[39m
 [32m笨・[39m src/sharepoint/fields/__tests__/dailyAttendanceFields.drift.spec.ts[2m > [22mDAILY_ATTENDANCE_CANDIDATES 窶・userID drift[2m > [22mUserId 縺・userID 縺ｨ縺励※隗｣豎ｺ縺輔ｌ繧・(WARN)[32m 1[2mms[22m[39m
 [32m笨・[39m src/sharepoint/fields/__tests__/dailyAttendanceFields.drift.spec.ts[2m > [22mDAILY_ATTENDANCE_CANDIDATES 窶・userID drift[2m > [22mUserIdId (Lookup 繧ｵ繝輔ぅ繝・け繧ｹ) 縺・userID 縺ｨ縺励※隗｣豎ｺ縺輔ｌ繧・(WARN)[32m 1[2mms[22m[39m
 [32m笨・[39m src/sharepoint/fields/__tests__/dailyAttendanceFields.drift.spec.ts[2m > [22mDAILY_ATTENDANCE_CANDIDATES 窶・userID drift[2m > [22mcr013_userId 縺・userID 縺ｨ縺励※隗｣豎ｺ縺輔ｌ繧・(WARN)[32m 1[2mms[22m[39m
 [32m笨・[39m src/sharepoint/fields/__tests__/dailyAttendanceFields.drift.spec.ts[2m > [22mDAILY_ATTENDANCE_CANDIDATES 窶・date drift[2m > [22mRecordDate (譌ｧ繝輔ぅ繝ｼ繝ｫ繝峨・繝・・蜷・ 縺・date 縺ｨ縺励※隗｣豎ｺ縺輔ｌ繧・(WARN)[32m 1[2mms[22m[39m
 [32m笨・[39m src/sharepoint/fields/__tests__/dailyAttendanceFields.drift.spec.ts[2m > [22mDAILY_ATTENDANCE_CANDIDATES 窶・date drift[2m > [22mEntryDate 縺・date 縺ｨ縺励※隗｣豎ｺ縺輔ｌ繧・(WARN)[32m 1[2mms[22m[39m
 [32m笨・[39m src/sharepoint/fields/__tests__/dailyAttendanceFields.drift.spec.ts[2m > [22mDAILY_ATTENDANCE_CANDIDATES 窶・date drift[2m > [22mAttendanceDate 縺・date 縺ｨ縺励※隗｣豎ｺ縺輔ｌ繧・(WARN)[32m 1[2mms[22m[39m
 [32m笨・[39m src/sharepoint/fields/__tests__/dailyAttendanceFields.drift.spec.ts[2m > [22mDAILY_ATTENDANCE_CANDIDATES 窶・date drift[2m > [22mDate0 (繧ｵ繝輔ぅ繝・け繧ｹ drift) 縺・date 縺ｨ縺励※隗｣豎ｺ縺輔ｌ繧・(WARN)[32m 1[2mms[22m[39m
 [32m笨・[39m src/sharepoint/fields/__tests__/dailyAttendanceFields.drift.spec.ts[2m > [22mDAILY_ATTENDANCE_CANDIDATES 窶・status drift[2m > [22mAttendanceStatus 縺・status 縺ｨ縺励※隗｣豎ｺ縺輔ｌ繧・(WARN)[32m 1[2mms[22m[39m
 [32m笨・[39m src/sharepoint/fields/__tests__/dailyAttendanceFields.drift.spec.ts[2m > [22mDAILY_ATTENDANCE_CANDIDATES 窶・status drift[2m > [22mStatus0 (繧ｵ繝輔ぅ繝・け繧ｹ drift) 縺・status 縺ｨ縺励※隗｣豎ｺ縺輔ｌ繧・(WARN)[32m 1[2mms[22m[39m
 [32m笨・[39m src/sharepoint/fields/__tests__/dailyAttendanceFields.drift.spec.ts[2m > [22mDAILY_ATTENDANCE_ESSENTIALS 蠅・阜[2m > [22m蠢・・3 繝輔ぅ繝ｼ繝ｫ繝峨′謠・∴縺ｰ isHealthy=true・・rift 邨檎罰縺ｧ繧ょ庄・・[32m 1[2mms[22m[39m
 [32m笨・[39m src/sharepoint/fields/__tests__/dailyAttendanceFields.drift.spec.ts[2m > [22mDAILY_ATTENDANCE_ESSENTIALS 蠅・阜[2m > [22muserID 縺悟ｮ悟・谺關ｽ縺吶ｌ縺ｰ isHealthy=false[32m 1[2mms[22m[39m
 [32m笨・[39m src/sharepoint/fields/__tests__/dailyAttendanceFields.drift.spec.ts[2m > [22mDAILY_ATTENDANCE_ESSENTIALS 蠅・阜[2m > [22mdate 縺悟ｮ悟・谺關ｽ縺吶ｌ縺ｰ isHealthy=false[32m 1[2mms[22m[39m
 [32m笨・[39m src/sharepoint/fields/__tests__/dailyAttendanceFields.drift.spec.ts[2m > [22mDAILY_ATTENDANCE_ESSENTIALS 蠅・阜[2m > [22mstatus 縺悟ｮ悟・谺關ｽ縺吶ｌ縺ｰ isHealthy=false[32m 1[2mms[22m[39m
 [32m笨・[39m src/sharepoint/fields/__tests__/dailyAttendanceFields.drift.spec.ts[2m > [22mDAILY_ATTENDANCE_ESSENTIALS 蠅・阜[2m > [22m繧ｪ繝励す繝ｧ繝ｳ蛻・(IsTrial, Notes) 縺ｮ縺ｿ谺關ｽ縺ｧ繧・isHealthy=true[32m 1[2mms[22m[39m
 [32m笨・[39m src/features/support-plan-guide/hooks/__tests__/useSuggestionMemo.spec.ts[2m > [22mformatSuggestionForMemo[2m > [22m蝓ｺ譛ｬ縺ｮ繝輔か繝ｼ繝槭ャ繝医′豁｣縺励＞・・upports/provenance 縺ｪ縺暦ｼ・[32m 4[2mms[22m[39m
 [32m笨・[39m src/features/support-plan-guide/hooks/__tests__/useSuggestionMemo.spec.ts[2m > [22mformatSuggestionForMemo[2m > [22msuggestedSupports 縺後≠繧句ｴ蜷医・謗ｨ螂ｨ謾ｯ謠ｴ陦後′霑ｽ蜉縺輔ｌ繧・[32m 1[2mms[22m[39m
 [32m笨・[39m src/features/support-plan-guide/hooks/__tests__/useSuggestionMemo.spec.ts[2m > [22mformatSuggestionForMemo[2m > [22mprovenance 縺後≠繧句ｴ蜷医・蜃ｺ蜈ｸ陦後′霑ｽ蜉縺輔ｌ繧・[32m 1[2mms[22m[39m
 [32m笨・[39m src/features/support-plan-guide/hooks/__tests__/useSuggestionMemo.spec.ts[2m > [22mformatSuggestionForMemo[2m > [22m蜈ｨ鬆・岼縺後≠繧句ｴ蜷医・4陦後↓縺ｪ繧・[32m 2[2mms[22m[39m
 [32m笨・[39m src/domain/timeline/__tests__/computeRangeFilter.spec.ts[2m > [22mcomputeRangeFilter[2m > [22m7d 繝励Μ繧ｻ繝・ヨ縺ｧ逶ｴ霑・譌･縺ｮ from/to 繧定ｨ育ｮ励☆繧・[32m 5[2mms[22m[39m
 [32m笨・[39m src/domain/timeline/__tests__/computeRangeFilter.spec.ts[2m > [22mcomputeRangeFilter[2m > [22m30d 繝励Μ繧ｻ繝・ヨ縺ｧ逶ｴ霑・0譌･縺ｮ from/to 繧定ｨ育ｮ励☆繧・[32m 2[2mms[22m[39m
 [32m笨・[39m src/domain/timeline/__tests__/computeRangeFilter.spec.ts[2m > [22mcomputeRangeFilter[2m > [22m90d 繝励Μ繧ｻ繝・ヨ縺ｧ逶ｴ霑・0譌･縺ｮ from/to 繧定ｨ育ｮ励☆繧・[32m 1[2mms[22m[39m
 [32m笨・[39m src/domain/timeline/__tests__/computeRangeFilter.spec.ts[2m > [22mcomputeRangeFilter[2m > [22mto 縺ｯ now 縺ｮ ISO 譁・ｭ怜・縺ｨ荳閾ｴ縺吶ｋ[32m 1[2mms[22m[39m
 [32m笨・[39m src/domain/timeline/__tests__/computeRangeFilter.spec.ts[2m > [22mcomputeRangeFilter[2m > [22mfrom 縺ｯ蠖捺律繧貞性繧・・ays - 1 譌･蜑搾ｼ・[32m 1[2mms[22m[39m
 [32m笨・[39m src/features/operation-hub/logic/__tests__/groupingLogic.spec.ts[2m > [22moperation-hub groupingLogic[2m > [22mclassifyEmployment[2m > [22mreturns 縺昴・莉・when staff is undefined[32m 5[2mms[22m[39m
 [32m笨・[39m src/features/operation-hub/logic/__tests__/groupingLogic.spec.ts[2m > [22moperation-hub groupingLogic[2m > [22mclassifyEmployment[2m > [22mprioritizes employmentType over role[32m 1[2mms[22m[39m
 [32m笨・[39m src/features/operation-hub/logic/__tests__/groupingLogic.spec.ts[2m > [22moperation-hub groupingLogic[2m > [22mclassifyEmployment[2m > [22mclassifies 邂｡逅・・as 譁ｽ險ｭ髟ｷ[32m 1[2mms[22m[39m
 [32m笨・[39m src/features/operation-hub/logic/__tests__/groupingLogic.spec.ts[2m > [22moperation-hub groupingLogic[2m > [22mclassifyEmployment[2m > [22mclassifies 豁｣遉ｾ蜩｡ as 蟶ｸ蜍､[32m 1[2mms[22m[39m
 [32m笨・[39m src/features/operation-hub/logic/__tests__/groupingLogic.spec.ts[2m > [22moperation-hub groupingLogic[2m > [22mclassifyEmployment[2m > [22mfalls back to 縺昴・莉・for unknown labels[32m 1[2mms[22m[39m
 [32m笨・[39m src/features/operation-hub/logic/__tests__/groupingLogic.spec.ts[2m > [22moperation-hub groupingLogic[2m > [22mresolveGroupLabel[2m > [22mmaps each employment type to UI group label[32m 1[2mms[22m[39m
 [32m笨・[39m tests/unit/ensureConfig.spec.ts[2m > [22mensureConfig[2m > [22mthrows on placeholder values[32m 6[2mms[22m[39m
 [32m笨・[39m tests/unit/ensureConfig.spec.ts[2m > [22mensureConfig[2m > [22mthrows on invalid resource domain[32m 2[2mms[22m[39m
 [32m笨・[39m tests/unit/ensureConfig.spec.ts[2m > [22mensureConfig[2m > [22mnormalizes trailing/leading slashes and builds baseUrl[32m 1[2mms[22m[39m
 [32m笨・[39m tests/unit/shared.result.spec.ts[2m > [22mresult[2m > [22mok and isOk guard work[32m 5[2mms[22m[39m
 [32m笨・[39m tests/unit/shared.result.spec.ts[2m > [22mresult[2m > [22merr (conflict) and isErr guard work[32m 1[2mms[22m[39m
 [32m笨・[39m tests/unit/shared.result.spec.ts[2m > [22mresult[2m > [22mforbidden helper works[32m 1[2mms[22m[39m
 [32m笨・[39m tests/unit/shared.result.spec.ts[2m > [22mresult[2m > [22mnotFound helper works[32m 1[2mms[22m[39m
 [32m笨・[39m tests/unit/shared.result.spec.ts[2m > [22mresult[2m > [22mvalidation helper works with field[32m 1[2mms[22m[39m
 [32m笨・[39m src/sharepoint/fields/__tests__/userBenefitProfileFields.drift.spec.ts[2m > [22mUSER_BENEFIT_PROFILE_CANDIDATES 窶・讓呎ｺ門錐[2m > [22m蠢・・2 繝輔ぅ繝ｼ繝ｫ繝峨′縺吶∋縺ｦ隗｣豎ｺ縺輔ｌ繧・[32m 7[2mms[22m[39m
 [32m笨・[39m src/sharepoint/fields/__tests__/userBenefitProfileFields.drift.spec.ts[2m > [22mUSER_BENEFIT_PROFILE_CANDIDATES 窶・讓呎ｺ門錐[2m > [22mdrift 繝輔Λ繧ｰ縺・false・亥ｮ悟・荳閾ｴ・・[32m 1[2mms[22m[39m
 [32m笨・[39m src/sharepoint/fields/__tests__/userBenefitProfileFields.drift.spec.ts[2m > [22mUSER_BENEFIT_PROFILE_CANDIDATES 窶・讓呎ｺ門錐[2m > [22misHealthy=true[32m 1[2mms[22m[39m
 [32m笨・[39m src/sharepoint/fields/__tests__/userBenefitProfileFields.drift.spec.ts[2m > [22mUSER_BENEFIT_PROFILE_CANDIDATES 窶・userID drift[2m > [22mUserCode 縺・userID 縺ｨ縺励※隗｣豎ｺ縺輔ｌ繧・(WARN)[32m 1[2mms[22m[39m
 [32m笨・[39m src/sharepoint/fields/__tests__/userBenefitProfileFields.drift.spec.ts[2m > [22mUSER_BENEFIT_PROFILE_CANDIDATES 窶・userID drift[2m > [22muserId (蟆乗枚蟄・ 縺・userID 縺ｨ縺励※隗｣豎ｺ縺輔ｌ繧・[32m 1[2mms[22m[39m
 [32m笨・[39m src/sharepoint/fields/__tests__/userBenefitProfileFields.drift.spec.ts[2m > [22mUSER_BENEFIT_PROFILE_CANDIDATES 窶・userID drift[2m > [22mcr013_userId 縺・userID 縺ｨ縺励※隗｣豎ｺ縺輔ｌ繧・(WARN)[32m 1[2mms[22m[39m
 [32m笨・[39m src/sharepoint/fields/__tests__/userBenefitProfileFields.drift.spec.ts[2m > [22mUSER_BENEFIT_PROFILE_CANDIDATES 窶・recipientCertNumber drift[2m > [22mRecipientCertNumber0 縺・recipientCertNumber 縺ｨ縺励※隗｣豎ｺ縺輔ｌ繧・(WARN)[32m 1[2mms[22m[39m
 [32m笨・[39m src/sharepoint/fields/__tests__/userBenefitProfileFields.drift.spec.ts[2m > [22mUSER_BENEFIT_PROFILE_CANDIDATES 窶・recipientCertNumber drift[2m > [22mCertNumber 縺・recipientCertNumber 縺ｨ縺励※隗｣豎ｺ縺輔ｌ繧・(WARN)[32m 1[2mms[22m[39m
 [32m笨・[39m src/sharepoint/fields/__tests__/userBenefitProfileFields.drift.spec.ts[2m > [22mUSER_BENEFIT_PROFILE_CANDIDATES 窶・recipientCertNumber drift[2m > [22mcr013_recipientCertNumber 縺・recipientCertNumber 縺ｨ縺励※隗｣豎ｺ縺輔ｌ繧・(WARN)[32m 1[2mms[22m[39m
 [32m笨・[39m src/sharepoint/fields/__tests__/userBenefitProfileFields.drift.spec.ts[2m > [22mUSER_BENEFIT_PROFILE_CANDIDATES 窶・繧ｪ繝励す繝ｧ繝ｳ蛻・drift[2m > [22mGrantMunicipality0 縺・grantMunicipality 縺ｨ縺励※隗｣豎ｺ縺輔ｌ繧・(WARN)[32m 1[2mms[22m[39m
 [32m笨・[39m src/sharepoint/fields/__tests__/userBenefitProfileFields.drift.spec.ts[2m > [22mUSER_BENEFIT_PROFILE_CANDIDATES 窶・繧ｪ繝励す繝ｧ繝ｳ蛻・drift[2m > [22mcr013_grantPeriodStart 縺・grantPeriodStart 縺ｨ縺励※隗｣豎ｺ縺輔ｌ繧・(WARN)[32m 1[2mms[22m[39m
 [32m笨・[39m src/sharepoint/fields/__tests__/userBenefitProfileFields.drift.spec.ts[2m > [22mUSER_BENEFIT_PROFILE_ESSENTIALS 蠅・阜[2m > [22m蠢・・2 繝輔ぅ繝ｼ繝ｫ繝峨′謠・∴縺ｰ isHealthy=true・・rift 邨檎罰縺ｧ繧ょ庄・・[32m 2[2mms[22m[39m
 [32m笨・[39m src/sharepoint/fields/__tests__/userBenefitProfileFields.drift.spec.ts[2m > [22mUSER_BENEFIT_PROFILE_ESSENTIALS 蠅・阜[2m > [22muserID 縺悟ｮ悟・谺關ｽ縺吶ｌ縺ｰ isHealthy=false[32m 1[2mms[22m[39m
 [32m笨・[39m src/sharepoint/fields/__tests__/userBenefitProfileFields.drift.spec.ts[2m > [22mUSER_BENEFIT_PROFILE_ESSENTIALS 蠅・阜[2m > [22mrecipientCertNumber 縺悟ｮ悟・谺關ｽ縺吶ｌ縺ｰ isHealthy=false[32m 1[2mms[22m[39m
 [32m笨・[39m src/sharepoint/fields/__tests__/userBenefitProfileFields.drift.spec.ts[2m > [22mUSER_BENEFIT_PROFILE_ESSENTIALS 蠅・阜[2m > [22m繧ｪ繝励す繝ｧ繝ｳ蛻励・縺ｿ谺關ｽ・・ertExpiry/grant 邉ｻ縺ｪ縺暦ｼ峨〒繧・isHealthy=true[32m 1[2mms[22m[39m
 [32m笨・[39m src/features/daily/domain/__tests__/toBipOptions.spec.ts[2m > [22mtoBipOptions[2m > [22mreturns empty array for empty input[32m 5[2mms[22m[39m
 [32m笨・[39m src/features/daily/domain/__tests__/toBipOptions.spec.ts[2m > [22mtoBipOptions[2m > [22mcreates label without triggers when triggerFactors is empty[32m 1[2mms[22m[39m
 [32m笨・[39m src/features/daily/domain/__tests__/toBipOptions.spec.ts[2m > [22mtoBipOptions[2m > [22mcreates label with single trigger[32m 1[2mms[22m[39m
 [32m笨・[39m src/features/daily/domain/__tests__/toBipOptions.spec.ts[2m > [22mtoBipOptions[2m > [22mcreates label with multiple triggers joined by comma[32m 1[2mms[22m[39m
 [32m笨・[39m src/features/daily/domain/__tests__/toBipOptions.spec.ts[2m > [22mtoBipOptions[2m > [22mconverts multiple plans[32m 2[2mms[22m[39m
 [32m笨・[39m src/features/action-engine/telemetry/__tests__/computeBehaviorTrendReviewResult.spec.ts[2m > [22mcomputeBehaviorTrendReviewResult[2m > [22mmin shown 譛ｪ貅縺ｯ NO_DATA[32m 5[2mms[22m[39m
 [32m笨・[39m src/features/action-engine/telemetry/__tests__/computeBehaviorTrendReviewResult.spec.ts[2m > [22mcomputeBehaviorTrendReviewResult[2m > [22mdismissRate 謾ｹ蝟・°縺､ ctaRate 縺ｮ謔ｪ蛹悶′險ｱ螳ｹ蜀・↑繧・PASS[32m 1[2mms[22m[39m
 [32m笨・[39m src/features/action-engine/telemetry/__tests__/computeBehaviorTrendReviewResult.spec.ts[2m > [22mcomputeBehaviorTrendReviewResult[2m > [22mdismissRate 縺梧が蛹悶☆繧九→ FAIL[32m 1[2mms[22m[39m
 [32m笨・[39m src/features/action-engine/telemetry/__tests__/computeBehaviorTrendReviewResult.spec.ts[2m > [22mcomputeBehaviorTrendReviewResult[2m > [22mctaRate 縺ｮ謔ｪ蛹悶′髢ｾ蛟､繧剃ｸ句屓繧九→ FAIL[32m 1[2mms[22m[39m
 [32m笨・[39m src/features/action-engine/telemetry/__tests__/computeBehaviorTrendReviewResult.spec.ts[2m > [22mcomputeBehaviorTrendReviewResult[2m > [22m蟇ｾ雎｡ rule 縺ｮ縺ｿ縺ｧ隧穂ｾ｡縺吶ｋ[32m 1[2mms[22m[39m
 [32m笨・[39m src/features/action-engine/telemetry/__tests__/computeAssessmentStaleReviewResult.spec.ts[2m > [22mcomputeAssessmentStaleReviewResult[2m > [22mmin shown 譛ｪ貅縺ｯ NO_DATA[32m 5[2mms[22m[39m
 [32m笨・[39m src/features/action-engine/telemetry/__tests__/computeAssessmentStaleReviewResult.spec.ts[2m > [22mcomputeAssessmentStaleReviewResult[2m > [22msnoozeRate/resurfacedRate 縺後→繧ゅ↓謾ｹ蝟・∪縺溘・邯ｭ謖√↑繧・PASS[32m 1[2mms[22m[39m
 [32m笨・[39m src/features/action-engine/telemetry/__tests__/computeAssessmentStaleReviewResult.spec.ts[2m > [22mcomputeAssessmentStaleReviewResult[2m > [22msnoozeRate 縺梧が蛹悶☆繧九→ FAIL[32m 1[2mms[22m[39m
 [32m笨・[39m src/features/action-engine/telemetry/__tests__/computeAssessmentStaleReviewResult.spec.ts[2m > [22mcomputeAssessmentStaleReviewResult[2m > [22mresurfacedRate 縺梧が蛹悶☆繧九→ FAIL[32m 1[2mms[22m[39m
 [32m笨・[39m src/features/action-engine/telemetry/__tests__/computeAssessmentStaleReviewResult.spec.ts[2m > [22mcomputeAssessmentStaleReviewResult[2m > [22massessment-stale 縺ｨ data-insufficiency 繧貞粋邂苓ｩ穂ｾ｡縺吶ｋ[32m 2[2mms[22m[39m
 [32m笨・[39m src/features/users/infra/__tests__/InMemoryUserRepository.spec.ts[2m > [22mInMemoryUserRepository terminate[2m > [22mis idempotent and preserves existing ServiceEndDate[32m 6[2mms[22m[39m
 [32m笨・[39m src/features/users/infra/__tests__/InMemoryUserRepository.spec.ts[2m > [22mInMemoryUserRepository terminate[2m > [22mrejects update for terminated user[32m 4[2mms[22m[39m
 [32m笨・[39m src/features/reports/__tests__/MonthlySummaryExcel.spec.ts[2m > [22mexportMonthlySummary[2m > [22mmaps labels, sorts rows, and delegates to exportToExcel[32m 9[2mms[22m[39m
 [32m笨・[39m tests/unit/env.spec.ts[2m > [22mgetAppConfig[2m > [22mreturns memoized instance when called without override[32m 4[2mms[22m[39m
 [32m笨・[39m tests/unit/env.spec.ts[2m > [22mgetAppConfig[2m > [22mmaps environment variables with sensible defaults[32m 1[2mms[22m[39m
 [32m笨・[39m tests/unit/env.spec.ts[2m > [22mgetAppConfig[2m > [22mbypasses cache when override is provided[32m 2[2mms[22m[39m
 [32m笨・[39m src/features/daily/domain/__tests__/generateDailyReport.spec.ts[2m > [22mgenerateDailyReport[2m > [22mgenerates report with all statuses[32m 5[2mms[22m[39m
 [32m笨・[39m src/features/daily/domain/__tests__/generateDailyReport.spec.ts[2m > [22mgenerateDailyReport[2m > [22mmarks unrecorded items when no matching record exists[32m 2[2mms[22m[39m
 [32m笨・[39m src/features/daily/domain/__tests__/generateDailyReport.spec.ts[2m > [22mgenerateDailyReport[2m > [22mgenerates report with empty records[32m 1[2mms[22m[39m
 [32m笨・[39m src/features/daily/domain/__tests__/generateDailyReport.spec.ts[2m > [22mgenerateDailyReport[2m > [22mgenerates report with empty schedule[32m 1[2mms[22m[39m
 [32m笨・[39m src/features/daily/domain/__tests__/generateDailyReport.spec.ts[2m > [22mgenerateDailyReport[2m > [22mdoes not append arrow for triggered status without memo[32m 1[2mms[22m[39m
 [32m笨・[39m src/features/daily/domain/__tests__/generateDailyReport.spec.ts[2m > [22mgenerateDailyReport[2m > [22mformats date with slashes[32m 1[2mms[22m[39m
 [32m笨・[39m src/features/action-engine/domain/__tests__/suggestionDisplayTiming.spec.ts[2m > [22msuggestionDisplayTiming[2m > [22massessment-stale 縺ｯ騾ｱ蛻晢ｼ域怦譖懶ｼ峨〒縺ｯ髱櫁｡ｨ遉ｺ[32m 5[2mms[22m[39m
 [32m笨・[39m src/features/action-engine/domain/__tests__/suggestionDisplayTiming.spec.ts[2m > [22msuggestionDisplayTiming[2m > [22massessment-stale 縺ｯ蟷ｳ譌･荳ｭ逶､・域ｰｴ譖懶ｼ峨〒陦ｨ遉ｺ[32m 1[2mms[22m[39m
 [32m笨・[39m src/features/action-engine/domain/__tests__/suggestionDisplayTiming.spec.ts[2m > [22msuggestionDisplayTiming[2m > [22mdata-insufficiency 繧ょ酔縺倩｡ｨ遉ｺ繧ｿ繧､繝溘Φ繧ｰ蛻ｶ蠕｡繧貞女縺代ｋ[32m 1[2mms[22m[39m
 [32m笨・[39m src/features/action-engine/domain/__tests__/suggestionDisplayTiming.spec.ts[2m > [22msuggestionDisplayTiming[2m > [22m莉悶Ν繝ｼ繝ｫ縺ｯ譖懈律蛻ｶ髯舌ｒ蜿励￠縺ｪ縺・[32m 1[2mms[22m[39m
 [32m笨・[39m src/features/action-engine/domain/__tests__/suggestionDisplayTiming.spec.ts[2m > [22msuggestionDisplayTiming[2m > [22mfilterSuggestionsByDisplayTiming 縺ｧ蟇ｾ雎｡繝ｫ繝ｼ繝ｫ縺ｮ縺ｿ髯､螟悶＆繧後ｋ[32m 2[2mms[22m[39m
 [32m笨・[39m src/features/regulatory/__tests__/buildLastReassessmentMap.spec.ts[2m > [22mbuildLastReassessmentMap[2m > [22m遨ｺ繝槭ャ繝励↓縺ｯ遨ｺ繧定ｿ斐☆[32m 4[2mms[22m[39m
 [32m笨・[39m src/features/regulatory/__tests__/buildLastReassessmentMap.spec.ts[2m > [22mbuildLastReassessmentMap[2m > [22m隍・焚繧ｷ繝ｼ繝医・譛譁ｰ reviewedAt 繧呈治逕ｨ縺吶ｋ[32m 1[2mms[22m[39m
 [32m笨・[39m src/features/regulatory/__tests__/buildLastReassessmentMap.spec.ts[2m > [22mbuildLastReassessmentMap[2m > [22mreviewedAt 縺悟・縺ｦ null 縺ｮ蝣ｴ蜷・null 繧定ｿ斐☆[32m 1[2mms[22m[39m
 [32m笨・[39m src/features/regulatory/__tests__/buildLastReassessmentMap.spec.ts[2m > [22mbuildLastReassessmentMap[2m > [22m隍・焚蛻ｩ逕ｨ閠・ｒ蛟句挨縺ｫ蜃ｦ逅・☆繧・[32m 1[2mms[22m[39m
 [32m笨・[39m src/features/regulatory/__tests__/buildLastReassessmentMap.spec.ts[2m > [22mbuildLastReassessmentMap[2m > [22m荳驛ｨ null 豺ｷ蝨ｨ縺ｮ蝣ｴ蜷医］ull 莉･螟悶・譛譁ｰ繧定ｿ斐☆[32m 1[2mms[22m[39m
 [32m笨・[39m src/features/regulatory/__tests__/buildLastReassessmentMap.spec.ts[2m > [22mbuildLastReassessmentMap[2m > [22m繧ｷ繝ｼ繝医′遨ｺ驟榊・縺ｮ蝣ｴ蜷・null 繧定ｿ斐☆[32m 1[2mms[22m[39m
 [32m笨・[39m src/features/today/feedback/__tests__/operationFeedback.spec.ts[2m > [22moperationFeedback[2m > [22mreturns conflict feedback with warning toast contract[32m 5[2mms[22m[39m
 [32m笨・[39m src/features/today/feedback/__tests__/operationFeedback.spec.ts[2m > [22moperationFeedback[2m > [22mdetects schedules conflict errors from status and message[32m 1[2mms[22m[39m
 [32m笨・[39m src/features/today/feedback/__tests__/operationFeedback.spec.ts[2m > [22moperationFeedback[2m > [22mreturns rollback feedback with target user name[32m 1[2mms[22m[39m
 [32m笨・[39m src/features/today/feedback/__tests__/operationFeedback.spec.ts[2m > [22moperationFeedback[2m > [22mreturns non-blocking sync feedback that keeps main action successful[32m 1[2mms[22m[39m
 [32m笨・[39m src/features/today/__tests__/mapSuggestionToActionSource.spec.ts[2m > [22mmapSuggestionToActionSource[2m > [22m蝓ｺ譛ｬ逧・↑螟画鋤縺梧ｭ｣縺励＞[32m 5[2mms[22m[39m
 [32m笨・[39m src/features/today/__tests__/mapSuggestionToActionSource.spec.ts[2m > [22mmapSuggestionToActionSource[2m > [22mpayload 縺ｫ suggestion 蜈ｨ菴薙′菫晄戟縺輔ｌ繧・[32m 2[2mms[22m[39m
 [32m笨・[39m src/features/today/__tests__/mapSuggestionToActionSource.spec.ts[2m > [22mmapSuggestionToActionSource[2m > [22mP0 竊・P0, P1 竊・P1, P2 竊・P2 縺ｮ priority 螟画鋤[32m 1[2mms[22m[39m
 [32m笨・[39m src/features/today/__tests__/mapSuggestionToActionSource.spec.ts[2m > [22mmapSuggestionToActionSource[2m > [22mstableId 繧偵・繝ｼ繧ｹ縺ｨ縺励◆ ID 蜻ｽ蜷・[32m 1[2mms[22m[39m
 [32m笨・[39m src/lib/__tests__/odata.spec.ts[2m > [22mescapeODataString[2m > [22mdoubles single quotes[32m 5[2mms[22m[39m
 [32m笨・[39m src/lib/__tests__/odata.spec.ts[2m > [22mescapeODataString[2m > [22mhandles multiple single quotes[32m 1[2mms[22m[39m
 [32m笨・[39m src/lib/__tests__/odata.spec.ts[2m > [22mescapeODataString[2m > [22mstrips newlines and tabs[32m 1[2mms[22m[39m
 [32m笨・[39m src/lib/__tests__/odata.spec.ts[2m > [22mescapeODataString[2m > [22mhandles percent-encoded single quotes[32m 1[2mms[22m[39m
 [32m笨・[39m src/lib/__tests__/odata.spec.ts[2m > [22mescapeODataString[2m > [22mreturns empty string for empty input[32m 1[2mms[22m[39m
 [32m笨・[39m src/lib/__tests__/odata.spec.ts[2m > [22mescapeODataString[2m > [22mpasses through normal strings unchanged[32m 1[2mms[22m[39m
 [32m笨・[39m tests/unit/nurse.telemetry.spec.ts[2m > [22mnurse telemetry[2m > [22mforwards events to the configured transport[32m 7[2mms[22m[39m
 [32m笨・[39m tests/unit/nurse.telemetry.spec.ts[2m > [22mnurse telemetry[2m > [22mlogs for visibility when no transport is configured in non-production environments[32m 2[2mms[22m[39m
 [32m笨・[39m tests/unit/minuteWindow.spec.ts[2m > [22mminuteWindow helpers[2m > [22mderives the same UTC window for any timestamp inside the minute[32m 5[2mms[22m[39m
 [32m笨・[39m tests/unit/minuteWindow.spec.ts[2m > [22mminuteWindow helpers[2m > [22mmirrors the local clock when requested[32m 1[2mms[22m[39m
 [32m笨・[39m tests/unit/minuteWindow.spec.ts[2m > [22mminuteWindow helpers[2m > [22mprovides minute labels for logging and metrics[32m 1[2mms[22m[39m
 [32m笨・[39m tests/unit/useStaffAttendanceAdmin.preflight.spec.tsx[2m > [22mstaff attendance preflight[2m > [22msets read-only when SharePoint returns 401[32m 5[2mms[22m[39m
 [32m笨・[39m tests/unit/useStaffAttendanceAdmin.preflight.spec.tsx[2m > [22mstaff attendance preflight[2m > [22msets read-only when SharePoint returns 403[32m 1[2mms[22m[39m
 [32m笨・[39m tests/unit/useStaffAttendanceAdmin.preflight.spec.tsx[2m > [22mstaff attendance preflight[2m > [22msets read-only when list is missing[32m 2[2mms[22m[39m
 [32m笨・[39m tests/unit/useStaffAttendanceAdmin.preflight.spec.tsx[2m > [22mstaff attendance preflight[2m > [22mbecomes SharePoint-ready when preflight succeeds[32m 1[2mms[22m[39m
 [32m笨・[39m src/lib/sp/__tests__/telemetry.spec.ts[2m > [22mspQueryTelemetry[2m > [22mrecords basic telemetry metrics successfully[32m 7[2mms[22m[39m
 [32m笨・[39m src/lib/sp/__tests__/telemetry.spec.ts[2m > [22mspQueryTelemetry[2m > [22mrecords 429 throttle events correctly[32m 2[2mms[22m[39m
 [32m笨・[39m tests/unit/audit.spec.ts[2m > [22maudit localStorage helpers[2m > [22mpushAudit and readAudit round-trip[32m 5[2mms[22m[39m
 [32m笨・[39m tests/unit/audit.spec.ts[2m > [22maudit localStorage helpers[2m > [22mclearAudit removes stored logs[32m 1[2mms[22m[39m
 [32m笨・[39m tests/unit/audit.spec.ts[2m > [22maudit localStorage helpers[2m > [22mretainAuditWhere keeps only matching logs[32m 1[2mms[22m[39m
 [32m笨・[39m tests/unit/batchUtil.fallback.malformed.spec.ts[2m > [22mbatchUtil fallback parser (more malformed bodies)[2m > [22mhandles mixed LF-only endings and missing Content-ID lines[32m 8[2mms[22m[39m
 [32m笨・[39m tests/unit/batchUtil.fallback.malformed.spec.ts[2m > [22mbatchUtil fallback parser (more malformed bodies)[2m > [22mignores extra blank lines and odd casing for headers[32m 2[2mms[22m[39m
 [32m笨・[39m src/pages/__tests__/StaffAttendanceAdminPage.csv.spec.ts[2m > [22mStaffAttendanceAdminPage CSV Export[2m > [22mcsvEscape[2m > [22mescapes commas, quotes, and newlines correctly[32m 5[2mms[22m[39m
 [32m笨・[39m src/pages/__tests__/StaffAttendanceAdminPage.csv.spec.ts[2m > [22mStaffAttendanceAdminPage CSV Export[2m > [22mtoCsv[2m > [22mgenerates CSV with BOM, header, and rows[32m 2[2mms[22m[39m
 [32m笨・[39m src/pages/__tests__/StaffAttendanceAdminPage.csv.spec.ts[2m > [22mStaffAttendanceAdminPage CSV Export[2m > [22mtoCsv[2m > [22mhandles empty rows[32m 1[2mms[22m[39m
 [32m笨・[39m src/pages/__tests__/StaffAttendanceAdminPage.csv.spec.ts[2m > [22mStaffAttendanceAdminPage CSV Export[2m > [22mtoCsv[2m > [22mhandles special characters in data[32m 1[2mms[22m[39m
 [32m笨・[39m src/utils/__tests__/toLocalDateISO.spec.ts[2m > [22mtoLocalDateISO[2m > [22mreturns YYYY-MM-DD for a given date[32m 6[2mms[22m[39m
 [32m笨・[39m src/utils/__tests__/toLocalDateISO.spec.ts[2m > [22mtoLocalDateISO[2m > [22mpads single-digit month and day[32m 1[2mms[22m[39m
 [32m笨・[39m src/utils/__tests__/toLocalDateISO.spec.ts[2m > [22mtoLocalDateISO[2m > [22mhandles Dec 31 correctly[32m 1[2mms[22m[39m
 [32m笨・[39m src/utils/__tests__/toLocalDateISO.spec.ts[2m > [22mtoLocalDateISO[2m > [22mreturns local date, not UTC (demonstrates the toISOString bug)[32m 1[2mms[22m[39m
 [32m笨・[39m src/utils/__tests__/toLocalDateISO.spec.ts[2m > [22mtoLocalDateISO[2m > [22mdefaults to current date when no argument given[32m 1[2mms[22m[39m
 [32m笨・[39m src/features/schedules/__tests__/errors.conflict-feedback.spec.ts[2m > [22mclassifySchedulesError conflict feedback[2m > [22muses the shared operation feedback contract for 412 conflicts[32m 7[2mms[22m[39m
 [32m笨・[39m src/features/schedules/__tests__/errors.conflict-feedback.spec.ts[2m > [22mclassifySchedulesError conflict feedback[2m > [22mclassifies conflict keyword errors with the same contract[32m 2[2mms[22m[39m
 [32m笨・[39m src/features/daily/domain/__tests__/classifyQueueRecords.spec.ts[2m > [22mclassifyQueueRecords[2m > [22mheroRecordId 繧帝勁螟悶☆繧・[32m 5[2mms[22m[39m
 [32m笨・[39m src/features/daily/domain/__tests__/classifyQueueRecords.spec.ts[2m > [22mclassifyQueueRecords[2m > [22mheroRecordId 縺・null 縺ｪ繧蛾勁螟悶＠縺ｪ縺・[32m 1[2mms[22m[39m
 [32m笨・[39m src/features/daily/domain/__tests__/classifyQueueRecords.spec.ts[2m > [22mclassifyQueueRecords[2m > [22m菴懈・荳ｭ 竊・譛ｪ菴懈・ 縺ｮ鬆・〒荳ｦ縺ｶ[32m 1[2mms[22m[39m
 [32m笨・[39m src/features/daily/domain/__tests__/classifyQueueRecords.spec.ts[2m > [22mclassifyQueueRecords[2m > [22m蜈ｨ莉ｶ螳御ｺ・+ hero 髯､螟悶↑縺・竊・incomplete 遨ｺ[32m 1[2mms[22m[39m
 [32m笨・[39m src/features/daily/domain/__tests__/classifyQueueRecords.spec.ts[2m > [22mclassifyQueueRecords[2m > [22m遨ｺ驟榊・ 竊・蜈ｨ縺ｦ遨ｺ[32m 1[2mms[22m[39m
 [32m笨・[39m src/sharepoint/fields/__tests__/staffFields.drift.spec.ts[2m > [22mSTAFF_MASTER_CANDIDATES drift[2m > [22m讓呎ｺ門錐縺後◎縺ｮ縺ｾ縺ｾ隗｣豎ｺ縺輔ｌ繧具ｼ・rift 縺ｪ縺暦ｼ・[32m 6[2mms[22m[39m
 [32m笨・[39m src/sharepoint/fields/__tests__/staffFields.drift.spec.ts[2m > [22mSTAFF_MASTER_CANDIDATES drift[2m > [22mStaff_x0020_ID / Full_x0020_Name 縺ｪ縺ｩ縺ｮ繧ｹ繝壹・繧ｹ莉倥″蜀・Κ蜷阪′隗｣豎ｺ縺輔ｌ繧・(WARN)[32m 2[2mms[22m[39m
 [32m笨・[39m src/sharepoint/fields/__tests__/staffFields.drift.spec.ts[2m > [22mSTAFF_MASTER_CANDIDATES drift[2m > [22m蠢・医ヵ繧｣繝ｼ繝ｫ繝・(staffId, fullName, rbacRole, isActive) 縺梧純縺医・ isHealthy=true[32m 1[2mms[22m[39m
 [32m笨・[39m src/sharepoint/fields/__tests__/staffFields.drift.spec.ts[2m > [22mSTAFF_MASTER_CANDIDATES drift[2m > [22mStaffID 縺悟ｮ悟・縺ｫ谺關ｽ縺励※縺・ｌ縺ｰ isHealthy=false[32m 1[2mms[22m[39m
 [32m笨・[39m src/features/today/domain/buildServiceStructure.spec.ts[2m > [22mbuildServiceStructure[2m > [22mowner 縺悟ｽｹ蜑ｲ蜷阪〒繧り・蜩｡繝槭せ繧ｿ縺ｮ豌丞錐繧貞━蜈医＠縺ｦ逕滓ｴｻ莉玖ｭｷ縺ｫ蜑ｲ繧雁ｽ薙※繧・[32m 8[2mms[22m[39m
 [32m笨・[39m tests/unit/nurse.sync.spec.ts[2m > [22mnurse SharePoint upsert[2m > [22madds observation when none exists and updates on subsequent call[32m 8[2mms[22m[39m
 [32m笨・[39m tests/unit/exportCsv.spec.ts[2m > [22mbuildAuditCsv[2m > [22mbuilds csv with headers and basic row[32m 5[2mms[22m[39m
 [32m笨・[39m tests/unit/exportCsv.spec.ts[2m > [22mbuildAuditCsv[2m > [22mquotes values containing comma, quote, or newline[32m 2[2mms[22m[39m
 [32m笨・[39m tests/unit/exportCsv.spec.ts[2m > [22mbuildAuditCsv[2m > [22mtreats null and undefined values as empty cells[32m 1[2mms[22m[39m
 [32m笨・[39m tests/unit/exportCsv.spec.ts[2m > [22mdownloadCsv[2m > [22mcreates an object URL, triggers click, and revokes the URL[32m 14[2mms[22m[39m
 [32m笨・[39m src/domain/timeline/__tests__/resolveSourceRefPath.spec.ts[2m > [22mresolveSourceRefPath[2m > [22mdaily 竊・/daily/table[32m 4[2mms[22m[39m
 [32m笨・[39m src/domain/timeline/__tests__/resolveSourceRefPath.spec.ts[2m > [22mresolveSourceRefPath[2m > [22mincident 竊・/incidents?incidentId=INC-001[32m 1[2mms[22m[39m
 [32m笨・[39m src/domain/timeline/__tests__/resolveSourceRefPath.spec.ts[2m > [22mresolveSourceRefPath[2m > [22misp 竊・/support-plan-guide[32m 1[2mms[22m[39m
 [32m笨・[39m src/domain/timeline/__tests__/resolveSourceRefPath.spec.ts[2m > [22mresolveSourceRefPath[2m > [22mhandoff 竊・/handoff-timeline[32m 1[2mms[22m[39m
 [32m笨・[39m src/domain/timeline/__tests__/resolveSourceRefPath.spec.ts[2m > [22mresolveSourceRefPath[2m > [22mincident 窶・encodes special characters in incidentId[32m 1[2mms[22m[39m
 [32m笨・[39m src/features/action-engine/domain/__tests__/computeSnoozeUntil.spec.ts[2m > [22mcomputeSnoozeUntil[2m > [22mtomorrow 縺ｯ鄙梧律縺ｮ 00:00:00.000 繧定ｿ斐☆[32m 6[2mms[22m[39m
 [32m笨・[39m src/features/action-engine/domain/__tests__/computeSnoozeUntil.spec.ts[2m > [22mcomputeSnoozeUntil[2m > [22mthree-days 縺ｯ 72譎る俣蠕後ｒ霑斐☆[32m 1[2mms[22m[39m
 [32m笨・[39m src/features/action-engine/domain/__tests__/computeSnoozeUntil.spec.ts[2m > [22mcomputeSnoozeUntil[2m > [22mend-of-week 縺ｯ蠖楢ｩｲ騾ｱ縺ｮ譌･譖・23:59:59.999 繧定ｿ斐☆[32m 1[2mms[22m[39m
 [32m笨・[39m src/features/action-engine/domain/__tests__/computeSnoozeUntil.spec.ts[2m > [22mcomputeSnoozeUntil[2m > [22mend-of-week 縺ｯ譌･譖懈律縺ｮ蝣ｴ蜷医ｂ蠖捺律譛ｫ繧定ｿ斐☆[32m 1[2mms[22m[39m
[90mstdout[2m | src/features/monitoring/repositories/__tests__/createMonitoringMeetingRepository.phase3.spec.ts
[22m[39m[MSAL ENV] Validated successfully

 [32m笨・[39m src/features/monitoring/domain/monitoringDailyBehaviors.spec.ts[2m > [22maggregateMonitoringBehaviors[2m > [22m遨ｺ驟榊・縺ｯ蝠城｡瑚｡悟虚縺ｪ縺励ｒ霑斐☆[32m 6[2mms[22m[39m
 [32m笨・[39m src/features/monitoring/domain/monitoringDailyBehaviors.spec.ts[2m > [22maggregateMonitoringBehaviors[2m > [22m遞ｮ蛻･髮・ｨ医→ recentChange 繧堤ｮ怜・縺ｧ縺阪ｋ[32m 5[2mms[22m[39m
 [32m笨・[39m src/auth/__tests__/interactionStatus.spec.ts[2m > [22mInteractionStatus[2m > [22mexposes all expected status values[32m 6[2mms[22m[39m
 [32m笨・[39m src/auth/__tests__/interactionStatus.spec.ts[2m > [22mInteractionStatus[2m > [22mcontains exactly 7 status values[32m 2[2mms[22m[39m
 [32m笨・[39m src/auth/__tests__/interactionStatus.spec.ts[2m > [22mInteractionStatus[2m > [22mhas unique values (no duplicates)[32m 1[2mms[22m[39m
 [32m笨・[39m src/features/support-plan-guide/utils/__tests__/markdownExportGoals.spec.ts[2m > [22mbuildMarkdown 窶・goals 縺ｮ縺ｿ蜃ｺ蜉・[2m > [22mgoals 縺悟ｭ伜惠縺吶ｋ蝣ｴ蜷医∵ｧ矩蛹悶ョ繝ｼ繧ｿ縺瑚ｦ句・縺嶺ｻ倥″縺ｧ螻暮幕縺輔ｌ繧・[32m 5[2mms[22m[39m
 [32m笨・[39m src/features/support-plan-guide/utils/__tests__/markdownExportGoals.spec.ts[2m > [22mbuildMarkdown 窶・goals 縺ｮ縺ｿ蜃ｺ蜉・[2m > [22msupport goals 縺梧髪謠ｴ蜀・ｮｹ繧ｻ繧ｯ繧ｷ繝ｧ繝ｳ縺ｫ螻暮幕縺輔ｌ繧・[32m 1[2mms[22m[39m
 [32m笨・[39m src/features/support-plan-guide/utils/__tests__/markdownExportGoals.spec.ts[2m > [22mbuildMarkdown 窶・goals 縺ｮ縺ｿ蜃ｺ蜉・[2m > [22mgoals 縺檎ｩｺ縺ｮ蝣ｴ蜷医∫岼讓吶そ繧ｯ繧ｷ繝ｧ繝ｳ縺檎怐逡･縺輔ｌ繧・[32m 1[2mms[22m[39m
 [32m笨・[39m src/features/support-plan-guide/utils/__tests__/markdownExportGoals.spec.ts[2m > [22mbuildMarkdown 窶・goals 縺ｮ縺ｿ蜃ｺ蜉・[2m > [22m莉悶・繧ｻ繧ｯ繧ｷ繝ｧ繝ｳ・亥渕譛ｬ諠・ｱ遲会ｼ峨・豁｣蟶ｸ縺ｫ蜃ｺ蜉帙＆繧後ｋ[32m 1[2mms[22m[39m
 [32m笨・[39m src/features/diagnostics/health/__tests__/toAdminSummary.spec.ts[2m > [22mtoAdminSummary[2m > [22malways starts with 縲蝕ceberg-PDCA 迺ｰ蠅・ｨｺ譁ｭ縲・[32m 5[2mms[22m[39m
 [32m笨・[39m src/features/diagnostics/health/__tests__/toAdminSummary.spec.ts[2m > [22mtoAdminSummary[2m > [22mincludes generatedAt[32m 1[2mms[22m[39m
 [32m笨・[39m src/features/diagnostics/health/__tests__/toAdminSummary.spec.ts[2m > [22mtoAdminSummary[2m > [22mincludes counts in header[32m 1[2mms[22m[39m
 [32m笨・[39m src/features/diagnostics/health/__tests__/toAdminSummary.spec.ts[2m > [22mtoAdminSummary 窶・PASS[2m > [22mshows 笨・PASS emoji and icon[32m 1[2mms[22m[39m
 [32m笨・[39m src/features/diagnostics/health/__tests__/toAdminSummary.spec.ts[2m > [22mtoAdminSummary 窶・PASS[2m > [22mincludes setup completion message[32m 1[2mms[22m[39m
 [32m笨・[39m src/features/diagnostics/health/__tests__/toAdminSummary.spec.ts[2m > [22mtoAdminSummary 窶・PASS[2m > [22mincludes next step guidance[32m 1[2mms[22m[39m
 [32m笨・[39m src/features/diagnostics/health/__tests__/toAdminSummary.spec.ts[2m > [22mtoAdminSummary 窶・PASS[2m > [22mincludes Delete WARN footnote[32m 1[2mms[22m[39m
 [32m笨・[39m src/features/diagnostics/health/__tests__/toAdminSummary.spec.ts[2m > [22mtoAdminSummary 窶・WARN[2m > [22mshows 泯 WARN emoji[32m 1[2mms[22m[39m
 [32m笨・[39m src/features/diagnostics/health/__tests__/toAdminSummary.spec.ts[2m > [22mtoAdminSummary 窶・WARN[2m > [22mincludes 隕∝ｯｾ蠢・section[32m 1[2mms[22m[39m
 [32m笨・[39m src/features/diagnostics/health/__tests__/toAdminSummary.spec.ts[2m > [22mtoAdminSummary 窶・WARN[2m > [22mlists issue summaries (max 5)[32m 1[2mms[22m[39m
 [32m笨・[39m src/features/diagnostics/health/__tests__/toAdminSummary.spec.ts[2m > [22mtoAdminSummary 窶・WARN[2m > [22mincludes admin and field guidance[32m 1[2mms[22m[39m
 [32m笨・[39m src/features/diagnostics/health/__tests__/toAdminSummary.spec.ts[2m > [22mtoAdminSummary 窶・FAIL[2m > [22mshows 閥 FAIL emoji[32m 1[2mms[22m[39m
 [32m笨・[39m src/features/diagnostics/health/__tests__/toAdminSummary.spec.ts[2m > [22mtoAdminSummary 窶・FAIL[2m > [22mincludes admin action section[32m 1[2mms[22m[39m
 [32m笨・[39m src/features/diagnostics/health/__tests__/toAdminSummary.spec.ts[2m > [22mtoAdminSummary 窶・FAIL[2m > [22mshows FAIL issues first[32m 1[2mms[22m[39m
 [32m笨・[39m src/features/diagnostics/health/__tests__/toAdminSummary.spec.ts[2m > [22mtoAdminSummary 窶・edge cases[2m > [22mhandles missing counts gracefully[32m 1[2mms[22m[39m
 [32m笨・[39m src/features/diagnostics/health/__tests__/toAdminSummary.spec.ts[2m > [22mtoAdminSummary 窶・edge cases[2m > [22mhandles empty results array[32m 1[2mms[22m[39m
 [32m笨・[39m src/features/diagnostics/health/__tests__/toAdminSummary.spec.ts[2m > [22mtoAdminSummary 窶・edge cases[2m > [22mincludes nextAction label in issue summary[32m 1[2mms[22m[39m
 [32m笨・[39m src/features/today/domain/__tests__/calculateUrgency.spec.ts[2m > [22mcalculateUrgency[2m > [22mtargetTime 縺後↑縺・ｴ蜷医・ score=0 / isOverdue=false[32m 5[2mms[22m[39m
 [32m笨・[39m src/features/today/domain/__tests__/calculateUrgency.spec.ts[2m > [22mcalculateUrgency[2m > [22m莠亥ｮ壽凾蛻ｻ蜑阪・菴弱せ繧ｳ繧｢縺ｫ縺ｪ繧・[32m 2[2mms[22m[39m
 [32m笨・[39m src/features/today/domain/__tests__/calculateUrgency.spec.ts[2m > [22mcalculateUrgency[2m > [22mSLA雜・℃譎ゅ・ isOverdue=true 縺九▽繧ｹ繧ｳ繧｢縺悟､ｧ縺阪￥霍ｳ縺ｭ荳翫′繧・[32m 1[2mms[22m[39m
 [32m笨・[39m src/features/daily/domain/builders/__tests__/createDailyRecordSnapshot.spec.ts[2m > [22mcreateDailyRecordSnapshot[2m > [22m豈碑ｼ・↓荳崎ｦ√↑荳譎ょ､(id, mockDate, draft, updatedAt)繧定誠縺ｨ縺励◆繝励Ξ繝ｼ繝ｳ繧ｪ繝悶ず繧ｧ繧ｯ繝医ｒ霑斐☆[32m 6[2mms[22m[39m
 [32m笨・[39m src/features/daily/domain/builders/__tests__/createDailyRecordSnapshot.spec.ts[2m > [22mcreateDailyRecordSnapshot[2m > [22m驟榊・縺ｮ隕∫ｴ縺悟ｮ牙ｮ壼喧(繧ｽ繝ｼ繝域ｸ医∩繝ｻ荳諢上・遨ｺ逋ｽ髯､螟・縺輔ｌ繧・[32m 2[2mms[22m[39m
 [32m笨・[39m src/features/daily/domain/builders/__tests__/createDailyRecordSnapshot.spec.ts[2m > [22mcreateDailyRecordSnapshot[2m > [22m遨ｺ譁・ｭ励→ undefined 縺悟酔蛟､縺ｨ縺励※謇ｱ繧上ｌ繧・豁｣隕丞喧)[32m 2[2mms[22m[39m
 [32m笨・[39m src/features/daily/domain/builders/__tests__/createDailyRecordSnapshot.spec.ts[2m > [22mcreateDailyRecordSnapshot[2m > [22m繝阪せ繝医＆繧後◆繧ｪ繝悶ず繧ｧ繧ｯ繝・problemBehavior, seizureRecord)縺ｮ谺謳阪ｂ螳牙ｮ壹＠縺殱hape縺ｫ縺ｪ繧・[32m 1[2mms[22m[39m
 [32m笨・[39m tests/unit/minuteBasis.toggle.spec.ts[2m > [22mminute-basis toggle[2m > [22mUTC basis: window boundaries and caption stay aligned[32m 6[2mms[22m[39m
 [32m笨・[39m tests/unit/minuteBasis.toggle.spec.ts[2m > [22mminute-basis toggle[2m > [22mLocal basis: exclusive range and caption use local time label[32m 2[2mms[22m[39m
 [32m笨・[39m src/features/monitoring/repositories/__tests__/createMonitoringMeetingRepository.phase3.spec.ts[2m > [22mcreateMonitoringMeetingRepository 窶・Phase 3 繝｢繝ｼ繝牙・譖ｿ[2m > [22mmode=local 縺ｧ repository 縺瑚ｿ斐ｋ[32m 5[2mms[22m[39m
 [32m笨・[39m src/features/monitoring/repositories/__tests__/createMonitoringMeetingRepository.phase3.spec.ts[2m > [22mcreateMonitoringMeetingRepository 窶・Phase 3 繝｢繝ｼ繝牙・譖ｿ[2m > [22mmode=sharepoint + spClient 縺ｧ repository 縺瑚ｿ斐ｋ[32m 3[2mms[22m[39m
 [32m笨・[39m src/features/monitoring/repositories/__tests__/createMonitoringMeetingRepository.phase3.spec.ts[2m > [22mcreateMonitoringMeetingRepository 窶・Phase 3 繝｢繝ｼ繝牙・譖ｿ[2m > [22mUI螻､縺ｮ SP_ENABLED 蛻・ｲ舌ヱ繧ｿ繝ｼ繝ｳ: SP_ENABLED=true 竊・sharepoint mode[32m 1[2mms[22m[39m
 [32m笨・[39m src/features/monitoring/repositories/__tests__/createMonitoringMeetingRepository.phase3.spec.ts[2m > [22mcreateMonitoringMeetingRepository 窶・Phase 3 繝｢繝ｼ繝牙・譖ｿ[2m > [22mUI螻､縺ｮ SP_ENABLED 蛻・ｲ舌ヱ繧ｿ繝ｼ繝ｳ: SP_ENABLED=false 竊・local mode[32m 1[2mms[22m[39m
 [32m笨・[39m tests/unit/schedules/schedules.no-direct-sp.spec.ts[2m > [22mschedules: no direct SP access[2m > [22mgetScheduleRepository() in demo mode does not call spClient[32m 5[2mms[22m[39m
 [32m笨・[39m tests/unit/schedules/schedules.no-direct-sp.spec.ts[2m > [22mschedules: no direct SP access[2m > [22mdemo repo.list() does not call spClient[32m 1[2mms[22m[39m
 [32m笨・[39m tests/unit/deriveLastRecordDate.spec.ts[2m > [22mderiveLastRecordDate[2m > [22mreturns null for empty records[32m 4[2mms[22m[39m
 [32m笨・[39m tests/unit/deriveLastRecordDate.spec.ts[2m > [22mderiveLastRecordDate[2m > [22mreturns the single record date[32m 1[2mms[22m[39m
 [32m笨・[39m tests/unit/deriveLastRecordDate.spec.ts[2m > [22mderiveLastRecordDate[2m > [22mreturns the latest date among multiple records[32m 1[2mms[22m[39m
 [32m笨・[39m tests/unit/deriveLastRecordDate.spec.ts[2m > [22mderiveLastRecordDate[2m > [22mhandles records across multiple sheets[32m 1[2mms[22m[39m
 [32m笨・[39m src/features/ibd/analysis/pdca/__tests__/normalizePdcaPhase.spec.ts[2m > [22mnormalizePdcaPhase[2m > [22mPLAN 竊・plan[32m 4[2mms[22m[39m
 [32m笨・[39m src/features/ibd/analysis/pdca/__tests__/normalizePdcaPhase.spec.ts[2m > [22mnormalizePdcaPhase[2m > [22mDO 竊・do[32m 1[2mms[22m[39m
 [32m笨・[39m src/features/ibd/analysis/pdca/__tests__/normalizePdcaPhase.spec.ts[2m > [22mnormalizePdcaPhase[2m > [22mCHECK 竊・check[32m 1[2mms[22m[39m
 [32m笨・[39m src/features/ibd/analysis/pdca/__tests__/normalizePdcaPhase.spec.ts[2m > [22mnormalizePdcaPhase[2m > [22mACT 竊・act[32m 1[2mms[22m[39m
 [32m笨・[39m src/features/ibd/analysis/pdca/__tests__/normalizePdcaPhase.spec.ts[2m > [22mnormalizePdcaPhase[2m > [22m譛ｪ遏･縺ｮ蛟､縺ｫ蟇ｾ縺励※ plan 縺ｫ繝輔か繝ｼ繝ｫ繝舌ャ繧ｯ[32m 1[2mms[22m[39m
 [32m笨・[39m src/sharepoint/fields/__tests__/attendanceFields.drift.spec.ts[2m > [22mAttendance Drift Resistance[2m > [22mSTAFF_ATTENDANCE_CANDIDATES[2m > [22m讓呎ｺ門錐縺後◎縺ｮ縺ｾ縺ｾ隗｣豎ｺ縺輔ｌ繧・[32m 5[2mms[22m[39m
 [32m笨・[39m src/sharepoint/fields/__tests__/attendanceFields.drift.spec.ts[2m > [22mAttendance Drift Resistance[2m > [22mSTAFF_ATTENDANCE_CANDIDATES[2m > [22mStaffID / cr013_staffId 縺瑚ｧ｣豎ｺ縺輔ｌ繧・(WARN)[32m 1[2mms[22m[39m
 [32m笨・[39m src/sharepoint/fields/__tests__/attendanceFields.drift.spec.ts[2m > [22mAttendance Drift Resistance[2m > [22mSTAFF_ATTENDANCE_CANDIDATES[2m > [22m蠢・医メ繧ｧ繝・け・・taffId, RecordDate, Status・峨′讖溯・縺吶ｋ[32m 1[2mms[22m[39m
 [32m笨・[39m src/sharepoint/fields/__tests__/attendanceFields.drift.spec.ts[2m > [22mAttendance Drift Resistance[2m > [22mATTENDANCE_USERS_CANDIDATES[2m > [22mUserID / cr013_userCode 縺・UserCode 縺ｨ縺励※隗｣豎ｺ縺輔ｌ繧・(WARN)[32m 1[2mms[22m[39m
 [32m笨・[39m src/sharepoint/fields/__tests__/attendanceFields.drift.spec.ts[2m > [22mAttendance Drift Resistance[2m > [22mATTENDANCE_USERS_CANDIDATES[2m > [22m蠢・医メ繧ｧ繝・け縺梧ｩ溯・縺吶ｋ[32m 1[2mms[22m[39m
 [32m笨・[39m src/sharepoint/fields/__tests__/attendanceFields.drift.spec.ts[2m > [22mAttendance Drift Resistance[2m > [22mATTENDANCE_DAILY_CANDIDATES[2m > [22mcr013_ 繝励Ξ繝輔ぅ繝・け繧ｹ莉倥″繝輔ぅ繝ｼ繝ｫ繝峨′隗｣豎ｺ縺輔ｌ繧・(WARN)[32m 1[2mms[22m[39m
 [32m笨・[39m src/sharepoint/fields/__tests__/attendanceFields.drift.spec.ts[2m > [22mAttendance Drift Resistance[2m > [22mATTENDANCE_DAILY_CANDIDATES[2m > [22m蠢・磯・岼谺關ｽ譎ゅ↓ FAIL 蛻､螳・[32m 1[2mms[22m[39m
 [32m笨・[39m src/features/today/hooks/deriveUrgency.spec.ts[2m > [22mderiveUrgency[2m > [22mreturns high when minutesUntil <= 10[32m 5[2mms[22m[39m
 [32m笨・[39m src/features/today/hooks/deriveUrgency.spec.ts[2m > [22mderiveUrgency[2m > [22mreturns medium when minutesUntil is 11-30[32m 1[2mms[22m[39m
 [32m笨・[39m src/features/today/hooks/deriveUrgency.spec.ts[2m > [22mderiveUrgency[2m > [22mreturns low when minutesUntil > 30[32m 1[2mms[22m[39m
 [32m笨・[39m src/features/today/hooks/deriveUrgency.spec.ts[2m > [22mderiveUrgency[2m > [22mreturns high for negative minutesUntil[32m 1[2mms[22m[39m
 [32m笨・[39m tests/unit/env.url.spec.ts[2m > [22mnormalizeHttpsUrl[2m > [22mleaves https URLs unchanged[32m 5[2mms[22m[39m
 [32m笨・[39m tests/unit/env.url.spec.ts[2m > [22mnormalizeHttpsUrl[2m > [22mleaves localhost URLs unchanged (CI/E2E protection)[32m 1[2mms[22m[39m
 [32m笨・[39m tests/unit/env.url.spec.ts[2m > [22mnormalizeHttpsUrl[2m > [22mconverts http to https for production URLs[32m 1[2mms[22m[39m
 [32m笨・[39m tests/unit/env.url.spec.ts[2m > [22mnormalizeHttpsUrl[2m > [22mreturns empty string for empty input[32m 1[2mms[22m[39m
 [32m笨・[39m src/features/daily/domain/__tests__/nextIncompleteRecord.spec.ts[2m > [22mgetNextIncompleteRecord[2m > [22m蠕梧婿縺ｫ譛ｪ螳御ｺ・Ξ繧ｳ繝ｼ繝峨′縺ゅｌ縺ｰ縺昴ｌ繧定ｿ斐☆[32m 5[2mms[22m[39m
 [32m笨・[39m src/features/daily/domain/__tests__/nextIncompleteRecord.spec.ts[2m > [22mgetNextIncompleteRecord[2m > [22m蠕梧婿縺悟・縺ｦ螳御ｺ・↑繧牙・鬆ｭ縺九ｉ讀懃ｴ｢縺吶ｋ[32m 1[2mms[22m[39m
 [32m笨・[39m src/features/daily/domain/__tests__/nextIncompleteRecord.spec.ts[2m > [22mgetNextIncompleteRecord[2m > [22m蜈ｨ螳御ｺ・↑繧穎ull繧定ｿ斐☆[32m 1[2mms[22m[39m
 [32m笨・[39m src/features/daily/domain/__tests__/nextIncompleteRecord.spec.ts[2m > [22mgetNextIncompleteRecord[2m > [22m遨ｺ驟榊・縺ｪ繧穎ull繧定ｿ斐☆[32m 1[2mms[22m[39m
 [32m笨・[39m src/features/daily/domain/__tests__/nextIncompleteRecord.spec.ts[2m > [22mgetNextIncompleteRecord[2m > [22m蟄伜惠縺励↑縺ИD縺ｪ繧穎ull繧定ｿ斐☆[32m 1[2mms[22m[39m
 [32m笨・[39m src/features/daily/domain/__tests__/nextIncompleteRecord.spec.ts[2m > [22mgetNextIncompleteRecord[2m > [22m譛邨ゅΞ繧ｳ繝ｼ繝峨°繧峨〒繧ょ・鬆ｭ縺ｮ譛ｪ螳御ｺ・ｒ隕九▽縺代ｋ[32m 1[2mms[22m[39m
 [32m笨・[39m src/features/daily/domain/__tests__/nextIncompleteRecord.spec.ts[2m > [22mgetNextIncompleteRecord[2m > [22m閾ｪ蛻・・霄ｫ縺ｯ蟇ｾ雎｡螟厄ｼ亥ｮ御ｺ・ｸ医・current縺ｯ霑斐＆縺ｪ縺・ｼ・[32m 1[2mms[22m[39m
 [32m笨・[39m src/features/daily/domain/__tests__/nextIncompleteRecord.spec.ts[2m > [22mgetNextIncompleteRecord[2m > [22m1莉ｶ縺縺代〒譛ｪ螳御ｺ・↑繧穎ull・郁・蛻・・霄ｫ縺ｯ蟇ｾ雎｡螟厄ｼ・[32m 1[2mms[22m[39m
 [32m笨・[39m src/features/ibd/analysis/pdca/queries/__tests__/useIcebergEvidence.spec.ts[2m > [22museIcebergEvidence (aggregation logic)[2m > [22m遨ｺ驟榊・蜈･蜉・竊・null[32m 4[2mms[22m[39m
 [32m笨・[39m src/features/ibd/analysis/pdca/queries/__tests__/useIcebergEvidence.spec.ts[2m > [22museIcebergEvidence (aggregation logic)[2m > [22mplanningSheetId 莉倥″繧｢繧､繝・Β 竊・髮・ｨ・[32m 1[2mms[22m[39m
 [32m笨・[39m src/features/ibd/analysis/pdca/queries/__tests__/useIcebergEvidence.spec.ts[2m > [22museIcebergEvidence (aggregation logic)[2m > [22mnull userId 竊・useIcebergPdcaListQuery 縺・disabled[32m 1[2mms[22m[39m
 [32m笨・[39m tests/unit/monthpage.contracts.spec.tsx[2m > [22mMonthPage contracts[2m > [22mdoes not call useSchedules directly (items are provided by parent)[32m 8[2mms[22m[39m
 [32m笨・[39m src/sharepoint/fields/__tests__/serviceProvisionFields.drift.spec.ts[2m > [22mSERVICE_PROVISION_CANDIDATES drift[2m > [22m讓呎ｺ門錐縺後◎縺ｮ縺ｾ縺ｾ隗｣豎ｺ縺輔ｌ繧具ｼ・rift 縺ｪ縺暦ｼ・[32m 4[2mms[22m[39m
 [32m笨・[39m src/sharepoint/fields/__tests__/serviceProvisionFields.drift.spec.ts[2m > [22mSERVICE_PROVISION_CANDIDATES drift[2m > [22mcr013_ 繝励Ξ繝輔ぅ繝・け繧ｹ莉倥″蜀・Κ蜷阪′隗｣豎ｺ縺輔ｌ繧・(WARN)[32m 1[2mms[22m[39m
 [32m笨・[39m src/sharepoint/fields/__tests__/serviceProvisionFields.drift.spec.ts[2m > [22mSERVICE_PROVISION_CANDIDATES drift[2m > [22mUserID / Date 縺ｪ縺ｩ縺ｮ莉｣譖ｿ蜷阪′隗｣豎ｺ縺輔ｌ繧・(WARN)[32m 1[2mms[22m[39m
 [32m笨・[39m src/sharepoint/fields/__tests__/serviceProvisionFields.drift.spec.ts[2m > [22mSERVICE_PROVISION_CANDIDATES drift[2m > [22m蠢・医ヵ繧｣繝ｼ繝ｫ繝・(userCode, recordDate, status) 縺梧純縺医・ isHealthy=true[32m 1[2mms[22m[39m
 [32m笨・[39m src/sharepoint/fields/__tests__/serviceProvisionFields.drift.spec.ts[2m > [22mSERVICE_PROVISION_CANDIDATES drift[2m > [22mUserCode 縺悟ｮ悟・縺ｫ谺關ｽ縺励※縺・ｌ縺ｰ isHealthy=false[32m 1[2mms[22m[39m
 [32m笨・[39m tests/unit/calculateStaffConflicts.spec.ts[2m > [22mcalculateStaffConflicts[2m > [22m蜷後§繧ｹ繧ｿ繝・ヵ縺瑚､・焚繧ｹ繧ｱ繧ｸ繝･繝ｼ繝ｫ縺ｫ蜈･縺｣縺ｦ縺・ｋ縺ｨ繧ｳ繝ｳ繝輔Μ繧ｯ繝医ｒ讀懷・縺吶ｋ[32m 7[2mms[22m[39m
 [32m笨・[39m tests/unit/calculateStaffConflicts.spec.ts[2m > [22mcalculateStaffConflicts[2m > [22m繧ｹ繧ｿ繝・ヵID縺碁㍾隍・＠縺ｦ縺・↑縺代ｌ縺ｰ繧ｳ繝ｳ繝輔Μ繧ｯ繝医・逋ｺ逕溘＠縺ｪ縺・[32m 1[2mms[22m[39m
 [32m笨・[39m tests/unit/calculateStaffConflicts.spec.ts[2m > [22mcalculateStaffConflicts[2m > [22m繧ｹ繧ｿ繝・ヵID縺梧悴螳夂ｾｩ縺ｾ縺溘・遨ｺ縺ｮ蝣ｴ蜷医・繧ｹ繧ｭ繝・・縺吶ｋ[32m 1[2mms[22m[39m
 [32m笨・[39m tests/unit/calculateStaffConflicts.spec.ts[2m > [22mcalculateStaffConflicts[2m > [22m隍・焚縺ｮ繧ｹ繧ｿ繝・ヵ縺後◎繧後◇繧碁㍾隍・☆繧句ｴ蜷医ｒ驕ｩ蛻・↓讀懷・縺吶ｋ[32m 2[2mms[22m[39m
 [32m笨・[39m src/features/ibd/plans/support-plan/__tests__/monitoringEvidenceAdapter.spec.ts[2m > [22mmonitoringEvidenceAdapter[2m > [22mshould format records into a human-readable summary[32m 7[2mms[22m[39m
 [32m笨・[39m src/features/ibd/plans/support-plan/__tests__/monitoringEvidenceAdapter.spec.ts[2m > [22mmonitoringEvidenceAdapter[2m > [22mshould handle empty or missing fields gracefully[32m 1[2mms[22m[39m
 [32m笨・[39m src/features/monitoring/domain/monitoringDailyPeriod.spec.ts[2m > [22mbuildMonitoringPeriodMetrics[2m > [22m遨ｺ驟榊・縺ｯ繧ｼ繝ｭ蛟､繧定ｿ斐☆[32m 5[2mms[22m[39m
 [32m笨・[39m src/features/monitoring/domain/monitoringDailyPeriod.spec.ts[2m > [22mbuildMonitoringPeriodMetrics[2m > [22m驥崎､・律繧帝勁螟悶＠縺ｦ險倬鹸邇・ｒ邂怜・縺吶ｋ[32m 1[2mms[22m[39m
 [32m笨・[39m src/features/monitoring/domain/monitoringDailyPeriod.spec.ts[2m > [22mbuildMonitoringPeriodMetrics[2m > [22m蜈･蜉幃・↓萓晏ｭ倥○縺壽怙蟆乗律/譛螟ｧ譌･繧剃ｽｿ縺・[32m 1[2mms[22m[39m
 [32m笨・[39m tests/unit/hydration/budgets.spec.ts[2m > [22mhydration route budgets[2m > [22m蝓ｺ譛ｬ讒矩[2m > [22m蜷・Ν繝ｼ繝医お繝ｳ繝医Μ縺悟ｿ・医・繝ｭ繝代ユ繧｣・・d, label, budget・峨ｒ謖√▽縺薙→[32m 7[2mms[22m[39m
 [32m笨・[39m tests/unit/hydration/budgets.spec.ts[2m > [22mhydration route budgets[2m > [22m蝓ｺ譛ｬ讒矩[2m > [22m縺吶∋縺ｦ縺ｮ繝ｫ繝ｼ繝・D縺御ｸ諢上〒縺ゅｋ縺薙→・磯㍾隍・ｨｭ螳夐亟豁｢・・[32m 1[2mms[22m[39m
 [32m笨・[39m tests/unit/hydration/budgets.spec.ts[2m > [22mhydration route budgets[2m > [22m繝代ヵ繧ｩ繝ｼ繝槭Φ繧ｹ莠育ｮ怜宛邏・[2m > [22m縺吶∋縺ｦ縺ｮ繝ｫ繝ｼ繝医・莠育ｮ励′荳企剞・・00ms・峨ｒ雜・∴縺ｪ縺・％縺ｨ[32m 2[2mms[22m[39m
 [32m笨・[39m tests/unit/hydration/budgets.spec.ts[2m > [22mhydration route budgets[2m > [22m繝代ヵ繧ｩ繝ｼ繝槭Φ繧ｹ莠育ｮ怜宛邏・[2m > [22m縺吶∋縺ｦ縺ｮ繝ｫ繝ｼ繝医・莠育ｮ励′荳矩剞・・0ms・画悴貅縺ｧ縺ｪ縺・％縺ｨ・磯撼迴ｾ螳溽噪縺ｪ蛟､縺ｮ髦ｲ豁｢・・[32m 2[2mms[22m[39m
 [32m笨・[39m tests/unit/hydration/budgets.spec.ts[2m > [22mhydration route budgets[2m > [22m繝代ヵ繧ｩ繝ｼ繝槭Φ繧ｹ莠育ｮ怜宛邏・[2m > [22m莠育ｮ怜､縺梧紛謨ｰ縺ｧ縺ゅｋ縺薙→・医Α繝ｪ遘偵→縺励※驕ｩ蛻・ｼ・[32m 1[2mms[22m[39m
 [32m笨・[39m tests/unit/hydration/budgets.spec.ts[2m > [22mhydration route budgets[2m > [22m蠢・医Ν繝ｼ繝亥ｭ伜惠菫晁ｨｼ[2m > [22m讌ｭ蜍呵ｦ∽ｻｶ縺ｨ縺励※蠢・ｦ√↑蜈ｨ繧ｹ繧ｱ繧ｸ繝･繝ｼ繝ｫ繝ｫ繝ｼ繝医′蟄伜惠縺吶ｋ縺薙→[32m 1[2mms[22m[39m
 [32m笨・[39m tests/unit/hydration/budgets.spec.ts[2m > [22mhydration route budgets[2m > [22m蠢・医Ν繝ｼ繝亥ｭ伜惠菫晁ｨｼ[2m > [22m蠢・医Ν繝ｼ繝医′縺吶∋縺ｦ驕ｩ蛻・↑莠育ｮ励ｒ謖√▽縺薙→[32m 1[2mms[22m[39m
[90mstdout[2m | tests/unit/spClient.optionalFields.spec.ts
[22m[39m[MSAL ENV] Validated successfully

 [32m笨・[39m tests/unit/env.featureFlags.spec.ts[2m > [22menv feature toggles[2m > [22mreturns true when env overrides enable schedules feature flags[32m 5[2mms[22m[39m
 [32m笨・[39m tests/unit/env.featureFlags.spec.ts[2m > [22menv feature toggles[2m > [22mfalls back to localStorage flag values when env values are falsey[32m 1[2mms[22m[39m
 [32m笨・[39m tests/unit/env.featureFlags.spec.ts[2m > [22menv feature toggles[2m > [22mshouldSkipLogin respects env toggles and localStorage overrides[32m 1[2mms[22m[39m
[90mstdout[2m | tests/unit/daily/daily.no-direct-sp.spec.ts
[22m[39m[MSAL ENV] Validated successfully

 [32m笨・[39m src/sharepoint/fields/__tests__/billingFields.drift.spec.ts[2m > [22mBILLING_SUMMARY_CANDIDATES drift[2m > [22m讓呎ｺ門錐縺後◎縺ｮ縺ｾ縺ｾ隗｣豎ｺ縺輔ｌ繧具ｼ・rift 縺ｪ縺暦ｼ・[32m 7[2mms[22m[39m
 [32m笨・[39m src/sharepoint/fields/__tests__/billingFields.drift.spec.ts[2m > [22mBILLING_SUMMARY_CANDIDATES drift[2m > [22m遨ｺ逋ｽ繧ｨ繝ｳ繧ｳ繝ｼ繝牙錐 (_x0020_) 縺瑚ｧ｣豎ｺ縺輔ｌ繧・(WARN)[32m 2[2mms[22m[39m
 [32m笨・[39m src/sharepoint/fields/__tests__/billingFields.drift.spec.ts[2m > [22mBILLING_SUMMARY_CANDIDATES drift[2m > [22m蠢・医ヵ繧｣繝ｼ繝ｫ繝峨′謠・∴縺ｰ isHealthy=true[32m 1[2mms[22m[39m
 [32m笨・[39m src/sharepoint/fields/__tests__/billingFields.drift.spec.ts[2m > [22mBILLING_SUMMARY_CANDIDATES drift[2m > [22mUserId 縺悟ｮ悟・縺ｫ谺關ｽ縺励※縺・ｌ縺ｰ isHealthy=false[32m 1[2mms[22m[39m
 [32m笨・[39m src/sharepoint/fields/__tests__/surveyTokuseiFields.drift.spec.ts[2m > [22mSURVEY_TOKUSEI_CANDIDATES drift[2m > [22m讓呎ｺ門錐縺後◎縺ｮ縺ｾ縺ｾ隗｣豎ｺ縺輔ｌ繧具ｼ・rift 縺ｪ縺暦ｼ・[32m 7[2mms[22m[39m
 [32m笨・[39m src/sharepoint/fields/__tests__/surveyTokuseiFields.drift.spec.ts[2m > [22mSURVEY_TOKUSEI_CANDIDATES drift[2m > [22m遨ｺ逋ｽ繧ｨ繝ｳ繧ｳ繝ｼ繝牙錐 (_x0020_) 縺瑚ｧ｣豎ｺ縺輔ｌ繧・(WARN)[32m 2[2mms[22m[39m
 [32m笨・[39m src/sharepoint/fields/__tests__/surveyTokuseiFields.drift.spec.ts[2m > [22mSURVEY_TOKUSEI_CANDIDATES drift[2m > [22m蠢・医ヵ繧｣繝ｼ繝ｫ繝・(ResponderName) 縺梧純縺医・ isHealthy=true[32m 1[2mms[22m[39m
 [32m笨・[39m src/sharepoint/fields/__tests__/surveyTokuseiFields.drift.spec.ts[2m > [22mSURVEY_TOKUSEI_CANDIDATES drift[2m > [22mResponderName 縺梧ｬ關ｽ縺励※縺・ｌ縺ｰ isHealthy=false[32m 2[2mms[22m[39m
 [32m笨・[39m src/features/planning-sheet/domain/__tests__/filterAuditHistory.spec.ts[2m > [22mfilterAuditHistoryRecords[2m > [22mreturns all records for all filter[32m 4[2mms[22m[39m
 [32m笨・[39m src/features/planning-sheet/domain/__tests__/filterAuditHistory.spec.ts[2m > [22mfilterAuditHistoryRecords[2m > [22mreturns only behavior monitoring records for monitoring filter[32m 2[2mms[22m[39m
 [32m笨・[39m src/features/planning-sheet/domain/__tests__/filterAuditHistory.spec.ts[2m > [22mfilterAuditHistoryRecords[2m > [22mreturns non-monitoring records for assessment filter[32m 1[2mms[22m[39m
 [32m笨・[39m tests/unit/prefetch.tracker.spec.ts[2m > [22mprefetch tracker HUD broadcast[2m > [22mbroadcasts prefetch entries to global HUD object and does not re-broadcast unchanged data on touch[32m 7[2mms[22m[39m
 [32m笨・[39m src/features/attendance/__tests__/attendance.autoNext.spec.ts[2m > [22mgetNextTargetUserCode[2m > [22mprioritizes checked-in rows with missing temperature[32m 4[2mms[22m[39m
 [32m笨・[39m src/features/attendance/__tests__/attendance.autoNext.spec.ts[2m > [22mgetNextTargetUserCode[2m > [22mfalls back to canCheckIn row when all checked-in rows have temperature[32m 1[2mms[22m[39m
 [32m笨・[39m src/features/attendance/__tests__/attendance.autoNext.spec.ts[2m > [22mgetNextTargetUserCode[2m > [22mreturns null when all rows are complete[32m 1[2mms[22m[39m
 [32m笨・[39m tests/unit/batchUtil.fallback.single.spec.ts[2m > [22mbatch parser single HTTP line fallback trigger[2m > [22mfallback activates when only one HTTP line and boundary mismatch[32m 7[2mms[22m[39m
 [32m笨・[39m tests/unit/schedules.spRowSchema.spec.ts[2m > [22mmapSpCategoryToDomain[2m > [22mmaps known SharePoint categories to domain lanes[32m 6[2mms[22m[39m
 [32m笨・[39m tests/unit/schedules.spRowSchema.spec.ts[2m > [22mmapSpCategoryToDomain[2m > [22mdefaults missing or unknown categories to Org with a warning[32m 2[2mms[22m[39m
 [32m笨・[39m tests/unit/spClient.optionalFields.spec.ts[2m > [22mspClient optional field fallback[2m > [22mretries without optional fields when SharePoint reports missing FullNameKana[32m 9[2mms[22m[39m
 [32m笨・[39m tests/unit/spClient.optionalFields.spec.ts[2m > [22mspClient optional field fallback[2m > [22mdrops any non-required Staff_Master column when SharePoint reports it missing[32m 2[2mms[22m[39m
 [32m笨・[39m tests/unit/spClient.optionalFields.spec.ts[2m > [22mspClient optional field fallback[2m > [22mfalls back to requesting Staff_Master without StaffID when the column is absent[32m 2[2mms[22m[39m
 [32m笨・[39m tests/unit/spClient.optionalFields.spec.ts[2m > [22mspClient optional field fallback[2m > [22mnarrows Staff_Master select list even if SharePoint error does not reveal the missing field[32m 2[2mms[22m[39m
 [32m笨・[39m tests/unit/spClient.optionalFields.spec.ts[2m > [22mspClient optional field fallback[2m > [22mskips cached optional fields on subsequent requests[32m 3[2mms[22m[39m
 [32m笨・[39m tests/unit/spClient.optionalFields.spec.ts[2m > [22mspClient optional field fallback[2m > [22mrestores optional fields after cache reset[32m 5[2mms[22m[39m
 [32m笨・[39m tests/unit/spClient.optionalFields.spec.ts[2m > [22mspClient optional field fallback[2m > [22mparses staff list overrides into identifiers[32m 2[2mms[22m[39m
 [32m笨・[39m tests/unit/daily/daily.no-direct-sp.spec.ts[2m > [22mDaily no-direct-sp guard[2m > [22mdemo init does not call spClient[32m 5[2mms[22m[39m
 [32m笨・[39m tests/unit/daily/daily.no-direct-sp.spec.ts[2m > [22mDaily no-direct-sp guard[2m > [22mdemo load() does not call spClient[32m 1[2mms[22m[39m
 [32m笨・[39m tests/unit/serviceTypes.normalize.spec.ts[2m > [22mserviceTypes.normalizeServiceType[2m > [22mreturns exact matches for canonical values[32m 6[2mms[22m[39m
 [32m笨・[39m tests/unit/serviceTypes.normalize.spec.ts[2m > [22mserviceTypes.normalizeServiceType[2m > [22mtrims whitespace and rejects unknown values[32m 1[2mms[22m[39m
 [32m笨・[39m tests/unit/auth.msalMock.spec.ts[2m > [22mmsal mock helpers[2m > [22mexposes initMsalMock without throwing[32m 5[2mms[22m[39m
 [32m笨・[39m tests/unit/auth.msalMock.spec.ts[2m > [22mmsal mock helpers[2m > [22mexposes resetMsalMockSignal without throwing[32m 1[2mms[22m[39m
[90mstdout[2m | tests/unit/useAuditSyncBatch.summary.spec.ts
[22m[39m[MSAL ENV] Validated successfully

 [32m笨・[39m src/features/today/telemetry/computeKioskUxKpis.spec.ts[2m > [22mcomputeKioskUxKpis[2m > [22maggregates kiosk flow counts[32m 5[2mms[22m[39m
 [32m笨・[39m src/features/today/telemetry/computeKioskUxKpis.spec.ts[2m > [22mcomputeKioskUxKpis[2m > [22mcalculates median metrics for visibility refresh and quick record save[32m 1[2mms[22m[39m
 [32m笨・[39m tests/unit/authDiag.spec.ts[2m > [22mbuildAuthDiagCopyText[2m > [22mbuilds copy text with defaults[32m 5[2mms[22m[39m
 [32m笨・[39m tests/unit/authDiag.spec.ts[2m > [22mbuildAuthDiagCopyText[2m > [22muses provided metadata[32m 1[2mms[22m[39m
 [32m笨・[39m src/features/telemetry/components/ui/AnomalyStatusChip.spec.ts[2m > [22mderiveAnomalyUiStatus[2m > [22mtotalEvents=0 縺ｯ unknown 繧定ｿ斐☆[32m 4[2mms[22m[39m
 [32m笨・[39m src/features/telemetry/components/ui/AnomalyStatusChip.spec.ts[2m > [22mderiveAnomalyUiStatus[2m > [22mwarningCount>0 縺ｯ warning 繧定ｿ斐☆[32m 1[2mms[22m[39m
 [32m笨・[39m src/features/telemetry/components/ui/AnomalyStatusChip.spec.ts[2m > [22mderiveAnomalyUiStatus[2m > [22m繧､繝吶Φ繝医≠繧・+ warning 0 縺ｯ ok 繧定ｿ斐☆[32m 1[2mms[22m[39m
 [32m笨・[39m src/sharepoint/fields/__tests__/scheduleFields.drift.spec.ts[2m > [22mSchedule Events Drift Resistance[2m > [22m讓呎ｺ門錐 (Title, EventDate, EndDate) 縺瑚ｧ｣豎ｺ縺輔ｌ繧・[32m 6[2mms[22m[39m
 [32m笨・[39m src/sharepoint/fields/__tests__/scheduleFields.drift.spec.ts[2m > [22mSchedule Events Drift Resistance[2m > [22m蜀埼∽ｻ倡畑蜀・Κ蜷・(cr014_status, cr014_rowKey) 縺瑚ｧ｣豎ｺ縺輔ｌ繧・(WARN)[32m 2[2mms[22m[39m
 [32m笨・[39m src/sharepoint/fields/__tests__/scheduleFields.drift.spec.ts[2m > [22mSchedule Events Drift Resistance[2m > [22m蠢・医メ繧ｧ繝・け・・itle, start, end・峨′讖溯・縺吶ｋ[32m 1[2mms[22m[39m
 [32m笨・[39m src/sharepoint/fields/__tests__/scheduleFields.drift.spec.ts[2m > [22mSchedule Events Drift Resistance[2m > [22m繧ｹ繧ｿ繝ｼ繝域律縺梧ｬ關ｽ縺励※縺・ｋ蝣ｴ蜷医↓ FAIL 蛻､螳・[32m 1[2mms[22m[39m
 [32m笨・[39m src/sharepoint/fields/__tests__/meetingMinutesFields.drift.spec.ts[2m > [22mMeeting Minutes Drift Resistance[2m > [22m讓呎ｺ門錐 (MeetingDate, Category) 縺瑚ｧ｣豎ｺ縺輔ｌ繧・[32m 6[2mms[22m[39m
 [32m笨・[39m src/sharepoint/fields/__tests__/meetingMinutesFields.drift.spec.ts[2m > [22mMeeting Minutes Drift Resistance[2m > [22mcr013_meetingDate / cr013_category 縺瑚ｧ｣豎ｺ縺輔ｌ繧・(drift)[32m 1[2mms[22m[39m
 [32m笨・[39m src/sharepoint/fields/__tests__/meetingMinutesFields.drift.spec.ts[2m > [22mMeeting Minutes Drift Resistance[2m > [22m莉｣譖ｿ蜷・Date / MeetingCategory 縺瑚ｧ｣豎ｺ縺輔ｌ繧・(drift)[32m 1[2mms[22m[39m
 [32m笨・[39m src/sharepoint/fields/__tests__/meetingMinutesFields.drift.spec.ts[2m > [22mMeeting Minutes Drift Resistance[2m > [22m蠢・医メ繧ｧ繝・け・・eetingDate, category・峨′讖溯・縺吶ｋ[32m 1[2mms[22m[39m
 [32m笨・[39m src/sharepoint/fields/__tests__/meetingMinutesFields.drift.spec.ts[2m > [22mMeeting Minutes Drift Resistance[2m > [22mCategory 縺梧ｬ關ｽ縺励※縺・ｋ蝣ｴ蜷医↓ FAIL 蛻､螳・[32m 1[2mms[22m[39m
 [32m笨・[39m src/sharepoint/fields/__tests__/ispThreeLayerFields.drift.spec.ts[2m > [22mISP Three Layer Drift Resistance[2m > [22mPROCEDURE_RECORD_CANDIDATES (謾ｯ謠ｴ謇矩・ｨ倬鹸)[2m > [22m讓呎ｺ門錐縺瑚ｧ｣豎ｺ縺輔ｌ繧・[32m 5[2mms[22m[39m
 [32m笨・[39m src/sharepoint/fields/__tests__/ispThreeLayerFields.drift.spec.ts[2m > [22mISP Three Layer Drift Resistance[2m > [22mPROCEDURE_RECORD_CANDIDATES (謾ｯ謠ｴ謇矩・ｨ倬鹸)[2m > [22mcr013_userCode / cr013_recordDate 縺瑚ｧ｣豎ｺ縺輔ｌ繧・(WARN)[32m 2[2mms[22m[39m
 [32m笨・[39m src/sharepoint/fields/__tests__/ispThreeLayerFields.drift.spec.ts[2m > [22mISP Three Layer Drift Resistance[2m > [22mPROCEDURE_RECORD_CANDIDATES (謾ｯ謠ｴ謇矩・ｨ倬鹸)[2m > [22m蠢・医メ繧ｧ繝・け・・serCode, PlanningSheetId, RecordDate・峨′讖溯・縺吶ｋ[32m 1[2mms[22m[39m
 [32m笨・[39m src/sharepoint/fields/__tests__/ispThreeLayerFields.drift.spec.ts[2m > [22mISP Three Layer Drift Resistance[2m > [22mPROCEDURE_RECORD_CANDIDATES (謾ｯ謠ｴ謇矩・ｨ倬鹸)[2m > [22m蠢・磯・岼谺關ｽ譎ゅ↓ FAIL 蛻､螳・[32m 1[2mms[22m[39m
 [32m笨・[39m src/sharepoint/fields/__tests__/ispThreeLayerFields.drift.spec.ts[2m > [22mISP Three Layer Drift Resistance[2m > [22mISP_MASTER_CANDIDATES (蛟句挨謾ｯ謠ｴ險育判繝槭せ繧ｿ繝ｼ)[2m > [22mcr013_status / UsageStatus 縺・Status 縺ｨ縺励※隗｣豎ｺ縺輔ｌ繧・(WARN)[32m 1[2mms[22m[39m
 [32m笨・[39m src/sharepoint/fields/__tests__/ispThreeLayerFields.drift.spec.ts[2m > [22mISP Three Layer Drift Resistance[2m > [22mISP_MASTER_CANDIDATES (蛟句挨謾ｯ謠ｴ險育判繝槭せ繧ｿ繝ｼ)[2m > [22m蠢・医メ繧ｧ繝・け縺梧ｩ溯・縺吶ｋ[32m 1[2mms[22m[39m
 [32m笨・[39m src/sharepoint/fields/__tests__/ispThreeLayerFields.drift.spec.ts[2m > [22mISP Three Layer Drift Resistance[2m > [22mPLANNING_SHEET_CANDIDATES (謾ｯ謠ｴ險育判繧ｷ繝ｼ繝・[2m > [22mISPLookupId 縺・ISPId 縺ｨ縺励※隗｣豎ｺ縺輔ｌ繧・(WARN)[32m 1[2mms[22m[39m
 [32m笨・[39m src/sharepoint/fields/__tests__/handoffFields.drift.spec.ts[2m > [22mHandoff Drift Resistance[2m > [22m讓呎ｺ門錐 (Message, UserCode, Category) 縺瑚ｧ｣豎ｺ縺輔ｌ繧・[32m 8[2mms[22m[39m
 [32m笨・[39m src/sharepoint/fields/__tests__/handoffFields.drift.spec.ts[2m > [22mHandoff Drift Resistance[2m > [22mcr013_message / cr013_userCode 縺瑚ｧ｣豎ｺ縺輔ｌ繧・(drift)[32m 1[2mms[22m[39m
 [32m笨・[39m src/sharepoint/fields/__tests__/handoffFields.drift.spec.ts[2m > [22mHandoff Drift Resistance[2m > [22m莉｣譖ｿ蜷・Body / cr013_usercode 縺瑚ｧ｣豎ｺ縺輔ｌ繧・(drift)[32m 1[2mms[22m[39m
 [32m笨・[39m src/sharepoint/fields/__tests__/handoffFields.drift.spec.ts[2m > [22mHandoff Drift Resistance[2m > [22m蠢・医メ繧ｧ繝・け・・essage, userCode, category・峨′讖溯・縺吶ｋ[32m 1[2mms[22m[39m
 [32m笨・[39m src/sharepoint/fields/__tests__/handoffFields.drift.spec.ts[2m > [22mHandoff Drift Resistance[2m > [22mUserCode 縺梧ｬ關ｽ縺励※縺・ｋ蝣ｴ蜷医↓ FAIL 蛻､螳・[32m 2[2mms[22m[39m
 [2m[90m竊・[39m[22m src/features/schedules/__tests__/weekview-density-guardrails.test.ts[2m > [22mWeekView density guardrails[2m > [22mlane grid density[2m > [22mmaintains gridAutoColumns minmax values (240/260px)
 [2m[90m竊・[39m[22m src/features/schedules/__tests__/weekview-density-guardrails.test.ts[2m > [22mWeekView density guardrails[2m > [22mlane grid density[2m > [22mmaintains grid gap of 12 in main item list
 [2m[90m竊・[39m[22m src/features/schedules/__tests__/weekview-density-guardrails.test.ts[2m > [22mWeekView density guardrails[2m > [22mlane grid density[2m > [22mmaintains minWidth (240/260px)
 [2m[90m竊・[39m[22m src/features/schedules/__tests__/weekview-density-guardrails.test.ts[2m > [22mWeekView density guardrails[2m > [22mlane grid density[2m > [22mrejects regression to wider lanes (280px)
 [2m[90m竊・[39m[22m src/features/schedules/__tests__/weekview-density-guardrails.test.ts[2m > [22mWeekView density guardrails[2m > [22mlane section spacing[2m > [22mmaintains padding of 8
 [2m[90m竊・[39m[22m src/features/schedules/__tests__/weekview-density-guardrails.test.ts[2m > [22mWeekView density guardrails[2m > [22mlane section spacing[2m > [22mmaintains header marginBottom of 8
 [2m[90m竊・[39m[22m src/features/schedules/__tests__/weekview-density-guardrails.test.ts[2m > [22mWeekView density guardrails[2m > [22mlane section spacing[2m > [22mrejects regression to padding 12
 [2m[90m竊・[39m[22m src/features/schedules/__tests__/weekview-density-guardrails.test.ts[2m > [22mWeekView density guardrails[2m > [22mlane section spacing[2m > [22mrejects regression to marginBottom 12
 [2m[90m竊・[39m[22m src/features/schedules/__tests__/weekview-density-guardrails.test.ts[2m > [22mWeekView density guardrails[2m > [22mcard content spacing className[2m > [22mmaintains compact mobile spacing (px-3 py-2)
 [2m[90m竊・[39m[22m src/features/schedules/__tests__/weekview-density-guardrails.test.ts[2m > [22mWeekView density guardrails[2m > [22mcard content spacing className[2m > [22mmaintains tablet/desktop spacing (sm:px-4 sm:py-3)
 [2m[90m竊・[39m[22m src/features/schedules/__tests__/weekview-density-guardrails.test.ts[2m > [22mWeekView density guardrails[2m > [22mcard content spacing className[2m > [22mmaintains gap-1.5 between card content elements
 [2m[90m竊・[39m[22m src/features/schedules/__tests__/weekview-density-guardrails.test.ts[2m > [22mWeekView density guardrails[2m > [22mcard content spacing className[2m > [22mmaintains sm:gap-2 for tablet spacing
 [2m[90m竊・[39m[22m src/features/schedules/__tests__/weekview-density-guardrails.test.ts[2m > [22mWeekView density guardrails[2m > [22mcard content spacing className[2m > [22mrejects regression to wider card content (px-4 py-3)
 [2m[90m竊・[39m[22m src/features/schedules/__tests__/weekview-density-guardrails.test.ts[2m > [22mWeekView density guardrails[2m > [22mcard content spacing className[2m > [22mrejects regression to gap-2 on mobile
 [32m笨・[39m src/features/schedules/__tests__/weekview-density-guardrails.test.ts[2m > [22mWeekView density guardrails[2m > [22mconsistency across all density values[2m > [22mall grid/spacing values align to compact density scheme[32m 5[2mms[22m[39m
 [32m笨・[39m tests/unit/useAuditSyncBatch.summary.spec.ts[2m > [22museAuditSyncBatch summarizers[2m > [22msummarizeBatchStatuses counts success/duplicate/failed[32m 5[2mms[22m[39m
 [32m笨・[39m tests/unit/useAuditSyncBatch.summary.spec.ts[2m > [22museAuditSyncBatch summarizers[2m > [22mselectForRetry returns only non-success and non-409 ids[32m 2[2mms[22m[39m
 [32m笨・[39m src/sharepoint/fields/__tests__/planningSheet.drift.spec.ts[2m > [22mPLANNING_SHEET_CANDIDATES drift[2m > [22m讓呎ｺ門錐 (UserCode, Status 遲・ 縺後◎縺ｮ縺ｾ縺ｾ隗｣豎ｺ縺輔ｌ繧具ｼ・rift 縺ｪ縺暦ｼ・[32m 5[2mms[22m[39m
 [32m笨・[39m src/sharepoint/fields/__tests__/planningSheet.drift.spec.ts[2m > [22mPLANNING_SHEET_CANDIDATES drift[2m > [22mUserID 繧・UsageStatus 縺ｪ縺ｨ繧吶・蛻･蜷阪※繧吶ｂ隗｣豎ｺ縺輔ｌ繧具ｼ・rift 縺ゅｊ・・[32m 2[2mms[22m[39m
 [32m笨・[39m src/sharepoint/fields/__tests__/planningSheet.drift.spec.ts[2m > [22mPLANNING_SHEET_CANDIDATES drift[2m > [22m蠢・医ヵ繧｣繝ｼ繝ｫ繝・(userCode) 縺梧ｬ關ｽ縺励※縺・ｋ蝣ｴ蜷医↓讀懷・縺ｧ縺阪ｋ[32m 1[2mms[22m[39m
 [32m笨・[39m src/sharepoint/fields/__tests__/planningSheet.drift.spec.ts[2m > [22mPLANNING_SHEET_CANDIDATES drift[2m > [22m莉ｻ諢上ヵ繧｣繝ｼ繝ｫ繝・(ispId) 縺梧ｬ關ｽ縺励※縺・※繧ょｿ・医′謠・▲縺ｦ縺・ｌ縺ｰ Healthy[32m 1[2mms[22m[39m
 [32m笨・[39m tests/unit/utils.cn.spec.ts[2m > [22mcn utility[2m > [22mflattens nested arrays and objects while deduplicating values[32m 6[2mms[22m[39m
 [32m笨・[39m tests/unit/utils.cn.spec.ts[2m > [22mcn utility[2m > [22msupports numeric values and ignores falsy entries[32m 1[2mms[22m[39m
 [32m笨・[39m src/sharepoint/fields/__tests__/ispDecision.drift.spec.ts[2m > [22mISP_DECISION_CANDIDATES drift[2m > [22m讓呎ｺ門錐 (UserId, Status 遲・ 縺後◎縺ｮ縺ｾ縺ｾ隗｣豎ｺ縺輔ｌ繧具ｼ・rift 縺ｪ縺暦ｼ・[32m 5[2mms[22m[39m
 [32m笨・[39m src/sharepoint/fields/__tests__/ispDecision.drift.spec.ts[2m > [22mISP_DECISION_CANDIDATES drift[2m > [22mUserCode 繧・DecisionStatus 縺ｪ縺ｨ繧吶・蛻･蜷阪※繧吶ｂ隗｣豎ｺ縺輔ｌ繧具ｼ・rift 縺ゅｊ・・[32m 1[2mms[22m[39m
 [32m笨・[39m src/sharepoint/fields/__tests__/ispDecision.drift.spec.ts[2m > [22mISP_DECISION_CANDIDATES drift[2m > [22m蠢・医ヵ繧｣繝ｼ繝ｫ繝・(goalId) 縺梧ｬ關ｽ縺励※縺・ｋ蝣ｴ蜷医↓讀懷・縺ｧ縺阪ｋ[32m 1[2mms[22m[39m
 [32m笨・[39m src/sharepoint/fields/__tests__/ispDecision.drift.spec.ts[2m > [22mISP_DECISION_CANDIDATES drift[2m > [22m莉ｻ諢上ヵ繧｣繝ｼ繝ｫ繝・(note) 縺梧ｬ關ｽ縺励※縺・※繧ょｿ・医′謠・▲縺ｦ縺・ｌ縺ｰ Healthy[32m 1[2mms[22m[39m
 [32m笨・[39m tests/unit/schedule/dateutils.local.spec.ts[2m > [22mlegacy schedule dateutils.local[2m > [22mis intentionally removed in phase 2-C[32m 4[2mms[22m[39m
 [32m笨・[39m tests/smoke/hello.spec.ts[2m > [22msmoke[2m > [22mworks[32m 4[2mms[22m[39m
 [32m笨・[39m tests/unit/env.storage.spec.ts[2m > [22menv storage precedence[2m > [22mignores malformed JSON and falls back to env defaults[32m 5[2mms[22m[39m
 [32m笨・[39m tests/unit/env.storage.spec.ts[2m > [22menv storage precedence[2m > [22mgives precedence to env overrides over stored values[32m 1[2mms[22m[39m
 [32m笨・[39m src/sharepoint/fields/__tests__/meetingSessionFields.drift.spec.ts[2m > [22mMeeting Sessions Drift Resistance[2m > [22m讓呎ｺ門錐 (SessionKey, MeetingKind, Date) 縺瑚ｧ｣豎ｺ縺輔ｌ繧・[32m 6[2mms[22m[39m
 [32m笨・[39m src/sharepoint/fields/__tests__/meetingSessionFields.drift.spec.ts[2m > [22mMeeting Sessions Drift Resistance[2m > [22mcr013_sessionKey / cr013_meetingKind 縺瑚ｧ｣豎ｺ縺輔ｌ繧・(drift)[32m 1[2mms[22m[39m
 [32m笨・[39m src/sharepoint/fields/__tests__/meetingSessionFields.drift.spec.ts[2m > [22mMeeting Sessions Drift Resistance[2m > [22m莉｣譖ｿ蜷・Key / MeetingDate 縺瑚ｧ｣豎ｺ縺輔ｌ繧・(drift)[32m 1[2mms[22m[39m
 [32m笨・[39m src/sharepoint/fields/__tests__/meetingSessionFields.drift.spec.ts[2m > [22mMeeting Sessions Drift Resistance[2m > [22m蠢・医メ繧ｧ繝・け・・essionKey, meetingKind, date・峨′讖溯・縺吶ｋ[32m 1[2mms[22m[39m
 [32m笨・[39m src/sharepoint/fields/__tests__/meetingSessionFields.drift.spec.ts[2m > [22mMeeting Sessions Drift Resistance[2m > [22mMeetingKind 縺梧ｬ關ｽ縺励※縺・ｋ蝣ｴ蜷医↓ FAIL 蛻､螳・[32m 1[2mms[22m[39m
 [32m笨・[39m tests/unit/dashboard.v3.utils.spec.ts[2m > [22mdashboard v3 utils (placeholder)[2m > [22mawaits concrete test coverage[32m 5[2mms[22m[39m
 [32m笨・[39m tests/unit/attendance.utils.spec.ts[2m > [22mattendance utils (placeholder)[2m > [22mmarks pending migration from Jest suites[32m 4[2mms[22m[39m
 [32m笨・[39m src/features/daily/domain/builders/__tests__/buildDailyRecordPayload.spec.ts[2m > [22mbuildDailyRecordPayload[2m > [22m豁｣蟶ｸ縺ｪ蜈･蜉帙°繧唄harePoint逕ｨPayload繧堤函謌舌☆繧・[32m 5[2mms[22m[39m
 [32m笨・[39m src/features/daily/domain/builders/__tests__/buildDailyRecordPayload.spec.ts[2m > [22mbuildDailyRecordPayload[2m > [22m荳崎ｦ√↑遨ｺ逋ｽ繧・ｬ謳阪ョ繝ｼ繧ｿ繧偵け繝ｪ繝ｼ繝ｳ繧｢繝・・縺吶ｋ[32m 1[2mms[22m[39m
 [32m笨・[39m src/features/daily/domain/builders/__tests__/buildDailyRecordPayload.spec.ts[2m > [22mbuildDailyRecordPayload[2m > [22m荳肴ｭ｣縺ｪ譌･莉倥′貂｡縺輔ｌ縺溷ｴ蜷医↓繧ｯ繝ｩ繝・す繝･縺帙★迴ｾ蝨ｨ譌･莉倥ｒ繝輔か繝ｼ繝ｫ繝舌ャ繧ｯ縺吶ｋ[32m 1[2mms[22m[39m
 [32m笨・[39m src/features/staff/infra/__tests__/DataProviderStaffRepository.spec.ts[2m > [22mDataProviderStaffRepository[2m > [22mtoRequest Mapping (MultiChoice Hardening)[2m > [22msends empty arrays for MultiChoice fields if they are missing/null in payload[32m 9[2mms[22m[39m
 [32m笨・[39m src/features/staff/infra/__tests__/DataProviderStaffRepository.spec.ts[2m > [22mDataProviderStaffRepository[2m > [22mtoRequest Mapping (MultiChoice Hardening)[2m > [22mpreserves existing arrays if provided[32m 2[2mms[22m[39m
 [31mﾃ・[39m src/features/staff/infra/__tests__/DataProviderStaffRepository.spec.ts[2m > [22mDataProviderStaffRepository[2m > [22mtoDomain Mapping[2m > [22mcorrectly parses various string formats into arrays[32m 13[2mms[22m[39m
[31m   竊・expected [] to deeply equal [ 'Mon', 'Tue', 'Wed' ][39m
 [32m笨・[39m src/features/staff/infra/__tests__/DataProviderStaffRepository.spec.ts[2m > [22mDataProviderStaffRepository[2m > [22mtoDomain Mapping[2m > [22mhandles empty or null values[32m 1[2mms[22m[39m
 [32m笨・[39m src/sharepoint/fields/__tests__/monitoringMeetings.drift.spec.ts[2m > [22mMONITORING_MEETING_CANDIDATES drift[2m > [22m讓呎ｺ門錐 (cr014_... ) 縺後◎縺ｮ縺ｾ縺ｾ隗｣豎ｺ縺輔ｌ繧具ｼ・rift 縺ｪ縺暦ｼ・[32m 6[2mms[22m[39m
 [32m笨・[39m src/sharepoint/fields/__tests__/monitoringMeetings.drift.spec.ts[2m > [22mMONITORING_MEETING_CANDIDATES drift[2m > [22mRecordId / UserId 縺ｪ縺ｩ縺ｮ繧ｷ繝ｳ繝励Ν蜷咲ｧｰ縺瑚ｧ｣豎ｺ縺輔ｌ繧・(WARN / DRIFT)[32m 2[2mms[22m[39m
 [32m笨・[39m src/sharepoint/fields/__tests__/monitoringMeetings.drift.spec.ts[2m > [22mMONITORING_MEETING_CANDIDATES drift[2m > [22m蠢・医ヵ繧｣繝ｼ繝ｫ繝・(recordId, userId, meetingDate) 縺梧純縺医・ isHealthy=true[32m 1[2mms[22m[39m
 [32m笨・[39m src/sharepoint/fields/__tests__/monitoringMeetings.drift.spec.ts[2m > [22mMONITORING_MEETING_CANDIDATES drift[2m > [22mrecordId 縺梧ｬ關ｽ縺励※縺・ｌ縺ｰ isHealthy=false[32m 1[2mms[22m[39m
 [32m笨・[39m src/sharepoint/fields/__tests__/nurseObservationFields.drift.spec.ts[2m > [22mNurse Observations Drift Resistance[2m > [22m讓呎ｺ門錐 (Temperature, ObservedAt, UserLookupId) 縺瑚ｧ｣豎ｺ縺輔ｌ繧・[32m 6[2mms[22m[39m
 [32m笨・[39m src/sharepoint/fields/__tests__/nurseObservationFields.drift.spec.ts[2m > [22mNurse Observations Drift Resistance[2m > [22mTemp / ObsDate / cr013_usercode 縺瑚ｧ｣豎ｺ縺輔ｌ繧・(drift)[32m 1[2mms[22m[39m
 [32m笨・[39m src/sharepoint/fields/__tests__/nurseObservationFields.drift.spec.ts[2m > [22mNurse Observations Drift Resistance[2m > [22m蠢・医メ繧ｧ繝・け・・bservedAt, userLookupId, temperature・峨′讖溯・縺吶ｋ[32m 1[2mms[22m[39m
 [32m笨・[39m src/sharepoint/fields/__tests__/nurseObservationFields.drift.spec.ts[2m > [22mNurse Observations Drift Resistance[2m > [22mTemperature 縺梧ｬ關ｽ縺励※縺・ｋ蝣ｴ蜷医↓ FAIL 蛻､螳・[32m 1[2mms[22m[39m
 [32m笨・[39m tests/unit/staffAttendance.store.spec.ts[2m > [22museStaffAttendanceStore[2m > [22mupsert/get/listByDate works[32m 6[2mms[22m[39m
 [32m笨・[39m tests/unit/staffAttendance.store.spec.ts[2m > [22museStaffAttendanceStore[2m > [22mremove deletes only the target key[32m 1[2mms[22m[39m
 [32m笨・[39m tests/unit/staffAttendance.store.spec.ts[2m > [22museStaffAttendanceStore[2m > [22mcountByDate returns correct counts[32m 2[2mms[22m[39m
 [32m笨・[39m tests/unit/schedule.utils.spec.ts[2m > [22mschedule utils (placeholder)[2m > [22mkeeps vitest satisfied until real specs land[32m 4[2mms[22m[39m
[90mstdout[2m | tests/unit/spClient.exports.smoke.spec.ts
[22m[39m[MSAL ENV] Validated successfully

 [32m笨・[39m src/features/dailyOps/data/__tests__/dailyOpsSignalsFactory.spec.ts[2m > [22mcreateDailyOpsSignalsPort[2m > [22mshould return a port that delegates to the provider[32m 6[2mms[22m[39m
 [32m笨・[39m src/features/dailyOps/data/__tests__/dailyOpsSignalsFactory.spec.ts[2m > [22mcreateDailyOpsSignalsPort[2m > [22mshould return SP-backed port when shouldSkipSharePoint is false[32m 2[2mms[22m[39m
 [32m笨・[39m src/sharepoint/fields/__tests__/supportPlanFields.drift.spec.ts[2m > [22mSupport Plans Drift Resistance[2m > [22m讓呎ｺ門錐 (DraftId, UserCode, FormDataJson) 縺瑚ｧ｣豎ｺ縺輔ｌ繧・[32m 6[2mms[22m[39m
 [32m笨・[39m src/sharepoint/fields/__tests__/supportPlanFields.drift.spec.ts[2m > [22mSupport Plans Drift Resistance[2m > [22mcr013_draftid / cr013_formdatajson 縺瑚ｧ｣豎ｺ縺輔ｌ繧・(WARN)[32m 1[2mms[22m[39m
 [32m笨・[39m src/sharepoint/fields/__tests__/supportPlanFields.drift.spec.ts[2m > [22mSupport Plans Drift Resistance[2m > [22m蠢・医メ繧ｧ繝・け・・raftId, userCode, formDataJson・峨′讖溯・縺吶ｋ[32m 1[2mms[22m[39m
 [32m笨・[39m src/sharepoint/fields/__tests__/supportPlanFields.drift.spec.ts[2m > [22mSupport Plans Drift Resistance[2m > [22mformDataJson 縺梧ｬ關ｽ縺励※縺・ｋ蝣ｴ蜷医↓ FAIL 蛻､螳・[32m 1[2mms[22m[39m
[90mstdout[2m | tests/unit/navigation-router.spec.ts
[22m[39m[MSAL ENV] Validated successfully

 [32m笨・[39m src/features/daily/domain/__tests__/getScheduleKey.spec.ts[2m > [22mgetScheduleKey normalization[2m > [22mnormalizes whitespace and trims plannedActivity[32m 4[2mms[22m[39m
 [32m笨・[39m src/features/daily/domain/__tests__/getScheduleKey.spec.ts[2m > [22mgetScheduleKey normalization[2m > [22mhandles empty plannedActivity consistently[32m 1[2mms[22m[39m
 [2m[90m竊・[39m[22m src/features/regulatory/__tests__/useSevereAddonRealData.spec.ts[2m > [22museSevereAddonRealData (skipped: OOM 窶・core logic tested in buildLastReassessmentMap.spec.ts)[2m > [22misLoading=true 縺ｮ蝣ｴ蜷・input 縺ｯ null
 [2m[90m竊・[39m[22m src/features/regulatory/__tests__/useSevereAddonRealData.spec.ts[2m > [22museSevereAddonRealData (skipped: OOM 窶・core logic tested in buildLastReassessmentMap.spec.ts)[2m > [22merror 縺後≠繧句ｴ蜷・input 縺ｯ null
 [2m[90m竊・[39m[22m src/features/regulatory/__tests__/useSevereAddonRealData.spec.ts[2m > [22museSevereAddonRealData (skipped: OOM 窶・core logic tested in buildLastReassessmentMap.spec.ts)[2m > [22musers 繧・staff 繧らｩｺ縺ｮ蝣ｴ蜷・input 縺ｯ null
 [2m[90m竊・[39m[22m src/features/regulatory/__tests__/useSevereAddonRealData.spec.ts[2m > [22museSevereAddonRealData (skipped: OOM 窶・core logic tested in buildLastReassessmentMap.spec.ts)[2m > [22m蛻ｩ逕ｨ閠・→閨ｷ蜩｡縺後≠繧句ｴ蜷・input 繧堤函謌舌☆繧・ [2m[90m竊・[39m[22m src/features/regulatory/__tests__/useSevereAddonRealData.spec.ts[2m > [22museSevereAddonRealData (skipped: OOM 窶・core logic tested in buildLastReassessmentMap.spec.ts)[2m > [22m逕滓ｴｻ謾ｯ謠ｴ蜩｡縺ｮ縺ｿ繧ｫ繧ｦ繝ｳ繝医☆繧・ [2m[90m竊・[39m[22m src/features/regulatory/__tests__/useSevereAddonRealData.spec.ts[2m > [22museSevereAddonRealData (skipped: OOM 窶・core logic tested in buildLastReassessmentMap.spec.ts)[2m > [22m髱槭い繧ｯ繝・ぅ繝冶・蜩｡縺ｯ髯､螟悶☆繧・ [2m[90m竊・[39m[22m src/features/regulatory/__tests__/useSevereAddonRealData.spec.ts[2m > [22museSevereAddonRealData (skipped: OOM 窶・core logic tested in buildLastReassessmentMap.spec.ts)[2m > [22m蝓ｺ遉守比ｿｮ菫ｮ莠・・ｒ certifications 縺九ｉ蛻､螳壹☆繧・ [2m[90m竊・[39m[22m src/features/regulatory/__tests__/useSevereAddonRealData.spec.ts[2m > [22museSevereAddonRealData (skipped: OOM 窶・core logic tested in buildLastReassessmentMap.spec.ts)[2m > [22m螳溯ｷｵ遐比ｿｮ菫ｮ莠・・′縺・ｋ 竊・菴懈・閠・ｦ∽ｻｶ荳榊ｙ縺ｯ遨ｺ
 [2m[90m竊・[39m[22m src/features/regulatory/__tests__/useSevereAddonRealData.spec.ts[2m > [22museSevereAddonRealData (skipped: OOM 窶・core logic tested in buildLastReassessmentMap.spec.ts)[2m > [22m螳溯ｷｵ遐比ｿｮ菫ｮ莠・・′縺・↑縺・竊・蜈ｨ蛻ｩ逕ｨ閠・′蟇ｾ雎｡
 [2m[90m竊・[39m[22m src/features/regulatory/__tests__/useSevereAddonRealData.spec.ts[2m > [22museSevereAddonRealData (skipped: OOM 窶・core logic tested in buildLastReassessmentMap.spec.ts)[2m > [22mIsActive=false 縺ｮ蛻ｩ逕ｨ閠・・髯､螟悶☆繧・ [2m[90m竊・[39m[22m src/features/regulatory/__tests__/useSevereAddonRealData.spec.ts[2m > [22museSevereAddonRealData (skipped: OOM 窶・core logic tested in buildLastReassessmentMap.spec.ts)[2m > [22mPhase C 繝輔ぅ繝ｼ繝ｫ繝峨・遨ｺ縺ｧ蛻晄悄蛹悶＆繧後ｋ
 [2m[90m竊・[39m[22m src/features/regulatory/__tests__/useSevereAddonRealData.spec.ts[2m > [22museSevereAddonRealData (skipped: OOM 窶・core logic tested in buildLastReassessmentMap.spec.ts)[2m > [22mtoday 縺ｯ YYYY-MM-DD 蠖｢蠑・ [2m[90m竊・[39m[22m src/features/regulatory/__tests__/useSevereAddonRealData.spec.ts[2m > [22museSevereAddonRealData (skipped: OOM 窶・core logic tested in buildLastReassessmentMap.spec.ts)[2m > [22mplanningSheetRepo 縺梧ｸ｡縺輔ｌ縺ｪ縺・ｴ蜷・lastReassessmentMap 縺ｯ遨ｺ
 [2m[90m竊・[39m[22m src/features/regulatory/__tests__/useSevereAddonRealData.spec.ts[2m > [22museSevereAddonRealData (skipped: OOM 窶・core logic tested in buildLastReassessmentMap.spec.ts)[2m > [22mplanningSheetRepo 縺九ｉ蜀崎ｩ穂ｾ｡譌･繝槭ャ繝励ｒ讒狗ｯ峨☆繧・ [2m[90m竊・[39m[22m src/features/regulatory/__tests__/useSevereAddonRealData.spec.ts[2m > [22museSevereAddonRealData (skipped: OOM 窶・core logic tested in buildLastReassessmentMap.spec.ts)[2m > [22mplanningSheetRepo 縺九ｉ planningSheetIds 繧定ｨｭ螳壹☆繧・ [2m[90m竊・[39m[22m src/features/regulatory/__tests__/useSevereAddonRealData.spec.ts[2m > [22museSevereAddonRealData (skipped: OOM 窶・core logic tested in buildLastReassessmentMap.spec.ts)[2m > [22mplanningSheetRepo 縺ｮ繧ｨ繝ｩ繝ｼ縺ｯ graceful 縺ｫ蜃ｦ逅・＆繧後ｋ
[90mstdout[2m | src/app/routes/__tests__/hubRoutes.spec.ts
[22m[39m[MSAL ENV] Validated successfully

 [32m笨・[39m tests/unit/spClient.exports.smoke.spec.ts[2m > [22mspClient exports (smoke)[2m > [22mexposes factory[32m 3[2mms[22m[39m
 [32m笨・[39m tests/unit/spClient.exports.smoke.spec.ts[2m > [22mspClient exports (smoke)[2m > [22mtype sanity[32m 1[2mms[22m[39m
 [32m笨・[39m src/app/routes/__tests__/hubRoutes.spec.ts[2m > [22mhubRoutes[2m > [22mbuilds standalone hub routes from hubDefinitions[32m 5[2mms[22m[39m
 [32m笨・[39m tests/unit/navigation-router.spec.ts[2m > [22mNavigation and Router integration[2m > [22mall navigation items should resolve to a valid route[32m 7[2mms[22m[39m

[2m Test Files [22m [1m[31m28 failed[39m[22m[2m | [22m[1m[32m814 passed[39m[22m[2m | [22m[33m1 skipped[39m[90m (843)[39m
[2m      Tests [22m [1m[31m62 failed[39m[22m[2m | [22m[1m[32m9296 passed[39m[22m[2m | [22m[33m33 skipped[39m[2m | [22m[90m1 todo[39m[90m (9392)[39m
[2m     Errors [22m [1m[31m1 error[39m[22m
[2m   Start at [22m 12:16:29
[2m   Duration [22m 381.63s[2m (transform 107.21s, setup 1271.40s, import 953.69s, tests 262.82s, environment 1107.45s)[22m

