
[1m[46m RUN [49m[22m [36mv4.0.18 [39m[90mC:/Users/安武/.vscode/workspace/audit-management-system[39m

[90mstdout[2m | src/features/daily/__tests__/TableDailyRecordForm.test.tsx
[22m[39m[MSAL ENV] Validated successfully

 [32m✓[39m src/features/daily/__tests__/TableDailyRecordForm.test.tsx[2m > [22mTableDailyRecordForm[2m > [22mshould render table daily record form when open[32m 106[2mms[22m[39m
 [32m✓[39m src/features/daily/__tests__/TableDailyRecordForm.test.tsx[2m > [22mTableDailyRecordForm[2m > [22mshould not render when closed[32m 8[2mms[22m[39m
 [31m×[39m src/features/daily/__tests__/TableDailyRecordForm.test.tsx[2m > [22mTableDailyRecordForm[2m > [22mshould display all users in the selection list[32m 75[2mms[22m[39m
[31m   → Unable to find an element with the text: 田中 太郎 (U001). This could be because the text is broken up by multiple elements. In this case, you can provide a function for your text matcher to make your matcher more flexible.

Ignored nodes: comments, script, style
[36m<div[31m
  [33mclass[31m=[32m"MuiBox-root css-t2vfs4"[31m
  [33mdata-testid[31m=[32m"daily-table-record-form-user-list"[31m
[36m>[31m
  [36m<p[31m
    [33mclass[31m=[32m"MuiTypography-root MuiTypography-body2 css-1n8t1zf-MuiTypography-root"[31m
  [36m>[31m
    [0m該当する利用者が見つかりません[0m
  [36m</p>[31m
[36m</div>[31m[39m
 [31m×[39m src/features/daily/__tests__/TableDailyRecordForm.test.tsx[2m > [22mTableDailyRecordForm[2m > [22mshould filter users based on search query[33m 3059[2mms[22m[39m
[31m   → Unable to find an element with the text: 田中 太郎 (U001). This could be because the text is broken up by multiple elements. In this case, you can provide a function for your text matcher to make your matcher more flexible.

Ignored nodes: comments, script, style
[36m<div[31m
  [33mclass[31m=[32m"MuiBox-root css-t2vfs4"[31m
  [33mdata-testid[31m=[32m"daily-table-record-form-user-list"[31m
[36m>[31m
  [36m<p[31m
    [33mclass[31m=[32m"MuiTypography-root MuiTypography-body2 css-1n8t1zf-MuiTypography-root"[31m
  [36m>[31m
    [0m該当する利用者が見つかりません[0m
  [36m</p>[31m
[36m</div>[31m

Ignored nodes: comments, script, style
[36m<html>[31m
  [36m<head>[31m
    [36m<meta[31m
      [33mcontent[31m=[32m""[31m
      [33mname[31m=[32m"emotion-insertion-point"[31m
    [36m/>[31m
  [36m</head>[31m
  [36m<body>[31m
    [36m<div>[31m
      [36m<div[31m
        [33mclass[31m=[32m"MuiFormControl-root MuiTextField-root css-1xp5r68-MuiFormControl-root-MuiTextField-root"[31m
      [36m>[31m
        [36m<label[31m
          [33mclass[31m=[32m"MuiFormLabel-root MuiInputLabel-root MuiInputLabel-formControl MuiInputLabel-animated MuiInputLabel-shrink MuiInputLabel-sizeSmall MuiInputLabel-outlined MuiFormLabel-colorPrimary MuiFormLabel-filled MuiInputLabel-root MuiInputLabel-formControl MuiInputLabel-animated MuiInputLabel-shrink MuiInputLabel-sizeSmall MuiInputLabel-outlined css-hvjq6j-MuiFormLabel-root-MuiInputLabel-root"[31m
          [33mdata-shrink[31m=[32m"true"[31m
          [33mfor[31m=[32m":rk:"[31m
          [33mid[31m=[32m":rk:-label"[31m
        [36m>[31m
          [0m記録日[0m
        [36m</label>[31m
        [36m<div[31m
          [33mclass[31m=[32m"MuiInputBase-root MuiOutlinedInput-root MuiInputBase-colorPrimary MuiInputBase-formControl MuiInputBase-sizeSmall css-quhxjy-MuiInputBase-root-MuiOutlinedInput-root"[31m
        [36m>[31m
          [36m<input[31m
            [33maria-invalid[31m=[32m"false"[31m
            [33mclass[31m=[32m"MuiInputBase-input MuiOutlinedInput-input MuiInputBase-inputSizeSmall css-1pzfmz2-MuiInputBase-input-MuiOutlinedInput-input"[31m
            [33mid[31m=[32m":rk:"[31m
            [33mtype[31m=[32m"date"[31m
            [33mvalue[31m=[32m"2026-03-28"[31m
          [36m/>[31m
          [36m<fieldset[31m
            [33maria-hidden[31m=[32m"true"[31m
            [33mclass[31m=[32m"MuiOutlinedInput-notchedOutline css-18p5xg2-MuiNotchedOutlined-root-MuiOutlinedInput-notchedOutline"[31m
          [36m>[31m
            [36m<legend[31m
              [33mclass[31m=[32m"css-ex8a5f-MuiNotchedOutlined-root"[31m
            [36m>[31m
              [36m<span>[31m
                [0m記録日[0m
              [36m</span>[31m
            [36m</legend>[31m
          [36m</fieldset>[31m
        [36m</div>[31m
      [36m</div>[31m
      [36m<div[31m
        [33mclass[31m=[32m"MuiFormControl-root MuiTextField-root css-1xp5r68-MuiFormControl-root-MuiTextField-root"[31m
      [36m>[31m
        [36m<label[31m
          [33mclass[31m=[32m"MuiFormLabel-root MuiInputLabel-root MuiInputLabel-formControl MuiInputLabel-animated MuiInputLabel-sizeSmall MuiInputLabel-outlined MuiFormLabel-colorPrimary MuiInputLabel-root MuiInputLabel-formControl MuiInputLabel-animated MuiInputLabel-sizeSmall MuiInputLabel-outlined css-1kfabtt-MuiFormLabel-root-MuiInputLabel-root"[31m
          [33mdata-shrink[31m=[32m"false"[31m
          [33mfor[31m=[32m":rl:"[31m
          [33mid[31m=[32m":rl:-label"[31m
        [36m>[31m
          [0m記録者名[0m
        [36m</label>[31m
        [36m<div[31m
          [33mclass[31m=[32m"MuiInputBase-root MuiOutlinedInput-root MuiInputBase-colorPrimary MuiInputBase-formControl MuiInputBase-sizeSmall css-quhxjy-MuiInputBase-root-MuiOutlinedInput-root"[31m
        [36m>[31m
          [36m<input[31m
            [33maria-invalid[31m=[32m"false"[31m
            [33mclass[31m=[32m"MuiInputBase-input MuiOutlinedInput-input MuiInputBase-inputSizeSmall css-1pzfmz2-MuiInputBase-input-MuiOutlinedInput-input"[31m
            [33mid[31m=[32m":rl:"[31m
            [33mtype[31m=[32m"text"[31m
            [33mvalue[31m=[32m""[31m
          [36m/>[31m
          [36m<fieldset[31m
            [33maria-hidden[31m=[32m"true"[31m
            [33mclass[31m=[32m"MuiOutlinedInput-notchedOutline css-18p5xg2-MuiNotchedOutlined-root-MuiOutlinedInput-notchedOutline"[31m
          [36m>[31m
            [36m<legend[31m
              [33mclass[31m=[32m"css-1n64csd-MuiNotchedOutlined-root"[31m
            [36m>[31m
              [36m<span>[31m
                [0m記録者名[0m
              [36m</span>[31m
            [36m</legend>[31m
          [36m</fieldset>[31m
        [36m</div>[31m
      [36m</div>[31m
      [36m<div[31m
        [33mclass[31m=[32m"MuiBox-root css-1sm2s1z"[31m
        [33mdata-testid[31m=[32m"daily-table-record-form"[31m
      [36m>[31m
        [36m<div[31m
          [33mclass[31m=[32m"MuiDialogContent-root MuiDialogContent-dividers css-ggw484-MuiDialogContent-root"[31m
        [36m>[31m
          [36m<div[31m
            [33mclass[31m=[32m"MuiStack-root css-1r627vw-MuiStack-root"[31m
          [36m>[31m
            [36m<div[31m
              [33mclass[31m=[32m"MuiStack-root css-95rbei-MuiStack-root"[31m
            [36m>[31m
              [36m<div[31m
                [33mclass[31m=[32m"MuiBox-root css-1rr4qq7"[31m
              [36m>[31m
                [36m<div[31m
                  [33mclass[31m=[32m"MuiBox-root css-0"[31m
                [36m>[31m
                  [36m<div[31m
                    [33mclass[31m=[32m"MuiStack-root css-1ti6by-MuiStack-root"[31m
                    [33mdata-testid[31m=[32m"user-picker-summary"[31m
                  [36m>[31m
                    [36m<svg[31m
                      [33maria-hidden[31m=[32m"true"[31m
                      [33mclass[31m=[32m"MuiSvgIcon-root MuiSvgIcon-colorAction MuiSvgIcon-fontSizeSmall css-97maqu-MuiSvgIcon-root"[31m
                      [33mdata-testid[31m=[32m"GroupIcon"[31m
                      [33mfocusable[31m=[32m"false"[31m
                      [33mviewBox[31m=[32m"0 0 24 24"[31m
                    [36m>[31m
                      [36m<path[31m
                        [33md[31m=[32m"M16 11c1.66 0 2.99-1.34 2.99-3S17.66 5 16 5s-3 1.34-3 3 1.34 3 3 3m-8 0c1.66 0 2.99-1.34 2.99-3S9.66 5 8 5 5 6.34 5 8s1.34 3 3 3m0 2c-2.33 0-7 1.17-7 3.5V19h14v-2.5c0-2.33-4.67-3.5-7-3.5m8 0c-.29 0-.62.02-.97.05 1.16.84 1.97 1.97 1.97 3.45V19h6v-2.5c0-2.33-4.67-3.5-7-3.5"[31m
                      [36m/>[31m
                    [36m</svg>[31m
                    [36m<p[31m
                      [33mclass[31m=[32m"MuiTypography-root MuiTypography-body2 css-1gi1fdj-MuiTypography-root"[31m
                    [36m>[31m
                      [0m利用者[0m
                    [36m</p>[31m
                    [36m<div[31m
                      [33mclass[31m=[32m"MuiChip-root MuiChip-outlined MuiChip-sizeSmall MuiChip-colorDefault MuiChip-outlinedDefault css-8m2o99-MuiChip-root"[31m
                      [33mdata-testid[31m=[32m"selection-count"[31m
                    [36m>[31m
                      [36m<span[31m
                        [33mclass[31m=[32m"MuiChip-label MuiChip-labelSmall css-19m61dl-MuiChip-label"[31m
                      [36m>[31m
                        [0m0人選択中[0m
                      [36m</span...[39m
 [31m×[39m src/features/daily/__tests__/TableDailyRecordForm.test.tsx[2m > [22mTableDailyRecordForm[2m > [22mshould auto-select todays attendees on open[33m 10076[2mms[22m[39m
[31m   → [2mexpect([22m[31melement[31m[2m).toHaveTextContent()[22m

Expected element to have text content:
[32m  2人選択中[31m
Received:
[31m  0人選択中[31m

Ignored nodes: comments, script, style
[36m<html>[31m
  [36m<head>[31m
    [36m<meta[31m
      [33mcontent[31m=[32m""[31m
      [33mname[31m=[32m"emotion-insertion-point"[31m
    [36m/>[31m
  [36m</head>[31m
  [36m<body>[31m
    [36m<div>[31m
      [36m<div[31m
        [33mclass[31m=[32m"MuiFormControl-root MuiTextField-root css-1xp5r68-MuiFormControl-root-MuiTextField-root"[31m
      [36m>[31m
        [36m<label[31m
          [33mclass[31m=[32m"MuiFormLabel-root MuiInputLabel-root MuiInputLabel-formControl MuiInputLabel-animated MuiInputLabel-shrink MuiInputLabel-sizeSmall MuiInputLabel-outlined MuiFormLabel-colorPrimary MuiFormLabel-filled MuiInputLabel-root MuiInputLabel-formControl MuiInputLabel-animated MuiInputLabel-shrink MuiInputLabel-sizeSmall MuiInputLabel-outlined css-hvjq6j-MuiFormLabel-root-MuiInputLabel-root"[31m
          [33mdata-shrink[31m=[32m"true"[31m
          [33mfor[31m=[32m":ru:"[31m
          [33mid[31m=[32m":ru:-label"[31m
        [36m>[31m
          [0m記録日[0m
        [36m</label>[31m
        [36m<div[31m
          [33mclass[31m=[32m"MuiInputBase-root MuiOutlinedInput-root MuiInputBase-colorPrimary MuiInputBase-formControl MuiInputBase-sizeSmall css-quhxjy-MuiInputBase-root-MuiOutlinedInput-root"[31m
        [36m>[31m
          [36m<input[31m
            [33maria-invalid[31m=[32m"false"[31m
            [33mclass[31m=[32m"MuiInputBase-input MuiOutlinedInput-input MuiInputBase-inputSizeSmall css-1pzfmz2-MuiInputBase-input-MuiOutlinedInput-input"[31m
            [33mid[31m=[32m":ru:"[31m
            [33mtype[31m=[32m"date"[31m
            [33mvalue[31m=[32m"2024-01-01"[31m
          [36m/>[31m
          [36m<fieldset[31m
            [33maria-hidden[31m=[32m"true"[31m
            [33mclass[31m=[32m"MuiOutlinedInput-notchedOutline css-18p5xg2-MuiNotchedOutlined-root-MuiOutlinedInput-notchedOutline"[31m
          [36m>[31m
            [36m<legend[31m
              [33mclass[31m=[32m"css-ex8a5f-MuiNotchedOutlined-root"[31m
            [36m>[31m
              [36m<span>[31m
                [0m記録日[0m
              [36m</span>[31m
            [36m</legend>[31m
          [36m</fieldset>[31m
        [36m</div>[31m
      [36m</div>[31m
      [36m<div[31m
        [33mclass[31m=[32m"MuiFormControl-root MuiTextField-root css-1xp5r68-MuiFormControl-root-MuiTextField-root"[31m
      [36m>[31m
        [36m<label[31m
          [33mclass[31m=[32m"MuiFormLabel-root MuiInputLabel-root MuiInputLabel-formControl MuiInputLabel-animated MuiInputLabel-sizeSmall MuiInputLabel-outlined MuiFormLabel-colorPrimary MuiInputLabel-root MuiInputLabel-formControl MuiInputLabel-animated MuiInputLabel-sizeSmall MuiInputLabel-outlined css-1kfabtt-MuiFormLabel-root-MuiInputLabel-root"[31m
          [33mdata-shrink[31m=[32m"false"[31m
          [33mfor[31m=[32m":rv:"[31m
          [33mid[31m=[32m":rv:-label"[31m
        [36m>[31m
          [0m記録者名[0m
        [36m</label>[31m
        [36m<div[31m
          [33mclass[31m=[32m"MuiInputBase-root MuiOutlinedInput-root MuiInputBase-colorPrimary MuiInputBase-formControl MuiInputBase-sizeSmall css-quhxjy-MuiInputBase-root-MuiOutlinedInput-root"[31m
        [36m>[31m
          [36m<input[31m
            [33maria-invalid[31m=[32m"false"[31m
            [33mclass[31m=[32m"MuiInputBase-input MuiOutlinedInput-input MuiInputBase-inputSizeSmall css-1pzfmz2-MuiInputBase-input-MuiOutlinedInput-input"[31m
            [33mid[31m=[32m":rv:"[31m
            [33mtype[31m=[32m"text"[31m
            [33mvalue[31m=[32m""[31m
          [36m/>[31m
          [36m<fieldset[31m
            [33maria-hidden[31m=[32m"true"[31m
            [33mclass[31m=[32m"MuiOutlinedInput-notchedOutline css-18p5xg2-MuiNotchedOutlined-root-MuiOutlinedInput-notchedOutline"[31m
          [36m>[31m
            [36m<legend[31m
              [33mclass[31m=[32m"css-1n64csd-MuiNotchedOutlined-root"[31m
            [36m>[31m
              [36m<span>[31m
                [0m記録者名[0m
              [36m</span>[31m
            [36m</legend>[31m
          [36m</fieldset>[31m
        [36m</div>[31m
      [36m</div>[31m
      [36m<div[31m
        [33mclass[31m=[32m"MuiBox-root css-1sm2s1z"[31m
        [33mdata-testid[31m=[32m"daily-table-record-form"[31m
      [36m>[31m
        [36m<div[31m
          [33mclass[31m=[32m"MuiDialogContent-root MuiDialogContent-dividers css-ggw484-MuiDialogContent-root"[31m
        [36m>[31m
          [36m<div[31m
            [33mclass[31m=[32m"MuiStack-root css-1r627vw-MuiStack-root"[31m
          [36m>[31m
            [36m<div[31m
              [33mclass[31m=[32m"MuiStack-root css-95rbei-MuiStack-root"[31m
            [36m>[31m
              [36m<div[31m
                [33mclass[31m=[32m"MuiBox-root css-1rr4qq7"[31m
              [36m>[31m
                [36m<div[31m
                  [33mclass[31m=[32m"MuiBox-root css-0"[31m
                [36m>[31m
                  [36m<div[31m
                    [33mclass[31m=[32m"MuiStack-root css-1ti6by-MuiStack-root"[31m
                    [33mdata-testid[31m=[32m"user-picker-summary"[31m
                  [36m>[31m
                    [36m<svg[31m
                      [33maria-hidden[31m=[32m"true"[31m
                      [33mclass[31m=[32m"MuiSvgIcon-root MuiSvgIcon-colorAction MuiSvgIcon-fontSizeSmall css-97maqu-MuiSvgIcon-root"[31m
                      [33mdata-testid[31m=[32m"GroupIcon"[31m
                      [33mfocusable[31m=[32m"false"[31m
                      [33mviewBox[31m=[32m"0 0 24 24"[31m
                    [36m>[31m
                      [36m<path[31m
                        [33md[31m=[32m"M16 11c1.66 0 2.99-1.34 2.99-3S17.66 5 16 5s-3 1.34-3 3 1.34 3 3 3m-8 0c1.66 0 2.99-1.34 2.99-3S9.66 5 8 5 5 6.34 5 8s1.34 3 3 3m0 2c-2.33 0-7 1.17-7 3.5V19h14v-2.5c0-2.33-4.67-3.5-7-3.5m8 0c-.29 0-.62.02-.97.05 1.16.84 1.97 1.97 1.97 3.45V19h6v-2.5c0-2.33-4.67-3.5-7-3.5"[31m
                      [36m/>[31m
                    [36m</svg>[31m
                    [36m<p[31m
                      [33mclass[31m=[32m"MuiTypography-root MuiTypography-body2 css-1gi1fdj-MuiTypography-root"[31m
                    [36m>[31m
                      [0m利用者[0m
                    [36m</p>[31m
                    [36m<div[31m
                      [33mclass[31m=[32m"MuiChip-root MuiChip-outlined MuiChip-sizeSmall MuiChip-colorDefault MuiChip-outlinedDefault css-8m2o99-MuiChip-root"[31m
                      [33mdata-testid[31m=[32m"selection-count"[31m
                    [36m>[31m
                      [36m<span[31m
                        [33mclass[31m=[32m"MuiChip-label MuiChip-labelSmall css-19m61dl-MuiChip-label"[31m
                      [36m>[31m
                        [0m0人選択中[0m
                      [36m</span...[39m
 [31m×[39m src/features/daily/__tests__/TableDailyRecordForm.test.tsx[2m > [22mTableDailyRecordForm[2m > [22mshould show table immediately with auto-selected attendees[33m 3047[2mms[22m[39m
[31m   → Unable to find an element by: [data-testid="daily-table-record-form-table"]

Ignored nodes: comments, script, style
[36m<body>[31m
  [36m<div>[31m
    [36m<div[31m
      [33mclass[31m=[32m"MuiFormControl-root MuiTextField-root css-1xp5r68-MuiFormControl-root-MuiTextField-root"[31m
    [36m>[31m
      [36m<label[31m
        [33mclass[31m=[32m"MuiFormLabel-root MuiInputLabel-root MuiInputLabel-formControl MuiInputLabel-animated MuiInputLabel-shrink MuiInputLabel-sizeSmall MuiInputLabel-outlined MuiFormLabel-colorPrimary MuiFormLabel-filled MuiInputLabel-root MuiInputLabel-formControl MuiInputLabel-animated MuiInputLabel-shrink MuiInputLabel-sizeSmall MuiInputLabel-outlined css-hvjq6j-MuiFormLabel-root-MuiInputLabel-root"[31m
        [33mdata-shrink[31m=[32m"true"[31m
        [33mfor[31m=[32m":r18:"[31m
        [33mid[31m=[32m":r18:-label"[31m
      [36m>[31m
        [0m記録日[0m
      [36m</label>[31m
      [36m<div[31m
        [33mclass[31m=[32m"MuiInputBase-root MuiOutlinedInput-root MuiInputBase-colorPrimary MuiInputBase-formControl MuiInputBase-sizeSmall css-quhxjy-MuiInputBase-root-MuiOutlinedInput-root"[31m
      [36m>[31m
        [36m<input[31m
          [33maria-invalid[31m=[32m"false"[31m
          [33mclass[31m=[32m"MuiInputBase-input MuiOutlinedInput-input MuiInputBase-inputSizeSmall css-1pzfmz2-MuiInputBase-input-MuiOutlinedInput-input"[31m
          [33mid[31m=[32m":r18:"[31m
          [33mtype[31m=[32m"date"[31m
          [33mvalue[31m=[32m"2026-03-28"[31m
        [36m/>[31m
        [36m<fieldset[31m
          [33maria-hidden[31m=[32m"true"[31m
          [33mclass[31m=[32m"MuiOutlinedInput-notchedOutline css-18p5xg2-MuiNotchedOutlined-root-MuiOutlinedInput-notchedOutline"[31m
        [36m>[31m
          [36m<legend[31m
            [33mclass[31m=[32m"css-ex8a5f-MuiNotchedOutlined-root"[31m
          [36m>[31m
            [36m<span>[31m
              [0m記録日[0m
            [36m</span>[31m
          [36m</legend>[31m
        [36m</fieldset>[31m
      [36m</div>[31m
    [36m</div>[31m
    [36m<div[31m
      [33mclass[31m=[32m"MuiFormControl-root MuiTextField-root css-1xp5r68-MuiFormControl-root-MuiTextField-root"[31m
    [36m>[31m
      [36m<label[31m
        [33mclass[31m=[32m"MuiFormLabel-root MuiInputLabel-root MuiInputLabel-formControl MuiInputLabel-animated MuiInputLabel-sizeSmall MuiInputLabel-outlined MuiFormLabel-colorPrimary MuiInputLabel-root MuiInputLabel-formControl MuiInputLabel-animated MuiInputLabel-sizeSmall MuiInputLabel-outlined css-1kfabtt-MuiFormLabel-root-MuiInputLabel-root"[31m
        [33mdata-shrink[31m=[32m"false"[31m
        [33mfor[31m=[32m":r19:"[31m
        [33mid[31m=[32m":r19:-label"[31m
      [36m>[31m
        [0m記録者名[0m
      [36m</label>[31m
      [36m<div[31m
        [33mclass[31m=[32m"MuiInputBase-root MuiOutlinedInput-root MuiInputBase-colorPrimary MuiInputBase-formControl MuiInputBase-sizeSmall css-quhxjy-MuiInputBase-root-MuiOutlinedInput-root"[31m
      [36m>[31m
        [36m<input[31m
          [33maria-invalid[31m=[32m"false"[31m
          [33mclass[31m=[32m"MuiInputBase-input MuiOutlinedInput-input MuiInputBase-inputSizeSmall css-1pzfmz2-MuiInputBase-input-MuiOutlinedInput-input"[31m
          [33mid[31m=[32m":r19:"[31m
          [33mtype[31m=[32m"text"[31m
          [33mvalue[31m=[32m""[31m
        [36m/>[31m
        [36m<fieldset[31m
          [33maria-hidden[31m=[32m"true"[31m
          [33mclass[31m=[32m"MuiOutlinedInput-notchedOutline css-18p5xg2-MuiNotchedOutlined-root-MuiOutlinedInput-notchedOutline"[31m
        [36m>[31m
          [36m<legend[31m
            [33mclass[31m=[32m"css-1n64csd-MuiNotchedOutlined-root"[31m
          [36m>[31m
            [36m<span>[31m
              [0m記録者名[0m
            [36m</span>[31m
          [36m</legend>[31m
        [36m</fieldset>[31m
      [36m</div>[31m
    [36m</div>[31m
    [36m<div[31m
      [33mclass[31m=[32m"MuiBox-root css-1sm2s1z"[31m
      [33mdata-testid[31m=[32m"daily-table-record-form"[31m
    [36m>[31m
      [36m<div[31m
        [33mclass[31m=[32m"MuiDialogContent-root MuiDialogContent-dividers css-ggw484-MuiDialogContent-root"[31m
      [36m>[31m
        [36m<div[31m
          [33mclass[31m=[32m"MuiStack-root css-1r627vw-MuiStack-root"[31m
        [36m>[31m
          [36m<div[31m
            [33mclass[31m=[32m"MuiStack-root css-95rbei-MuiStack-root"[31m
          [36m>[31m
            [36m<div[31m
              [33mclass[31m=[32m"MuiBox-root css-1rr4qq7"[31m
            [36m>[31m
              [36m<div[31m
                [33mclass[31m=[32m"MuiBox-root css-0"[31m
              [36m>[31m
                [36m<div[31m
                  [33mclass[31m=[32m"MuiStack-root css-1ti6by-MuiStack-root"[31m
                  [33mdata-testid[31m=[32m"user-picker-summary"[31m
                [36m>[31m
                  [36m<svg[31m
                    [33maria-hidden[31m=[32m"true"[31m
                    [33mclass[31m=[32m"MuiSvgIcon-root MuiSvgIcon-colorAction MuiSvgIcon-fontSizeSmall css-97maqu-MuiSvgIcon-root"[31m
                    [33mdata-testid[31m=[32m"GroupIcon"[31m
                    [33mfocusable[31m=[32m"false"[31m
                    [33mviewBox[31m=[32m"0 0 24 24"[31m
                  [36m>[31m
                    [36m<path[31m
                      [33md[31m=[32m"M16 11c1.66 0 2.99-1.34 2.99-3S17.66 5 16 5s-3 1.34-3 3 1.34 3 3 3m-8 0c1.66 0 2.99-1.34 2.99-3S9.66 5 8 5 5 6.34 5 8s1.34 3 3 3m0 2c-2.33 0-7 1.17-7 3.5V19h14v-2.5c0-2.33-4.67-3.5-7-3.5m8 0c-.29 0-.62.02-.97.05 1.16.84 1.97 1.97 1.97 3.45V19h6v-2.5c0-2.33-4.67-3.5-7-3.5"[31m
                    [36m/>[31m
                  [36m</svg>[31m
                  [36m<p[31m
                    [33mclass[31m=[32m"MuiTypography-root MuiTypography-body2 css-1gi1fdj-MuiTypography-root"[31m
                  [36m>[31m
                    [0m利用者[0m
                  [36m</p>[31m
                  [36m<div[31m
                    [33mclass[31m=[32m"MuiChip-root MuiChip-outlined MuiChip-sizeSmall MuiChip-colorDefault MuiChip-outlinedDefault css-8m2o99-MuiChip-root"[31m
                    [33mdata-testid[31m=[32m"selection-count"[31m
                  [36m>[31m
                    [36m<span[31m
                      [33mclass[31m=[32m"MuiChip-label MuiChip-labelSmall css-19m61dl-MuiChip-label"[31m
                    [36m>[31m
                      [0m0人選択中[0m
                    [36m</span>[31m
                  [36m</div>[31m
                  [36m<div[31m
                    [33mclass[31m=[32m"MuiChip-root MuiChip-outlined MuiChip-sizeSmall MuiChip-colorSuccess MuiChip-outlinedSuccess css-fko4l-MuiChip-root"[31m
                  [36m>[31m
                    [36m<span[31m
                      [33mclass[31m=[32m"MuiChip-label MuiChip-labelSmall css-19m61dl-MuiChip-label"[31m
       ...

Ignored nodes: comments, script, style
[36m<html>[31m
  [36m<head>[31m
    [36m<meta[31m
      [33mcontent[31m=[32m""[31m
      [33mname[31m=[32m"emotion-insertion-point"[31m
    [36m/>[31m
  [36m</head>[31m
  [36m<body>[31m
    [36m<div>[31m
      [36m<div[31m
        [33mclass[31m=[32m"MuiFormControl-root MuiTextField-root css-1xp5r68-MuiFormControl-root-MuiTextField-root"[31m
      [36m>[31m
        [36m<label[31m
          [33mclass[31m=[32m"MuiFormLabel-root MuiInputLabel-root MuiInputLabel-formControl MuiInputLabel-animated MuiInputLabel-shrink MuiInputLabel-sizeSmall MuiInputLabel-outlined MuiFormLabel-colorPrimary MuiFormLabel-filled MuiInputLabel-root MuiInputLabel-formControl MuiInputLabel-animated MuiInputLabel-shrink MuiInputLabel-sizeSmall MuiInputLabel-outlined css-hvjq6j-MuiFormLabel-root-MuiInputLabel-root"[31m
          [33mdata-shrink[31m=[32m"true"[31m
          [33mfor[31m=[32m":r18:"[31m
          [33mid[31m=[32m":r18:-label"[31m
        [36m>[31m
          [0m記録日[0m
        [36m</label>[31m
        [36m<div[31m
          [33mclass[31m=[32m"MuiInputBase-root MuiOutlinedInput-root MuiInputBase-colorPrimary MuiInputBase-formControl MuiInputBase-sizeSmall css-quhxjy-MuiInputBase-root-MuiOutlinedInput-root"[31m
        [36m>[31m
          [36m<input[31m
            [33maria-invalid[31m=[32m"false"[31m
            [33mclass[31m=[32m"MuiInputBase-input MuiOutlinedInput-input MuiInputBase-inputSizeSmall css-1pzfmz2-MuiInputBase-input-MuiOutlinedInput-input"[31m
            [33mid[31m=[32m":r18:"[31m
            [33mtype[31m=[32m"date"[31m
            [33mvalue[31m=[32m"2026-03-28"[31m
          [36m/>[31m
          [36m<fieldset[31m
            [33maria-hidden[31m=[32m"true"[31m
            [33mclass[31m=[32m"MuiOutlinedInput-notchedOutline css-18p5xg2-MuiNotchedOutlined-root-MuiOutlinedInput-notchedOutline"[31m
          [36m>[31m
            [36m<legend[31m
              [33mclass[31m=[32m"css-ex8a5f-MuiNotchedOutlined-root"[31m
            [36m>[31m
              [36m<span>[31m
                [0m記録日[0m
              [36m</span>[31m
            [36m</legend>[31m
          [36m</fieldset>[31m
        [36m</div>[31m
      [36m</div>[31m
      [36m<div[31m
        [33mclass[31m=[32m"MuiFormControl-root MuiTextField-root css-1xp5r68-MuiFormControl-root-MuiTextField-root"[31m
      [36m>[31m
        [36m<label[31m
          [33mclass[31m=[32m"MuiFormLabel-root MuiInputLabel-root MuiInputLabel-formControl MuiInputLabel-animated MuiInputLabel-sizeSmall MuiInputLabel-outlined MuiFormLabel-colorPrimary MuiInputLabel-root MuiInputLabel-formControl MuiInputLabel-animated MuiInputLabel-sizeSmall MuiInputLabel-outlined css-1kfabtt-MuiFormLabel-root-MuiInputLabel-root"[31m
          [33mdata-shrink[31m=[32m"false"[31m
          [33mfor[31m=[32m":r19:"[31m
          [33mid[31m=[32m":r19:-label"[31m
        [36m>[31m
          [0m記録者名[0m
        [36m</label>[31m
        [36m<div[31m
          [33mclass[31m=[32m"MuiInputBase-root MuiOutlinedInput-root MuiInputBase-colorPrimary MuiInputBase-formControl MuiInputBase-sizeSmall css-quhxjy-MuiInputBase-root-MuiOutlinedInput-root"[31m
        [36m>[31m
          [36m<input[31m
            [33maria-invalid[31m=[32m"false"[31m
            [33mclass[31m=[32m"MuiInputBase-input MuiOutlinedInput-input MuiInputBase-inputSizeSmall css-1pzfmz2-MuiInputBase-input-MuiOutlinedInput-input"[31m
            [33mid[31m=[32m":r19:"[31m
            [33mtype[31m=[32m"text"[31m
            [33mvalue[31m=[32m""[31m
          [36m/>[31m
          [36m<fieldset[31m
            [33maria-hidden[31m=[32m"true"[31m
            [33mclass[31m=[32m"MuiOutlinedInput-notchedOutline css-18p5xg2-MuiNotchedOutlined-root-MuiOutlinedInput-notchedOutline"[31m
          [36m>[31m
            [36m<legend[31m
              [33mclass[31m=[32m"css-1n64csd-MuiNotchedOutlined-root"[31m
            [36m>[31m
              [36m<span>[31m
                [0m記録者名[0m
              [36m</span>[31m
            [36m</legend>[31m
          [36m</fieldset>[31m
        [36m</div>[31m
      [36m</div>[31m
      [36m<div[31m
        [33mclass[31m=[32m"MuiBox-root css-1sm2s1z"[31m
        [33mdata-testid[31m=[32m"daily-table-record-form"[31m
      [36m>[31m
        [36m<div[31m
          [33mclass[31m=[32m"MuiDialogContent-root MuiDialogContent-dividers css-ggw484-MuiDialogContent-root"[31m
        [36m>[31m
          [36m<div[31m
            [33mclass[31m=[32m"MuiStack-root css-1r627vw-MuiStack-root"[31m
          [36m>[31m
            [36m<div[31m
              [33mclass[31m=[32m"MuiStack-root css-95rbei-MuiStack-root"[31m
            [36m>[31m
              [36m<div[31m
                [33mclass[31m=[32m"MuiBox-root css-1rr4qq7"[31m
              [36m>[31m
                [36m<div[31m
                  [33mclass[31m=[32m"MuiBox-root css-0"[31m
                [36m>[31m
                  [36m<div[31m
                    [33mclass[31m=[32m"MuiStack-root css-1ti6by-MuiStack-root"[31m
                    [33mdata-testid[31m=[32m"user-picker-summary"[31m
                  [36m>[31m
                    [36m<svg[31m
                      [33maria-hidden[31m=[32m"true"[31m
                      [33mclass[31m=[32m"MuiSvgIcon-root MuiSvgIcon-colorAction MuiSvgIcon-fontSizeSmall css-97maqu-MuiSvgIcon-root"[31m
                      [33mdata-testid[31m=[32m"GroupIcon"[31m
                      [33mfocusable[31m=[32m"false"[31m
                      [33mviewBox[31m=[32m"0 0 24 24"[31m
                    [36m>[31m
                      [36m<path[31m
                        [33md[31m=[32m"M16 11c1.66 0 2.99-1.34 2.99-3S17.66 5 16 5s-3 1.34-3 3 1.34 3 3 3m-8 0c1.66 0 2.99-1.34 2.99-3S9.66 5 8 5 5 6.34 5 8s1.34 3 3 3m0 2c-2.33 0-7 1.17-7 3.5V19h14v-2.5c0-2.33-4.67-3.5-7-3.5m8 0c-.29 0-.62.02-.97.05 1.16.84 1.97 1.97 1.97 3.45V19h6v-2.5c0-2.33-4.67-3.5-7-3.5"[31m
                      [36m/>[31m
                    [36m</svg>[31m
                    [36m<p[31m
                      [33mclass[31m=[32m"MuiTypography-root MuiTypography-body2 css-1gi1fdj-MuiTypography-root"[31m
                    [36m>[31m
                      [0m利用者[0m
                    [36m</p>[31m
                    [36m<div[31m
                      [33mclass[31m=[32m"MuiChip-root MuiChip-outlined MuiChip-sizeSmall MuiChip-colorDefault MuiChip-outlinedDefault css-8m2o99-MuiChip-root"[31m
                      [33mdata-testid[31m=[32m"selection-count"[31m
                    [36m>[31m
                      [36m<span[31m
                        [33mclass[31m=[32m"MuiChip-label MuiChip-labelSmall css-19m61dl-MuiChip-label"[31m
                      [36m>[31m
                        [0m0人選択中[0m
                      [36m...[39m
 [31m×[39m src/features/daily/__tests__/TableDailyRecordForm.test.tsx[2m > [22mTableDailyRecordForm[2m > [22mshould allow input in table fields[33m 3045[2mms[22m[39m
[31m   → Unable to find an element by: [data-testid="daily-table-record-form-table"]

Ignored nodes: comments, script, style
[36m<body>[31m
  [36m<div>[31m
    [36m<div[31m
      [33mclass[31m=[32m"MuiFormControl-root MuiTextField-root css-1xp5r68-MuiFormControl-root-MuiTextField-root"[31m
    [36m>[31m
      [36m<label[31m
        [33mclass[31m=[32m"MuiFormLabel-root MuiInputLabel-root MuiInputLabel-formControl MuiInputLabel-animated MuiInputLabel-shrink MuiInputLabel-sizeSmall MuiInputLabel-outlined MuiFormLabel-colorPrimary MuiFormLabel-filled MuiInputLabel-root MuiInputLabel-formControl MuiInputLabel-animated MuiInputLabel-shrink MuiInputLabel-sizeSmall MuiInputLabel-outlined css-hvjq6j-MuiFormLabel-root-MuiInputLabel-root"[31m
        [33mdata-shrink[31m=[32m"true"[31m
        [33mfor[31m=[32m":r1i:"[31m
        [33mid[31m=[32m":r1i:-label"[31m
      [36m>[31m
        [0m記録日[0m
      [36m</label>[31m
      [36m<div[31m
        [33mclass[31m=[32m"MuiInputBase-root MuiOutlinedInput-root MuiInputBase-colorPrimary MuiInputBase-formControl MuiInputBase-sizeSmall css-quhxjy-MuiInputBase-root-MuiOutlinedInput-root"[31m
      [36m>[31m
        [36m<input[31m
          [33maria-invalid[31m=[32m"false"[31m
          [33mclass[31m=[32m"MuiInputBase-input MuiOutlinedInput-input MuiInputBase-inputSizeSmall css-1pzfmz2-MuiInputBase-input-MuiOutlinedInput-input"[31m
          [33mid[31m=[32m":r1i:"[31m
          [33mtype[31m=[32m"date"[31m
          [33mvalue[31m=[32m"2026-03-28"[31m
        [36m/>[31m
        [36m<fieldset[31m
          [33maria-hidden[31m=[32m"true"[31m
          [33mclass[31m=[32m"MuiOutlinedInput-notchedOutline css-18p5xg2-MuiNotchedOutlined-root-MuiOutlinedInput-notchedOutline"[31m
        [36m>[31m
          [36m<legend[31m
            [33mclass[31m=[32m"css-ex8a5f-MuiNotchedOutlined-root"[31m
          [36m>[31m
            [36m<span>[31m
              [0m記録日[0m
            [36m</span>[31m
          [36m</legend>[31m
        [36m</fieldset>[31m
      [36m</div>[31m
    [36m</div>[31m
    [36m<div[31m
      [33mclass[31m=[32m"MuiFormControl-root MuiTextField-root css-1xp5r68-MuiFormControl-root-MuiTextField-root"[31m
    [36m>[31m
      [36m<label[31m
        [33mclass[31m=[32m"MuiFormLabel-root MuiInputLabel-root MuiInputLabel-formControl MuiInputLabel-animated MuiInputLabel-sizeSmall MuiInputLabel-outlined MuiFormLabel-colorPrimary MuiInputLabel-root MuiInputLabel-formControl MuiInputLabel-animated MuiInputLabel-sizeSmall MuiInputLabel-outlined css-1kfabtt-MuiFormLabel-root-MuiInputLabel-root"[31m
        [33mdata-shrink[31m=[32m"false"[31m
        [33mfor[31m=[32m":r1j:"[31m
        [33mid[31m=[32m":r1j:-label"[31m
      [36m>[31m
        [0m記録者名[0m
      [36m</label>[31m
      [36m<div[31m
        [33mclass[31m=[32m"MuiInputBase-root MuiOutlinedInput-root MuiInputBase-colorPrimary MuiInputBase-formControl MuiInputBase-sizeSmall css-quhxjy-MuiInputBase-root-MuiOutlinedInput-root"[31m
      [36m>[31m
        [36m<input[31m
          [33maria-invalid[31m=[32m"false"[31m
          [33mclass[31m=[32m"MuiInputBase-input MuiOutlinedInput-input MuiInputBase-inputSizeSmall css-1pzfmz2-MuiInputBase-input-MuiOutlinedInput-input"[31m
          [33mid[31m=[32m":r1j:"[31m
          [33mtype[31m=[32m"text"[31m
          [33mvalue[31m=[32m""[31m
        [36m/>[31m
        [36m<fieldset[31m
          [33maria-hidden[31m=[32m"true"[31m
          [33mclass[31m=[32m"MuiOutlinedInput-notchedOutline css-18p5xg2-MuiNotchedOutlined-root-MuiOutlinedInput-notchedOutline"[31m
        [36m>[31m
          [36m<legend[31m
            [33mclass[31m=[32m"css-1n64csd-MuiNotchedOutlined-root"[31m
          [36m>[31m
            [36m<span>[31m
              [0m記録者名[0m
            [36m</span>[31m
          [36m</legend>[31m
        [36m</fieldset>[31m
      [36m</div>[31m
    [36m</div>[31m
    [36m<div[31m
      [33mclass[31m=[32m"MuiBox-root css-1sm2s1z"[31m
      [33mdata-testid[31m=[32m"daily-table-record-form"[31m
    [36m>[31m
      [36m<div[31m
        [33mclass[31m=[32m"MuiDialogContent-root MuiDialogContent-dividers css-ggw484-MuiDialogContent-root"[31m
      [36m>[31m
        [36m<div[31m
          [33mclass[31m=[32m"MuiStack-root css-1r627vw-MuiStack-root"[31m
        [36m>[31m
          [36m<div[31m
            [33mclass[31m=[32m"MuiStack-root css-95rbei-MuiStack-root"[31m
          [36m>[31m
            [36m<div[31m
              [33mclass[31m=[32m"MuiBox-root css-1rr4qq7"[31m
            [36m>[31m
              [36m<div[31m
                [33mclass[31m=[32m"MuiBox-root css-0"[31m
              [36m>[31m
                [36m<div[31m
                  [33mclass[31m=[32m"MuiStack-root css-1ti6by-MuiStack-root"[31m
                  [33mdata-testid[31m=[32m"user-picker-summary"[31m
                [36m>[31m
                  [36m<svg[31m
                    [33maria-hidden[31m=[32m"true"[31m
                    [33mclass[31m=[32m"MuiSvgIcon-root MuiSvgIcon-colorAction MuiSvgIcon-fontSizeSmall css-97maqu-MuiSvgIcon-root"[31m
                    [33mdata-testid[31m=[32m"GroupIcon"[31m
                    [33mfocusable[31m=[32m"false"[31m
                    [33mviewBox[31m=[32m"0 0 24 24"[31m
                  [36m>[31m
                    [36m<path[31m
                      [33md[31m=[32m"M16 11c1.66 0 2.99-1.34 2.99-3S17.66 5 16 5s-3 1.34-3 3 1.34 3 3 3m-8 0c1.66 0 2.99-1.34 2.99-3S9.66 5 8 5 5 6.34 5 8s1.34 3 3 3m0 2c-2.33 0-7 1.17-7 3.5V19h14v-2.5c0-2.33-4.67-3.5-7-3.5m8 0c-.29 0-.62.02-.97.05 1.16.84 1.97 1.97 1.97 3.45V19h6v-2.5c0-2.33-4.67-3.5-7-3.5"[31m
                    [36m/>[31m
                  [36m</svg>[31m
                  [36m<p[31m
                    [33mclass[31m=[32m"MuiTypography-root MuiTypography-body2 css-1gi1fdj-MuiTypography-root"[31m
                  [36m>[31m
                    [0m利用者[0m
                  [36m</p>[31m
                  [36m<div[31m
                    [33mclass[31m=[32m"MuiChip-root MuiChip-outlined MuiChip-sizeSmall MuiChip-colorDefault MuiChip-outlinedDefault css-8m2o99-MuiChip-root"[31m
                    [33mdata-testid[31m=[32m"selection-count"[31m
                  [36m>[31m
                    [36m<span[31m
                      [33mclass[31m=[32m"MuiChip-label MuiChip-labelSmall css-19m61dl-MuiChip-label"[31m
                    [36m>[31m
                      [0m0人選択中[0m
                    [36m</span>[31m
                  [36m</div>[31m
                  [36m<div[31m
                    [33mclass[31m=[32m"MuiChip-root MuiChip-outlined MuiChip-sizeSmall MuiChip-colorSuccess MuiChip-outlinedSuccess css-fko4l-MuiChip-root"[31m
                  [36m>[31m
                    [36m<span[31m
                      [33mclass[31m=[32m"MuiChip-label MuiChip-labelSmall css-19m61dl-MuiChip-label"[31m
       ...

Ignored nodes: comments, script, style
[36m<html>[31m
  [36m<head>[31m
    [36m<meta[31m
      [33mcontent[31m=[32m""[31m
      [33mname[31m=[32m"emotion-insertion-point"[31m
    [36m/>[31m
  [36m</head>[31m
  [36m<body>[31m
    [36m<div>[31m
      [36m<div[31m
        [33mclass[31m=[32m"MuiFormControl-root MuiTextField-root css-1xp5r68-MuiFormControl-root-MuiTextField-root"[31m
      [36m>[31m
        [36m<label[31m
          [33mclass[31m=[32m"MuiFormLabel-root MuiInputLabel-root MuiInputLabel-formControl MuiInputLabel-animated MuiInputLabel-shrink MuiInputLabel-sizeSmall MuiInputLabel-outlined MuiFormLabel-colorPrimary MuiFormLabel-filled MuiInputLabel-root MuiInputLabel-formControl MuiInputLabel-animated MuiInputLabel-shrink MuiInputLabel-sizeSmall MuiInputLabel-outlined css-hvjq6j-MuiFormLabel-root-MuiInputLabel-root"[31m
          [33mdata-shrink[31m=[32m"true"[31m
          [33mfor[31m=[32m":r1i:"[31m
          [33mid[31m=[32m":r1i:-label"[31m
        [36m>[31m
          [0m記録日[0m
        [36m</label>[31m
        [36m<div[31m
          [33mclass[31m=[32m"MuiInputBase-root MuiOutlinedInput-root MuiInputBase-colorPrimary MuiInputBase-formControl MuiInputBase-sizeSmall css-quhxjy-MuiInputBase-root-MuiOutlinedInput-root"[31m
        [36m>[31m
          [36m<input[31m
            [33maria-invalid[31m=[32m"false"[31m
            [33mclass[31m=[32m"MuiInputBase-input MuiOutlinedInput-input MuiInputBase-inputSizeSmall css-1pzfmz2-MuiInputBase-input-MuiOutlinedInput-input"[31m
            [33mid[31m=[32m":r1i:"[31m
            [33mtype[31m=[32m"date"[31m
            [33mvalue[31m=[32m"2026-03-28"[31m
          [36m/>[31m
          [36m<fieldset[31m
            [33maria-hidden[31m=[32m"true"[31m
            [33mclass[31m=[32m"MuiOutlinedInput-notchedOutline css-18p5xg2-MuiNotchedOutlined-root-MuiOutlinedInput-notchedOutline"[31m
          [36m>[31m
            [36m<legend[31m
              [33mclass[31m=[32m"css-ex8a5f-MuiNotchedOutlined-root"[31m
            [36m>[31m
              [36m<span>[31m
                [0m記録日[0m
              [36m</span>[31m
            [36m</legend>[31m
          [36m</fieldset>[31m
        [36m</div>[31m
      [36m</div>[31m
      [36m<div[31m
        [33mclass[31m=[32m"MuiFormControl-root MuiTextField-root css-1xp5r68-MuiFormControl-root-MuiTextField-root"[31m
      [36m>[31m
        [36m<label[31m
          [33mclass[31m=[32m"MuiFormLabel-root MuiInputLabel-root MuiInputLabel-formControl MuiInputLabel-animated MuiInputLabel-sizeSmall MuiInputLabel-outlined MuiFormLabel-colorPrimary MuiInputLabel-root MuiInputLabel-formControl MuiInputLabel-animated MuiInputLabel-sizeSmall MuiInputLabel-outlined css-1kfabtt-MuiFormLabel-root-MuiInputLabel-root"[31m
          [33mdata-shrink[31m=[32m"false"[31m
          [33mfor[31m=[32m":r1j:"[31m
          [33mid[31m=[32m":r1j:-label"[31m
        [36m>[31m
          [0m記録者名[0m
        [36m</label>[31m
        [36m<div[31m
          [33mclass[31m=[32m"MuiInputBase-root MuiOutlinedInput-root MuiInputBase-colorPrimary MuiInputBase-formControl MuiInputBase-sizeSmall css-quhxjy-MuiInputBase-root-MuiOutlinedInput-root"[31m
        [36m>[31m
          [36m<input[31m
            [33maria-invalid[31m=[32m"false"[31m
            [33mclass[31m=[32m"MuiInputBase-input MuiOutlinedInput-input MuiInputBase-inputSizeSmall css-1pzfmz2-MuiInputBase-input-MuiOutlinedInput-input"[31m
            [33mid[31m=[32m":r1j:"[31m
            [33mtype[31m=[32m"text"[31m
            [33mvalue[31m=[32m""[31m
          [36m/>[31m
          [36m<fieldset[31m
            [33maria-hidden[31m=[32m"true"[31m
            [33mclass[31m=[32m"MuiOutlinedInput-notchedOutline css-18p5xg2-MuiNotchedOutlined-root-MuiOutlinedInput-notchedOutline"[31m
          [36m>[31m
            [36m<legend[31m
              [33mclass[31m=[32m"css-1n64csd-MuiNotchedOutlined-root"[31m
            [36m>[31m
              [36m<span>[31m
                [0m記録者名[0m
              [36m</span>[31m
            [36m</legend>[31m
          [36m</fieldset>[31m
        [36m</div>[31m
      [36m</div>[31m
      [36m<div[31m
        [33mclass[31m=[32m"MuiBox-root css-1sm2s1z"[31m
        [33mdata-testid[31m=[32m"daily-table-record-form"[31m
      [36m>[31m
        [36m<div[31m
          [33mclass[31m=[32m"MuiDialogContent-root MuiDialogContent-dividers css-ggw484-MuiDialogContent-root"[31m
        [36m>[31m
          [36m<div[31m
            [33mclass[31m=[32m"MuiStack-root css-1r627vw-MuiStack-root"[31m
          [36m>[31m
            [36m<div[31m
              [33mclass[31m=[32m"MuiStack-root css-95rbei-MuiStack-root"[31m
            [36m>[31m
              [36m<div[31m
                [33mclass[31m=[32m"MuiBox-root css-1rr4qq7"[31m
              [36m>[31m
                [36m<div[31m
                  [33mclass[31m=[32m"MuiBox-root css-0"[31m
                [36m>[31m
                  [36m<div[31m
                    [33mclass[31m=[32m"MuiStack-root css-1ti6by-MuiStack-root"[31m
                    [33mdata-testid[31m=[32m"user-picker-summary"[31m
                  [36m>[31m
                    [36m<svg[31m
                      [33maria-hidden[31m=[32m"true"[31m
                      [33mclass[31m=[32m"MuiSvgIcon-root MuiSvgIcon-colorAction MuiSvgIcon-fontSizeSmall css-97maqu-MuiSvgIcon-root"[31m
                      [33mdata-testid[31m=[32m"GroupIcon"[31m
                      [33mfocusable[31m=[32m"false"[31m
                      [33mviewBox[31m=[32m"0 0 24 24"[31m
                    [36m>[31m
                      [36m<path[31m
                        [33md[31m=[32m"M16 11c1.66 0 2.99-1.34 2.99-3S17.66 5 16 5s-3 1.34-3 3 1.34 3 3 3m-8 0c1.66 0 2.99-1.34 2.99-3S9.66 5 8 5 5 6.34 5 8s1.34 3 3 3m0 2c-2.33 0-7 1.17-7 3.5V19h14v-2.5c0-2.33-4.67-3.5-7-3.5m8 0c-.29 0-.62.02-.97.05 1.16.84 1.97 1.97 1.97 3.45V19h6v-2.5c0-2.33-4.67-3.5-7-3.5"[31m
                      [36m/>[31m
                    [36m</svg>[31m
                    [36m<p[31m
                      [33mclass[31m=[32m"MuiTypography-root MuiTypography-body2 css-1gi1fdj-MuiTypography-root"[31m
                    [36m>[31m
                      [0m利用者[0m
                    [36m</p>[31m
                    [36m<div[31m
                      [33mclass[31m=[32m"MuiChip-root MuiChip-outlined MuiChip-sizeSmall MuiChip-colorDefault MuiChip-outlinedDefault css-8m2o99-MuiChip-root"[31m
                      [33mdata-testid[31m=[32m"selection-count"[31m
                    [36m>[31m
                      [36m<span[31m
                        [33mclass[31m=[32m"MuiChip-label MuiChip-labelSmall css-19m61dl-MuiChip-label"[31m
                      [36m>[31m
                        [0m0人選択中[0m
                      [36m...[39m
 [31m×[39m src/features/daily/__tests__/TableDailyRecordForm.test.tsx[2m > [22mTableDailyRecordForm[2m > [22mshould handle lunch amount selection[33m 3047[2mms[22m[39m
[31m   → Unable to find an element by: [data-testid="daily-table-record-form-table"]

Ignored nodes: comments, script, style
[36m<body>[31m
  [36m<div>[31m
    [36m<div[31m
      [33mclass[31m=[32m"MuiFormControl-root MuiTextField-root css-1xp5r68-MuiFormControl-root-MuiTextField-root"[31m
    [36m>[31m
      [36m<label[31m
        [33mclass[31m=[32m"MuiFormLabel-root MuiInputLabel-root MuiInputLabel-formControl MuiInputLabel-animated MuiInputLabel-shrink MuiInputLabel-sizeSmall MuiInputLabel-outlined MuiFormLabel-colorPrimary MuiFormLabel-filled MuiInputLabel-root MuiInputLabel-formControl MuiInputLabel-animated MuiInputLabel-shrink MuiInputLabel-sizeSmall MuiInputLabel-outlined css-hvjq6j-MuiFormLabel-root-MuiInputLabel-root"[31m
        [33mdata-shrink[31m=[32m"true"[31m
        [33mfor[31m=[32m":r1s:"[31m
        [33mid[31m=[32m":r1s:-label"[31m
      [36m>[31m
        [0m記録日[0m
      [36m</label>[31m
      [36m<div[31m
        [33mclass[31m=[32m"MuiInputBase-root MuiOutlinedInput-root MuiInputBase-colorPrimary MuiInputBase-formControl MuiInputBase-sizeSmall css-quhxjy-MuiInputBase-root-MuiOutlinedInput-root"[31m
      [36m>[31m
        [36m<input[31m
          [33maria-invalid[31m=[32m"false"[31m
          [33mclass[31m=[32m"MuiInputBase-input MuiOutlinedInput-input MuiInputBase-inputSizeSmall css-1pzfmz2-MuiInputBase-input-MuiOutlinedInput-input"[31m
          [33mid[31m=[32m":r1s:"[31m
          [33mtype[31m=[32m"date"[31m
          [33mvalue[31m=[32m"2026-03-28"[31m
        [36m/>[31m
        [36m<fieldset[31m
          [33maria-hidden[31m=[32m"true"[31m
          [33mclass[31m=[32m"MuiOutlinedInput-notchedOutline css-18p5xg2-MuiNotchedOutlined-root-MuiOutlinedInput-notchedOutline"[31m
        [36m>[31m
          [36m<legend[31m
            [33mclass[31m=[32m"css-ex8a5f-MuiNotchedOutlined-root"[31m
          [36m>[31m
            [36m<span>[31m
              [0m記録日[0m
            [36m</span>[31m
          [36m</legend>[31m
        [36m</fieldset>[31m
      [36m</div>[31m
    [36m</div>[31m
    [36m<div[31m
      [33mclass[31m=[32m"MuiFormControl-root MuiTextField-root css-1xp5r68-MuiFormControl-root-MuiTextField-root"[31m
    [36m>[31m
      [36m<label[31m
        [33mclass[31m=[32m"MuiFormLabel-root MuiInputLabel-root MuiInputLabel-formControl MuiInputLabel-animated MuiInputLabel-sizeSmall MuiInputLabel-outlined MuiFormLabel-colorPrimary MuiInputLabel-root MuiInputLabel-formControl MuiInputLabel-animated MuiInputLabel-sizeSmall MuiInputLabel-outlined css-1kfabtt-MuiFormLabel-root-MuiInputLabel-root"[31m
        [33mdata-shrink[31m=[32m"false"[31m
        [33mfor[31m=[32m":r1t:"[31m
        [33mid[31m=[32m":r1t:-label"[31m
      [36m>[31m
        [0m記録者名[0m
      [36m</label>[31m
      [36m<div[31m
        [33mclass[31m=[32m"MuiInputBase-root MuiOutlinedInput-root MuiInputBase-colorPrimary MuiInputBase-formControl MuiInputBase-sizeSmall css-quhxjy-MuiInputBase-root-MuiOutlinedInput-root"[31m
      [36m>[31m
        [36m<input[31m
          [33maria-invalid[31m=[32m"false"[31m
          [33mclass[31m=[32m"MuiInputBase-input MuiOutlinedInput-input MuiInputBase-inputSizeSmall css-1pzfmz2-MuiInputBase-input-MuiOutlinedInput-input"[31m
          [33mid[31m=[32m":r1t:"[31m
          [33mtype[31m=[32m"text"[31m
          [33mvalue[31m=[32m""[31m
        [36m/>[31m
        [36m<fieldset[31m
          [33maria-hidden[31m=[32m"true"[31m
          [33mclass[31m=[32m"MuiOutlinedInput-notchedOutline css-18p5xg2-MuiNotchedOutlined-root-MuiOutlinedInput-notchedOutline"[31m
        [36m>[31m
          [36m<legend[31m
            [33mclass[31m=[32m"css-1n64csd-MuiNotchedOutlined-root"[31m
          [36m>[31m
            [36m<span>[31m
              [0m記録者名[0m
            [36m</span>[31m
          [36m</legend>[31m
        [36m</fieldset>[31m
      [36m</div>[31m
    [36m</div>[31m
    [36m<div[31m
      [33mclass[31m=[32m"MuiBox-root css-1sm2s1z"[31m
      [33mdata-testid[31m=[32m"daily-table-record-form"[31m
    [36m>[31m
      [36m<div[31m
        [33mclass[31m=[32m"MuiDialogContent-root MuiDialogContent-dividers css-ggw484-MuiDialogContent-root"[31m
      [36m>[31m
        [36m<div[31m
          [33mclass[31m=[32m"MuiStack-root css-1r627vw-MuiStack-root"[31m
        [36m>[31m
          [36m<div[31m
            [33mclass[31m=[32m"MuiStack-root css-95rbei-MuiStack-root"[31m
          [36m>[31m
            [36m<div[31m
              [33mclass[31m=[32m"MuiBox-root css-1rr4qq7"[31m
            [36m>[31m
              [36m<div[31m
                [33mclass[31m=[32m"MuiBox-root css-0"[31m
              [36m>[31m
                [36m<div[31m
                  [33mclass[31m=[32m"MuiStack-root css-1ti6by-MuiStack-root"[31m
                  [33mdata-testid[31m=[32m"user-picker-summary"[31m
                [36m>[31m
                  [36m<svg[31m
                    [33maria-hidden[31m=[32m"true"[31m
                    [33mclass[31m=[32m"MuiSvgIcon-root MuiSvgIcon-colorAction MuiSvgIcon-fontSizeSmall css-97maqu-MuiSvgIcon-root"[31m
                    [33mdata-testid[31m=[32m"GroupIcon"[31m
                    [33mfocusable[31m=[32m"false"[31m
                    [33mviewBox[31m=[32m"0 0 24 24"[31m
                  [36m>[31m
                    [36m<path[31m
                      [33md[31m=[32m"M16 11c1.66 0 2.99-1.34 2.99-3S17.66 5 16 5s-3 1.34-3 3 1.34 3 3 3m-8 0c1.66 0 2.99-1.34 2.99-3S9.66 5 8 5 5 6.34 5 8s1.34 3 3 3m0 2c-2.33 0-7 1.17-7 3.5V19h14v-2.5c0-2.33-4.67-3.5-7-3.5m8 0c-.29 0-.62.02-.97.05 1.16.84 1.97 1.97 1.97 3.45V19h6v-2.5c0-2.33-4.67-3.5-7-3.5"[31m
                    [36m/>[31m
                  [36m</svg>[31m
                  [36m<p[31m
                    [33mclass[31m=[32m"MuiTypography-root MuiTypography-body2 css-1gi1fdj-MuiTypography-root"[31m
                  [36m>[31m
                    [0m利用者[0m
                  [36m</p>[31m
                  [36m<div[31m
                    [33mclass[31m=[32m"MuiChip-root MuiChip-outlined MuiChip-sizeSmall MuiChip-colorDefault MuiChip-outlinedDefault css-8m2o99-MuiChip-root"[31m
                    [33mdata-testid[31m=[32m"selection-count"[31m
                  [36m>[31m
                    [36m<span[31m
                      [33mclass[31m=[32m"MuiChip-label MuiChip-labelSmall css-19m61dl-MuiChip-label"[31m
                    [36m>[31m
                      [0m0人選択中[0m
                    [36m</span>[31m
                  [36m</div>[31m
                  [36m<div[31m
                    [33mclass[31m=[32m"MuiChip-root MuiChip-outlined MuiChip-sizeSmall MuiChip-colorSuccess MuiChip-outlinedSuccess css-fko4l-MuiChip-root"[31m
                  [36m>[31m
                    [36m<span[31m
                      [33mclass[31m=[32m"MuiChip-label MuiChip-labelSmall css-19m61dl-MuiChip-label"[31m
       ...

Ignored nodes: comments, script, style
[36m<html>[31m
  [36m<head>[31m
    [36m<meta[31m
      [33mcontent[31m=[32m""[31m
      [33mname[31m=[32m"emotion-insertion-point"[31m
    [36m/>[31m
  [36m</head>[31m
  [36m<body>[31m
    [36m<div>[31m
      [36m<div[31m
        [33mclass[31m=[32m"MuiFormControl-root MuiTextField-root css-1xp5r68-MuiFormControl-root-MuiTextField-root"[31m
      [36m>[31m
        [36m<label[31m
          [33mclass[31m=[32m"MuiFormLabel-root MuiInputLabel-root MuiInputLabel-formControl MuiInputLabel-animated MuiInputLabel-shrink MuiInputLabel-sizeSmall MuiInputLabel-outlined MuiFormLabel-colorPrimary MuiFormLabel-filled MuiInputLabel-root MuiInputLabel-formControl MuiInputLabel-animated MuiInputLabel-shrink MuiInputLabel-sizeSmall MuiInputLabel-outlined css-hvjq6j-MuiFormLabel-root-MuiInputLabel-root"[31m
          [33mdata-shrink[31m=[32m"true"[31m
          [33mfor[31m=[32m":r1s:"[31m
          [33mid[31m=[32m":r1s:-label"[31m
        [36m>[31m
          [0m記録日[0m
        [36m</label>[31m
        [36m<div[31m
          [33mclass[31m=[32m"MuiInputBase-root MuiOutlinedInput-root MuiInputBase-colorPrimary MuiInputBase-formControl MuiInputBase-sizeSmall css-quhxjy-MuiInputBase-root-MuiOutlinedInput-root"[31m
        [36m>[31m
          [36m<input[31m
            [33maria-invalid[31m=[32m"false"[31m
            [33mclass[31m=[32m"MuiInputBase-input MuiOutlinedInput-input MuiInputBase-inputSizeSmall css-1pzfmz2-MuiInputBase-input-MuiOutlinedInput-input"[31m
            [33mid[31m=[32m":r1s:"[31m
            [33mtype[31m=[32m"date"[31m
            [33mvalue[31m=[32m"2026-03-28"[31m
          [36m/>[31m
          [36m<fieldset[31m
            [33maria-hidden[31m=[32m"true"[31m
            [33mclass[31m=[32m"MuiOutlinedInput-notchedOutline css-18p5xg2-MuiNotchedOutlined-root-MuiOutlinedInput-notchedOutline"[31m
          [36m>[31m
            [36m<legend[31m
              [33mclass[31m=[32m"css-ex8a5f-MuiNotchedOutlined-root"[31m
            [36m>[31m
              [36m<span>[31m
                [0m記録日[0m
              [36m</span>[31m
            [36m</legend>[31m
          [36m</fieldset>[31m
        [36m</div>[31m
      [36m</div>[31m
      [36m<div[31m
        [33mclass[31m=[32m"MuiFormControl-root MuiTextField-root css-1xp5r68-MuiFormControl-root-MuiTextField-root"[31m
      [36m>[31m
        [36m<label[31m
          [33mclass[31m=[32m"MuiFormLabel-root MuiInputLabel-root MuiInputLabel-formControl MuiInputLabel-animated MuiInputLabel-sizeSmall MuiInputLabel-outlined MuiFormLabel-colorPrimary MuiInputLabel-root MuiInputLabel-formControl MuiInputLabel-animated MuiInputLabel-sizeSmall MuiInputLabel-outlined css-1kfabtt-MuiFormLabel-root-MuiInputLabel-root"[31m
          [33mdata-shrink[31m=[32m"false"[31m
          [33mfor[31m=[32m":r1t:"[31m
          [33mid[31m=[32m":r1t:-label"[31m
        [36m>[31m
          [0m記録者名[0m
        [36m</label>[31m
        [36m<div[31m
          [33mclass[31m=[32m"MuiInputBase-root MuiOutlinedInput-root MuiInputBase-colorPrimary MuiInputBase-formControl MuiInputBase-sizeSmall css-quhxjy-MuiInputBase-root-MuiOutlinedInput-root"[31m
        [36m>[31m
          [36m<input[31m
            [33maria-invalid[31m=[32m"false"[31m
            [33mclass[31m=[32m"MuiInputBase-input MuiOutlinedInput-input MuiInputBase-inputSizeSmall css-1pzfmz2-MuiInputBase-input-MuiOutlinedInput-input"[31m
            [33mid[31m=[32m":r1t:"[31m
            [33mtype[31m=[32m"text"[31m
            [33mvalue[31m=[32m""[31m
          [36m/>[31m
          [36m<fieldset[31m
            [33maria-hidden[31m=[32m"true"[31m
            [33mclass[31m=[32m"MuiOutlinedInput-notchedOutline css-18p5xg2-MuiNotchedOutlined-root-MuiOutlinedInput-notchedOutline"[31m
          [36m>[31m
            [36m<legend[31m
              [33mclass[31m=[32m"css-1n64csd-MuiNotchedOutlined-root"[31m
            [36m>[31m
              [36m<span>[31m
                [0m記録者名[0m
              [36m</span>[31m
            [36m</legend>[31m
          [36m</fieldset>[31m
        [36m</div>[31m
      [36m</div>[31m
      [36m<div[31m
        [33mclass[31m=[32m"MuiBox-root css-1sm2s1z"[31m
        [33mdata-testid[31m=[32m"daily-table-record-form"[31m
      [36m>[31m
        [36m<div[31m
          [33mclass[31m=[32m"MuiDialogContent-root MuiDialogContent-dividers css-ggw484-MuiDialogContent-root"[31m
        [36m>[31m
          [36m<div[31m
            [33mclass[31m=[32m"MuiStack-root css-1r627vw-MuiStack-root"[31m
          [36m>[31m
            [36m<div[31m
              [33mclass[31m=[32m"MuiStack-root css-95rbei-MuiStack-root"[31m
            [36m>[31m
              [36m<div[31m
                [33mclass[31m=[32m"MuiBox-root css-1rr4qq7"[31m
              [36m>[31m
                [36m<div[31m
                  [33mclass[31m=[32m"MuiBox-root css-0"[31m
                [36m>[31m
                  [36m<div[31m
                    [33mclass[31m=[32m"MuiStack-root css-1ti6by-MuiStack-root"[31m
                    [33mdata-testid[31m=[32m"user-picker-summary"[31m
                  [36m>[31m
                    [36m<svg[31m
                      [33maria-hidden[31m=[32m"true"[31m
                      [33mclass[31m=[32m"MuiSvgIcon-root MuiSvgIcon-colorAction MuiSvgIcon-fontSizeSmall css-97maqu-MuiSvgIcon-root"[31m
                      [33mdata-testid[31m=[32m"GroupIcon"[31m
                      [33mfocusable[31m=[32m"false"[31m
                      [33mviewBox[31m=[32m"0 0 24 24"[31m
                    [36m>[31m
                      [36m<path[31m
                        [33md[31m=[32m"M16 11c1.66 0 2.99-1.34 2.99-3S17.66 5 16 5s-3 1.34-3 3 1.34 3 3 3m-8 0c1.66 0 2.99-1.34 2.99-3S9.66 5 8 5 5 6.34 5 8s1.34 3 3 3m0 2c-2.33 0-7 1.17-7 3.5V19h14v-2.5c0-2.33-4.67-3.5-7-3.5m8 0c-.29 0-.62.02-.97.05 1.16.84 1.97 1.97 1.97 3.45V19h6v-2.5c0-2.33-4.67-3.5-7-3.5"[31m
                      [36m/>[31m
                    [36m</svg>[31m
                    [36m<p[31m
                      [33mclass[31m=[32m"MuiTypography-root MuiTypography-body2 css-1gi1fdj-MuiTypography-root"[31m
                    [36m>[31m
                      [0m利用者[0m
                    [36m</p>[31m
                    [36m<div[31m
                      [33mclass[31m=[32m"MuiChip-root MuiChip-outlined MuiChip-sizeSmall MuiChip-colorDefault MuiChip-outlinedDefault css-8m2o99-MuiChip-root"[31m
                      [33mdata-testid[31m=[32m"selection-count"[31m
                    [36m>[31m
                      [36m<span[31m
                        [33mclass[31m=[32m"MuiChip-label MuiChip-labelSmall css-19m61dl-MuiChip-label"[31m
                      [36m>[31m
                        [0m0人選択中[0m
                      [36m...[39m
 [31m×[39m src/features/daily/__tests__/TableDailyRecordForm.test.tsx[2m > [22mTableDailyRecordForm[2m > [22mshould handle problem behavior chips[33m 3056[2mms[22m[39m
[31m   → Unable to find an element by: [data-testid="daily-table-record-form-table"]

Ignored nodes: comments, script, style
[36m<body>[31m
  [36m<div>[31m
    [36m<div[31m
      [33mclass[31m=[32m"MuiFormControl-root MuiTextField-root css-1xp5r68-MuiFormControl-root-MuiTextField-root"[31m
    [36m>[31m
      [36m<label[31m
        [33mclass[31m=[32m"MuiFormLabel-root MuiInputLabel-root MuiInputLabel-formControl MuiInputLabel-animated MuiInputLabel-shrink MuiInputLabel-sizeSmall MuiInputLabel-outlined MuiFormLabel-colorPrimary MuiFormLabel-filled MuiInputLabel-root MuiInputLabel-formControl MuiInputLabel-animated MuiInputLabel-shrink MuiInputLabel-sizeSmall MuiInputLabel-outlined css-hvjq6j-MuiFormLabel-root-MuiInputLabel-root"[31m
        [33mdata-shrink[31m=[32m"true"[31m
        [33mfor[31m=[32m":r26:"[31m
        [33mid[31m=[32m":r26:-label"[31m
      [36m>[31m
        [0m記録日[0m
      [36m</label>[31m
      [36m<div[31m
        [33mclass[31m=[32m"MuiInputBase-root MuiOutlinedInput-root MuiInputBase-colorPrimary MuiInputBase-formControl MuiInputBase-sizeSmall css-quhxjy-MuiInputBase-root-MuiOutlinedInput-root"[31m
      [36m>[31m
        [36m<input[31m
          [33maria-invalid[31m=[32m"false"[31m
          [33mclass[31m=[32m"MuiInputBase-input MuiOutlinedInput-input MuiInputBase-inputSizeSmall css-1pzfmz2-MuiInputBase-input-MuiOutlinedInput-input"[31m
          [33mid[31m=[32m":r26:"[31m
          [33mtype[31m=[32m"date"[31m
          [33mvalue[31m=[32m"2026-03-28"[31m
        [36m/>[31m
        [36m<fieldset[31m
          [33maria-hidden[31m=[32m"true"[31m
          [33mclass[31m=[32m"MuiOutlinedInput-notchedOutline css-18p5xg2-MuiNotchedOutlined-root-MuiOutlinedInput-notchedOutline"[31m
        [36m>[31m
          [36m<legend[31m
            [33mclass[31m=[32m"css-ex8a5f-MuiNotchedOutlined-root"[31m
          [36m>[31m
            [36m<span>[31m
              [0m記録日[0m
            [36m</span>[31m
          [36m</legend>[31m
        [36m</fieldset>[31m
      [36m</div>[31m
    [36m</div>[31m
    [36m<div[31m
      [33mclass[31m=[32m"MuiFormControl-root MuiTextField-root css-1xp5r68-MuiFormControl-root-MuiTextField-root"[31m
    [36m>[31m
      [36m<label[31m
        [33mclass[31m=[32m"MuiFormLabel-root MuiInputLabel-root MuiInputLabel-formControl MuiInputLabel-animated MuiInputLabel-sizeSmall MuiInputLabel-outlined MuiFormLabel-colorPrimary MuiInputLabel-root MuiInputLabel-formControl MuiInputLabel-animated MuiInputLabel-sizeSmall MuiInputLabel-outlined css-1kfabtt-MuiFormLabel-root-MuiInputLabel-root"[31m
        [33mdata-shrink[31m=[32m"false"[31m
        [33mfor[31m=[32m":r27:"[31m
        [33mid[31m=[32m":r27:-label"[31m
      [36m>[31m
        [0m記録者名[0m
      [36m</label>[31m
      [36m<div[31m
        [33mclass[31m=[32m"MuiInputBase-root MuiOutlinedInput-root MuiInputBase-colorPrimary MuiInputBase-formControl MuiInputBase-sizeSmall css-quhxjy-MuiInputBase-root-MuiOutlinedInput-root"[31m
      [36m>[31m
        [36m<input[31m
          [33maria-invalid[31m=[32m"false"[31m
          [33mclass[31m=[32m"MuiInputBase-input MuiOutlinedInput-input MuiInputBase-inputSizeSmall css-1pzfmz2-MuiInputBase-input-MuiOutlinedInput-input"[31m
          [33mid[31m=[32m":r27:"[31m
          [33mtype[31m=[32m"text"[31m
          [33mvalue[31m=[32m""[31m
        [36m/>[31m
        [36m<fieldset[31m
          [33maria-hidden[31m=[32m"true"[31m
          [33mclass[31m=[32m"MuiOutlinedInput-notchedOutline css-18p5xg2-MuiNotchedOutlined-root-MuiOutlinedInput-notchedOutline"[31m
        [36m>[31m
          [36m<legend[31m
            [33mclass[31m=[32m"css-1n64csd-MuiNotchedOutlined-root"[31m
          [36m>[31m
            [36m<span>[31m
              [0m記録者名[0m
            [36m</span>[31m
          [36m</legend>[31m
        [36m</fieldset>[31m
      [36m</div>[31m
    [36m</div>[31m
    [36m<div[31m
      [33mclass[31m=[32m"MuiBox-root css-1sm2s1z"[31m
      [33mdata-testid[31m=[32m"daily-table-record-form"[31m
    [36m>[31m
      [36m<div[31m
        [33mclass[31m=[32m"MuiDialogContent-root MuiDialogContent-dividers css-ggw484-MuiDialogContent-root"[31m
      [36m>[31m
        [36m<div[31m
          [33mclass[31m=[32m"MuiStack-root css-1r627vw-MuiStack-root"[31m
        [36m>[31m
          [36m<div[31m
            [33mclass[31m=[32m"MuiStack-root css-95rbei-MuiStack-root"[31m
          [36m>[31m
            [36m<div[31m
              [33mclass[31m=[32m"MuiBox-root css-1rr4qq7"[31m
            [36m>[31m
              [36m<div[31m
                [33mclass[31m=[32m"MuiBox-root css-0"[31m
              [36m>[31m
                [36m<div[31m
                  [33mclass[31m=[32m"MuiStack-root css-1ti6by-MuiStack-root"[31m
                  [33mdata-testid[31m=[32m"user-picker-summary"[31m
                [36m>[31m
                  [36m<svg[31m
                    [33maria-hidden[31m=[32m"true"[31m
                    [33mclass[31m=[32m"MuiSvgIcon-root MuiSvgIcon-colorAction MuiSvgIcon-fontSizeSmall css-97maqu-MuiSvgIcon-root"[31m
                    [33mdata-testid[31m=[32m"GroupIcon"[31m
                    [33mfocusable[31m=[32m"false"[31m
                    [33mviewBox[31m=[32m"0 0 24 24"[31m
                  [36m>[31m
                    [36m<path[31m
                      [33md[31m=[32m"M16 11c1.66 0 2.99-1.34 2.99-3S17.66 5 16 5s-3 1.34-3 3 1.34 3 3 3m-8 0c1.66 0 2.99-1.34 2.99-3S9.66 5 8 5 5 6.34 5 8s1.34 3 3 3m0 2c-2.33 0-7 1.17-7 3.5V19h14v-2.5c0-2.33-4.67-3.5-7-3.5m8 0c-.29 0-.62.02-.97.05 1.16.84 1.97 1.97 1.97 3.45V19h6v-2.5c0-2.33-4.67-3.5-7-3.5"[31m
                    [36m/>[31m
                  [36m</svg>[31m
                  [36m<p[31m
                    [33mclass[31m=[32m"MuiTypography-root MuiTypography-body2 css-1gi1fdj-MuiTypography-root"[31m
                  [36m>[31m
                    [0m利用者[0m
                  [36m</p>[31m
                  [36m<div[31m
                    [33mclass[31m=[32m"MuiChip-root MuiChip-outlined MuiChip-sizeSmall MuiChip-colorDefault MuiChip-outlinedDefault css-8m2o99-MuiChip-root"[31m
                    [33mdata-testid[31m=[32m"selection-count"[31m
                  [36m>[31m
                    [36m<span[31m
                      [33mclass[31m=[32m"MuiChip-label MuiChip-labelSmall css-19m61dl-MuiChip-label"[31m
                    [36m>[31m
                      [0m0人選択中[0m
                    [36m</span>[31m
                  [36m</div>[31m
                  [36m<div[31m
                    [33mclass[31m=[32m"MuiChip-root MuiChip-outlined MuiChip-sizeSmall MuiChip-colorSuccess MuiChip-outlinedSuccess css-fko4l-MuiChip-root"[31m
                  [36m>[31m
                    [36m<span[31m
                      [33mclass[31m=[32m"MuiChip-label MuiChip-labelSmall css-19m61dl-MuiChip-label"[31m
       ...

Ignored nodes: comments, script, style
[36m<html>[31m
  [36m<head>[31m
    [36m<meta[31m
      [33mcontent[31m=[32m""[31m
      [33mname[31m=[32m"emotion-insertion-point"[31m
    [36m/>[31m
  [36m</head>[31m
  [36m<body>[31m
    [36m<div>[31m
      [36m<div[31m
        [33mclass[31m=[32m"MuiFormControl-root MuiTextField-root css-1xp5r68-MuiFormControl-root-MuiTextField-root"[31m
      [36m>[31m
        [36m<label[31m
          [33mclass[31m=[32m"MuiFormLabel-root MuiInputLabel-root MuiInputLabel-formControl MuiInputLabel-animated MuiInputLabel-shrink MuiInputLabel-sizeSmall MuiInputLabel-outlined MuiFormLabel-colorPrimary MuiFormLabel-filled MuiInputLabel-root MuiInputLabel-formControl MuiInputLabel-animated MuiInputLabel-shrink MuiInputLabel-sizeSmall MuiInputLabel-outlined css-hvjq6j-MuiFormLabel-root-MuiInputLabel-root"[31m
          [33mdata-shrink[31m=[32m"true"[31m
          [33mfor[31m=[32m":r26:"[31m
          [33mid[31m=[32m":r26:-label"[31m
        [36m>[31m
          [0m記録日[0m
        [36m</label>[31m
        [36m<div[31m
          [33mclass[31m=[32m"MuiInputBase-root MuiOutlinedInput-root MuiInputBase-colorPrimary MuiInputBase-formControl MuiInputBase-sizeSmall css-quhxjy-MuiInputBase-root-MuiOutlinedInput-root"[31m
        [36m>[31m
          [36m<input[31m
            [33maria-invalid[31m=[32m"false"[31m
            [33mclass[31m=[32m"MuiInputBase-input MuiOutlinedInput-input MuiInputBase-inputSizeSmall css-1pzfmz2-MuiInputBase-input-MuiOutlinedInput-input"[31m
            [33mid[31m=[32m":r26:"[31m
            [33mtype[31m=[32m"date"[31m
            [33mvalue[31m=[32m"2026-03-28"[31m
          [36m/>[31m
          [36m<fieldset[31m
            [33maria-hidden[31m=[32m"true"[31m
            [33mclass[31m=[32m"MuiOutlinedInput-notchedOutline css-18p5xg2-MuiNotchedOutlined-root-MuiOutlinedInput-notchedOutline"[31m
          [36m>[31m
            [36m<legend[31m
              [33mclass[31m=[32m"css-ex8a5f-MuiNotchedOutlined-root"[31m
            [36m>[31m
              [36m<span>[31m
                [0m記録日[0m
              [36m</span>[31m
            [36m</legend>[31m
          [36m</fieldset>[31m
        [36m</div>[31m
      [36m</div>[31m
      [36m<div[31m
        [33mclass[31m=[32m"MuiFormControl-root MuiTextField-root css-1xp5r68-MuiFormControl-root-MuiTextField-root"[31m
      [36m>[31m
        [36m<label[31m
          [33mclass[31m=[32m"MuiFormLabel-root MuiInputLabel-root MuiInputLabel-formControl MuiInputLabel-animated MuiInputLabel-sizeSmall MuiInputLabel-outlined MuiFormLabel-colorPrimary MuiInputLabel-root MuiInputLabel-formControl MuiInputLabel-animated MuiInputLabel-sizeSmall MuiInputLabel-outlined css-1kfabtt-MuiFormLabel-root-MuiInputLabel-root"[31m
          [33mdata-shrink[31m=[32m"false"[31m
          [33mfor[31m=[32m":r27:"[31m
          [33mid[31m=[32m":r27:-label"[31m
        [36m>[31m
          [0m記録者名[0m
        [36m</label>[31m
        [36m<div[31m
          [33mclass[31m=[32m"MuiInputBase-root MuiOutlinedInput-root MuiInputBase-colorPrimary MuiInputBase-formControl MuiInputBase-sizeSmall css-quhxjy-MuiInputBase-root-MuiOutlinedInput-root"[31m
        [36m>[31m
          [36m<input[31m
            [33maria-invalid[31m=[32m"false"[31m
            [33mclass[31m=[32m"MuiInputBase-input MuiOutlinedInput-input MuiInputBase-inputSizeSmall css-1pzfmz2-MuiInputBase-input-MuiOutlinedInput-input"[31m
            [33mid[31m=[32m":r27:"[31m
            [33mtype[31m=[32m"text"[31m
            [33mvalue[31m=[32m""[31m
          [36m/>[31m
          [36m<fieldset[31m
            [33maria-hidden[31m=[32m"true"[31m
            [33mclass[31m=[32m"MuiOutlinedInput-notchedOutline css-18p5xg2-MuiNotchedOutlined-root-MuiOutlinedInput-notchedOutline"[31m
          [36m>[31m
            [36m<legend[31m
              [33mclass[31m=[32m"css-1n64csd-MuiNotchedOutlined-root"[31m
            [36m>[31m
              [36m<span>[31m
                [0m記録者名[0m
              [36m</span>[31m
            [36m</legend>[31m
          [36m</fieldset>[31m
        [36m</div>[31m
      [36m</div>[31m
      [36m<div[31m
        [33mclass[31m=[32m"MuiBox-root css-1sm2s1z"[31m
        [33mdata-testid[31m=[32m"daily-table-record-form"[31m
      [36m>[31m
        [36m<div[31m
          [33mclass[31m=[32m"MuiDialogContent-root MuiDialogContent-dividers css-ggw484-MuiDialogContent-root"[31m
        [36m>[31m
          [36m<div[31m
            [33mclass[31m=[32m"MuiStack-root css-1r627vw-MuiStack-root"[31m
          [36m>[31m
            [36m<div[31m
              [33mclass[31m=[32m"MuiStack-root css-95rbei-MuiStack-root"[31m
            [36m>[31m
              [36m<div[31m
                [33mclass[31m=[32m"MuiBox-root css-1rr4qq7"[31m
              [36m>[31m
                [36m<div[31m
                  [33mclass[31m=[32m"MuiBox-root css-0"[31m
                [36m>[31m
                  [36m<div[31m
                    [33mclass[31m=[32m"MuiStack-root css-1ti6by-MuiStack-root"[31m
                    [33mdata-testid[31m=[32m"user-picker-summary"[31m
                  [36m>[31m
                    [36m<svg[31m
                      [33maria-hidden[31m=[32m"true"[31m
                      [33mclass[31m=[32m"MuiSvgIcon-root MuiSvgIcon-colorAction MuiSvgIcon-fontSizeSmall css-97maqu-MuiSvgIcon-root"[31m
                      [33mdata-testid[31m=[32m"GroupIcon"[31m
                      [33mfocusable[31m=[32m"false"[31m
                      [33mviewBox[31m=[32m"0 0 24 24"[31m
                    [36m>[31m
                      [36m<path[31m
                        [33md[31m=[32m"M16 11c1.66 0 2.99-1.34 2.99-3S17.66 5 16 5s-3 1.34-3 3 1.34 3 3 3m-8 0c1.66 0 2.99-1.34 2.99-3S9.66 5 8 5 5 6.34 5 8s1.34 3 3 3m0 2c-2.33 0-7 1.17-7 3.5V19h14v-2.5c0-2.33-4.67-3.5-7-3.5m8 0c-.29 0-.62.02-.97.05 1.16.84 1.97 1.97 1.97 3.45V19h6v-2.5c0-2.33-4.67-3.5-7-3.5"[31m
                      [36m/>[31m
                    [36m</svg>[31m
                    [36m<p[31m
                      [33mclass[31m=[32m"MuiTypography-root MuiTypography-body2 css-1gi1fdj-MuiTypography-root"[31m
                    [36m>[31m
                      [0m利用者[0m
                    [36m</p>[31m
                    [36m<div[31m
                      [33mclass[31m=[32m"MuiChip-root MuiChip-outlined MuiChip-sizeSmall MuiChip-colorDefault MuiChip-outlinedDefault css-8m2o99-MuiChip-root"[31m
                      [33mdata-testid[31m=[32m"selection-count"[31m
                    [36m>[31m
                      [36m<span[31m
                        [33mclass[31m=[32m"MuiChip-label MuiChip-labelSmall css-19m61dl-MuiChip-label"[31m
                      [36m>[31m
                        [0m0人選択中[0m
                      [36m...[39m
 [31m×[39m src/features/daily/__tests__/TableDailyRecordForm.test.tsx[2m > [22mTableDailyRecordForm[2m > [22mshould handle special notes input[33m 3049[2mms[22m[39m
[31m   → Unable to find an element by: [data-testid="daily-table-record-form-table"]

Ignored nodes: comments, script, style
[36m<body>[31m
  [36m<div>[31m
    [36m<div[31m
      [33mclass[31m=[32m"MuiFormControl-root MuiTextField-root css-1xp5r68-MuiFormControl-root-MuiTextField-root"[31m
    [36m>[31m
      [36m<label[31m
        [33mclass[31m=[32m"MuiFormLabel-root MuiInputLabel-root MuiInputLabel-formControl MuiInputLabel-animated MuiInputLabel-shrink MuiInputLabel-sizeSmall MuiInputLabel-outlined MuiFormLabel-colorPrimary MuiFormLabel-filled MuiInputLabel-root MuiInputLabel-formControl MuiInputLabel-animated MuiInputLabel-shrink MuiInputLabel-sizeSmall MuiInputLabel-outlined css-hvjq6j-MuiFormLabel-root-MuiInputLabel-root"[31m
        [33mdata-shrink[31m=[32m"true"[31m
        [33mfor[31m=[32m":r2g:"[31m
        [33mid[31m=[32m":r2g:-label"[31m
      [36m>[31m
        [0m記録日[0m
      [36m</label>[31m
      [36m<div[31m
        [33mclass[31m=[32m"MuiInputBase-root MuiOutlinedInput-root MuiInputBase-colorPrimary MuiInputBase-formControl MuiInputBase-sizeSmall css-quhxjy-MuiInputBase-root-MuiOutlinedInput-root"[31m
      [36m>[31m
        [36m<input[31m
          [33maria-invalid[31m=[32m"false"[31m
          [33mclass[31m=[32m"MuiInputBase-input MuiOutlinedInput-input MuiInputBase-inputSizeSmall css-1pzfmz2-MuiInputBase-input-MuiOutlinedInput-input"[31m
          [33mid[31m=[32m":r2g:"[31m
          [33mtype[31m=[32m"date"[31m
          [33mvalue[31m=[32m"2026-03-28"[31m
        [36m/>[31m
        [36m<fieldset[31m
          [33maria-hidden[31m=[32m"true"[31m
          [33mclass[31m=[32m"MuiOutlinedInput-notchedOutline css-18p5xg2-MuiNotchedOutlined-root-MuiOutlinedInput-notchedOutline"[31m
        [36m>[31m
          [36m<legend[31m
            [33mclass[31m=[32m"css-ex8a5f-MuiNotchedOutlined-root"[31m
          [36m>[31m
            [36m<span>[31m
              [0m記録日[0m
            [36m</span>[31m
          [36m</legend>[31m
        [36m</fieldset>[31m
      [36m</div>[31m
    [36m</div>[31m
    [36m<div[31m
      [33mclass[31m=[32m"MuiFormControl-root MuiTextField-root css-1xp5r68-MuiFormControl-root-MuiTextField-root"[31m
    [36m>[31m
      [36m<label[31m
        [33mclass[31m=[32m"MuiFormLabel-root MuiInputLabel-root MuiInputLabel-formControl MuiInputLabel-animated MuiInputLabel-sizeSmall MuiInputLabel-outlined MuiFormLabel-colorPrimary MuiInputLabel-root MuiInputLabel-formControl MuiInputLabel-animated MuiInputLabel-sizeSmall MuiInputLabel-outlined css-1kfabtt-MuiFormLabel-root-MuiInputLabel-root"[31m
        [33mdata-shrink[31m=[32m"false"[31m
        [33mfor[31m=[32m":r2h:"[31m
        [33mid[31m=[32m":r2h:-label"[31m
      [36m>[31m
        [0m記録者名[0m
      [36m</label>[31m
      [36m<div[31m
        [33mclass[31m=[32m"MuiInputBase-root MuiOutlinedInput-root MuiInputBase-colorPrimary MuiInputBase-formControl MuiInputBase-sizeSmall css-quhxjy-MuiInputBase-root-MuiOutlinedInput-root"[31m
      [36m>[31m
        [36m<input[31m
          [33maria-invalid[31m=[32m"false"[31m
          [33mclass[31m=[32m"MuiInputBase-input MuiOutlinedInput-input MuiInputBase-inputSizeSmall css-1pzfmz2-MuiInputBase-input-MuiOutlinedInput-input"[31m
          [33mid[31m=[32m":r2h:"[31m
          [33mtype[31m=[32m"text"[31m
          [33mvalue[31m=[32m""[31m
        [36m/>[31m
        [36m<fieldset[31m
          [33maria-hidden[31m=[32m"true"[31m
          [33mclass[31m=[32m"MuiOutlinedInput-notchedOutline css-18p5xg2-MuiNotchedOutlined-root-MuiOutlinedInput-notchedOutline"[31m
        [36m>[31m
          [36m<legend[31m
            [33mclass[31m=[32m"css-1n64csd-MuiNotchedOutlined-root"[31m
          [36m>[31m
            [36m<span>[31m
              [0m記録者名[0m
            [36m</span>[31m
          [36m</legend>[31m
        [36m</fieldset>[31m
      [36m</div>[31m
    [36m</div>[31m
    [36m<div[31m
      [33mclass[31m=[32m"MuiBox-root css-1sm2s1z"[31m
      [33mdata-testid[31m=[32m"daily-table-record-form"[31m
    [36m>[31m
      [36m<div[31m
        [33mclass[31m=[32m"MuiDialogContent-root MuiDialogContent-dividers css-ggw484-MuiDialogContent-root"[31m
      [36m>[31m
        [36m<div[31m
          [33mclass[31m=[32m"MuiStack-root css-1r627vw-MuiStack-root"[31m
        [36m>[31m
          [36m<div[31m
            [33mclass[31m=[32m"MuiStack-root css-95rbei-MuiStack-root"[31m
          [36m>[31m
            [36m<div[31m
              [33mclass[31m=[32m"MuiBox-root css-1rr4qq7"[31m
            [36m>[31m
              [36m<div[31m
                [33mclass[31m=[32m"MuiBox-root css-0"[31m
              [36m>[31m
                [36m<div[31m
                  [33mclass[31m=[32m"MuiStack-root css-1ti6by-MuiStack-root"[31m
                  [33mdata-testid[31m=[32m"user-picker-summary"[31m
                [36m>[31m
                  [36m<svg[31m
                    [33maria-hidden[31m=[32m"true"[31m
                    [33mclass[31m=[32m"MuiSvgIcon-root MuiSvgIcon-colorAction MuiSvgIcon-fontSizeSmall css-97maqu-MuiSvgIcon-root"[31m
                    [33mdata-testid[31m=[32m"GroupIcon"[31m
                    [33mfocusable[31m=[32m"false"[31m
                    [33mviewBox[31m=[32m"0 0 24 24"[31m
                  [36m>[31m
                    [36m<path[31m
                      [33md[31m=[32m"M16 11c1.66 0 2.99-1.34 2.99-3S17.66 5 16 5s-3 1.34-3 3 1.34 3 3 3m-8 0c1.66 0 2.99-1.34 2.99-3S9.66 5 8 5 5 6.34 5 8s1.34 3 3 3m0 2c-2.33 0-7 1.17-7 3.5V19h14v-2.5c0-2.33-4.67-3.5-7-3.5m8 0c-.29 0-.62.02-.97.05 1.16.84 1.97 1.97 1.97 3.45V19h6v-2.5c0-2.33-4.67-3.5-7-3.5"[31m
                    [36m/>[31m
                  [36m</svg>[31m
                  [36m<p[31m
                    [33mclass[31m=[32m"MuiTypography-root MuiTypography-body2 css-1gi1fdj-MuiTypography-root"[31m
                  [36m>[31m
                    [0m利用者[0m
                  [36m</p>[31m
                  [36m<div[31m
                    [33mclass[31m=[32m"MuiChip-root MuiChip-outlined MuiChip-sizeSmall MuiChip-colorDefault MuiChip-outlinedDefault css-8m2o99-MuiChip-root"[31m
                    [33mdata-testid[31m=[32m"selection-count"[31m
                  [36m>[31m
                    [36m<span[31m
                      [33mclass[31m=[32m"MuiChip-label MuiChip-labelSmall css-19m61dl-MuiChip-label"[31m
                    [36m>[31m
                      [0m0人選択中[0m
                    [36m</span>[31m
                  [36m</div>[31m
                  [36m<div[31m
                    [33mclass[31m=[32m"MuiChip-root MuiChip-outlined MuiChip-sizeSmall MuiChip-colorSuccess MuiChip-outlinedSuccess css-fko4l-MuiChip-root"[31m
                  [36m>[31m
                    [36m<span[31m
                      [33mclass[31m=[32m"MuiChip-label MuiChip-labelSmall css-19m61dl-MuiChip-label"[31m
       ...

Ignored nodes: comments, script, style
[36m<html>[31m
  [36m<head>[31m
    [36m<meta[31m
      [33mcontent[31m=[32m""[31m
      [33mname[31m=[32m"emotion-insertion-point"[31m
    [36m/>[31m
  [36m</head>[31m
  [36m<body>[31m
    [36m<div>[31m
      [36m<div[31m
        [33mclass[31m=[32m"MuiFormControl-root MuiTextField-root css-1xp5r68-MuiFormControl-root-MuiTextField-root"[31m
      [36m>[31m
        [36m<label[31m
          [33mclass[31m=[32m"MuiFormLabel-root MuiInputLabel-root MuiInputLabel-formControl MuiInputLabel-animated MuiInputLabel-shrink MuiInputLabel-sizeSmall MuiInputLabel-outlined MuiFormLabel-colorPrimary MuiFormLabel-filled MuiInputLabel-root MuiInputLabel-formControl MuiInputLabel-animated MuiInputLabel-shrink MuiInputLabel-sizeSmall MuiInputLabel-outlined css-hvjq6j-MuiFormLabel-root-MuiInputLabel-root"[31m
          [33mdata-shrink[31m=[32m"true"[31m
          [33mfor[31m=[32m":r2g:"[31m
          [33mid[31m=[32m":r2g:-label"[31m
        [36m>[31m
          [0m記録日[0m
        [36m</label>[31m
        [36m<div[31m
          [33mclass[31m=[32m"MuiInputBase-root MuiOutlinedInput-root MuiInputBase-colorPrimary MuiInputBase-formControl MuiInputBase-sizeSmall css-quhxjy-MuiInputBase-root-MuiOutlinedInput-root"[31m
        [36m>[31m
          [36m<input[31m
            [33maria-invalid[31m=[32m"false"[31m
            [33mclass[31m=[32m"MuiInputBase-input MuiOutlinedInput-input MuiInputBase-inputSizeSmall css-1pzfmz2-MuiInputBase-input-MuiOutlinedInput-input"[31m
            [33mid[31m=[32m":r2g:"[31m
            [33mtype[31m=[32m"date"[31m
            [33mvalue[31m=[32m"2026-03-28"[31m
          [36m/>[31m
          [36m<fieldset[31m
            [33maria-hidden[31m=[32m"true"[31m
            [33mclass[31m=[32m"MuiOutlinedInput-notchedOutline css-18p5xg2-MuiNotchedOutlined-root-MuiOutlinedInput-notchedOutline"[31m
          [36m>[31m
            [36m<legend[31m
              [33mclass[31m=[32m"css-ex8a5f-MuiNotchedOutlined-root"[31m
            [36m>[31m
              [36m<span>[31m
                [0m記録日[0m
              [36m</span>[31m
            [36m</legend>[31m
          [36m</fieldset>[31m
        [36m</div>[31m
      [36m</div>[31m
      [36m<div[31m
        [33mclass[31m=[32m"MuiFormControl-root MuiTextField-root css-1xp5r68-MuiFormControl-root-MuiTextField-root"[31m
      [36m>[31m
        [36m<label[31m
          [33mclass[31m=[32m"MuiFormLabel-root MuiInputLabel-root MuiInputLabel-formControl MuiInputLabel-animated MuiInputLabel-sizeSmall MuiInputLabel-outlined MuiFormLabel-colorPrimary MuiInputLabel-root MuiInputLabel-formControl MuiInputLabel-animated MuiInputLabel-sizeSmall MuiInputLabel-outlined css-1kfabtt-MuiFormLabel-root-MuiInputLabel-root"[31m
          [33mdata-shrink[31m=[32m"false"[31m
          [33mfor[31m=[32m":r2h:"[31m
          [33mid[31m=[32m":r2h:-label"[31m
        [36m>[31m
          [0m記録者名[0m
        [36m</label>[31m
        [36m<div[31m
          [33mclass[31m=[32m"MuiInputBase-root MuiOutlinedInput-root MuiInputBase-colorPrimary MuiInputBase-formControl MuiInputBase-sizeSmall css-quhxjy-MuiInputBase-root-MuiOutlinedInput-root"[31m
        [36m>[31m
          [36m<input[31m
            [33maria-invalid[31m=[32m"false"[31m
            [33mclass[31m=[32m"MuiInputBase-input MuiOutlinedInput-input MuiInputBase-inputSizeSmall css-1pzfmz2-MuiInputBase-input-MuiOutlinedInput-input"[31m
            [33mid[31m=[32m":r2h:"[31m
            [33mtype[31m=[32m"text"[31m
            [33mvalue[31m=[32m""[31m
          [36m/>[31m
          [36m<fieldset[31m
            [33maria-hidden[31m=[32m"true"[31m
            [33mclass[31m=[32m"MuiOutlinedInput-notchedOutline css-18p5xg2-MuiNotchedOutlined-root-MuiOutlinedInput-notchedOutline"[31m
          [36m>[31m
            [36m<legend[31m
              [33mclass[31m=[32m"css-1n64csd-MuiNotchedOutlined-root"[31m
            [36m>[31m
              [36m<span>[31m
                [0m記録者名[0m
              [36m</span>[31m
            [36m</legend>[31m
          [36m</fieldset>[31m
        [36m</div>[31m
      [36m</div>[31m
      [36m<div[31m
        [33mclass[31m=[32m"MuiBox-root css-1sm2s1z"[31m
        [33mdata-testid[31m=[32m"daily-table-record-form"[31m
      [36m>[31m
        [36m<div[31m
          [33mclass[31m=[32m"MuiDialogContent-root MuiDialogContent-dividers css-ggw484-MuiDialogContent-root"[31m
        [36m>[31m
          [36m<div[31m
            [33mclass[31m=[32m"MuiStack-root css-1r627vw-MuiStack-root"[31m
          [36m>[31m
            [36m<div[31m
              [33mclass[31m=[32m"MuiStack-root css-95rbei-MuiStack-root"[31m
            [36m>[31m
              [36m<div[31m
                [33mclass[31m=[32m"MuiBox-root css-1rr4qq7"[31m
              [36m>[31m
                [36m<div[31m
                  [33mclass[31m=[32m"MuiBox-root css-0"[31m
                [36m>[31m
                  [36m<div[31m
                    [33mclass[31m=[32m"MuiStack-root css-1ti6by-MuiStack-root"[31m
                    [33mdata-testid[31m=[32m"user-picker-summary"[31m
                  [36m>[31m
                    [36m<svg[31m
                      [33maria-hidden[31m=[32m"true"[31m
                      [33mclass[31m=[32m"MuiSvgIcon-root MuiSvgIcon-colorAction MuiSvgIcon-fontSizeSmall css-97maqu-MuiSvgIcon-root"[31m
                      [33mdata-testid[31m=[32m"GroupIcon"[31m
                      [33mfocusable[31m=[32m"false"[31m
                      [33mviewBox[31m=[32m"0 0 24 24"[31m
                    [36m>[31m
                      [36m<path[31m
                        [33md[31m=[32m"M16 11c1.66 0 2.99-1.34 2.99-3S17.66 5 16 5s-3 1.34-3 3 1.34 3 3 3m-8 0c1.66 0 2.99-1.34 2.99-3S9.66 5 8 5 5 6.34 5 8s1.34 3 3 3m0 2c-2.33 0-7 1.17-7 3.5V19h14v-2.5c0-2.33-4.67-3.5-7-3.5m8 0c-.29 0-.62.02-.97.05 1.16.84 1.97 1.97 1.97 3.45V19h6v-2.5c0-2.33-4.67-3.5-7-3.5"[31m
                      [36m/>[31m
                    [36m</svg>[31m
                    [36m<p[31m
                      [33mclass[31m=[32m"MuiTypography-root MuiTypography-body2 css-1gi1fdj-MuiTypography-root"[31m
                    [36m>[31m
                      [0m利用者[0m
                    [36m</p>[31m
                    [36m<div[31m
                      [33mclass[31m=[32m"MuiChip-root MuiChip-outlined MuiChip-sizeSmall MuiChip-colorDefault MuiChip-outlinedDefault css-8m2o99-MuiChip-root"[31m
                      [33mdata-testid[31m=[32m"selection-count"[31m
                    [36m>[31m
                      [36m<span[31m
                        [33mclass[31m=[32m"MuiChip-label MuiChip-labelSmall css-19m61dl-MuiChip-label"[31m
                      [36m>[31m
                        [0m0人選択中[0m
                      [36m...[39m
 [31m×[39m src/features/daily/__tests__/TableDailyRecordForm.test.tsx[2m > [22mTableDailyRecordForm[2m > [22mshould clear row data when clear button is clicked[33m 3043[2mms[22m[39m
[31m   → Unable to find an element by: [data-testid="daily-table-record-form-table"]

Ignored nodes: comments, script, style
[36m<body>[31m
  [36m<div>[31m
    [36m<div[31m
      [33mclass[31m=[32m"MuiFormControl-root MuiTextField-root css-1xp5r68-MuiFormControl-root-MuiTextField-root"[31m
    [36m>[31m
      [36m<label[31m
        [33mclass[31m=[32m"MuiFormLabel-root MuiInputLabel-root MuiInputLabel-formControl MuiInputLabel-animated MuiInputLabel-shrink MuiInputLabel-sizeSmall MuiInputLabel-outlined MuiFormLabel-colorPrimary MuiFormLabel-filled MuiInputLabel-root MuiInputLabel-formControl MuiInputLabel-animated MuiInputLabel-shrink MuiInputLabel-sizeSmall MuiInputLabel-outlined css-hvjq6j-MuiFormLabel-root-MuiInputLabel-root"[31m
        [33mdata-shrink[31m=[32m"true"[31m
        [33mfor[31m=[32m":r2q:"[31m
        [33mid[31m=[32m":r2q:-label"[31m
      [36m>[31m
        [0m記録日[0m
      [36m</label>[31m
      [36m<div[31m
        [33mclass[31m=[32m"MuiInputBase-root MuiOutlinedInput-root MuiInputBase-colorPrimary MuiInputBase-formControl MuiInputBase-sizeSmall css-quhxjy-MuiInputBase-root-MuiOutlinedInput-root"[31m
      [36m>[31m
        [36m<input[31m
          [33maria-invalid[31m=[32m"false"[31m
          [33mclass[31m=[32m"MuiInputBase-input MuiOutlinedInput-input MuiInputBase-inputSizeSmall css-1pzfmz2-MuiInputBase-input-MuiOutlinedInput-input"[31m
          [33mid[31m=[32m":r2q:"[31m
          [33mtype[31m=[32m"date"[31m
          [33mvalue[31m=[32m"2026-03-28"[31m
        [36m/>[31m
        [36m<fieldset[31m
          [33maria-hidden[31m=[32m"true"[31m
          [33mclass[31m=[32m"MuiOutlinedInput-notchedOutline css-18p5xg2-MuiNotchedOutlined-root-MuiOutlinedInput-notchedOutline"[31m
        [36m>[31m
          [36m<legend[31m
            [33mclass[31m=[32m"css-ex8a5f-MuiNotchedOutlined-root"[31m
          [36m>[31m
            [36m<span>[31m
              [0m記録日[0m
            [36m</span>[31m
          [36m</legend>[31m
        [36m</fieldset>[31m
      [36m</div>[31m
    [36m</div>[31m
    [36m<div[31m
      [33mclass[31m=[32m"MuiFormControl-root MuiTextField-root css-1xp5r68-MuiFormControl-root-MuiTextField-root"[31m
    [36m>[31m
      [36m<label[31m
        [33mclass[31m=[32m"MuiFormLabel-root MuiInputLabel-root MuiInputLabel-formControl MuiInputLabel-animated MuiInputLabel-sizeSmall MuiInputLabel-outlined MuiFormLabel-colorPrimary MuiInputLabel-root MuiInputLabel-formControl MuiInputLabel-animated MuiInputLabel-sizeSmall MuiInputLabel-outlined css-1kfabtt-MuiFormLabel-root-MuiInputLabel-root"[31m
        [33mdata-shrink[31m=[32m"false"[31m
        [33mfor[31m=[32m":r2r:"[31m
        [33mid[31m=[32m":r2r:-label"[31m
      [36m>[31m
        [0m記録者名[0m
      [36m</label>[31m
      [36m<div[31m
        [33mclass[31m=[32m"MuiInputBase-root MuiOutlinedInput-root MuiInputBase-colorPrimary MuiInputBase-formControl MuiInputBase-sizeSmall css-quhxjy-MuiInputBase-root-MuiOutlinedInput-root"[31m
      [36m>[31m
        [36m<input[31m
          [33maria-invalid[31m=[32m"false"[31m
          [33mclass[31m=[32m"MuiInputBase-input MuiOutlinedInput-input MuiInputBase-inputSizeSmall css-1pzfmz2-MuiInputBase-input-MuiOutlinedInput-input"[31m
          [33mid[31m=[32m":r2r:"[31m
          [33mtype[31m=[32m"text"[31m
          [33mvalue[31m=[32m""[31m
        [36m/>[31m
        [36m<fieldset[31m
          [33maria-hidden[31m=[32m"true"[31m
          [33mclass[31m=[32m"MuiOutlinedInput-notchedOutline css-18p5xg2-MuiNotchedOutlined-root-MuiOutlinedInput-notchedOutline"[31m
        [36m>[31m
          [36m<legend[31m
            [33mclass[31m=[32m"css-1n64csd-MuiNotchedOutlined-root"[31m
          [36m>[31m
            [36m<span>[31m
              [0m記録者名[0m
            [36m</span>[31m
          [36m</legend>[31m
        [36m</fieldset>[31m
      [36m</div>[31m
    [36m</div>[31m
    [36m<div[31m
      [33mclass[31m=[32m"MuiBox-root css-1sm2s1z"[31m
      [33mdata-testid[31m=[32m"daily-table-record-form"[31m
    [36m>[31m
      [36m<div[31m
        [33mclass[31m=[32m"MuiDialogContent-root MuiDialogContent-dividers css-ggw484-MuiDialogContent-root"[31m
      [36m>[31m
        [36m<div[31m
          [33mclass[31m=[32m"MuiStack-root css-1r627vw-MuiStack-root"[31m
        [36m>[31m
          [36m<div[31m
            [33mclass[31m=[32m"MuiStack-root css-95rbei-MuiStack-root"[31m
          [36m>[31m
            [36m<div[31m
              [33mclass[31m=[32m"MuiBox-root css-1rr4qq7"[31m
            [36m>[31m
              [36m<div[31m
                [33mclass[31m=[32m"MuiBox-root css-0"[31m
              [36m>[31m
                [36m<div[31m
                  [33mclass[31m=[32m"MuiStack-root css-1ti6by-MuiStack-root"[31m
                  [33mdata-testid[31m=[32m"user-picker-summary"[31m
                [36m>[31m
                  [36m<svg[31m
                    [33maria-hidden[31m=[32m"true"[31m
                    [33mclass[31m=[32m"MuiSvgIcon-root MuiSvgIcon-colorAction MuiSvgIcon-fontSizeSmall css-97maqu-MuiSvgIcon-root"[31m
                    [33mdata-testid[31m=[32m"GroupIcon"[31m
                    [33mfocusable[31m=[32m"false"[31m
                    [33mviewBox[31m=[32m"0 0 24 24"[31m
                  [36m>[31m
                    [36m<path[31m
                      [33md[31m=[32m"M16 11c1.66 0 2.99-1.34 2.99-3S17.66 5 16 5s-3 1.34-3 3 1.34 3 3 3m-8 0c1.66 0 2.99-1.34 2.99-3S9.66 5 8 5 5 6.34 5 8s1.34 3 3 3m0 2c-2.33 0-7 1.17-7 3.5V19h14v-2.5c0-2.33-4.67-3.5-7-3.5m8 0c-.29 0-.62.02-.97.05 1.16.84 1.97 1.97 1.97 3.45V19h6v-2.5c0-2.33-4.67-3.5-7-3.5"[31m
                    [36m/>[31m
                  [36m</svg>[31m
                  [36m<p[31m
                    [33mclass[31m=[32m"MuiTypography-root MuiTypography-body2 css-1gi1fdj-MuiTypography-root"[31m
                  [36m>[31m
                    [0m利用者[0m
                  [36m</p>[31m
                  [36m<div[31m
                    [33mclass[31m=[32m"MuiChip-root MuiChip-outlined MuiChip-sizeSmall MuiChip-colorDefault MuiChip-outlinedDefault css-8m2o99-MuiChip-root"[31m
                    [33mdata-testid[31m=[32m"selection-count"[31m
                  [36m>[31m
                    [36m<span[31m
                      [33mclass[31m=[32m"MuiChip-label MuiChip-labelSmall css-19m61dl-MuiChip-label"[31m
                    [36m>[31m
                      [0m0人選択中[0m
                    [36m</span>[31m
                  [36m</div>[31m
                  [36m<div[31m
                    [33mclass[31m=[32m"MuiChip-root MuiChip-outlined MuiChip-sizeSmall MuiChip-colorSuccess MuiChip-outlinedSuccess css-fko4l-MuiChip-root"[31m
                  [36m>[31m
                    [36m<span[31m
                      [33mclass[31m=[32m"MuiChip-label MuiChip-labelSmall css-19m61dl-MuiChip-label"[31m
       ...

Ignored nodes: comments, script, style
[36m<html>[31m
  [36m<head>[31m
    [36m<meta[31m
      [33mcontent[31m=[32m""[31m
      [33mname[31m=[32m"emotion-insertion-point"[31m
    [36m/>[31m
  [36m</head>[31m
  [36m<body>[31m
    [36m<div>[31m
      [36m<div[31m
        [33mclass[31m=[32m"MuiFormControl-root MuiTextField-root css-1xp5r68-MuiFormControl-root-MuiTextField-root"[31m
      [36m>[31m
        [36m<label[31m
          [33mclass[31m=[32m"MuiFormLabel-root MuiInputLabel-root MuiInputLabel-formControl MuiInputLabel-animated MuiInputLabel-shrink MuiInputLabel-sizeSmall MuiInputLabel-outlined MuiFormLabel-colorPrimary MuiFormLabel-filled MuiInputLabel-root MuiInputLabel-formControl MuiInputLabel-animated MuiInputLabel-shrink MuiInputLabel-sizeSmall MuiInputLabel-outlined css-hvjq6j-MuiFormLabel-root-MuiInputLabel-root"[31m
          [33mdata-shrink[31m=[32m"true"[31m
          [33mfor[31m=[32m":r2q:"[31m
          [33mid[31m=[32m":r2q:-label"[31m
        [36m>[31m
          [0m記録日[0m
        [36m</label>[31m
        [36m<div[31m
          [33mclass[31m=[32m"MuiInputBase-root MuiOutlinedInput-root MuiInputBase-colorPrimary MuiInputBase-formControl MuiInputBase-sizeSmall css-quhxjy-MuiInputBase-root-MuiOutlinedInput-root"[31m
        [36m>[31m
          [36m<input[31m
            [33maria-invalid[31m=[32m"false"[31m
            [33mclass[31m=[32m"MuiInputBase-input MuiOutlinedInput-input MuiInputBase-inputSizeSmall css-1pzfmz2-MuiInputBase-input-MuiOutlinedInput-input"[31m
            [33mid[31m=[32m":r2q:"[31m
            [33mtype[31m=[32m"date"[31m
            [33mvalue[31m=[32m"2026-03-28"[31m
          [36m/>[31m
          [36m<fieldset[31m
            [33maria-hidden[31m=[32m"true"[31m
            [33mclass[31m=[32m"MuiOutlinedInput-notchedOutline css-18p5xg2-MuiNotchedOutlined-root-MuiOutlinedInput-notchedOutline"[31m
          [36m>[31m
            [36m<legend[31m
              [33mclass[31m=[32m"css-ex8a5f-MuiNotchedOutlined-root"[31m
            [36m>[31m
              [36m<span>[31m
                [0m記録日[0m
              [36m</span>[31m
            [36m</legend>[31m
          [36m</fieldset>[31m
        [36m</div>[31m
      [36m</div>[31m
      [36m<div[31m
        [33mclass[31m=[32m"MuiFormControl-root MuiTextField-root css-1xp5r68-MuiFormControl-root-MuiTextField-root"[31m
      [36m>[31m
        [36m<label[31m
          [33mclass[31m=[32m"MuiFormLabel-root MuiInputLabel-root MuiInputLabel-formControl MuiInputLabel-animated MuiInputLabel-sizeSmall MuiInputLabel-outlined MuiFormLabel-colorPrimary MuiInputLabel-root MuiInputLabel-formControl MuiInputLabel-animated MuiInputLabel-sizeSmall MuiInputLabel-outlined css-1kfabtt-MuiFormLabel-root-MuiInputLabel-root"[31m
          [33mdata-shrink[31m=[32m"false"[31m
          [33mfor[31m=[32m":r2r:"[31m
          [33mid[31m=[32m":r2r:-label"[31m
        [36m>[31m
          [0m記録者名[0m
        [36m</label>[31m
        [36m<div[31m
          [33mclass[31m=[32m"MuiInputBase-root MuiOutlinedInput-root MuiInputBase-colorPrimary MuiInputBase-formControl MuiInputBase-sizeSmall css-quhxjy-MuiInputBase-root-MuiOutlinedInput-root"[31m
        [36m>[31m
          [36m<input[31m
            [33maria-invalid[31m=[32m"false"[31m
            [33mclass[31m=[32m"MuiInputBase-input MuiOutlinedInput-input MuiInputBase-inputSizeSmall css-1pzfmz2-MuiInputBase-input-MuiOutlinedInput-input"[31m
            [33mid[31m=[32m":r2r:"[31m
            [33mtype[31m=[32m"text"[31m
            [33mvalue[31m=[32m""[31m
          [36m/>[31m
          [36m<fieldset[31m
            [33maria-hidden[31m=[32m"true"[31m
            [33mclass[31m=[32m"MuiOutlinedInput-notchedOutline css-18p5xg2-MuiNotchedOutlined-root-MuiOutlinedInput-notchedOutline"[31m
          [36m>[31m
            [36m<legend[31m
              [33mclass[31m=[32m"css-1n64csd-MuiNotchedOutlined-root"[31m
            [36m>[31m
              [36m<span>[31m
                [0m記録者名[0m
              [36m</span>[31m
            [36m</legend>[31m
          [36m</fieldset>[31m
        [36m</div>[31m
      [36m</div>[31m
      [36m<div[31m
        [33mclass[31m=[32m"MuiBox-root css-1sm2s1z"[31m
        [33mdata-testid[31m=[32m"daily-table-record-form"[31m
      [36m>[31m
        [36m<div[31m
          [33mclass[31m=[32m"MuiDialogContent-root MuiDialogContent-dividers css-ggw484-MuiDialogContent-root"[31m
        [36m>[31m
          [36m<div[31m
            [33mclass[31m=[32m"MuiStack-root css-1r627vw-MuiStack-root"[31m
          [36m>[31m
            [36m<div[31m
              [33mclass[31m=[32m"MuiStack-root css-95rbei-MuiStack-root"[31m
            [36m>[31m
              [36m<div[31m
                [33mclass[31m=[32m"MuiBox-root css-1rr4qq7"[31m
              [36m>[31m
                [36m<div[31m
                  [33mclass[31m=[32m"MuiBox-root css-0"[31m
                [36m>[31m
                  [36m<div[31m
                    [33mclass[31m=[32m"MuiStack-root css-1ti6by-MuiStack-root"[31m
                    [33mdata-testid[31m=[32m"user-picker-summary"[31m
                  [36m>[31m
                    [36m<svg[31m
                      [33maria-hidden[31m=[32m"true"[31m
                      [33mclass[31m=[32m"MuiSvgIcon-root MuiSvgIcon-colorAction MuiSvgIcon-fontSizeSmall css-97maqu-MuiSvgIcon-root"[31m
                      [33mdata-testid[31m=[32m"GroupIcon"[31m
                      [33mfocusable[31m=[32m"false"[31m
                      [33mviewBox[31m=[32m"0 0 24 24"[31m
                    [36m>[31m
                      [36m<path[31m
                        [33md[31m=[32m"M16 11c1.66 0 2.99-1.34 2.99-3S17.66 5 16 5s-3 1.34-3 3 1.34 3 3 3m-8 0c1.66 0 2.99-1.34 2.99-3S9.66 5 8 5 5 6.34 5 8s1.34 3 3 3m0 2c-2.33 0-7 1.17-7 3.5V19h14v-2.5c0-2.33-4.67-3.5-7-3.5m8 0c-.29 0-.62.02-.97.05 1.16.84 1.97 1.97 1.97 3.45V19h6v-2.5c0-2.33-4.67-3.5-7-3.5"[31m
                      [36m/>[31m
                    [36m</svg>[31m
                    [36m<p[31m
                      [33mclass[31m=[32m"MuiTypography-root MuiTypography-body2 css-1gi1fdj-MuiTypography-root"[31m
                    [36m>[31m
                      [0m利用者[0m
                    [36m</p>[31m
                    [36m<div[31m
                      [33mclass[31m=[32m"MuiChip-root MuiChip-outlined MuiChip-sizeSmall MuiChip-colorDefault MuiChip-outlinedDefault css-8m2o99-MuiChip-root"[31m
                      [33mdata-testid[31m=[32m"selection-count"[31m
                    [36m>[31m
                      [36m<span[31m
                        [33mclass[31m=[32m"MuiChip-label MuiChip-labelSmall css-19m61dl-MuiChip-label"[31m
                      [36m>[31m
                        [0m0人選択中[0m
                      [36m...[39m
 [31m×[39m src/features/daily/__tests__/TableDailyRecordForm.test.tsx[2m > [22mTableDailyRecordForm[2m > [22mshould call repository.save with correct data when saved[33m 10079[2mms[22m[39m
[31m   → [2mexpect([22m[31melement[31m[2m).toHaveTextContent()[22m

Expected element to have text content:
[32m  2人選択中[31m
Received:
[31m  0人選択中[31m

Ignored nodes: comments, script, style
[36m<html>[31m
  [36m<head>[31m
    [36m<meta[31m
      [33mcontent[31m=[32m""[31m
      [33mname[31m=[32m"emotion-insertion-point"[31m
    [36m/>[31m
  [36m</head>[31m
  [36m<body>[31m
    [36m<div>[31m
      [36m<div[31m
        [33mclass[31m=[32m"MuiFormControl-root MuiTextField-root css-1xp5r68-MuiFormControl-root-MuiTextField-root"[31m
      [36m>[31m
        [36m<label[31m
          [33mclass[31m=[32m"MuiFormLabel-root MuiInputLabel-root MuiInputLabel-formControl MuiInputLabel-animated MuiInputLabel-shrink MuiInputLabel-sizeSmall MuiInputLabel-outlined MuiFormLabel-colorPrimary MuiFormLabel-filled MuiInputLabel-root MuiInputLabel-formControl MuiInputLabel-animated MuiInputLabel-shrink MuiInputLabel-sizeSmall MuiInputLabel-outlined css-hvjq6j-MuiFormLabel-root-MuiInputLabel-root"[31m
          [33mdata-shrink[31m=[32m"true"[31m
          [33mfor[31m=[32m":r34:"[31m
          [33mid[31m=[32m":r34:-label"[31m
        [36m>[31m
          [0m記録日[0m
        [36m</label>[31m
        [36m<div[31m
          [33mclass[31m=[32m"MuiInputBase-root MuiOutlinedInput-root MuiInputBase-colorPrimary MuiInputBase-formControl MuiInputBase-sizeSmall css-quhxjy-MuiInputBase-root-MuiOutlinedInput-root"[31m
        [36m>[31m
          [36m<input[31m
            [33maria-invalid[31m=[32m"false"[31m
            [33mclass[31m=[32m"MuiInputBase-input MuiOutlinedInput-input MuiInputBase-inputSizeSmall css-1pzfmz2-MuiInputBase-input-MuiOutlinedInput-input"[31m
            [33mid[31m=[32m":r34:"[31m
            [33mtype[31m=[32m"date"[31m
            [33mvalue[31m=[32m"2024-01-01"[31m
          [36m/>[31m
          [36m<fieldset[31m
            [33maria-hidden[31m=[32m"true"[31m
            [33mclass[31m=[32m"MuiOutlinedInput-notchedOutline css-18p5xg2-MuiNotchedOutlined-root-MuiOutlinedInput-notchedOutline"[31m
          [36m>[31m
            [36m<legend[31m
              [33mclass[31m=[32m"css-ex8a5f-MuiNotchedOutlined-root"[31m
            [36m>[31m
              [36m<span>[31m
                [0m記録日[0m
              [36m</span>[31m
            [36m</legend>[31m
          [36m</fieldset>[31m
        [36m</div>[31m
      [36m</div>[31m
      [36m<div[31m
        [33mclass[31m=[32m"MuiFormControl-root MuiTextField-root css-1xp5r68-MuiFormControl-root-MuiTextField-root"[31m
      [36m>[31m
        [36m<label[31m
          [33mclass[31m=[32m"MuiFormLabel-root MuiInputLabel-root MuiInputLabel-formControl MuiInputLabel-animated MuiInputLabel-sizeSmall MuiInputLabel-outlined MuiFormLabel-colorPrimary MuiInputLabel-root MuiInputLabel-formControl MuiInputLabel-animated MuiInputLabel-sizeSmall MuiInputLabel-outlined css-1kfabtt-MuiFormLabel-root-MuiInputLabel-root"[31m
          [33mdata-shrink[31m=[32m"false"[31m
          [33mfor[31m=[32m":r35:"[31m
          [33mid[31m=[32m":r35:-label"[31m
        [36m>[31m
          [0m記録者名[0m
        [36m</label>[31m
        [36m<div[31m
          [33mclass[31m=[32m"MuiInputBase-root MuiOutlinedInput-root MuiInputBase-colorPrimary MuiInputBase-formControl MuiInputBase-sizeSmall css-quhxjy-MuiInputBase-root-MuiOutlinedInput-root"[31m
        [36m>[31m
          [36m<input[31m
            [33maria-invalid[31m=[32m"false"[31m
            [33mclass[31m=[32m"MuiInputBase-input MuiOutlinedInput-input MuiInputBase-inputSizeSmall css-1pzfmz2-MuiInputBase-input-MuiOutlinedInput-input"[31m
            [33mid[31m=[32m":r35:"[31m
            [33mtype[31m=[32m"text"[31m
            [33mvalue[31m=[32m""[31m
          [36m/>[31m
          [36m<fieldset[31m
            [33maria-hidden[31m=[32m"true"[31m
            [33mclass[31m=[32m"MuiOutlinedInput-notchedOutline css-18p5xg2-MuiNotchedOutlined-root-MuiOutlinedInput-notchedOutline"[31m
          [36m>[31m
            [36m<legend[31m
              [33mclass[31m=[32m"css-1n64csd-MuiNotchedOutlined-root"[31m
            [36m>[31m
              [36m<span>[31m
                [0m記録者名[0m
              [36m</span>[31m
            [36m</legend>[31m
          [36m</fieldset>[31m
        [36m</div>[31m
      [36m</div>[31m
      [36m<div[31m
        [33mclass[31m=[32m"MuiBox-root css-1sm2s1z"[31m
        [33mdata-testid[31m=[32m"daily-table-record-form"[31m
      [36m>[31m
        [36m<div[31m
          [33mclass[31m=[32m"MuiDialogContent-root MuiDialogContent-dividers css-ggw484-MuiDialogContent-root"[31m
        [36m>[31m
          [36m<div[31m
            [33mclass[31m=[32m"MuiStack-root css-1r627vw-MuiStack-root"[31m
          [36m>[31m
            [36m<div[31m
              [33mclass[31m=[32m"MuiStack-root css-95rbei-MuiStack-root"[31m
            [36m>[31m
              [36m<div[31m
                [33mclass[31m=[32m"MuiBox-root css-1rr4qq7"[31m
              [36m>[31m
                [36m<div[31m
                  [33mclass[31m=[32m"MuiBox-root css-0"[31m
                [36m>[31m
                  [36m<div[31m
                    [33mclass[31m=[32m"MuiStack-root css-1ti6by-MuiStack-root"[31m
                    [33mdata-testid[31m=[32m"user-picker-summary"[31m
                  [36m>[31m
                    [36m<svg[31m
                      [33maria-hidden[31m=[32m"true"[31m
                      [33mclass[31m=[32m"MuiSvgIcon-root MuiSvgIcon-colorAction MuiSvgIcon-fontSizeSmall css-97maqu-MuiSvgIcon-root"[31m
                      [33mdata-testid[31m=[32m"GroupIcon"[31m
                      [33mfocusable[31m=[32m"false"[31m
                      [33mviewBox[31m=[32m"0 0 24 24"[31m
                    [36m>[31m
                      [36m<path[31m
                        [33md[31m=[32m"M16 11c1.66 0 2.99-1.34 2.99-3S17.66 5 16 5s-3 1.34-3 3 1.34 3 3 3m-8 0c1.66 0 2.99-1.34 2.99-3S9.66 5 8 5 5 6.34 5 8s1.34 3 3 3m0 2c-2.33 0-7 1.17-7 3.5V19h14v-2.5c0-2.33-4.67-3.5-7-3.5m8 0c-.29 0-.62.02-.97.05 1.16.84 1.97 1.97 1.97 3.45V19h6v-2.5c0-2.33-4.67-3.5-7-3.5"[31m
                      [36m/>[31m
                    [36m</svg>[31m
                    [36m<p[31m
                      [33mclass[31m=[32m"MuiTypography-root MuiTypography-body2 css-1gi1fdj-MuiTypography-root"[31m
                    [36m>[31m
                      [0m利用者[0m
                    [36m</p>[31m
                    [36m<div[31m
                      [33mclass[31m=[32m"MuiChip-root MuiChip-outlined MuiChip-sizeSmall MuiChip-colorDefault MuiChip-outlinedDefault css-8m2o99-MuiChip-root"[31m
                      [33mdata-testid[31m=[32m"selection-count"[31m
                    [36m>[31m
                      [36m<span[31m
                        [33mclass[31m=[32m"MuiChip-label MuiChip-labelSmall css-19m61dl-MuiChip-label"[31m
                      [36m>[31m
                        [0m0人選択中[0m
                      [36m...[39m
 [31m×[39m src/features/daily/__tests__/TableDailyRecordForm.test.tsx[2m > [22mTableDailyRecordForm[2m > [22mshould prevent saving without selected users[33m 3034[2mms[22m[39m
[31m   → Unable to find an element by: [data-testid="daily-table-record-form-table"]

Ignored nodes: comments, script, style
[36m<body>[31m
  [36m<div>[31m
    [36m<div[31m
      [33mclass[31m=[32m"MuiFormControl-root MuiTextField-root css-1xp5r68-MuiFormControl-root-MuiTextField-root"[31m
    [36m>[31m
      [36m<label[31m
        [33mclass[31m=[32m"MuiFormLabel-root MuiInputLabel-root MuiInputLabel-formControl MuiInputLabel-animated MuiInputLabel-shrink MuiInputLabel-sizeSmall MuiInputLabel-outlined MuiFormLabel-colorPrimary MuiFormLabel-filled MuiInputLabel-root MuiInputLabel-formControl MuiInputLabel-animated MuiInputLabel-shrink MuiInputLabel-sizeSmall MuiInputLabel-outlined css-hvjq6j-MuiFormLabel-root-MuiInputLabel-root"[31m
        [33mdata-shrink[31m=[32m"true"[31m
        [33mfor[31m=[32m":r3e:"[31m
        [33mid[31m=[32m":r3e:-label"[31m
      [36m>[31m
        [0m記録日[0m
      [36m</label>[31m
      [36m<div[31m
        [33mclass[31m=[32m"MuiInputBase-root MuiOutlinedInput-root MuiInputBase-colorPrimary MuiInputBase-formControl MuiInputBase-sizeSmall css-quhxjy-MuiInputBase-root-MuiOutlinedInput-root"[31m
      [36m>[31m
        [36m<input[31m
          [33maria-invalid[31m=[32m"false"[31m
          [33mclass[31m=[32m"MuiInputBase-input MuiOutlinedInput-input MuiInputBase-inputSizeSmall css-1pzfmz2-MuiInputBase-input-MuiOutlinedInput-input"[31m
          [33mid[31m=[32m":r3e:"[31m
          [33mtype[31m=[32m"date"[31m
          [33mvalue[31m=[32m"2026-03-28"[31m
        [36m/>[31m
        [36m<fieldset[31m
          [33maria-hidden[31m=[32m"true"[31m
          [33mclass[31m=[32m"MuiOutlinedInput-notchedOutline css-18p5xg2-MuiNotchedOutlined-root-MuiOutlinedInput-notchedOutline"[31m
        [36m>[31m
          [36m<legend[31m
            [33mclass[31m=[32m"css-ex8a5f-MuiNotchedOutlined-root"[31m
          [36m>[31m
            [36m<span>[31m
              [0m記録日[0m
            [36m</span>[31m
          [36m</legend>[31m
        [36m</fieldset>[31m
      [36m</div>[31m
    [36m</div>[31m
    [36m<div[31m
      [33mclass[31m=[32m"MuiFormControl-root MuiTextField-root css-1xp5r68-MuiFormControl-root-MuiTextField-root"[31m
    [36m>[31m
      [36m<label[31m
        [33mclass[31m=[32m"MuiFormLabel-root MuiInputLabel-root MuiInputLabel-formControl MuiInputLabel-animated MuiInputLabel-sizeSmall MuiInputLabel-outlined MuiFormLabel-colorPrimary MuiInputLabel-root MuiInputLabel-formControl MuiInputLabel-animated MuiInputLabel-sizeSmall MuiInputLabel-outlined css-1kfabtt-MuiFormLabel-root-MuiInputLabel-root"[31m
        [33mdata-shrink[31m=[32m"false"[31m
        [33mfor[31m=[32m":r3f:"[31m
        [33mid[31m=[32m":r3f:-label"[31m
      [36m>[31m
        [0m記録者名[0m
      [36m</label>[31m
      [36m<div[31m
        [33mclass[31m=[32m"MuiInputBase-root MuiOutlinedInput-root MuiInputBase-colorPrimary MuiInputBase-formControl MuiInputBase-sizeSmall css-quhxjy-MuiInputBase-root-MuiOutlinedInput-root"[31m
      [36m>[31m
        [36m<input[31m
          [33maria-invalid[31m=[32m"false"[31m
          [33mclass[31m=[32m"MuiInputBase-input MuiOutlinedInput-input MuiInputBase-inputSizeSmall css-1pzfmz2-MuiInputBase-input-MuiOutlinedInput-input"[31m
          [33mid[31m=[32m":r3f:"[31m
          [33mtype[31m=[32m"text"[31m
          [33mvalue[31m=[32m""[31m
        [36m/>[31m
        [36m<fieldset[31m
          [33maria-hidden[31m=[32m"true"[31m
          [33mclass[31m=[32m"MuiOutlinedInput-notchedOutline css-18p5xg2-MuiNotchedOutlined-root-MuiOutlinedInput-notchedOutline"[31m
        [36m>[31m
          [36m<legend[31m
            [33mclass[31m=[32m"css-1n64csd-MuiNotchedOutlined-root"[31m
          [36m>[31m
            [36m<span>[31m
              [0m記録者名[0m
            [36m</span>[31m
          [36m</legend>[31m
        [36m</fieldset>[31m
      [36m</div>[31m
    [36m</div>[31m
    [36m<div[31m
      [33mclass[31m=[32m"MuiBox-root css-1sm2s1z"[31m
      [33mdata-testid[31m=[32m"daily-table-record-form"[31m
    [36m>[31m
      [36m<div[31m
        [33mclass[31m=[32m"MuiDialogContent-root MuiDialogContent-dividers css-ggw484-MuiDialogContent-root"[31m
      [36m>[31m
        [36m<div[31m
          [33mclass[31m=[32m"MuiStack-root css-1r627vw-MuiStack-root"[31m
        [36m>[31m
          [36m<div[31m
            [33mclass[31m=[32m"MuiStack-root css-95rbei-MuiStack-root"[31m
          [36m>[31m
            [36m<div[31m
              [33mclass[31m=[32m"MuiBox-root css-1rr4qq7"[31m
            [36m>[31m
              [36m<div[31m
                [33mclass[31m=[32m"MuiBox-root css-0"[31m
              [36m>[31m
                [36m<div[31m
                  [33mclass[31m=[32m"MuiStack-root css-1ti6by-MuiStack-root"[31m
                  [33mdata-testid[31m=[32m"user-picker-summary"[31m
                [36m>[31m
                  [36m<svg[31m
                    [33maria-hidden[31m=[32m"true"[31m
                    [33mclass[31m=[32m"MuiSvgIcon-root MuiSvgIcon-colorAction MuiSvgIcon-fontSizeSmall css-97maqu-MuiSvgIcon-root"[31m
                    [33mdata-testid[31m=[32m"GroupIcon"[31m
                    [33mfocusable[31m=[32m"false"[31m
                    [33mviewBox[31m=[32m"0 0 24 24"[31m
                  [36m>[31m
                    [36m<path[31m
                      [33md[31m=[32m"M16 11c1.66 0 2.99-1.34 2.99-3S17.66 5 16 5s-3 1.34-3 3 1.34 3 3 3m-8 0c1.66 0 2.99-1.34 2.99-3S9.66 5 8 5 5 6.34 5 8s1.34 3 3 3m0 2c-2.33 0-7 1.17-7 3.5V19h14v-2.5c0-2.33-4.67-3.5-7-3.5m8 0c-.29 0-.62.02-.97.05 1.16.84 1.97 1.97 1.97 3.45V19h6v-2.5c0-2.33-4.67-3.5-7-3.5"[31m
                    [36m/>[31m
                  [36m</svg>[31m
                  [36m<p[31m
                    [33mclass[31m=[32m"MuiTypography-root MuiTypography-body2 css-1gi1fdj-MuiTypography-root"[31m
                  [36m>[31m
                    [0m利用者[0m
                  [36m</p>[31m
                  [36m<div[31m
                    [33mclass[31m=[32m"MuiChip-root MuiChip-outlined MuiChip-sizeSmall MuiChip-colorDefault MuiChip-outlinedDefault css-8m2o99-MuiChip-root"[31m
                    [33mdata-testid[31m=[32m"selection-count"[31m
                  [36m>[31m
                    [36m<span[31m
                      [33mclass[31m=[32m"MuiChip-label MuiChip-labelSmall css-19m61dl-MuiChip-label"[31m
                    [36m>[31m
                      [0m0人選択中[0m
                    [36m</span>[31m
                  [36m</div>[31m
                  [36m<div[31m
                    [33mclass[31m=[32m"MuiChip-root MuiChip-outlined MuiChip-sizeSmall MuiChip-colorSuccess MuiChip-outlinedSuccess css-fko4l-MuiChip-root"[31m
                  [36m>[31m
                    [36m<span[31m
                      [33mclass[31m=[32m"MuiChip-label MuiChip-labelSmall css-19m61dl-MuiChip-label"[31m
       ...

Ignored nodes: comments, script, style
[36m<html>[31m
  [36m<head>[31m
    [36m<meta[31m
      [33mcontent[31m=[32m""[31m
      [33mname[31m=[32m"emotion-insertion-point"[31m
    [36m/>[31m
  [36m</head>[31m
  [36m<body>[31m
    [36m<div>[31m
      [36m<div[31m
        [33mclass[31m=[32m"MuiFormControl-root MuiTextField-root css-1xp5r68-MuiFormControl-root-MuiTextField-root"[31m
      [36m>[31m
        [36m<label[31m
          [33mclass[31m=[32m"MuiFormLabel-root MuiInputLabel-root MuiInputLabel-formControl MuiInputLabel-animated MuiInputLabel-shrink MuiInputLabel-sizeSmall MuiInputLabel-outlined MuiFormLabel-colorPrimary MuiFormLabel-filled MuiInputLabel-root MuiInputLabel-formControl MuiInputLabel-animated MuiInputLabel-shrink MuiInputLabel-sizeSmall MuiInputLabel-outlined css-hvjq6j-MuiFormLabel-root-MuiInputLabel-root"[31m
          [33mdata-shrink[31m=[32m"true"[31m
          [33mfor[31m=[32m":r3e:"[31m
          [33mid[31m=[32m":r3e:-label"[31m
        [36m>[31m
          [0m記録日[0m
        [36m</label>[31m
        [36m<div[31m
          [33mclass[31m=[32m"MuiInputBase-root MuiOutlinedInput-root MuiInputBase-colorPrimary MuiInputBase-formControl MuiInputBase-sizeSmall css-quhxjy-MuiInputBase-root-MuiOutlinedInput-root"[31m
        [36m>[31m
          [36m<input[31m
            [33maria-invalid[31m=[32m"false"[31m
            [33mclass[31m=[32m"MuiInputBase-input MuiOutlinedInput-input MuiInputBase-inputSizeSmall css-1pzfmz2-MuiInputBase-input-MuiOutlinedInput-input"[31m
            [33mid[31m=[32m":r3e:"[31m
            [33mtype[31m=[32m"date"[31m
            [33mvalue[31m=[32m"2026-03-28"[31m
          [36m/>[31m
          [36m<fieldset[31m
            [33maria-hidden[31m=[32m"true"[31m
            [33mclass[31m=[32m"MuiOutlinedInput-notchedOutline css-18p5xg2-MuiNotchedOutlined-root-MuiOutlinedInput-notchedOutline"[31m
          [36m>[31m
            [36m<legend[31m
              [33mclass[31m=[32m"css-ex8a5f-MuiNotchedOutlined-root"[31m
            [36m>[31m
              [36m<span>[31m
                [0m記録日[0m
              [36m</span>[31m
            [36m</legend>[31m
          [36m</fieldset>[31m
        [36m</div>[31m
      [36m</div>[31m
      [36m<div[31m
        [33mclass[31m=[32m"MuiFormControl-root MuiTextField-root css-1xp5r68-MuiFormControl-root-MuiTextField-root"[31m
      [36m>[31m
        [36m<label[31m
          [33mclass[31m=[32m"MuiFormLabel-root MuiInputLabel-root MuiInputLabel-formControl MuiInputLabel-animated MuiInputLabel-sizeSmall MuiInputLabel-outlined MuiFormLabel-colorPrimary MuiInputLabel-root MuiInputLabel-formControl MuiInputLabel-animated MuiInputLabel-sizeSmall MuiInputLabel-outlined css-1kfabtt-MuiFormLabel-root-MuiInputLabel-root"[31m
          [33mdata-shrink[31m=[32m"false"[31m
          [33mfor[31m=[32m":r3f:"[31m
          [33mid[31m=[32m":r3f:-label"[31m
        [36m>[31m
          [0m記録者名[0m
        [36m</label>[31m
        [36m<div[31m
          [33mclass[31m=[32m"MuiInputBase-root MuiOutlinedInput-root MuiInputBase-colorPrimary MuiInputBase-formControl MuiInputBase-sizeSmall css-quhxjy-MuiInputBase-root-MuiOutlinedInput-root"[31m
        [36m>[31m
          [36m<input[31m
            [33maria-invalid[31m=[32m"false"[31m
            [33mclass[31m=[32m"MuiInputBase-input MuiOutlinedInput-input MuiInputBase-inputSizeSmall css-1pzfmz2-MuiInputBase-input-MuiOutlinedInput-input"[31m
            [33mid[31m=[32m":r3f:"[31m
            [33mtype[31m=[32m"text"[31m
            [33mvalue[31m=[32m""[31m
          [36m/>[31m
          [36m<fieldset[31m
            [33maria-hidden[31m=[32m"true"[31m
            [33mclass[31m=[32m"MuiOutlinedInput-notchedOutline css-18p5xg2-MuiNotchedOutlined-root-MuiOutlinedInput-notchedOutline"[31m
          [36m>[31m
            [36m<legend[31m
              [33mclass[31m=[32m"css-1n64csd-MuiNotchedOutlined-root"[31m
            [36m>[31m
              [36m<span>[31m
                [0m記録者名[0m
              [36m</span>[31m
            [36m</legend>[31m
          [36m</fieldset>[31m
        [36m</div>[31m
      [36m</div>[31m
      [36m<div[31m
        [33mclass[31m=[32m"MuiBox-root css-1sm2s1z"[31m
        [33mdata-testid[31m=[32m"daily-table-record-form"[31m
      [36m>[31m
        [36m<div[31m
          [33mclass[31m=[32m"MuiDialogContent-root MuiDialogContent-dividers css-ggw484-MuiDialogContent-root"[31m
        [36m>[31m
          [36m<div[31m
            [33mclass[31m=[32m"MuiStack-root css-1r627vw-MuiStack-root"[31m
          [36m>[31m
            [36m<div[31m
              [33mclass[31m=[32m"MuiStack-root css-95rbei-MuiStack-root"[31m
            [36m>[31m
              [36m<div[31m
                [33mclass[31m=[32m"MuiBox-root css-1rr4qq7"[31m
              [36m>[31m
                [36m<div[31m
                  [33mclass[31m=[32m"MuiBox-root css-0"[31m
                [36m>[31m
                  [36m<div[31m
                    [33mclass[31m=[32m"MuiStack-root css-1ti6by-MuiStack-root"[31m
                    [33mdata-testid[31m=[32m"user-picker-summary"[31m
                  [36m>[31m
                    [36m<svg[31m
                      [33maria-hidden[31m=[32m"true"[31m
                      [33mclass[31m=[32m"MuiSvgIcon-root MuiSvgIcon-colorAction MuiSvgIcon-fontSizeSmall css-97maqu-MuiSvgIcon-root"[31m
                      [33mdata-testid[31m=[32m"GroupIcon"[31m
                      [33mfocusable[31m=[32m"false"[31m
                      [33mviewBox[31m=[32m"0 0 24 24"[31m
                    [36m>[31m
                      [36m<path[31m
                        [33md[31m=[32m"M16 11c1.66 0 2.99-1.34 2.99-3S17.66 5 16 5s-3 1.34-3 3 1.34 3 3 3m-8 0c1.66 0 2.99-1.34 2.99-3S9.66 5 8 5 5 6.34 5 8s1.34 3 3 3m0 2c-2.33 0-7 1.17-7 3.5V19h14v-2.5c0-2.33-4.67-3.5-7-3.5m8 0c-.29 0-.62.02-.97.05 1.16.84 1.97 1.97 1.97 3.45V19h6v-2.5c0-2.33-4.67-3.5-7-3.5"[31m
                      [36m/>[31m
                    [36m</svg>[31m
                    [36m<p[31m
                      [33mclass[31m=[32m"MuiTypography-root MuiTypography-body2 css-1gi1fdj-MuiTypography-root"[31m
                    [36m>[31m
                      [0m利用者[0m
                    [36m</p>[31m
                    [36m<div[31m
                      [33mclass[31m=[32m"MuiChip-root MuiChip-outlined MuiChip-sizeSmall MuiChip-colorDefault MuiChip-outlinedDefault css-8m2o99-MuiChip-root"[31m
                      [33mdata-testid[31m=[32m"selection-count"[31m
                    [36m>[31m
                      [36m<span[31m
                        [33mclass[31m=[32m"MuiChip-label MuiChip-labelSmall css-19m61dl-MuiChip-label"[31m
                      [36m>[31m
                        [0m0人選択中[0m
                      [36m...[39m
 [31m×[39m src/features/daily/__tests__/TableDailyRecordForm.test.tsx[2m > [22mTableDailyRecordForm[2m > [22mshould prevent saving without reporter name[33m 3061[2mms[22m[39m
[31m   → Unable to find an element by: [data-testid="daily-table-record-form-table"]

Ignored nodes: comments, script, style
[36m<body>[31m
  [36m<div>[31m
    [36m<div[31m
      [33mclass[31m=[32m"MuiFormControl-root MuiTextField-root css-1xp5r68-MuiFormControl-root-MuiTextField-root"[31m
    [36m>[31m
      [36m<label[31m
        [33mclass[31m=[32m"MuiFormLabel-root MuiInputLabel-root MuiInputLabel-formControl MuiInputLabel-animated MuiInputLabel-shrink MuiInputLabel-sizeSmall MuiInputLabel-outlined MuiFormLabel-colorPrimary MuiFormLabel-filled MuiInputLabel-root MuiInputLabel-formControl MuiInputLabel-animated MuiInputLabel-shrink MuiInputLabel-sizeSmall MuiInputLabel-outlined css-hvjq6j-MuiFormLabel-root-MuiInputLabel-root"[31m
        [33mdata-shrink[31m=[32m"true"[31m
        [33mfor[31m=[32m":r3o:"[31m
        [33mid[31m=[32m":r3o:-label"[31m
      [36m>[31m
        [0m記録日[0m
      [36m</label>[31m
      [36m<div[31m
        [33mclass[31m=[32m"MuiInputBase-root MuiOutlinedInput-root MuiInputBase-colorPrimary MuiInputBase-formControl MuiInputBase-sizeSmall css-quhxjy-MuiInputBase-root-MuiOutlinedInput-root"[31m
      [36m>[31m
        [36m<input[31m
          [33maria-invalid[31m=[32m"false"[31m
          [33mclass[31m=[32m"MuiInputBase-input MuiOutlinedInput-input MuiInputBase-inputSizeSmall css-1pzfmz2-MuiInputBase-input-MuiOutlinedInput-input"[31m
          [33mid[31m=[32m":r3o:"[31m
          [33mtype[31m=[32m"date"[31m
          [33mvalue[31m=[32m"2024-01-01"[31m
        [36m/>[31m
        [36m<fieldset[31m
          [33maria-hidden[31m=[32m"true"[31m
          [33mclass[31m=[32m"MuiOutlinedInput-notchedOutline css-18p5xg2-MuiNotchedOutlined-root-MuiOutlinedInput-notchedOutline"[31m
        [36m>[31m
          [36m<legend[31m
            [33mclass[31m=[32m"css-ex8a5f-MuiNotchedOutlined-root"[31m
          [36m>[31m
            [36m<span>[31m
              [0m記録日[0m
            [36m</span>[31m
          [36m</legend>[31m
        [36m</fieldset>[31m
      [36m</div>[31m
    [36m</div>[31m
    [36m<div[31m
      [33mclass[31m=[32m"MuiFormControl-root MuiTextField-root css-1xp5r68-MuiFormControl-root-MuiTextField-root"[31m
    [36m>[31m
      [36m<label[31m
        [33mclass[31m=[32m"MuiFormLabel-root MuiInputLabel-root MuiInputLabel-formControl MuiInputLabel-animated MuiInputLabel-sizeSmall MuiInputLabel-outlined MuiFormLabel-colorPrimary MuiInputLabel-root MuiInputLabel-formControl MuiInputLabel-animated MuiInputLabel-sizeSmall MuiInputLabel-outlined css-1kfabtt-MuiFormLabel-root-MuiInputLabel-root"[31m
        [33mdata-shrink[31m=[32m"false"[31m
        [33mfor[31m=[32m":r3p:"[31m
        [33mid[31m=[32m":r3p:-label"[31m
      [36m>[31m
        [0m記録者名[0m
      [36m</label>[31m
      [36m<div[31m
        [33mclass[31m=[32m"MuiInputBase-root MuiOutlinedInput-root MuiInputBase-colorPrimary MuiInputBase-formControl MuiInputBase-sizeSmall css-quhxjy-MuiInputBase-root-MuiOutlinedInput-root"[31m
      [36m>[31m
        [36m<input[31m
          [33maria-invalid[31m=[32m"false"[31m
          [33mclass[31m=[32m"MuiInputBase-input MuiOutlinedInput-input MuiInputBase-inputSizeSmall css-1pzfmz2-MuiInputBase-input-MuiOutlinedInput-input"[31m
          [33mid[31m=[32m":r3p:"[31m
          [33mtype[31m=[32m"text"[31m
          [33mvalue[31m=[32m""[31m
        [36m/>[31m
        [36m<fieldset[31m
          [33maria-hidden[31m=[32m"true"[31m
          [33mclass[31m=[32m"MuiOutlinedInput-notchedOutline css-18p5xg2-MuiNotchedOutlined-root-MuiOutlinedInput-notchedOutline"[31m
        [36m>[31m
          [36m<legend[31m
            [33mclass[31m=[32m"css-1n64csd-MuiNotchedOutlined-root"[31m
          [36m>[31m
            [36m<span>[31m
              [0m記録者名[0m
            [36m</span>[31m
          [36m</legend>[31m
        [36m</fieldset>[31m
      [36m</div>[31m
    [36m</div>[31m
    [36m<div[31m
      [33mclass[31m=[32m"MuiBox-root css-1sm2s1z"[31m
      [33mdata-testid[31m=[32m"daily-table-record-form"[31m
    [36m>[31m
      [36m<div[31m
        [33mclass[31m=[32m"MuiDialogContent-root MuiDialogContent-dividers css-ggw484-MuiDialogContent-root"[31m
      [36m>[31m
        [36m<div[31m
          [33mclass[31m=[32m"MuiStack-root css-1r627vw-MuiStack-root"[31m
        [36m>[31m
          [36m<div[31m
            [33mclass[31m=[32m"MuiStack-root css-95rbei-MuiStack-root"[31m
          [36m>[31m
            [36m<div[31m
              [33mclass[31m=[32m"MuiBox-root css-1rr4qq7"[31m
            [36m>[31m
              [36m<div[31m
                [33mclass[31m=[32m"MuiBox-root css-0"[31m
              [36m>[31m
                [36m<div[31m
                  [33mclass[31m=[32m"MuiStack-root css-1ti6by-MuiStack-root"[31m
                  [33mdata-testid[31m=[32m"user-picker-summary"[31m
                [36m>[31m
                  [36m<svg[31m
                    [33maria-hidden[31m=[32m"true"[31m
                    [33mclass[31m=[32m"MuiSvgIcon-root MuiSvgIcon-colorAction MuiSvgIcon-fontSizeSmall css-97maqu-MuiSvgIcon-root"[31m
                    [33mdata-testid[31m=[32m"GroupIcon"[31m
                    [33mfocusable[31m=[32m"false"[31m
                    [33mviewBox[31m=[32m"0 0 24 24"[31m
                  [36m>[31m
                    [36m<path[31m
                      [33md[31m=[32m"M16 11c1.66 0 2.99-1.34 2.99-3S17.66 5 16 5s-3 1.34-3 3 1.34 3 3 3m-8 0c1.66 0 2.99-1.34 2.99-3S9.66 5 8 5 5 6.34 5 8s1.34 3 3 3m0 2c-2.33 0-7 1.17-7 3.5V19h14v-2.5c0-2.33-4.67-3.5-7-3.5m8 0c-.29 0-.62.02-.97.05 1.16.84 1.97 1.97 1.97 3.45V19h6v-2.5c0-2.33-4.67-3.5-7-3.5"[31m
                    [36m/>[31m
                  [36m</svg>[31m
                  [36m<p[31m
                    [33mclass[31m=[32m"MuiTypography-root MuiTypography-body2 css-1gi1fdj-MuiTypography-root"[31m
                  [36m>[31m
                    [0m利用者[0m
                  [36m</p>[31m
                  [36m<div[31m
                    [33mclass[31m=[32m"MuiChip-root MuiChip-outlined MuiChip-sizeSmall MuiChip-colorDefault MuiChip-outlinedDefault css-8m2o99-MuiChip-root"[31m
                    [33mdata-testid[31m=[32m"selection-count"[31m
                  [36m>[31m
                    [36m<span[31m
                      [33mclass[31m=[32m"MuiChip-label MuiChip-labelSmall css-19m61dl-MuiChip-label"[31m
                    [36m>[31m
                      [0m0人選択中[0m
                    [36m</span>[31m
                  [36m</div>[31m
                  [36m<div[31m
                    [33mclass[31m=[32m"MuiChip-root MuiChip-outlined MuiChip-sizeSmall MuiChip-colorSuccess MuiChip-outlinedSuccess css-fko4l-MuiChip-root"[31m
                  [36m>[31m
                    [36m<span[31m
                      [33mclass[31m=[32m"MuiChip-label MuiChip-labelSmall css-19m61dl-MuiChip-label"[31m
       ...

Ignored nodes: comments, script, style
[36m<html>[31m
  [36m<head>[31m
    [36m<meta[31m
      [33mcontent[31m=[32m""[31m
      [33mname[31m=[32m"emotion-insertion-point"[31m
    [36m/>[31m
  [36m</head>[31m
  [36m<body>[31m
    [36m<div>[31m
      [36m<div[31m
        [33mclass[31m=[32m"MuiFormControl-root MuiTextField-root css-1xp5r68-MuiFormControl-root-MuiTextField-root"[31m
      [36m>[31m
        [36m<label[31m
          [33mclass[31m=[32m"MuiFormLabel-root MuiInputLabel-root MuiInputLabel-formControl MuiInputLabel-animated MuiInputLabel-shrink MuiInputLabel-sizeSmall MuiInputLabel-outlined MuiFormLabel-colorPrimary MuiFormLabel-filled MuiInputLabel-root MuiInputLabel-formControl MuiInputLabel-animated MuiInputLabel-shrink MuiInputLabel-sizeSmall MuiInputLabel-outlined css-hvjq6j-MuiFormLabel-root-MuiInputLabel-root"[31m
          [33mdata-shrink[31m=[32m"true"[31m
          [33mfor[31m=[32m":r3o:"[31m
          [33mid[31m=[32m":r3o:-label"[31m
        [36m>[31m
          [0m記録日[0m
        [36m</label>[31m
        [36m<div[31m
          [33mclass[31m=[32m"MuiInputBase-root MuiOutlinedInput-root MuiInputBase-colorPrimary MuiInputBase-formControl MuiInputBase-sizeSmall css-quhxjy-MuiInputBase-root-MuiOutlinedInput-root"[31m
        [36m>[31m
          [36m<input[31m
            [33maria-invalid[31m=[32m"false"[31m
            [33mclass[31m=[32m"MuiInputBase-input MuiOutlinedInput-input MuiInputBase-inputSizeSmall css-1pzfmz2-MuiInputBase-input-MuiOutlinedInput-input"[31m
            [33mid[31m=[32m":r3o:"[31m
            [33mtype[31m=[32m"date"[31m
            [33mvalue[31m=[32m"2024-01-01"[31m
          [36m/>[31m
          [36m<fieldset[31m
            [33maria-hidden[31m=[32m"true"[31m
            [33mclass[31m=[32m"MuiOutlinedInput-notchedOutline css-18p5xg2-MuiNotchedOutlined-root-MuiOutlinedInput-notchedOutline"[31m
          [36m>[31m
            [36m<legend[31m
              [33mclass[31m=[32m"css-ex8a5f-MuiNotchedOutlined-root"[31m
            [36m>[31m
              [36m<span>[31m
                [0m記録日[0m
              [36m</span>[31m
            [36m</legend>[31m
          [36m</fieldset>[31m
        [36m</div>[31m
      [36m</div>[31m
      [36m<div[31m
        [33mclass[31m=[32m"MuiFormControl-root MuiTextField-root css-1xp5r68-MuiFormControl-root-MuiTextField-root"[31m
      [36m>[31m
        [36m<label[31m
          [33mclass[31m=[32m"MuiFormLabel-root MuiInputLabel-root MuiInputLabel-formControl MuiInputLabel-animated MuiInputLabel-sizeSmall MuiInputLabel-outlined MuiFormLabel-colorPrimary MuiInputLabel-root MuiInputLabel-formControl MuiInputLabel-animated MuiInputLabel-sizeSmall MuiInputLabel-outlined css-1kfabtt-MuiFormLabel-root-MuiInputLabel-root"[31m
          [33mdata-shrink[31m=[32m"false"[31m
          [33mfor[31m=[32m":r3p:"[31m
          [33mid[31m=[32m":r3p:-label"[31m
        [36m>[31m
          [0m記録者名[0m
        [36m</label>[31m
        [36m<div[31m
          [33mclass[31m=[32m"MuiInputBase-root MuiOutlinedInput-root MuiInputBase-colorPrimary MuiInputBase-formControl MuiInputBase-sizeSmall css-quhxjy-MuiInputBase-root-MuiOutlinedInput-root"[31m
        [36m>[31m
          [36m<input[31m
            [33maria-invalid[31m=[32m"false"[31m
            [33mclass[31m=[32m"MuiInputBase-input MuiOutlinedInput-input MuiInputBase-inputSizeSmall css-1pzfmz2-MuiInputBase-input-MuiOutlinedInput-input"[31m
            [33mid[31m=[32m":r3p:"[31m
            [33mtype[31m=[32m"text"[31m
            [33mvalue[31m=[32m""[31m
          [36m/>[31m
          [36m<fieldset[31m
            [33maria-hidden[31m=[32m"true"[31m
            [33mclass[31m=[32m"MuiOutlinedInput-notchedOutline css-18p5xg2-MuiNotchedOutlined-root-MuiOutlinedInput-notchedOutline"[31m
          [36m>[31m
            [36m<legend[31m
              [33mclass[31m=[32m"css-1n64csd-MuiNotchedOutlined-root"[31m
            [36m>[31m
              [36m<span>[31m
                [0m記録者名[0m
              [36m</span>[31m
            [36m</legend>[31m
          [36m</fieldset>[31m
        [36m</div>[31m
      [36m</div>[31m
      [36m<div[31m
        [33mclass[31m=[32m"MuiBox-root css-1sm2s1z"[31m
        [33mdata-testid[31m=[32m"daily-table-record-form"[31m
      [36m>[31m
        [36m<div[31m
          [33mclass[31m=[32m"MuiDialogContent-root MuiDialogContent-dividers css-ggw484-MuiDialogContent-root"[31m
        [36m>[31m
          [36m<div[31m
            [33mclass[31m=[32m"MuiStack-root css-1r627vw-MuiStack-root"[31m
          [36m>[31m
            [36m<div[31m
              [33mclass[31m=[32m"MuiStack-root css-95rbei-MuiStack-root"[31m
            [36m>[31m
              [36m<div[31m
                [33mclass[31m=[32m"MuiBox-root css-1rr4qq7"[31m
              [36m>[31m
                [36m<div[31m
                  [33mclass[31m=[32m"MuiBox-root css-0"[31m
                [36m>[31m
                  [36m<div[31m
                    [33mclass[31m=[32m"MuiStack-root css-1ti6by-MuiStack-root"[31m
                    [33mdata-testid[31m=[32m"user-picker-summary"[31m
                  [36m>[31m
                    [36m<svg[31m
                      [33maria-hidden[31m=[32m"true"[31m
                      [33mclass[31m=[32m"MuiSvgIcon-root MuiSvgIcon-colorAction MuiSvgIcon-fontSizeSmall css-97maqu-MuiSvgIcon-root"[31m
                      [33mdata-testid[31m=[32m"GroupIcon"[31m
                      [33mfocusable[31m=[32m"false"[31m
                      [33mviewBox[31m=[32m"0 0 24 24"[31m
                    [36m>[31m
                      [36m<path[31m
                        [33md[31m=[32m"M16 11c1.66 0 2.99-1.34 2.99-3S17.66 5 16 5s-3 1.34-3 3 1.34 3 3 3m-8 0c1.66 0 2.99-1.34 2.99-3S9.66 5 8 5 5 6.34 5 8s1.34 3 3 3m0 2c-2.33 0-7 1.17-7 3.5V19h14v-2.5c0-2.33-4.67-3.5-7-3.5m8 0c-.29 0-.62.02-.97.05 1.16.84 1.97 1.97 1.97 3.45V19h6v-2.5c0-2.33-4.67-3.5-7-3.5"[31m
                      [36m/>[31m
                    [36m</svg>[31m
                    [36m<p[31m
                      [33mclass[31m=[32m"MuiTypography-root MuiTypography-body2 css-1gi1fdj-MuiTypography-root"[31m
                    [36m>[31m
                      [0m利用者[0m
                    [36m</p>[31m
                    [36m<div[31m
                      [33mclass[31m=[32m"MuiChip-root MuiChip-outlined MuiChip-sizeSmall MuiChip-colorDefault MuiChip-outlinedDefault css-8m2o99-MuiChip-root"[31m
                      [33mdata-testid[31m=[32m"selection-count"[31m
                    [36m>[31m
                      [36m<span[31m
                        [33mclass[31m=[32m"MuiChip-label MuiChip-labelSmall css-19m61dl-MuiChip-label"[31m
                      [36m>[31m
                        [0m0人選択中[0m
                      [36m...[39m
 [31m×[39m src/features/daily/__tests__/TableDailyRecordForm.test.tsx[2m > [22mTableDailyRecordForm[2m > [22mshould handle select all functionality[33m 3065[2mms[22m[39m
[31m   → Unable to find an element by: [data-testid="daily-table-record-form-table"]

Ignored nodes: comments, script, style
[36m<body>[31m
  [36m<div>[31m
    [36m<div[31m
      [33mclass[31m=[32m"MuiFormControl-root MuiTextField-root css-1xp5r68-MuiFormControl-root-MuiTextField-root"[31m
    [36m>[31m
      [36m<label[31m
        [33mclass[31m=[32m"MuiFormLabel-root MuiInputLabel-root MuiInputLabel-formControl MuiInputLabel-animated MuiInputLabel-shrink MuiInputLabel-sizeSmall MuiInputLabel-outlined MuiFormLabel-colorPrimary MuiFormLabel-filled MuiInputLabel-root MuiInputLabel-formControl MuiInputLabel-animated MuiInputLabel-shrink MuiInputLabel-sizeSmall MuiInputLabel-outlined css-hvjq6j-MuiFormLabel-root-MuiInputLabel-root"[31m
        [33mdata-shrink[31m=[32m"true"[31m
        [33mfor[31m=[32m":r42:"[31m
        [33mid[31m=[32m":r42:-label"[31m
      [36m>[31m
        [0m記録日[0m
      [36m</label>[31m
      [36m<div[31m
        [33mclass[31m=[32m"MuiInputBase-root MuiOutlinedInput-root MuiInputBase-colorPrimary MuiInputBase-formControl MuiInputBase-sizeSmall css-quhxjy-MuiInputBase-root-MuiOutlinedInput-root"[31m
      [36m>[31m
        [36m<input[31m
          [33maria-invalid[31m=[32m"false"[31m
          [33mclass[31m=[32m"MuiInputBase-input MuiOutlinedInput-input MuiInputBase-inputSizeSmall css-1pzfmz2-MuiInputBase-input-MuiOutlinedInput-input"[31m
          [33mid[31m=[32m":r42:"[31m
          [33mtype[31m=[32m"date"[31m
          [33mvalue[31m=[32m"2024-01-01"[31m
        [36m/>[31m
        [36m<fieldset[31m
          [33maria-hidden[31m=[32m"true"[31m
          [33mclass[31m=[32m"MuiOutlinedInput-notchedOutline css-18p5xg2-MuiNotchedOutlined-root-MuiOutlinedInput-notchedOutline"[31m
        [36m>[31m
          [36m<legend[31m
            [33mclass[31m=[32m"css-ex8a5f-MuiNotchedOutlined-root"[31m
          [36m>[31m
            [36m<span>[31m
              [0m記録日[0m
            [36m</span>[31m
          [36m</legend>[31m
        [36m</fieldset>[31m
      [36m</div>[31m
    [36m</div>[31m
    [36m<div[31m
      [33mclass[31m=[32m"MuiFormControl-root MuiTextField-root css-1xp5r68-MuiFormControl-root-MuiTextField-root"[31m
    [36m>[31m
      [36m<label[31m
        [33mclass[31m=[32m"MuiFormLabel-root MuiInputLabel-root MuiInputLabel-formControl MuiInputLabel-animated MuiInputLabel-sizeSmall MuiInputLabel-outlined MuiFormLabel-colorPrimary MuiInputLabel-root MuiInputLabel-formControl MuiInputLabel-animated MuiInputLabel-sizeSmall MuiInputLabel-outlined css-1kfabtt-MuiFormLabel-root-MuiInputLabel-root"[31m
        [33mdata-shrink[31m=[32m"false"[31m
        [33mfor[31m=[32m":r43:"[31m
        [33mid[31m=[32m":r43:-label"[31m
      [36m>[31m
        [0m記録者名[0m
      [36m</label>[31m
      [36m<div[31m
        [33mclass[31m=[32m"MuiInputBase-root MuiOutlinedInput-root MuiInputBase-colorPrimary MuiInputBase-formControl MuiInputBase-sizeSmall css-quhxjy-MuiInputBase-root-MuiOutlinedInput-root"[31m
      [36m>[31m
        [36m<input[31m
          [33maria-invalid[31m=[32m"false"[31m
          [33mclass[31m=[32m"MuiInputBase-input MuiOutlinedInput-input MuiInputBase-inputSizeSmall css-1pzfmz2-MuiInputBase-input-MuiOutlinedInput-input"[31m
          [33mid[31m=[32m":r43:"[31m
          [33mtype[31m=[32m"text"[31m
          [33mvalue[31m=[32m""[31m
        [36m/>[31m
        [36m<fieldset[31m
          [33maria-hidden[31m=[32m"true"[31m
          [33mclass[31m=[32m"MuiOutlinedInput-notchedOutline css-18p5xg2-MuiNotchedOutlined-root-MuiOutlinedInput-notchedOutline"[31m
        [36m>[31m
          [36m<legend[31m
            [33mclass[31m=[32m"css-1n64csd-MuiNotchedOutlined-root"[31m
          [36m>[31m
            [36m<span>[31m
              [0m記録者名[0m
            [36m</span>[31m
          [36m</legend>[31m
        [36m</fieldset>[31m
      [36m</div>[31m
    [36m</div>[31m
    [36m<div[31m
      [33mclass[31m=[32m"MuiBox-root css-1sm2s1z"[31m
      [33mdata-testid[31m=[32m"daily-table-record-form"[31m
    [36m>[31m
      [36m<div[31m
        [33mclass[31m=[32m"MuiDialogContent-root MuiDialogContent-dividers css-ggw484-MuiDialogContent-root"[31m
      [36m>[31m
        [36m<div[31m
          [33mclass[31m=[32m"MuiStack-root css-1r627vw-MuiStack-root"[31m
        [36m>[31m
          [36m<div[31m
            [33mclass[31m=[32m"MuiStack-root css-95rbei-MuiStack-root"[31m
          [36m>[31m
            [36m<div[31m
              [33mclass[31m=[32m"MuiBox-root css-1rr4qq7"[31m
            [36m>[31m
              [36m<div[31m
                [33mclass[31m=[32m"MuiBox-root css-0"[31m
              [36m>[31m
                [36m<div[31m
                  [33mclass[31m=[32m"MuiStack-root css-1ti6by-MuiStack-root"[31m
                  [33mdata-testid[31m=[32m"user-picker-summary"[31m
                [36m>[31m
                  [36m<svg[31m
                    [33maria-hidden[31m=[32m"true"[31m
                    [33mclass[31m=[32m"MuiSvgIcon-root MuiSvgIcon-colorAction MuiSvgIcon-fontSizeSmall css-97maqu-MuiSvgIcon-root"[31m
                    [33mdata-testid[31m=[32m"GroupIcon"[31m
                    [33mfocusable[31m=[32m"false"[31m
                    [33mviewBox[31m=[32m"0 0 24 24"[31m
                  [36m>[31m
                    [36m<path[31m
                      [33md[31m=[32m"M16 11c1.66 0 2.99-1.34 2.99-3S17.66 5 16 5s-3 1.34-3 3 1.34 3 3 3m-8 0c1.66 0 2.99-1.34 2.99-3S9.66 5 8 5 5 6.34 5 8s1.34 3 3 3m0 2c-2.33 0-7 1.17-7 3.5V19h14v-2.5c0-2.33-4.67-3.5-7-3.5m8 0c-.29 0-.62.02-.97.05 1.16.84 1.97 1.97 1.97 3.45V19h6v-2.5c0-2.33-4.67-3.5-7-3.5"[31m
                    [36m/>[31m
                  [36m</svg>[31m
                  [36m<p[31m
                    [33mclass[31m=[32m"MuiTypography-root MuiTypography-body2 css-1gi1fdj-MuiTypography-root"[31m
                  [36m>[31m
                    [0m利用者[0m
                  [36m</p>[31m
                  [36m<div[31m
                    [33mclass[31m=[32m"MuiChip-root MuiChip-outlined MuiChip-sizeSmall MuiChip-colorDefault MuiChip-outlinedDefault css-8m2o99-MuiChip-root"[31m
                    [33mdata-testid[31m=[32m"selection-count"[31m
                  [36m>[31m
                    [36m<span[31m
                      [33mclass[31m=[32m"MuiChip-label MuiChip-labelSmall css-19m61dl-MuiChip-label"[31m
                    [36m>[31m
                      [0m0人選択中[0m
                    [36m</span>[31m
                  [36m</div>[31m
                  [36m<div[31m
                    [33mclass[31m=[32m"MuiChip-root MuiChip-outlined MuiChip-sizeSmall MuiChip-colorSuccess MuiChip-outlinedSuccess css-fko4l-MuiChip-root"[31m
                  [36m>[31m
                    [36m<span[31m
                      [33mclass[31m=[32m"MuiChip-label MuiChip-labelSmall css-19m61dl-MuiChip-label"[31m
       ...

Ignored nodes: comments, script, style
[36m<html>[31m
  [36m<head>[31m
    [36m<meta[31m
      [33mcontent[31m=[32m""[31m
      [33mname[31m=[32m"emotion-insertion-point"[31m
    [36m/>[31m
  [36m</head>[31m
  [36m<body>[31m
    [36m<div>[31m
      [36m<div[31m
        [33mclass[31m=[32m"MuiFormControl-root MuiTextField-root css-1xp5r68-MuiFormControl-root-MuiTextField-root"[31m
      [36m>[31m
        [36m<label[31m
          [33mclass[31m=[32m"MuiFormLabel-root MuiInputLabel-root MuiInputLabel-formControl MuiInputLabel-animated MuiInputLabel-shrink MuiInputLabel-sizeSmall MuiInputLabel-outlined MuiFormLabel-colorPrimary MuiFormLabel-filled MuiInputLabel-root MuiInputLabel-formControl MuiInputLabel-animated MuiInputLabel-shrink MuiInputLabel-sizeSmall MuiInputLabel-outlined css-hvjq6j-MuiFormLabel-root-MuiInputLabel-root"[31m
          [33mdata-shrink[31m=[32m"true"[31m
          [33mfor[31m=[32m":r42:"[31m
          [33mid[31m=[32m":r42:-label"[31m
        [36m>[31m
          [0m記録日[0m
        [36m</label>[31m
        [36m<div[31m
          [33mclass[31m=[32m"MuiInputBase-root MuiOutlinedInput-root MuiInputBase-colorPrimary MuiInputBase-formControl MuiInputBase-sizeSmall css-quhxjy-MuiInputBase-root-MuiOutlinedInput-root"[31m
        [36m>[31m
          [36m<input[31m
            [33maria-invalid[31m=[32m"false"[31m
            [33mclass[31m=[32m"MuiInputBase-input MuiOutlinedInput-input MuiInputBase-inputSizeSmall css-1pzfmz2-MuiInputBase-input-MuiOutlinedInput-input"[31m
            [33mid[31m=[32m":r42:"[31m
            [33mtype[31m=[32m"date"[31m
            [33mvalue[31m=[32m"2024-01-01"[31m
          [36m/>[31m
          [36m<fieldset[31m
            [33maria-hidden[31m=[32m"true"[31m
            [33mclass[31m=[32m"MuiOutlinedInput-notchedOutline css-18p5xg2-MuiNotchedOutlined-root-MuiOutlinedInput-notchedOutline"[31m
          [36m>[31m
            [36m<legend[31m
              [33mclass[31m=[32m"css-ex8a5f-MuiNotchedOutlined-root"[31m
            [36m>[31m
              [36m<span>[31m
                [0m記録日[0m
              [36m</span>[31m
            [36m</legend>[31m
          [36m</fieldset>[31m
        [36m</div>[31m
      [36m</div>[31m
      [36m<div[31m
        [33mclass[31m=[32m"MuiFormControl-root MuiTextField-root css-1xp5r68-MuiFormControl-root-MuiTextField-root"[31m
      [36m>[31m
        [36m<label[31m
          [33mclass[31m=[32m"MuiFormLabel-root MuiInputLabel-root MuiInputLabel-formControl MuiInputLabel-animated MuiInputLabel-sizeSmall MuiInputLabel-outlined MuiFormLabel-colorPrimary MuiInputLabel-root MuiInputLabel-formControl MuiInputLabel-animated MuiInputLabel-sizeSmall MuiInputLabel-outlined css-1kfabtt-MuiFormLabel-root-MuiInputLabel-root"[31m
          [33mdata-shrink[31m=[32m"false"[31m
          [33mfor[31m=[32m":r43:"[31m
          [33mid[31m=[32m":r43:-label"[31m
        [36m>[31m
          [0m記録者名[0m
        [36m</label>[31m
        [36m<div[31m
          [33mclass[31m=[32m"MuiInputBase-root MuiOutlinedInput-root MuiInputBase-colorPrimary MuiInputBase-formControl MuiInputBase-sizeSmall css-quhxjy-MuiInputBase-root-MuiOutlinedInput-root"[31m
        [36m>[31m
          [36m<input[31m
            [33maria-invalid[31m=[32m"false"[31m
            [33mclass[31m=[32m"MuiInputBase-input MuiOutlinedInput-input MuiInputBase-inputSizeSmall css-1pzfmz2-MuiInputBase-input-MuiOutlinedInput-input"[31m
            [33mid[31m=[32m":r43:"[31m
            [33mtype[31m=[32m"text"[31m
            [33mvalue[31m=[32m""[31m
          [36m/>[31m
          [36m<fieldset[31m
            [33maria-hidden[31m=[32m"true"[31m
            [33mclass[31m=[32m"MuiOutlinedInput-notchedOutline css-18p5xg2-MuiNotchedOutlined-root-MuiOutlinedInput-notchedOutline"[31m
          [36m>[31m
            [36m<legend[31m
              [33mclass[31m=[32m"css-1n64csd-MuiNotchedOutlined-root"[31m
            [36m>[31m
              [36m<span>[31m
                [0m記録者名[0m
              [36m</span>[31m
            [36m</legend>[31m
          [36m</fieldset>[31m
        [36m</div>[31m
      [36m</div>[31m
      [36m<div[31m
        [33mclass[31m=[32m"MuiBox-root css-1sm2s1z"[31m
        [33mdata-testid[31m=[32m"daily-table-record-form"[31m
      [36m>[31m
        [36m<div[31m
          [33mclass[31m=[32m"MuiDialogContent-root MuiDialogContent-dividers css-ggw484-MuiDialogContent-root"[31m
        [36m>[31m
          [36m<div[31m
            [33mclass[31m=[32m"MuiStack-root css-1r627vw-MuiStack-root"[31m
          [36m>[31m
            [36m<div[31m
              [33mclass[31m=[32m"MuiStack-root css-95rbei-MuiStack-root"[31m
            [36m>[31m
              [36m<div[31m
                [33mclass[31m=[32m"MuiBox-root css-1rr4qq7"[31m
              [36m>[31m
                [36m<div[31m
                  [33mclass[31m=[32m"MuiBox-root css-0"[31m
                [36m>[31m
                  [36m<div[31m
                    [33mclass[31m=[32m"MuiStack-root css-1ti6by-MuiStack-root"[31m
                    [33mdata-testid[31m=[32m"user-picker-summary"[31m
                  [36m>[31m
                    [36m<svg[31m
                      [33maria-hidden[31m=[32m"true"[31m
                      [33mclass[31m=[32m"MuiSvgIcon-root MuiSvgIcon-colorAction MuiSvgIcon-fontSizeSmall css-97maqu-MuiSvgIcon-root"[31m
                      [33mdata-testid[31m=[32m"GroupIcon"[31m
                      [33mfocusable[31m=[32m"false"[31m
                      [33mviewBox[31m=[32m"0 0 24 24"[31m
                    [36m>[31m
                      [36m<path[31m
                        [33md[31m=[32m"M16 11c1.66 0 2.99-1.34 2.99-3S17.66 5 16 5s-3 1.34-3 3 1.34 3 3 3m-8 0c1.66 0 2.99-1.34 2.99-3S9.66 5 8 5 5 6.34 5 8s1.34 3 3 3m0 2c-2.33 0-7 1.17-7 3.5V19h14v-2.5c0-2.33-4.67-3.5-7-3.5m8 0c-.29 0-.62.02-.97.05 1.16.84 1.97 1.97 1.97 3.45V19h6v-2.5c0-2.33-4.67-3.5-7-3.5"[31m
                      [36m/>[31m
                    [36m</svg>[31m
                    [36m<p[31m
                      [33mclass[31m=[32m"MuiTypography-root MuiTypography-body2 css-1gi1fdj-MuiTypography-root"[31m
                    [36m>[31m
                      [0m利用者[0m
                    [36m</p>[31m
                    [36m<div[31m
                      [33mclass[31m=[32m"MuiChip-root MuiChip-outlined MuiChip-sizeSmall MuiChip-colorDefault MuiChip-outlinedDefault css-8m2o99-MuiChip-root"[31m
                      [33mdata-testid[31m=[32m"selection-count"[31m
                    [36m>[31m
                      [36m<span[31m
                        [33mclass[31m=[32m"MuiChip-label MuiChip-labelSmall css-19m61dl-MuiChip-label"[31m
                      [36m>[31m
                        [0m0人選択中[0m
                      [36m...[39m
 [31m×[39m src/features/daily/__tests__/TableDailyRecordForm.test.tsx[2m > [22mTableDailyRecordForm[2m > [22mshould handle clear all functionality[33m 10068[2mms[22m[39m
[31m   → [2mexpect([22m[31melement[31m[2m).toHaveTextContent()[22m

Expected element to have text content:
[32m  2人選択中[31m
Received:
[31m  0人選択中[31m

Ignored nodes: comments, script, style
[36m<html>[31m
  [36m<head>[31m
    [36m<meta[31m
      [33mcontent[31m=[32m""[31m
      [33mname[31m=[32m"emotion-insertion-point"[31m
    [36m/>[31m
  [36m</head>[31m
  [36m<body>[31m
    [36m<div>[31m
      [36m<div[31m
        [33mclass[31m=[32m"MuiFormControl-root MuiTextField-root css-1xp5r68-MuiFormControl-root-MuiTextField-root"[31m
      [36m>[31m
        [36m<label[31m
          [33mclass[31m=[32m"MuiFormLabel-root MuiInputLabel-root MuiInputLabel-formControl MuiInputLabel-animated MuiInputLabel-shrink MuiInputLabel-sizeSmall MuiInputLabel-outlined MuiFormLabel-colorPrimary MuiFormLabel-filled MuiInputLabel-root MuiInputLabel-formControl MuiInputLabel-animated MuiInputLabel-shrink MuiInputLabel-sizeSmall MuiInputLabel-outlined css-hvjq6j-MuiFormLabel-root-MuiInputLabel-root"[31m
          [33mdata-shrink[31m=[32m"true"[31m
          [33mfor[31m=[32m":r4c:"[31m
          [33mid[31m=[32m":r4c:-label"[31m
        [36m>[31m
          [0m記録日[0m
        [36m</label>[31m
        [36m<div[31m
          [33mclass[31m=[32m"MuiInputBase-root MuiOutlinedInput-root MuiInputBase-colorPrimary MuiInputBase-formControl MuiInputBase-sizeSmall css-quhxjy-MuiInputBase-root-MuiOutlinedInput-root"[31m
        [36m>[31m
          [36m<input[31m
            [33maria-invalid[31m=[32m"false"[31m
            [33mclass[31m=[32m"MuiInputBase-input MuiOutlinedInput-input MuiInputBase-inputSizeSmall css-1pzfmz2-MuiInputBase-input-MuiOutlinedInput-input"[31m
            [33mid[31m=[32m":r4c:"[31m
            [33mtype[31m=[32m"date"[31m
            [33mvalue[31m=[32m"2024-01-01"[31m
          [36m/>[31m
          [36m<fieldset[31m
            [33maria-hidden[31m=[32m"true"[31m
            [33mclass[31m=[32m"MuiOutlinedInput-notchedOutline css-18p5xg2-MuiNotchedOutlined-root-MuiOutlinedInput-notchedOutline"[31m
          [36m>[31m
            [36m<legend[31m
              [33mclass[31m=[32m"css-ex8a5f-MuiNotchedOutlined-root"[31m
            [36m>[31m
              [36m<span>[31m
                [0m記録日[0m
              [36m</span>[31m
            [36m</legend>[31m
          [36m</fieldset>[31m
        [36m</div>[31m
      [36m</div>[31m
      [36m<div[31m
        [33mclass[31m=[32m"MuiFormControl-root MuiTextField-root css-1xp5r68-MuiFormControl-root-MuiTextField-root"[31m
      [36m>[31m
        [36m<label[31m
          [33mclass[31m=[32m"MuiFormLabel-root MuiInputLabel-root MuiInputLabel-formControl MuiInputLabel-animated MuiInputLabel-sizeSmall MuiInputLabel-outlined MuiFormLabel-colorPrimary MuiInputLabel-root MuiInputLabel-formControl MuiInputLabel-animated MuiInputLabel-sizeSmall MuiInputLabel-outlined css-1kfabtt-MuiFormLabel-root-MuiInputLabel-root"[31m
          [33mdata-shrink[31m=[32m"false"[31m
          [33mfor[31m=[32m":r4d:"[31m
          [33mid[31m=[32m":r4d:-label"[31m
        [36m>[31m
          [0m記録者名[0m
        [36m</label>[31m
        [36m<div[31m
          [33mclass[31m=[32m"MuiInputBase-root MuiOutlinedInput-root MuiInputBase-colorPrimary MuiInputBase-formControl MuiInputBase-sizeSmall css-quhxjy-MuiInputBase-root-MuiOutlinedInput-root"[31m
        [36m>[31m
          [36m<input[31m
            [33maria-invalid[31m=[32m"false"[31m
            [33mclass[31m=[32m"MuiInputBase-input MuiOutlinedInput-input MuiInputBase-inputSizeSmall css-1pzfmz2-MuiInputBase-input-MuiOutlinedInput-input"[31m
            [33mid[31m=[32m":r4d:"[31m
            [33mtype[31m=[32m"text"[31m
            [33mvalue[31m=[32m""[31m
          [36m/>[31m
          [36m<fieldset[31m
            [33maria-hidden[31m=[32m"true"[31m
            [33mclass[31m=[32m"MuiOutlinedInput-notchedOutline css-18p5xg2-MuiNotchedOutlined-root-MuiOutlinedInput-notchedOutline"[31m
          [36m>[31m
            [36m<legend[31m
              [33mclass[31m=[32m"css-1n64csd-MuiNotchedOutlined-root"[31m
            [36m>[31m
              [36m<span>[31m
                [0m記録者名[0m
              [36m</span>[31m
            [36m</legend>[31m
          [36m</fieldset>[31m
        [36m</div>[31m
      [36m</div>[31m
      [36m<div[31m
        [33mclass[31m=[32m"MuiBox-root css-1sm2s1z"[31m
        [33mdata-testid[31m=[32m"daily-table-record-form"[31m
      [36m>[31m
        [36m<div[31m
          [33mclass[31m=[32m"MuiDialogContent-root MuiDialogContent-dividers css-ggw484-MuiDialogContent-root"[31m
        [36m>[31m
          [36m<div[31m
            [33mclass[31m=[32m"MuiStack-root css-1r627vw-MuiStack-root"[31m
          [36m>[31m
            [36m<div[31m
              [33mclass[31m=[32m"MuiStack-root css-95rbei-MuiStack-root"[31m
            [36m>[31m
              [36m<div[31m
                [33mclass[31m=[32m"MuiBox-root css-1rr4qq7"[31m
              [36m>[31m
                [36m<div[31m
                  [33mclass[31m=[32m"MuiBox-root css-0"[31m
                [36m>[31m
                  [36m<div[31m
                    [33mclass[31m=[32m"MuiStack-root css-1ti6by-MuiStack-root"[31m
                    [33mdata-testid[31m=[32m"user-picker-summary"[31m
                  [36m>[31m
                    [36m<svg[31m
                      [33maria-hidden[31m=[32m"true"[31m
                      [33mclass[31m=[32m"MuiSvgIcon-root MuiSvgIcon-colorAction MuiSvgIcon-fontSizeSmall css-97maqu-MuiSvgIcon-root"[31m
                      [33mdata-testid[31m=[32m"GroupIcon"[31m
                      [33mfocusable[31m=[32m"false"[31m
                      [33mviewBox[31m=[32m"0 0 24 24"[31m
                    [36m>[31m
                      [36m<path[31m
                        [33md[31m=[32m"M16 11c1.66 0 2.99-1.34 2.99-3S17.66 5 16 5s-3 1.34-3 3 1.34 3 3 3m-8 0c1.66 0 2.99-1.34 2.99-3S9.66 5 8 5 5 6.34 5 8s1.34 3 3 3m0 2c-2.33 0-7 1.17-7 3.5V19h14v-2.5c0-2.33-4.67-3.5-7-3.5m8 0c-.29 0-.62.02-.97.05 1.16.84 1.97 1.97 1.97 3.45V19h6v-2.5c0-2.33-4.67-3.5-7-3.5"[31m
                      [36m/>[31m
                    [36m</svg>[31m
                    [36m<p[31m
                      [33mclass[31m=[32m"MuiTypography-root MuiTypography-body2 css-1gi1fdj-MuiTypography-root"[31m
                    [36m>[31m
                      [0m利用者[0m
                    [36m</p>[31m
                    [36m<div[31m
                      [33mclass[31m=[32m"MuiChip-root MuiChip-outlined MuiChip-sizeSmall MuiChip-colorDefault MuiChip-outlinedDefault css-8m2o99-MuiChip-root"[31m
                      [33mdata-testid[31m=[32m"selection-count"[31m
                    [36m>[31m
                      [36m<span[31m
                        [33mclass[31m=[32m"MuiChip-label MuiChip-labelSmall css-19m61dl-MuiChip-label"[31m
                      [36m>[31m
                        [0m0人選択中[0m
                      [36m...[39m
 [32m✓[39m src/features/daily/__tests__/TableDailyRecordForm.test.tsx[2m > [22mTableDailyRecordForm[2m > [22mAttendance Day Filter[2m > [22mshould show attendance filter button in expanded panel[32m 51[2mms[22m[39m
 [32m✓[39m src/features/daily/__tests__/TableDailyRecordForm.test.tsx[2m > [22mTableDailyRecordForm[2m > [22mAttendance Day Filter[2m > [22mshould toggle filter between attendance day and all users[32m 60[2mms[22m[39m
 [31m×[39m src/features/daily/__tests__/TableDailyRecordForm.test.tsx[2m > [22mTableDailyRecordForm[2m > [22mAttendance Day Filter[2m > [22mshould filter users based on attendance days when date is Monday[32m 78[2mms[22m[39m
[31m   → Unable to find an element with the text: 田中 太郎 (U001). This could be because the text is broken up by multiple elements. In this case, you can provide a function for your text matcher to make your matcher more flexible.

Ignored nodes: comments, script, style
[36m<div[31m
  [33mclass[31m=[32m"MuiBox-root css-t2vfs4"[31m
  [33mdata-testid[31m=[32m"daily-table-record-form-user-list"[31m
[36m>[31m
  [36m<p[31m
    [33mclass[31m=[32m"MuiTypography-root MuiTypography-body2 css-1n8t1zf-MuiTypography-root"[31m
  [36m>[31m
    [0m該当する利用者が見つかりません[0m
  [36m</p>[31m
[36m</div>[31m[39m
 [31m×[39m src/features/daily/__tests__/TableDailyRecordForm.test.tsx[2m > [22mTableDailyRecordForm[2m > [22mAttendance Day Filter[2m > [22mshould filter users based on attendance days when date is Tuesday[32m 55[2mms[22m[39m
[31m   → Unable to find an element with the text: 佐藤 花子 (U002). This could be because the text is broken up by multiple elements. In this case, you can provide a function for your text matcher to make your matcher more flexible.

Ignored nodes: comments, script, style
[36m<div[31m
  [33mclass[31m=[32m"MuiBox-root css-t2vfs4"[31m
  [33mdata-testid[31m=[32m"daily-table-record-form-user-list"[31m
[36m>[31m
  [36m<p[31m
    [33mclass[31m=[32m"MuiTypography-root MuiTypography-body2 css-1n8t1zf-MuiTypography-root"[31m
  [36m>[31m
    [0m該当する利用者が見つかりません[0m
  [36m</p>[31m
[36m</div>[31m[39m
 [31m×[39m src/features/daily/__tests__/TableDailyRecordForm.test.tsx[2m > [22mTableDailyRecordForm[2m > [22mAttendance Day Filter[2m > [22mshould auto-update selected users when date changes with attendance filter on[33m 3051[2mms[22m[39m
[31m   → Unable to find an element by: [data-testid="daily-table-record-form-table"]

Ignored nodes: comments, script, style
[36m<body>[31m
  [36m<div>[31m
    [36m<div[31m
      [33mclass[31m=[32m"MuiFormControl-root MuiTextField-root css-1xp5r68-MuiFormControl-root-MuiTextField-root"[31m
    [36m>[31m
      [36m<label[31m
        [33mclass[31m=[32m"MuiFormLabel-root MuiInputLabel-root MuiInputLabel-formControl MuiInputLabel-animated MuiInputLabel-shrink MuiInputLabel-sizeSmall MuiInputLabel-outlined MuiFormLabel-colorPrimary MuiFormLabel-filled MuiInputLabel-root MuiInputLabel-formControl MuiInputLabel-animated MuiInputLabel-shrink MuiInputLabel-sizeSmall MuiInputLabel-outlined css-hvjq6j-MuiFormLabel-root-MuiInputLabel-root"[31m
        [33mdata-shrink[31m=[32m"true"[31m
        [33mfor[31m=[32m":r5u:"[31m
        [33mid[31m=[32m":r5u:-label"[31m
      [36m>[31m
        [0m記録日[0m
      [36m</label>[31m
      [36m<div[31m
        [33mclass[31m=[32m"MuiInputBase-root MuiOutlinedInput-root MuiInputBase-colorPrimary MuiInputBase-formControl MuiInputBase-sizeSmall css-quhxjy-MuiInputBase-root-MuiOutlinedInput-root"[31m
      [36m>[31m
        [36m<input[31m
          [33maria-invalid[31m=[32m"false"[31m
          [33mclass[31m=[32m"MuiInputBase-input MuiOutlinedInput-input MuiInputBase-inputSizeSmall css-1pzfmz2-MuiInputBase-input-MuiOutlinedInput-input"[31m
          [33mid[31m=[32m":r5u:"[31m
          [33mtype[31m=[32m"date"[31m
          [33mvalue[31m=[32m"2024-01-01"[31m
        [36m/>[31m
        [36m<fieldset[31m
          [33maria-hidden[31m=[32m"true"[31m
          [33mclass[31m=[32m"MuiOutlinedInput-notchedOutline css-18p5xg2-MuiNotchedOutlined-root-MuiOutlinedInput-notchedOutline"[31m
        [36m>[31m
          [36m<legend[31m
            [33mclass[31m=[32m"css-ex8a5f-MuiNotchedOutlined-root"[31m
          [36m>[31m
            [36m<span>[31m
              [0m記録日[0m
            [36m</span>[31m
          [36m</legend>[31m
        [36m</fieldset>[31m
      [36m</div>[31m
    [36m</div>[31m
    [36m<div[31m
      [33mclass[31m=[32m"MuiFormControl-root MuiTextField-root css-1xp5r68-MuiFormControl-root-MuiTextField-root"[31m
    [36m>[31m
      [36m<label[31m
        [33mclass[31m=[32m"MuiFormLabel-root MuiInputLabel-root MuiInputLabel-formControl MuiInputLabel-animated MuiInputLabel-sizeSmall MuiInputLabel-outlined MuiFormLabel-colorPrimary MuiInputLabel-root MuiInputLabel-formControl MuiInputLabel-animated MuiInputLabel-sizeSmall MuiInputLabel-outlined css-1kfabtt-MuiFormLabel-root-MuiInputLabel-root"[31m
        [33mdata-shrink[31m=[32m"false"[31m
        [33mfor[31m=[32m":r5v:"[31m
        [33mid[31m=[32m":r5v:-label"[31m
      [36m>[31m
        [0m記録者名[0m
      [36m</label>[31m
      [36m<div[31m
        [33mclass[31m=[32m"MuiInputBase-root MuiOutlinedInput-root MuiInputBase-colorPrimary MuiInputBase-formControl MuiInputBase-sizeSmall css-quhxjy-MuiInputBase-root-MuiOutlinedInput-root"[31m
      [36m>[31m
        [36m<input[31m
          [33maria-invalid[31m=[32m"false"[31m
          [33mclass[31m=[32m"MuiInputBase-input MuiOutlinedInput-input MuiInputBase-inputSizeSmall css-1pzfmz2-MuiInputBase-input-MuiOutlinedInput-input"[31m
          [33mid[31m=[32m":r5v:"[31m
          [33mtype[31m=[32m"text"[31m
          [33mvalue[31m=[32m""[31m
        [36m/>[31m
        [36m<fieldset[31m
          [33maria-hidden[31m=[32m"true"[31m
          [33mclass[31m=[32m"MuiOutlinedInput-notchedOutline css-18p5xg2-MuiNotchedOutlined-root-MuiOutlinedInput-notchedOutline"[31m
        [36m>[31m
          [36m<legend[31m
            [33mclass[31m=[32m"css-1n64csd-MuiNotchedOutlined-root"[31m
          [36m>[31m
            [36m<span>[31m
              [0m記録者名[0m
            [36m</span>[31m
          [36m</legend>[31m
        [36m</fieldset>[31m
      [36m</div>[31m
    [36m</div>[31m
    [36m<div[31m
      [33mclass[31m=[32m"MuiBox-root css-1sm2s1z"[31m
      [33mdata-testid[31m=[32m"daily-table-record-form"[31m
    [36m>[31m
      [36m<div[31m
        [33mclass[31m=[32m"MuiDialogContent-root MuiDialogContent-dividers css-ggw484-MuiDialogContent-root"[31m
      [36m>[31m
        [36m<div[31m
          [33mclass[31m=[32m"MuiStack-root css-1r627vw-MuiStack-root"[31m
        [36m>[31m
          [36m<div[31m
            [33mclass[31m=[32m"MuiStack-root css-95rbei-MuiStack-root"[31m
          [36m>[31m
            [36m<div[31m
              [33mclass[31m=[32m"MuiBox-root css-1rr4qq7"[31m
            [36m>[31m
              [36m<div[31m
                [33mclass[31m=[32m"MuiBox-root css-0"[31m
              [36m>[31m
                [36m<div[31m
                  [33mclass[31m=[32m"MuiStack-root css-1ti6by-MuiStack-root"[31m
                  [33mdata-testid[31m=[32m"user-picker-summary"[31m
                [36m>[31m
                  [36m<svg[31m
                    [33maria-hidden[31m=[32m"true"[31m
                    [33mclass[31m=[32m"MuiSvgIcon-root MuiSvgIcon-colorAction MuiSvgIcon-fontSizeSmall css-97maqu-MuiSvgIcon-root"[31m
                    [33mdata-testid[31m=[32m"GroupIcon"[31m
                    [33mfocusable[31m=[32m"false"[31m
                    [33mviewBox[31m=[32m"0 0 24 24"[31m
                  [36m>[31m
                    [36m<path[31m
                      [33md[31m=[32m"M16 11c1.66 0 2.99-1.34 2.99-3S17.66 5 16 5s-3 1.34-3 3 1.34 3 3 3m-8 0c1.66 0 2.99-1.34 2.99-3S9.66 5 8 5 5 6.34 5 8s1.34 3 3 3m0 2c-2.33 0-7 1.17-7 3.5V19h14v-2.5c0-2.33-4.67-3.5-7-3.5m8 0c-.29 0-.62.02-.97.05 1.16.84 1.97 1.97 1.97 3.45V19h6v-2.5c0-2.33-4.67-3.5-7-3.5"[31m
                    [36m/>[31m
                  [36m</svg>[31m
                  [36m<p[31m
                    [33mclass[31m=[32m"MuiTypography-root MuiTypography-body2 css-1gi1fdj-MuiTypography-root"[31m
                  [36m>[31m
                    [0m利用者[0m
                  [36m</p>[31m
                  [36m<div[31m
                    [33mclass[31m=[32m"MuiChip-root MuiChip-outlined MuiChip-sizeSmall MuiChip-colorDefault MuiChip-outlinedDefault css-8m2o99-MuiChip-root"[31m
                    [33mdata-testid[31m=[32m"selection-count"[31m
                  [36m>[31m
                    [36m<span[31m
                      [33mclass[31m=[32m"MuiChip-label MuiChip-labelSmall css-19m61dl-MuiChip-label"[31m
                    [36m>[31m
                      [0m0人選択中[0m
                    [36m</span>[31m
                  [36m</div>[31m
                  [36m<div[31m
                    [33mclass[31m=[32m"MuiChip-root MuiChip-outlined MuiChip-sizeSmall MuiChip-colorSuccess MuiChip-outlinedSuccess css-fko4l-MuiChip-root"[31m
                  [36m>[31m
                    [36m<span[31m
                      [33mclass[31m=[32m"MuiChip-label MuiChip-labelSmall css-19m61dl-MuiChip-label"[31m
       ...

Ignored nodes: comments, script, style
[36m<html>[31m
  [36m<head>[31m
    [36m<meta[31m
      [33mcontent[31m=[32m""[31m
      [33mname[31m=[32m"emotion-insertion-point"[31m
    [36m/>[31m
  [36m</head>[31m
  [36m<body>[31m
    [36m<div>[31m
      [36m<div[31m
        [33mclass[31m=[32m"MuiFormControl-root MuiTextField-root css-1xp5r68-MuiFormControl-root-MuiTextField-root"[31m
      [36m>[31m
        [36m<label[31m
          [33mclass[31m=[32m"MuiFormLabel-root MuiInputLabel-root MuiInputLabel-formControl MuiInputLabel-animated MuiInputLabel-shrink MuiInputLabel-sizeSmall MuiInputLabel-outlined MuiFormLabel-colorPrimary MuiFormLabel-filled MuiInputLabel-root MuiInputLabel-formControl MuiInputLabel-animated MuiInputLabel-shrink MuiInputLabel-sizeSmall MuiInputLabel-outlined css-hvjq6j-MuiFormLabel-root-MuiInputLabel-root"[31m
          [33mdata-shrink[31m=[32m"true"[31m
          [33mfor[31m=[32m":r5u:"[31m
          [33mid[31m=[32m":r5u:-label"[31m
        [36m>[31m
          [0m記録日[0m
        [36m</label>[31m
        [36m<div[31m
          [33mclass[31m=[32m"MuiInputBase-root MuiOutlinedInput-root MuiInputBase-colorPrimary MuiInputBase-formControl MuiInputBase-sizeSmall css-quhxjy-MuiInputBase-root-MuiOutlinedInput-root"[31m
        [36m>[31m
          [36m<input[31m
            [33maria-invalid[31m=[32m"false"[31m
            [33mclass[31m=[32m"MuiInputBase-input MuiOutlinedInput-input MuiInputBase-inputSizeSmall css-1pzfmz2-MuiInputBase-input-MuiOutlinedInput-input"[31m
            [33mid[31m=[32m":r5u:"[31m
            [33mtype[31m=[32m"date"[31m
            [33mvalue[31m=[32m"2024-01-01"[31m
          [36m/>[31m
          [36m<fieldset[31m
            [33maria-hidden[31m=[32m"true"[31m
            [33mclass[31m=[32m"MuiOutlinedInput-notchedOutline css-18p5xg2-MuiNotchedOutlined-root-MuiOutlinedInput-notchedOutline"[31m
          [36m>[31m
            [36m<legend[31m
              [33mclass[31m=[32m"css-ex8a5f-MuiNotchedOutlined-root"[31m
            [36m>[31m
              [36m<span>[31m
                [0m記録日[0m
              [36m</span>[31m
            [36m</legend>[31m
          [36m</fieldset>[31m
        [36m</div>[31m
      [36m</div>[31m
      [36m<div[31m
        [33mclass[31m=[32m"MuiFormControl-root MuiTextField-root css-1xp5r68-MuiFormControl-root-MuiTextField-root"[31m
      [36m>[31m
        [36m<label[31m
          [33mclass[31m=[32m"MuiFormLabel-root MuiInputLabel-root MuiInputLabel-formControl MuiInputLabel-animated MuiInputLabel-sizeSmall MuiInputLabel-outlined MuiFormLabel-colorPrimary MuiInputLabel-root MuiInputLabel-formControl MuiInputLabel-animated MuiInputLabel-sizeSmall MuiInputLabel-outlined css-1kfabtt-MuiFormLabel-root-MuiInputLabel-root"[31m
          [33mdata-shrink[31m=[32m"false"[31m
          [33mfor[31m=[32m":r5v:"[31m
          [33mid[31m=[32m":r5v:-label"[31m
        [36m>[31m
          [0m記録者名[0m
        [36m</label>[31m
        [36m<div[31m
          [33mclass[31m=[32m"MuiInputBase-root MuiOutlinedInput-root MuiInputBase-colorPrimary MuiInputBase-formControl MuiInputBase-sizeSmall css-quhxjy-MuiInputBase-root-MuiOutlinedInput-root"[31m
        [36m>[31m
          [36m<input[31m
            [33maria-invalid[31m=[32m"false"[31m
            [33mclass[31m=[32m"MuiInputBase-input MuiOutlinedInput-input MuiInputBase-inputSizeSmall css-1pzfmz2-MuiInputBase-input-MuiOutlinedInput-input"[31m
            [33mid[31m=[32m":r5v:"[31m
            [33mtype[31m=[32m"text"[31m
            [33mvalue[31m=[32m""[31m
          [36m/>[31m
          [36m<fieldset[31m
            [33maria-hidden[31m=[32m"true"[31m
            [33mclass[31m=[32m"MuiOutlinedInput-notchedOutline css-18p5xg2-MuiNotchedOutlined-root-MuiOutlinedInput-notchedOutline"[31m
          [36m>[31m
            [36m<legend[31m
              [33mclass[31m=[32m"css-1n64csd-MuiNotchedOutlined-root"[31m
            [36m>[31m
              [36m<span>[31m
                [0m記録者名[0m
              [36m</span>[31m
            [36m</legend>[31m
          [36m</fieldset>[31m
        [36m</div>[31m
      [36m</div>[31m
      [36m<div[31m
        [33mclass[31m=[32m"MuiBox-root css-1sm2s1z"[31m
        [33mdata-testid[31m=[32m"daily-table-record-form"[31m
      [36m>[31m
        [36m<div[31m
          [33mclass[31m=[32m"MuiDialogContent-root MuiDialogContent-dividers css-ggw484-MuiDialogContent-root"[31m
        [36m>[31m
          [36m<div[31m
            [33mclass[31m=[32m"MuiStack-root css-1r627vw-MuiStack-root"[31m
          [36m>[31m
            [36m<div[31m
              [33mclass[31m=[32m"MuiStack-root css-95rbei-MuiStack-root"[31m
            [36m>[31m
              [36m<div[31m
                [33mclass[31m=[32m"MuiBox-root css-1rr4qq7"[31m
              [36m>[31m
                [36m<div[31m
                  [33mclass[31m=[32m"MuiBox-root css-0"[31m
                [36m>[31m
                  [36m<div[31m
                    [33mclass[31m=[32m"MuiStack-root css-1ti6by-MuiStack-root"[31m
                    [33mdata-testid[31m=[32m"user-picker-summary"[31m
                  [36m>[31m
                    [36m<svg[31m
                      [33maria-hidden[31m=[32m"true"[31m
                      [33mclass[31m=[32m"MuiSvgIcon-root MuiSvgIcon-colorAction MuiSvgIcon-fontSizeSmall css-97maqu-MuiSvgIcon-root"[31m
                      [33mdata-testid[31m=[32m"GroupIcon"[31m
                      [33mfocusable[31m=[32m"false"[31m
                      [33mviewBox[31m=[32m"0 0 24 24"[31m
                    [36m>[31m
                      [36m<path[31m
                        [33md[31m=[32m"M16 11c1.66 0 2.99-1.34 2.99-3S17.66 5 16 5s-3 1.34-3 3 1.34 3 3 3m-8 0c1.66 0 2.99-1.34 2.99-3S9.66 5 8 5 5 6.34 5 8s1.34 3 3 3m0 2c-2.33 0-7 1.17-7 3.5V19h14v-2.5c0-2.33-4.67-3.5-7-3.5m8 0c-.29 0-.62.02-.97.05 1.16.84 1.97 1.97 1.97 3.45V19h6v-2.5c0-2.33-4.67-3.5-7-3.5"[31m
                      [36m/>[31m
                    [36m</svg>[31m
                    [36m<p[31m
                      [33mclass[31m=[32m"MuiTypography-root MuiTypography-body2 css-1gi1fdj-MuiTypography-root"[31m
                    [36m>[31m
                      [0m利用者[0m
                    [36m</p>[31m
                    [36m<div[31m
                      [33mclass[31m=[32m"MuiChip-root MuiChip-outlined MuiChip-sizeSmall MuiChip-colorDefault MuiChip-outlinedDefault css-8m2o99-MuiChip-root"[31m
                      [33mdata-testid[31m=[32m"selection-count"[31m
                    [36m>[31m
                      [36m<span[31m
                        [33mclass[31m=[32m"MuiChip-label MuiChip-labelSmall css-19m61dl-MuiChip-label"[31m
                      [36m>[31m
                        [0m0人選択中[0m
                      [36m...[39m
 [31m×[39m src/features/daily/__tests__/TableDailyRecordForm.test.tsx[2m > [22mTableDailyRecordForm[2m > [22mAttendance Day Filter[2m > [22mshould show all users when attendance filter is disabled[32m 52[2mms[22m[39m
[31m   → Unable to find an element with the text: 田中 太郎 (U001). This could be because the text is broken up by multiple elements. In this case, you can provide a function for your text matcher to make your matcher more flexible.

Ignored nodes: comments, script, style
[36m<div[31m
  [33mclass[31m=[32m"MuiBox-root css-t2vfs4"[31m
  [33mdata-testid[31m=[32m"daily-table-record-form-user-list"[31m
[36m>[31m
  [36m<p[31m
    [33mclass[31m=[32m"MuiTypography-root MuiTypography-body2 css-1n8t1zf-MuiTypography-root"[31m
  [36m>[31m
    [0m該当する利用者が見つかりません[0m
  [36m</p>[31m
[36m</div>[31m[39m

[2m Test Files [22m [1m[31m1 failed[39m[22m[90m (1)[39m
[2m      Tests [22m [1m[31m18 failed[39m[22m[2m | [22m[1m[32m4 passed[39m[22m[90m (22)[39m
[2m   Start at [22m 09:24:40
[2m   Duration [22m 72.13s[2m (transform 681ms, setup 502ms, import 6.91s, tests 64.27s, environment 330ms)[22m

