
Running 1 test using 1 worker

Navigating to /admin/status...
--- PAGE STATE ---
URL: http://localhost:5173/admin/status
Title: Platform | 繧ｯ繝ｭ繝弱・繝・Link
Body contains "迺ｰ蠅・ｨｺ譁ｭ": true
Body contains "邱丞粋蛻､螳・: true
--- SYSTEM HEALTH DIAGNOSTICS ---
{
  "overall": "FAIL",
  "results": [
    {
      "label": "蠢・育腸蠅・､画焚",
      "status": "PASS",
      "detail": "蠢・医・迺ｰ蠅・､画焚縺ｯ謠・▲縺ｦ縺・∪縺吶・
    },
    {
      "label": "蠢・育腸蠅・､画焚",
      "status": "PASS",
      "detail": "蠢・医・迺ｰ蠅・､画焚縺ｯ謠・▲縺ｦ縺・∪縺吶・
    },
    {
      "label": "繝・Φ繝励Ξ蛟､谿句ｭ倥メ繧ｧ繝・け",
      "status": "PASS",
      "detail": "繝・Φ繝励Ξ蛟､・・yourtenant> 遲会ｼ峨・谿句ｭ倥・隕九▽縺九ｊ縺ｾ縺帙ｓ縺ｧ縺励◆縲・
    },
    {
      "label": "繝ｩ繝ｳ繧ｿ繧､繝迺ｰ蠅・､画焚",
      "status": "PASS",
      "detail": "繝ｩ繝ｳ繧ｿ繧､繝迺ｰ蠅・､画焚縺瑚ｪｭ縺ｿ霎ｼ縺ｾ繧後※縺・∪縺吶・
    },
    {
      "label": "譛ｬ逡ｪ縺ｧ縺ｮE2E繝｢繝・け豺ｷ蜈･",
      "status": "FAIL",
      "detail": "譛ｬ逡ｪ逶ｸ蠖鍋腸蠅・〒 E2E 繝｢繝・け縺梧怏蜉ｹ縺ｫ縺ｪ縺｣縺ｦ縺・∪縺吶ら┌蜉ｹ蛹悶＠縺ｦ縺上□縺輔＞縲・
    },
    {
      "label": "隱崎ｨｼ・・urrentUser・・,
      "status": "PASS",
      "detail": "繧ｵ繧､繝ｳ繧､繝ｳ繧堤｢ｺ隱阪＠縺ｾ縺励◆・哺ock User"
    },
    {
      "label": "繧ｵ繧､繝亥芦驕費ｼ・eb title・・,
      "status": "PASS",
      "detail": "繧ｵ繧､繝医↓蛻ｰ驕斐＠縺ｾ縺励◆・・untitled)"
    },
    {
      "label": "繝ｪ繧ｹ繝亥ｭ伜惠・壼茜逕ｨ閠・・繧ｹ繧ｿ",
      "status": "PASS",
      "detail": "繝ｪ繧ｹ繝医′隕九▽縺九ｊ縺ｾ縺励◆縲・
    },
    {
      "label": "繧ｹ繧ｭ繝ｼ繝橸ｼ・locked・会ｼ壼茜逕ｨ閠・・繧ｹ繧ｿ",
      "status": "WARN",
      "detail": "蠢・亥・縺御ｸ崎ｶｳ縺励※縺・∪縺吶′縲￣rovisioning 縺ｯ諢丞峙逧・↓繝悶Ο繝・け縺輔ｌ縺ｦ縺・∪縺呻ｼ・locked Provisioning・峨・
    },
    {
      "label": "讓ｩ髯撰ｼ啌ead・亥茜逕ｨ閠・・繧ｹ繧ｿ・・,
      "status": "PASS",
      "detail": "髢ｲ隕ｧ・・ead・峨ｒ遒ｺ隱阪＠縺ｾ縺励◆縲・
    },
    {
      "label": "讓ｩ髯撰ｼ咾reate・亥茜逕ｨ閠・・繧ｹ繧ｿ・・,
      "status": "PASS",
      "detail": "菴懈・・・reate・峨ｒ遒ｺ隱阪＠縺ｾ縺励◆縲・
    },
    {
      "label": "讓ｩ髯撰ｼ啅pdate・亥茜逕ｨ閠・・繧ｹ繧ｿ・・,
      "status": "PASS",
      "detail": "譖ｴ譁ｰ・・pdate・峨ｒ遒ｺ隱阪＠縺ｾ縺励◆縲・
    },
    {
      "label": "讓ｩ髯撰ｼ咼elete・亥茜逕ｨ閠・・繧ｹ繧ｿ・・,
      "status": "PASS",
      "detail": "蜑企勁・・elete・峨ｒ遒ｺ隱阪＠縺ｾ縺励◆縲・
    },
    {
      "label": "繝ｪ繧ｹ繝亥ｭ伜惠・壼茜逕ｨ閠・∬ｿ手ｨｭ螳・,
      "status": "PASS",
      "detail": "繝ｪ繧ｹ繝医′隕九▽縺九ｊ縺ｾ縺励◆縲・
    },
    {
      "label": "繧ｹ繧ｭ繝ｼ繝橸ｼ・locked・会ｼ壼茜逕ｨ閠・∬ｿ手ｨｭ螳・,
      "status": "WARN",
      "detail": "蠢・亥・縺御ｸ崎ｶｳ縺励※縺・∪縺吶′縲￣rovisioning 縺ｯ諢丞峙逧・↓繝悶Ο繝・け縺輔ｌ縺ｦ縺・∪縺呻ｼ・locked Provisioning・峨・
    },
    {
      "label": "讓ｩ髯撰ｼ啌ead・亥茜逕ｨ閠・∬ｿ手ｨｭ螳夲ｼ・,
      "status": "PASS",
      "detail": "髢ｲ隕ｧ・・ead・峨ｒ遒ｺ隱阪＠縺ｾ縺励◆縲・
    },
    {
      "label": "讓ｩ髯撰ｼ咾reate・亥茜逕ｨ閠・∬ｿ手ｨｭ螳夲ｼ・,
      "status": "FAIL",
      "detail": "菴懈・・・reate・画ｨｩ髯舌′縺ゅｊ縺ｾ縺帙ｓ縲ゅ占ｦ∫ｮ｡逅・・ｯｾ蠢懊・
    },
    {
      "label": "繝ｪ繧ｹ繝亥ｭ伜惠・壼茜逕ｨ閠・髪邨ｦ驥上・繝ｭ繝輔ぃ繧､繝ｫ",
      "status": "PASS",
      "detail": "繝ｪ繧ｹ繝医′隕九▽縺九ｊ縺ｾ縺励◆縲・
    },
    {
      "label": "繧ｹ繧ｭ繝ｼ繝橸ｼ・locked・会ｼ壼茜逕ｨ閠・髪邨ｦ驥上・繝ｭ繝輔ぃ繧､繝ｫ",
      "status": "WARN",
      "detail": "蠢・亥・縺御ｸ崎ｶｳ縺励※縺・∪縺吶′縲￣rovisioning 縺ｯ諢丞峙逧・↓繝悶Ο繝・け縺輔ｌ縺ｦ縺・∪縺呻ｼ・locked Provisioning・峨・
    },
    {
      "label": "讓ｩ髯撰ｼ啌ead・亥茜逕ｨ閠・髪邨ｦ驥上・繝ｭ繝輔ぃ繧､繝ｫ・・,
      "status": "PASS",
      "detail": "髢ｲ隕ｧ・・ead・峨ｒ遒ｺ隱阪＠縺ｾ縺励◆縲・
    },
    {
      "label": "讓ｩ髯撰ｼ咾reate・亥茜逕ｨ閠・髪邨ｦ驥上・繝ｭ繝輔ぃ繧､繝ｫ・・,
      "status": "FAIL",
      "detail": "菴懈・・・reate・画ｨｩ髯舌′縺ゅｊ縺ｾ縺帙ｓ縲ゅ占ｦ∫ｮ｡逅・・ｯｾ蠢懊・
    },
    {
      "label": "繝ｪ繧ｹ繝亥ｭ伜惠・夊・蜩｡繝槭せ繧ｿ",
      "status": "PASS",
      "detail": "繝ｪ繧ｹ繝医′隕九▽縺九ｊ縺ｾ縺励◆縲・
    },
    {
      "label": "繧ｹ繧ｭ繝ｼ繝橸ｼ・locked・会ｼ夊・蜩｡繝槭せ繧ｿ",
      "status": "WARN",
      "detail": "蠢・亥・縺御ｸ崎ｶｳ縺励※縺・∪縺吶′縲￣rovisioning 縺ｯ諢丞峙逧・↓繝悶Ο繝・け縺輔ｌ縺ｦ縺・∪縺呻ｼ・locked Provisioning・峨・
    },
    {
      "label": "讓ｩ髯撰ｼ啌ead・郁・蜩｡繝槭せ繧ｿ・・,
      "status": "PASS",
      "detail": "髢ｲ隕ｧ・・ead・峨ｒ遒ｺ隱阪＠縺ｾ縺励◆縲・
    },
    {
      "label": "讓ｩ髯撰ｼ啗rite・郁・蜩｡繝槭せ繧ｿ・・,
      "status": "PASS",
      "detail": "縺薙・繝ｪ繧ｹ繝医・縲√い繝励Μ蛛ｴ險ｭ螳壹〒縲瑚ｪｭ縺ｿ蜿悶ｊ蟆ら畑縲阪→縺励※螳夂ｾｩ縺輔ｌ縺ｦ縺・∪縺呻ｼ域嶌縺崎ｾｼ縺ｿ繝・せ繝医ｒ繧ｹ繧ｭ繝・・・峨・
    },
    {
      "label": "繝ｪ繧ｹ繝亥ｭ伜惠・夂ｵ・ｹ斐・繧ｹ繧ｿ",
      "status": "PASS",
      "detail": "繝ｪ繧ｹ繝医′隕九▽縺九ｊ縺ｾ縺励◆縲・
    },
    {
      "label": "繧ｹ繧ｭ繝ｼ繝橸ｼ・locked・会ｼ夂ｵ・ｹ斐・繧ｹ繧ｿ",
      "status": "WARN",
      "detail": "蠢・亥・縺御ｸ崎ｶｳ縺励※縺・∪縺吶′縲￣rovisioning 縺ｯ諢丞峙逧・↓繝悶Ο繝・け縺輔ｌ縺ｦ縺・∪縺呻ｼ・locked Provisioning・峨・
    },
    {
      "label": "讓ｩ髯撰ｼ啌ead・育ｵ・ｹ斐・繧ｹ繧ｿ・・,
      "status": "PASS",
      "detail": "髢ｲ隕ｧ・・ead・峨ｒ遒ｺ隱阪＠縺ｾ縺励◆縲・
    },
    {
      "label": "讓ｩ髯撰ｼ啗rite・育ｵ・ｹ斐・繧ｹ繧ｿ・・,
      "status": "PASS",
      "detail": "縺薙・繝ｪ繧ｹ繝医・縲√い繝励Μ蛛ｴ險ｭ螳壹〒縲瑚ｪｭ縺ｿ蜿悶ｊ蟆ら畑縲阪→縺励※螳夂ｾｩ縺輔ｌ縺ｦ縺・∪縺呻ｼ域嶌縺崎ｾｼ縺ｿ繝・せ繝医ｒ繧ｹ繧ｭ繝・・・峨・
    },
    {
      "label": "繝ｪ繧ｹ繝亥ｭ伜惠・夂･晄律繝ｻ莨第･ｭ譌･繝槭せ繧ｿ",
      "status": "PASS",
      "detail": "繝ｪ繧ｹ繝医′隕九▽縺九ｊ縺ｾ縺励◆縲・
    },
    {
      "label": "繧ｹ繧ｭ繝ｼ繝橸ｼ・locked・会ｼ夂･晄律繝ｻ莨第･ｭ譌･繝槭せ繧ｿ",
      "status": "WARN",
      "detail": "蠢・亥・縺御ｸ崎ｶｳ縺励※縺・∪縺吶′縲￣rovisioning 縺ｯ諢丞峙逧・↓繝悶Ο繝・け縺輔ｌ縺ｦ縺・∪縺呻ｼ・locked Provisioning・峨・
    },
    {
      "label": "讓ｩ髯撰ｼ啌ead・育･晄律繝ｻ莨第･ｭ譌･繝槭せ繧ｿ・・,
      "status": "PASS",
      "detail": "髢ｲ隕ｧ・・ead・峨ｒ遒ｺ隱阪＠縺ｾ縺励◆縲・
    },
    {
      "label": "讓ｩ髯撰ｼ啗rite・育･晄律繝ｻ莨第･ｭ譌･繝槭せ繧ｿ・・,
      "status": "PASS",
      "detail": "縺薙・繝ｪ繧ｹ繝医・縲√い繝励Μ蛛ｴ險ｭ螳壹〒縲瑚ｪｭ縺ｿ蜿悶ｊ蟆ら畑縲阪→縺励※螳夂ｾｩ縺輔ｌ縺ｦ縺・∪縺呻ｼ域嶌縺崎ｾｼ縺ｿ繝・せ繝医ｒ繧ｹ繧ｭ繝・・・峨・
    },
    {
      "label": "繝ｪ繧ｹ繝亥ｭ伜惠・壽律谺｡謾ｯ謠ｴ險倬鹸 (隕ｪ/邨ｱ諡ｬ)",
      "status": "PASS",
      "detail": "繝ｪ繧ｹ繝医′隕九▽縺九ｊ縺ｾ縺励◆縲・
    },
    {
      "label": "繧ｹ繧ｭ繝ｼ繝橸ｼ・locked・会ｼ壽律谺｡謾ｯ謠ｴ險倬鹸 (隕ｪ/邨ｱ諡ｬ)",
      "status": "WARN",
      "detail": "蠢・亥・縺御ｸ崎ｶｳ縺励※縺・∪縺吶′縲￣rovisioning 縺ｯ諢丞峙逧・↓繝悶Ο繝・け縺輔ｌ縺ｦ縺・∪縺呻ｼ・locked Provisioning・峨・
    },
    {
      "label": "讓ｩ髯撰ｼ啌ead・域律谺｡謾ｯ謠ｴ險倬鹸 (隕ｪ/邨ｱ諡ｬ)・・,
      "status": "PASS",
      "detail": "髢ｲ隕ｧ・・ead・峨ｒ遒ｺ隱阪＠縺ｾ縺励◆縲・
    },
    {
      "label": "讓ｩ髯撰ｼ咾reate・域律谺｡謾ｯ謠ｴ險倬鹸 (隕ｪ/邨ｱ諡ｬ)・・,
      "status": "PASS",
      "detail": "菴懈・・・reate・峨ｒ遒ｺ隱阪＠縺ｾ縺励◆縲・
    },
    {
      "label": "讓ｩ髯撰ｼ啅pdate・域律谺｡謾ｯ謠ｴ險倬鹸 (隕ｪ/邨ｱ諡ｬ)・・,
      "status": "PASS",
      "detail": "譖ｴ譁ｰ・・pdate・峨ｒ遒ｺ隱阪＠縺ｾ縺励◆縲・
    },
    {
      "label": "讓ｩ髯撰ｼ咼elete・域律谺｡謾ｯ謠ｴ險倬鹸 (隕ｪ/邨ｱ諡ｬ)・・,
      "status": "PASS",
      "detail": "蜑企勁・・elete・峨ｒ遒ｺ隱阪＠縺ｾ縺励◆縲・
    },
    {
      "label": "繝ｪ繧ｹ繝亥ｭ伜惠・壽髪謠ｴ謇矩・ｨ倬鹸 (ISP隧ｳ邏ｰ)",
      "status": "PASS",
      "detail": "繝ｪ繧ｹ繝医′隕九▽縺九ｊ縺ｾ縺励◆縲・
    },
    {
      "label": "繧ｹ繧ｭ繝ｼ繝橸ｼ・locked・会ｼ壽髪謠ｴ謇矩・ｨ倬鹸 (ISP隧ｳ邏ｰ)",
      "status": "WARN",
      "detail": "蠢・亥・縺御ｸ崎ｶｳ縺励※縺・∪縺吶′縲￣rovisioning 縺ｯ諢丞峙逧・↓繝悶Ο繝・け縺輔ｌ縺ｦ縺・∪縺呻ｼ・locked Provisioning・峨・
    },
    {
      "label": "讓ｩ髯撰ｼ啌ead・域髪謠ｴ謇矩・ｨ倬鹸 (ISP隧ｳ邏ｰ)・・,
      "status": "PASS",
      "detail": "髢ｲ隕ｧ・・ead・峨ｒ遒ｺ隱阪＠縺ｾ縺励◆縲・
    },
    {
      "label": "讓ｩ髯撰ｼ咾reate・域髪謠ｴ謇矩・ｨ倬鹸 (ISP隧ｳ邏ｰ)・・,
      "status": "FAIL",
      "detail": "菴懈・・・reate・画ｨｩ髯舌′縺ゅｊ縺ｾ縺帙ｓ縲ゅ占ｦ∫ｮ｡逅・・ｯｾ蠢懊・
    },
    {
      "label": "繝ｪ繧ｹ繝亥ｭ伜惠・壽律谺｡謾ｯ謠ｴ險倬鹸 (隧ｳ邏ｰ陦・",
      "status": "PASS",
      "detail": "繝ｪ繧ｹ繝医′隕九▽縺九ｊ縺ｾ縺励◆縲・
    },
    {
      "label": "繧ｹ繧ｭ繝ｼ繝橸ｼ・locked・会ｼ壽律谺｡謾ｯ謠ｴ險倬鹸 (隧ｳ邏ｰ陦・",
      "status": "WARN",
      "detail": "蠢・亥・縺御ｸ崎ｶｳ縺励※縺・∪縺吶′縲￣rovisioning 縺ｯ諢丞峙逧・↓繝悶Ο繝・け縺輔ｌ縺ｦ縺・∪縺呻ｼ・locked Provisioning・峨・
    },
    {
      "label": "讓ｩ髯撰ｼ啌ead・域律谺｡謾ｯ謠ｴ險倬鹸 (隧ｳ邏ｰ陦・・・,
      "status": "PASS",
      "detail": "髢ｲ隕ｧ・・ead・峨ｒ遒ｺ隱阪＠縺ｾ縺励◆縲・
    },
    {
      "label": "讓ｩ髯撰ｼ咾reate・域律谺｡謾ｯ謠ｴ險倬鹸 (隧ｳ邏ｰ陦・・・,
      "status": "FAIL",
      "detail": "菴懈・・・reate・画ｨｩ髯舌′縺ゅｊ縺ｾ縺帙ｓ縲ゅ占ｦ∫ｮ｡逅・・ｯｾ蠢懊・
    },
    {
      "label": "繝ｪ繧ｹ繝亥ｭ伜惠・壽律谺｡豢ｻ蜍戊ｨ倬鹸",
      "status": "PASS",
      "detail": "繝ｪ繧ｹ繝医′隕九▽縺九ｊ縺ｾ縺励◆縲・
    },
    {
      "label": "繧ｹ繧ｭ繝ｼ繝橸ｼ・locked・会ｼ壽律谺｡豢ｻ蜍戊ｨ倬鹸",
      "status": "WARN",
      "detail": "蠢・亥・縺御ｸ崎ｶｳ縺励※縺・∪縺吶′縲￣rovisioning 縺ｯ諢丞峙逧・↓繝悶Ο繝・け縺輔ｌ縺ｦ縺・∪縺呻ｼ・locked Provisioning・峨・
    },
    {
      "label": "讓ｩ髯撰ｼ啌ead・域律谺｡豢ｻ蜍戊ｨ倬鹸・・,
      "status": "PASS",
      "detail": "髢ｲ隕ｧ・・ead・峨ｒ遒ｺ隱阪＠縺ｾ縺励◆縲・
    },
    {
      "label": "讓ｩ髯撰ｼ咾reate・域律谺｡豢ｻ蜍戊ｨ倬鹸・・,
      "status": "FAIL",
      "detail": "菴懈・・・reate・画ｨｩ髯舌′縺ゅｊ縺ｾ縺帙ｓ縲ゅ占ｦ∫ｮ｡逅・・ｯｾ蠢懊・
    },
    {
      "label": "繝ｪ繧ｹ繝亥ｭ伜惠・壹し繝ｼ繝薙せ謠蝉ｾ帛ｮ溽ｸｾ",
      "status": "PASS",
      "detail": "繝ｪ繧ｹ繝医′隕九▽縺九ｊ縺ｾ縺励◆縲・
    },
    {
      "label": "繧ｹ繧ｭ繝ｼ繝橸ｼ・locked・会ｼ壹し繝ｼ繝薙せ謠蝉ｾ帛ｮ溽ｸｾ",
      "status": "WARN",
      "detail": "蠢・亥・縺御ｸ崎ｶｳ縺励※縺・∪縺吶′縲￣rovisioning 縺ｯ諢丞峙逧・↓繝悶Ο繝・け縺輔ｌ縺ｦ縺・∪縺呻ｼ・locked Provisioning・峨・
    },
    {
      "label": "讓ｩ髯撰ｼ啌ead・医し繝ｼ繝薙せ謠蝉ｾ帛ｮ溽ｸｾ・・,
      "status": "PASS",
      "detail": "髢ｲ隕ｧ・・ead・峨ｒ遒ｺ隱阪＠縺ｾ縺励◆縲・
    },
    {
      "label": "讓ｩ髯撰ｼ咾reate・医し繝ｼ繝薙せ謠蝉ｾ帛ｮ溽ｸｾ・・,
      "status": "FAIL",
      "detail": "菴懈・・・reate・画ｨｩ髯舌′縺ゅｊ縺ｾ縺帙ｓ縲ゅ占ｦ∫ｮ｡逅・・ｯｾ蠢懊・
    },
    {
      "label": "繝ｪ繧ｹ繝亥ｭ伜惠・壽ｴｻ蜍墓律隱・,
      "status": "PASS",
      "detail": "繝ｪ繧ｹ繝医′隕九▽縺九ｊ縺ｾ縺励◆縲・
    },
    {
      "label": "繧ｹ繧ｭ繝ｼ繝橸ｼ・locked・会ｼ壽ｴｻ蜍墓律隱・,
      "status": "WARN",
      "detail": "蠢・亥・縺御ｸ崎ｶｳ縺励※縺・∪縺吶′縲￣rovisioning 縺ｯ諢丞峙逧・↓繝悶Ο繝・け縺輔ｌ縺ｦ縺・∪縺呻ｼ・locked Provisioning・峨・
    },
    {
      "label": "讓ｩ髯撰ｼ啌ead・域ｴｻ蜍墓律隱鯉ｼ・,
      "status": "PASS",
      "detail": "髢ｲ隕ｧ・・ead・峨ｒ遒ｺ隱阪＠縺ｾ縺励◆縲・
    },
    {
      "label": "讓ｩ髯撰ｼ咾reate・域ｴｻ蜍墓律隱鯉ｼ・,
      "status": "FAIL",
      "detail": "菴懈・・・reate・画ｨｩ髯舌′縺ゅｊ縺ｾ縺帙ｓ縲ゅ占ｦ∫ｮ｡逅・・ｯｾ蠢懊・
    },
    {
      "label": "繝ｪ繧ｹ繝亥ｭ伜惠・壽律谺｡蜃ｺ谺",
      "status": "PASS",
      "detail": "繝ｪ繧ｹ繝医′隕九▽縺九ｊ縺ｾ縺励◆縲・
    },
    {
      "label": "繧ｹ繧ｭ繝ｼ繝橸ｼ・locked・会ｼ壽律谺｡蜃ｺ谺",
      "status": "WARN",
      "detail": "蠢・亥・縺御ｸ崎ｶｳ縺励※縺・∪縺吶′縲￣rovisioning 縺ｯ諢丞峙逧・↓繝悶Ο繝・け縺輔ｌ縺ｦ縺・∪縺呻ｼ・locked Provisioning・峨・
    },
    {
      "label": "讓ｩ髯撰ｼ啌ead・域律谺｡蜃ｺ谺・・,
      "status": "PASS",
      "detail": "髢ｲ隕ｧ・・ead・峨ｒ遒ｺ隱阪＠縺ｾ縺励◆縲・
    },
    {
      "label": "讓ｩ髯撰ｼ咾reate・域律谺｡蜃ｺ谺・・,
      "status": "FAIL",
      "detail": "菴懈・・・reate・画ｨｩ髯舌′縺ゅｊ縺ｾ縺帙ｓ縲ゅ占ｦ∫ｮ｡逅・・ｯｾ蠢懊・
    },
    {
      "label": "繝ｪ繧ｹ繝亥ｭ伜惠・壼・蟶ｭ邂｡逅・Θ繝ｼ繧ｶ繝ｼ",
      "status": "PASS",
      "detail": "繝ｪ繧ｹ繝医′隕九▽縺九ｊ縺ｾ縺励◆縲・
    },
    {
      "label": "繧ｹ繧ｭ繝ｼ繝橸ｼ・locked・会ｼ壼・蟶ｭ邂｡逅・Θ繝ｼ繧ｶ繝ｼ",
      "status": "WARN",
      "detail": "蠢・亥・縺御ｸ崎ｶｳ縺励※縺・∪縺吶′縲￣rovisioning 縺ｯ諢丞峙逧・↓繝悶Ο繝・け縺輔ｌ縺ｦ縺・∪縺呻ｼ・locked Provisioning・峨・
    },
    {
      "label": "讓ｩ髯撰ｼ啌ead・亥・蟶ｭ邂｡逅・Θ繝ｼ繧ｶ繝ｼ・・,
      "status": "PASS",
      "detail": "髢ｲ隕ｧ・・ead・峨ｒ遒ｺ隱阪＠縺ｾ縺励◆縲・
    },
    {
      "label": "讓ｩ髯撰ｼ啗rite・亥・蟶ｭ邂｡逅・Θ繝ｼ繧ｶ繝ｼ・・,
      "status": "PASS",
      "detail": "縺薙・繝ｪ繧ｹ繝医・縲√い繝励Μ蛛ｴ險ｭ螳壹〒縲瑚ｪｭ縺ｿ蜿悶ｊ蟆ら畑縲阪→縺励※螳夂ｾｩ縺輔ｌ縺ｦ縺・∪縺呻ｼ域嶌縺崎ｾｼ縺ｿ繝・せ繝医ｒ繧ｹ繧ｭ繝・・・峨・
    },
    {
      "label": "繝ｪ繧ｹ繝亥ｭ伜惠・壽律谺｡蜃ｺ蟶ｭ隧ｳ邏ｰ",
      "status": "PASS",
      "detail": "繝ｪ繧ｹ繝医′隕九▽縺九ｊ縺ｾ縺励◆縲・
    },
    {
      "label": "繧ｹ繧ｭ繝ｼ繝橸ｼ・locked・会ｼ壽律谺｡蜃ｺ蟶ｭ隧ｳ邏ｰ",
      "status": "WARN",
      "detail": "蠢・亥・縺御ｸ崎ｶｳ縺励※縺・∪縺吶′縲￣rovisioning 縺ｯ諢丞峙逧・↓繝悶Ο繝・け縺輔ｌ縺ｦ縺・∪縺呻ｼ・locked Provisioning・峨・
    },
    {
      "label": "讓ｩ髯撰ｼ啌ead・域律谺｡蜃ｺ蟶ｭ隧ｳ邏ｰ・・,
      "status": "PASS",
      "detail": "髢ｲ隕ｧ・・ead・峨ｒ遒ｺ隱阪＠縺ｾ縺励◆縲・
    },
    {
      "label": "讓ｩ髯撰ｼ咾reate・域律谺｡蜃ｺ蟶ｭ隧ｳ邏ｰ・・,
      "status": "FAIL",
      "detail": "菴懈・・・reate・画ｨｩ髯舌′縺ゅｊ縺ｾ縺帙ｓ縲ゅ占ｦ∫ｮ｡逅・・ｯｾ蠢懊・
    },
    {
      "label": "繝ｪ繧ｹ繝亥ｭ伜惠・夊・蜩｡蜃ｺ蜍､邂｡逅・,
      "status": "PASS",
      "detail": "繝ｪ繧ｹ繝医′隕九▽縺九ｊ縺ｾ縺励◆縲・
    },
    {
      "label": "繧ｹ繧ｭ繝ｼ繝橸ｼ・locked・会ｼ夊・蜩｡蜃ｺ蜍､邂｡逅・,
      "status": "WARN",
      "detail": "蠢・亥・縺御ｸ崎ｶｳ縺励※縺・∪縺吶′縲￣rovisioning 縺ｯ諢丞峙逧・↓繝悶Ο繝・け縺輔ｌ縺ｦ縺・∪縺呻ｼ・locked Provisioning・峨・
    },
    {
      "label": "讓ｩ髯撰ｼ啌ead・郁・蜩｡蜃ｺ蜍､邂｡逅・ｼ・,
      "status": "PASS",
      "detail": "髢ｲ隕ｧ・・ead・峨ｒ遒ｺ隱阪＠縺ｾ縺励◆縲・
    },
    {
      "label": "讓ｩ髯撰ｼ咾reate・郁・蜩｡蜃ｺ蜍､邂｡逅・ｼ・,
      "status": "FAIL",
      "detail": "菴懈・・・reate・画ｨｩ髯舌′縺ゅｊ縺ｾ縺帙ｓ縲ゅ占ｦ∫ｮ｡逅・・ｯｾ蠢懊・
    },
    {
      "label": "繝ｪ繧ｹ繝亥ｭ伜惠・夐∬ｿ弱せ繝・・繧ｿ繧ｹ繝ｭ繧ｰ",
      "status": "PASS",
      "detail": "繝ｪ繧ｹ繝医′隕九▽縺九ｊ縺ｾ縺励◆縲・
    },
    {
      "label": "繧ｹ繧ｭ繝ｼ繝橸ｼ・locked・会ｼ夐∬ｿ弱せ繝・・繧ｿ繧ｹ繝ｭ繧ｰ",
      "status": "WARN",
      "detail": "蠢・亥・縺御ｸ崎ｶｳ縺励※縺・∪縺吶′縲￣rovisioning 縺ｯ諢丞峙逧・↓繝悶Ο繝・け縺輔ｌ縺ｦ縺・∪縺呻ｼ・locked Provisioning・峨・
    },
    {
      "label": "讓ｩ髯撰ｼ啌ead・磯∬ｿ弱せ繝・・繧ｿ繧ｹ繝ｭ繧ｰ・・,
      "status": "PASS",
      "detail": "髢ｲ隕ｧ・・ead・峨ｒ遒ｺ隱阪＠縺ｾ縺励◆縲・
    },
    {
      "label": "讓ｩ髯撰ｼ咾reate・磯∬ｿ弱せ繝・・繧ｿ繧ｹ繝ｭ繧ｰ・・,
      "status": "FAIL",
      "detail": "菴懈・・・reate・画ｨｩ髯舌′縺ゅｊ縺ｾ縺帙ｓ縲ゅ占ｦ∫ｮ｡逅・・ｯｾ蠢懊・
    },
    {
      "label": "繝ｪ繧ｹ繝亥ｭ伜惠・壹せ繧ｱ繧ｸ繝･繝ｼ繝ｫ",
      "status": "PASS",
      "detail": "繝ｪ繧ｹ繝医′隕九▽縺九ｊ縺ｾ縺励◆縲・
    },
    {
      "label": "繧ｹ繧ｭ繝ｼ繝橸ｼ・locked・会ｼ壹せ繧ｱ繧ｸ繝･繝ｼ繝ｫ",
      "status": "WARN",
      "detail": "蠢・亥・縺御ｸ崎ｶｳ縺励※縺・∪縺吶′縲￣rovisioning 縺ｯ諢丞峙逧・↓繝悶Ο繝・け縺輔ｌ縺ｦ縺・∪縺呻ｼ・locked Provisioning・峨・
    },
    {
      "label": "讓ｩ髯撰ｼ啌ead・医せ繧ｱ繧ｸ繝･繝ｼ繝ｫ・・,
      "status": "PASS",
      "detail": "髢ｲ隕ｧ・・ead・峨ｒ遒ｺ隱阪＠縺ｾ縺励◆縲・
    },
    {
      "label": "讓ｩ髯撰ｼ咾reate・医せ繧ｱ繧ｸ繝･繝ｼ繝ｫ・・,
      "status": "FAIL",
      "detail": "菴懈・・・reate・画ｨｩ髯舌′縺ゅｊ縺ｾ縺帙ｓ縲ゅ占ｦ∫ｮ｡逅・・ｯｾ蠢懊・
    },
    {
      "label": "繝ｪ繧ｹ繝亥ｭ伜惠・壻ｼ夊ｭｰ繧ｻ繝・す繝ｧ繝ｳ",
      "status": "PASS",
      "detail": "繝ｪ繧ｹ繝医′隕九▽縺九ｊ縺ｾ縺励◆縲・
    },
    {
      "label": "繧ｹ繧ｭ繝ｼ繝橸ｼ・locked・会ｼ壻ｼ夊ｭｰ繧ｻ繝・す繝ｧ繝ｳ",
      "status": "WARN",
      "detail": "蠢・亥・縺御ｸ崎ｶｳ縺励※縺・∪縺吶′縲￣rovisioning 縺ｯ諢丞峙逧・↓繝悶Ο繝・け縺輔ｌ縺ｦ縺・∪縺呻ｼ・locked Provisioning・峨・
    },
    {
      "label": "讓ｩ髯撰ｼ啌ead・井ｼ夊ｭｰ繧ｻ繝・す繝ｧ繝ｳ・・,
      "status": "PASS",
      "detail": "髢ｲ隕ｧ・・ead・峨ｒ遒ｺ隱阪＠縺ｾ縺励◆縲・
    },
    {
      "label": "讓ｩ髯撰ｼ咾reate・井ｼ夊ｭｰ繧ｻ繝・す繝ｧ繝ｳ・・,
      "status": "FAIL",
      "detail": "菴懈・・・reate・画ｨｩ髯舌′縺ゅｊ縺ｾ縺帙ｓ縲ゅ占ｦ∫ｮ｡逅・・ｯｾ蠢懊・
    },
    {
      "label": "繝ｪ繧ｹ繝亥ｭ伜惠・壻ｼ夊ｭｰ繧ｹ繝・ャ繝・,
      "status": "PASS",
      "detail": "繝ｪ繧ｹ繝医′隕九▽縺九ｊ縺ｾ縺励◆縲・
    },
    {
      "label": "繧ｹ繧ｭ繝ｼ繝橸ｼ・locked・会ｼ壻ｼ夊ｭｰ繧ｹ繝・ャ繝・,
      "status": "WARN",
      "detail": "蠢・亥・縺御ｸ崎ｶｳ縺励※縺・∪縺吶′縲￣rovisioning 縺ｯ諢丞峙逧・↓繝悶Ο繝・け縺輔ｌ縺ｦ縺・∪縺呻ｼ・locked Provisioning・峨・
    },
    {
      "label": "讓ｩ髯撰ｼ啌ead・井ｼ夊ｭｰ繧ｹ繝・ャ繝暦ｼ・,
      "status": "PASS",
      "detail": "髢ｲ隕ｧ・・ead・峨ｒ遒ｺ隱阪＠縺ｾ縺励◆縲・
    },
    {
      "label": "讓ｩ髯撰ｼ咾reate・井ｼ夊ｭｰ繧ｹ繝・ャ繝暦ｼ・,
      "status": "FAIL",
      "detail": "菴懈・・・reate・画ｨｩ髯舌′縺ゅｊ縺ｾ縺帙ｓ縲ゅ占ｦ∫ｮ｡逅・・ｯｾ蠢懊・
    },
    {
      "label": "繝ｪ繧ｹ繝亥ｭ伜惠・夊ｭｰ莠矩鹸",
      "status": "PASS",
      "detail": "繝ｪ繧ｹ繝医′隕九▽縺九ｊ縺ｾ縺励◆縲・
    },
    {
      "label": "繧ｹ繧ｭ繝ｼ繝橸ｼ・locked・会ｼ夊ｭｰ莠矩鹸",
      "status": "WARN",
      "detail": "蠢・亥・縺御ｸ崎ｶｳ縺励※縺・∪縺吶′縲￣rovisioning 縺ｯ諢丞峙逧・↓繝悶Ο繝・け縺輔ｌ縺ｦ縺・∪縺呻ｼ・locked Provisioning・峨・
    },
    {
      "label": "讓ｩ髯撰ｼ啌ead・郁ｭｰ莠矩鹸・・,
      "status": "PASS",
      "detail": "髢ｲ隕ｧ・・ead・峨ｒ遒ｺ隱阪＠縺ｾ縺励◆縲・
    },
    {
      "label": "讓ｩ髯撰ｼ咾reate・郁ｭｰ莠矩鹸・・,
      "status": "FAIL",
      "detail": "菴懈・・・reate・画ｨｩ髯舌′縺ゅｊ縺ｾ縺帙ｓ縲ゅ占ｦ∫ｮ｡逅・・ｯｾ蠢懊・
    },
    {
      "label": "繝ｪ繧ｹ繝亥ｭ伜惠・壼ｼ輔″邯吶℃",
      "status": "PASS",
      "detail": "繝ｪ繧ｹ繝医′隕九▽縺九ｊ縺ｾ縺励◆縲・
    },
    {
      "label": "繧ｹ繧ｭ繝ｼ繝橸ｼ・locked・会ｼ壼ｼ輔″邯吶℃",
      "status": "WARN",
      "detail": "蠢・亥・縺御ｸ崎ｶｳ縺励※縺・∪縺吶′縲￣rovisioning 縺ｯ諢丞峙逧・↓繝悶Ο繝・け縺輔ｌ縺ｦ縺・∪縺呻ｼ・locked Provisioning・峨・
    },
    {
      "label": "讓ｩ髯撰ｼ啌ead・亥ｼ輔″邯吶℃・・,
      "status": "PASS",
      "detail": "髢ｲ隕ｧ・・ead・峨ｒ遒ｺ隱阪＠縺ｾ縺励◆縲・
    },
    {
      "label": "讓ｩ髯撰ｼ咾reate・亥ｼ輔″邯吶℃・・,
      "status": "FAIL",
      "detail": "菴懈・・・reate・画ｨｩ髯舌′縺ゅｊ縺ｾ縺帙ｓ縲ゅ占ｦ∫ｮ｡逅・・ｯｾ蠢懊・
    },
    {
      "label": "繝ｪ繧ｹ繝亥ｭ伜惠・壽髪謠ｴ謇矩・ユ繝ｳ繝励Ξ繝ｼ繝・,
      "status": "PASS",
      "detail": "繝ｪ繧ｹ繝医′隕九▽縺九ｊ縺ｾ縺励◆縲・
    },
    {
      "label": "繧ｹ繧ｭ繝ｼ繝橸ｼ・locked・会ｼ壽髪謠ｴ謇矩・ユ繝ｳ繝励Ξ繝ｼ繝・,
      "status": "WARN",
      "detail": "蠢・亥・縺御ｸ崎ｶｳ縺励※縺・∪縺吶′縲￣rovisioning 縺ｯ諢丞峙逧・↓繝悶Ο繝・け縺輔ｌ縺ｦ縺・∪縺呻ｼ・locked Provisioning・峨・
    },
    {
      "label": "讓ｩ髯撰ｼ啌ead・域髪謠ｴ謇矩・ユ繝ｳ繝励Ξ繝ｼ繝茨ｼ・,
      "status": "PASS",
      "detail": "髢ｲ隕ｧ・・ead・峨ｒ遒ｺ隱阪＠縺ｾ縺励◆縲・
    },
    {
      "label": "讓ｩ髯撰ｼ啗rite・域髪謠ｴ謇矩・ユ繝ｳ繝励Ξ繝ｼ繝茨ｼ・,
      "status": "PASS",
      "detail": "縺薙・繝ｪ繧ｹ繝医・縲√い繝励Μ蛛ｴ險ｭ螳壹〒縲瑚ｪｭ縺ｿ蜿悶ｊ蟆ら畑縲阪→縺励※螳夂ｾｩ縺輔ｌ縺ｦ縺・∪縺呻ｼ域嶌縺崎ｾｼ縺ｿ繝・せ繝医ｒ繧ｹ繧ｭ繝・・・峨・
    },
    {
      "label": "繝ｪ繧ｹ繝亥ｭ伜惠・壽髪謠ｴ險育判逶ｮ讓・,
      "status": "PASS",
      "detail": "繝ｪ繧ｹ繝医′隕九▽縺九ｊ縺ｾ縺励◆縲・
    },
    {
      "label": "繧ｹ繧ｭ繝ｼ繝橸ｼ・locked・会ｼ壽髪謠ｴ險育判逶ｮ讓・,
      "status": "WARN",
      "detail": "蠢・亥・縺御ｸ崎ｶｳ縺励※縺・∪縺吶′縲￣rovisioning 縺ｯ諢丞峙逧・↓繝悶Ο繝・け縺輔ｌ縺ｦ縺・∪縺呻ｼ・locked Provisioning・峨・
    },
    {
      "label": "讓ｩ髯撰ｼ啌ead・域髪謠ｴ險育判逶ｮ讓呻ｼ・,
      "status": "PASS",
      "detail": "髢ｲ隕ｧ・・ead・峨ｒ遒ｺ隱阪＠縺ｾ縺励◆縲・
    },
    {
      "label": "讓ｩ髯撰ｼ咾reate・域髪謠ｴ險育判逶ｮ讓呻ｼ・,
      "status": "FAIL",
      "detail": "菴懈・・・reate・画ｨｩ髯舌′縺ゅｊ縺ｾ縺帙ｓ縲ゅ占ｦ∫ｮ｡逅・・ｯｾ蠢懊・
    },
    {
      "label": "繝ｪ繧ｹ繝亥ｭ伜惠・壼句挨謾ｯ謠ｴ險育判",
      "status": "PASS",
      "detail": "繝ｪ繧ｹ繝医′隕九▽縺九ｊ縺ｾ縺励◆縲・
    },
    {
      "label": "繧ｹ繧ｭ繝ｼ繝橸ｼ・locked・会ｼ壼句挨謾ｯ謠ｴ險育判",
      "status": "WARN",
      "detail": "蠢・亥・縺御ｸ崎ｶｳ縺励※縺・∪縺吶′縲￣rovisioning 縺ｯ諢丞峙逧・↓繝悶Ο繝・け縺輔ｌ縺ｦ縺・∪縺呻ｼ・locked Provisioning・峨・
    },
    {
      "label": "讓ｩ髯撰ｼ啌ead・亥句挨謾ｯ謠ｴ險育判・・,
      "status": "PASS",
      "detail": "髢ｲ隕ｧ・・ead・峨ｒ遒ｺ隱阪＠縺ｾ縺励◆縲・
    },
    {
      "label": "讓ｩ髯撰ｼ咾reate・亥句挨謾ｯ謠ｴ險育判・・,
      "status": "FAIL",
      "detail": "菴懈・・・reate・画ｨｩ髯舌′縺ゅｊ縺ｾ縺帙ｓ縲ゅ占ｦ∫ｮ｡逅・・ｯｾ蠢懊・
    },
    {
      "label": "繝ｪ繧ｹ繝亥ｭ伜惠・壽ｰｷ螻ｱ繝｢繝・ΝPDCA",
      "status": "PASS",
      "detail": "繝ｪ繧ｹ繝医′隕九▽縺九ｊ縺ｾ縺励◆縲・
    },
    {
      "label": "繧ｹ繧ｭ繝ｼ繝橸ｼ・locked・会ｼ壽ｰｷ螻ｱ繝｢繝・ΝPDCA",
      "status": "WARN",
      "detail": "蠢・亥・縺御ｸ崎ｶｳ縺励※縺・∪縺吶′縲￣rovisioning 縺ｯ諢丞峙逧・↓繝悶Ο繝・け縺輔ｌ縺ｦ縺・∪縺呻ｼ・locked Provisioning・峨・
    },
    {
      "label": "讓ｩ髯撰ｼ啌ead・域ｰｷ螻ｱ繝｢繝・ΝPDCA・・,
      "status": "PASS",
      "detail": "髢ｲ隕ｧ・・ead・峨ｒ遒ｺ隱阪＠縺ｾ縺励◆縲・
    },
    {
      "label": "讓ｩ髯撰ｼ咾reate・域ｰｷ螻ｱ繝｢繝・ΝPDCA・・,
      "status": "FAIL",
      "detail": "菴懈・・・reate・画ｨｩ髯舌′縺ゅｊ縺ｾ縺帙ｓ縲ゅ占ｦ∫ｮ｡逅・・ｯｾ蠢懊・
    },
    {
      "label": "繝ｪ繧ｹ繝亥ｭ伜惠・壽ｰｷ螻ｱ繝｢繝・Ν蛻・梵",
      "status": "PASS",
      "detail": "繝ｪ繧ｹ繝医′隕九▽縺九ｊ縺ｾ縺励◆縲・
    },
    {
      "label": "繧ｹ繧ｭ繝ｼ繝橸ｼ・locked・会ｼ壽ｰｷ螻ｱ繝｢繝・Ν蛻・梵",
      "status": "WARN",
      "detail": "蠢・亥・縺御ｸ崎ｶｳ縺励※縺・∪縺吶′縲￣rovisioning 縺ｯ諢丞峙逧・↓繝悶Ο繝・け縺輔ｌ縺ｦ縺・∪縺呻ｼ・locked Provisioning・峨・
    },
    {
      "label": "讓ｩ髯撰ｼ啌ead・域ｰｷ螻ｱ繝｢繝・Ν蛻・梵・・,
      "status": "PASS",
      "detail": "髢ｲ隕ｧ・・ead・峨ｒ遒ｺ隱阪＠縺ｾ縺励◆縲・
    },
    {
      "label": "讓ｩ髯撰ｼ咾reate・域ｰｷ螻ｱ繝｢繝・Ν蛻・梵・・,
      "status": "FAIL",
      "detail": "菴懈・・・reate・画ｨｩ髯舌′縺ゅｊ縺ｾ縺帙ｓ縲ゅ占ｦ∫ｮ｡逅・・ｯｾ蠢懊・
    },
    {
      "label": "繝ｪ繧ｹ繝亥ｭ伜惠・壼句挨謾ｯ謠ｴ險育判・・SP・・,
      "status": "PASS",
      "detail": "繝ｪ繧ｹ繝医′隕九▽縺九ｊ縺ｾ縺励◆縲・
    },
    {
      "label": "繧ｹ繧ｭ繝ｼ繝橸ｼ・locked・会ｼ壼句挨謾ｯ謠ｴ險育判・・SP・・,
      "status": "WARN",
      "detail": "蠢・亥・縺御ｸ崎ｶｳ縺励※縺・∪縺吶′縲￣rovisioning 縺ｯ諢丞峙逧・↓繝悶Ο繝・け縺輔ｌ縺ｦ縺・∪縺呻ｼ・locked Provisioning・峨・
    },
    {
      "label": "讓ｩ髯撰ｼ啌ead・亥句挨謾ｯ謠ｴ險育判・・SP・会ｼ・,
      "status": "PASS",
      "detail": "髢ｲ隕ｧ・・ead・峨ｒ遒ｺ隱阪＠縺ｾ縺励◆縲・
    },
    {
      "label": "讓ｩ髯撰ｼ咾reate・亥句挨謾ｯ謠ｴ險育判・・SP・会ｼ・,
      "status": "FAIL",
      "detail": "菴懈・・・reate・画ｨｩ髯舌′縺ゅｊ縺ｾ縺帙ｓ縲ゅ占ｦ∫ｮ｡逅・・ｯｾ蠢懊・
    },
    {
      "label": "繝ｪ繧ｹ繝亥ｭ伜惠・壽髪謠ｴ險育判繧ｷ繝ｼ繝・,
      "status": "PASS",
      "detail": "繝ｪ繧ｹ繝医′隕九▽縺九ｊ縺ｾ縺励◆縲・
    },
    {
      "label": "繧ｹ繧ｭ繝ｼ繝橸ｼ・locked・会ｼ壽髪謠ｴ險育判繧ｷ繝ｼ繝・,
      "status": "WARN",
      "detail": "蠢・亥・縺御ｸ崎ｶｳ縺励※縺・∪縺吶′縲￣rovisioning 縺ｯ諢丞峙逧・↓繝悶Ο繝・け縺輔ｌ縺ｦ縺・∪縺呻ｼ・locked Provisioning・峨・
    },
    {
      "label": "讓ｩ髯撰ｼ啌ead・域髪謠ｴ險育判繧ｷ繝ｼ繝茨ｼ・,
      "status": "PASS",
      "detail": "髢ｲ隕ｧ・・ead・峨ｒ遒ｺ隱阪＠縺ｾ縺励◆縲・
    },
    {
      "label": "讓ｩ髯撰ｼ咾reate・域髪謠ｴ險育判繧ｷ繝ｼ繝茨ｼ・,
      "status": "FAIL",
      "detail": "菴懈・・・reate・画ｨｩ髯舌′縺ゅｊ縺ｾ縺帙ｓ縲ゅ占ｦ∫ｮ｡逅・・ｯｾ蠢懊・
    },
    {
      "label": "繝ｪ繧ｹ繝亥ｭ伜惠・夂屮譟ｻ繝√ぉ繝・け繝ｫ繝ｼ繝ｫ",
      "status": "PASS",
      "detail": "繝ｪ繧ｹ繝医′隕九▽縺九ｊ縺ｾ縺励◆縲・
    },
    {
      "label": "繧ｹ繧ｭ繝ｼ繝橸ｼ・locked・会ｼ夂屮譟ｻ繝√ぉ繝・け繝ｫ繝ｼ繝ｫ",
      "status": "WARN",
      "detail": "蠢・亥・縺御ｸ崎ｶｳ縺励※縺・∪縺吶′縲￣rovisioning 縺ｯ諢丞峙逧・↓繝悶Ο繝・け縺輔ｌ縺ｦ縺・∪縺呻ｼ・locked Provisioning・峨・
    },
    {
      "label": "讓ｩ髯撰ｼ啌ead・育屮譟ｻ繝√ぉ繝・け繝ｫ繝ｼ繝ｫ・・,
      "status": "PASS",
      "detail": "髢ｲ隕ｧ・・ead・峨ｒ遒ｺ隱阪＠縺ｾ縺励◆縲・
    },
    {
      "label": "讓ｩ髯撰ｼ啗rite・育屮譟ｻ繝√ぉ繝・け繝ｫ繝ｼ繝ｫ・・,
      "status": "PASS",
      "detail": "縺薙・繝ｪ繧ｹ繝医・縲√い繝励Μ蛛ｴ險ｭ螳壹〒縲瑚ｪｭ縺ｿ蜿悶ｊ蟆ら畑縲阪→縺励※螳夂ｾｩ縺輔ｌ縺ｦ縺・∪縺呻ｼ域嶌縺崎ｾｼ縺ｿ繝・せ繝医ｒ繧ｹ繧ｭ繝・・・峨・
    },
    {
      "label": "繝ｪ繧ｹ繝亥ｭ伜惠・夂腸蠅・ｨｺ譁ｭ繝ｬ繝昴・繝・,
      "status": "PASS",
      "detail": "繝ｪ繧ｹ繝医′隕九▽縺九ｊ縺ｾ縺励◆縲・
    },
    {
      "label": "繧ｹ繧ｭ繝ｼ繝橸ｼ・locked・会ｼ夂腸蠅・ｨｺ譁ｭ繝ｬ繝昴・繝・,
      "status": "WARN",
      "detail": "蠢・亥・縺御ｸ崎ｶｳ縺励※縺・∪縺吶′縲￣rovisioning 縺ｯ諢丞峙逧・↓繝悶Ο繝・け縺輔ｌ縺ｦ縺・∪縺呻ｼ・locked Provisioning・峨・
    },
    {
      "label": "讓ｩ髯撰ｼ啌ead・育腸蠅・ｨｺ譁ｭ繝ｬ繝昴・繝茨ｼ・,
      "status": "PASS",
      "detail": "髢ｲ隕ｧ・・ead・峨ｒ遒ｺ隱阪＠縺ｾ縺励◆縲・
    },
    {
      "label": "讓ｩ髯撰ｼ咾reate・育腸蠅・ｨｺ譁ｭ繝ｬ繝昴・繝茨ｼ・,
      "status": "FAIL",
      "detail": "菴懈・・・reate・画ｨｩ髯舌′縺ゅｊ縺ｾ縺帙ｓ縲ゅ占ｦ∫ｮ｡逅・・ｯｾ蠢懊・
    },
    {
      "label": "繝ｪ繧ｹ繝亥ｭ伜惠・夂音諤ｧ繧｢繝ｳ繧ｱ繝ｼ繝・,
      "status": "PASS",
      "detail": "繝ｪ繧ｹ繝医′隕九▽縺九ｊ縺ｾ縺励◆縲・
    },
    {
      "label": "繧ｹ繧ｭ繝ｼ繝橸ｼ・locked・会ｼ夂音諤ｧ繧｢繝ｳ繧ｱ繝ｼ繝・,
      "status": "WARN",
      "detail": "蠢・亥・縺御ｸ崎ｶｳ縺励※縺・∪縺吶′縲￣rovisioning 縺ｯ諢丞峙逧・↓繝悶Ο繝・け縺輔ｌ縺ｦ縺・∪縺呻ｼ・locked Provisioning・峨・
    },
    {
      "label": "讓ｩ髯撰ｼ啌ead・育音諤ｧ繧｢繝ｳ繧ｱ繝ｼ繝茨ｼ・,
      "status": "PASS",
      "detail": "髢ｲ隕ｧ・・ead・峨ｒ遒ｺ隱阪＠縺ｾ縺励◆縲・
    },
    {
      "label": "讓ｩ髯撰ｼ啗rite・育音諤ｧ繧｢繝ｳ繧ｱ繝ｼ繝茨ｼ・,
      "status": "PASS",
      "detail": "縺薙・繝ｪ繧ｹ繝医・縲√い繝励Μ蛛ｴ險ｭ螳壹〒縲瑚ｪｭ縺ｿ蜿悶ｊ蟆ら畑縲阪→縺励※螳夂ｾｩ縺輔ｌ縺ｦ縺・∪縺呻ｼ域嶌縺崎ｾｼ縺ｿ繝・せ繝医ｒ繧ｹ繧ｭ繝・・・峨・
    },
    {
      "label": "繝ｪ繧ｹ繝亥ｭ伜惠・夂恚隴ｷ隕ｳ蟇溯ｨ倬鹸",
      "status": "PASS",
      "detail": "繝ｪ繧ｹ繝医′隕九▽縺九ｊ縺ｾ縺励◆縲・
    },
    {
      "label": "繧ｹ繧ｭ繝ｼ繝橸ｼ・locked・会ｼ夂恚隴ｷ隕ｳ蟇溯ｨ倬鹸",
      "status": "WARN",
      "detail": "蠢・亥・縺御ｸ崎ｶｳ縺励※縺・∪縺吶′縲￣rovisioning 縺ｯ諢丞峙逧・↓繝悶Ο繝・け縺輔ｌ縺ｦ縺・∪縺呻ｼ・locked Provisioning・峨・
    },
    {
      "label": "讓ｩ髯撰ｼ啌ead・育恚隴ｷ隕ｳ蟇溯ｨ倬鹸・・,
      "status": "PASS",
      "detail": "髢ｲ隕ｧ・・ead・峨ｒ遒ｺ隱阪＠縺ｾ縺励◆縲・
    },
    {
      "label": "讓ｩ髯撰ｼ咾reate・育恚隴ｷ隕ｳ蟇溯ｨ倬鹸・・,
      "status": "FAIL",
      "detail": "菴懈・・・reate・画ｨｩ髯舌′縺ゅｊ縺ｾ縺帙ｓ縲ゅ占ｦ∫ｮ｡逅・・ｯｾ蠢懊・
    },
    {
      "label": "繝ｪ繧ｹ繝亥ｭ伜惠・壼・蠑丞ｸｳ逾ｨ繝ｩ繧､繝悶Λ繝ｪ",
      "status": "PASS",
      "detail": "繝ｪ繧ｹ繝医′隕九▽縺九ｊ縺ｾ縺励◆縲・
    },
    {
      "label": "繧ｹ繧ｭ繝ｼ繝橸ｼ・locked・会ｼ壼・蠑丞ｸｳ逾ｨ繝ｩ繧､繝悶Λ繝ｪ",
      "status": "WARN",
      "detail": "蠢・亥・縺御ｸ崎ｶｳ縺励※縺・∪縺吶′縲￣rovisioning 縺ｯ諢丞峙逧・↓繝悶Ο繝・け縺輔ｌ縺ｦ縺・∪縺呻ｼ・locked Provisioning・峨・
    },
    {
      "label": "讓ｩ髯撰ｼ啌ead・亥・蠑丞ｸｳ逾ｨ繝ｩ繧､繝悶Λ繝ｪ・・,
      "status": "PASS",
      "detail": "髢ｲ隕ｧ・・ead・峨ｒ遒ｺ隱阪＠縺ｾ縺励◆縲・
    },
    {
      "label": "讓ｩ髯撰ｼ咾reate・亥・蠑丞ｸｳ逾ｨ繝ｩ繧､繝悶Λ繝ｪ・・,
      "status": "FAIL",
      "detail": "菴懈・・・reate・画ｨｩ髯舌′縺ゅｊ縺ｾ縺帙ｓ縲ゅ占ｦ∫ｮ｡逅・・ｯｾ蠢懊・
    },
    {
      "label": "繝ｪ繧ｹ繝亥ｭ伜惠・夊ｫ区ｱゅが繝ｼ繝繝ｼ",
      "status": "PASS",
      "detail": "繝ｪ繧ｹ繝医′隕九▽縺九ｊ縺ｾ縺励◆縲・
    },
    {
      "label": "繧ｹ繧ｭ繝ｼ繝橸ｼ・locked・会ｼ夊ｫ区ｱゅが繝ｼ繝繝ｼ",
      "status": "WARN",
      "detail": "蠢・亥・縺御ｸ崎ｶｳ縺励※縺・∪縺吶′縲￣rovisioning 縺ｯ諢丞峙逧・↓繝悶Ο繝・け縺輔ｌ縺ｦ縺・∪縺呻ｼ・locked Provisioning・峨・
    },
    {
      "label": "讓ｩ髯撰ｼ啌ead・郁ｫ区ｱゅが繝ｼ繝繝ｼ・・,
      "status": "PASS",
      "detail": "髢ｲ隕ｧ・・ead・峨ｒ遒ｺ隱阪＠縺ｾ縺励◆縲・
    },
    {
      "label": "讓ｩ髯撰ｼ啗rite・郁ｫ区ｱゅが繝ｼ繝繝ｼ・・,
      "status": "PASS",
      "detail": "縺薙・繝ｪ繧ｹ繝医・縲√い繝励Μ蛛ｴ險ｭ螳壹〒縲瑚ｪｭ縺ｿ蜿悶ｊ蟆ら畑縲阪→縺励※螳夂ｾｩ縺輔ｌ縺ｦ縺・∪縺呻ｼ域嶌縺崎ｾｼ縺ｿ繝・せ繝医ｒ繧ｹ繧ｭ繝・・・峨・
    },
    {
      "label": "繝ｪ繧ｹ繝亥ｭ伜惠・壼ｸｳ逾ｨ蜃ｺ蜉帙Ο繧ｰ",
      "status": "PASS",
      "detail": "繝ｪ繧ｹ繝医′隕九▽縺九ｊ縺ｾ縺励◆縲・
    },
    {
      "label": "繧ｹ繧ｭ繝ｼ繝橸ｼ・locked・会ｼ壼ｸｳ逾ｨ蜃ｺ蜉帙Ο繧ｰ",
      "status": "WARN",
      "detail": "蠢・亥・縺御ｸ崎ｶｳ縺励※縺・∪縺吶′縲￣rovisioning 縺ｯ諢丞峙逧・↓繝悶Ο繝・け縺輔ｌ縺ｦ縺・∪縺呻ｼ・locked Provisioning・峨・
    },
    {
      "label": "讓ｩ髯撰ｼ啌ead・亥ｸｳ逾ｨ蜃ｺ蜉帙Ο繧ｰ・・,
      "status": "PASS",
      "detail": "髢ｲ隕ｧ・・ead・峨ｒ遒ｺ隱阪＠縺ｾ縺励◆縲・
    },
    {
      "label": "讓ｩ髯撰ｼ咾reate・亥ｸｳ逾ｨ蜃ｺ蜉帙Ο繧ｰ・・,
      "status": "FAIL",
      "detail": "菴懈・・・reate・画ｨｩ髯舌′縺ゅｊ縺ｾ縺帙ｓ縲ゅ占ｦ∫ｮ｡逅・・ｯｾ蠢懊・
    },
    {
      "label": "繝ｪ繧ｹ繝亥ｭ伜惠・壹Δ繝九ち繝ｪ繝ｳ繧ｰ莨夊ｭｰ",
      "status": "PASS",
      "detail": "繝ｪ繧ｹ繝医′隕九▽縺九ｊ縺ｾ縺励◆縲・
    },
    {
      "label": "繧ｹ繧ｭ繝ｼ繝橸ｼ・locked・会ｼ壹Δ繝九ち繝ｪ繝ｳ繧ｰ莨夊ｭｰ",
      "status": "WARN",
      "detail": "蠢・亥・縺御ｸ崎ｶｳ縺励※縺・∪縺吶′縲￣rovisioning 縺ｯ諢丞峙逧・↓繝悶Ο繝・け縺輔ｌ縺ｦ縺・∪縺呻ｼ・locked Provisioning・峨・
    },
    {
      "label": "讓ｩ髯撰ｼ啌ead・医Δ繝九ち繝ｪ繝ｳ繧ｰ莨夊ｭｰ・・,
      "status": "PASS",
      "detail": "髢ｲ隕ｧ・・ead・峨ｒ遒ｺ隱阪＠縺ｾ縺励◆縲・
    },
    {
      "label": "讓ｩ髯撰ｼ咾reate・医Δ繝九ち繝ｪ繝ｳ繧ｰ莨夊ｭｰ・・,
      "status": "FAIL",
      "detail": "菴懈・・・reate・画ｨｩ髯舌′縺ゅｊ縺ｾ縺帙ｓ縲ゅ占ｦ∫ｮ｡逅・・ｯｾ蠢懊・
    }
  ]
}
---------------------------------
  笨・ 1 [chromium] 窶ｺ tests\e2e\dump-health.spec.ts:4:5 窶ｺ Dump health status to console (35.4s)

  1 passed (40.4s)
