src/features/daily/repositories/sharepoint/activityDiary/modules/DataAccess.ts(9,28): error TS7053: Element implicitly has an 'any' type because expression of type '"shift" | "title" | "date" | "userId" | "category" | "notes" | "lunchAmount" | "mealMain" | "mealSide" | "problemBehavior" | "behaviorType" | "behaviorNote" | "seizure" | "seizureAt" | "goals"' can't be used to index type '{ readonly userId: "UserID"; readonly date: "Date"; readonly shift: "Shift"; readonly category: "Category"; readonly lunchAmount: "LunchAmount"; readonly mealMain: "MealMain"; readonly mealSide: "MealSide"; ... 6 more ...; readonly notes: "Notes"; }'.
  Property 'title' does not exist on type '{ readonly userId: "UserID"; readonly date: "Date"; readonly shift: "Shift"; readonly category: "Category"; readonly lunchAmount: "LunchAmount"; readonly mealMain: "MealMain"; readonly mealSide: "MealSide"; ... 6 more ...; readonly notes: "Notes"; }'.
src/features/daily/repositories/sharepoint/activityDiary/modules/Saver.ts(18,28): error TS7053: Element implicitly has an 'any' type because expression of type '"shift" | "title" | "date" | "userId" | "category" | "notes" | "lunchAmount" | "mealMain" | "mealSide" | "problemBehavior" | "behaviorType" | "behaviorNote" | "seizure" | "seizureAt" | "goals"' can't be used to index type '{ readonly userId: "UserID"; readonly date: "Date"; readonly shift: "Shift"; readonly category: "Category"; readonly lunchAmount: "LunchAmount"; readonly mealMain: "MealMain"; readonly mealSide: "MealSide"; ... 6 more ...; readonly notes: "Notes"; }'.
  Property 'title' does not exist on type '{ readonly userId: "UserID"; readonly date: "Date"; readonly shift: "Shift"; readonly category: "Category"; readonly lunchAmount: "LunchAmount"; readonly mealMain: "MealMain"; readonly mealSide: "MealSide"; ... 6 more ...; readonly notes: "Notes"; }'.
