// Vitest Snapshot v1, https://vitest.dev/guide/snapshot.html

exports[`AppShell snapshot 1`] = `
<div>
  <a
    class="MuiBox-root css-1o23p4d"
    href="#main"
  >
    メインコンテンツへ移動
  </a>
  <header
    class="MuiPaper-root MuiPaper-elevation MuiPaper-elevation4 MuiAppBar-root MuiAppBar-colorPrimary MuiAppBar-positionStatic css-ptdwpq-MuiPaper-root-MuiAppBar-root"
    style="--Paper-shadow: 0px 2px 4px -1px rgba(0,0,0,0.2),0px 4px 5px 0px rgba(0,0,0,0.14),0px 1px 10px 0px rgba(0,0,0,0.12);"
  >
    <div
      class="MuiToolbar-root MuiToolbar-gutters MuiToolbar-regular css-1bb4lqe-MuiToolbar-root"
    >
      <button
        aria-label="ナビゲーションメニューを開く"
        class="MuiButtonBase-root MuiIconButton-root MuiIconButton-colorInherit MuiIconButton-edgeStart MuiIconButton-sizeMedium css-12pw8fl-MuiButtonBase-root-MuiIconButton-root"
        tabindex="0"
        type="button"
      >
        <svg
          aria-hidden="true"
          class="MuiSvgIcon-root MuiSvgIcon-fontSizeMedium css-1umw9bq-MuiSvgIcon-root"
          data-testid="MenuRoundedIcon"
          focusable="false"
          viewBox="0 0 24 24"
        >
          <path
            d="M4 18h16c.55 0 1-.45 1-1s-.45-1-1-1H4c-.55 0-1 .45-1 1s.45 1 1 1m0-5h16c.55 0 1-.45 1-1s-.45-1-1-1H4c-.55 0-1 .45-1 1s.45 1 1 1M3 7c0 .55.45 1 1 1h16c.55 0 1-.45 1-1s-.45-1-1-1H4c-.55 0-1 .45-1 1"
          />
        </svg>
      </button>
      <a
        class="MuiButtonBase-root MuiButton-root MuiButton-text MuiButton-textInherit MuiButton-sizeMedium MuiButton-textSizeMedium MuiButton-colorInherit MuiButton-root MuiButton-text MuiButton-textInherit MuiButton-sizeMedium MuiButton-textSizeMedium MuiButton-colorInherit css-1bwb8eg-MuiButtonBase-root-MuiButton-root"
        href="/"
        tabindex="0"
      >
        <span
          class="MuiTypography-root MuiTypography-h6 css-lytkkx-MuiTypography-root"
        >
          磯子区障害者地域活動ホーム
        </span>
      </a>
      <div
        aria-live="polite"
        class="MuiBox-root css-bq9ckw"
        role="status"
      >
        SP Connected
      </div>
      <button
        aria-label="ダークテーマに切り替え"
        class="MuiButtonBase-root MuiIconButton-root MuiIconButton-colorInherit MuiIconButton-sizeMedium css-h7cjts-MuiButtonBase-root-MuiIconButton-root"
        data-mui-internal-clone-element="true"
        tabindex="0"
        type="button"
      >
        <svg
          aria-hidden="true"
          class="MuiSvgIcon-root MuiSvgIcon-fontSizeMedium css-1umw9bq-MuiSvgIcon-root"
          data-testid="Brightness4Icon"
          focusable="false"
          viewBox="0 0 24 24"
        >
          <path
            d="M20 8.69V4h-4.69L12 .69 8.69 4H4v4.69L.69 12 4 15.31V20h4.69L12 23.31 15.31 20H20v-4.69L23.31 12zM12 18c-.89 0-1.74-.2-2.5-.55C11.56 16.5 13 14.42 13 12s-1.44-4.5-3.5-5.45C10.26 6.2 11.11 6 12 6c3.31 0 6 2.69 6 6s-2.69 6-6 6"
          />
        </svg>
      </button>
      <a
        aria-label="監査ログ"
        class="MuiButtonBase-root MuiIconButton-root MuiIconButton-colorInherit MuiIconButton-sizeMedium css-h7cjts-MuiButtonBase-root-MuiIconButton-root"
        href="/audit"
        tabindex="0"
      >
        <svg
          aria-hidden="true"
          class="MuiSvgIcon-root MuiSvgIcon-fontSizeMedium css-1umw9bq-MuiSvgIcon-root"
          data-testid="HistoryIcon"
          focusable="false"
          viewBox="0 0 24 24"
        >
          <path
            d="M13 3c-4.97 0-9 4.03-9 9H1l3.89 3.89.07.14L9 12H6c0-3.87 3.13-7 7-7s7 3.13 7 7-3.13 7-7 7c-1.93 0-3.68-.79-4.94-2.06l-1.42 1.42C8.27 19.99 10.51 21 13 21c4.97 0 9-4.03 9-9s-4.03-9-9-9m-1 5v5l4.28 2.54.72-1.21-3.5-2.08V8z"
          />
        </svg>
      </a>
      <button
        aria-label="サインイン"
        class="MuiButtonBase-root MuiButton-root MuiButton-outlined MuiButton-outlinedInherit MuiButton-sizeSmall MuiButton-outlinedSizeSmall MuiButton-colorInherit MuiButton-root MuiButton-outlined MuiButton-outlinedInherit MuiButton-sizeSmall MuiButton-outlinedSizeSmall MuiButton-colorInherit css-bnyy0h-MuiButtonBase-root-MuiButton-root"
        tabindex="0"
        type="button"
      >
        サインイン
      </button>
    </div>
  </header>
  <main
    class="MuiContainer-root MuiContainer-maxWidthLg css-1xqsbz3-MuiContainer-root"
    id="main"
    role="main"
    tabindex="-1"
  >
    <section
      class="MuiBox-root css-1sl8dhm"
    >
      <div
        data-testid="snapshot-content"
      >
        content
      </div>
    </section>
  </main>
  <div
    class="MuiBox-root css-pc4exl"
  >
    <nav
      aria-label="主要ナビゲーション（モバイル）"
      class="MuiBottomNavigation-root css-7ax0nd-MuiBottomNavigation-root"
      data-testid="app-bottom-nav"
      role="navigation"
    >
      <a
        aria-current="page"
        class="MuiButtonBase-root MuiBottomNavigationAction-root Mui-selected css-1scjuq2-MuiButtonBase-root-MuiBottomNavigationAction-root"
        href="/dashboard"
        tabindex="0"
      >
        <svg
          aria-hidden="true"
          class="MuiSvgIcon-root MuiSvgIcon-fontSizeMedium css-1umw9bq-MuiSvgIcon-root"
          data-testid="AssessmentRoundedIcon"
          focusable="false"
          viewBox="0 0 24 24"
        >
          <path
            d="M19 3H5c-1.1 0-2 .9-2 2v14c0 1.1.9 2 2 2h14c1.1 0 2-.9 2-2V5c0-1.1-.9-2-2-2M8 17c-.55 0-1-.45-1-1v-5c0-.55.45-1 1-1s1 .45 1 1v5c0 .55-.45 1-1 1m4 0c-.55 0-1-.45-1-1V8c0-.55.45-1 1-1s1 .45 1 1v8c0 .55-.45 1-1 1m4 0c-.55 0-1-.45-1-1v-2c0-.55.45-1 1-1s1 .45 1 1v2c0 .55-.45 1-1 1"
          />
        </svg>
        <span
          class="MuiBottomNavigationAction-label Mui-selected css-1kcvi62-MuiBottomNavigationAction-label"
        >
          黒ノート
        </span>
      </a>
      <a
        class="MuiButtonBase-root MuiBottomNavigationAction-root css-1scjuq2-MuiButtonBase-root-MuiBottomNavigationAction-root"
        href="/daily/attendance"
        tabindex="0"
      >
        <svg
          aria-hidden="true"
          class="MuiSvgIcon-root MuiSvgIcon-fontSizeMedium css-1umw9bq-MuiSvgIcon-root"
          data-testid="EventAvailableRoundedIcon"
          focusable="false"
          viewBox="0 0 24 24"
        >
          <path
            d="M16 10.53c-.29-.29-.77-.29-1.06 0l-4.35 4.35L9 13.29c-.29-.29-.77-.29-1.06 0s-.29.77 0 1.06l1.94 1.94c.39.39 1.02.39 1.41 0l4.7-4.7c.3-.29.3-.77.01-1.06M19 3h-1V2c0-.55-.45-1-1-1s-1 .45-1 1v1H8V2c0-.55-.45-1-1-1s-1 .45-1 1v1H5c-1.11 0-1.99.9-1.99 2L3 19c0 1.1.89 2 2 2h14c1.1 0 2-.9 2-2V5c0-1.1-.9-2-2-2m-1 16H6c-.55 0-1-.45-1-1V8h14v10c0 .55-.45 1-1 1"
          />
        </svg>
        <span
          class="MuiBottomNavigationAction-label css-1kcvi62-MuiBottomNavigationAction-label"
        >
          通所実績
        </span>
      </a>
      <a
        class="MuiButtonBase-root MuiBottomNavigationAction-root css-1scjuq2-MuiButtonBase-root-MuiBottomNavigationAction-root"
        href="/records/diary"
        tabindex="0"
      >
        <svg
          aria-hidden="true"
          class="MuiSvgIcon-root MuiSvgIcon-fontSizeMedium css-1umw9bq-MuiSvgIcon-root"
          data-testid="BookRoundedIcon"
          focusable="false"
          viewBox="0 0 24 24"
        >
          <path
            d="M18 2H6c-1.1 0-2 .9-2 2v16c0 1.1.9 2 2 2h12c1.1 0 2-.9 2-2V4c0-1.1-.9-2-2-2M6 4h5v8l-2.5-1.5L6 12z"
          />
        </svg>
        <span
          class="MuiBottomNavigationAction-label css-1kcvi62-MuiBottomNavigationAction-label"
        >
          活動日誌
        </span>
      </a>
      <a
        class="MuiButtonBase-root MuiBottomNavigationAction-root css-1scjuq2-MuiButtonBase-root-MuiBottomNavigationAction-root"
        href="/records/support-procedures"
        tabindex="0"
      >
        <svg
          aria-hidden="true"
          class="MuiSvgIcon-root MuiSvgIcon-fontSizeMedium css-1umw9bq-MuiSvgIcon-root"
          data-testid="AssignmentTurnedInRoundedIcon"
          focusable="false"
          viewBox="0 0 24 24"
        >
          <path
            d="M19 3h-4.18C14.4 1.84 13.3 1 12 1s-2.4.84-2.82 2H5c-1.1 0-2 .9-2 2v14c0 1.1.9 2 2 2h14c1.1 0 2-.9 2-2V5c0-1.1-.9-2-2-2m-7 0c.55 0 1 .45 1 1s-.45 1-1 1-1-.45-1-1 .45-1 1-1M9.29 16.29 6.7 13.7a.996.996 0 0 1 0-1.41c.39-.39 1.02-.39 1.41 0L10 14.17l5.88-5.88c.39-.39 1.02-.39 1.41 0s.39 1.02 0 1.41l-6.59 6.59c-.38.39-1.02.39-1.41 0"
          />
        </svg>
        <span
          class="MuiBottomNavigationAction-label css-1kcvi62-MuiBottomNavigationAction-label"
        >
          支援手順記録
        </span>
      </a>
      <a
        class="MuiButtonBase-root MuiBottomNavigationAction-root css-1scjuq2-MuiButtonBase-root-MuiBottomNavigationAction-root"
        href="/albums"
        tabindex="0"
      >
        <svg
          aria-hidden="true"
          class="MuiSvgIcon-root MuiSvgIcon-fontSizeMedium css-1umw9bq-MuiSvgIcon-root"
          data-testid="PhotoAlbumRoundedIcon"
          focusable="false"
          viewBox="0 0 24 24"
        >
          <path
            d="M18 2H6c-1.1 0-2 .9-2 2v16c0 1.1.9 2 2 2h12c1.1 0 2-.9 2-2V4c0-1.1-.9-2-2-2m-2.76 8.55L13.5 9.5l-1.74 1.05c-.33.2-.76-.04-.76-.43V4h5v6.12c0 .39-.42.63-.76.43M7.6 17.2l1.38-1.83c.2-.27.6-.27.8 0L11 17l2.23-2.97c.2-.27.6-.27.8 0l2.38 3.17c.25.33.01.8-.4.8H8c-.41 0-.65-.47-.4-.8"
          />
        </svg>
        <span
          class="MuiBottomNavigationAction-label css-1kcvi62-MuiBottomNavigationAction-label"
        >
          活動アルバム
        </span>
      </a>
      <a
        class="MuiButtonBase-root MuiBottomNavigationAction-root css-1scjuq2-MuiButtonBase-root-MuiBottomNavigationAction-root"
        href="/health-record-tablet-mock"
        tabindex="0"
      >
        <svg
          aria-hidden="true"
          class="MuiSvgIcon-root MuiSvgIcon-fontSizeMedium css-1umw9bq-MuiSvgIcon-root"
          data-testid="HealingRoundedIcon"
          focusable="false"
          viewBox="0 0 24 24"
        >
          <path
            d="m17.73 12.02 3.98-3.98c.39-.39.39-1.02 0-1.41l-4.34-4.34a.996.996 0 0 0-1.41 0l-3.98 3.98L8 2.29C7.8 2.1 7.55 2 7.29 2c-.25 0-.51.1-.7.29L2.25 6.63c-.39.39-.39 1.02 0 1.41l3.98 3.98L2.25 16c-.39.39-.39 1.02 0 1.41l4.34 4.34c.39.39 1.02.39 1.41 0l3.98-3.98 3.98 3.98c.2.2.45.29.71.29s.51-.1.71-.29l4.34-4.34c.39-.39.39-1.02 0-1.41zM12 9c.55 0 1 .45 1 1s-.45 1-1 1-1-.45-1-1 .45-1 1-1m-4.71 1.96L3.66 7.34l3.63-3.63 3.62 3.62zM10 13c-.55 0-1-.45-1-1s.45-1 1-1 1 .45 1 1-.45 1-1 1m2 2c-.55 0-1-.45-1-1s.45-1 1-1 1 .45 1 1-.45 1-1 1m2-4c.55 0 1 .45 1 1s-.45 1-1 1-1-.45-1-1 .45-1 1-1m2.66 9.34-3.63-3.62 3.63-3.63 3.62 3.62z"
          />
        </svg>
        <span
          class="MuiBottomNavigationAction-label css-1kcvi62-MuiBottomNavigationAction-label"
        >
          健康記録
        </span>
      </a>
      <a
        class="MuiButtonBase-root MuiBottomNavigationAction-root css-1scjuq2-MuiButtonBase-root-MuiBottomNavigationAction-root"
        href="/schedules/week"
        tabindex="0"
      >
        <svg
          aria-hidden="true"
          class="MuiSvgIcon-root MuiSvgIcon-fontSizeMedium css-1umw9bq-MuiSvgIcon-root"
          data-testid="EventAvailableRoundedIcon"
          focusable="false"
          viewBox="0 0 24 24"
        >
          <path
            d="M16 10.53c-.29-.29-.77-.29-1.06 0l-4.35 4.35L9 13.29c-.29-.29-.77-.29-1.06 0s-.29.77 0 1.06l1.94 1.94c.39.39 1.02.39 1.41 0l4.7-4.7c.3-.29.3-.77.01-1.06M19 3h-1V2c0-.55-.45-1-1-1s-1 .45-1 1v1H8V2c0-.55-.45-1-1-1s-1 .45-1 1v1H5c-1.11 0-1.99.9-1.99 2L3 19c0 1.1.89 2 2 2h14c1.1 0 2-.9 2-2V5c0-1.1-.9-2-2-2m-1 16H6c-.55 0-1-.45-1-1V8h14v10c0 .55-.45 1-1 1"
          />
        </svg>
        <span
          class="MuiBottomNavigationAction-label css-1kcvi62-MuiBottomNavigationAction-label"
        >
          スケジュール
        </span>
      </a>
      <a
        class="MuiButtonBase-root MuiBottomNavigationAction-root css-1scjuq2-MuiButtonBase-root-MuiBottomNavigationAction-root"
        href="/coffee-shop"
        tabindex="0"
      >
        <svg
          aria-hidden="true"
          class="MuiSvgIcon-root MuiSvgIcon-fontSizeMedium css-1umw9bq-MuiSvgIcon-root"
          data-testid="BookRoundedIcon"
          focusable="false"
          viewBox="0 0 24 24"
        >
          <path
            d="M18 2H6c-1.1 0-2 .9-2 2v16c0 1.1.9 2 2 2h12c1.1 0 2-.9 2-2V4c0-1.1-.9-2-2-2M6 4h5v8l-2.5-1.5L6 12z"
          />
        </svg>
        <span
          class="MuiBottomNavigationAction-label css-1kcvi62-MuiBottomNavigationAction-label"
        >
          コーヒーショップ
        </span>
      </a>
    </nav>
  </div>
</div>
`;
