// Vitest Snapshot v1, https://vitest.dev/guide/snapshot.html

exports[`AppShell snapshot 1`] = `
<div>
  <div
    data-testid="app-shell"
  >
    <header
      class="MuiPaper-root MuiPaper-elevation MuiPaper-elevation4 MuiAppBar-root MuiAppBar-colorPrimary MuiAppBar-positionStatic css-ptdwpq-MuiPaper-root-MuiAppBar-root"
      style="--Paper-shadow: 0px 2px 4px -1px rgba(0,0,0,0.2),0px 4px 5px 0px rgba(0,0,0,0.14),0px 1px 10px 0px rgba(0,0,0,0.12);"
    >
      <div
        class="MuiToolbar-root MuiToolbar-gutters MuiToolbar-regular css-1bb4lqe-MuiToolbar-root"
      >
        <button
          aria-label="メニューを開く"
          class="MuiButtonBase-root MuiIconButton-root MuiIconButton-colorInherit MuiIconButton-edgeStart MuiIconButton-sizeMedium css-1fytndg-MuiButtonBase-root-MuiIconButton-root"
          data-testid="nav-open"
          tabindex="0"
          type="button"
        >
          <svg
            aria-hidden="true"
            class="MuiSvgIcon-root MuiSvgIcon-fontSizeMedium css-1umw9bq-MuiSvgIcon-root"
            data-testid="MenuIcon"
            focusable="false"
            viewBox="0 0 24 24"
          >
            <path
              d="M3 18h18v-2H3zm0-5h18v-2H3zm0-7v2h18V6z"
            />
          </svg>
        </button>
        <div
          class="MuiTypography-root MuiTypography-h6 css-1bv5yfe-MuiTypography-root"
        >
          磯子区障害者地域活動ホーム
        </div>
        <div
          aria-live="polite"
          class="MuiBox-root css-1rbdyuo"
          data-connection-state="signedOut"
          data-testid="sp-connection-status"
          role="status"
        >
          SP Sign-In
        </div>
        <button
          aria-label="テーマ切り替え"
          aria-pressed="false"
          class="MuiButtonBase-root MuiIconButton-root MuiIconButton-colorInherit MuiIconButton-sizeMedium css-h7cjts-MuiButtonBase-root-MuiIconButton-root"
          data-mui-internal-clone-element="true"
          tabindex="0"
          type="button"
        >
          <svg
            aria-hidden="true"
            class="MuiSvgIcon-root MuiSvgIcon-fontSizeMedium css-1umw9bq-MuiSvgIcon-root"
            data-testid="Brightness4Icon"
            focusable="false"
            viewBox="0 0 24 24"
          >
            <path
              d="M20 8.69V4h-4.69L12 .69 8.69 4H4v4.69L.69 12 4 15.31V20h4.69L12 23.31 15.31 20H20v-4.69L23.31 12zM12 18c-.89 0-1.74-.2-2.5-.55C11.56 16.5 13 14.42 13 12s-1.44-4.5-3.5-5.45C10.26 6.2 11.11 6 12 6c3.31 0 6 2.69 6 6s-2.69 6-6 6"
            />
          </svg>
        </button>
        <a
          aria-label="監査ログ"
          class="MuiButtonBase-root MuiIconButton-root MuiIconButton-colorInherit MuiIconButton-sizeMedium css-h7cjts-MuiButtonBase-root-MuiIconButton-root"
          href="/audit"
          tabindex="0"
        >
          <svg
            aria-hidden="true"
            class="MuiSvgIcon-root MuiSvgIcon-fontSizeMedium css-1umw9bq-MuiSvgIcon-root"
            data-testid="HistoryIcon"
            focusable="false"
            viewBox="0 0 24 24"
          >
            <path
              d="M13 3c-4.97 0-9 4.03-9 9H1l3.89 3.89.07.14L9 12H6c0-3.87 3.13-7 7-7s7 3.13 7 7-3.13 7-7 7c-1.93 0-3.68-.79-4.94-2.06l-1.42 1.42C8.27 19.99 10.51 21 13 21c4.97 0 9-4.03 9-9s-4.03-9-9-9m-1 5v5l4.28 2.54.72-1.21-3.5-2.08V8z"
            />
          </svg>
        </a>
        <button
          aria-label="サインイン"
          class="MuiButtonBase-root MuiButton-root MuiButton-outlined MuiButton-outlinedInherit MuiButton-sizeSmall MuiButton-outlinedSizeSmall MuiButton-colorInherit MuiButton-root MuiButton-outlined MuiButton-outlinedInherit MuiButton-sizeSmall MuiButton-outlinedSizeSmall MuiButton-colorInherit css-bnyy0h-MuiButtonBase-root-MuiButton-root"
          tabindex="0"
          type="button"
        >
          サインイン
        </button>
      </div>
    </header>
    <main
      class="MuiContainer-root MuiContainer-maxWidthLg css-1r2q3w1-MuiContainer-root"
      role="main"
    >
      <div
        data-testid="snapshot-content"
      >
        content
      </div>
    </main>
    <footer
      class="MuiBox-root css-1c1ti6f"
      role="contentinfo"
    >
      <div
        class="MuiContainer-root MuiContainer-maxWidthLg css-puci8u-MuiContainer-root"
      >
        <div
          class="MuiPaper-root MuiPaper-elevation MuiPaper-rounded MuiPaper-elevation6 css-oxfp1h-MuiPaper-root"
          style="--Paper-shadow: 0px 3px 5px -1px rgba(0,0,0,0.2),0px 6px 10px 0px rgba(0,0,0,0.14),0px 1px 18px 0px rgba(0,0,0,0.12);"
        >
          <div
            class="MuiStack-root css-b7ecr8-MuiStack-root"
          >
            <button
              class="MuiButtonBase-root MuiButton-root MuiButton-contained MuiButton-containedSecondary MuiButton-sizeLarge MuiButton-containedSizeLarge MuiButton-colorSecondary MuiButton-fullWidth MuiButton-root MuiButton-contained MuiButton-containedSecondary MuiButton-sizeLarge MuiButton-containedSizeLarge MuiButton-colorSecondary MuiButton-fullWidth css-15p6n6q-MuiButtonBase-root-MuiButton-root"
              data-testid="handoff-footer-quicknote"
              tabindex="0"
              type="button"
            >
              <span
                class="MuiButton-icon MuiButton-startIcon MuiButton-iconSizeLarge css-hev6se-MuiButton-startIcon"
              >
                <svg
                  aria-hidden="true"
                  class="MuiSvgIcon-root MuiSvgIcon-fontSizeMedium css-1umw9bq-MuiSvgIcon-root"
                  data-testid="EditNoteIcon"
                  focusable="false"
                  viewBox="0 0 24 24"
                >
                  <path
                    d="M3 10h11v2H3zm0-2h11V6H3zm0 8h7v-2H3zm15.01-3.13.71-.71c.39-.39 1.02-.39 1.41 0l.71.71c.39.39.39 1.02 0 1.41l-.71.71zm-.71.71-5.3 5.3V21h2.12l5.3-5.3z"
                  />
                </svg>
              </span>
              今すぐ申し送り
            </button>
            <a
              class="MuiButtonBase-root MuiButton-root MuiButton-contained MuiButton-containedInfo MuiButton-sizeLarge MuiButton-containedSizeLarge MuiButton-colorInfo MuiButton-fullWidth MuiButton-root MuiButton-contained MuiButton-containedInfo MuiButton-sizeLarge MuiButton-containedSizeLarge MuiButton-colorInfo MuiButton-fullWidth css-1h9i99u-MuiButtonBase-root-MuiButton-root"
              data-testid="footer-action-daily-attendance"
              href="/daily/attendance"
              tabindex="0"
            >
              通所管理
            </a>
            <a
              class="MuiButtonBase-root MuiButton-root MuiButton-contained MuiButton-containedPrimary MuiButton-sizeLarge MuiButton-containedSizeLarge MuiButton-colorPrimary MuiButton-fullWidth MuiButton-root MuiButton-contained MuiButton-containedPrimary MuiButton-sizeLarge MuiButton-containedSizeLarge MuiButton-colorPrimary MuiButton-fullWidth css-9i5bd4-MuiButtonBase-root-MuiButton-root"
              data-testid="footer-action-daily-activity"
              href="/daily/activity"
              tabindex="0"
            >
              支援記録（ケース記録）入力
            </a>
            <a
              class="MuiButtonBase-root MuiButton-root MuiButton-outlined MuiButton-outlinedPrimary MuiButton-sizeLarge MuiButton-outlinedSizeLarge MuiButton-colorPrimary MuiButton-fullWidth MuiButton-root MuiButton-outlined MuiButton-outlinedPrimary MuiButton-sizeLarge MuiButton-outlinedSizeLarge MuiButton-colorPrimary MuiButton-fullWidth css-13di261-MuiButtonBase-root-MuiButton-root"
              data-testid="daily-footer-support"
              href="/daily/support"
              tabindex="0"
            >
              支援手順記録入力
            </a>
            <a
              class="MuiButtonBase-root MuiButton-root MuiButton-outlined MuiButton-outlinedSecondary MuiButton-sizeLarge MuiButton-outlinedSizeLarge MuiButton-colorSecondary MuiButton-fullWidth MuiButton-root MuiButton-outlined MuiButton-outlinedSecondary MuiButton-sizeLarge MuiButton-outlinedSizeLarge MuiButton-colorSecondary MuiButton-fullWidth css-4xzl9k-MuiButtonBase-root-MuiButton-root"
              data-testid="daily-footer-health"
              href="/daily/health"
              tabindex="0"
            >
              健康記録
            </a>
          </div>
        </div>
      </div>
    </footer>
  </div>
  <div
    aria-live="polite"
    data-testid="live-polite"
    role="status"
    style="position: absolute; width: 1px; height: 1px; clip-path: inset(50%); overflow: hidden;"
  />
  <div
    aria-live="assertive"
    data-testid="live-assertive"
    role="status"
    style="position: absolute; width: 1px; height: 1px; clip-path: inset(50%); overflow: hidden;"
  />
  <div
    aria-atomic="true"
    aria-live="polite"
    class="fixed bottom-4 right-4 z-50 space-y-2"
    data-testid="toast-announcer"
    role="status"
  />
</div>
`;
